[2026-05-31 14:18:56] Run ID:     20260531_1418_12c442bc
[2026-05-31 14:18:56] Artifacts:  /home/vegorov/Repos/eeg_jepa_research/artifacts/liu2024-source-mat-sjepa-prelocal/20260531_1418_12c442bc
[2026-05-31 14:18:56] Config:     /home/vegorov/Repos/eeg_jepa_research/artifacts/liu2024-source-mat-sjepa-prelocal/20260531_1418_12c442bc/config.json
[2026-05-31 14:18:56] Using device: cpu
[2026-05-31 14:18:56] Seed initialized: 2026
[2026-05-31 14:18:57] Configured preprocessing pipeline:
[2026-05-31 14:18:57]   - [ON] source::select_eeg_channels | - select Liu EEG channels, drop CPz reference, EOG, and marker before model input
[2026-05-31 14:18:57]   - [ON] source::demean | mode=baseline_window_mean | baseline_window_s=[0.0, 2.0]
[2026-05-31 14:18:57]   - [off] source::detrend | mode=none
[2026-05-31 14:18:57]   - [off] source::eog_correction | mode=none
[2026-05-31 14:18:57]   - [off] source::artifact_clipping | mode=none | percentile=99.5
[2026-05-31 14:18:57]   - [ON] mne_raw::reference | timing=before_resample_filter | mode=average
[2026-05-31 14:18:57]   - [ON] mne_raw::resample | sfreq=128
[2026-05-31 14:18:57]   - [ON] mne_raw::bandpass_filter | l_freq=0.5 | h_freq=40.0 | method=iir | phase=zero | fir_design=firwin | iir_params={'ftype': 'butter', 'order': 2}
[2026-05-31 14:18:57]   - [off] mne_raw::notch_filter | timing=after_bandpass
[2026-05-31 14:18:57]   - [ON] window::crop_fixed_mi_window | start_s=1 | target_window_samples=537
[2026-05-31 14:18:57]   - [off] window::bad_trial_rejection
[2026-05-31 14:18:57]   - [off] split::fold_safe_normalization | mode=none
[2026-05-31 14:18:57] Source extract dir: /home/vegorov/Repos/eeg_jepa_research/liu2024_data/liu2024_figshare/sourcedata
[2026-05-31 14:18:57] Found 50 .mat files
[2026-05-31 14:18:57] MAT structure preview saved to: /home/vegorov/Repos/eeg_jepa_research/artifacts/liu2024-source-mat-sjepa-prelocal/20260531_1418_12c442bc/mat_structure_preview_first_subject.csv
[2026-05-31 14:19:03] Subjects loaded: [1, 2, 3, 4, 5, 6, 7, 8, 9, 10, 11, 12, 13, 14, 15, 16, 17, 18, 19, 20, 21, 22, 23, 24, 25, 26, 27, 28, 29, 30, 31, 32, 33, 34, 35, 36, 37, 38, 39, 40, 41, 42, 43, 44, 45, 46, 47, 48, 49, 50]
[2026-05-31 14:19:03] Subject inventory saved to: /home/vegorov/Repos/eeg_jepa_research/artifacts/liu2024-source-mat-sjepa-prelocal/20260531_1418_12c442bc/subject_inventory.csv
[2026-05-31 14:19:17] X_ALL shape: (2000, 29, 537) | Y_ALL counts: [1000, 1000]
[2026-05-31 14:19:17] Preprocessing steps used:
[2026-05-31 14:19:17]   - select 29 EEG channels; drop CPz source reference, EOG, and marker
[2026-05-31 14:19:17]   - source demean: subtract baseline mean [0.0, 2.0]s
[2026-05-31 14:19:17]   - source detrend skipped
[2026-05-31 14:19:17]   - EOG correction skipped
[2026-05-31 14:19:17]   - source artifact clipping skipped
[2026-05-31 14:19:17]   - convert source microvolts to MNE volts
[2026-05-31 14:19:17]   - average reference at before resample/filter
[2026-05-31 14:19:17]   - resample to 128 Hz
[2026-05-31 14:19:17]   - IIR bandpass 0.5–40.0 Hz | params={'ftype': 'butter', 'order': 2}
[2026-05-31 14:19:17]   - convert MNE volts to model microvolts
[2026-05-31 14:19:17]   - crop fixed window samples [128:665]
[2026-05-31 14:19:17]   - bad-trial rejection skipped
[2026-05-31 14:19:17] Window summary saved to: /home/vegorov/Repos/eeg_jepa_research/artifacts/liu2024-source-mat-sjepa-prelocal/20260531_1418_12c442bc/window_counts_by_subject.csv
[2026-05-31 14:19:17] ======================================================================
[2026-05-31 14:19:17] STARTING WITHIN-SUBJECT EVALUATION
[2026-05-31 14:19:17] ======================================================================
[2026-05-31 14:19:17] Experiment:    hpgrid537_bs4_lr0p0003_clip2_start1_test0p4_iir_baseline_window_mean
[2026-05-31 14:19:17] Subjects:      ['1', '2', '3', '4', '5', '6', '7', '8', '9', '10', '11', '12', '13', '14', '15', '16', '17', '18', '19', '20', '21', '22', '23', '24', '25', '26', '27', '28', '29', '30', '31', '32', '33', '34', '35', '36', '37', '38', '39', '40', '41', '42', '43', '44', '45', '46', '47', '48', '49', '50']
[2026-05-31 14:19:17] Model:         SignalJEPA_PreLocal
[2026-05-31 14:19:17] Pretrained:    from_pretrained
[2026-05-31 14:19:17] Strategy:      new
[2026-05-31 14:19:17] Preprocessing: demean=baseline_window_mean | detrend=none | eog=none | clip=none | ref=average@before_resample_filter | resample=True->128 | filter=True 0.5–40.0 iir
[2026-05-31 14:19:17] Normalization: none | reject_bad_trials=False
[2026-05-31 14:19:17] Evaluation:    stratified_kfold | cv_folds=5 | n_repeats=10 | test_size=0.4
[2026-05-31 14:19:17] Seed:          base=2026 | cv=2026 | split=2026 | val=2026
[2026-05-31 14:19:17] Window:        start=1s | samples=537 | duration=4.1953s | effective sfreq=128.0
[2026-05-31 14:19:17] Optimizer:     adam | lr=0.0003 | wd=0.0
[2026-05-31 14:19:17] Augmentation:  noise=0.0 | shift=0 | ch_drop=0.0
[2026-05-31 14:19:17] Val split:     0.2
[2026-05-31 14:19:17] Max epochs:    5000 | patience=50
[2026-05-31 14:19:17] Device:        cpu
[2026-05-31 14:19:17] ======================================================================
[2026-05-31 14:19:17] \nSubject 1: 40 windows | class_counts=[20, 20]

[2026-05-31 14:19:17] Fold 1/5 | subject=1
[2026-05-31 14:19:17]     Train: 32 | counts=[16, 16]
[2026-05-31 14:19:17]     Test:  8 | counts=[4, 4]
[2026-05-31 14:19:17]     Model: SignalJEPA_PreLocal | Pretrained: from_pretrained | Strategy: new
[2026-05-31 14:19:17]     Normalization: none | fit_scope=none
[2026-05-31 14:19:17]     Phase 1 (new): 2,170/16,010 params
[2026-05-31 14:19:37]     Result | best_epoch=1108 | stop=1158 | final_phase_epochs=1158 | acc=0.3750 | bal_acc=0.3750 | pred_hist=[3, 5] | collapse=False
[2026-05-31 14:19:37]     spatial_conv=[4, 29] top_abs_channels=[('TP7', 0.23004547), ('FC4', 0.19226922), ('Cz', 0.18296406), ('FT7', 0.14244978), ('C4', 0.13181555), ('TP8', 0.12264639), ('CP4', 0.11123712), ('T3', 0.10881402)]
[2026-05-31 14:19:37]     spatial_update=delta_l2=1.35929702 max_abs=0.36171356 relative=1.13893649 changed=True

[2026-05-31 14:19:38] Fold 2/5 | subject=1
[2026-05-31 14:19:38]     Train: 32 | counts=[16, 16]
[2026-05-31 14:19:38]     Test:  8 | counts=[4, 4]
[2026-05-31 14:19:38]     Model: SignalJEPA_PreLocal | Pretrained: from_pretrained | Strategy: new
[2026-05-31 14:19:38]     Normalization: none | fit_scope=none
[2026-05-31 14:19:38]     Phase 1 (new): 2,170/16,010 params
[2026-05-31 14:19:39]     Result | best_epoch=1 | stop=51 | final_phase_epochs=51 | acc=0.5000 | bal_acc=0.5000 | pred_hist=[0, 8] | collapse=True
[2026-05-31 14:19:39]     spatial_conv=[4, 29] top_abs_channels=[('Pz', 0.15322822), ('O2', 0.1434432), ('T3', 0.12642328), ('O1', 0.12241815), ('T4', 0.12198001), ('CP3', 0.12122117), ('C3', 0.1150506), ('CP4', 0.11117993)]
[2026-05-31 14:19:39]     spatial_update=delta_l2=0.00779443 max_abs=0.00156046 relative=0.00653085 changed=True

[2026-05-31 14:19:39] Fold 3/5 | subject=1
[2026-05-31 14:19:39]     Train: 32 | counts=[16, 16]
[2026-05-31 14:19:39]     Test:  8 | counts=[4, 4]
[2026-05-31 14:19:39]     Model: SignalJEPA_PreLocal | Pretrained: from_pretrained | Strategy: new
[2026-05-31 14:19:39]     Normalization: none | fit_scope=none
[2026-05-31 14:19:39]     Phase 1 (new): 2,170/16,010 params
[2026-05-31 14:19:40]     Result | best_epoch=22 | stop=71 | final_phase_epochs=71 | acc=0.2500 | bal_acc=0.2500 | pred_hist=[2, 6] | collapse=False
[2026-05-31 14:19:40]     spatial_conv=[4, 29] top_abs_channels=[('Pz', 0.14933178), ('O2', 0.14087594), ('T3', 0.13029541), ('CP3', 0.13011265), ('O1', 0.1215428), ('T4', 0.1190858), ('Fp1', 0.10914241), ('C3', 0.10697387)]
[2026-05-31 14:19:40]     spatial_update=delta_l2=0.12015596 max_abs=0.02939030 relative=0.10067705 changed=True

[2026-05-31 14:19:41] Fold 4/5 | subject=1
[2026-05-31 14:19:41]     Train: 32 | counts=[16, 16]
[2026-05-31 14:19:41]     Test:  8 | counts=[4, 4]
[2026-05-31 14:19:41]     Model: SignalJEPA_PreLocal | Pretrained: from_pretrained | Strategy: new
[2026-05-31 14:19:41]     Normalization: none | fit_scope=none
[2026-05-31 14:19:41]     Phase 1 (new): 2,170/16,010 params
[2026-05-31 14:19:48]     Result | best_epoch=408 | stop=458 | final_phase_epochs=458 | acc=0.6250 | bal_acc=0.6250 | pred_hist=[5, 3] | collapse=False
[2026-05-31 14:19:48]     spatial_conv=[4, 29] top_abs_channels=[('Cz', 0.18731757), ('C4', 0.17939107), ('O2', 0.15315112), ('FC4', 0.13733472), ('F7', 0.13201652), ('C3', 0.12844996), ('FT7', 0.1258795), ('CP4', 0.12253578)]
[2026-05-31 14:19:48]     spatial_update=delta_l2=1.13645153 max_abs=0.32232062 relative=0.95221729 changed=True

[2026-05-31 14:19:49] Fold 5/5 | subject=1
[2026-05-31 14:19:49]     Train: 32 | counts=[16, 16]
[2026-05-31 14:19:49]     Test:  8 | counts=[4, 4]
[2026-05-31 14:19:49]     Model: SignalJEPA_PreLocal | Pretrained: from_pretrained | Strategy: new
[2026-05-31 14:19:49]     Normalization: none | fit_scope=none
[2026-05-31 14:19:49]     Phase 1 (new): 2,170/16,010 params
[2026-05-31 14:19:50]     Result | best_epoch=22 | stop=71 | final_phase_epochs=71 | acc=0.6250 | bal_acc=0.6250 | pred_hist=[3, 5] | collapse=False
[2026-05-31 14:19:50]     spatial_conv=[4, 29] top_abs_channels=[('Pz', 0.14513277), ('O2', 0.14340174), ('CP3', 0.13683416), ('T3', 0.12841709), ('T4', 0.12074289), ('O1', 0.1192584), ('P3', 0.11625291), ('CP4', 0.11122842)]
[2026-05-31 14:19:50]     spatial_update=delta_l2=0.12782227 max_abs=0.02983254 relative=0.10710054 changed=True
[2026-05-31 14:19:50]   Subject 1: acc=0.4750±0.1458  bal_acc=0.4750±0.1458
[2026-05-31 14:19:50] \nSubject 2: 40 windows | class_counts=[20, 20]

[2026-05-31 14:19:51] Fold 1/5 | subject=2
[2026-05-31 14:19:51]     Train: 32 | counts=[16, 16]
[2026-05-31 14:19:51]     Test:  8 | counts=[4, 4]
[2026-05-31 14:19:51]     Model: SignalJEPA_PreLocal | Pretrained: from_pretrained | Strategy: new
[2026-05-31 14:19:51]     Normalization: none | fit_scope=none
[2026-05-31 14:19:51]     Phase 1 (new): 2,170/16,010 params
[2026-05-31 14:19:52]     Result | best_epoch=1 | stop=51 | final_phase_epochs=51 | acc=0.5000 | bal_acc=0.5000 | pred_hist=[0, 8] | collapse=True
[2026-05-31 14:19:52]     spatial_conv=[4, 29] top_abs_channels=[('Pz', 0.15292558), ('O2', 0.14385033), ('T3', 0.12727198), ('T4', 0.12211928), ('O1', 0.12183619), ('CP3', 0.12089527), ('C3', 0.11481683), ('CP4', 0.11146345)]
[2026-05-31 14:19:52]     spatial_update=delta_l2=0.00891548 max_abs=0.00152646 relative=0.00747016 changed=True

[2026-05-31 14:19:52] Fold 2/5 | subject=2
[2026-05-31 14:19:52]     Train: 32 | counts=[16, 16]
[2026-05-31 14:19:52]     Test:  8 | counts=[4, 4]
[2026-05-31 14:19:52]     Model: SignalJEPA_PreLocal | Pretrained: from_pretrained | Strategy: new
[2026-05-31 14:19:52]     Normalization: none | fit_scope=none
[2026-05-31 14:19:52]     Phase 1 (new): 2,170/16,010 params
[2026-05-31 14:19:53]     Result | best_epoch=1 | stop=51 | final_phase_epochs=51 | acc=0.5000 | bal_acc=0.5000 | pred_hist=[0, 8] | collapse=True
[2026-05-31 14:19:53]     spatial_conv=[4, 29] top_abs_channels=[('Pz', 0.15277001), ('O2', 0.14451888), ('T3', 0.12657556), ('O1', 0.1221244), ('T4', 0.12179784), ('CP3', 0.12083913), ('C3', 0.11478098), ('CP4', 0.11107208)]
[2026-05-31 14:19:53]     spatial_update=delta_l2=0.00896149 max_abs=0.00153454 relative=0.00750871 changed=True

[2026-05-31 14:19:54] Fold 3/5 | subject=2
[2026-05-31 14:19:54]     Train: 32 | counts=[16, 16]
[2026-05-31 14:19:54]     Test:  8 | counts=[4, 4]
[2026-05-31 14:19:54]     Model: SignalJEPA_PreLocal | Pretrained: from_pretrained | Strategy: new
[2026-05-31 14:19:54]     Normalization: none | fit_scope=none
[2026-05-31 14:19:54]     Phase 1 (new): 2,170/16,010 params
[2026-05-31 14:19:54]     Result | best_epoch=1 | stop=51 | final_phase_epochs=51 | acc=0.5000 | bal_acc=0.5000 | pred_hist=[0, 8] | collapse=True
[2026-05-31 14:19:54]     spatial_conv=[4, 29] top_abs_channels=[('Pz', 0.15364385), ('O2', 0.14345746), ('T3', 0.12714958), ('O1', 0.12206303), ('T4', 0.12161756), ('CP3', 0.12095335), ('C3', 0.11517417), ('CP4', 0.11160357)]
[2026-05-31 14:19:54]     spatial_update=delta_l2=0.00960464 max_abs=0.00170843 relative=0.00804760 changed=True

[2026-05-31 14:19:55] Fold 4/5 | subject=2
[2026-05-31 14:19:55]     Train: 32 | counts=[16, 16]
[2026-05-31 14:19:55]     Test:  8 | counts=[4, 4]
[2026-05-31 14:19:55]     Model: SignalJEPA_PreLocal | Pretrained: from_pretrained | Strategy: new
[2026-05-31 14:19:55]     Normalization: none | fit_scope=none
[2026-05-31 14:19:55]     Phase 1 (new): 2,170/16,010 params
[2026-05-31 14:19:56]     Result | best_epoch=1 | stop=51 | final_phase_epochs=51 | acc=0.5000 | bal_acc=0.5000 | pred_hist=[0, 8] | collapse=True
[2026-05-31 14:19:56]     spatial_conv=[4, 29] top_abs_channels=[('Pz', 0.15375984), ('O2', 0.14351436), ('T3', 0.12716007), ('T4', 0.12181653), ('O1', 0.12179533), ('CP3', 0.1208236), ('C3', 0.1155618), ('CP4', 0.11193836)]
[2026-05-31 14:19:56]     spatial_update=delta_l2=0.00865965 max_abs=0.00167872 relative=0.00725580 changed=True

[2026-05-31 14:19:56] Fold 5/5 | subject=2
[2026-05-31 14:19:56]     Train: 32 | counts=[16, 16]
[2026-05-31 14:19:56]     Test:  8 | counts=[4, 4]
[2026-05-31 14:19:56]     Model: SignalJEPA_PreLocal | Pretrained: from_pretrained | Strategy: new
[2026-05-31 14:19:56]     Normalization: none | fit_scope=none
[2026-05-31 14:19:56]     Phase 1 (new): 2,170/16,010 params
[2026-05-31 14:19:57]     Result | best_epoch=1 | stop=51 | final_phase_epochs=51 | acc=0.5000 | bal_acc=0.5000 | pred_hist=[0, 8] | collapse=True
[2026-05-31 14:19:57]     spatial_conv=[4, 29] top_abs_channels=[('Pz', 0.15363093), ('O2', 0.14336906), ('T3', 0.1272063), ('O1', 0.12223232), ('T4', 0.12221943), ('CP3', 0.12060197), ('C3', 0.11543694), ('CP4', 0.11163834)]
[2026-05-31 14:19:57]     spatial_update=delta_l2=0.00868214 max_abs=0.00154031 relative=0.00727464 changed=True
[2026-05-31 14:19:57]   Subject 2: acc=0.5000±0.0000  bal_acc=0.5000±0.0000
[2026-05-31 14:19:57] \nSubject 3: 40 windows | class_counts=[20, 20]

[2026-05-31 14:19:58] Fold 1/5 | subject=3
[2026-05-31 14:19:58]     Train: 32 | counts=[16, 16]
[2026-05-31 14:19:58]     Test:  8 | counts=[4, 4]
[2026-05-31 14:19:58]     Model: SignalJEPA_PreLocal | Pretrained: from_pretrained | Strategy: new
[2026-05-31 14:19:58]     Normalization: none | fit_scope=none
[2026-05-31 14:19:58]     Phase 1 (new): 2,170/16,010 params
[2026-05-31 14:20:00]     Result | best_epoch=89 | stop=139 | final_phase_epochs=139 | acc=0.3750 | bal_acc=0.3750 | pred_hist=[5, 3] | collapse=False
[2026-05-31 14:20:00]     spatial_conv=[4, 29] top_abs_channels=[('P4', 0.1590924), ('Oz', 0.15554807), ('O2', 0.15302284), ('Pz', 0.13664912), ('Fz', 0.12858784), ('CP3', 0.12206481), ('T4', 0.10952811), ('O1', 0.10015376)]
[2026-05-31 14:20:00]     spatial_update=delta_l2=0.70054804 max_abs=0.16102383 relative=0.58697968 changed=True

[2026-05-31 14:20:00] Fold 2/5 | subject=3
[2026-05-31 14:20:00]     Train: 32 | counts=[16, 16]
[2026-05-31 14:20:00]     Test:  8 | counts=[4, 4]
[2026-05-31 14:20:00]     Model: SignalJEPA_PreLocal | Pretrained: from_pretrained | Strategy: new
[2026-05-31 14:20:00]     Normalization: none | fit_scope=none
[2026-05-31 14:20:00]     Phase 1 (new): 2,170/16,010 params
[2026-05-31 14:20:20]     Result | best_epoch=1069 | stop=1119 | final_phase_epochs=1119 | acc=0.7500 | bal_acc=0.7500 | pred_hist=[6, 2] | collapse=False
[2026-05-31 14:20:20]     spatial_conv=[4, 29] top_abs_channels=[('P3', 0.21241254), ('TP7', 0.16353151), ('Pz', 0.16193667), ('FC3', 0.14222226), ('CP3', 0.13843748), ('P4', 0.13665658), ('C3', 0.11697549), ('CP4', 0.1126892)]
[2026-05-31 14:20:20]     spatial_update=delta_l2=1.31142807 max_abs=0.31196028 relative=1.09882775 changed=True

[2026-05-31 14:20:21] Fold 3/5 | subject=3
[2026-05-31 14:20:21]     Train: 32 | counts=[16, 16]
[2026-05-31 14:20:21]     Test:  8 | counts=[4, 4]
[2026-05-31 14:20:21]     Model: SignalJEPA_PreLocal | Pretrained: from_pretrained | Strategy: new
[2026-05-31 14:20:21]     Normalization: none | fit_scope=none
[2026-05-31 14:20:21]     Phase 1 (new): 2,170/16,010 params
[2026-05-31 14:20:21]     Result | best_epoch=1 | stop=51 | final_phase_epochs=51 | acc=0.5000 | bal_acc=0.5000 | pred_hist=[0, 8] | collapse=True
[2026-05-31 14:20:21]     spatial_conv=[4, 29] top_abs_channels=[('Pz', 0.15247485), ('O2', 0.14378026), ('T3', 0.12676838), ('T4', 0.12166957), ('CP3', 0.12138301), ('O1', 0.12134729), ('C3', 0.11467791), ('CP4', 0.11081808)]
[2026-05-31 14:20:21]     spatial_update=delta_l2=0.00909266 max_abs=0.00167595 relative=0.00761862 changed=True

[2026-05-31 14:20:22] Fold 4/5 | subject=3
[2026-05-31 14:20:22]     Train: 32 | counts=[16, 16]
[2026-05-31 14:20:22]     Test:  8 | counts=[4, 4]
[2026-05-31 14:20:22]     Model: SignalJEPA_PreLocal | Pretrained: from_pretrained | Strategy: new
[2026-05-31 14:20:22]     Normalization: none | fit_scope=none
[2026-05-31 14:20:22]     Phase 1 (new): 2,170/16,010 params
[2026-05-31 14:20:23]     Result | best_epoch=1 | stop=51 | final_phase_epochs=51 | acc=0.5000 | bal_acc=0.5000 | pred_hist=[0, 8] | collapse=True
[2026-05-31 14:20:23]     spatial_conv=[4, 29] top_abs_channels=[('Pz', 0.15338728), ('O2', 0.14376915), ('T3', 0.12633462), ('O1', 0.12260107), ('T4', 0.12185051), ('CP3', 0.12086519), ('C3', 0.11501305), ('CP4', 0.11050098)]
[2026-05-31 14:20:23]     spatial_update=delta_l2=0.00919109 max_abs=0.00174435 relative=0.00770109 changed=True

[2026-05-31 14:20:23] Fold 5/5 | subject=3
[2026-05-31 14:20:23]     Train: 32 | counts=[16, 16]
[2026-05-31 14:20:23]     Test:  8 | counts=[4, 4]
[2026-05-31 14:20:23]     Model: SignalJEPA_PreLocal | Pretrained: from_pretrained | Strategy: new
[2026-05-31 14:20:23]     Normalization: none | fit_scope=none
[2026-05-31 14:20:23]     Phase 1 (new): 2,170/16,010 params
[2026-05-31 14:20:24]     Result | best_epoch=1 | stop=51 | final_phase_epochs=51 | acc=0.5000 | bal_acc=0.5000 | pred_hist=[0, 8] | collapse=True
[2026-05-31 14:20:24]     spatial_conv=[4, 29] top_abs_channels=[('Pz', 0.15274376), ('O2', 0.14373444), ('T3', 0.12640479), ('T4', 0.122602), ('O1', 0.12208353), ('CP3', 0.12107389), ('C3', 0.11490341), ('CP4', 0.11051664)]
[2026-05-31 14:20:24]     spatial_update=delta_l2=0.00886577 max_abs=0.00169645 relative=0.00742850 changed=True
[2026-05-31 14:20:24]   Subject 3: acc=0.5250±0.1225  bal_acc=0.5250±0.1225
[2026-05-31 14:20:24] \nSubject 4: 40 windows | class_counts=[20, 20]

[2026-05-31 14:20:25] Fold 1/5 | subject=4
[2026-05-31 14:20:25]     Train: 32 | counts=[16, 16]
[2026-05-31 14:20:25]     Test:  8 | counts=[4, 4]
[2026-05-31 14:20:25]     Model: SignalJEPA_PreLocal | Pretrained: from_pretrained | Strategy: new
[2026-05-31 14:20:25]     Normalization: none | fit_scope=none
[2026-05-31 14:20:25]     Phase 1 (new): 2,170/16,010 params
[2026-05-31 14:20:26]     Result | best_epoch=1 | stop=51 | final_phase_epochs=51 | acc=0.5000 | bal_acc=0.5000 | pred_hist=[0, 8] | collapse=True
[2026-05-31 14:20:26]     spatial_conv=[4, 29] top_abs_channels=[('Pz', 0.15279986), ('O2', 0.14373845), ('T3', 0.12634803), ('O1', 0.12283403), ('T4', 0.12212334), ('CP3', 0.12138216), ('C3', 0.11507717), ('CP4', 0.11127181)]
[2026-05-31 14:20:26]     spatial_update=delta_l2=0.01034567 max_abs=0.00168475 relative=0.00866850 changed=True

[2026-05-31 14:20:26] Fold 2/5 | subject=4
[2026-05-31 14:20:26]     Train: 32 | counts=[16, 16]
[2026-05-31 14:20:26]     Test:  8 | counts=[4, 4]
[2026-05-31 14:20:26]     Model: SignalJEPA_PreLocal | Pretrained: from_pretrained | Strategy: new
[2026-05-31 14:20:26]     Normalization: none | fit_scope=none
[2026-05-31 14:20:26]     Phase 1 (new): 2,170/16,010 params
[2026-05-31 14:20:29]     Result | best_epoch=94 | stop=144 | final_phase_epochs=144 | acc=0.6250 | bal_acc=0.6250 | pred_hist=[3, 5] | collapse=False
[2026-05-31 14:20:29]     spatial_conv=[4, 29] top_abs_channels=[('O2', 0.19332866), ('CP3', 0.15789646), ('T4', 0.13631357), ('Fz', 0.1278404), ('Pz', 0.12735759), ('T6', 0.1216143), ('O1', 0.1187016), ('FCz', 0.10110111)]
[2026-05-31 14:20:29]     spatial_update=delta_l2=0.52135055 max_abs=0.11973858 relative=0.43683254 changed=True

[2026-05-31 14:20:29] Fold 3/5 | subject=4
[2026-05-31 14:20:29]     Train: 32 | counts=[16, 16]
[2026-05-31 14:20:29]     Test:  8 | counts=[4, 4]
[2026-05-31 14:20:29]     Model: SignalJEPA_PreLocal | Pretrained: from_pretrained | Strategy: new
[2026-05-31 14:20:29]     Normalization: none | fit_scope=none
[2026-05-31 14:20:29]     Phase 1 (new): 2,170/16,010 params
[2026-05-31 14:20:58]     Result | best_epoch=1369 | stop=1419 | final_phase_epochs=1419 | acc=0.5000 | bal_acc=0.5000 | pred_hist=[4, 4] | collapse=False
[2026-05-31 14:20:58]     spatial_conv=[4, 29] top_abs_channels=[('T6', 0.20683324), ('Cz', 0.18447444), ('Fz', 0.16202067), ('CP3', 0.15019634), ('Pz', 0.14909434), ('TP8', 0.13177189), ('C4', 0.12538946), ('O1', 0.12326492)]
[2026-05-31 14:20:58]     spatial_update=delta_l2=1.38885149 max_abs=0.44545463 relative=1.16369978 changed=True

[2026-05-31 14:20:58] Fold 4/5 | subject=4
[2026-05-31 14:20:58]     Train: 32 | counts=[16, 16]
[2026-05-31 14:20:58]     Test:  8 | counts=[4, 4]
[2026-05-31 14:20:58]     Model: SignalJEPA_PreLocal | Pretrained: from_pretrained | Strategy: new
[2026-05-31 14:20:58]     Normalization: none | fit_scope=none
[2026-05-31 14:20:58]     Phase 1 (new): 2,170/16,010 params
[2026-05-31 14:21:27]     Result | best_epoch=1574 | stop=1624 | final_phase_epochs=1624 | acc=0.5000 | bal_acc=0.5000 | pred_hist=[8, 0] | collapse=True
[2026-05-31 14:21:27]     spatial_conv=[4, 29] top_abs_channels=[('CP4', 0.21877307), ('P3', 0.20711723), ('Cz', 0.1720514), ('Fz', 0.16861236), ('Pz', 0.1545846), ('C3', 0.14384568), ('FC4', 0.12404706), ('C4', 0.12392759)]
[2026-05-31 14:21:27]     spatial_update=delta_l2=1.42840897 max_abs=0.46126942 relative=1.19684446 changed=True

[2026-05-31 14:21:28] Fold 5/5 | subject=4
[2026-05-31 14:21:28]     Train: 32 | counts=[16, 16]
[2026-05-31 14:21:28]     Test:  8 | counts=[4, 4]
[2026-05-31 14:21:28]     Model: SignalJEPA_PreLocal | Pretrained: from_pretrained | Strategy: new
[2026-05-31 14:21:28]     Normalization: none | fit_scope=none
[2026-05-31 14:21:28]     Phase 1 (new): 2,170/16,010 params
[2026-05-31 14:21:29]     Result | best_epoch=1 | stop=51 | final_phase_epochs=51 | acc=0.5000 | bal_acc=0.5000 | pred_hist=[0, 8] | collapse=True
[2026-05-31 14:21:29]     spatial_conv=[4, 29] top_abs_channels=[('Pz', 0.15247159), ('O2', 0.14397931), ('T3', 0.12662175), ('O1', 0.12263259), ('T4', 0.12208977), ('CP3', 0.12188014), ('C3', 0.11492223), ('CP4', 0.11132593)]
[2026-05-31 14:21:29]     spatial_update=delta_l2=0.01025629 max_abs=0.00164613 relative=0.00859361 changed=True
[2026-05-31 14:21:29]   Subject 4: acc=0.5250±0.0500  bal_acc=0.5250±0.0500
[2026-05-31 14:21:29] \nSubject 5: 40 windows | class_counts=[20, 20]

[2026-05-31 14:21:29] Fold 1/5 | subject=5
[2026-05-31 14:21:29]     Train: 32 | counts=[16, 16]
[2026-05-31 14:21:29]     Test:  8 | counts=[4, 4]
[2026-05-31 14:21:29]     Model: SignalJEPA_PreLocal | Pretrained: from_pretrained | Strategy: new
[2026-05-31 14:21:29]     Normalization: none | fit_scope=none
[2026-05-31 14:21:29]     Phase 1 (new): 2,170/16,010 params
[2026-05-31 14:21:30]     Result | best_epoch=1 | stop=51 | final_phase_epochs=51 | acc=0.5000 | bal_acc=0.5000 | pred_hist=[0, 8] | collapse=True
[2026-05-31 14:21:30]     spatial_conv=[4, 29] top_abs_channels=[('Pz', 0.15320452), ('O2', 0.14440177), ('T3', 0.12650904), ('O1', 0.12234358), ('T4', 0.12179177), ('CP3', 0.12123376), ('C3', 0.11551099), ('CP4', 0.11069889)]
[2026-05-31 14:21:30]     spatial_update=delta_l2=0.00892850 max_abs=0.00170849 relative=0.00748107 changed=True

[2026-05-31 14:21:31] Fold 2/5 | subject=5
[2026-05-31 14:21:31]     Train: 32 | counts=[16, 16]
[2026-05-31 14:21:31]     Test:  8 | counts=[4, 4]
[2026-05-31 14:21:31]     Model: SignalJEPA_PreLocal | Pretrained: from_pretrained | Strategy: new
[2026-05-31 14:21:31]     Normalization: none | fit_scope=none
[2026-05-31 14:21:31]     Phase 1 (new): 2,170/16,010 params
[2026-05-31 14:21:32]     Result | best_epoch=1 | stop=51 | final_phase_epochs=51 | acc=0.5000 | bal_acc=0.5000 | pred_hist=[0, 8] | collapse=True
[2026-05-31 14:21:32]     spatial_conv=[4, 29] top_abs_channels=[('Pz', 0.15248135), ('O2', 0.14394303), ('T3', 0.12710904), ('T4', 0.12240549), ('O1', 0.12173354), ('CP3', 0.12081099), ('C3', 0.11539322), ('CP4', 0.11088402)]
[2026-05-31 14:21:32]     spatial_update=delta_l2=0.00919307 max_abs=0.00161738 relative=0.00770274 changed=True

[2026-05-31 14:21:32] Fold 3/5 | subject=5
[2026-05-31 14:21:32]     Train: 32 | counts=[16, 16]
[2026-05-31 14:21:32]     Test:  8 | counts=[4, 4]
[2026-05-31 14:21:32]     Model: SignalJEPA_PreLocal | Pretrained: from_pretrained | Strategy: new
[2026-05-31 14:21:32]     Normalization: none | fit_scope=none
[2026-05-31 14:21:32]     Phase 1 (new): 2,170/16,010 params
[2026-05-31 14:22:06]     Result | best_epoch=1856 | stop=1906 | final_phase_epochs=1906 | acc=0.5000 | bal_acc=0.5000 | pred_hist=[2, 6] | collapse=False
[2026-05-31 14:22:06]     spatial_conv=[4, 29] top_abs_channels=[('TP8', 0.17032008), ('CP4', 0.1566963), ('Fp1', 0.13699633), ('F4', 0.12252771), ('FCz', 0.11040405), ('TP7', 0.10575839), ('T3', 0.10198839), ('Pz', 0.10178916)]
[2026-05-31 14:22:06]     spatial_update=delta_l2=1.09389383 max_abs=0.27579997 relative=0.91655877 changed=True

[2026-05-31 14:22:07] Fold 4/5 | subject=5
[2026-05-31 14:22:07]     Train: 32 | counts=[16, 16]
[2026-05-31 14:22:07]     Test:  8 | counts=[4, 4]
[2026-05-31 14:22:07]     Model: SignalJEPA_PreLocal | Pretrained: from_pretrained | Strategy: new
[2026-05-31 14:22:07]     Normalization: none | fit_scope=none
[2026-05-31 14:22:07]     Phase 1 (new): 2,170/16,010 params
[2026-05-31 14:22:09]     Result | best_epoch=110 | stop=158 | final_phase_epochs=158 | acc=0.6250 | bal_acc=0.6250 | pred_hist=[5, 3] | collapse=False
[2026-05-31 14:22:09]     spatial_conv=[4, 29] top_abs_channels=[('O2', 0.18207128), ('Pz', 0.13447727), ('C4', 0.12853703), ('Fp1', 0.12684846), ('CP4', 0.12051449), ('O1', 0.11564596), ('T5', 0.11046916), ('T4', 0.10648152)]
[2026-05-31 14:22:09]     spatial_update=delta_l2=0.70337043 max_abs=0.21119710 relative=0.58934452 changed=True

[2026-05-31 14:22:10] Fold 5/5 | subject=5
[2026-05-31 14:22:10]     Train: 32 | counts=[16, 16]
[2026-05-31 14:22:10]     Test:  8 | counts=[4, 4]
[2026-05-31 14:22:10]     Model: SignalJEPA_PreLocal | Pretrained: from_pretrained | Strategy: new
[2026-05-31 14:22:10]     Normalization: none | fit_scope=none
[2026-05-31 14:22:10]     Phase 1 (new): 2,170/16,010 params
[2026-05-31 14:22:17]     Result | best_epoch=371 | stop=421 | final_phase_epochs=421 | acc=0.5000 | bal_acc=0.5000 | pred_hist=[4, 4] | collapse=False
[2026-05-31 14:22:17]     spatial_conv=[4, 29] top_abs_channels=[('TP8', 0.19777104), ('O2', 0.14464331), ('T3', 0.14384334), ('Fp1', 0.13549265), ('FC4', 0.13219196), ('F7', 0.12073362), ('T4', 0.10883924), ('FCz', 0.10477303)]
[2026-05-31 14:22:17]     spatial_update=delta_l2=1.04550085 max_abs=0.28039603 relative=0.87601095 changed=True
[2026-05-31 14:22:17]   Subject 5: acc=0.5250±0.0500  bal_acc=0.5250±0.0500
[2026-05-31 14:22:17] \nSubject 6: 40 windows | class_counts=[20, 20]

[2026-05-31 14:22:18] Fold 1/5 | subject=6
[2026-05-31 14:22:18]     Train: 32 | counts=[16, 16]
[2026-05-31 14:22:18]     Test:  8 | counts=[4, 4]
[2026-05-31 14:22:18]     Model: SignalJEPA_PreLocal | Pretrained: from_pretrained | Strategy: new
[2026-05-31 14:22:18]     Normalization: none | fit_scope=none
[2026-05-31 14:22:18]     Phase 1 (new): 2,170/16,010 params
[2026-05-31 14:22:19]     Result | best_epoch=1 | stop=51 | final_phase_epochs=51 | acc=0.5000 | bal_acc=0.5000 | pred_hist=[0, 8] | collapse=True
[2026-05-31 14:22:19]     spatial_conv=[4, 29] top_abs_channels=[('Pz', 0.15210079), ('O2', 0.14412236), ('T3', 0.12619713), ('O1', 0.12231126), ('CP3', 0.12188883), ('T4', 0.12113195), ('C3', 0.11521698), ('CP4', 0.11085061)]
[2026-05-31 14:22:19]     spatial_update=delta_l2=0.00941800 max_abs=0.00174383 relative=0.00789121 changed=True

[2026-05-31 14:22:19] Fold 2/5 | subject=6
[2026-05-31 14:22:19]     Train: 32 | counts=[16, 16]
[2026-05-31 14:22:19]     Test:  8 | counts=[4, 4]
[2026-05-31 14:22:19]     Model: SignalJEPA_PreLocal | Pretrained: from_pretrained | Strategy: new
[2026-05-31 14:22:19]     Normalization: none | fit_scope=none
[2026-05-31 14:22:19]     Phase 1 (new): 2,170/16,010 params
[2026-05-31 14:22:20]     Result | best_epoch=1 | stop=51 | final_phase_epochs=51 | acc=0.6250 | bal_acc=0.6250 | pred_hist=[1, 7] | collapse=False
[2026-05-31 14:22:20]     spatial_conv=[4, 29] top_abs_channels=[('Pz', 0.15360099), ('O2', 0.14409025), ('T3', 0.12704732), ('T4', 0.12237975), ('O1', 0.12204413), ('CP3', 0.12090981), ('C3', 0.11525182), ('CP4', 0.11119364)]
[2026-05-31 14:22:20]     spatial_update=delta_l2=0.00834407 max_abs=0.00166130 relative=0.00699138 changed=True

[2026-05-31 14:22:20] Fold 3/5 | subject=6
[2026-05-31 14:22:20]     Train: 32 | counts=[16, 16]
[2026-05-31 14:22:20]     Test:  8 | counts=[4, 4]
[2026-05-31 14:22:20]     Model: SignalJEPA_PreLocal | Pretrained: from_pretrained | Strategy: new
[2026-05-31 14:22:20]     Normalization: none | fit_scope=none
[2026-05-31 14:22:20]     Phase 1 (new): 2,170/16,010 params
[2026-05-31 14:22:21]     Result | best_epoch=1 | stop=51 | final_phase_epochs=51 | acc=0.5000 | bal_acc=0.5000 | pred_hist=[0, 8] | collapse=True
[2026-05-31 14:22:21]     spatial_conv=[4, 29] top_abs_channels=[('Pz', 0.15334354), ('O2', 0.14376806), ('T3', 0.1265187), ('O1', 0.12203405), ('T4', 0.12194484), ('CP3', 0.12064259), ('C3', 0.1148636), ('CP4', 0.11088634)]
[2026-05-31 14:22:21]     spatial_update=delta_l2=0.00916857 max_abs=0.00178297 relative=0.00768222 changed=True

[2026-05-31 14:22:22] Fold 4/5 | subject=6
[2026-05-31 14:22:22]     Train: 32 | counts=[16, 16]
[2026-05-31 14:22:22]     Test:  8 | counts=[4, 4]
[2026-05-31 14:22:22]     Model: SignalJEPA_PreLocal | Pretrained: from_pretrained | Strategy: new
[2026-05-31 14:22:22]     Normalization: none | fit_scope=none
[2026-05-31 14:22:22]     Phase 1 (new): 2,170/16,010 params
[2026-05-31 14:22:23]     Result | best_epoch=1 | stop=51 | final_phase_epochs=51 | acc=0.5000 | bal_acc=0.5000 | pred_hist=[0, 8] | collapse=True
[2026-05-31 14:22:23]     spatial_conv=[4, 29] top_abs_channels=[('Pz', 0.15256411), ('O2', 0.14367345), ('T3', 0.12657785), ('T4', 0.12207761), ('O1', 0.1219806), ('CP3', 0.12097802), ('C3', 0.11528673), ('CP4', 0.11071036)]
[2026-05-31 14:22:23]     spatial_update=delta_l2=0.00855802 max_abs=0.00159556 relative=0.00717065 changed=True

[2026-05-31 14:22:23] Fold 5/5 | subject=6
[2026-05-31 14:22:23]     Train: 32 | counts=[16, 16]
[2026-05-31 14:22:23]     Test:  8 | counts=[4, 4]
[2026-05-31 14:22:23]     Model: SignalJEPA_PreLocal | Pretrained: from_pretrained | Strategy: new
[2026-05-31 14:22:23]     Normalization: none | fit_scope=none
[2026-05-31 14:22:23]     Phase 1 (new): 2,170/16,010 params
[2026-05-31 14:22:24]     Result | best_epoch=1 | stop=51 | final_phase_epochs=51 | acc=0.6250 | bal_acc=0.6250 | pred_hist=[1, 7] | collapse=False
[2026-05-31 14:22:24]     spatial_conv=[4, 29] top_abs_channels=[('Pz', 0.15261546), ('O2', 0.14365199), ('T3', 0.12627107), ('T4', 0.1224416), ('O1', 0.12232953), ('CP3', 0.12128095), ('C3', 0.11497746), ('CP4', 0.11070129)]
[2026-05-31 14:22:24]     spatial_update=delta_l2=0.00960784 max_abs=0.00163525 relative=0.00805028 changed=True
[2026-05-31 14:22:24]   Subject 6: acc=0.5500±0.0612  bal_acc=0.5500±0.0612
[2026-05-31 14:22:24] \nSubject 7: 40 windows | class_counts=[20, 20]

[2026-05-31 14:22:25] Fold 1/5 | subject=7
[2026-05-31 14:22:25]     Train: 32 | counts=[16, 16]
[2026-05-31 14:22:25]     Test:  8 | counts=[4, 4]
[2026-05-31 14:22:25]     Model: SignalJEPA_PreLocal | Pretrained: from_pretrained | Strategy: new
[2026-05-31 14:22:25]     Normalization: none | fit_scope=none
[2026-05-31 14:22:25]     Phase 1 (new): 2,170/16,010 params
[2026-05-31 14:22:34]     Result | best_epoch=466 | stop=516 | final_phase_epochs=516 | acc=0.5000 | bal_acc=0.5000 | pred_hist=[4, 4] | collapse=False
[2026-05-31 14:22:34]     spatial_conv=[4, 29] top_abs_channels=[('CP3', 0.1580348), ('T5', 0.14764632), ('P3', 0.13571271), ('F3', 0.12854593), ('Fz', 0.11866647), ('FC4', 0.11414692), ('P4', 0.1107158), ('Pz', 0.10873045)]
[2026-05-31 14:22:34]     spatial_update=delta_l2=1.12006425 max_abs=0.27929665 relative=0.93848661 changed=True

[2026-05-31 14:22:35] Fold 2/5 | subject=7
[2026-05-31 14:22:35]     Train: 32 | counts=[16, 16]
[2026-05-31 14:22:35]     Test:  8 | counts=[4, 4]
[2026-05-31 14:22:35]     Model: SignalJEPA_PreLocal | Pretrained: from_pretrained | Strategy: new
[2026-05-31 14:22:35]     Normalization: none | fit_scope=none
[2026-05-31 14:22:35]     Phase 1 (new): 2,170/16,010 params
[2026-05-31 14:22:55]     Result | best_epoch=1157 | stop=1207 | final_phase_epochs=1207 | acc=0.7500 | bal_acc=0.7500 | pred_hist=[4, 4] | collapse=False
[2026-05-31 14:22:55]     spatial_conv=[4, 29] top_abs_channels=[('CP4', 0.14474668), ('F8', 0.13776553), ('T5', 0.12292676), ('Fz', 0.12271341), ('C3', 0.12042119), ('CP3', 0.11883456), ('P4', 0.11168458), ('C4', 0.11075052)]
[2026-05-31 14:22:55]     spatial_update=delta_l2=1.27866018 max_abs=0.30410507 relative=1.07137198 changed=True

[2026-05-31 14:22:56] Fold 3/5 | subject=7
[2026-05-31 14:22:56]     Train: 32 | counts=[16, 16]
[2026-05-31 14:22:56]     Test:  8 | counts=[4, 4]
[2026-05-31 14:22:56]     Model: SignalJEPA_PreLocal | Pretrained: from_pretrained | Strategy: new
[2026-05-31 14:22:56]     Normalization: none | fit_scope=none
[2026-05-31 14:22:56]     Phase 1 (new): 2,170/16,010 params
[2026-05-31 14:23:23]     Result | best_epoch=1465 | stop=1515 | final_phase_epochs=1515 | acc=0.8750 | bal_acc=0.8750 | pred_hist=[5, 3] | collapse=False
[2026-05-31 14:23:23]     spatial_conv=[4, 29] top_abs_channels=[('CP4', 0.186819), ('C3', 0.18350002), ('CP3', 0.15260525), ('P4', 0.14492765), ('TP8', 0.14074518), ('Oz', 0.1206376), ('F4', 0.12027087), ('F8', 0.10954517)]
[2026-05-31 14:23:23]     spatial_update=delta_l2=1.22809910 max_abs=0.43288735 relative=1.02900754 changed=True

[2026-05-31 14:23:24] Fold 4/5 | subject=7
[2026-05-31 14:23:24]     Train: 32 | counts=[16, 16]
[2026-05-31 14:23:24]     Test:  8 | counts=[4, 4]
[2026-05-31 14:23:24]     Model: SignalJEPA_PreLocal | Pretrained: from_pretrained | Strategy: new
[2026-05-31 14:23:24]     Normalization: none | fit_scope=none
[2026-05-31 14:23:24]     Phase 1 (new): 2,170/16,010 params
[2026-05-31 14:23:34]     Result | best_epoch=534 | stop=584 | final_phase_epochs=584 | acc=0.6250 | bal_acc=0.6250 | pred_hist=[7, 1] | collapse=False
[2026-05-31 14:23:34]     spatial_conv=[4, 29] top_abs_channels=[('Oz', 0.20073576), ('CP3', 0.16657028), ('Fz', 0.14678283), ('C3', 0.13609533), ('F3', 0.12255756), ('O2', 0.1224989), ('O1', 0.11638682), ('TP7', 0.11270899)]
[2026-05-31 14:23:34]     spatial_update=delta_l2=1.10471069 max_abs=0.32758702 relative=0.92562207 changed=True

[2026-05-31 14:23:35] Fold 5/5 | subject=7
[2026-05-31 14:23:35]     Train: 32 | counts=[16, 16]
[2026-05-31 14:23:35]     Test:  8 | counts=[4, 4]
[2026-05-31 14:23:35]     Model: SignalJEPA_PreLocal | Pretrained: from_pretrained | Strategy: new
[2026-05-31 14:23:35]     Normalization: none | fit_scope=none
[2026-05-31 14:23:35]     Phase 1 (new): 2,170/16,010 params
[2026-05-31 14:23:45]     Result | best_epoch=501 | stop=551 | final_phase_epochs=551 | acc=0.6250 | bal_acc=0.6250 | pred_hist=[5, 3] | collapse=False
[2026-05-31 14:23:45]     spatial_conv=[4, 29] top_abs_channels=[('TP8', 0.15624422), ('FT7', 0.12956809), ('Cz', 0.12809595), ('Fz', 0.12806354), ('F8', 0.12700446), ('Oz', 0.12623239), ('CP3', 0.12198469), ('F3', 0.1083675)]
[2026-05-31 14:23:45]     spatial_update=delta_l2=0.99024159 max_abs=0.21868769 relative=0.82970997 changed=True
[2026-05-31 14:23:45]   Subject 7: acc=0.6750±0.1275  bal_acc=0.6750±0.1275
[2026-05-31 14:23:45] \nSubject 8: 40 windows | class_counts=[20, 20]

[2026-05-31 14:23:45] Fold 1/5 | subject=8
[2026-05-31 14:23:45]     Train: 32 | counts=[16, 16]
[2026-05-31 14:23:45]     Test:  8 | counts=[4, 4]
[2026-05-31 14:23:45]     Model: SignalJEPA_PreLocal | Pretrained: from_pretrained | Strategy: new
[2026-05-31 14:23:45]     Normalization: none | fit_scope=none
[2026-05-31 14:23:45]     Phase 1 (new): 2,170/16,010 params
[2026-05-31 14:23:58]     Result | best_epoch=591 | stop=641 | final_phase_epochs=641 | acc=0.5000 | bal_acc=0.5000 | pred_hist=[4, 4] | collapse=False
[2026-05-31 14:23:58]     spatial_conv=[4, 29] top_abs_channels=[('F3', 0.15740627), ('C3', 0.1388934), ('Fz', 0.13804479), ('C4', 0.12988852), ('CP3', 0.12976694), ('Oz', 0.12504262), ('T4', 0.11564741), ('CP4', 0.1127602)]
[2026-05-31 14:23:58]     spatial_update=delta_l2=1.06186177 max_abs=0.27277713 relative=0.88971955 changed=True

[2026-05-31 14:23:58] Fold 2/5 | subject=8
[2026-05-31 14:23:58]     Train: 32 | counts=[16, 16]
[2026-05-31 14:23:58]     Test:  8 | counts=[4, 4]
[2026-05-31 14:23:58]     Model: SignalJEPA_PreLocal | Pretrained: from_pretrained | Strategy: new
[2026-05-31 14:23:58]     Normalization: none | fit_scope=none
[2026-05-31 14:23:58]     Phase 1 (new): 2,170/16,010 params
[2026-05-31 14:24:03]     Result | best_epoch=189 | stop=239 | final_phase_epochs=239 | acc=0.6250 | bal_acc=0.6250 | pred_hist=[1, 7] | collapse=False
[2026-05-31 14:24:03]     spatial_conv=[4, 29] top_abs_channels=[('Fp1', 0.15045877), ('O2', 0.13967171), ('Pz', 0.12434047), ('T3', 0.12425458), ('C4', 0.11587821), ('CP3', 0.11403725), ('P4', 0.11177322), ('F3', 0.11121114)]
[2026-05-31 14:24:03]     spatial_update=delta_l2=0.78012498 max_abs=0.19853834 relative=0.65365612 changed=True

[2026-05-31 14:24:03] Fold 3/5 | subject=8
[2026-05-31 14:24:03]     Train: 32 | counts=[16, 16]
[2026-05-31 14:24:03]     Test:  8 | counts=[4, 4]
[2026-05-31 14:24:03]     Model: SignalJEPA_PreLocal | Pretrained: from_pretrained | Strategy: new
[2026-05-31 14:24:03]     Normalization: none | fit_scope=none
[2026-05-31 14:24:03]     Phase 1 (new): 2,170/16,010 params
[2026-05-31 14:24:04]     Result | best_epoch=11 | stop=59 | final_phase_epochs=59 | acc=0.8750 | bal_acc=0.8750 | pred_hist=[5, 3] | collapse=False
[2026-05-31 14:24:04]     spatial_conv=[4, 29] top_abs_channels=[('Pz', 0.15327249), ('O2', 0.14569801), ('T3', 0.13124429), ('CP3', 0.12403449), ('O1', 0.12399314), ('T4', 0.11850411), ('Fp1', 0.11209705), ('Fz', 0.11103529)]
[2026-05-31 14:24:04]     spatial_update=delta_l2=0.07679393 max_abs=0.01350209 relative=0.06434459 changed=True

[2026-05-31 14:24:05] Fold 4/5 | subject=8
[2026-05-31 14:24:05]     Train: 32 | counts=[16, 16]
[2026-05-31 14:24:05]     Test:  8 | counts=[4, 4]
[2026-05-31 14:24:05]     Model: SignalJEPA_PreLocal | Pretrained: from_pretrained | Strategy: new
[2026-05-31 14:24:05]     Normalization: none | fit_scope=none
[2026-05-31 14:24:05]     Phase 1 (new): 2,170/16,010 params
[2026-05-31 14:24:27]     Result | best_epoch=1067 | stop=1117 | final_phase_epochs=1117 | acc=0.7500 | bal_acc=0.7500 | pred_hist=[4, 4] | collapse=False
[2026-05-31 14:24:27]     spatial_conv=[4, 29] top_abs_channels=[('Oz', 0.19225395), ('CP3', 0.17645006), ('Pz', 0.1527057), ('C3', 0.14773344), ('F3', 0.14543468), ('TP7', 0.14333956), ('C4', 0.13374218), ('FT8', 0.13058887)]
[2026-05-31 14:24:27]     spatial_update=delta_l2=1.18654329 max_abs=0.38559005 relative=0.99418849 changed=True

[2026-05-31 14:24:27] Fold 5/5 | subject=8
[2026-05-31 14:24:27]     Train: 32 | counts=[16, 16]
[2026-05-31 14:24:27]     Test:  8 | counts=[4, 4]
[2026-05-31 14:24:27]     Model: SignalJEPA_PreLocal | Pretrained: from_pretrained | Strategy: new
[2026-05-31 14:24:27]     Normalization: none | fit_scope=none
[2026-05-31 14:24:27]     Phase 1 (new): 2,170/16,010 params
[2026-05-31 14:25:26]     Result | best_epoch=2552 | stop=2602 | final_phase_epochs=2602 | acc=0.6250 | bal_acc=0.6250 | pred_hist=[5, 3] | collapse=False
[2026-05-31 14:25:26]     spatial_conv=[4, 29] top_abs_channels=[('C4', 0.21411626), ('CP3', 0.19050682), ('F7', 0.15328242), ('TP7', 0.13932371), ('FCz', 0.13392372), ('T5', 0.13325624), ('CP4', 0.12390534), ('C3', 0.12181306)]
[2026-05-31 14:25:26]     spatial_update=delta_l2=1.30305446 max_abs=0.38258822 relative=1.09181162 changed=True
[2026-05-31 14:25:26]   Subject 8: acc=0.6750±0.1275  bal_acc=0.6750±0.1275
[2026-05-31 14:25:26] \nSubject 9: 40 windows | class_counts=[20, 20]

[2026-05-31 14:25:27] Fold 1/5 | subject=9
[2026-05-31 14:25:27]     Train: 32 | counts=[16, 16]
[2026-05-31 14:25:27]     Test:  8 | counts=[4, 4]
[2026-05-31 14:25:27]     Model: SignalJEPA_PreLocal | Pretrained: from_pretrained | Strategy: new
[2026-05-31 14:25:27]     Normalization: none | fit_scope=none
[2026-05-31 14:25:27]     Phase 1 (new): 2,170/16,010 params
[2026-05-31 14:25:34]     Result | best_epoch=233 | stop=283 | final_phase_epochs=283 | acc=0.6250 | bal_acc=0.6250 | pred_hist=[3, 5] | collapse=False
[2026-05-31 14:25:34]     spatial_conv=[4, 29] top_abs_channels=[('O2', 0.1525448), ('CP4', 0.15156142), ('Fp2', 0.11535904), ('C3', 0.11389872), ('C4', 0.11041458), ('Cz', 0.10830569), ('O1', 0.10828035), ('F7', 0.10743257)]
[2026-05-31 14:25:34]     spatial_update=delta_l2=0.69974068 max_abs=0.19663736 relative=0.58630321 changed=True

[2026-05-31 14:25:37] Fold 2/5 | subject=9
[2026-05-31 14:25:37]     Train: 32 | counts=[16, 16]
[2026-05-31 14:25:37]     Test:  8 | counts=[4, 4]
[2026-05-31 14:25:37]     Model: SignalJEPA_PreLocal | Pretrained: from_pretrained | Strategy: new
[2026-05-31 14:25:37]     Normalization: none | fit_scope=none
[2026-05-31 14:25:37]     Phase 1 (new): 2,170/16,010 params
[2026-05-31 14:25:38]     Result | best_epoch=4 | stop=52 | final_phase_epochs=52 | acc=0.5000 | bal_acc=0.5000 | pred_hist=[0, 8] | collapse=True
[2026-05-31 14:25:38]     spatial_conv=[4, 29] top_abs_channels=[('Pz', 0.15283006), ('O2', 0.14377436), ('T3', 0.12703556), ('T4', 0.1224107), ('O1', 0.1222069), ('CP3', 0.12160952), ('C3', 0.11342847), ('CP4', 0.11056096)]
[2026-05-31 14:25:38]     spatial_update=delta_l2=0.01591022 max_abs=0.00320631 relative=0.01333095 changed=True

[2026-05-31 14:25:39] Fold 3/5 | subject=9
[2026-05-31 14:25:39]     Train: 32 | counts=[16, 16]
[2026-05-31 14:25:39]     Test:  8 | counts=[4, 4]
[2026-05-31 14:25:39]     Model: SignalJEPA_PreLocal | Pretrained: from_pretrained | Strategy: new
[2026-05-31 14:25:39]     Normalization: none | fit_scope=none
[2026-05-31 14:25:39]     Phase 1 (new): 2,170/16,010 params
