[2026-05-29 20:09:58] Run ID:     20260529_2009_9bd4be3f
[2026-05-29 20:09:58] Artifacts:  /home/vegorov/Repos/eeg_jepa_research/artifacts/liu2024-source-mat-sjepa-prelocal/20260529_2009_9bd4be3f
[2026-05-29 20:09:58] Config:     /home/vegorov/Repos/eeg_jepa_research/artifacts/liu2024-source-mat-sjepa-prelocal/20260529_2009_9bd4be3f/config.json
[2026-05-29 20:09:58] Using device: cpu
[2026-05-29 20:09:58] Seed initialized: 2026
[2026-05-29 20:09:59] Configured preprocessing pipeline:
[2026-05-29 20:09:59]   - [ON] source::select_eeg_channels | - select Liu EEG channels, drop CPz reference, EOG, and marker before model input
[2026-05-29 20:09:59]   - [ON] source::demean | mode=baseline_window_mean | baseline_window_s=[0.0, 2.0]
[2026-05-29 20:09:59]   - [off] source::detrend | mode=none
[2026-05-29 20:09:59]   - [off] source::eog_correction | mode=none
[2026-05-29 20:09:59]   - [off] source::artifact_clipping | mode=none | percentile=99.5
[2026-05-29 20:09:59]   - [ON] mne_raw::reference | timing=before_resample_filter | mode=average
[2026-05-29 20:09:59]   - [ON] mne_raw::resample | sfreq=128
[2026-05-29 20:09:59]   - [ON] mne_raw::bandpass_filter | l_freq=0.5 | h_freq=40.0 | method=fir | phase=zero | fir_design=firwin
[2026-05-29 20:09:59]   - [off] mne_raw::notch_filter | timing=after_bandpass
[2026-05-29 20:09:59]   - [ON] window::crop_fixed_mi_window | start_s=0 | target_window_samples=537
[2026-05-29 20:09:59]   - [off] window::bad_trial_rejection
[2026-05-29 20:09:59]   - [off] split::fold_safe_normalization | mode=none
[2026-05-29 20:09:59] Source extract dir: /home/vegorov/Repos/eeg_jepa_research/liu2024_data/liu2024_figshare/sourcedata
[2026-05-29 20:09:59] Found 50 .mat files
[2026-05-29 20:09:59] MAT structure preview saved to: /home/vegorov/Repos/eeg_jepa_research/artifacts/liu2024-source-mat-sjepa-prelocal/20260529_2009_9bd4be3f/mat_structure_preview_first_subject.csv
[2026-05-29 20:10:05] Subjects loaded: [1, 2, 3, 4, 5, 6, 7, 8, 9, 10, 11, 12, 13, 14, 15, 16, 17, 18, 19, 20, 21, 22, 23, 24, 25, 26, 27, 28, 29, 30, 31, 32, 33, 34, 35, 36, 37, 38, 39, 40, 41, 42, 43, 44, 45, 46, 47, 48, 49, 50]
[2026-05-29 20:10:05] Subject inventory saved to: /home/vegorov/Repos/eeg_jepa_research/artifacts/liu2024-source-mat-sjepa-prelocal/20260529_2009_9bd4be3f/subject_inventory.csv
[2026-05-29 20:10:18] X_ALL shape: (2000, 29, 537) | Y_ALL counts: [1000, 1000]
[2026-05-29 20:10:18] Preprocessing steps used:
[2026-05-29 20:10:18]   - select 29 EEG channels; drop CPz source reference, EOG, and marker
[2026-05-29 20:10:18]   - source demean: subtract baseline mean [0.0, 2.0]s
[2026-05-29 20:10:18]   - source detrend skipped
[2026-05-29 20:10:18]   - EOG correction skipped
[2026-05-29 20:10:18]   - source artifact clipping skipped
[2026-05-29 20:10:18]   - convert source microvolts to MNE volts
[2026-05-29 20:10:18]   - average reference at before resample/filter
[2026-05-29 20:10:18]   - resample to 128 Hz
[2026-05-29 20:10:18]   - FIR bandpass 0.5–40.0 Hz | phase=zero | fir_design=firwin
[2026-05-29 20:10:18]   - convert MNE volts to model microvolts
[2026-05-29 20:10:18]   - crop fixed window samples [0:537]
[2026-05-29 20:10:18]   - bad-trial rejection skipped
[2026-05-29 20:10:18] Window summary saved to: /home/vegorov/Repos/eeg_jepa_research/artifacts/liu2024-source-mat-sjepa-prelocal/20260529_2009_9bd4be3f/window_counts_by_subject.csv
[2026-05-29 20:10:18] ======================================================================
[2026-05-29 20:10:18] STARTING WITHIN-SUBJECT EVALUATION
[2026-05-29 20:10:18] ======================================================================
[2026-05-29 20:10:18] Experiment:    hpgrid537_bs4_lr0p0004_clip0_start0_test0p2_fir_baseline_window_mean
[2026-05-29 20:10:18] Subjects:      ['1', '2', '3', '4', '5', '6', '7', '8', '9', '10', '11', '12', '13', '14', '15', '16', '17', '18', '19', '20', '21', '22', '23', '24', '25', '26', '27', '28', '29', '30', '31', '32', '33', '34', '35', '36', '37', '38', '39', '40', '41', '42', '43', '44', '45', '46', '47', '48', '49', '50']
[2026-05-29 20:10:18] Model:         SignalJEPA_PreLocal
[2026-05-29 20:10:18] Pretrained:    from_pretrained
[2026-05-29 20:10:18] Strategy:      new
[2026-05-29 20:10:18] Preprocessing: demean=baseline_window_mean | detrend=none | eog=none | clip=none | ref=average@before_resample_filter | resample=True->128 | filter=True 0.5–40.0 fir
[2026-05-29 20:10:18] Normalization: none | reject_bad_trials=False
[2026-05-29 20:10:18] Evaluation:    stratified_kfold | cv_folds=5 | n_repeats=10 | test_size=0.2
[2026-05-29 20:10:18] Seed:          base=2026 | cv=2026 | split=2026 | val=2026
[2026-05-29 20:10:18] Window:        start=0s | samples=537 | duration=4.1953s | effective sfreq=128.0
[2026-05-29 20:10:18] Optimizer:     adam | lr=0.0004 | wd=0.0
[2026-05-29 20:10:18] Augmentation:  noise=0.0 | shift=0 | ch_drop=0.0
[2026-05-29 20:10:18] Val split:     0.2
[2026-05-29 20:10:18] Max epochs:    5000 | patience=50
[2026-05-29 20:10:18] Device:        cpu
[2026-05-29 20:10:18] ======================================================================
[2026-05-29 20:10:18] \nSubject 1: 40 windows | class_counts=[20, 20]

[2026-05-29 20:10:19] Fold 1/5 | subject=1
[2026-05-29 20:10:19]     Train: 32 | counts=[16, 16]
[2026-05-29 20:10:19]     Test:  8 | counts=[4, 4]
[2026-05-29 20:10:19]     Model: SignalJEPA_PreLocal | Pretrained: from_pretrained | Strategy: new
[2026-05-29 20:10:19]     Normalization: none | fit_scope=none
[2026-05-29 20:10:19]     Phase 1 (new): 2,170/16,010 params
[2026-05-29 20:10:20]     Result | best_epoch=4 | stop=53 | final_phase_epochs=53 | acc=0.3750 | bal_acc=0.3750 | pred_hist=[1, 7] | collapse=False
[2026-05-29 20:10:20]     spatial_conv=[4, 29] top_abs_channels=[('Pz', 0.14940214), ('O2', 0.14464876), ('T3', 0.12809934), ('CP3', 0.12369922), ('O1', 0.12292576), ('T4', 0.12157288), ('C3', 0.1166084), ('CP4', 0.11126073)]
[2026-05-29 20:10:20]     spatial_update=delta_l2=0.03287621 max_abs=0.00579457 relative=0.02754653 changed=True

[2026-05-29 20:10:20] Fold 2/5 | subject=1
[2026-05-29 20:10:20]     Train: 32 | counts=[16, 16]
[2026-05-29 20:10:20]     Test:  8 | counts=[4, 4]
[2026-05-29 20:10:20]     Model: SignalJEPA_PreLocal | Pretrained: from_pretrained | Strategy: new
[2026-05-29 20:10:20]     Normalization: none | fit_scope=none
[2026-05-29 20:10:20]     Phase 1 (new): 2,170/16,010 params
[2026-05-29 20:10:21]     Result | best_epoch=1 | stop=51 | final_phase_epochs=51 | acc=0.3750 | bal_acc=0.3750 | pred_hist=[1, 7] | collapse=False
[2026-05-29 20:10:21]     spatial_conv=[4, 29] top_abs_channels=[('Pz', 0.15271282), ('O2', 0.14407435), ('T3', 0.12627214), ('T4', 0.12227032), ('CP3', 0.12176076), ('O1', 0.12125921), ('C3', 0.11594401), ('CP4', 0.11141505)]
[2026-05-29 20:10:21]     spatial_update=delta_l2=0.01117647 max_abs=0.00216722 relative=0.00936461 changed=True

[2026-05-29 20:10:21] Fold 3/5 | subject=1
[2026-05-29 20:10:21]     Train: 32 | counts=[16, 16]
[2026-05-29 20:10:21]     Test:  8 | counts=[4, 4]
[2026-05-29 20:10:21]     Model: SignalJEPA_PreLocal | Pretrained: from_pretrained | Strategy: new
[2026-05-29 20:10:21]     Normalization: none | fit_scope=none
[2026-05-29 20:10:21]     Phase 1 (new): 2,170/16,010 params
[2026-05-29 20:10:23]     Result | best_epoch=59 | stop=109 | final_phase_epochs=109 | acc=0.3750 | bal_acc=0.3750 | pred_hist=[3, 5] | collapse=False
[2026-05-29 20:10:23]     spatial_conv=[4, 29] top_abs_channels=[('CP4', 0.16513434), ('O2', 0.15192187), ('CP3', 0.13979441), ('FCz', 0.13094254), ('Pz', 0.13093962), ('P3', 0.11871877), ('T3', 0.11679088), ('O1', 0.10899062)]
[2026-05-29 20:10:23]     spatial_update=delta_l2=0.51681420 max_abs=0.11694659 relative=0.43303159 changed=True

[2026-05-29 20:10:24] Fold 4/5 | subject=1
[2026-05-29 20:10:24]     Train: 32 | counts=[16, 16]
[2026-05-29 20:10:24]     Test:  8 | counts=[4, 4]
[2026-05-29 20:10:24]     Model: SignalJEPA_PreLocal | Pretrained: from_pretrained | Strategy: new
[2026-05-29 20:10:24]     Normalization: none | fit_scope=none
[2026-05-29 20:10:24]     Phase 1 (new): 2,170/16,010 params
[2026-05-29 20:10:25]     Result | best_epoch=81 | stop=131 | final_phase_epochs=131 | acc=0.2500 | bal_acc=0.2500 | pred_hist=[4, 4] | collapse=False
[2026-05-29 20:10:25]     spatial_conv=[4, 29] top_abs_channels=[('O2', 0.17185035), ('CP4', 0.15756074), ('Pz', 0.12366354), ('P3', 0.12355486), ('T3', 0.12213518), ('T4', 0.12082885), ('CP3', 0.12008131), ('F7', 0.11799434)]
[2026-05-29 20:10:25]     spatial_update=delta_l2=0.62135627 max_abs=0.14356854 relative=0.52062598 changed=True

[2026-05-29 20:10:26] Fold 5/5 | subject=1
[2026-05-29 20:10:26]     Train: 32 | counts=[16, 16]
[2026-05-29 20:10:26]     Test:  8 | counts=[4, 4]
[2026-05-29 20:10:26]     Model: SignalJEPA_PreLocal | Pretrained: from_pretrained | Strategy: new
[2026-05-29 20:10:26]     Normalization: none | fit_scope=none
[2026-05-29 20:10:26]     Phase 1 (new): 2,170/16,010 params
[2026-05-29 20:10:27]     Result | best_epoch=1 | stop=51 | final_phase_epochs=51 | acc=0.5000 | bal_acc=0.5000 | pred_hist=[0, 8] | collapse=True
[2026-05-29 20:10:27]     spatial_conv=[4, 29] top_abs_channels=[('Pz', 0.15205967), ('O2', 0.14387991), ('T3', 0.12618589), ('O1', 0.12244876), ('T4', 0.12211083), ('CP3', 0.12190489), ('C3', 0.11615819), ('CP4', 0.11016092)]
[2026-05-29 20:10:27]     spatial_update=delta_l2=0.01343727 max_abs=0.00232752 relative=0.01125890 changed=True
[2026-05-29 20:10:27]   Subject 1: acc=0.3750±0.0791  bal_acc=0.3750±0.0791
[2026-05-29 20:10:27] \nSubject 2: 40 windows | class_counts=[20, 20]

[2026-05-29 20:10:27] Fold 1/5 | subject=2
[2026-05-29 20:10:27]     Train: 32 | counts=[16, 16]
[2026-05-29 20:10:27]     Test:  8 | counts=[4, 4]
[2026-05-29 20:10:27]     Model: SignalJEPA_PreLocal | Pretrained: from_pretrained | Strategy: new
[2026-05-29 20:10:27]     Normalization: none | fit_scope=none
[2026-05-29 20:10:27]     Phase 1 (new): 2,170/16,010 params
[2026-05-29 20:10:29]     Result | best_epoch=80 | stop=130 | final_phase_epochs=130 | acc=0.7500 | bal_acc=0.7500 | pred_hist=[2, 6] | collapse=False
[2026-05-29 20:10:29]     spatial_conv=[4, 29] top_abs_channels=[('T3', 0.17553763), ('Pz', 0.16634142), ('O2', 0.13929085), ('Fz', 0.12793894), ('F4', 0.12680331), ('CP4', 0.1244158), ('C3', 0.12360606), ('CP3', 0.11302432)]
[2026-05-29 20:10:29]     spatial_update=delta_l2=0.63200872 max_abs=0.15747599 relative=0.52955151 changed=True

[2026-05-29 20:10:30] Fold 2/5 | subject=2
[2026-05-29 20:10:30]     Train: 32 | counts=[16, 16]
[2026-05-29 20:10:30]     Test:  8 | counts=[4, 4]
[2026-05-29 20:10:30]     Model: SignalJEPA_PreLocal | Pretrained: from_pretrained | Strategy: new
[2026-05-29 20:10:30]     Normalization: none | fit_scope=none
[2026-05-29 20:10:30]     Phase 1 (new): 2,170/16,010 params
