[2026-06-17 00:10:33] ======================================================================
[2026-06-17 00:10:33] Experiment: A_fusion_logreg
[2026-06-17 00:10:33] Note:       S-JEPA + Riemannian feature fusion, L2-logistic
[2026-06-17 00:10:33] Run ID:     20260617_0010_58cf6147
[2026-06-17 00:10:33] Artifacts:  ../../artifacts/liu2024_sjepa_embed_probe_fusion/20260617_0010_58cf6147
[2026-06-17 00:10:33] Device:     mps | seed=2026
[2026-06-17 00:10:33] ======================================================================
[2026-06-17 00:10:33] N channels: 29 | first 5: ['Fp1', 'Fp2', 'Fz', 'F3', 'F4']
[2026-06-17 00:10:33] Riemannian feature builder defined.
[2026-06-17 00:10:33] Feature assembly + subject runner defined.
[2026-06-17 00:10:33] Found 50 .mat files | using 50 subjects
[2026-06-17 00:10:33] S-JEPA: from_pretrained braindecode/signal-jepa_without-chans
[2026-06-17 00:10:34]   params total=16,010 trainable=2,170 (spatial_conv+final_layer)
[2026-06-17 00:10:34] ======================================================================
[2026-06-17 00:10:35]   [hook=feature_encoder pool=mean] embedding matrix: (40, 64)
[2026-06-17 00:10:35]   Sub 01: bal_acc= 45.0% ± 18.7%  collapse=0/5
[2026-06-17 00:10:36]   Sub 02: bal_acc= 25.0% ± 11.2%  collapse=0/5
[2026-06-17 00:10:38]   Sub 03: bal_acc= 52.5% ± 12.2%  collapse=1/5
[2026-06-17 00:10:38]   Sub 04: bal_acc= 37.5% ± 17.7%  collapse=0/5
[2026-06-17 00:10:39]   Sub 05: bal_acc= 40.0% ± 14.6%  collapse=0/5
[2026-06-17 00:10:41]   Sub 06: bal_acc= 45.0% ± 10.0%  collapse=0/5
[2026-06-17 00:10:42]   Sub 07: bal_acc= 75.0% ± 15.8%  collapse=0/5
[2026-06-17 00:10:43]   Sub 08: bal_acc= 47.5% ± 14.6%  collapse=0/5
[2026-06-17 00:10:44]   Sub 09: bal_acc= 57.5% ± 12.7%  collapse=1/5
[2026-06-17 00:10:45]   Sub 10: bal_acc= 32.5% ± 12.7%  collapse=0/5
[2026-06-17 00:10:46]   Sub 11: bal_acc= 75.0% ±  7.9%  collapse=0/5
[2026-06-17 00:10:47]   Sub 12: bal_acc= 35.0% ±  5.0%  collapse=0/5
[2026-06-17 00:10:48]   Sub 13: bal_acc= 50.0% ± 15.8%  collapse=0/5
[2026-06-17 00:10:49]   Sub 14: bal_acc= 45.0% ± 10.0%  collapse=0/5
[2026-06-17 00:10:50]   Sub 15: bal_acc= 55.0% ± 18.7%  collapse=0/5
[2026-06-17 00:10:51]   Sub 16: bal_acc= 32.5% ± 10.0%  collapse=0/5
[2026-06-17 00:10:52]   Sub 17: bal_acc= 42.5% ± 12.7%  collapse=0/5
[2026-06-17 00:10:53]   Sub 18: bal_acc= 45.0% ± 23.2%  collapse=0/5
[2026-06-17 00:10:54]   Sub 19: bal_acc= 52.5% ± 12.2%  collapse=0/5
[2026-06-17 00:10:55]   Sub 20: bal_acc= 72.5% ±  9.4%  collapse=0/5
[2026-06-17 00:10:56]   Sub 21: bal_acc= 45.0% ± 15.0%  collapse=0/5
[2026-06-17 00:10:57]   Sub 22: bal_acc= 70.0% ± 12.7%  collapse=0/5
[2026-06-17 00:10:58]   Sub 23: bal_acc= 80.0% ± 17.0%  collapse=0/5
[2026-06-17 00:10:59]   Sub 24: bal_acc= 47.5% ± 14.6%  collapse=0/5
[2026-06-17 00:11:00]   Sub 25: bal_acc= 60.0% ±  5.0%  collapse=0/5
[2026-06-17 00:11:01]   Sub 26: bal_acc= 50.0% ± 11.2%  collapse=0/5
[2026-06-17 00:11:02]   Sub 27: bal_acc= 40.0% ±  5.0%  collapse=0/5
[2026-06-17 00:11:03]   Sub 28: bal_acc= 67.5% ± 18.7%  collapse=0/5
[2026-06-17 00:11:04]   Sub 29: bal_acc= 47.5% ±  9.4%  collapse=0/5
[2026-06-17 00:11:05]   Sub 30: bal_acc= 57.5% ± 28.1%  collapse=0/5
[2026-06-17 00:11:06]   Sub 31: bal_acc= 55.0% ± 10.0%  collapse=0/5
[2026-06-17 00:11:07]   Sub 32: bal_acc= 55.0% ± 24.5%  collapse=0/5
[2026-06-17 00:11:08]   Sub 33: bal_acc= 40.0% ± 20.0%  collapse=0/5
[2026-06-17 00:11:09]   Sub 34: bal_acc= 22.5% ± 14.6%  collapse=0/5
[2026-06-17 00:11:10]   Sub 35: bal_acc= 35.0% ± 16.6%  collapse=0/5
[2026-06-17 00:11:11]   Sub 36: bal_acc= 30.0% ± 10.0%  collapse=0/5
[2026-06-17 00:11:12]   Sub 37: bal_acc= 75.0% ±  7.9%  collapse=0/5
[2026-06-17 00:11:13]   Sub 38: bal_acc= 55.0% ± 17.0%  collapse=0/5
[2026-06-17 00:11:14]   Sub 39: bal_acc= 40.0% ± 18.4%  collapse=0/5
[2026-06-17 00:11:15]   Sub 40: bal_acc= 75.0% ± 23.7%  collapse=0/5
[2026-06-17 00:11:16]   Sub 41: bal_acc= 37.5% ± 17.7%  collapse=0/5
[2026-06-17 00:11:17]   Sub 42: bal_acc= 40.0% ± 12.2%  collapse=0/5
[2026-06-17 00:11:18]   Sub 43: bal_acc= 47.5% ± 12.2%  collapse=0/5
[2026-06-17 00:11:19]   Sub 44: bal_acc= 50.0% ± 11.2%  collapse=0/5
[2026-06-17 00:11:20]   Sub 45: bal_acc= 55.0% ± 15.0%  collapse=0/5
[2026-06-17 00:11:21]   Sub 46: bal_acc= 45.0% ± 12.7%  collapse=0/5
[2026-06-17 00:11:22]   Sub 47: bal_acc= 52.5% ±  9.4%  collapse=0/5
[2026-06-17 00:11:23]   Sub 48: bal_acc= 42.5% ±  6.1%  collapse=0/5
[2026-06-17 00:11:24]   Sub 49: bal_acc= 52.5% ± 12.2%  collapse=0/5
[2026-06-17 00:11:25]   Sub 50: bal_acc= 55.0% ± 18.7%  collapse=0/5
[2026-06-17 00:11:25] ======================================================================
[2026-06-17 00:11:25] Done. Total folds: 250
[2026-06-17 00:11:25] ======================================================================
[2026-06-17 00:11:25] GLOBAL — S-JEPA probe/fusion [sjepa+riemann | logistic_l2]
[2026-06-17 00:11:25]   Balanced accuracy: 49.75% ± 19.93%
[2026-06-17 00:11:25]   Accuracy:          49.75% ± 19.93%
[2026-06-17 00:11:25]   Left/Right recall: 48.5% / 51.0%
[2026-06-17 00:11:25]   Collapsed folds:   2/250 (0.8%)
[2026-06-17 00:11:25]   Artifacts: ../../artifacts/liu2024_sjepa_embed_probe_fusion/20260617_0010_58cf6147
[2026-06-17 00:11:25] ======================================================================
[2026-06-17 00:11:26] Saved CSV/JSON artifacts + confusion_matrix.png + subject_performance.png
