[2026-07-12 14:50:32] Run ID:     20260712_145032_844360_89d4f1fc
[2026-07-12 14:50:32] Artifacts:  /Users/vadim/Documents/School/Spring 2026/CSCE A698 Individual Research/EEG_JEPA/artifacts/liu2024-multiscale-riemann-fusion/20260712_145032_844360_89d4f1fc
[2026-07-12 14:50:32] Config:     /Users/vadim/Documents/School/Spring 2026/CSCE A698 Individual Research/EEG_JEPA/artifacts/liu2024-multiscale-riemann-fusion/20260712_145032_844360_89d4f1fc/config.json
[2026-07-12 14:50:32] Seed initialized: 2026
[2026-07-12 14:50:32] ========================================================================
[2026-07-12 14:50:32] {
  "artifact_dir": "/Users/vadim/Documents/School/Spring 2026/CSCE A698 Individual Research/EEG_JEPA/artifacts/liu2024-multiscale-riemann-fusion",
  "asymmetry_pairs": [
    [
      "C3",
      "C4"
    ],
    [
      "FC3",
      "FC4"
    ],
    [
      "CP3",
      "CP4"
    ],
    [
      "P3",
      "P4"
    ]
  ],
  "average_reference": true,
  "bands_hz": [
    [
      8,
      12
    ],
    [
      13,
      20
    ],
    [
      20,
      30
    ],
    [
      8,
      30
    ]
  ],
  "base_classifier": "tangent_lda",
  "bootstrap_iterations": 10000,
  "bootstrap_seed": 202607,
  "channel_indices": [
    0,
    1,
    2,
    3,
    4,
    5,
    6,
    7,
    8,
    9,
    10,
    11,
    12,
    13,
    14,
    15,
    16,
    18,
    19,
    20,
    21,
    22,
    23,
    24,
    25,
    26,
    27,
    28,
    29
  ],
  "channel_names": [
    "Fp1",
    "Fp2",
    "Fz",
    "F3",
    "F4",
    "F7",
    "F8",
    "FCz",
    "FC3",
    "FC4",
    "FT7",
    "FT8",
    "Cz",
    "C3",
    "C4",
    "T3",
    "T4",
    "CP3",
    "CP4",
    "TP7",
    "TP8",
    "Pz",
    "P3",
    "P4",
    "T5",
    "T6",
    "Oz",
    "O1",
    "O2"
  ],
  "collapse_threshold": 0.95,
  "config_note": "Frozen repeated 60/40 sensitivity confirmation of the posthoc motor13 short-scale finding.",
  "covariance_block_samples": 250,
  "covariance_cache_dir": "/Users/vadim/Documents/School/Spring 2026/CSCE A698 Individual Research/EEG_JEPA/artifacts/covariance_cache/multiscale_riemann_fusion",
  "covariance_downsample_factor": 4,
  "covariance_estimator": "oas",
  "device": "auto",
  "enable_learned_stack": true,
  "enable_sjepa": false,
  "experiment_name": "multiscale_motor13_short_scales_repeated_60_40_confirmation",
  "filter_context": "full_trial_then_crop",
  "filter_order": 4,
  "fixed_shrinkage": 0.05,
  "fixed_single_view": {
    "band_hz": [
      8,
      30
    ],
    "scale": "4s",
    "start_s": 0.0
  },
  "inner_folds": 4,
  "lv14_subject_ids": [
    1,
    3,
    7,
    9,
    10,
    11,
    14,
    15,
    17,
    29,
    31,
    32,
    37,
    41
  ],
  "marker_channel_index": 32,
  "methods_to_run": [
    "fixed_single_view",
    "riemann_scale_1s",
    "riemann_scale_2s",
    "riemann_equal_short_scales"
  ],
  "mi_window_s": [
    0.0,
    4.0
  ],
  "onset_fallback_sample": 1003,
  "onset_marker_value": 2,
  "onset_plausible_range": [
    800,
    1300
  ],
  "outer_folds": 5,
  "outer_protocol": "repeated_60_40",
  "prototype_shrinkage": 0.25,
  "ridge_logistic_C": 0.1,
  "seed": 2026,
  "selection_stability_lambda": 0.25,
  "sensitivity_repeats": 10,
  "sensitivity_test_size": 0.4,
  "set_seed": true,
  "sfreq": 500,
  "sjepa_bandpass_hz": [
    0.5,
    40.0
  ],
  "sjepa_batch_size": 32,
  "sjepa_cache_dir": "/Users/vadim/Documents/School/Spring 2026/CSCE A698 Individual Research/EEG_JEPA/artifacts/sjepa_embedding_cache/multiscale_riemann_fusion",
  "sjepa_cache_policy": "refuse",
  "sjepa_checkpoint_path": null,
  "sjepa_hook": "feature_encoder",
  "sjepa_model_id": "braindecode/signal-jepa_without-chans",
  "sjepa_model_revision": null,
  "sjepa_pooling": "mean",
  "sjepa_sfreq": 128,
  "sjepa_window_s": [
    0.0,
    4.0
  ],
  "source_extract_dir": "/Users/vadim/Documents/School/Spring 2026/CSCE A698 Individual Research/EEG_JEPA/liu2024_data/liu2024_figshare/sourcedata",
  "spatial_mode": "motor13",
  "split_random_state": 2026,
  "stack_C": 0.05,
  "stack_l1_ratio": 0.5,
  "subjects_to_use": null,
  "tangent_metric": "riemann",
  "tangent_pca_max_components": 8,
  "temporal_scales": {
    "1s": {
      "length_s": 1.0,
      "starts_s": [
        0.0,
        1.0,
        2.0,
        3.0
      ]
    },
    "2s": {
      "length_s": 2.0,
      "starts_s": [
        0.0,
        1.0,
        2.0
      ]
    },
    "4s": {
      "length_s": 4.0,
      "starts_s": [
        0.0
      ]
    }
  },
  "top_k_views": 5,
  "trace_normalize": true
}
[2026-07-12 14:50:32] ========================================================================
[2026-07-12 14:50:41] sub-01: completed 10 outer splits
[2026-07-12 14:50:50] sub-02: completed 10 outer splits
[2026-07-12 14:50:59] sub-03: completed 10 outer splits
[2026-07-12 14:51:07] sub-04: completed 10 outer splits
[2026-07-12 14:51:16] sub-05: completed 10 outer splits
[2026-07-12 14:51:25] sub-06: completed 10 outer splits
[2026-07-12 14:51:33] sub-07: completed 10 outer splits
[2026-07-12 14:51:42] sub-08: completed 10 outer splits
[2026-07-12 14:51:50] sub-09: completed 10 outer splits
[2026-07-12 14:51:59] sub-10: completed 10 outer splits
[2026-07-12 14:52:07] sub-11: completed 10 outer splits
[2026-07-12 14:52:16] sub-12: completed 10 outer splits
[2026-07-12 14:52:25] sub-13: completed 10 outer splits
[2026-07-12 14:52:34] sub-14: completed 10 outer splits
[2026-07-12 14:52:42] sub-15: completed 10 outer splits
[2026-07-12 14:52:51] sub-16: completed 10 outer splits
[2026-07-12 14:53:00] sub-17: completed 10 outer splits
[2026-07-12 14:53:09] sub-18: completed 10 outer splits
[2026-07-12 14:53:17] sub-19: completed 10 outer splits
[2026-07-12 14:53:26] sub-20: completed 10 outer splits
[2026-07-12 14:53:35] sub-21: completed 10 outer splits
[2026-07-12 14:53:43] sub-22: completed 10 outer splits
[2026-07-12 14:53:52] sub-23: completed 10 outer splits
[2026-07-12 14:54:01] sub-24: completed 10 outer splits
[2026-07-12 14:54:10] sub-25: completed 10 outer splits
[2026-07-12 14:54:18] sub-26: completed 10 outer splits
[2026-07-12 14:54:27] sub-27: completed 10 outer splits
[2026-07-12 14:54:36] sub-28: completed 10 outer splits
[2026-07-12 14:54:44] sub-29: completed 10 outer splits
[2026-07-12 14:54:53] sub-30: completed 10 outer splits
[2026-07-12 14:55:02] sub-31: completed 10 outer splits
[2026-07-12 14:55:10] sub-32: completed 10 outer splits
[2026-07-12 14:55:19] sub-33: completed 10 outer splits
[2026-07-12 14:55:28] sub-34: completed 10 outer splits
[2026-07-12 14:55:37] sub-35: completed 10 outer splits
[2026-07-12 14:55:45] sub-36: completed 10 outer splits
[2026-07-12 14:55:54] sub-37: completed 10 outer splits
[2026-07-12 14:56:03] sub-38: completed 10 outer splits
[2026-07-12 14:56:12] sub-39: completed 10 outer splits
[2026-07-12 14:56:21] sub-40: completed 10 outer splits
[2026-07-12 14:56:30] sub-41: completed 10 outer splits
[2026-07-12 14:56:38] sub-42: completed 10 outer splits
[2026-07-12 14:56:47] sub-43: completed 10 outer splits
[2026-07-12 14:56:55] sub-44: completed 10 outer splits
[2026-07-12 14:57:05] sub-45: completed 10 outer splits
[2026-07-12 14:57:13] sub-46: completed 10 outer splits
[2026-07-12 14:57:22] sub-47: completed 10 outer splits
[2026-07-12 14:57:30] sub-48: completed 10 outer splits
[2026-07-12 14:57:39] sub-49: completed 10 outer splits
[2026-07-12 14:57:47] sub-50: completed 10 outer splits
[2026-07-12 14:57:48] Primary metric: subject-level pooled outer-OOF BA, then mean across subjects
[2026-07-12 14:57:48] fixed_single_view: 52.69%
[2026-07-12 14:57:48] riemann_equal_short_scales: 55.38%
[2026-07-12 14:57:48] riemann_scale_1s: 55.21%
[2026-07-12 14:57:48] riemann_scale_2s: 55.05%
[2026-07-12 14:57:48] Planned subject-level comparisons: {
  "fusion_vs_riemann": null,
  "fusion_vs_sjepa": null
}
[2026-07-12 14:57:48] Fold failures: 0 (never replaced by constant or fallback models)
[2026-07-12 14:57:49] CV results saved to:      /Users/vadim/Documents/School/Spring 2026/CSCE A698 Individual Research/EEG_JEPA/artifacts/liu2024-multiscale-riemann-fusion/20260712_145032_844360_89d4f1fc/cv_results.json
[2026-07-12 14:57:49] Subject metrics saved to: /Users/vadim/Documents/School/Spring 2026/CSCE A698 Individual Research/EEG_JEPA/artifacts/liu2024-multiscale-riemann-fusion/20260712_145032_844360_89d4f1fc/subject_metrics.json
[2026-07-12 14:57:49] Global metrics saved to:  /Users/vadim/Documents/School/Spring 2026/CSCE A698 Individual Research/EEG_JEPA/artifacts/liu2024-multiscale-riemann-fusion/20260712_145032_844360_89d4f1fc/global_metrics.json
[2026-07-12 14:57:49] Run metadata saved to:    /Users/vadim/Documents/School/Spring 2026/CSCE A698 Individual Research/EEG_JEPA/artifacts/liu2024-multiscale-riemann-fusion/20260712_145032_844360_89d4f1fc/run_metadata.json
[2026-07-12 14:57:49] 
All artifacts in: /Users/vadim/Documents/School/Spring 2026/CSCE A698 Individual Research/EEG_JEPA/artifacts/liu2024-multiscale-riemann-fusion/20260712_145032_844360_89d4f1fc
