Notebook:       /Users/vadim/Documents/School/Spring 2026/CSCE A698 Individual Research/EEG_JEPA/src/liu2024/liu2024_source_mat_sjepa_prelocal_clean_pipeline.ipynb
Configurations: /Users/vadim/Documents/School/Spring 2026/CSCE A698 Individual Research/EEG_JEPA/src/utils/experiments/configs/liu2024_sjepa_hp_best_4.json
Total configs:  6

[1/6] Running config override:
{
  "learning_rate": 0.0003,
  "batch_size": 8,
  "gradient_clip_norm": 1.0,
  "augmentation_noise_fraction": 0.02,
  "experiment_name": "hpbest_019",
  "sweep_group": "HP_best"
}
  status:       completed
  elapsed_sec:  2518.424
  run_id:       20260528_2007_df174ca8
  artifact_dir: /Users/vadim/Documents/School/Spring 2026/CSCE A698 Individual Research/EEG_JEPA/artifacts/liu2024-source-mat-sjepa-prelocal/20260528_2007_df174ca8

[2/6] Running config override:
{
  "learning_rate": 0.0004,
  "batch_size": 4,
  "gradient_clip_norm": 1.0,
  "augmentation_noise_fraction": 0.02,
  "experiment_name": "hpbest_020",
  "sweep_group": "HP_best"
}
  status:       completed
  elapsed_sec:  3140.091
  run_id:       20260528_2049_b5635ea0
  artifact_dir: /Users/vadim/Documents/School/Spring 2026/CSCE A698 Individual Research/EEG_JEPA/artifacts/liu2024-source-mat-sjepa-prelocal/20260528_2049_b5635ea0

[3/6] Running config override:
{
  "learning_rate": 0.0004,
  "batch_size": 8,
  "gradient_clip_norm": 2.0,
  "augmentation_noise_fraction": 0.02,
  "experiment_name": "hpbest_021",
  "sweep_group": "HP_best"
}
  status:       completed
  elapsed_sec:  2261.971
  run_id:       20260528_2141_3faac3f8
  artifact_dir: /Users/vadim/Documents/School/Spring 2026/CSCE A698 Individual Research/EEG_JEPA/artifacts/liu2024-source-mat-sjepa-prelocal/20260528_2141_3faac3f8

[4/6] Running config override:
{
  "learning_rate": 0.0003,
  "batch_size": 4,
  "gradient_clip_norm": 2.0,
  "augmentation_noise_fraction": 0.02,
  "experiment_name": "hpbest_022",
  "sweep_group": "HP_best"
}
  status:       completed
  elapsed_sec:  3829.55
  run_id:       20260528_2219_82340757
  artifact_dir: /Users/vadim/Documents/School/Spring 2026/CSCE A698 Individual Research/EEG_JEPA/artifacts/liu2024-source-mat-sjepa-prelocal/20260528_2219_82340757

[5/6] Running config override:
{
  "learning_rate": 0.0003,
  "batch_size": 8,
  "gradient_clip_norm": 2.0,
  "augmentation_noise_fraction": 0.02,
  "experiment_name": "hpbest_023",
  "sweep_group": "HP_best"
}
  status:       completed
  elapsed_sec:  2530.146
  run_id:       20260528_2323_03f2efd8
  artifact_dir: /Users/vadim/Documents/School/Spring 2026/CSCE A698 Individual Research/EEG_JEPA/artifacts/liu2024-source-mat-sjepa-prelocal/20260528_2323_03f2efd8

[6/6] Running config override:
{
  "learning_rate": 0.0004,
  "batch_size": 4,
  "gradient_clip_norm": 2.0,
  "augmentation_noise_fraction": 0.02,
  "experiment_name": "hpbest_024",
  "sweep_group": "HP_best"
}
  status:       completed
  elapsed_sec:  3442.487
  run_id:       20260529_0005_79b34cf8
  artifact_dir: /Users/vadim/Documents/School/Spring 2026/CSCE A698 Individual Research/EEG_JEPA/artifacts/liu2024-source-mat-sjepa-prelocal/20260529_0005_79b34cf8

Finished.
Results dir:    experiment_results/20260528_2007_liu2024_sjepa_hp_best_4_0cfa3198
Summary JSON:   experiment_results/20260528_2007_liu2024_sjepa_hp_best_4_0cfa3198/results.json
Artifact list:  experiment_results/20260528_2007_liu2024_sjepa_hp_best_4_0cfa3198/artifact_ids.json
