[2026-07-15 21:40:10] Run ID:     20260715_214010_146912_f58cef10
[2026-07-15 21:40:10] Artifacts:  /Users/vadim/Documents/School/Spring 2026/CSCE A698 Individual Research/EEG_JEPA/artifacts/liu2024-compact-mi-models/20260715_214010_146912_f58cef10
[2026-07-15 21:40:10] Config:     /Users/vadim/Documents/School/Spring 2026/CSCE A698 Individual Research/EEG_JEPA/artifacts/liu2024-compact-mi-models/20260715_214010_146912_f58cef10/config.json
[2026-07-15 21:40:10] Using device: mps
[2026-07-15 21:40:10] Seed initialized: 2026
[2026-07-15 21:40:10] Full CONFIG banner:
{
  "artifact_dir": "/Users/vadim/Documents/School/Spring 2026/CSCE A698 Individual Research/EEG_JEPA/artifacts/liu2024-compact-mi-models",
  "source_extract_dir": "/Users/vadim/Documents/School/Spring 2026/CSCE A698 Individual Research/EEG_JEPA/liu2024_data/liu2024_figshare/sourcedata",
  "experiment_name": "shallow_augmentation_smoke_control",
  "config_note": "Prespecified subjects 01/03/07; matched locked Shallow control without augmentation.",
  "subjects_to_use": [
    1,
    3,
    7
  ],
  "channel_set": "liu29",
  "native_sfreq": 500,
  "target_sfreq": 128,
  "marker_channel_index": 32,
  "onset_marker_value": 2,
  "onset_plausible_range": [
    800,
    1300
  ],
  "window_seconds": 4.0,
  "bandpass_hz": [
    4.0,
    40.0
  ],
  "filter_order": 4,
  "normalization_mode": "channel_standardize",
  "normalization_eps": 1e-06,
  "model_name": "ShallowFBCSPNet",
  "allow_optional_models": false,
  "evaluation_mode": "stratified_5fold",
  "cv_folds": 5,
  "cv_random_state": 2026,
  "persist_splits": true,
  "epoch_selection": "fixed_source_locked",
  "source_locked_epochs": 20,
  "batch_size": 8,
  "n_epochs": 20,
  "learning_rate": 0.0003,
  "weight_decay": 0.01,
  "gradient_clip_norm": 1.0,
  "seeds": [
    2026
  ],
  "seed": 2026,
  "set_seed": true,
  "bootstrap_iterations": 10000,
  "collapse_threshold": 0.9,
  "classical_reference_artifact": "/Users/vadim/Documents/School/Spring 2026/CSCE A698 Individual Research/EEG_JEPA/artifacts/liu2024-multiscale-riemann-fusion/20260712_145032_844360_89d4f1fc/subject_metrics.json",
  "classical_reference_method": "riemann_equal_short_scales",
  "augmentation": {
    "enabled": false,
    "name": "none",
    "transforms": []
  }
}
[2026-07-15 21:41:05] {
  "mean_subject_balanced_accuracy": 0.5499999999999999,
  "subject_bootstrap_95_ci": [
    0.45,
    0.65
  ],
  "n_subjects": 3,
  "n_folds_total": 15,
  "collapse_rate": 0.13333333333333333,
  "mean_training_seconds": 3.3500905610465757,
  "classical_reference_comparison_skipped": {
    "reason": "configured cohort does not exactly match reference cohort",
    "n_current": 3,
    "n_reference": 50,
    "reference_path": "/Users/vadim/Documents/School/Spring 2026/CSCE A698 Individual Research/EEG_JEPA/artifacts/liu2024-multiscale-riemann-fusion/20260712_145032_844360_89d4f1fc/subject_metrics.json",
    "reference_method": "riemann_equal_short_scales"
  },
  "holm_scope": "Across six primary model runs; apply Holm after collecting their paired subject rows. No within-run p-value can perform cross-run correction."
}
[2026-07-15 21:41:05] CV results saved to:      /Users/vadim/Documents/School/Spring 2026/CSCE A698 Individual Research/EEG_JEPA/artifacts/liu2024-compact-mi-models/20260715_214010_146912_f58cef10/cv_results.json
[2026-07-15 21:41:05] Subject metrics saved to: /Users/vadim/Documents/School/Spring 2026/CSCE A698 Individual Research/EEG_JEPA/artifacts/liu2024-compact-mi-models/20260715_214010_146912_f58cef10/subject_metrics.json
[2026-07-15 21:41:05] Global metrics saved to:  /Users/vadim/Documents/School/Spring 2026/CSCE A698 Individual Research/EEG_JEPA/artifacts/liu2024-compact-mi-models/20260715_214010_146912_f58cef10/global_metrics.json
[2026-07-15 21:41:05] Run metadata saved to:    /Users/vadim/Documents/School/Spring 2026/CSCE A698 Individual Research/EEG_JEPA/artifacts/liu2024-compact-mi-models/20260715_214010_146912_f58cef10/run_metadata.json
[2026-07-15 21:41:05] 
All artifacts in: /Users/vadim/Documents/School/Spring 2026/CSCE A698 Individual Research/EEG_JEPA/artifacts/liu2024-compact-mi-models/20260715_214010_146912_f58cef10
