[2026-06-18 00:37:35] ======================================================================
[2026-06-18 00:37:35] Experiment: B_sjepa_only
[2026-06-18 00:37:35] Note:       S-JEPA branch alone within this harness
[2026-06-18 00:37:35] Run ID:     20260618_0037_d8f5cf50
[2026-06-18 00:37:35] Artifacts:  ../../artifacts/liu2024_twfb_dgfmdm_sjepa_hybrid/20260618_0037_d8f5cf50
[2026-06-18 00:37:35] Device:     cpu | seed=2026
[2026-06-18 00:37:35] ======================================================================
[2026-06-18 00:37:35] N channels: 29 | first 5: ['Fp1', 'Fp2', 'Fz', 'F3', 'F4']
[2026-06-18 00:37:35] Raw loader defined.
[2026-06-18 00:37:35] TWFB honest branch defined.
[2026-06-18 00:37:35] S-JEPA branch defined.
[2026-06-18 00:37:35] Fusion + decorrelation helpers defined.
[2026-06-18 00:37:35] Nested subject runner defined.
[2026-06-18 00:37:35] Found 50 .mat files | using 50 subjects
[2026-06-18 00:37:35] ======================================================================
[2026-06-18 00:39:53]   Sub 1 fold 0 ERROR: 'NoneType' object has no attribute 'argmax'
[2026-06-18 00:42:06]   Sub 1 fold 1 ERROR: 'NoneType' object has no attribute 'argmax'
[2026-06-18 00:44:20]   Sub 1 fold 2 ERROR: 'NoneType' object has no attribute 'argmax'
[2026-06-18 00:46:34]   Sub 1 fold 3 ERROR: 'NoneType' object has no attribute 'argmax'
[2026-06-18 00:48:48]   Sub 1 fold 4 ERROR: 'NoneType' object has no attribute 'argmax'
[2026-06-18 00:48:48]   Sub 01: bal_acc= 50.0% ±  0.0%  collapse=5/5
[2026-06-18 00:51:06]   Sub 2 fold 0 ERROR: 'NoneType' object has no attribute 'argmax'
[2026-06-18 00:53:20]   Sub 2 fold 1 ERROR: 'NoneType' object has no attribute 'argmax'
[2026-06-18 00:55:34]   Sub 2 fold 2 ERROR: 'NoneType' object has no attribute 'argmax'
[2026-06-18 00:57:48]   Sub 2 fold 3 ERROR: 'NoneType' object has no attribute 'argmax'
[2026-06-18 01:00:01]   Sub 2 fold 4 ERROR: 'NoneType' object has no attribute 'argmax'
[2026-06-18 01:00:01]   Sub 02: bal_acc= 50.0% ±  0.0%  collapse=5/5
[2026-06-18 01:02:19]   Sub 3 fold 0 ERROR: 'NoneType' object has no attribute 'argmax'
[2026-06-18 01:04:34]   Sub 3 fold 1 ERROR: 'NoneType' object has no attribute 'argmax'
[2026-06-18 01:06:48]   Sub 3 fold 2 ERROR: 'NoneType' object has no attribute 'argmax'
[2026-06-18 01:09:02]   Sub 3 fold 3 ERROR: 'NoneType' object has no attribute 'argmax'
[2026-06-18 01:11:16]   Sub 3 fold 4 ERROR: 'NoneType' object has no attribute 'argmax'
[2026-06-18 01:11:16]   Sub 03: bal_acc= 50.0% ±  0.0%  collapse=5/5
[2026-06-18 01:13:35]   Sub 4 fold 0 ERROR: 'NoneType' object has no attribute 'argmax'
[2026-06-18 01:15:49]   Sub 4 fold 1 ERROR: 'NoneType' object has no attribute 'argmax'
[2026-06-18 01:18:03]   Sub 4 fold 2 ERROR: 'NoneType' object has no attribute 'argmax'
[2026-06-18 01:20:17]   Sub 4 fold 3 ERROR: 'NoneType' object has no attribute 'argmax'
[2026-06-18 01:22:31]   Sub 4 fold 4 ERROR: 'NoneType' object has no attribute 'argmax'
[2026-06-18 01:22:31]   Sub 04: bal_acc= 50.0% ±  0.0%  collapse=5/5
[2026-06-18 01:24:49]   Sub 5 fold 0 ERROR: 'NoneType' object has no attribute 'argmax'
[2026-06-18 01:27:03]   Sub 5 fold 1 ERROR: 'NoneType' object has no attribute 'argmax'
[2026-06-18 01:29:17]   Sub 5 fold 2 ERROR: 'NoneType' object has no attribute 'argmax'
[2026-06-18 01:31:30]   Sub 5 fold 3 ERROR: 'NoneType' object has no attribute 'argmax'
[2026-06-18 01:33:43]   Sub 5 fold 4 ERROR: 'NoneType' object has no attribute 'argmax'
[2026-06-18 01:33:43]   Sub 05: bal_acc= 50.0% ±  0.0%  collapse=5/5
[2026-06-18 01:36:01]   Sub 6 fold 0 ERROR: 'NoneType' object has no attribute 'argmax'
[2026-06-18 01:38:15]   Sub 6 fold 1 ERROR: 'NoneType' object has no attribute 'argmax'
[2026-06-18 01:40:29]   Sub 6 fold 2 ERROR: 'NoneType' object has no attribute 'argmax'
[2026-06-18 01:42:43]   Sub 6 fold 3 ERROR: 'NoneType' object has no attribute 'argmax'
[2026-06-18 01:44:56]   Sub 6 fold 4 ERROR: 'NoneType' object has no attribute 'argmax'
[2026-06-18 01:44:56]   Sub 06: bal_acc= 50.0% ±  0.0%  collapse=5/5
[2026-06-18 01:47:14]   Sub 7 fold 0 ERROR: 'NoneType' object has no attribute 'argmax'
[2026-06-18 01:49:28]   Sub 7 fold 1 ERROR: 'NoneType' object has no attribute 'argmax'
[2026-06-18 01:51:43]   Sub 7 fold 2 ERROR: 'NoneType' object has no attribute 'argmax'
[2026-06-18 01:53:57]   Sub 7 fold 3 ERROR: 'NoneType' object has no attribute 'argmax'
[2026-06-18 01:56:11]   Sub 7 fold 4 ERROR: 'NoneType' object has no attribute 'argmax'
[2026-06-18 01:56:11]   Sub 07: bal_acc= 50.0% ±  0.0%  collapse=5/5
[2026-06-18 01:58:28]   Sub 8 fold 0 ERROR: 'NoneType' object has no attribute 'argmax'
[2026-06-18 02:00:43]   Sub 8 fold 1 ERROR: 'NoneType' object has no attribute 'argmax'
[2026-06-18 02:02:57]   Sub 8 fold 2 ERROR: 'NoneType' object has no attribute 'argmax'
[2026-06-18 02:05:12]   Sub 8 fold 3 ERROR: 'NoneType' object has no attribute 'argmax'
[2026-06-18 02:07:25]   Sub 8 fold 4 ERROR: 'NoneType' object has no attribute 'argmax'
[2026-06-18 02:07:25]   Sub 08: bal_acc= 50.0% ±  0.0%  collapse=5/5
[2026-06-18 02:09:43]   Sub 9 fold 0 ERROR: 'NoneType' object has no attribute 'argmax'
[2026-06-18 02:11:57]   Sub 9 fold 1 ERROR: 'NoneType' object has no attribute 'argmax'
[2026-06-18 02:14:10]   Sub 9 fold 2 ERROR: 'NoneType' object has no attribute 'argmax'
[2026-06-18 02:16:24]   Sub 9 fold 3 ERROR: 'NoneType' object has no attribute 'argmax'
[2026-06-18 02:18:37]   Sub 9 fold 4 ERROR: 'NoneType' object has no attribute 'argmax'
[2026-06-18 02:18:37]   Sub 09: bal_acc= 50.0% ±  0.0%  collapse=5/5
[2026-06-18 02:20:55]   Sub 10 fold 0 ERROR: 'NoneType' object has no attribute 'argmax'
[2026-06-18 02:23:08]   Sub 10 fold 1 ERROR: 'NoneType' object has no attribute 'argmax'
[2026-06-18 02:25:21]   Sub 10 fold 2 ERROR: 'NoneType' object has no attribute 'argmax'
[2026-06-18 02:27:34]   Sub 10 fold 3 ERROR: 'NoneType' object has no attribute 'argmax'
[2026-06-18 02:29:48]   Sub 10 fold 4 ERROR: 'NoneType' object has no attribute 'argmax'
[2026-06-18 02:29:48]   Sub 10: bal_acc= 50.0% ±  0.0%  collapse=5/5
[2026-06-18 02:32:05]   Sub 11 fold 0 ERROR: 'NoneType' object has no attribute 'argmax'
[2026-06-18 02:34:20]   Sub 11 fold 1 ERROR: 'NoneType' object has no attribute 'argmax'
[2026-06-18 02:36:34]   Sub 11 fold 2 ERROR: 'NoneType' object has no attribute 'argmax'
[2026-06-18 02:38:48]   Sub 11 fold 3 ERROR: 'NoneType' object has no attribute 'argmax'
[2026-06-18 02:41:02]   Sub 11 fold 4 ERROR: 'NoneType' object has no attribute 'argmax'
[2026-06-18 02:41:02]   Sub 11: bal_acc= 50.0% ±  0.0%  collapse=5/5
[2026-06-18 02:43:21]   Sub 12 fold 0 ERROR: 'NoneType' object has no attribute 'argmax'
[2026-06-18 02:45:35]   Sub 12 fold 1 ERROR: 'NoneType' object has no attribute 'argmax'
[2026-06-18 02:47:49]   Sub 12 fold 2 ERROR: 'NoneType' object has no attribute 'argmax'
[2026-06-18 02:50:02]   Sub 12 fold 3 ERROR: 'NoneType' object has no attribute 'argmax'
[2026-06-18 02:52:16]   Sub 12 fold 4 ERROR: 'NoneType' object has no attribute 'argmax'
[2026-06-18 02:52:16]   Sub 12: bal_acc= 50.0% ±  0.0%  collapse=5/5
[2026-06-18 02:54:31]   Sub 13 fold 0 ERROR: 'NoneType' object has no attribute 'argmax'
[2026-06-18 02:56:41]   Sub 13 fold 1 ERROR: 'NoneType' object has no attribute 'argmax'
[2026-06-18 02:58:52]   Sub 13 fold 2 ERROR: 'NoneType' object has no attribute 'argmax'
[2026-06-18 03:01:03]   Sub 13 fold 3 ERROR: 'NoneType' object has no attribute 'argmax'
[2026-06-18 03:03:14]   Sub 13 fold 4 ERROR: 'NoneType' object has no attribute 'argmax'
[2026-06-18 03:03:14]   Sub 13: bal_acc= 50.0% ±  0.0%  collapse=5/5
[2026-06-18 03:05:33]   Sub 14 fold 0 ERROR: 'NoneType' object has no attribute 'argmax'
[2026-06-18 03:07:47]   Sub 14 fold 1 ERROR: 'NoneType' object has no attribute 'argmax'
[2026-06-18 03:10:01]   Sub 14 fold 2 ERROR: 'NoneType' object has no attribute 'argmax'
[2026-06-18 03:12:14]   Sub 14 fold 3 ERROR: 'NoneType' object has no attribute 'argmax'
[2026-06-18 03:14:28]   Sub 14 fold 4 ERROR: 'NoneType' object has no attribute 'argmax'
[2026-06-18 03:14:28]   Sub 14: bal_acc= 50.0% ±  0.0%  collapse=5/5
[2026-06-18 03:16:46]   Sub 15 fold 0 ERROR: 'NoneType' object has no attribute 'argmax'
[2026-06-18 03:19:01]   Sub 15 fold 1 ERROR: 'NoneType' object has no attribute 'argmax'
[2026-06-18 03:21:14]   Sub 15 fold 2 ERROR: 'NoneType' object has no attribute 'argmax'
[2026-06-18 03:23:28]   Sub 15 fold 3 ERROR: 'NoneType' object has no attribute 'argmax'
[2026-06-18 03:25:42]   Sub 15 fold 4 ERROR: 'NoneType' object has no attribute 'argmax'
[2026-06-18 03:25:42]   Sub 15: bal_acc= 50.0% ±  0.0%  collapse=5/5
[2026-06-18 03:28:01]   Sub 16 fold 0 ERROR: 'NoneType' object has no attribute 'argmax'
[2026-06-18 03:30:15]   Sub 16 fold 1 ERROR: 'NoneType' object has no attribute 'argmax'
[2026-06-18 03:32:29]   Sub 16 fold 2 ERROR: 'NoneType' object has no attribute 'argmax'
[2026-06-18 03:34:43]   Sub 16 fold 3 ERROR: 'NoneType' object has no attribute 'argmax'
[2026-06-18 03:36:57]   Sub 16 fold 4 ERROR: 'NoneType' object has no attribute 'argmax'
[2026-06-18 03:36:57]   Sub 16: bal_acc= 50.0% ±  0.0%  collapse=5/5
[2026-06-18 03:39:15]   Sub 17 fold 0 ERROR: 'NoneType' object has no attribute 'argmax'
[2026-06-18 03:41:29]   Sub 17 fold 1 ERROR: 'NoneType' object has no attribute 'argmax'
[2026-06-18 03:43:43]   Sub 17 fold 2 ERROR: 'NoneType' object has no attribute 'argmax'
[2026-06-18 03:45:58]   Sub 17 fold 3 ERROR: 'NoneType' object has no attribute 'argmax'
[2026-06-18 03:48:12]   Sub 17 fold 4 ERROR: 'NoneType' object has no attribute 'argmax'
[2026-06-18 03:48:12]   Sub 17: bal_acc= 50.0% ±  0.0%  collapse=5/5
[2026-06-18 03:50:30]   Sub 18 fold 0 ERROR: 'NoneType' object has no attribute 'argmax'
[2026-06-18 03:52:45]   Sub 18 fold 1 ERROR: 'NoneType' object has no attribute 'argmax'
[2026-06-18 03:54:59]   Sub 18 fold 2 ERROR: 'NoneType' object has no attribute 'argmax'
[2026-06-18 03:57:13]   Sub 18 fold 3 ERROR: 'NoneType' object has no attribute 'argmax'
[2026-06-18 03:59:26]   Sub 18 fold 4 ERROR: 'NoneType' object has no attribute 'argmax'
[2026-06-18 03:59:26]   Sub 18: bal_acc= 50.0% ±  0.0%  collapse=5/5
[2026-06-18 04:01:44]   Sub 19 fold 0 ERROR: 'NoneType' object has no attribute 'argmax'
[2026-06-18 04:03:57]   Sub 19 fold 1 ERROR: 'NoneType' object has no attribute 'argmax'
[2026-06-18 04:06:10]   Sub 19 fold 2 ERROR: 'NoneType' object has no attribute 'argmax'
[2026-06-18 04:08:24]   Sub 19 fold 3 ERROR: 'NoneType' object has no attribute 'argmax'
[2026-06-18 04:10:37]   Sub 19 fold 4 ERROR: 'NoneType' object has no attribute 'argmax'
[2026-06-18 04:10:37]   Sub 19: bal_acc= 50.0% ±  0.0%  collapse=5/5
[2026-06-18 04:12:55]   Sub 20 fold 0 ERROR: 'NoneType' object has no attribute 'argmax'
[2026-06-18 04:15:09]   Sub 20 fold 1 ERROR: 'NoneType' object has no attribute 'argmax'
[2026-06-18 04:17:23]   Sub 20 fold 2 ERROR: 'NoneType' object has no attribute 'argmax'
[2026-06-18 04:19:37]   Sub 20 fold 3 ERROR: 'NoneType' object has no attribute 'argmax'
[2026-06-18 04:21:51]   Sub 20 fold 4 ERROR: 'NoneType' object has no attribute 'argmax'
[2026-06-18 04:21:51]   Sub 20: bal_acc= 50.0% ±  0.0%  collapse=5/5
[2026-06-18 04:24:10]   Sub 21 fold 0 ERROR: 'NoneType' object has no attribute 'argmax'
[2026-06-18 04:26:24]   Sub 21 fold 1 ERROR: 'NoneType' object has no attribute 'argmax'
[2026-06-18 04:28:38]   Sub 21 fold 2 ERROR: 'NoneType' object has no attribute 'argmax'
[2026-06-18 04:30:52]   Sub 21 fold 3 ERROR: 'NoneType' object has no attribute 'argmax'
[2026-06-18 04:33:06]   Sub 21 fold 4 ERROR: 'NoneType' object has no attribute 'argmax'
[2026-06-18 04:33:06]   Sub 21: bal_acc= 50.0% ±  0.0%  collapse=5/5
[2026-06-18 04:35:25]   Sub 22 fold 0 ERROR: 'NoneType' object has no attribute 'argmax'
[2026-06-18 04:37:39]   Sub 22 fold 1 ERROR: 'NoneType' object has no attribute 'argmax'
[2026-06-18 04:39:53]   Sub 22 fold 2 ERROR: 'NoneType' object has no attribute 'argmax'
[2026-06-18 04:42:07]   Sub 22 fold 3 ERROR: 'NoneType' object has no attribute 'argmax'
[2026-06-18 04:44:22]   Sub 22 fold 4 ERROR: 'NoneType' object has no attribute 'argmax'
[2026-06-18 04:44:22]   Sub 22: bal_acc= 50.0% ±  0.0%  collapse=5/5
[2026-06-18 04:46:39]   Sub 23 fold 0 ERROR: 'NoneType' object has no attribute 'argmax'
[2026-06-18 04:48:53]   Sub 23 fold 1 ERROR: 'NoneType' object has no attribute 'argmax'
[2026-06-18 04:51:06]   Sub 23 fold 2 ERROR: 'NoneType' object has no attribute 'argmax'
[2026-06-18 04:53:21]   Sub 23 fold 3 ERROR: 'NoneType' object has no attribute 'argmax'
[2026-06-18 04:55:33]   Sub 23 fold 4 ERROR: 'NoneType' object has no attribute 'argmax'
[2026-06-18 04:55:33]   Sub 23: bal_acc= 50.0% ±  0.0%  collapse=5/5
[2026-06-18 04:57:52]   Sub 24 fold 0 ERROR: 'NoneType' object has no attribute 'argmax'
[2026-06-18 05:00:06]   Sub 24 fold 1 ERROR: 'NoneType' object has no attribute 'argmax'
[2026-06-18 05:02:21]   Sub 24 fold 2 ERROR: 'NoneType' object has no attribute 'argmax'
[2026-06-18 05:04:35]   Sub 24 fold 3 ERROR: 'NoneType' object has no attribute 'argmax'
[2026-06-18 05:06:49]   Sub 24 fold 4 ERROR: 'NoneType' object has no attribute 'argmax'
[2026-06-18 05:06:49]   Sub 24: bal_acc= 50.0% ±  0.0%  collapse=5/5
[2026-06-18 05:09:08]   Sub 25 fold 0 ERROR: 'NoneType' object has no attribute 'argmax'
[2026-06-18 05:11:21]   Sub 25 fold 1 ERROR: 'NoneType' object has no attribute 'argmax'
[2026-06-18 05:13:36]   Sub 25 fold 2 ERROR: 'NoneType' object has no attribute 'argmax'
[2026-06-18 05:15:50]   Sub 25 fold 3 ERROR: 'NoneType' object has no attribute 'argmax'
[2026-06-18 05:18:04]   Sub 25 fold 4 ERROR: 'NoneType' object has no attribute 'argmax'
[2026-06-18 05:18:04]   Sub 25: bal_acc= 50.0% ±  0.0%  collapse=5/5
[2026-06-18 05:20:22]   Sub 26 fold 0 ERROR: 'NoneType' object has no attribute 'argmax'
[2026-06-18 05:22:36]   Sub 26 fold 1 ERROR: 'NoneType' object has no attribute 'argmax'
[2026-06-18 05:24:50]   Sub 26 fold 2 ERROR: 'NoneType' object has no attribute 'argmax'
[2026-06-18 05:27:05]   Sub 26 fold 3 ERROR: 'NoneType' object has no attribute 'argmax'
[2026-06-18 05:29:18]   Sub 26 fold 4 ERROR: 'NoneType' object has no attribute 'argmax'
[2026-06-18 05:29:18]   Sub 26: bal_acc= 50.0% ±  0.0%  collapse=5/5
[2026-06-18 05:31:36]   Sub 27 fold 0 ERROR: 'NoneType' object has no attribute 'argmax'
[2026-06-18 05:33:50]   Sub 27 fold 1 ERROR: 'NoneType' object has no attribute 'argmax'
[2026-06-18 05:36:04]   Sub 27 fold 2 ERROR: 'NoneType' object has no attribute 'argmax'
[2026-06-18 05:38:18]   Sub 27 fold 3 ERROR: 'NoneType' object has no attribute 'argmax'
[2026-06-18 05:40:32]   Sub 27 fold 4 ERROR: 'NoneType' object has no attribute 'argmax'
[2026-06-18 05:40:32]   Sub 27: bal_acc= 50.0% ±  0.0%  collapse=5/5
[2026-06-18 05:42:49]   Sub 28 fold 0 ERROR: 'NoneType' object has no attribute 'argmax'
[2026-06-18 05:45:02]   Sub 28 fold 1 ERROR: 'NoneType' object has no attribute 'argmax'
[2026-06-18 05:47:15]   Sub 28 fold 2 ERROR: 'NoneType' object has no attribute 'argmax'
[2026-06-18 05:49:27]   Sub 28 fold 3 ERROR: 'NoneType' object has no attribute 'argmax'
[2026-06-18 05:51:39]   Sub 28 fold 4 ERROR: 'NoneType' object has no attribute 'argmax'
[2026-06-18 05:51:39]   Sub 28: bal_acc= 50.0% ±  0.0%  collapse=5/5
[2026-06-18 05:53:57]   Sub 29 fold 0 ERROR: 'NoneType' object has no attribute 'argmax'
[2026-06-18 05:56:11]   Sub 29 fold 1 ERROR: 'NoneType' object has no attribute 'argmax'
[2026-06-18 05:58:25]   Sub 29 fold 2 ERROR: 'NoneType' object has no attribute 'argmax'
[2026-06-18 06:00:38]   Sub 29 fold 3 ERROR: 'NoneType' object has no attribute 'argmax'
[2026-06-18 06:02:51]   Sub 29 fold 4 ERROR: 'NoneType' object has no attribute 'argmax'
[2026-06-18 06:02:51]   Sub 29: bal_acc= 50.0% ±  0.0%  collapse=5/5
[2026-06-18 06:05:08]   Sub 30 fold 0 ERROR: 'NoneType' object has no attribute 'argmax'
[2026-06-18 06:07:23]   Sub 30 fold 1 ERROR: 'NoneType' object has no attribute 'argmax'
[2026-06-18 06:09:37]   Sub 30 fold 2 ERROR: 'NoneType' object has no attribute 'argmax'
[2026-06-18 06:11:51]   Sub 30 fold 3 ERROR: 'NoneType' object has no attribute 'argmax'
[2026-06-18 06:14:06]   Sub 30 fold 4 ERROR: 'NoneType' object has no attribute 'argmax'
[2026-06-18 06:14:06]   Sub 30: bal_acc= 50.0% ±  0.0%  collapse=5/5
[2026-06-18 06:16:24]   Sub 31 fold 0 ERROR: 'NoneType' object has no attribute 'argmax'
[2026-06-18 06:18:37]   Sub 31 fold 1 ERROR: 'NoneType' object has no attribute 'argmax'
[2026-06-18 06:20:51]   Sub 31 fold 2 ERROR: 'NoneType' object has no attribute 'argmax'
[2026-06-18 06:23:03]   Sub 31 fold 3 ERROR: 'NoneType' object has no attribute 'argmax'
[2026-06-18 06:25:16]   Sub 31 fold 4 ERROR: 'NoneType' object has no attribute 'argmax'
[2026-06-18 06:25:16]   Sub 31: bal_acc= 50.0% ±  0.0%  collapse=5/5
[2026-06-18 06:27:34]   Sub 32 fold 0 ERROR: 'NoneType' object has no attribute 'argmax'
[2026-06-18 06:29:48]   Sub 32 fold 1 ERROR: 'NoneType' object has no attribute 'argmax'
[2026-06-18 06:32:02]   Sub 32 fold 2 ERROR: 'NoneType' object has no attribute 'argmax'
[2026-06-18 06:34:16]   Sub 32 fold 3 ERROR: 'NoneType' object has no attribute 'argmax'
[2026-06-18 06:36:30]   Sub 32 fold 4 ERROR: 'NoneType' object has no attribute 'argmax'
[2026-06-18 06:36:30]   Sub 32: bal_acc= 50.0% ±  0.0%  collapse=5/5
[2026-06-18 06:38:48]   Sub 33 fold 0 ERROR: 'NoneType' object has no attribute 'argmax'
[2026-06-18 06:41:02]   Sub 33 fold 1 ERROR: 'NoneType' object has no attribute 'argmax'
[2026-06-18 06:43:16]   Sub 33 fold 2 ERROR: 'NoneType' object has no attribute 'argmax'
[2026-06-18 06:45:29]   Sub 33 fold 3 ERROR: 'NoneType' object has no attribute 'argmax'
[2026-06-18 06:47:44]   Sub 33 fold 4 ERROR: 'NoneType' object has no attribute 'argmax'
[2026-06-18 06:47:44]   Sub 33: bal_acc= 50.0% ±  0.0%  collapse=5/5
[2026-06-18 06:50:01]   Sub 34 fold 0 ERROR: 'NoneType' object has no attribute 'argmax'
[2026-06-18 06:52:16]   Sub 34 fold 1 ERROR: 'NoneType' object has no attribute 'argmax'
[2026-06-18 06:54:30]   Sub 34 fold 2 ERROR: 'NoneType' object has no attribute 'argmax'
[2026-06-18 06:56:45]   Sub 34 fold 3 ERROR: 'NoneType' object has no attribute 'argmax'
[2026-06-18 06:58:59]   Sub 34 fold 4 ERROR: 'NoneType' object has no attribute 'argmax'
[2026-06-18 06:58:59]   Sub 34: bal_acc= 50.0% ±  0.0%  collapse=5/5
[2026-06-18 07:01:17]   Sub 35 fold 0 ERROR: 'NoneType' object has no attribute 'argmax'
[2026-06-18 07:03:31]   Sub 35 fold 1 ERROR: 'NoneType' object has no attribute 'argmax'
[2026-06-18 07:05:46]   Sub 35 fold 2 ERROR: 'NoneType' object has no attribute 'argmax'
[2026-06-18 07:08:00]   Sub 35 fold 3 ERROR: 'NoneType' object has no attribute 'argmax'
[2026-06-18 07:10:14]   Sub 35 fold 4 ERROR: 'NoneType' object has no attribute 'argmax'
[2026-06-18 07:10:14]   Sub 35: bal_acc= 50.0% ±  0.0%  collapse=5/5
[2026-06-18 07:12:32]   Sub 36 fold 0 ERROR: 'NoneType' object has no attribute 'argmax'
[2026-06-18 07:14:45]   Sub 36 fold 1 ERROR: 'NoneType' object has no attribute 'argmax'
[2026-06-18 07:17:00]   Sub 36 fold 2 ERROR: 'NoneType' object has no attribute 'argmax'
[2026-06-18 07:19:13]   Sub 36 fold 3 ERROR: 'NoneType' object has no attribute 'argmax'
[2026-06-18 07:21:27]   Sub 36 fold 4 ERROR: 'NoneType' object has no attribute 'argmax'
[2026-06-18 07:21:27]   Sub 36: bal_acc= 50.0% ±  0.0%  collapse=5/5
[2026-06-18 07:23:45]   Sub 37 fold 0 ERROR: 'NoneType' object has no attribute 'argmax'
[2026-06-18 07:25:59]   Sub 37 fold 1 ERROR: 'NoneType' object has no attribute 'argmax'
[2026-06-18 07:28:12]   Sub 37 fold 2 ERROR: 'NoneType' object has no attribute 'argmax'
[2026-06-18 07:30:25]   Sub 37 fold 3 ERROR: 'NoneType' object has no attribute 'argmax'
[2026-06-18 07:32:38]   Sub 37 fold 4 ERROR: 'NoneType' object has no attribute 'argmax'
[2026-06-18 07:32:38]   Sub 37: bal_acc= 50.0% ±  0.0%  collapse=5/5
[2026-06-18 07:34:56]   Sub 38 fold 0 ERROR: 'NoneType' object has no attribute 'argmax'
[2026-06-18 07:37:10]   Sub 38 fold 1 ERROR: 'NoneType' object has no attribute 'argmax'
[2026-06-18 07:39:23]   Sub 38 fold 2 ERROR: 'NoneType' object has no attribute 'argmax'
[2026-06-18 07:41:37]   Sub 38 fold 3 ERROR: 'NoneType' object has no attribute 'argmax'
[2026-06-18 07:43:52]   Sub 38 fold 4 ERROR: 'NoneType' object has no attribute 'argmax'
[2026-06-18 07:43:52]   Sub 38: bal_acc= 50.0% ±  0.0%  collapse=5/5
[2026-06-18 07:46:10]   Sub 39 fold 0 ERROR: 'NoneType' object has no attribute 'argmax'
[2026-06-18 07:48:24]   Sub 39 fold 1 ERROR: 'NoneType' object has no attribute 'argmax'
[2026-06-18 07:50:38]   Sub 39 fold 2 ERROR: 'NoneType' object has no attribute 'argmax'
[2026-06-18 07:52:53]   Sub 39 fold 3 ERROR: 'NoneType' object has no attribute 'argmax'
[2026-06-18 07:55:07]   Sub 39 fold 4 ERROR: 'NoneType' object has no attribute 'argmax'
[2026-06-18 07:55:07]   Sub 39: bal_acc= 50.0% ±  0.0%  collapse=5/5
[2026-06-18 07:57:24]   Sub 40 fold 0 ERROR: 'NoneType' object has no attribute 'argmax'
[2026-06-18 07:59:37]   Sub 40 fold 1 ERROR: 'NoneType' object has no attribute 'argmax'
[2026-06-18 08:01:50]   Sub 40 fold 2 ERROR: 'NoneType' object has no attribute 'argmax'
[2026-06-18 08:04:04]   Sub 40 fold 3 ERROR: 'NoneType' object has no attribute 'argmax'
[2026-06-18 08:06:17]   Sub 40 fold 4 ERROR: 'NoneType' object has no attribute 'argmax'
[2026-06-18 08:06:17]   Sub 40: bal_acc= 50.0% ±  0.0%  collapse=5/5
[2026-06-18 08:08:34]   Sub 41 fold 0 ERROR: 'NoneType' object has no attribute 'argmax'
[2026-06-18 08:10:48]   Sub 41 fold 1 ERROR: 'NoneType' object has no attribute 'argmax'
[2026-06-18 08:13:02]   Sub 41 fold 2 ERROR: 'NoneType' object has no attribute 'argmax'
[2026-06-18 08:15:15]   Sub 41 fold 3 ERROR: 'NoneType' object has no attribute 'argmax'
[2026-06-18 08:17:28]   Sub 41 fold 4 ERROR: 'NoneType' object has no attribute 'argmax'
[2026-06-18 08:17:28]   Sub 41: bal_acc= 50.0% ±  0.0%  collapse=5/5
[2026-06-18 08:19:46]   Sub 42 fold 0 ERROR: 'NoneType' object has no attribute 'argmax'
[2026-06-18 08:22:00]   Sub 42 fold 1 ERROR: 'NoneType' object has no attribute 'argmax'
[2026-06-18 08:24:13]   Sub 42 fold 2 ERROR: 'NoneType' object has no attribute 'argmax'
[2026-06-18 08:26:27]   Sub 42 fold 3 ERROR: 'NoneType' object has no attribute 'argmax'
[2026-06-18 08:28:40]   Sub 42 fold 4 ERROR: 'NoneType' object has no attribute 'argmax'
[2026-06-18 08:28:40]   Sub 42: bal_acc= 50.0% ±  0.0%  collapse=5/5
[2026-06-18 08:30:58]   Sub 43 fold 0 ERROR: 'NoneType' object has no attribute 'argmax'
[2026-06-18 08:33:11]   Sub 43 fold 1 ERROR: 'NoneType' object has no attribute 'argmax'
[2026-06-18 08:35:24]   Sub 43 fold 2 ERROR: 'NoneType' object has no attribute 'argmax'
[2026-06-18 08:37:38]   Sub 43 fold 3 ERROR: 'NoneType' object has no attribute 'argmax'
[2026-06-18 08:39:52]   Sub 43 fold 4 ERROR: 'NoneType' object has no attribute 'argmax'
[2026-06-18 08:39:52]   Sub 43: bal_acc= 50.0% ±  0.0%  collapse=5/5
[2026-06-18 08:42:10]   Sub 44 fold 0 ERROR: 'NoneType' object has no attribute 'argmax'
[2026-06-18 08:44:24]   Sub 44 fold 1 ERROR: 'NoneType' object has no attribute 'argmax'
[2026-06-18 08:46:38]   Sub 44 fold 2 ERROR: 'NoneType' object has no attribute 'argmax'
[2026-06-18 08:48:51]   Sub 44 fold 3 ERROR: 'NoneType' object has no attribute 'argmax'
[2026-06-18 08:51:04]   Sub 44 fold 4 ERROR: 'NoneType' object has no attribute 'argmax'
[2026-06-18 08:51:04]   Sub 44: bal_acc= 50.0% ±  0.0%  collapse=5/5
[2026-06-18 08:53:24]   Sub 45 fold 0 ERROR: 'NoneType' object has no attribute 'argmax'
[2026-06-18 08:55:37]   Sub 45 fold 1 ERROR: 'NoneType' object has no attribute 'argmax'
[2026-06-18 08:57:51]   Sub 45 fold 2 ERROR: 'NoneType' object has no attribute 'argmax'
[2026-06-18 09:00:05]   Sub 45 fold 3 ERROR: 'NoneType' object has no attribute 'argmax'
[2026-06-18 09:02:19]   Sub 45 fold 4 ERROR: 'NoneType' object has no attribute 'argmax'
[2026-06-18 09:02:19]   Sub 45: bal_acc= 50.0% ±  0.0%  collapse=5/5
[2026-06-18 09:04:37]   Sub 46 fold 0 ERROR: 'NoneType' object has no attribute 'argmax'
[2026-06-18 09:06:51]   Sub 46 fold 1 ERROR: 'NoneType' object has no attribute 'argmax'
[2026-06-18 09:09:06]   Sub 46 fold 2 ERROR: 'NoneType' object has no attribute 'argmax'
[2026-06-18 09:11:19]   Sub 46 fold 3 ERROR: 'NoneType' object has no attribute 'argmax'
[2026-06-18 09:13:33]   Sub 46 fold 4 ERROR: 'NoneType' object has no attribute 'argmax'
[2026-06-18 09:13:33]   Sub 46: bal_acc= 50.0% ±  0.0%  collapse=5/5
[2026-06-18 09:15:52]   Sub 47 fold 0 ERROR: 'NoneType' object has no attribute 'argmax'
[2026-06-18 09:18:05]   Sub 47 fold 1 ERROR: 'NoneType' object has no attribute 'argmax'
[2026-06-18 09:20:19]   Sub 47 fold 2 ERROR: 'NoneType' object has no attribute 'argmax'
[2026-06-18 09:22:34]   Sub 47 fold 3 ERROR: 'NoneType' object has no attribute 'argmax'
[2026-06-18 09:24:48]   Sub 47 fold 4 ERROR: 'NoneType' object has no attribute 'argmax'
[2026-06-18 09:24:48]   Sub 47: bal_acc= 50.0% ±  0.0%  collapse=5/5
[2026-06-18 09:27:06]   Sub 48 fold 0 ERROR: 'NoneType' object has no attribute 'argmax'
[2026-06-18 09:29:20]   Sub 48 fold 1 ERROR: 'NoneType' object has no attribute 'argmax'
[2026-06-18 09:31:34]   Sub 48 fold 2 ERROR: 'NoneType' object has no attribute 'argmax'
[2026-06-18 09:33:48]   Sub 48 fold 3 ERROR: 'NoneType' object has no attribute 'argmax'
[2026-06-18 09:36:02]   Sub 48 fold 4 ERROR: 'NoneType' object has no attribute 'argmax'
[2026-06-18 09:36:02]   Sub 48: bal_acc= 50.0% ±  0.0%  collapse=5/5
[2026-06-18 09:38:20]   Sub 49 fold 0 ERROR: 'NoneType' object has no attribute 'argmax'
[2026-06-18 09:40:34]   Sub 49 fold 1 ERROR: 'NoneType' object has no attribute 'argmax'
[2026-06-18 09:42:48]   Sub 49 fold 2 ERROR: 'NoneType' object has no attribute 'argmax'
[2026-06-18 09:45:01]   Sub 49 fold 3 ERROR: 'NoneType' object has no attribute 'argmax'
[2026-06-18 09:47:15]   Sub 49 fold 4 ERROR: 'NoneType' object has no attribute 'argmax'
[2026-06-18 09:47:15]   Sub 49: bal_acc= 50.0% ±  0.0%  collapse=5/5
[2026-06-18 09:49:33]   Sub 50 fold 0 ERROR: 'NoneType' object has no attribute 'argmax'
[2026-06-18 09:51:46]   Sub 50 fold 1 ERROR: 'NoneType' object has no attribute 'argmax'
[2026-06-18 09:53:59]   Sub 50 fold 2 ERROR: 'NoneType' object has no attribute 'argmax'
[2026-06-18 09:56:13]   Sub 50 fold 3 ERROR: 'NoneType' object has no attribute 'argmax'
[2026-06-18 09:58:26]   Sub 50 fold 4 ERROR: 'NoneType' object has no attribute 'argmax'
[2026-06-18 09:58:26]   Sub 50: bal_acc= 50.0% ±  0.0%  collapse=5/5
[2026-06-18 09:58:26] ======================================================================
[2026-06-18 09:58:26] Done. Total folds: 250
[2026-06-18 09:58:26] ======================================================================
[2026-06-18 09:58:26] GLOBAL — TWFB×S-JEPA [sjepa | fusion=weighted | twfb=fgmdm]
[2026-06-18 09:58:26]   Balanced accuracy: 50.00% ± 0.00%
[2026-06-18 09:58:26]   Accuracy:          50.00% ± 0.00%
[2026-06-18 09:58:26]   Left/Right recall: 100.0% / 0.0%
[2026-06-18 09:58:26]   Collapsed folds:   250/250 (100.0%)
[2026-06-18 09:58:26]   Artifacts: ../../artifacts/liu2024_twfb_dgfmdm_sjepa_hybrid/20260618_0037_d8f5cf50
[2026-06-18 09:58:26] ======================================================================
[2026-06-18 09:58:27] Saved CSV/JSON artifacts + confusion_matrix.png + subject_performance.png
