[2026-05-18 11:25:54] Logging to: /Users/vadim/Documents/School/Spring 2026/CSCE A698 Individual Research/EEG_JEPA/artifacts/liu2024-csp-fbcsp-baselines/MI/20260518_1125_574fb698/run.log
[2026-05-18 11:25:54] Seed control disabled (CONFIG['set_seed'] = False)
[2026-05-18 11:25:54] ======================================================================
[2026-05-18 11:25:54] CONFIGURATION
[2026-05-18 11:25:54] ======================================================================
[2026-05-18 11:25:54] {
  "artifact_dir": "/Users/vadim/Documents/School/Spring 2026/CSCE A698 Individual Research/EEG_JEPA/artifacts/liu2024-csp-fbcsp-baselines",
  "dataset_source": "auto",
  "dataset_name": "Liu2024",
  "preprocessed_concat_dir": null,
  "labels_to_keep": [
    "left_hand",
    "right_hand"
  ],
  "exclude_subjects": [],
  "subjects_to_use": null,
  "moabb_dataset_kwargs": {},
  "seed": null,
  "set_seed": false,
  "sfreq": 128,
  "bandpass_low": 0.5,
  "bandpass_high": 40.0,
  "paradigm": "MI",
  "base_trial_duration_s": 8.0,
  "target_window_duration_s": 4.2,
  "on_overlapping_events": "warn",
  "cv_folds": 5,
  "run_models": [
    "CSP_LDA",
    "FBCSP_LDA"
  ],
  "csp": {
    "apply_feature_filter": true,
    "l_freq": 8.0,
    "h_freq": 30.0,
    "n_components": 4,
    "reg": "ledoit_wolf",
    "log": true,
    "norm_trace": false
  },
  "fbcsp": {
    "bands": [
      [
        4.0,
        8.0
      ],
      [
        8.0,
        12.0
      ],
      [
        12.0,
        16.0
      ],
      [
        16.0,
        20.0
      ],
      [
        20.0,
        24.0
      ],
      [
        24.0,
        28.0
      ],
      [
        28.0,
        32.0
      ],
      [
        32.0,
        36.0
      ],
      [
        36.0,
        40.0
      ]
    ],
    "n_components": 4,
    "reg": "ledoit_wolf",
    "log": true,
    "norm_trace": false
  },
  "classifier": "lda",
  "linear_svm_C": 1.0,
  "feature_filter_method": "iir",
  "feature_iir_params": {
    "order": 5,
    "ftype": "butter"
  }
}
[2026-05-18 11:25:54] Saved config to: /Users/vadim/Documents/School/Spring 2026/CSCE A698 Individual Research/EEG_JEPA/artifacts/liu2024-csp-fbcsp-baselines/MI/20260518_1125_574fb698/config.json
[2026-05-18 11:25:54] Epoch window configuration:
[2026-05-18 11:25:54]   Target sfreq:                128 Hz
[2026-05-18 11:25:54]   Requested duration:          4.200 s
[2026-05-18 11:25:54]   Window samples:              537
[2026-05-18 11:25:54]   Effective duration:          4.195312 s

[2026-05-18 11:25:54] Provided concat dir:              None
[2026-05-18 11:25:54] Default concat dir:               /Users/vadim/Documents/School/Spring 2026/CSCE A698 Individual Research/EEG_JEPA/preprocessed_concat_datasets/Liu2024_MI_048eba1d_subjects_66243829
[2026-05-18 11:25:54] Selected concat dir:              /Users/vadim/Documents/School/Spring 2026/CSCE A698 Individual Research/EEG_JEPA/preprocessed_concat_datasets/Liu2024_MI_048eba1d_subjects_66243829
[2026-05-18 11:25:54] Preprocessed concat exists:       True
[2026-05-18 11:25:54] Effective dataset source:         concat

[2026-05-18 11:25:54] Using existing preprocessed concat dataset only.
[2026-05-18 11:25:54]   Concat dir:            /Users/vadim/Documents/School/Spring 2026/CSCE A698 Individual Research/EEG_JEPA/preprocessed_concat_datasets/Liu2024_MI_048eba1d_subjects_66243829
[2026-05-18 11:25:54]   Subject IDs:           [1, 2, 3, 4, 5, 6, 7, 8, 9, 10, 11, 12, 13, 14, 15, 16, 17, 18, 19, 20, 21, 22, 23, 24, 25, 26, 27, 28, 29, 30, 31, 32, 33, 34, 35, 36, 37, 38, 39, 40, 41, 42, 43, 44, 45, 46, 47, 48, 49, 50]
[2026-05-18 11:25:54]   Labels to keep:        ['left_hand', 'right_hand']
[2026-05-18 11:25:54] Loaded raw concat dataset from: /Users/vadim/Documents/School/Spring 2026/CSCE A698 Individual Research/EEG_JEPA/preprocessed_concat_datasets/Liu2024_MI_048eba1d_subjects_66243829

[2026-05-18 11:25:54] Post-load raw validation
[2026-05-18 11:25:54]   Recordings in LOADED_DATASET:   50
[2026-05-18 11:25:54]   Unique subject IDs:             ['1', '10', '11', '12', '13', '14', '15', '16', '17', '18', '19', '2', '20', '21', '22', '23', '24', '25', '26', '27', '28', '29', '3', '30', '31', '32', '33', '34', '35', '36', '37', '38', '39', '4', '40', '41', '42', '43', '44', '45', '46', '47', '48', '49', '5', '50', '6', '7', '8', '9']
[2026-05-18 11:25:54]   sfreq (first rec):              128.0 Hz
[2026-05-18 11:25:54]   EEG channel count:              29
[2026-05-18 11:25:54]   Annotation labels present:      ['left_hand', 'right_hand']
[2026-05-18 11:25:54]   Labels selected for training:   ['left_hand', 'right_hand']
[2026-05-18 11:25:54] Annotation counts before filtering: {np.str_('left_hand'): 1000, np.str_('right_hand'): 950}
[2026-05-18 11:25:54] Filtered annotations: kept 1950 / 1950
[2026-05-18 11:25:54] Annotation counts after filtering:  {np.str_('left_hand'): 1000, np.str_('right_hand'): 950}
[2026-05-18 11:25:54] 537
[2026-05-18 11:25:54] Annotation timing diagnostic after label filtering:
[2026-05-18 11:25:54]   Selected events:             1950
[2026-05-18 11:25:54]   Duration min/median/max:     3.999996 / 4.000000 / 4.000004 s
[2026-05-18 11:25:54]   Requested analysis samples:  537
[2026-05-18 11:25:54]   Effective analysis duration: 4.195312 s
[2026-05-18 11:25:54]   Onset gap min/median/max:    0.001999 / 2.006001 / 4.004005 s
[2026-05-18 11:25:54]   Potential 4.195312s overlaps: 1900
[2026-05-18 11:25:54]     overlap example recording=0, left_hand@4.006s -> right_hand@8.010s, gap=4.004s
[2026-05-18 11:25:54]     overlap example recording=0, right_hand@8.010s -> left_hand@10.000s, gap=1.990s
[2026-05-18 11:25:54]     overlap example recording=0, left_hand@10.000s -> right_hand@12.004s, gap=2.004s
[2026-05-18 11:25:54]     overlap example recording=0, right_hand@12.004s -> left_hand@16.006s, gap=4.002s
[2026-05-18 11:25:54]     overlap example recording=0, left_hand@16.006s -> right_hand@18.000s, gap=1.994s
[2026-05-18 11:25:54]     overlap example recording=0, right_hand@18.000s -> left_hand@20.004s, gap=2.004s
[2026-05-18 11:25:54]     overlap example recording=0, left_hand@20.004s -> right_hand@24.004s, gap=4.000s
[2026-05-18 11:25:54]     overlap example recording=0, right_hand@24.004s -> left_hand@26.000s, gap=1.996s
[2026-05-18 11:25:54]     overlap example recording=0, left_hand@26.000s -> right_hand@28.006s, gap=2.006s
[2026-05-18 11:25:54]     overlap example recording=0, right_hand@28.006s -> left_hand@32.008s, gap=4.002s
[2026-05-18 11:25:54] Windowing offset configuration:
[2026-05-18 11:25:54]   Min annotation samples:      511
[2026-05-18 11:25:54]   Median annotation samples:   512
[2026-05-18 11:25:54]   Max annotation samples:      512
[2026-05-18 11:25:54]   Target window samples:       537
[2026-05-18 11:25:54]   trial_start_offset_samples:  0
[2026-05-18 11:25:54]   trial_stop_offset_samples:   26
[2026-05-18 11:25:54]   on_overlapping_events:       warn
[2026-05-18 11:25:55] Window shape: (29, 537)
[2026-05-18 11:25:55] Window sample length expected=537, got=537
[2026-05-18 11:25:55] Class mapping: {'left_hand': 0, 'right_hand': 1}
[2026-05-18 11:25:55] Global class counts: [1000, 950]
[2026-05-18 11:25:55] Chance level (2-class): 0.50
[2026-05-18 11:25:55] Summarizing per-subject windows...
[2026-05-18 11:25:55]   Subject 1: n_windows=39, window_shape=(29, 537), class_counts=[20, 19]
[2026-05-18 11:25:55]   Subject 2: n_windows=39, window_shape=(29, 537), class_counts=[20, 19]
[2026-05-18 11:25:55]   Subject 3: n_windows=39, window_shape=(29, 537), class_counts=[20, 19]
[2026-05-18 11:25:55]   Subject 4: n_windows=39, window_shape=(29, 537), class_counts=[20, 19]
[2026-05-18 11:25:55]   Subject 5: n_windows=39, window_shape=(29, 537), class_counts=[20, 19]
[2026-05-18 11:25:55]   Subject 6: n_windows=39, window_shape=(29, 537), class_counts=[20, 19]
[2026-05-18 11:25:55]   Subject 7: n_windows=39, window_shape=(29, 537), class_counts=[20, 19]
[2026-05-18 11:25:55]   Subject 8: n_windows=39, window_shape=(29, 537), class_counts=[20, 19]
[2026-05-18 11:25:55]   Subject 9: n_windows=39, window_shape=(29, 537), class_counts=[20, 19]
[2026-05-18 11:25:55]   Subject 10: n_windows=39, window_shape=(29, 537), class_counts=[20, 19]
[2026-05-18 11:25:55]   Subject 11: n_windows=39, window_shape=(29, 537), class_counts=[20, 19]
[2026-05-18 11:25:55]   Subject 12: n_windows=39, window_shape=(29, 537), class_counts=[20, 19]
[2026-05-18 11:25:55]   Subject 13: n_windows=39, window_shape=(29, 537), class_counts=[20, 19]
[2026-05-18 11:25:55]   Subject 14: n_windows=39, window_shape=(29, 537), class_counts=[20, 19]
[2026-05-18 11:25:55]   Subject 15: n_windows=39, window_shape=(29, 537), class_counts=[20, 19]
[2026-05-18 11:25:55]   Subject 16: n_windows=39, window_shape=(29, 537), class_counts=[20, 19]
[2026-05-18 11:25:55]   Subject 17: n_windows=39, window_shape=(29, 537), class_counts=[20, 19]
[2026-05-18 11:25:55]   Subject 18: n_windows=39, window_shape=(29, 537), class_counts=[20, 19]
[2026-05-18 11:25:55]   Subject 19: n_windows=39, window_shape=(29, 537), class_counts=[20, 19]
[2026-05-18 11:25:55]   Subject 20: n_windows=39, window_shape=(29, 537), class_counts=[20, 19]
[2026-05-18 11:25:55]   Subject 21: n_windows=39, window_shape=(29, 537), class_counts=[20, 19]
[2026-05-18 11:25:55]   Subject 22: n_windows=39, window_shape=(29, 537), class_counts=[20, 19]
[2026-05-18 11:25:55]   Subject 23: n_windows=39, window_shape=(29, 537), class_counts=[20, 19]
[2026-05-18 11:25:55]   Subject 24: n_windows=39, window_shape=(29, 537), class_counts=[20, 19]
[2026-05-18 11:25:55]   Subject 25: n_windows=39, window_shape=(29, 537), class_counts=[20, 19]
[2026-05-18 11:25:55]   Subject 26: n_windows=39, window_shape=(29, 537), class_counts=[20, 19]
[2026-05-18 11:25:55]   Subject 27: n_windows=39, window_shape=(29, 537), class_counts=[20, 19]
[2026-05-18 11:25:55]   Subject 28: n_windows=39, window_shape=(29, 537), class_counts=[20, 19]
[2026-05-18 11:25:55]   Subject 29: n_windows=39, window_shape=(29, 537), class_counts=[20, 19]
[2026-05-18 11:25:55]   Subject 30: n_windows=39, window_shape=(29, 537), class_counts=[20, 19]
[2026-05-18 11:25:55]   Subject 31: n_windows=39, window_shape=(29, 537), class_counts=[20, 19]
[2026-05-18 11:25:55]   Subject 32: n_windows=39, window_shape=(29, 537), class_counts=[20, 19]
[2026-05-18 11:25:55]   Subject 33: n_windows=39, window_shape=(29, 537), class_counts=[20, 19]
[2026-05-18 11:25:55]   Subject 34: n_windows=39, window_shape=(29, 537), class_counts=[20, 19]
[2026-05-18 11:25:55]   Subject 35: n_windows=39, window_shape=(29, 537), class_counts=[20, 19]
[2026-05-18 11:25:55]   Subject 36: n_windows=39, window_shape=(29, 537), class_counts=[20, 19]
[2026-05-18 11:25:55]   Subject 37: n_windows=39, window_shape=(29, 537), class_counts=[20, 19]
[2026-05-18 11:25:55]   Subject 38: n_windows=39, window_shape=(29, 537), class_counts=[20, 19]
[2026-05-18 11:25:55]   Subject 39: n_windows=39, window_shape=(29, 537), class_counts=[20, 19]
[2026-05-18 11:25:55]   Subject 40: n_windows=39, window_shape=(29, 537), class_counts=[20, 19]
[2026-05-18 11:25:55]   Subject 41: n_windows=39, window_shape=(29, 537), class_counts=[20, 19]
[2026-05-18 11:25:55]   Subject 42: n_windows=39, window_shape=(29, 537), class_counts=[20, 19]
[2026-05-18 11:25:55]   Subject 43: n_windows=39, window_shape=(29, 537), class_counts=[20, 19]
[2026-05-18 11:25:55]   Subject 44: n_windows=39, window_shape=(29, 537), class_counts=[20, 19]
[2026-05-18 11:25:55]   Subject 45: n_windows=39, window_shape=(29, 537), class_counts=[20, 19]
[2026-05-18 11:25:55]   Subject 46: n_windows=39, window_shape=(29, 537), class_counts=[20, 19]
[2026-05-18 11:25:55]   Subject 47: n_windows=39, window_shape=(29, 537), class_counts=[20, 19]
[2026-05-18 11:25:55]   Subject 48: n_windows=39, window_shape=(29, 537), class_counts=[20, 19]
[2026-05-18 11:25:55]   Subject 49: n_windows=39, window_shape=(29, 537), class_counts=[20, 19]
[2026-05-18 11:25:55]   Subject 50: n_windows=39, window_shape=(29, 537), class_counts=[20, 19]
[2026-05-18 11:25:55] ======================================================================
[2026-05-18 11:25:55] STARTING CSP/FBCSP CROSS-VALIDATION
[2026-05-18 11:25:55] ======================================================================
[2026-05-18 11:25:55] Models: ['CSP_LDA', 'FBCSP_LDA']
[2026-05-18 11:25:55] Subjects: 50
[2026-05-18 11:25:55] CV folds: 5

[2026-05-18 11:25:55] ======================================================================
[2026-05-18 11:25:55] RUNNING MODEL: CSP_LDA
[2026-05-18 11:25:55] ======================================================================

[2026-05-18 11:25:55] [CSP_LDA] Subject 1: 39 windows | class_counts=[20, 19]
[2026-05-18 11:25:56]   Subject 1 summary: acc=0.2786±0.1422  bal_acc=0.2833±0.1379  roc_auc=0.1625±0.1458

[2026-05-18 11:25:56] [CSP_LDA] Subject 2: 39 windows | class_counts=[20, 19]
[2026-05-18 11:25:58]   Subject 2 summary: acc=0.4071±0.0825  bal_acc=0.4083±0.0808  roc_auc=0.3208±0.2242

[2026-05-18 11:25:58] [CSP_LDA] Subject 3: 39 windows | class_counts=[20, 19]
[2026-05-18 11:25:59]   Subject 3 summary: acc=0.3821±0.1310  bal_acc=0.3750±0.1369  roc_auc=0.2792±0.0775

[2026-05-18 11:25:59] [CSP_LDA] Subject 4: 39 windows | class_counts=[20, 19]
[2026-05-18 11:26:00]   Subject 4 summary: acc=0.2357±0.1115  bal_acc=0.2417±0.1219  roc_auc=0.1667±0.1079

[2026-05-18 11:26:00] [CSP_LDA] Subject 5: 39 windows | class_counts=[20, 19]
[2026-05-18 11:26:02]   Subject 5 summary: acc=0.2536±0.0735  bal_acc=0.2583±0.0667  roc_auc=0.1833±0.0795

[2026-05-18 11:26:02] [CSP_LDA] Subject 6: 39 windows | class_counts=[20, 19]
[2026-05-18 11:26:03]   Subject 6 summary: acc=0.4107±0.0492  bal_acc=0.4083±0.0486  roc_auc=0.3417±0.1506

[2026-05-18 11:26:03] [CSP_LDA] Subject 7: 39 windows | class_counts=[20, 19]
[2026-05-18 11:26:04]   Subject 7 summary: acc=0.3571±0.0867  bal_acc=0.3583±0.0858  roc_auc=0.2583±0.1034

[2026-05-18 11:26:04] [CSP_LDA] Subject 8: 39 windows | class_counts=[20, 19]
[2026-05-18 11:26:06]   Subject 8 summary: acc=0.3821±0.1310  bal_acc=0.3833±0.1302  roc_auc=0.4208±0.2543

[2026-05-18 11:26:06] [CSP_LDA] Subject 9: 39 windows | class_counts=[20, 19]
[2026-05-18 11:26:07]   Subject 9 summary: acc=0.3071±0.1255  bal_acc=0.3083±0.1253  roc_auc=0.2667±0.2249

[2026-05-18 11:26:07] [CSP_LDA] Subject 10: 39 windows | class_counts=[20, 19]
[2026-05-18 11:26:09]   Subject 10 summary: acc=0.3357±0.0727  bal_acc=0.3417±0.0808  roc_auc=0.2292±0.0894

[2026-05-18 11:26:09] [CSP_LDA] Subject 11: 39 windows | class_counts=[20, 19]
[2026-05-18 11:26:10]   Subject 11 summary: acc=0.1750±0.1000  bal_acc=0.1750±0.1000  roc_auc=0.0750±0.0729

[2026-05-18 11:26:10] [CSP_LDA] Subject 12: 39 windows | class_counts=[20, 19]
[2026-05-18 11:26:11]   Subject 12 summary: acc=0.1786±0.0985  bal_acc=0.1750±0.1000  roc_auc=0.1250±0.1186

[2026-05-18 11:26:11] [CSP_LDA] Subject 13: 39 windows | class_counts=[20, 19]
[2026-05-18 11:26:13]   Subject 13 summary: acc=0.4607±0.0941  bal_acc=0.4750±0.0935  roc_auc=0.3542±0.1520

[2026-05-18 11:26:13] [CSP_LDA] Subject 14: 39 windows | class_counts=[20, 19]
[2026-05-18 11:26:14]   Subject 14 summary: acc=0.2821±0.0484  bal_acc=0.2833±0.0486  roc_auc=0.1208±0.0517

[2026-05-18 11:26:14] [CSP_LDA] Subject 15: 39 windows | class_counts=[20, 19]
[2026-05-18 11:26:15]   Subject 15 summary: acc=0.2571±0.1127  bal_acc=0.2500±0.1118  roc_auc=0.1250±0.1581

[2026-05-18 11:26:15] [CSP_LDA] Subject 16: 39 windows | class_counts=[20, 19]
[2026-05-18 11:26:17]   Subject 16 summary: acc=0.3071±0.0974  bal_acc=0.3000±0.1000  roc_auc=0.2333±0.1567

[2026-05-18 11:26:17] [CSP_LDA] Subject 17: 39 windows | class_counts=[20, 19]
[2026-05-18 11:26:18]   Subject 17 summary: acc=0.3607±0.0987  bal_acc=0.3583±0.0972  roc_auc=0.2500±0.0000

[2026-05-18 11:26:18] [CSP_LDA] Subject 18: 39 windows | class_counts=[20, 19]
[2026-05-18 11:26:19]   Subject 18 summary: acc=0.2107±0.1430  bal_acc=0.2083±0.1394  roc_auc=0.1208±0.1550

[2026-05-18 11:26:19] [CSP_LDA] Subject 19: 39 windows | class_counts=[20, 19]
[2026-05-18 11:26:21]   Subject 19 summary: acc=0.3321±0.0956  bal_acc=0.3417±0.0928  roc_auc=0.2583±0.1360

[2026-05-18 11:26:21] [CSP_LDA] Subject 20: 39 windows | class_counts=[20, 19]
[2026-05-18 11:26:22]   Subject 20 summary: acc=0.5143±0.1607  bal_acc=0.5083±0.1590  roc_auc=0.4167±0.1603

[2026-05-18 11:26:22] [CSP_LDA] Subject 21: 39 windows | class_counts=[20, 19]
[2026-05-18 11:26:23]   Subject 21 summary: acc=0.3607±0.0987  bal_acc=0.3583±0.0972  roc_auc=0.2875±0.1090

[2026-05-18 11:26:23] [CSP_LDA] Subject 22: 39 windows | class_counts=[20, 19]
[2026-05-18 11:26:25]   Subject 22 summary: acc=0.3036±0.1227  bal_acc=0.3083±0.1167  roc_auc=0.1958±0.0626

[2026-05-18 11:26:25] [CSP_LDA] Subject 23: 39 windows | class_counts=[20, 19]
[2026-05-18 11:26:26]   Subject 23 summary: acc=0.2071±0.0683  bal_acc=0.2000±0.0612  roc_auc=0.1250±0.1046

[2026-05-18 11:26:26] [CSP_LDA] Subject 24: 39 windows | class_counts=[20, 19]
[2026-05-18 11:26:27]   Subject 24 summary: acc=0.2786±0.1422  bal_acc=0.2833±0.1379  roc_auc=0.2750±0.0637

[2026-05-18 11:26:27] [CSP_LDA] Subject 25: 39 windows | class_counts=[20, 19]
[2026-05-18 11:26:29]   Subject 25 summary: acc=0.1786±0.1687  bal_acc=0.1750±0.1696  roc_auc=0.1708±0.1740

[2026-05-18 11:26:29] [CSP_LDA] Subject 26: 39 windows | class_counts=[20, 19]
[2026-05-18 11:26:30]   Subject 26 summary: acc=0.3286±0.2148  bal_acc=0.3250±0.2179  roc_auc=0.3000±0.2481

[2026-05-18 11:26:30] [CSP_LDA] Subject 27: 39 windows | class_counts=[20, 19]
[2026-05-18 11:26:31]   Subject 27 summary: acc=0.3250±0.1696  bal_acc=0.3250±0.1696  roc_auc=0.2375±0.1601

[2026-05-18 11:26:31] [CSP_LDA] Subject 28: 39 windows | class_counts=[20, 19]
[2026-05-18 11:26:33]   Subject 28 summary: acc=0.1250±0.1118  bal_acc=0.1250±0.1118  roc_auc=0.0875±0.1090

[2026-05-18 11:26:33] [CSP_LDA] Subject 29: 39 windows | class_counts=[20, 19]
[2026-05-18 11:26:34]   Subject 29 summary: acc=0.3357±0.0727  bal_acc=0.3417±0.0808  roc_auc=0.2188±0.0484

[2026-05-18 11:26:34] [CSP_LDA] Subject 30: 39 windows | class_counts=[20, 19]
[2026-05-18 11:26:35]   Subject 30 summary: acc=0.1000±0.0935  bal_acc=0.1000±0.0935  roc_auc=0.0750±0.0919

[2026-05-18 11:26:35] [CSP_LDA] Subject 31: 39 windows | class_counts=[20, 19]
[2026-05-18 11:26:37]   Subject 31 summary: acc=0.2536±0.0735  bal_acc=0.2583±0.0667  roc_auc=0.2042±0.1167

[2026-05-18 11:26:37] [CSP_LDA] Subject 32: 39 windows | class_counts=[20, 19]
[2026-05-18 11:26:38]   Subject 32 summary: acc=0.2607±0.1854  bal_acc=0.2667±0.1911  roc_auc=0.1167±0.1282

[2026-05-18 11:26:38] [CSP_LDA] Subject 33: 39 windows | class_counts=[20, 19]
[2026-05-18 11:26:40]   Subject 33 summary: acc=0.2607±0.1251  bal_acc=0.2500±0.1118  roc_auc=0.1917±0.0945

[2026-05-18 11:26:40] [CSP_LDA] Subject 34: 39 windows | class_counts=[20, 19]
[2026-05-18 11:26:41]   Subject 34 summary: acc=0.4857±0.1154  bal_acc=0.4833±0.1167  roc_auc=0.2583±0.1034

[2026-05-18 11:26:41] [CSP_LDA] Subject 35: 39 windows | class_counts=[20, 19]
[2026-05-18 11:26:42]   Subject 35 summary: acc=0.3536±0.1403  bal_acc=0.3583±0.1333  roc_auc=0.3542±0.1941

[2026-05-18 11:26:42] [CSP_LDA] Subject 36: 39 windows | class_counts=[20, 19]
[2026-05-18 11:26:44]   Subject 36 summary: acc=0.3321±0.1471  bal_acc=0.3250±0.1500  roc_auc=0.2208±0.1341

[2026-05-18 11:26:44] [CSP_LDA] Subject 37: 39 windows | class_counts=[20, 19]
[2026-05-18 11:26:45]   Subject 37 summary: acc=0.3857±0.1386  bal_acc=0.3917±0.1409  roc_auc=0.3167±0.0690

[2026-05-18 11:26:45] [CSP_LDA] Subject 38: 39 windows | class_counts=[20, 19]
[2026-05-18 11:26:47]   Subject 38 summary: acc=0.2786±0.0879  bal_acc=0.2750±0.0935  roc_auc=0.2708±0.1376

[2026-05-18 11:26:47] [CSP_LDA] Subject 39: 39 windows | class_counts=[20, 19]
[2026-05-18 11:26:48]   Subject 39 summary: acc=0.3607±0.1265  bal_acc=0.3667±0.1302  roc_auc=0.3292±0.1740

[2026-05-18 11:26:48] [CSP_LDA] Subject 40: 39 windows | class_counts=[20, 19]
[2026-05-18 11:26:49]   Subject 40 summary: acc=0.1786±0.0587  bal_acc=0.1833±0.0565  roc_auc=0.1958±0.0840

[2026-05-18 11:26:49] [CSP_LDA] Subject 41: 39 windows | class_counts=[20, 19]
[2026-05-18 11:26:51]   Subject 41 summary: acc=0.3321±0.1471  bal_acc=0.3417±0.1453  roc_auc=0.2167±0.1670

[2026-05-18 11:26:51] [CSP_LDA] Subject 42: 39 windows | class_counts=[20, 19]
[2026-05-18 11:26:52]   Subject 42 summary: acc=0.4286±0.1979  bal_acc=0.4250±0.2031  roc_auc=0.3375±0.2487

[2026-05-18 11:26:52] [CSP_LDA] Subject 43: 39 windows | class_counts=[20, 19]
[2026-05-18 11:26:53]   Subject 43 summary: acc=0.3036±0.1459  bal_acc=0.3000±0.1500  roc_auc=0.2000±0.2143

[2026-05-18 11:26:53] [CSP_LDA] Subject 44: 39 windows | class_counts=[20, 19]
[2026-05-18 11:26:55]   Subject 44 summary: acc=0.2321±0.0965  bal_acc=0.2333±0.0972  roc_auc=0.1375±0.1000

[2026-05-18 11:26:55] [CSP_LDA] Subject 45: 39 windows | class_counts=[20, 19]
[2026-05-18 11:26:56]   Subject 45 summary: acc=0.3857±0.1386  bal_acc=0.3833±0.1379  roc_auc=0.3375±0.1090

[2026-05-18 11:26:56] [CSP_LDA] Subject 46: 39 windows | class_counts=[20, 19]
[2026-05-18 11:26:58]   Subject 46 summary: acc=0.1036±0.1466  bal_acc=0.1000±0.1458  roc_auc=0.0667±0.0972

[2026-05-18 11:26:58] [CSP_LDA] Subject 47: 39 windows | class_counts=[20, 19]
[2026-05-18 11:26:59]   Subject 47 summary: acc=0.1786±0.0985  bal_acc=0.1750±0.1000  roc_auc=0.0750±0.0729

[2026-05-18 11:26:59] [CSP_LDA] Subject 48: 39 windows | class_counts=[20, 19]
[2026-05-18 11:27:00]   Subject 48 summary: acc=0.2071±0.0683  bal_acc=0.2083±0.0697  roc_auc=0.1042±0.1171

[2026-05-18 11:27:00] [CSP_LDA] Subject 49: 39 windows | class_counts=[20, 19]
[2026-05-18 11:27:02]   Subject 49 summary: acc=0.1786±0.0587  bal_acc=0.1833±0.0565  roc_auc=0.1292±0.0333

[2026-05-18 11:27:02] [CSP_LDA] Subject 50: 39 windows | class_counts=[20, 19]
[2026-05-18 11:27:03]   Subject 50 summary: acc=0.2000±0.1275  bal_acc=0.2000±0.1275  roc_auc=0.1500±0.1159

[2026-05-18 11:27:03] Completed CSP_LDA: 250 folds

[2026-05-18 11:27:03] ======================================================================
[2026-05-18 11:27:03] RUNNING MODEL: FBCSP_LDA
[2026-05-18 11:27:03] ======================================================================

[2026-05-18 11:27:03] [FBCSP_LDA] Subject 1: 39 windows | class_counts=[20, 19]
[2026-05-18 11:27:16]   Subject 1 summary: acc=0.2071±0.0683  bal_acc=0.2083±0.0697  roc_auc=0.1167±0.0808

[2026-05-18 11:27:16] [FBCSP_LDA] Subject 2: 39 windows | class_counts=[20, 19]
[2026-05-18 11:27:28]   Subject 2 summary: acc=0.0536±0.0659  bal_acc=0.0500±0.0612  roc_auc=0.0000±0.0000

[2026-05-18 11:27:28] [FBCSP_LDA] Subject 3: 39 windows | class_counts=[20, 19]
[2026-05-18 11:27:40]   Subject 3 summary: acc=0.1571±0.1019  bal_acc=0.1583±0.1034  roc_auc=0.0333±0.0667

[2026-05-18 11:27:40] [FBCSP_LDA] Subject 4: 39 windows | class_counts=[20, 19]
[2026-05-18 11:27:53]   Subject 4 summary: acc=0.1000±0.0935  bal_acc=0.1000±0.0935  roc_auc=0.0500±0.0612

[2026-05-18 11:27:53] [FBCSP_LDA] Subject 5: 39 windows | class_counts=[20, 19]
[2026-05-18 11:28:05]   Subject 5 summary: acc=0.0500±0.0612  bal_acc=0.0500±0.0612  roc_auc=0.0000±0.0000

[2026-05-18 11:28:05] [FBCSP_LDA] Subject 6: 39 windows | class_counts=[20, 19]
[2026-05-18 11:28:17]   Subject 6 summary: acc=0.1000±0.0935  bal_acc=0.1000±0.0935  roc_auc=0.0375±0.0500

[2026-05-18 11:28:17] [FBCSP_LDA] Subject 7: 39 windows | class_counts=[20, 19]
[2026-05-18 11:28:29]   Subject 7 summary: acc=0.2857±0.1544  bal_acc=0.2917±0.1603  roc_auc=0.1750±0.1335

[2026-05-18 11:28:29] [FBCSP_LDA] Subject 8: 39 windows | class_counts=[20, 19]
[2026-05-18 11:28:41]   Subject 8 summary: acc=0.2536±0.1080  bal_acc=0.2500±0.1118  roc_auc=0.1250±0.1046

[2026-05-18 11:28:41] [FBCSP_LDA] Subject 9: 39 windows | class_counts=[20, 19]
[2026-05-18 11:28:53]   Subject 9 summary: acc=0.0536±0.0659  bal_acc=0.0583±0.0726  roc_auc=0.0292±0.0363

[2026-05-18 11:28:53] [FBCSP_LDA] Subject 10: 39 windows | class_counts=[20, 19]
[2026-05-18 11:29:06]   Subject 10 summary: acc=0.0500±0.0612  bal_acc=0.0500±0.0612  roc_auc=0.0250±0.0500

[2026-05-18 11:29:06] [FBCSP_LDA] Subject 11: 39 windows | class_counts=[20, 19]
[2026-05-18 11:29:18]   Subject 11 summary: acc=0.1571±0.1513  bal_acc=0.1500±0.1458  roc_auc=0.0250±0.0500

[2026-05-18 11:29:18] [FBCSP_LDA] Subject 12: 39 windows | class_counts=[20, 19]
[2026-05-18 11:29:30]   Subject 12 summary: acc=0.0500±0.0612  bal_acc=0.0500±0.0612  roc_auc=0.0125±0.0250

[2026-05-18 11:29:30] [FBCSP_LDA] Subject 13: 39 windows | class_counts=[20, 19]
[2026-05-18 11:29:42]   Subject 13 summary: acc=0.2036±0.0975  bal_acc=0.2000±0.1000  roc_auc=0.1583±0.0486

[2026-05-18 11:29:42] [FBCSP_LDA] Subject 14: 39 windows | class_counts=[20, 19]
[2026-05-18 11:29:54]   Subject 14 summary: acc=0.0750±0.1000  bal_acc=0.0750±0.1000  roc_auc=0.0125±0.0250

[2026-05-18 11:29:54] [FBCSP_LDA] Subject 15: 39 windows | class_counts=[20, 19]
[2026-05-18 11:30:07]   Subject 15 summary: acc=0.0500±0.0612  bal_acc=0.0500±0.0612  roc_auc=0.0125±0.0250

[2026-05-18 11:30:07] [FBCSP_LDA] Subject 16: 39 windows | class_counts=[20, 19]
[2026-05-18 11:30:19]   Subject 16 summary: acc=0.1286±0.1371  bal_acc=0.1333±0.1379  roc_auc=0.1000±0.1458

[2026-05-18 11:30:19] [FBCSP_LDA] Subject 17: 39 windows | class_counts=[20, 19]
[2026-05-18 11:30:31]   Subject 17 summary: acc=0.1000±0.0935  bal_acc=0.1000±0.0935  roc_auc=0.0125±0.0250

[2026-05-18 11:30:31] [FBCSP_LDA] Subject 18: 39 windows | class_counts=[20, 19]
[2026-05-18 11:30:43]   Subject 18 summary: acc=0.1536±0.1220  bal_acc=0.1583±0.1219  roc_auc=0.1000±0.1016

[2026-05-18 11:30:43] [FBCSP_LDA] Subject 19: 39 windows | class_counts=[20, 19]
[2026-05-18 11:30:55]   Subject 19 summary: acc=0.0786±0.1020  bal_acc=0.0833±0.1054  roc_auc=0.0250±0.0500

[2026-05-18 11:30:55] [FBCSP_LDA] Subject 20: 39 windows | class_counts=[20, 19]
[2026-05-18 11:31:08]   Subject 20 summary: acc=0.2571±0.1377  bal_acc=0.2500±0.1369  roc_auc=0.2292±0.1193

[2026-05-18 11:31:08] [FBCSP_LDA] Subject 21: 39 windows | class_counts=[20, 19]
[2026-05-18 11:31:20]   Subject 21 summary: acc=0.2821±0.1452  bal_acc=0.2833±0.1453  roc_auc=0.0667±0.0690

[2026-05-18 11:31:20] [FBCSP_LDA] Subject 22: 39 windows | class_counts=[20, 19]
[2026-05-18 11:31:32]   Subject 22 summary: acc=0.2536±0.1554  bal_acc=0.2500±0.1581  roc_auc=0.1292±0.0761

[2026-05-18 11:31:32] [FBCSP_LDA] Subject 23: 39 windows | class_counts=[20, 19]
[2026-05-18 11:31:44]   Subject 23 summary: acc=0.1000±0.0500  bal_acc=0.1000±0.0500  roc_auc=0.0125±0.0250

[2026-05-18 11:31:44] [FBCSP_LDA] Subject 24: 39 windows | class_counts=[20, 19]
[2026-05-18 11:31:57]   Subject 24 summary: acc=0.3071±0.0569  bal_acc=0.3000±0.0612  roc_auc=0.2292±0.1236

[2026-05-18 11:31:57] [FBCSP_LDA] Subject 25: 39 windows | class_counts=[20, 19]
[2026-05-18 11:32:09]   Subject 25 summary: acc=0.1000±0.0500  bal_acc=0.1000±0.0500  roc_auc=0.1000±0.0935

[2026-05-18 11:32:09] [FBCSP_LDA] Subject 26: 39 windows | class_counts=[20, 19]
[2026-05-18 11:32:23]   Subject 26 summary: acc=0.0750±0.1000  bal_acc=0.0750±0.1000  roc_auc=0.0125±0.0250

[2026-05-18 11:32:23] [FBCSP_LDA] Subject 27: 39 windows | class_counts=[20, 19]
[2026-05-18 11:32:36]   Subject 27 summary: acc=0.2536±0.0735  bal_acc=0.2583±0.0667  roc_auc=0.0375±0.0500

[2026-05-18 11:32:36] [FBCSP_LDA] Subject 28: 39 windows | class_counts=[20, 19]
[2026-05-18 11:32:48]   Subject 28 summary: acc=0.1286±0.0794  bal_acc=0.1333±0.0808  roc_auc=0.0000±0.0000

[2026-05-18 11:32:48] [FBCSP_LDA] Subject 29: 39 windows | class_counts=[20, 19]
[2026-05-18 11:33:01]   Subject 29 summary: acc=0.1786±0.0985  bal_acc=0.1833±0.0972  roc_auc=0.0500±0.0612

[2026-05-18 11:33:01] [FBCSP_LDA] Subject 30: 39 windows | class_counts=[20, 19]
[2026-05-18 11:33:14]   Subject 30 summary: acc=0.0000±0.0000  bal_acc=0.0000±0.0000  roc_auc=0.0000±0.0000

[2026-05-18 11:33:14] [FBCSP_LDA] Subject 31: 39 windows | class_counts=[20, 19]
[2026-05-18 11:33:27]   Subject 31 summary: acc=0.1821±0.0709  bal_acc=0.1750±0.0612  roc_auc=0.0875±0.1090

[2026-05-18 11:33:27] [FBCSP_LDA] Subject 32: 39 windows | class_counts=[20, 19]
[2026-05-18 11:33:40]   Subject 32 summary: acc=0.0786±0.1020  bal_acc=0.0750±0.1000  roc_auc=0.0125±0.0250

[2026-05-18 11:33:40] [FBCSP_LDA] Subject 33: 39 windows | class_counts=[20, 19]
[2026-05-18 11:33:53]   Subject 33 summary: acc=0.1000±0.0500  bal_acc=0.1000±0.0500  roc_auc=0.0375±0.0750

[2026-05-18 11:33:53] [FBCSP_LDA] Subject 34: 39 windows | class_counts=[20, 19]
[2026-05-18 11:34:06]   Subject 34 summary: acc=0.1821±0.0709  bal_acc=0.1750±0.0612  roc_auc=0.0667±0.0972

[2026-05-18 11:34:06] [FBCSP_LDA] Subject 35: 39 windows | class_counts=[20, 19]
[2026-05-18 11:34:19]   Subject 35 summary: acc=0.0500±0.1000  bal_acc=0.0500±0.1000  roc_auc=0.0000±0.0000

[2026-05-18 11:34:19] [FBCSP_LDA] Subject 36: 39 windows | class_counts=[20, 19]
[2026-05-18 11:34:31]   Subject 36 summary: acc=0.1036±0.0522  bal_acc=0.1083±0.0565  roc_auc=0.0375±0.0750

[2026-05-18 11:34:31] [FBCSP_LDA] Subject 37: 39 windows | class_counts=[20, 19]
[2026-05-18 11:34:44]   Subject 37 summary: acc=0.1036±0.0948  bal_acc=0.1083±0.0972  roc_auc=0.0542±0.0741

[2026-05-18 11:34:44] [FBCSP_LDA] Subject 38: 39 windows | class_counts=[20, 19]
[2026-05-18 11:34:57]   Subject 38 summary: acc=0.1286±0.0071  bal_acc=0.1250±0.0000  roc_auc=0.0500±0.0250

[2026-05-18 11:34:57] [FBCSP_LDA] Subject 39: 39 windows | class_counts=[20, 19]
[2026-05-18 11:35:10]   Subject 39 summary: acc=0.1036±0.0522  bal_acc=0.1000±0.0500  roc_auc=0.0417±0.0527

[2026-05-18 11:35:10] [FBCSP_LDA] Subject 40: 39 windows | class_counts=[20, 19]
[2026-05-18 11:35:22]   Subject 40 summary: acc=0.2107±0.1430  bal_acc=0.2167±0.1523  roc_auc=0.0750±0.1000

[2026-05-18 11:35:22] [FBCSP_LDA] Subject 41: 39 windows | class_counts=[20, 19]
[2026-05-18 11:35:35]   Subject 41 summary: acc=0.0000±0.0000  bal_acc=0.0000±0.0000  roc_auc=0.0000±0.0000

[2026-05-18 11:35:35] [FBCSP_LDA] Subject 42: 39 windows | class_counts=[20, 19]
[2026-05-18 11:35:48]   Subject 42 summary: acc=0.2071±0.0683  bal_acc=0.2083±0.0697  roc_auc=0.1500±0.1016

[2026-05-18 11:35:48] [FBCSP_LDA] Subject 43: 39 windows | class_counts=[20, 19]
[2026-05-18 11:36:01]   Subject 43 summary: acc=0.0500±0.0612  bal_acc=0.0500±0.0612  roc_auc=0.0125±0.0250

[2026-05-18 11:36:01] [FBCSP_LDA] Subject 44: 39 windows | class_counts=[20, 19]
[2026-05-18 11:36:13]   Subject 44 summary: acc=0.0500±0.0612  bal_acc=0.0500±0.0612  roc_auc=0.0125±0.0250

[2026-05-18 11:36:13] [FBCSP_LDA] Subject 45: 39 windows | class_counts=[20, 19]
[2026-05-18 11:36:26]   Subject 45 summary: acc=0.0500±0.0612  bal_acc=0.0500±0.0612  roc_auc=0.0000±0.0000

[2026-05-18 11:36:26] [FBCSP_LDA] Subject 46: 39 windows | class_counts=[20, 19]
[2026-05-18 11:36:39]   Subject 46 summary: acc=0.0536±0.0659  bal_acc=0.0500±0.0612  roc_auc=0.0000±0.0000

[2026-05-18 11:36:39] [FBCSP_LDA] Subject 47: 39 windows | class_counts=[20, 19]
[2026-05-18 11:36:52]   Subject 47 summary: acc=0.1286±0.0794  bal_acc=0.1333±0.0808  roc_auc=0.0000±0.0000

[2026-05-18 11:36:52] [FBCSP_LDA] Subject 48: 39 windows | class_counts=[20, 19]
[2026-05-18 11:37:04]   Subject 48 summary: acc=0.1786±0.1263  bal_acc=0.1750±0.1275  roc_auc=0.0375±0.0500

[2026-05-18 11:37:04] [FBCSP_LDA] Subject 49: 39 windows | class_counts=[20, 19]
[2026-05-18 11:37:17]   Subject 49 summary: acc=0.2036±0.0571  bal_acc=0.2083±0.0527  roc_auc=0.0250±0.0306

[2026-05-18 11:37:17] [FBCSP_LDA] Subject 50: 39 windows | class_counts=[20, 19]
[2026-05-18 11:37:29]   Subject 50 summary: acc=0.1536±0.0929  bal_acc=0.1583±0.0928  roc_auc=0.0625±0.0685

[2026-05-18 11:37:29] Completed FBCSP_LDA: 250 folds

[2026-05-18 11:37:29] All requested CSP/FBCSP models completed.
[2026-05-18 11:37:29] ======================================================================
[2026-05-18 11:37:29] AGGREGATED RESULTS
[2026-05-18 11:37:29] ======================================================================
[2026-05-18 11:37:29]   CSP_LDA: acc=0.2934±0.1537  bal_acc=0.2938±0.1542  roc_auc=0.2179±0.1660  folds=250
[2026-05-18 11:37:29]   FBCSP_LDA: acc=0.1312±0.1198  bal_acc=0.1313±0.1199  roc_auc=0.0536±0.0879  folds=250
[2026-05-18 11:37:29] ======================================================================
[2026-05-18 11:37:29] Prediction collapse diagnostics
[2026-05-18 11:37:29] {
  "CSP_LDA": {
    "n_folds": 250,
    "n_collapsed_single_class": 1,
    "collapsed_fraction": 0.004,
    "single_class_prediction_counts": {
      "0": 0,
      "1": 1
    }
  },
  "FBCSP_LDA": {
    "n_folds": 250,
    "n_collapsed_single_class": 0,
    "collapsed_fraction": 0.0,
    "single_class_prediction_counts": {
      "0": 0,
      "1": 0
    }
  }
}
[2026-05-18 11:37:29] CV results saved to:      /Users/vadim/Documents/School/Spring 2026/CSCE A698 Individual Research/EEG_JEPA/artifacts/liu2024-csp-fbcsp-baselines/MI/20260518_1125_574fb698/cv_results.json
[2026-05-18 11:37:29] Subject metrics saved to: /Users/vadim/Documents/School/Spring 2026/CSCE A698 Individual Research/EEG_JEPA/artifacts/liu2024-csp-fbcsp-baselines/MI/20260518_1125_574fb698/subject_metrics.json
[2026-05-18 11:37:29] Global metrics saved to:  /Users/vadim/Documents/School/Spring 2026/CSCE A698 Individual Research/EEG_JEPA/artifacts/liu2024-csp-fbcsp-baselines/MI/20260518_1125_574fb698/global_metrics.json
[2026-05-18 11:37:29] Collapse diagnostics saved to: /Users/vadim/Documents/School/Spring 2026/CSCE A698 Individual Research/EEG_JEPA/artifacts/liu2024-csp-fbcsp-baselines/MI/20260518_1125_574fb698/collapse_diagnostics.json
[2026-05-18 11:37:29] Run metadata saved to:    /Users/vadim/Documents/School/Spring 2026/CSCE A698 Individual Research/EEG_JEPA/artifacts/liu2024-csp-fbcsp-baselines/MI/20260518_1125_574fb698/run_metadata.json

[2026-05-18 11:37:29] All artifacts in: /Users/vadim/Documents/School/Spring 2026/CSCE A698 Individual Research/EEG_JEPA/artifacts/liu2024-csp-fbcsp-baselines/MI/20260518_1125_574fb698

[2026-05-18 11:37:29] ======================================================================
[2026-05-18 11:37:29] EXPERIMENT SUMMARY
[2026-05-18 11:37:29] ======================================================================
[2026-05-18 11:37:29] Run ID:    20260518_1125_574fb698
[2026-05-18 11:37:29] Artifacts: /Users/vadim/Documents/School/Spring 2026/CSCE A698 Individual Research/EEG_JEPA/artifacts/liu2024-csp-fbcsp-baselines/MI/20260518_1125_574fb698

[2026-05-18 11:37:29] Configuration:
[2026-05-18 11:37:29]   Dataset name:           Liu2024
[2026-05-18 11:37:29]   Dataset source:         auto -> concat
[2026-05-18 11:37:29]   Subjects:               50 subjects
[2026-05-18 11:37:29]   Excluded subjects:      []
[2026-05-18 11:37:29]   Labels kept:            ['left_hand', 'right_hand']
[2026-05-18 11:37:29]   Paradigm:               MI
[2026-05-18 11:37:29]   Bandpass:               0.5-40.0 Hz
[2026-05-18 11:37:29]   Resample:               128 Hz
[2026-05-18 11:37:29]   Window duration:        4.2 s
[2026-05-18 11:37:29]   CV folds:               5
[2026-05-18 11:37:29]   Classifier:             lda

[2026-05-18 11:37:29] Results:
[2026-05-18 11:37:29]   CSP_LDA:
[2026-05-18 11:37:29]     Mean Accuracy:          0.2934 ± 0.1537
[2026-05-18 11:37:29]     Mean Balanced Accuracy: 0.2938 ± 0.1542
[2026-05-18 11:37:29]     Mean ROC-AUC:           0.2179 ± 0.1660
[2026-05-18 11:37:29]     Single-class folds:     1 / 250 (0.004)
[2026-05-18 11:37:29]   FBCSP_LDA:
[2026-05-18 11:37:29]     Mean Accuracy:          0.1312 ± 0.1198
[2026-05-18 11:37:29]     Mean Balanced Accuracy: 0.1313 ± 0.1199
[2026-05-18 11:37:29]     Mean ROC-AUC:           0.0536 ± 0.0879
[2026-05-18 11:37:29]     Single-class folds:     0 / 250 (0.000)
[2026-05-18 11:37:29] ======================================================================
