[2026-07-12 13:10:37] Run ID:     20260712_131037_543051_34850d92
[2026-07-12 13:10:37] Artifacts:  /Users/vadim/Documents/School/Spring 2026/CSCE A698 Individual Research/EEG_JEPA/artifacts/liu2024-multiscale-riemann-fusion/20260712_131037_543051_34850d92
[2026-07-12 13:10:37] Config:     /Users/vadim/Documents/School/Spring 2026/CSCE A698 Individual Research/EEG_JEPA/artifacts/liu2024-multiscale-riemann-fusion/20260712_131037_543051_34850d92/config.json
[2026-07-12 13:10:37] Seed initialized: 2026
[2026-07-12 13:10:37] ========================================================================
[2026-07-12 13:10:37] {
  "artifact_dir": "/Users/vadim/Documents/School/Spring 2026/CSCE A698 Individual Research/EEG_JEPA/artifacts/liu2024-multiscale-riemann-fusion",
  "asymmetry_pairs": [
    [
      "C3",
      "C4"
    ],
    [
      "FC3",
      "FC4"
    ],
    [
      "CP3",
      "CP4"
    ],
    [
      "P3",
      "P4"
    ]
  ],
  "average_reference": true,
  "bands_hz": [
    [
      8,
      12
    ],
    [
      13,
      20
    ],
    [
      20,
      30
    ],
    [
      8,
      30
    ]
  ],
  "base_classifier": "tangent_lda",
  "bootstrap_iterations": 10000,
  "bootstrap_seed": 202607,
  "channel_indices": [
    0,
    1,
    2,
    3,
    4,
    5,
    6,
    7,
    8,
    9,
    10,
    11,
    12,
    13,
    14,
    15,
    16,
    18,
    19,
    20,
    21,
    22,
    23,
    24,
    25,
    26,
    27,
    28,
    29
  ],
  "channel_names": [
    "Fp1",
    "Fp2",
    "Fz",
    "F3",
    "F4",
    "F7",
    "F8",
    "FCz",
    "FC3",
    "FC4",
    "FT7",
    "FT8",
    "Cz",
    "C3",
    "C4",
    "T3",
    "T4",
    "CP3",
    "CP4",
    "TP7",
    "TP8",
    "Pz",
    "P3",
    "P4",
    "T5",
    "T6",
    "Oz",
    "O1",
    "O2"
  ],
  "collapse_threshold": 0.95,
  "config_note": "Filtering-context control: change only to independent full-trial filtering before marker-relative MI crop.",
  "covariance_block_samples": 250,
  "covariance_cache_dir": "/Users/vadim/Documents/School/Spring 2026/CSCE A698 Individual Research/EEG_JEPA/artifacts/covariance_cache/multiscale_riemann_fusion",
  "covariance_downsample_factor": 4,
  "covariance_estimator": "oas",
  "device": "auto",
  "enable_learned_stack": true,
  "enable_sjepa": false,
  "experiment_name": "multiscale_development_full29_fulltrial_oas_tangent_lda",
  "filter_context": "full_trial_then_crop",
  "filter_order": 4,
  "fixed_shrinkage": 0.05,
  "fixed_single_view": {
    "band_hz": [
      8,
      30
    ],
    "scale": "4s",
    "start_s": 0.0
  },
  "inner_folds": 4,
  "lv14_subject_ids": [
    1,
    3,
    7,
    9,
    10,
    11,
    14,
    15,
    17,
    29,
    31,
    32,
    37,
    41
  ],
  "marker_channel_index": 32,
  "mi_window_s": [
    0.0,
    4.0
  ],
  "onset_fallback_sample": 1003,
  "onset_marker_value": 2,
  "onset_plausible_range": [
    800,
    1300
  ],
  "outer_folds": 5,
  "outer_protocol": "stratified_5fold",
  "prototype_shrinkage": 0.25,
  "ridge_logistic_C": 0.1,
  "seed": 2026,
  "selection_stability_lambda": 0.25,
  "sensitivity_repeats": 10,
  "sensitivity_test_size": 0.4,
  "set_seed": true,
  "sfreq": 500,
  "sjepa_bandpass_hz": [
    0.5,
    40.0
  ],
  "sjepa_batch_size": 32,
  "sjepa_cache_dir": "/Users/vadim/Documents/School/Spring 2026/CSCE A698 Individual Research/EEG_JEPA/artifacts/sjepa_embedding_cache/multiscale_riemann_fusion",
  "sjepa_cache_policy": "refuse",
  "sjepa_checkpoint_path": null,
  "sjepa_hook": "feature_encoder",
  "sjepa_model_id": "braindecode/signal-jepa_without-chans",
  "sjepa_model_revision": null,
  "sjepa_pooling": "mean",
  "sjepa_sfreq": 128,
  "sjepa_window_s": [
    0.0,
    4.0
  ],
  "source_extract_dir": "/Users/vadim/Documents/School/Spring 2026/CSCE A698 Individual Research/EEG_JEPA/liu2024_data/liu2024_figshare/sourcedata",
  "spatial_mode": "full29",
  "split_random_state": 2026,
  "stack_C": 0.05,
  "stack_l1_ratio": 0.5,
  "subjects_to_use": null,
  "tangent_metric": "riemann",
  "tangent_pca_max_components": 8,
  "temporal_scales": {
    "1s": {
      "length_s": 1.0,
      "starts_s": [
        0.0,
        1.0,
        2.0,
        3.0
      ]
    },
    "2s": {
      "length_s": 2.0,
      "starts_s": [
        0.0,
        1.0,
        2.0
      ]
    },
    "4s": {
      "length_s": 4.0,
      "starts_s": [
        0.0
      ]
    }
  },
  "top_k_views": 5,
  "trace_normalize": true
}
[2026-07-12 13:10:37] ========================================================================
[2026-07-12 13:11:12] sub-01: completed 5 outer splits
[2026-07-12 13:11:46] sub-02: completed 5 outer splits
[2026-07-12 13:12:23] sub-03: completed 5 outer splits
[2026-07-12 13:12:57] sub-04: completed 5 outer splits
[2026-07-12 13:13:32] sub-05: completed 5 outer splits
[2026-07-12 13:14:09] sub-06: completed 5 outer splits
[2026-07-12 13:14:44] sub-07: completed 5 outer splits
[2026-07-12 13:15:19] sub-08: completed 5 outer splits
[2026-07-12 13:15:53] sub-09: completed 5 outer splits
[2026-07-12 13:16:28] sub-10: completed 5 outer splits
[2026-07-12 13:17:03] sub-11: completed 5 outer splits
[2026-07-12 13:17:39] sub-12: completed 5 outer splits
[2026-07-12 13:18:14] sub-13: completed 5 outer splits
[2026-07-12 13:18:48] sub-14: completed 5 outer splits
[2026-07-12 13:19:23] sub-15: completed 5 outer splits
[2026-07-12 13:19:58] sub-16: completed 5 outer splits
[2026-07-12 13:20:33] sub-17: completed 5 outer splits
[2026-07-12 13:21:07] sub-18: completed 5 outer splits
[2026-07-12 13:21:42] sub-19: completed 5 outer splits
[2026-07-12 13:22:17] sub-20: completed 5 outer splits
[2026-07-12 13:22:52] sub-21: completed 5 outer splits
[2026-07-12 13:23:27] sub-22: completed 5 outer splits
[2026-07-12 13:24:01] sub-23: completed 5 outer splits
[2026-07-12 13:24:37] sub-24: completed 5 outer splits
[2026-07-12 13:25:12] sub-25: completed 5 outer splits
[2026-07-12 13:25:47] sub-26: completed 5 outer splits
[2026-07-12 13:26:22] sub-27: completed 5 outer splits
[2026-07-12 13:26:55] sub-28: completed 5 outer splits
[2026-07-12 13:27:29] sub-29: completed 5 outer splits
[2026-07-12 13:28:03] sub-30: completed 5 outer splits
[2026-07-12 13:28:36] sub-31: completed 5 outer splits
[2026-07-12 13:29:10] sub-32: completed 5 outer splits
[2026-07-12 13:29:44] sub-33: completed 5 outer splits
[2026-07-12 13:30:19] sub-34: completed 5 outer splits
[2026-07-12 13:30:53] sub-35: completed 5 outer splits
[2026-07-12 13:31:27] sub-36: completed 5 outer splits
[2026-07-12 13:32:03] sub-37: completed 5 outer splits
[2026-07-12 13:32:37] sub-38: completed 5 outer splits
[2026-07-12 13:33:13] sub-39: completed 5 outer splits
[2026-07-12 13:33:47] sub-40: completed 5 outer splits
[2026-07-12 13:34:22] sub-41: completed 5 outer splits
[2026-07-12 13:34:56] sub-42: completed 5 outer splits
[2026-07-12 13:35:31] sub-43: completed 5 outer splits
[2026-07-12 13:36:07] sub-44: completed 5 outer splits
[2026-07-12 13:36:43] sub-45: completed 5 outer splits
[2026-07-12 13:37:18] sub-46: completed 5 outer splits
[2026-07-12 13:37:53] sub-47: completed 5 outer splits
[2026-07-12 13:38:27] sub-48: completed 5 outer splits
[2026-07-12 13:39:01] sub-49: completed 5 outer splits
[2026-07-12 13:39:35] sub-50: completed 5 outer splits
[2026-07-12 13:39:36] Primary metric: subject-level pooled outer-OOF BA, then mean across subjects
[2026-07-12 13:39:36] asymmetry: 52.85%
[2026-07-12 13:39:36] asymmetry_scale_1s: 52.60%
[2026-07-12 13:39:36] asymmetry_scale_2s: 52.85%
[2026-07-12 13:39:36] asymmetry_scale_4s: 51.80%
[2026-07-12 13:39:36] fixed_single_view: 52.35%
[2026-07-12 13:39:36] hierarchical_elastic_net_stack: 53.50%
[2026-07-12 13:39:36] nested_best_single_view: 51.10%
[2026-07-12 13:39:36] riemann_asymmetry_fusion: 53.30%
[2026-07-12 13:39:36] riemann_equal_multiscale: 52.75%
[2026-07-12 13:39:36] riemann_scale_1s: 52.35%
[2026-07-12 13:39:36] riemann_scale_2s: 52.30%
[2026-07-12 13:39:36] riemann_scale_4s: 51.30%
[2026-07-12 13:39:36] riemann_stable_topk: 53.80%
[2026-07-12 13:39:36] Planned subject-level comparisons: {
  "fusion_vs_riemann": {
    "method_a": "riemann_asymmetry_fusion",
    "method_b": "riemann_stable_topk",
    "n_subjects": 50,
    "mean_paired_delta": -0.004999999999999989,
    "bootstrap_95_ci": [
      -0.047499999999999994,
      0.039000000000000014
    ],
    "wilcoxon_statistic": 517.5,
    "wilcoxon_pvalue": 0.8015165509434101,
    "inference_unit": "subject"
  },
  "fusion_vs_sjepa": null
}
[2026-07-12 13:39:36] Fold failures: 0 (never replaced by constant or fallback models)
[2026-07-12 13:39:39] CV results saved to:      /Users/vadim/Documents/School/Spring 2026/CSCE A698 Individual Research/EEG_JEPA/artifacts/liu2024-multiscale-riemann-fusion/20260712_131037_543051_34850d92/cv_results.json
[2026-07-12 13:39:39] Subject metrics saved to: /Users/vadim/Documents/School/Spring 2026/CSCE A698 Individual Research/EEG_JEPA/artifacts/liu2024-multiscale-riemann-fusion/20260712_131037_543051_34850d92/subject_metrics.json
[2026-07-12 13:39:39] Global metrics saved to:  /Users/vadim/Documents/School/Spring 2026/CSCE A698 Individual Research/EEG_JEPA/artifacts/liu2024-multiscale-riemann-fusion/20260712_131037_543051_34850d92/global_metrics.json
[2026-07-12 13:39:39] Run metadata saved to:    /Users/vadim/Documents/School/Spring 2026/CSCE A698 Individual Research/EEG_JEPA/artifacts/liu2024-multiscale-riemann-fusion/20260712_131037_543051_34850d92/run_metadata.json
[2026-07-12 13:39:39] 
All artifacts in: /Users/vadim/Documents/School/Spring 2026/CSCE A698 Individual Research/EEG_JEPA/artifacts/liu2024-multiscale-riemann-fusion/20260712_131037_543051_34850d92
