Notebook:       /home/vegorov/Repos/eeg_jepa_research/src/liu2024/liu2024_source_mat_sjepa_prelocal_configurable_preprocessing.ipynb
Configurations: /home/vegorov/Repos/eeg_jepa_research/src/utils/experiments/configs/liu2024_sjepa_preprocessing_sweep_new_pretrained.json
Total configs:  28

[1/28] Running config override:
{
  "model_name": "SignalJEPA_PreLocal",
  "pretrained_mode": "from_pretrained",
  "strategy": "new",
  "source_unit": "microvolts",
  "final_model_unit": "microvolts",
  "target_window_s": 4.2,
  "target_window_samples": 537,
  "resample": true,
  "resample_sfreq": 128,
  "cv_folds": 5,
  "val_split": 0.2,
  "batch_size": 16,
  "learning_rate": 0.0005,
  "augmentation_noise_fraction": 0,
  "extract_spatial_conv_weights": true,
  "save_spatial_weight_plots": true,
  "plot_individual_spatial_filters": true,
  "demean_mode": "none",
  "reference_mode": "average",
  "reference_timing": "before_resample_filter",
  "filter_enabled": true,
  "filter_low": 0.5,
  "filter_high": 40.0,
  "filter_method": "fir",
  "notch_freqs": null,
  "mi_window_start_s": 2.0,
  "experiment_name": "p00_current_moabb_0p5_40_avgref_start2",
  "config_note": "Current notebook baseline: no source demean, average reference before resample/filter, 0.5-40 Hz FIR, 128 Hz, 2.0s crop start."
}
  status:       completed
  elapsed_sec:  389.109
  run_id:       20260522_1416_811a8767
  artifact_dir: /home/vegorov/Repos/eeg_jepa_research/artifacts/liu2024-source-mat-sjepa-prelocal/20260522_1416_811a8767

[2/28] Running config override:
{
  "model_name": "SignalJEPA_PreLocal",
  "pretrained_mode": "from_pretrained",
  "strategy": "new",
  "source_unit": "microvolts",
  "final_model_unit": "microvolts",
  "target_window_s": 4.2,
  "target_window_samples": 537,
  "resample": true,
  "resample_sfreq": 128,
  "cv_folds": 5,
  "val_split": 0.2,
  "batch_size": 16,
  "learning_rate": 0.0005,
  "augmentation_noise_fraction": 0,
  "extract_spatial_conv_weights": true,
  "save_spatial_weight_plots": true,
  "plot_individual_spatial_filters": true,
  "demean_mode": "trial_mean",
  "reference_mode": "average",
  "reference_timing": "before_resample_filter",
  "filter_enabled": true,
  "filter_low": 0.5,
  "filter_high": 40.0,
  "filter_method": "fir",
  "notch_freqs": null,
  "mi_window_start_s": 2.0,
  "experiment_name": "p01_liu_meanremove_0p5_40_avgref_start2",
  "config_note": "Liu processed-data inspired: whole-trial mean removal plus 0.5-40 Hz FIR and average reference."
}
  status:       completed
  elapsed_sec:  382.501
  run_id:       20260522_1423_052273e9
  artifact_dir: /home/vegorov/Repos/eeg_jepa_research/artifacts/liu2024-source-mat-sjepa-prelocal/20260522_1423_052273e9

[3/28] Running config override:
{
  "model_name": "SignalJEPA_PreLocal",
  "pretrained_mode": "from_pretrained",
  "strategy": "new",
  "source_unit": "microvolts",
  "final_model_unit": "microvolts",
  "target_window_s": 4.2,
  "target_window_samples": 537,
  "resample": true,
  "resample_sfreq": 128,
  "cv_folds": 5,
  "val_split": 0.2,
  "batch_size": 16,
  "learning_rate": 0.0005,
  "augmentation_noise_fraction": 0,
  "extract_spatial_conv_weights": true,
  "save_spatial_weight_plots": true,
  "plot_individual_spatial_filters": true,
  "demean_mode": "baseline_window_mean",
  "baseline_window_s": [
    0.0,
    2.0
  ],
  "reference_mode": "average",
  "reference_timing": "before_resample_filter",
  "filter_enabled": true,
  "filter_low": 0.5,
  "filter_high": 40.0,
  "filter_method": "fir",
  "notch_freqs": null,
  "mi_window_start_s": 2.0,
  "experiment_name": "p02_baseline0_2_mean_0p5_40_avgref_start2",
  "config_note": "Baseline-window mean removal using 0-2s source segment, then S-JEPA-like 0.5-40 Hz FIR."
}
  status:       completed
  elapsed_sec:  386.429
  run_id:       20260522_1429_6d47f66f
  artifact_dir: /home/vegorov/Repos/eeg_jepa_research/artifacts/liu2024-source-mat-sjepa-prelocal/20260522_1429_6d47f66f

[4/28] Running config override:
{
  "model_name": "SignalJEPA_PreLocal",
  "pretrained_mode": "from_pretrained",
  "strategy": "new",
  "source_unit": "microvolts",
  "final_model_unit": "microvolts",
  "target_window_s": 4.2,
  "target_window_samples": 537,
  "resample": true,
  "resample_sfreq": 128,
  "cv_folds": 5,
  "val_split": 0.2,
  "batch_size": 16,
  "learning_rate": 0.0005,
  "augmentation_noise_fraction": 0,
  "extract_spatial_conv_weights": true,
  "save_spatial_weight_plots": true,
  "plot_individual_spatial_filters": true,
  "demean_mode": "none",
  "reference_mode": "none",
  "reference_timing": "before_resample_filter",
  "filter_enabled": true,
  "filter_low": 0.5,
  "filter_high": 40.0,
  "filter_method": "fir",
  "notch_freqs": null,
  "mi_window_start_s": 2.0,
  "experiment_name": "p03_no_ref_0p5_40_start2",
  "config_note": "Tests whether keeping the original CPz-referenced source data is better than average rereferencing."
}
  status:       completed
  elapsed_sec:  388.874
  run_id:       20260522_1435_e08b6b6e
  artifact_dir: /home/vegorov/Repos/eeg_jepa_research/artifacts/liu2024-source-mat-sjepa-prelocal/20260522_1435_e08b6b6e

[5/28] Running config override:
{
  "model_name": "SignalJEPA_PreLocal",
  "pretrained_mode": "from_pretrained",
  "strategy": "new",
  "source_unit": "microvolts",
  "final_model_unit": "microvolts",
  "target_window_s": 4.2,
  "target_window_samples": 537,
  "resample": true,
  "resample_sfreq": 128,
  "cv_folds": 5,
  "val_split": 0.2,
  "batch_size": 16,
  "learning_rate": 0.0005,
  "augmentation_noise_fraction": 0,
  "extract_spatial_conv_weights": true,
  "save_spatial_weight_plots": true,
  "plot_individual_spatial_filters": true,
  "demean_mode": "trial_mean",
  "reference_mode": "none",
  "reference_timing": "before_resample_filter",
  "filter_enabled": true,
  "filter_low": 0.5,
  "filter_high": 40.0,
  "filter_method": "fir",
  "notch_freqs": null,
  "mi_window_start_s": 2.0,
  "experiment_name": "p04_meanremove_no_ref_0p5_40_start2",
  "config_note": "Whole-trial mean removal while preserving original source reference."
}
  status:       completed
  elapsed_sec:  371.467
  run_id:       20260522_1442_6a9774cb
  artifact_dir: /home/vegorov/Repos/eeg_jepa_research/artifacts/liu2024-source-mat-sjepa-prelocal/20260522_1442_6a9774cb

[6/28] Running config override:
{
  "model_name": "SignalJEPA_PreLocal",
  "pretrained_mode": "from_pretrained",
  "strategy": "new",
  "source_unit": "microvolts",
  "final_model_unit": "microvolts",
  "target_window_s": 4.2,
  "target_window_samples": 537,
  "resample": true,
  "resample_sfreq": 128,
  "cv_folds": 5,
  "val_split": 0.2,
  "batch_size": 16,
  "learning_rate": 0.0005,
  "augmentation_noise_fraction": 0,
  "extract_spatial_conv_weights": true,
  "save_spatial_weight_plots": true,
  "plot_individual_spatial_filters": true,
  "demean_mode": "none",
  "reference_mode": "average",
  "reference_timing": "after_filter",
  "filter_enabled": true,
  "filter_low": 0.5,
  "filter_high": 40.0,
  "filter_method": "fir",
  "notch_freqs": null,
  "mi_window_start_s": 2.0,
  "experiment_name": "p05_avgref_after_filter_0p5_40_start2",
  "config_note": "Tests reference timing: average reference after resample/filter instead of before."
}
  status:       completed
  elapsed_sec:  388.152
  run_id:       20260522_1448_4e1180e2
  artifact_dir: /home/vegorov/Repos/eeg_jepa_research/artifacts/liu2024-source-mat-sjepa-prelocal/20260522_1448_4e1180e2

[7/28] Running config override:
{
  "model_name": "SignalJEPA_PreLocal",
  "pretrained_mode": "from_pretrained",
  "strategy": "new",
  "source_unit": "microvolts",
  "final_model_unit": "microvolts",
  "target_window_s": 4.2,
  "target_window_samples": 537,
  "resample": true,
  "resample_sfreq": 128,
  "cv_folds": 5,
  "val_split": 0.2,
  "batch_size": 16,
  "learning_rate": 0.0005,
  "augmentation_noise_fraction": 0,
  "extract_spatial_conv_weights": true,
  "save_spatial_weight_plots": true,
  "plot_individual_spatial_filters": true,
  "demean_mode": "none",
  "reference_mode": "average",
  "reference_timing": "before_resample_filter",
  "filter_enabled": true,
  "filter_low": 8.0,
  "filter_high": 30.0,
  "filter_method": "fir",
  "notch_freqs": null,
  "mi_window_start_s": 2.0,
  "experiment_name": "p06_8_30_none_average_start2",
  "config_note": "Frequency sweep: motor-band only without source mean removal."
}
  status:       completed
  elapsed_sec:  312.766
  run_id:       20260522_1455_13302649
  artifact_dir: /home/vegorov/Repos/eeg_jepa_research/artifacts/liu2024-source-mat-sjepa-prelocal/20260522_1455_13302649

[8/28] Running config override:
{
  "model_name": "SignalJEPA_PreLocal",
  "pretrained_mode": "from_pretrained",
  "strategy": "new",
  "source_unit": "microvolts",
  "final_model_unit": "microvolts",
  "target_window_s": 4.2,
  "target_window_samples": 537,
  "resample": true,
  "resample_sfreq": 128,
  "cv_folds": 5,
  "val_split": 0.2,
  "batch_size": 16,
  "learning_rate": 0.0005,
  "augmentation_noise_fraction": 0,
  "extract_spatial_conv_weights": true,
  "save_spatial_weight_plots": true,
  "plot_individual_spatial_filters": true,
  "demean_mode": "trial_mean",
  "reference_mode": "average",
  "reference_timing": "before_resample_filter",
  "filter_enabled": true,
  "filter_low": 8.0,
  "filter_high": 30.0,
  "filter_method": "fir",
  "notch_freqs": null,
  "mi_window_start_s": 2.0,
  "experiment_name": "p07_8_30_trial_mean_average_start2",
  "config_note": "Frequency sweep: motor-band only with Liu-style whole-trial mean removal."
}
  status:       completed
  elapsed_sec:  306.954
  run_id:       20260522_1500_241c088d
  artifact_dir: /home/vegorov/Repos/eeg_jepa_research/artifacts/liu2024-source-mat-sjepa-prelocal/20260522_1500_241c088d

[9/28] Running config override:
{
  "model_name": "SignalJEPA_PreLocal",
  "pretrained_mode": "from_pretrained",
  "strategy": "new",
  "source_unit": "microvolts",
  "final_model_unit": "microvolts",
  "target_window_s": 4.2,
  "target_window_samples": 537,
  "resample": true,
  "resample_sfreq": 128,
  "cv_folds": 5,
  "val_split": 0.2,
  "batch_size": 16,
  "learning_rate": 0.0005,
  "augmentation_noise_fraction": 0,
  "extract_spatial_conv_weights": true,
  "save_spatial_weight_plots": true,
  "plot_individual_spatial_filters": true,
  "demean_mode": "baseline_window_mean",
  "reference_mode": "average",
  "reference_timing": "before_resample_filter",
  "filter_enabled": true,
  "filter_low": 8.0,
  "filter_high": 30.0,
  "filter_method": "fir",
  "notch_freqs": null,
  "mi_window_start_s": 2.0,
  "baseline_window_s": [
    0.0,
    2.0
  ],
  "experiment_name": "p08_8_30_baseline_window_mean_average_start2",
  "config_note": "Frequency sweep: motor-band only with baseline-window mean removal."
}
  status:       completed
  elapsed_sec:  284.32
  run_id:       20260522_1505_9ba191b6
  artifact_dir: /home/vegorov/Repos/eeg_jepa_research/artifacts/liu2024-source-mat-sjepa-prelocal/20260522_1505_9ba191b6

[10/28] Running config override:
{
  "model_name": "SignalJEPA_PreLocal",
  "pretrained_mode": "from_pretrained",
  "strategy": "new",
  "source_unit": "microvolts",
  "final_model_unit": "microvolts",
  "target_window_s": 4.2,
  "target_window_samples": 537,
  "resample": true,
  "resample_sfreq": 128,
  "cv_folds": 5,
  "val_split": 0.2,
  "batch_size": 16,
  "learning_rate": 0.0005,
  "augmentation_noise_fraction": 0,
  "extract_spatial_conv_weights": true,
  "save_spatial_weight_plots": true,
  "plot_individual_spatial_filters": true,
  "demean_mode": "none",
  "reference_mode": "none",
  "reference_timing": "before_resample_filter",
  "filter_enabled": true,
  "filter_low": 8.0,
  "filter_high": 30.0,
  "filter_method": "fir",
  "notch_freqs": null,
  "mi_window_start_s": 2.0,
  "experiment_name": "p09_8_30_none_none_start2",
  "config_note": "Frequency sweep: motor-band only while keeping original reference."
}
  status:       completed
  elapsed_sec:  313.817
  run_id:       20260522_1510_b3ba465b
  artifact_dir: /home/vegorov/Repos/eeg_jepa_research/artifacts/liu2024-source-mat-sjepa-prelocal/20260522_1510_b3ba465b

[11/28] Running config override:
{
  "model_name": "SignalJEPA_PreLocal",
  "pretrained_mode": "from_pretrained",
  "strategy": "new",
  "source_unit": "microvolts",
  "final_model_unit": "microvolts",
  "target_window_s": 4.2,
  "target_window_samples": 537,
  "resample": true,
  "resample_sfreq": 128,
  "cv_folds": 5,
  "val_split": 0.2,
  "batch_size": 16,
  "learning_rate": 0.0005,
  "augmentation_noise_fraction": 0,
  "extract_spatial_conv_weights": true,
  "save_spatial_weight_plots": true,
  "plot_individual_spatial_filters": true,
  "demean_mode": "trial_mean",
  "reference_mode": "average",
  "reference_timing": "before_resample_filter",
  "filter_enabled": true,
  "filter_low": 4.0,
  "filter_high": 40.0,
  "filter_method": "fir",
  "notch_freqs": null,
  "mi_window_start_s": 2.0,
  "experiment_name": "p10_4_40_trial_mean_average_start2",
  "config_note": "Frequency sweep: drops slow drift while preserving more than mu/beta."
}
  status:       completed
  elapsed_sec:  314.312
  run_id:       20260522_1515_cec174ce
  artifact_dir: /home/vegorov/Repos/eeg_jepa_research/artifacts/liu2024-source-mat-sjepa-prelocal/20260522_1515_cec174ce

[12/28] Running config override:
{
  "model_name": "SignalJEPA_PreLocal",
  "pretrained_mode": "from_pretrained",
  "strategy": "new",
  "source_unit": "microvolts",
  "final_model_unit": "microvolts",
  "target_window_s": 4.2,
  "target_window_samples": 537,
  "resample": true,
  "resample_sfreq": 128,
  "cv_folds": 5,
  "val_split": 0.2,
  "batch_size": 16,
  "learning_rate": 0.0005,
  "augmentation_noise_fraction": 0,
  "extract_spatial_conv_weights": true,
  "save_spatial_weight_plots": true,
  "plot_individual_spatial_filters": true,
  "demean_mode": "trial_mean",
  "reference_mode": "average",
  "reference_timing": "before_resample_filter",
  "filter_enabled": true,
  "filter_low": 1.0,
  "filter_high": 40.0,
  "filter_method": "fir",
  "notch_freqs": null,
  "mi_window_start_s": 2.0,
  "experiment_name": "p11_1_40_trial_mean_average_start2",
  "config_note": "Frequency sweep: slightly stronger high-pass than S-JEPA paper preprocessing."
}
  status:       completed
  elapsed_sec:  405.903
  run_id:       20260522_1520_ab1dd7a7
  artifact_dir: /home/vegorov/Repos/eeg_jepa_research/artifacts/liu2024-source-mat-sjepa-prelocal/20260522_1520_ab1dd7a7

[13/28] Running config override:
{
  "model_name": "SignalJEPA_PreLocal",
  "pretrained_mode": "from_pretrained",
  "strategy": "new",
  "source_unit": "microvolts",
  "final_model_unit": "microvolts",
  "target_window_s": 4.2,
  "target_window_samples": 537,
  "resample": true,
  "resample_sfreq": 128,
  "cv_folds": 5,
  "val_split": 0.2,
  "batch_size": 16,
  "learning_rate": 0.0005,
  "augmentation_noise_fraction": 0,
  "extract_spatial_conv_weights": true,
  "save_spatial_weight_plots": true,
  "plot_individual_spatial_filters": true,
  "demean_mode": "trial_mean",
  "reference_mode": "average",
  "reference_timing": "before_resample_filter",
  "filter_enabled": true,
  "filter_low": 0.5,
  "filter_high": 30.0,
  "filter_method": "fir",
  "notch_freqs": null,
  "mi_window_start_s": 2.0,
  "experiment_name": "p12_0p5_30_trial_mean_average_start2",
  "config_note": "Frequency sweep: keeps slow components but removes high beta/gamma edge."
}
  status:       completed
  elapsed_sec:  381.737
  run_id:       20260522_1527_6e08e6c0
  artifact_dir: /home/vegorov/Repos/eeg_jepa_research/artifacts/liu2024-source-mat-sjepa-prelocal/20260522_1527_6e08e6c0

[14/28] Running config override:
{
  "model_name": "SignalJEPA_PreLocal",
  "pretrained_mode": "from_pretrained",
  "strategy": "new",
  "source_unit": "microvolts",
  "final_model_unit": "microvolts",
  "target_window_s": 4.2,
  "target_window_samples": 537,
  "resample": true,
  "resample_sfreq": 128,
  "cv_folds": 5,
  "val_split": 0.2,
  "batch_size": 16,
  "learning_rate": 0.0005,
  "augmentation_noise_fraction": 0,
  "extract_spatial_conv_weights": true,
  "save_spatial_weight_plots": true,
  "plot_individual_spatial_filters": true,
  "demean_mode": "trial_mean",
  "reference_mode": "average",
  "reference_timing": "before_resample_filter",
  "filter_enabled": true,
  "filter_low": 4.0,
  "filter_high": 30.0,
  "filter_method": "fir",
  "notch_freqs": null,
  "mi_window_start_s": 2.0,
  "experiment_name": "p13_4_30_trial_mean_average_start2",
  "config_note": "Frequency sweep: middle option between broad S-JEPA and pure 8-30 motor band."
}
  status:       completed
  elapsed_sec:  301.05
  run_id:       20260522_1533_3f378b1f
  artifact_dir: /home/vegorov/Repos/eeg_jepa_research/artifacts/liu2024-source-mat-sjepa-prelocal/20260522_1533_3f378b1f

[15/28] Running config override:
{
  "model_name": "SignalJEPA_PreLocal",
  "pretrained_mode": "from_pretrained",
  "strategy": "new",
  "source_unit": "microvolts",
  "final_model_unit": "microvolts",
  "target_window_s": 4.2,
  "target_window_samples": 537,
  "resample": true,
  "resample_sfreq": 128,
  "cv_folds": 5,
  "val_split": 0.2,
  "batch_size": 16,
  "learning_rate": 0.0005,
  "augmentation_noise_fraction": 0,
  "extract_spatial_conv_weights": true,
  "save_spatial_weight_plots": true,
  "plot_individual_spatial_filters": true,
  "demean_mode": "trial_mean",
  "reference_mode": "average",
  "reference_timing": "before_resample_filter",
  "filter_enabled": true,
  "filter_low": 0.5,
  "filter_high": 40.0,
  "filter_method": "iir",
  "filter_iir_params": {
    "order": 2,
    "ftype": "butter"
  },
  "notch_freqs": null,
  "mi_window_start_s": 2.0,
  "experiment_name": "p14_iir_0p5_40_meanremove_avgref_start2",
  "config_note": "Tests 2nd-order Butterworth IIR 0.5-40 Hz instead of FIR; useful because Liu validation code used Butterworth for some analyses."
}
  status:       completed
  elapsed_sec:  387.2
  run_id:       20260522_1538_fdcb7a31
  artifact_dir: /home/vegorov/Repos/eeg_jepa_research/artifacts/liu2024-source-mat-sjepa-prelocal/20260522_1538_fdcb7a31

[16/28] Running config override:
{
  "model_name": "SignalJEPA_PreLocal",
  "pretrained_mode": "from_pretrained",
  "strategy": "new",
  "source_unit": "microvolts",
  "final_model_unit": "microvolts",
  "target_window_s": 4.2,
  "target_window_samples": 537,
  "resample": true,
  "resample_sfreq": 128,
  "cv_folds": 5,
  "val_split": 0.2,
  "batch_size": 16,
  "learning_rate": 0.0005,
  "augmentation_noise_fraction": 0,
  "extract_spatial_conv_weights": true,
  "save_spatial_weight_plots": true,
  "plot_individual_spatial_filters": true,
  "demean_mode": "trial_mean",
  "reference_mode": "average",
  "reference_timing": "before_resample_filter",
  "filter_enabled": true,
  "filter_low": 8.0,
  "filter_high": 30.0,
  "filter_method": "iir",
  "filter_iir_params": {
    "order": 2,
    "ftype": "butter"
  },
  "notch_freqs": null,
  "mi_window_start_s": 2.0,
  "experiment_name": "p15_iir_8_30_meanremove_avgref_start2",
  "config_note": "Tests 2nd-order Butterworth IIR 8-30 Hz motor band."
}
  status:       completed
  elapsed_sec:  312.989
  run_id:       20260522_1545_adc98d7d
  artifact_dir: /home/vegorov/Repos/eeg_jepa_research/artifacts/liu2024-source-mat-sjepa-prelocal/20260522_1545_adc98d7d

[17/28] Running config override:
{
  "model_name": "SignalJEPA_PreLocal",
  "pretrained_mode": "from_pretrained",
  "strategy": "new",
  "source_unit": "microvolts",
  "final_model_unit": "microvolts",
  "target_window_s": 4.2,
  "target_window_samples": 537,
  "resample": true,
  "resample_sfreq": 128,
  "cv_folds": 5,
  "val_split": 0.2,
  "batch_size": 16,
  "learning_rate": 0.0005,
  "augmentation_noise_fraction": 0,
  "extract_spatial_conv_weights": true,
  "save_spatial_weight_plots": true,
  "plot_individual_spatial_filters": true,
  "demean_mode": "trial_mean",
  "reference_mode": "average",
  "reference_timing": "before_resample_filter",
  "filter_enabled": true,
  "filter_low": 0.5,
  "filter_high": 40.0,
  "filter_method": "fir",
  "notch_freqs": [
    50.0
  ],
  "notch_before_bandpass": true,
  "mi_window_start_s": 2.0,
  "experiment_name": "p16_notch50_0p5_40_meanremove_avgref_start2",
  "config_note": "Optional line-noise check: 50 Hz notch before 0.5-40 Hz bandpass; expected to be mostly redundant after 40 Hz low-pass."
}
  status:       completed
  elapsed_sec:  420.392
  run_id:       20260522_1550_10ff5456
  artifact_dir: /home/vegorov/Repos/eeg_jepa_research/artifacts/liu2024-source-mat-sjepa-prelocal/20260522_1550_10ff5456

[18/28] Running config override:
{
  "model_name": "SignalJEPA_PreLocal",
  "pretrained_mode": "from_pretrained",
  "strategy": "new",
  "source_unit": "microvolts",
  "final_model_unit": "microvolts",
  "target_window_s": 4.2,
  "target_window_samples": 537,
  "resample": true,
  "resample_sfreq": 128,
  "cv_folds": 5,
  "val_split": 0.2,
  "batch_size": 16,
  "learning_rate": 0.0005,
  "augmentation_noise_fraction": 0,
  "extract_spatial_conv_weights": true,
  "save_spatial_weight_plots": true,
  "plot_individual_spatial_filters": true,
  "demean_mode": "trial_mean",
  "reference_mode": "average",
  "reference_timing": "before_resample_filter",
  "filter_enabled": false,
  "filter_low": null,
  "filter_high": null,
  "filter_method": "fir",
  "notch_freqs": null,
  "mi_window_start_s": 2.0,
  "experiment_name": "p17_no_filter_meanremove_avgref_start2",
  "config_note": "Ablation: no bandpass filter after resampling, to test whether additional source filtering is hurting pretrained features."
}
  status:       completed
  elapsed_sec:  325.58
  run_id:       20260522_1557_2a6ae60d
  artifact_dir: /home/vegorov/Repos/eeg_jepa_research/artifacts/liu2024-source-mat-sjepa-prelocal/20260522_1557_2a6ae60d

[19/28] Running config override:
{
  "model_name": "SignalJEPA_PreLocal",
  "pretrained_mode": "from_pretrained",
  "strategy": "new",
  "source_unit": "microvolts",
  "final_model_unit": "microvolts",
  "target_window_s": 4.2,
  "target_window_samples": 537,
  "resample": true,
  "resample_sfreq": 128,
  "cv_folds": 5,
  "val_split": 0.2,
  "batch_size": 16,
  "learning_rate": 0.0005,
  "augmentation_noise_fraction": 0,
  "extract_spatial_conv_weights": true,
  "save_spatial_weight_plots": true,
  "plot_individual_spatial_filters": true,
  "demean_mode": "trial_mean",
  "reference_mode": "average",
  "reference_timing": "before_resample_filter",
  "filter_enabled": true,
  "filter_low": 0.5,
  "filter_high": 40.0,
  "filter_method": "fir",
  "notch_freqs": null,
  "mi_window_start_s": 0.0,
  "experiment_name": "p18_window0s_0p5_40_meanremove_avgref",
  "config_note": "Window-start sweep with broad 0.5-40 Hz preprocessing; tests whether the useful MI segment starts before/after the current 2s crop."
}
  status:       completed
  elapsed_sec:  317.788
  run_id:       20260522_1602_1de3aabc
  artifact_dir: /home/vegorov/Repos/eeg_jepa_research/artifacts/liu2024-source-mat-sjepa-prelocal/20260522_1602_1de3aabc

[20/28] Running config override:
{
  "model_name": "SignalJEPA_PreLocal",
  "pretrained_mode": "from_pretrained",
  "strategy": "new",
  "source_unit": "microvolts",
  "final_model_unit": "microvolts",
  "target_window_s": 4.2,
  "target_window_samples": 537,
  "resample": true,
  "resample_sfreq": 128,
  "cv_folds": 5,
  "val_split": 0.2,
  "batch_size": 16,
  "learning_rate": 0.0005,
  "augmentation_noise_fraction": 0,
  "extract_spatial_conv_weights": true,
  "save_spatial_weight_plots": true,
  "plot_individual_spatial_filters": true,
  "demean_mode": "trial_mean",
  "reference_mode": "average",
  "reference_timing": "before_resample_filter",
  "filter_enabled": true,
  "filter_low": 0.5,
  "filter_high": 40.0,
  "filter_method": "fir",
  "notch_freqs": null,
  "mi_window_start_s": 1.0,
  "experiment_name": "p18_window1s_0p5_40_meanremove_avgref",
  "config_note": "Window-start sweep with broad 0.5-40 Hz preprocessing; tests whether the useful MI segment starts before/after the current 2s crop."
}
  status:       completed
  elapsed_sec:  384.425
  run_id:       20260522_1608_568e260c
  artifact_dir: /home/vegorov/Repos/eeg_jepa_research/artifacts/liu2024-source-mat-sjepa-prelocal/20260522_1608_568e260c

[21/28] Running config override:
{
  "model_name": "SignalJEPA_PreLocal",
  "pretrained_mode": "from_pretrained",
  "strategy": "new",
  "source_unit": "microvolts",
  "final_model_unit": "microvolts",
  "target_window_s": 4.2,
  "target_window_samples": 537,
  "resample": true,
  "resample_sfreq": 128,
  "cv_folds": 5,
  "val_split": 0.2,
  "batch_size": 16,
  "learning_rate": 0.0005,
  "augmentation_noise_fraction": 0,
  "extract_spatial_conv_weights": true,
  "save_spatial_weight_plots": true,
  "plot_individual_spatial_filters": true,
  "demean_mode": "trial_mean",
  "reference_mode": "average",
  "reference_timing": "before_resample_filter",
  "filter_enabled": true,
  "filter_low": 0.5,
  "filter_high": 40.0,
  "filter_method": "fir",
  "notch_freqs": null,
  "mi_window_start_s": 2.0,
  "experiment_name": "p18_window2s_0p5_40_meanremove_avgref",
  "config_note": "Window-start sweep with broad 0.5-40 Hz preprocessing; tests whether the useful MI segment starts before/after the current 2s crop."
}
  status:       completed
  elapsed_sec:  419.73
  run_id:       20260522_1614_0a57692b
  artifact_dir: /home/vegorov/Repos/eeg_jepa_research/artifacts/liu2024-source-mat-sjepa-prelocal/20260522_1614_0a57692b

[22/28] Running config override:
{
  "model_name": "SignalJEPA_PreLocal",
  "pretrained_mode": "from_pretrained",
  "strategy": "new",
  "source_unit": "microvolts",
  "final_model_unit": "microvolts",
  "target_window_s": 4.2,
  "target_window_samples": 537,
  "resample": true,
  "resample_sfreq": 128,
  "cv_folds": 5,
  "val_split": 0.2,
  "batch_size": 16,
  "learning_rate": 0.0005,
  "augmentation_noise_fraction": 0,
  "extract_spatial_conv_weights": true,
  "save_spatial_weight_plots": true,
  "plot_individual_spatial_filters": true,
  "demean_mode": "trial_mean",
  "reference_mode": "average",
  "reference_timing": "before_resample_filter",
  "filter_enabled": true,
  "filter_low": 0.5,
  "filter_high": 40.0,
  "filter_method": "fir",
  "notch_freqs": null,
  "mi_window_start_s": 3.0,
  "experiment_name": "p18_window3s_0p5_40_meanremove_avgref",
  "config_note": "Window-start sweep with broad 0.5-40 Hz preprocessing; tests whether the useful MI segment starts before/after the current 2s crop."
}
  status:       completed
  elapsed_sec:  345.163
  run_id:       20260522_1621_52716431
  artifact_dir: /home/vegorov/Repos/eeg_jepa_research/artifacts/liu2024-source-mat-sjepa-prelocal/20260522_1621_52716431

[23/28] Running config override:
{
  "model_name": "SignalJEPA_PreLocal",
  "pretrained_mode": "from_pretrained",
  "strategy": "new",
  "source_unit": "microvolts",
  "final_model_unit": "microvolts",
  "target_window_s": 4.2,
  "target_window_samples": 537,
  "resample": true,
  "resample_sfreq": 128,
  "cv_folds": 5,
  "val_split": 0.2,
  "batch_size": 16,
  "learning_rate": 0.0005,
  "augmentation_noise_fraction": 0,
  "extract_spatial_conv_weights": true,
  "save_spatial_weight_plots": true,
  "plot_individual_spatial_filters": true,
  "demean_mode": "trial_mean",
  "reference_mode": "average",
  "reference_timing": "before_resample_filter",
  "filter_enabled": true,
  "filter_low": 8.0,
  "filter_high": 30.0,
  "filter_method": "fir",
  "notch_freqs": null,
  "mi_window_start_s": 0.0,
  "experiment_name": "p22_window0s_8_30_meanremove_avgref",
  "config_note": "Window-start sweep with 8-30 Hz motor-band preprocessing; tests whether paper-style motor-band content changes best crop."
}
  status:       completed
  elapsed_sec:  313.323
  run_id:       20260522_1627_a0b64db2
  artifact_dir: /home/vegorov/Repos/eeg_jepa_research/artifacts/liu2024-source-mat-sjepa-prelocal/20260522_1627_a0b64db2

[24/28] Running config override:
{
  "model_name": "SignalJEPA_PreLocal",
  "pretrained_mode": "from_pretrained",
  "strategy": "new",
  "source_unit": "microvolts",
  "final_model_unit": "microvolts",
  "target_window_s": 4.2,
  "target_window_samples": 537,
  "resample": true,
  "resample_sfreq": 128,
  "cv_folds": 5,
  "val_split": 0.2,
  "batch_size": 16,
  "learning_rate": 0.0005,
  "augmentation_noise_fraction": 0,
  "extract_spatial_conv_weights": true,
  "save_spatial_weight_plots": true,
  "plot_individual_spatial_filters": true,
  "demean_mode": "trial_mean",
  "reference_mode": "average",
  "reference_timing": "before_resample_filter",
  "filter_enabled": true,
  "filter_low": 8.0,
  "filter_high": 30.0,
  "filter_method": "fir",
  "notch_freqs": null,
  "mi_window_start_s": 1.0,
  "experiment_name": "p22_window1s_8_30_meanremove_avgref",
  "config_note": "Window-start sweep with 8-30 Hz motor-band preprocessing; tests whether paper-style motor-band content changes best crop."
}
  status:       completed
  elapsed_sec:  322.783
  run_id:       20260522_1632_38d12314
  artifact_dir: /home/vegorov/Repos/eeg_jepa_research/artifacts/liu2024-source-mat-sjepa-prelocal/20260522_1632_38d12314

[25/28] Running config override:
{
  "model_name": "SignalJEPA_PreLocal",
  "pretrained_mode": "from_pretrained",
  "strategy": "new",
  "source_unit": "microvolts",
  "final_model_unit": "microvolts",
  "target_window_s": 4.2,
  "target_window_samples": 537,
  "resample": true,
  "resample_sfreq": 128,
  "cv_folds": 5,
  "val_split": 0.2,
  "batch_size": 16,
  "learning_rate": 0.0005,
  "augmentation_noise_fraction": 0,
  "extract_spatial_conv_weights": true,
  "save_spatial_weight_plots": true,
  "plot_individual_spatial_filters": true,
  "demean_mode": "trial_mean",
  "reference_mode": "average",
  "reference_timing": "before_resample_filter",
  "filter_enabled": true,
  "filter_low": 8.0,
  "filter_high": 30.0,
  "filter_method": "fir",
  "notch_freqs": null,
  "mi_window_start_s": 2.0,
  "experiment_name": "p22_window2s_8_30_meanremove_avgref",
  "config_note": "Window-start sweep with 8-30 Hz motor-band preprocessing; tests whether paper-style motor-band content changes best crop."
}
  status:       completed
  elapsed_sec:  285.952
  run_id:       20260522_1637_3d3d2a1d
  artifact_dir: /home/vegorov/Repos/eeg_jepa_research/artifacts/liu2024-source-mat-sjepa-prelocal/20260522_1637_3d3d2a1d

[26/28] Running config override:
{
  "model_name": "SignalJEPA_PreLocal",
  "pretrained_mode": "from_pretrained",
  "strategy": "new",
  "source_unit": "microvolts",
  "final_model_unit": "microvolts",
  "target_window_s": 4.2,
  "target_window_samples": 537,
  "resample": true,
  "resample_sfreq": 128,
  "cv_folds": 5,
  "val_split": 0.2,
  "batch_size": 16,
  "learning_rate": 0.0005,
  "augmentation_noise_fraction": 0,
  "extract_spatial_conv_weights": true,
  "save_spatial_weight_plots": true,
  "plot_individual_spatial_filters": true,
  "demean_mode": "trial_mean",
  "reference_mode": "average",
  "reference_timing": "before_resample_filter",
  "filter_enabled": true,
  "filter_low": 8.0,
  "filter_high": 30.0,
  "filter_method": "fir",
  "notch_freqs": null,
  "mi_window_start_s": 3.0,
  "experiment_name": "p22_window3s_8_30_meanremove_avgref",
  "config_note": "Window-start sweep with 8-30 Hz motor-band preprocessing; tests whether paper-style motor-band content changes best crop."
}
  status:       completed
  elapsed_sec:  315.126
  run_id:       20260522_1642_66c8bd78
  artifact_dir: /home/vegorov/Repos/eeg_jepa_research/artifacts/liu2024-source-mat-sjepa-prelocal/20260522_1642_66c8bd78

[27/28] Running config override:
{
  "model_name": "SignalJEPA_PreLocal",
  "pretrained_mode": "from_pretrained",
  "strategy": "new",
  "source_unit": "microvolts",
  "final_model_unit": "microvolts",
  "target_window_s": 4.2,
  "target_window_samples": null,
  "resample": true,
  "resample_sfreq": 250,
  "cv_folds": 5,
  "val_split": 0.2,
  "batch_size": 16,
  "learning_rate": 0.0005,
  "augmentation_noise_fraction": 0,
  "extract_spatial_conv_weights": true,
  "save_spatial_weight_plots": true,
  "plot_individual_spatial_filters": true,
  "demean_mode": "trial_mean",
  "reference_mode": "average",
  "reference_timing": "before_resample_filter",
  "filter_enabled": true,
  "filter_low": 0.5,
  "filter_high": 40.0,
  "filter_method": "fir",
  "notch_freqs": null,
  "mi_window_start_s": 2.0,
  "experiment_name": "p26_resample250_diagnostic_0p5_40_meanremove_avgref",
  "config_note": "Diagnostic only: 250 Hz resampling. It can test sample-rate sensitivity, but pretrained S-JEPA was trained at 128 Hz."
}
  status:       completed
  elapsed_sec:  376.523
  run_id:       20260522_1647_c3ec9f2b
  artifact_dir: /home/vegorov/Repos/eeg_jepa_research/artifacts/liu2024-source-mat-sjepa-prelocal/20260522_1647_c3ec9f2b

[28/28] Running config override:
{
  "model_name": "SignalJEPA_PreLocal",
  "pretrained_mode": "from_pretrained",
  "strategy": "new",
  "source_unit": "microvolts",
  "final_model_unit": "microvolts",
  "target_window_s": 4.2,
  "target_window_samples": null,
  "resample": false,
  "resample_sfreq": null,
  "cv_folds": 5,
  "val_split": 0.2,
  "batch_size": 16,
  "learning_rate": 0.0005,
  "augmentation_noise_fraction": 0,
  "extract_spatial_conv_weights": true,
  "save_spatial_weight_plots": true,
  "plot_individual_spatial_filters": true,
  "demean_mode": "trial_mean",
  "reference_mode": "average",
  "reference_timing": "before_resample_filter",
  "filter_enabled": true,
  "filter_low": 0.5,
  "filter_high": 40.0,
  "filter_method": "fir",
  "notch_freqs": null,
  "mi_window_start_s": 2.0,
  "experiment_name": "p27_no_resample500_diagnostic_0p5_40_meanremove_avgref",
  "config_note": "Diagnostic only: no resampling, keeps 500 Hz. This may run but is not paper-aligned for pretrained S-JEPA because learned temporal kernels/tokenization were trained at 128 Hz."
}
  status:       completed
  elapsed_sec:  374.343
  run_id:       20260522_1654_d05f3a9a
  artifact_dir: /home/vegorov/Repos/eeg_jepa_research/artifacts/liu2024-source-mat-sjepa-prelocal/20260522_1654_d05f3a9a

Finished.
Results dir:    experiment_results/20260522_1416_liu2024_sjepa_preprocessing_sweep_new_pretrained_45f71e1c
Summary JSON:   experiment_results/20260522_1416_liu2024_sjepa_preprocessing_sweep_new_pretrained_45f71e1c/results.json
Artifact list:  experiment_results/20260522_1416_liu2024_sjepa_preprocessing_sweep_new_pretrained_45f71e1c/artifact_ids.json
