[2026-07-15 20:31:39] Run ID:     20260715_203139_633256_9823c097
[2026-07-15 20:31:39] Artifacts:  /Users/vadim/Documents/School/Spring 2026/CSCE A698 Individual Research/EEG_JEPA/artifacts/liu2024-compact-mi-loso-transfer/20260715_203139_633256_9823c097
[2026-07-15 20:31:39] Config:     /Users/vadim/Documents/School/Spring 2026/CSCE A698 Individual Research/EEG_JEPA/artifacts/liu2024-compact-mi-loso-transfer/20260715_203139_633256_9823c097/config.json
[2026-07-15 20:31:39] Using device: mps
[2026-07-15 20:31:40] Seed initialized: 2026
[2026-07-15 20:31:40] Full CONFIG banner:
{
  "artifact_dir": "/Users/vadim/Documents/School/Spring 2026/CSCE A698 Individual Research/EEG_JEPA/artifacts/liu2024-compact-mi-loso-transfer",
  "source_extract_dir": "/Users/vadim/Documents/School/Spring 2026/CSCE A698 Individual Research/EEG_JEPA/liu2024_data/liu2024_figshare/sourcedata",
  "experiment_name": "shallow_loso_fullsource_smoke_frozen_encoder",
  "config_note": "Prespecified subjects 01/03/07; 49-source Shallow pretraining with classifier-only target adaptation.",
  "subjects_to_use": null,
  "target_subjects": [
    1,
    3,
    7
  ],
  "channel_set": "liu29",
  "native_sfreq": 500,
  "target_sfreq": 128,
  "marker_channel_index": 32,
  "onset_marker_value": 2,
  "onset_plausible_range": [
    800,
    1300
  ],
  "window_seconds": 4.0,
  "bandpass_hz": [
    4.0,
    40.0
  ],
  "filter_order": 4,
  "normalization_mode": "channel_standardize",
  "normalization_eps": 1e-06,
  "model_name": "ShallowFBCSPNet",
  "model_kwargs": {},
  "allow_optional_models": false,
  "adaptation_mode": "frozen_encoder",
  "source_epochs": 20,
  "adaptation_epochs": 20,
  "finetune_learning_rate": 3e-05,
  "checkpoint_cache_dir": "/Users/vadim/Documents/School/Spring 2026/CSCE A698 Individual Research/EEG_JEPA/artifacts/checkpoint_cache/compact-mi-loso",
  "evaluation_mode": "stratified_5fold",
  "cv_folds": 5,
  "cv_random_state": 2026,
  "persist_splits": true,
  "epoch_selection": "fixed_source_locked",
  "source_batch_size": 64,
  "batch_size": 8,
  "n_epochs": 20,
  "learning_rate": 0.0003,
  "weight_decay": 0.01,
  "gradient_clip_norm": 1.0,
  "seeds": [
    2026
  ],
  "seed": 2026,
  "set_seed": true,
  "bootstrap_iterations": 10000,
  "collapse_threshold": 0.9,
  "classical_reference_artifact": "/Users/vadim/Documents/School/Spring 2026/CSCE A698 Individual Research/EEG_JEPA/artifacts/liu2024-multiscale-riemann-fusion/20260712_145032_844360_89d4f1fc/subject_results.csv"
}
[2026-07-15 20:43:40] {
  "mean_subject_balanced_accuracy": 0.4166666666666667,
  "subject_bootstrap_95_ci": [
    0.3499999999999999,
    0.4749999999999999
  ],
  "n_subjects": 3,
  "n_folds_total": 15,
  "collapse_rate": 0.06666666666666667,
  "mean_training_seconds": 2.6801860307188083
}
[2026-07-15 20:43:40] CV results saved to:      /Users/vadim/Documents/School/Spring 2026/CSCE A698 Individual Research/EEG_JEPA/artifacts/liu2024-compact-mi-loso-transfer/20260715_203139_633256_9823c097/cv_results.json
[2026-07-15 20:43:40] Subject metrics saved to: /Users/vadim/Documents/School/Spring 2026/CSCE A698 Individual Research/EEG_JEPA/artifacts/liu2024-compact-mi-loso-transfer/20260715_203139_633256_9823c097/subject_metrics.json
[2026-07-15 20:43:40] Global metrics saved to:  /Users/vadim/Documents/School/Spring 2026/CSCE A698 Individual Research/EEG_JEPA/artifacts/liu2024-compact-mi-loso-transfer/20260715_203139_633256_9823c097/global_metrics.json
[2026-07-15 20:43:40] Run metadata saved to:    /Users/vadim/Documents/School/Spring 2026/CSCE A698 Individual Research/EEG_JEPA/artifacts/liu2024-compact-mi-loso-transfer/20260715_203139_633256_9823c097/run_metadata.json
[2026-07-15 20:43:40] 
All artifacts in: /Users/vadim/Documents/School/Spring 2026/CSCE A698 Individual Research/EEG_JEPA/artifacts/liu2024-compact-mi-loso-transfer/20260715_203139_633256_9823c097
