[2026-06-17 00:04:42] ======================================================================
[2026-06-17 00:04:42] Experiment: A_probe_logreg_frozen_mean
[2026-06-17 00:04:42] Note:       frozen S-JEPA mean-pool + L2-logistic
[2026-06-17 00:04:42] Run ID:     20260617_0004_968050a4
[2026-06-17 00:04:42] Artifacts:  ../../artifacts/liu2024_sjepa_embed_probe_fusion/20260617_0004_968050a4
[2026-06-17 00:04:42] Device:     mps | seed=2026
[2026-06-17 00:04:42] ======================================================================
[2026-06-17 00:04:42] N channels: 29 | first 5: ['Fp1', 'Fp2', 'Fz', 'F3', 'F4']
[2026-06-17 00:04:42] Riemannian feature builder defined.
[2026-06-17 00:04:42] Feature assembly + subject runner defined.
[2026-06-17 00:04:42] Found 50 .mat files | using 50 subjects
[2026-06-17 00:04:42] S-JEPA: from_pretrained braindecode/signal-jepa_without-chans
[2026-06-17 00:04:43]   params total=16,010 trainable=2,170 (spatial_conv+final_layer)
[2026-06-17 00:04:43] ======================================================================
[2026-06-17 00:04:44]   [hook=feature_encoder pool=mean] embedding matrix: (40, 64)
[2026-06-17 00:04:44]   Sub 01: bal_acc= 67.5% ±  6.1%  collapse=0/5
[2026-06-17 00:04:44]   Sub 02: bal_acc= 32.5% ± 15.0%  collapse=0/5
[2026-06-17 00:04:45]   Sub 03: bal_acc= 42.5% ±  6.1%  collapse=0/5
[2026-06-17 00:04:45]   Sub 04: bal_acc= 55.0% ± 10.0%  collapse=0/5
[2026-06-17 00:04:45]   Sub 05: bal_acc= 42.5% ± 12.7%  collapse=0/5
[2026-06-17 00:04:46]   Sub 06: bal_acc= 45.0% ± 10.0%  collapse=0/5
[2026-06-17 00:04:46]   Sub 07: bal_acc= 80.0% ± 10.0%  collapse=0/5
[2026-06-17 00:04:46]   Sub 08: bal_acc= 45.0% ± 17.0%  collapse=0/5
[2026-06-17 00:04:47]   Sub 09: bal_acc= 57.5% ± 24.5%  collapse=0/5
[2026-06-17 00:04:47]   Sub 10: bal_acc= 65.0% ± 34.8%  collapse=0/5
[2026-06-17 00:04:47]   Sub 11: bal_acc= 60.0% ± 16.6%  collapse=1/5
[2026-06-17 00:04:48]   Sub 12: bal_acc= 40.0% ± 14.6%  collapse=0/5
[2026-06-17 00:04:48]   Sub 13: bal_acc= 45.0% ± 12.7%  collapse=0/5
[2026-06-17 00:04:49]   Sub 14: bal_acc= 30.0% ± 12.7%  collapse=0/5
[2026-06-17 00:04:49]   Sub 15: bal_acc= 47.5% ± 16.6%  collapse=0/5
[2026-06-17 00:04:49]   Sub 16: bal_acc= 57.5% ±  6.1%  collapse=0/5
[2026-06-17 00:04:50]   Sub 17: bal_acc= 40.0% ±  9.4%  collapse=1/5
[2026-06-17 00:04:50]   Sub 18: bal_acc= 62.5% ± 11.2%  collapse=0/5
[2026-06-17 00:04:50]   Sub 19: bal_acc= 42.5% ± 12.7%  collapse=0/5
[2026-06-17 00:04:51]   Sub 20: bal_acc= 67.5% ± 10.0%  collapse=0/5
[2026-06-17 00:04:51]   Sub 21: bal_acc= 57.5% ± 12.7%  collapse=0/5
[2026-06-17 00:04:51]   Sub 22: bal_acc= 55.0% ± 12.7%  collapse=0/5
[2026-06-17 00:04:52]   Sub 23: bal_acc= 62.5% ± 15.8%  collapse=0/5
[2026-06-17 00:04:52]   Sub 24: bal_acc= 32.5% ± 23.2%  collapse=0/5
[2026-06-17 00:04:52]   Sub 25: bal_acc= 45.0% ±  6.1%  collapse=0/5
[2026-06-17 00:04:53]   Sub 26: bal_acc= 55.0% ± 18.7%  collapse=0/5
[2026-06-17 00:04:53]   Sub 27: bal_acc= 57.5% ± 12.7%  collapse=0/5
[2026-06-17 00:04:53]   Sub 28: bal_acc= 50.0% ± 13.7%  collapse=0/5
[2026-06-17 00:04:54]   Sub 29: bal_acc= 60.0% ± 12.2%  collapse=0/5
[2026-06-17 00:04:54]   Sub 30: bal_acc= 62.5% ±  7.9%  collapse=0/5
[2026-06-17 00:04:54]   Sub 31: bal_acc= 75.0% ±  7.9%  collapse=0/5
[2026-06-17 00:04:55]   Sub 32: bal_acc= 57.5% ± 10.0%  collapse=0/5
[2026-06-17 00:04:55]   Sub 33: bal_acc= 32.5% ± 15.0%  collapse=0/5
[2026-06-17 00:04:55]   Sub 34: bal_acc= 57.5% ± 17.0%  collapse=0/5
[2026-06-17 00:04:56]   Sub 35: bal_acc= 57.5% ± 17.0%  collapse=0/5
[2026-06-17 00:04:56]   Sub 36: bal_acc= 57.5% ± 17.0%  collapse=0/5
[2026-06-17 00:04:56]   Sub 37: bal_acc= 47.5% ± 14.6%  collapse=0/5
[2026-06-17 00:04:57]   Sub 38: bal_acc= 60.0% ±  9.4%  collapse=0/5
[2026-06-17 00:04:57]   Sub 39: bal_acc= 47.5% ±  9.4%  collapse=0/5
[2026-06-17 00:04:57]   Sub 40: bal_acc= 45.0% ± 12.7%  collapse=0/5
[2026-06-17 00:04:58]   Sub 41: bal_acc= 55.0% ±  6.1%  collapse=0/5
[2026-06-17 00:04:58]   Sub 42: bal_acc= 40.0% ±  9.4%  collapse=0/5
[2026-06-17 00:04:58]   Sub 43: bal_acc= 30.0% ± 17.0%  collapse=0/5
[2026-06-17 00:04:59]   Sub 44: bal_acc= 57.5% ± 12.7%  collapse=0/5
[2026-06-17 00:04:59]   Sub 45: bal_acc= 35.0% ±  9.4%  collapse=1/5
[2026-06-17 00:04:59]   Sub 46: bal_acc= 65.0% ±  9.4%  collapse=0/5
[2026-06-17 00:05:00]   Sub 47: bal_acc= 47.5% ± 14.6%  collapse=0/5
[2026-06-17 00:05:00]   Sub 48: bal_acc= 62.5% ±  7.9%  collapse=0/5
[2026-06-17 00:05:00]   Sub 49: bal_acc= 57.5% ±  6.1%  collapse=0/5
[2026-06-17 00:05:01]   Sub 50: bal_acc= 55.0% ± 10.0%  collapse=0/5
[2026-06-17 00:05:01] ======================================================================
[2026-06-17 00:05:01] Done. Total folds: 250
[2026-06-17 00:05:01] ======================================================================
[2026-06-17 00:05:01] GLOBAL — S-JEPA probe/fusion [sjepa | logistic_l2]
[2026-06-17 00:05:01]   Balanced accuracy: 52.10% ± 17.94%
[2026-06-17 00:05:01]   Accuracy:          52.10% ± 17.94%
[2026-06-17 00:05:01]   Left/Right recall: 50.9% / 53.3%
[2026-06-17 00:05:01]   Collapsed folds:   3/250 (1.2%)
[2026-06-17 00:05:01]   Artifacts: ../../artifacts/liu2024_sjepa_embed_probe_fusion/20260617_0004_968050a4
[2026-06-17 00:05:01] ======================================================================
[2026-06-17 00:05:01] Saved CSV/JSON artifacts + confusion_matrix.png + subject_performance.png
