[2026-06-18 18:39:50] ======================================================================
[2026-06-18 18:39:50] Experiment: twfb_dgfmdm_faithful_v2
[2026-06-18 18:39:50] Note:       4 protocols (fb/twfb x leaky/honest) + covariance cache
[2026-06-18 18:39:50] Run ID:     20260618_1839_42037ddd
[2026-06-18 18:39:50] Artifacts:  /home/vegorov/Repos/eeg_jepa_research/artifacts/liu2024-twfb-dgfmdm-faithful-v2/20260618_1839_42037ddd
[2026-06-18 18:39:50] Cov cache:  /home/vegorov/Repos/eeg_jepa_research/artifacts/covariance_cache/cov_833066c080  (mode=auto, sig=833066c080)
[2026-06-18 18:39:50] ======================================================================
[2026-06-18 18:39:50] Loader defined.
[2026-06-18 18:39:50] Covariance builder + cache I/O defined.
[2026-06-18 18:39:50] Protocols (leaky_oracle, honest_nested) defined.
[2026-06-18 18:39:50] using source root: /home/vegorov/Repos/eeg_jepa_research/liu2024_data/liu2024_figshare/sourcedata  (50 subjects)
[2026-06-18 18:39:50] ======================================================================
[2026-06-18 18:50:13]   sub-01 [computed]: shipped_fb_leaky= 64.4  shipped_fb_honest= 45.6  twfb_leaky= 75.0  twfb_honest= 46.2   (622.9s)
[2026-06-18 19:00:39]   sub-02 [computed]: shipped_fb_leaky= 62.5  shipped_fb_honest= 51.9  twfb_leaky= 75.6  twfb_honest= 47.5   (1249.1s)
[2026-06-18 19:11:08]   sub-03 [computed]: shipped_fb_leaky= 63.1  shipped_fb_honest= 48.8  twfb_leaky= 76.9  twfb_honest= 55.0   (1877.7s)
[2026-06-18 19:21:36]   sub-04 [computed]: shipped_fb_leaky= 63.7  shipped_fb_honest= 48.1  twfb_leaky= 77.5  twfb_honest= 56.9   (2506.1s)
[2026-06-18 19:32:01]   sub-05 [computed]: shipped_fb_leaky= 61.3  shipped_fb_honest= 46.2  twfb_leaky= 73.8  twfb_honest= 53.8   (3130.3s)
[2026-06-18 19:42:32]   sub-06 [computed]: shipped_fb_leaky= 54.4  shipped_fb_honest= 49.4  twfb_leaky= 72.5  twfb_honest= 45.6   (3761.6s)
[2026-06-18 19:53:01]   sub-07 [computed]: shipped_fb_leaky= 80.6  shipped_fb_honest= 73.1  twfb_leaky= 83.1  twfb_honest= 56.9   (4390.8s)
[2026-06-18 20:03:30]   sub-08 [computed]: shipped_fb_leaky= 61.3  shipped_fb_honest= 41.2  twfb_leaky= 74.4  twfb_honest= 46.2   (5020.1s)
[2026-06-18 20:14:00]   sub-09 [computed]: shipped_fb_leaky= 63.7  shipped_fb_honest= 46.2  twfb_leaky= 78.8  twfb_honest= 60.0   (5649.3s)
[2026-06-18 20:24:28]   sub-10 [computed]: shipped_fb_leaky= 71.2  shipped_fb_honest= 55.0  twfb_leaky= 78.8  twfb_honest= 53.1   (6277.6s)
[2026-06-18 20:34:54]   sub-11 [computed]: shipped_fb_leaky= 69.4  shipped_fb_honest= 52.5  twfb_leaky= 75.0  twfb_honest= 45.6   (6903.5s)
[2026-06-18 20:45:23]   sub-12 [computed]: shipped_fb_leaky= 66.9  shipped_fb_honest= 42.5  twfb_leaky= 75.6  twfb_honest= 49.4   (7532.7s)
[2026-06-18 20:55:50]   sub-13 [computed]: shipped_fb_leaky= 73.8  shipped_fb_honest= 49.4  twfb_leaky= 79.4  twfb_honest= 50.0   (8159.7s)
[2026-06-18 21:06:18]   sub-14 [computed]: shipped_fb_leaky= 61.3  shipped_fb_honest= 52.5  twfb_leaky= 77.5  twfb_honest= 53.8   (8788.0s)
[2026-06-18 21:16:41]   sub-15 [computed]: shipped_fb_leaky= 65.0  shipped_fb_honest= 46.9  twfb_leaky= 73.1  twfb_honest= 44.4   (9410.9s)
[2026-06-18 21:27:10]   sub-16 [computed]: shipped_fb_leaky= 57.5  shipped_fb_honest= 37.5  twfb_leaky= 71.2  twfb_honest= 45.6   (10039.6s)
[2026-06-18 21:37:37]   sub-17 [computed]: shipped_fb_leaky= 58.1  shipped_fb_honest= 53.1  twfb_leaky= 71.9  twfb_honest= 45.6   (10667.1s)
[2026-06-18 21:48:04]   sub-18 [computed]: shipped_fb_leaky= 69.4  shipped_fb_honest= 50.0  twfb_leaky= 83.8  twfb_honest= 62.5   (11293.8s)
[2026-06-18 21:58:32]   sub-19 [computed]: shipped_fb_leaky= 66.9  shipped_fb_honest= 54.4  twfb_leaky= 79.4  twfb_honest= 45.0   (11922.0s)
[2026-06-18 22:08:59]   sub-20 [computed]: shipped_fb_leaky= 83.8  shipped_fb_honest= 66.2  twfb_leaky= 90.0  twfb_honest= 75.6   (12548.5s)
[2026-06-18 22:19:25]   sub-21 [computed]: shipped_fb_leaky= 63.7  shipped_fb_honest= 53.1  twfb_leaky= 71.9  twfb_honest= 43.1   (13175.1s)
[2026-06-18 22:29:52]   sub-22 [computed]: shipped_fb_leaky= 76.2  shipped_fb_honest= 63.7  twfb_leaky= 80.6  twfb_honest= 55.6   (13802.0s)
[2026-06-18 22:40:21]   sub-23 [computed]: shipped_fb_leaky= 88.8  shipped_fb_honest= 76.2  twfb_leaky= 85.0  twfb_honest= 58.8   (14430.2s)
[2026-06-18 22:50:51]   sub-24 [computed]: shipped_fb_leaky= 66.2  shipped_fb_honest= 48.8  twfb_leaky= 70.6  twfb_honest= 50.0   (15060.9s)
[2026-06-18 23:01:19]   sub-25 [computed]: shipped_fb_leaky= 73.8  shipped_fb_honest= 54.4  twfb_leaky= 74.4  twfb_honest= 54.4   (15688.9s)
[2026-06-18 23:11:47]   sub-26 [computed]: shipped_fb_leaky= 61.3  shipped_fb_honest= 50.0  twfb_leaky= 73.8  twfb_honest= 47.5   (16317.0s)
[2026-06-18 23:22:14]   sub-27 [computed]: shipped_fb_leaky= 58.1  shipped_fb_honest= 46.9  twfb_leaky= 70.0  twfb_honest= 44.4   (16943.4s)
[2026-06-18 23:32:39]   sub-28 [computed]: shipped_fb_leaky= 83.8  shipped_fb_honest= 69.4  twfb_leaky= 84.4  twfb_honest= 57.5   (17568.7s)
[2026-06-18 23:43:08]   sub-29 [computed]: shipped_fb_leaky= 71.9  shipped_fb_honest= 57.5  twfb_leaky= 75.0  twfb_honest= 47.5   (18197.8s)
[2026-06-18 23:53:36]   sub-30 [computed]: shipped_fb_leaky= 75.6  shipped_fb_honest= 59.4  twfb_leaky= 83.8  twfb_honest= 54.4   (18825.7s)
[2026-06-19 00:04:05]   sub-31 [computed]: shipped_fb_leaky= 58.1  shipped_fb_honest= 39.4  twfb_leaky= 74.4  twfb_honest= 53.1   (19454.2s)
[2026-06-19 00:14:30]   sub-32 [computed]: shipped_fb_leaky= 54.4  shipped_fb_honest= 39.4  twfb_leaky= 75.0  twfb_honest= 50.6   (20080.1s)
[2026-06-19 00:24:59]   sub-33 [computed]: shipped_fb_leaky= 65.6  shipped_fb_honest= 50.0  twfb_leaky= 77.5  twfb_honest= 56.9   (20708.3s)
[2026-06-19 00:35:29]   sub-34 [computed]: shipped_fb_leaky= 51.9  shipped_fb_honest= 35.0  twfb_leaky= 73.8  twfb_honest= 43.8   (21338.2s)
[2026-06-19 00:45:59]   sub-35 [computed]: shipped_fb_leaky= 62.5  shipped_fb_honest= 40.0  twfb_leaky= 71.2  twfb_honest= 52.5   (21968.2s)
[2026-06-19 00:56:23]   sub-36 [computed]: shipped_fb_leaky= 58.8  shipped_fb_honest= 50.0  twfb_leaky= 74.4  twfb_honest= 51.9   (22593.1s)
[2026-06-19 01:06:50]   sub-37 [computed]: shipped_fb_leaky= 82.5  shipped_fb_honest= 73.8  twfb_leaky= 86.9  twfb_honest= 60.0   (23220.0s)
[2026-06-19 01:17:18]   sub-38 [computed]: shipped_fb_leaky= 65.6  shipped_fb_honest= 46.9  twfb_leaky= 78.8  twfb_honest= 56.9   (23848.1s)
[2026-06-19 01:27:48]   sub-39 [computed]: shipped_fb_leaky= 54.4  shipped_fb_honest= 45.0  twfb_leaky= 71.2  twfb_honest= 47.5   (24478.0s)
[2026-06-19 01:38:13]   sub-40 [computed]: shipped_fb_leaky= 87.5  shipped_fb_honest= 71.9  twfb_leaky= 86.2  twfb_honest= 65.0   (25102.7s)
[2026-06-19 01:48:41]   sub-41 [computed]: shipped_fb_leaky= 60.6  shipped_fb_honest= 43.1  twfb_leaky= 73.1  twfb_honest= 49.4   (25730.3s)
[2026-06-19 01:59:08]   sub-42 [computed]: shipped_fb_leaky= 63.1  shipped_fb_honest= 53.8  twfb_leaky= 79.4  twfb_honest= 50.6   (26357.5s)
[2026-06-19 02:09:37]   sub-43 [computed]: shipped_fb_leaky= 65.0  shipped_fb_honest= 57.5  twfb_leaky= 77.5  twfb_honest= 46.2   (26986.2s)
[2026-06-19 02:20:03]   sub-44 [computed]: shipped_fb_leaky= 84.4  shipped_fb_honest= 66.9  twfb_leaky= 82.5  twfb_honest= 55.0   (27613.1s)
[2026-06-19 02:30:31]   sub-45 [computed]: shipped_fb_leaky= 85.0  shipped_fb_honest= 76.9  twfb_leaky= 83.1  twfb_honest= 67.5   (28240.5s)
[2026-06-19 02:40:58]   sub-46 [computed]: shipped_fb_leaky= 61.9  shipped_fb_honest= 45.0  twfb_leaky= 81.2  twfb_honest= 56.2   (28867.8s)
[2026-06-19 02:51:27]   sub-47 [computed]: shipped_fb_leaky= 62.5  shipped_fb_honest= 48.8  twfb_leaky= 74.4  twfb_honest= 46.2   (29496.4s)
[2026-06-19 03:01:55]   sub-48 [computed]: shipped_fb_leaky= 61.3  shipped_fb_honest= 37.5  twfb_leaky= 73.1  twfb_honest= 43.8   (30124.2s)
[2026-06-19 03:12:18]   sub-49 [computed]: shipped_fb_leaky= 66.2  shipped_fb_honest= 53.8  twfb_leaky= 79.4  twfb_honest= 60.0   (30747.4s)
[2026-06-19 03:22:44]   sub-50 [computed]: shipped_fb_leaky= 68.8  shipped_fb_honest= 55.6  twfb_leaky= 70.6  twfb_honest= 46.9   (31373.6s)
[2026-06-19 03:22:44] ======================================================================
[2026-06-19 03:22:44] cov source: 0 from cache, 50 computed
[2026-06-19 03:22:44] ======================================================================
[2026-06-19 03:22:44] TWFB + DGFMDM (FgMDM) — Liu2024, n=50 subjects
[2026-06-19 03:22:44]   Shipped .m (FB-only, leaky max-on-test)   : 67.15%  ± 9.36
[2026-06-19 03:22:44]   Shipped FB, honest nested-CV (bal.acc)    : 52.40%  ± 10.45
[2026-06-19 03:22:44]   Paper TWFB (TWxFB, leaky max-on-test)     : 77.12%  ± 4.87
[2026-06-19 03:22:44]   TWFB honest nested-CV (bal.acc)           : 52.24%  ± 6.87
[2026-06-19 03:22:44]   Liu2024 Table 4 TWFB+DGFMDRM (reported)   : 72.21%
[2026-06-19 03:22:44]   >>> LEAKAGE GAP (twfb leaky - honest): 24.9 pts
[2026-06-19 03:22:44] ======================================================================
[2026-06-19 03:22:44] Saved subject_results.csv, summary.json, global_metrics.json, subject_metrics.json, run_metadata.json + PNGs
[2026-06-19 03:22:44] Artifacts: /home/vegorov/Repos/eeg_jepa_research/artifacts/liu2024-twfb-dgfmdm-faithful-v2/20260618_1839_42037ddd
