Notebook:       /Users/vadim/Documents/School/Spring 2026/CSCE A698 Individual Research/EEG_JEPA/src/liu2024/liu2024_source_mat_sjepa_prelocal_clean_pipeline.ipynb
Configurations: /Users/vadim/Documents/School/Spring 2026/CSCE A698 Individual Research/EEG_JEPA/src/utils/experiments/configs/liu2024_sjepa_hp_best_1.json
Total configs:  6

[1/6] Running config override:
{
  "learning_rate": 0.0004,
  "batch_size": 8,
  "experiment_name": "hpbest_001",
  "sweep_group": "HP_best"
}
  status:       completed
  elapsed_sec:  1987.35
  run_id:       20260528_2007_9cbfc908
  artifact_dir: /Users/vadim/Documents/School/Spring 2026/CSCE A698 Individual Research/EEG_JEPA/artifacts/liu2024-source-mat-sjepa-prelocal/20260528_2007_9cbfc908

[2/6] Running config override:
{
  "learning_rate": 0.0003,
  "batch_size": 4,
  "experiment_name": "hpbest_002",
  "sweep_group": "HP_best"
}
  status:       completed
  elapsed_sec:  4392.213
  run_id:       20260528_2040_8bd1f092
  artifact_dir: /Users/vadim/Documents/School/Spring 2026/CSCE A698 Individual Research/EEG_JEPA/artifacts/liu2024-source-mat-sjepa-prelocal/20260528_2040_8bd1f092

[3/6] Running config override:
{
  "learning_rate": 0.0003,
  "batch_size": 8,
  "experiment_name": "hpbest_003",
  "sweep_group": "HP_best"
}
  status:       completed
  elapsed_sec:  2419.008
  run_id:       20260528_2153_18c4ad21
  artifact_dir: /Users/vadim/Documents/School/Spring 2026/CSCE A698 Individual Research/EEG_JEPA/artifacts/liu2024-source-mat-sjepa-prelocal/20260528_2153_18c4ad21

[4/6] Running config override:
{
  "learning_rate": 0.0004,
  "batch_size": 4,
  "experiment_name": "hpbest_004",
  "sweep_group": "HP_best"
}
  status:       completed
  elapsed_sec:  3617.419
  run_id:       20260528_2233_e6749af4
  artifact_dir: /Users/vadim/Documents/School/Spring 2026/CSCE A698 Individual Research/EEG_JEPA/artifacts/liu2024-source-mat-sjepa-prelocal/20260528_2233_e6749af4

[5/6] Running config override:
{
  "learning_rate": 0.0004,
  "batch_size": 8,
  "gradient_clip_norm": 1.0,
  "experiment_name": "hpbest_005",
  "sweep_group": "HP_best"
}
  status:       completed
  elapsed_sec:  2417.453
  run_id:       20260528_2334_5e078e10
  artifact_dir: /Users/vadim/Documents/School/Spring 2026/CSCE A698 Individual Research/EEG_JEPA/artifacts/liu2024-source-mat-sjepa-prelocal/20260528_2334_5e078e10

[6/6] Running config override:
{
  "learning_rate": 0.0003,
  "batch_size": 4,
  "gradient_clip_norm": 1.0,
  "experiment_name": "hpbest_006",
  "sweep_group": "HP_best"
}
  status:       completed
  elapsed_sec:  4478.042
  run_id:       20260529_0014_e6191001
  artifact_dir: /Users/vadim/Documents/School/Spring 2026/CSCE A698 Individual Research/EEG_JEPA/artifacts/liu2024-source-mat-sjepa-prelocal/20260529_0014_e6191001

Finished.
Results dir:    experiment_results/20260528_2007_liu2024_sjepa_hp_best_1_b9b596a1
Summary JSON:   experiment_results/20260528_2007_liu2024_sjepa_hp_best_1_b9b596a1/results.json
Artifact list:  experiment_results/20260528_2007_liu2024_sjepa_hp_best_1_b9b596a1/artifact_ids.json
