[2026-05-19 12:53:50] Run ID:     20260519_1253_601055e0
[2026-05-19 12:53:50] Artifacts:  /Users/vadim/Documents/School/Spring 2026/CSCE A698 Individual Research/EEG_JEPA/artifacts/liu2024-source-mat-sjepa-prelocal/Liu2024_SourceMAT/20260519_1253_601055e0
[2026-05-19 12:53:50] Using device: mps
[2026-05-19 12:53:51] Seed initialized: 12
[2026-05-19 12:53:51] Source extract dir: /Users/vadim/Documents/School/Spring 2026/CSCE A698 Individual Research/EEG_JEPA/liu2024_figshare/sourcedata
[2026-05-19 12:53:51] Found 50 .mat files
[2026-05-19 12:53:57] Subjects loaded: [1, 2, 3, 4, 5, 6, 7, 8, 9, 10, 11, 12, 13, 14, 15, 16, 17, 18, 19, 20, 21, 22, 23, 24, 25, 26, 27, 28, 29, 30, 31, 32, 33, 34, 35, 36, 37, 38, 39, 40, 41, 42, 43, 44, 45, 46, 47, 48, 49, 50]
[2026-05-19 12:54:10] X_ALL shape: (2000, 29, 537) | Y_ALL counts: [1000, 1000]
[2026-05-19 12:54:10] ======================================================================
[2026-05-19 12:54:10] STARTING WITHIN-SUBJECT CV (full fine-tuning + augmentation)
[2026-05-19 12:54:10] ======================================================================
[2026-05-19 12:54:10] Dataset:    Liu2024_SourceMAT
[2026-05-19 12:54:10] Strategy:   new  (warmup=10, total=100 epochs)
[2026-05-19 12:54:10] Optimizer:  AdamW  lr=0.0005  wd=0.0005
[2026-05-19 12:54:10] Noise aug:  fraction=0.05
[2026-05-19 12:54:10] Device:     mps
[2026-05-19 12:54:10] ======================================================================
[2026-05-19 12:54:10] 
Subject 1: 40 windows | class_counts=[20, 20]
[2026-05-19 12:54:11] 
Fold 1/5 | subject=1
[2026-05-19 12:54:11]     Train: 32 | Test: 8 | Strategy: new
[2026-05-19 12:54:11]     Result | best_epoch=12 | stop=20 | acc=0.3750 | bal_acc=0.3750 | collapse=False
[2026-05-19 12:54:11]     Spatial update | delta_l2=0.01896255 | relative_delta=0.01622712 | changed=True
[2026-05-19 12:54:12] 
Fold 2/5 | subject=1
[2026-05-19 12:54:12]     Train: 32 | Test: 8 | Strategy: new
[2026-05-19 12:54:13]     Result | best_epoch=74 | stop=89 | acc=0.3750 | bal_acc=0.3750 | collapse=False
[2026-05-19 12:54:13]     Spatial update | delta_l2=0.14758857 | relative_delta=0.12629828 | changed=True
[2026-05-19 12:54:14] 
Fold 3/5 | subject=1
[2026-05-19 12:54:14]     Train: 32 | Test: 8 | Strategy: new
[2026-05-19 12:54:15]     Result | best_epoch=32 | stop=47 | acc=0.6250 | bal_acc=0.6250 | collapse=False
[2026-05-19 12:54:15]     Spatial update | delta_l2=0.09836772 | relative_delta=0.08417775 | changed=True
[2026-05-19 12:54:15] 
Fold 4/5 | subject=1
[2026-05-19 12:54:15]     Train: 32 | Test: 8 | Strategy: new
[2026-05-19 12:54:16]     Result | best_epoch=1 | stop=16 | acc=0.3750 | bal_acc=0.3750 | collapse=False
[2026-05-19 12:54:16]     Spatial update | delta_l2=0.00538479 | relative_delta=0.00460801 | changed=True
[2026-05-19 12:54:16] 
Fold 5/5 | subject=1
[2026-05-19 12:54:16]     Train: 32 | Test: 8 | Strategy: new
[2026-05-19 12:54:18]     Result | best_epoch=82 | stop=97 | acc=0.3750 | bal_acc=0.3750 | collapse=False
[2026-05-19 12:54:18]     Spatial update | delta_l2=0.15990705 | relative_delta=0.13683976 | changed=True
[2026-05-19 12:54:18]   Subject 1: acc=0.4250±0.1000  bal_acc=0.4250±0.1000
[2026-05-19 12:54:18] 
Subject 2: 40 windows | class_counts=[20, 20]
[2026-05-19 12:54:19] 
Fold 1/5 | subject=2
[2026-05-19 12:54:19]     Train: 32 | Test: 8 | Strategy: new
[2026-05-19 12:54:20]     Result | best_epoch=85 | stop=100 | acc=0.6250 | bal_acc=0.6250 | collapse=False
[2026-05-19 12:54:20]     Spatial update | delta_l2=0.15044293 | relative_delta=0.12874088 | changed=True
[2026-05-19 12:54:21] 
Fold 2/5 | subject=2
[2026-05-19 12:54:21]     Train: 32 | Test: 8 | Strategy: new
[2026-05-19 12:54:22]     Result | best_epoch=96 | stop=100 | acc=0.6250 | bal_acc=0.6250 | collapse=False
[2026-05-19 12:54:22]     Spatial update | delta_l2=0.14464637 | relative_delta=0.1237805 | changed=True
[2026-05-19 12:54:23] 
Fold 3/5 | subject=2
[2026-05-19 12:54:23]     Train: 32 | Test: 8 | Strategy: new
[2026-05-19 12:54:25]     Result | best_epoch=96 | stop=100 | acc=0.6250 | bal_acc=0.6250 | collapse=False
[2026-05-19 12:54:25]     Spatial update | delta_l2=0.15976868 | relative_delta=0.13672136 | changed=True
[2026-05-19 12:54:25] 
Fold 4/5 | subject=2
[2026-05-19 12:54:25]     Train: 32 | Test: 8 | Strategy: new
[2026-05-19 12:54:27]     Result | best_epoch=96 | stop=100 | acc=0.6250 | bal_acc=0.6250 | collapse=False
[2026-05-19 12:54:27]     Spatial update | delta_l2=0.14442718 | relative_delta=0.12359293 | changed=True
[2026-05-19 12:54:28] 
Fold 5/5 | subject=2
[2026-05-19 12:54:28]     Train: 32 | Test: 8 | Strategy: new
[2026-05-19 12:54:29]     Result | best_epoch=83 | stop=98 | acc=0.6250 | bal_acc=0.6250 | collapse=False
[2026-05-19 12:54:29]     Spatial update | delta_l2=0.14969753 | relative_delta=0.12810301 | changed=True
[2026-05-19 12:54:29]   Subject 2: acc=0.6250±0.0000  bal_acc=0.6250±0.0000
[2026-05-19 12:54:29] 
Subject 3: 40 windows | class_counts=[20, 20]
[2026-05-19 12:54:30] 
Fold 1/5 | subject=3
[2026-05-19 12:54:30]     Train: 32 | Test: 8 | Strategy: new
[2026-05-19 12:54:30]     Result | best_epoch=1 | stop=16 | acc=0.2500 | bal_acc=0.2500 | collapse=False
[2026-05-19 12:54:30]     Spatial update | delta_l2=0.00538504 | relative_delta=0.00460822 | changed=True
[2026-05-19 12:54:31] 
Fold 2/5 | subject=3
[2026-05-19 12:54:31]     Train: 32 | Test: 8 | Strategy: new
[2026-05-19 12:54:32]     Result | best_epoch=99 | stop=100 | acc=0.6250 | bal_acc=0.6250 | collapse=False
[2026-05-19 12:54:32]     Spatial update | delta_l2=0.16620891 | relative_delta=0.14223255 | changed=True
[2026-05-19 12:54:33] 
Fold 3/5 | subject=3
[2026-05-19 12:54:33]     Train: 32 | Test: 8 | Strategy: new
[2026-05-19 12:54:34]     Result | best_epoch=66 | stop=81 | acc=0.6250 | bal_acc=0.6250 | collapse=False
[2026-05-19 12:54:34]     Spatial update | delta_l2=0.16996764 | relative_delta=0.14544907 | changed=True
[2026-05-19 12:54:35] 
Fold 4/5 | subject=3
[2026-05-19 12:54:35]     Train: 32 | Test: 8 | Strategy: new
[2026-05-19 12:54:37]     Result | best_epoch=93 | stop=100 | acc=0.5000 | bal_acc=0.5000 | collapse=False
[2026-05-19 12:54:37]     Spatial update | delta_l2=0.17297874 | relative_delta=0.1480258 | changed=True
[2026-05-19 12:54:37] 
Fold 5/5 | subject=3
[2026-05-19 12:54:37]     Train: 32 | Test: 8 | Strategy: new
[2026-05-19 12:54:39]     Result | best_epoch=74 | stop=87 | acc=0.5000 | bal_acc=0.5000 | collapse=False
[2026-05-19 12:54:39]     Spatial update | delta_l2=0.17172604 | relative_delta=0.14695381 | changed=True
[2026-05-19 12:54:39]   Subject 3: acc=0.5000±0.1369  bal_acc=0.5000±0.1369
[2026-05-19 12:54:39] 
Subject 4: 40 windows | class_counts=[20, 20]
[2026-05-19 12:54:39] 
Fold 1/5 | subject=4
[2026-05-19 12:54:39]     Train: 32 | Test: 8 | Strategy: new
[2026-05-19 12:54:41]     Result | best_epoch=85 | stop=100 | acc=0.6250 | bal_acc=0.6250 | collapse=False
[2026-05-19 12:54:41]     Spatial update | delta_l2=0.17322004 | relative_delta=0.14823229 | changed=True
[2026-05-19 12:54:42] 
Fold 2/5 | subject=4
[2026-05-19 12:54:42]     Train: 32 | Test: 8 | Strategy: new
[2026-05-19 12:54:43]     Result | best_epoch=80 | stop=95 | acc=0.6250 | bal_acc=0.6250 | collapse=False
[2026-05-19 12:54:43]     Spatial update | delta_l2=0.17989984 | relative_delta=0.1539485 | changed=True
[2026-05-19 12:54:44] 
Fold 3/5 | subject=4
[2026-05-19 12:54:44]     Train: 32 | Test: 8 | Strategy: new
[2026-05-19 12:54:45]     Result | best_epoch=60 | stop=75 | acc=0.7500 | bal_acc=0.7500 | collapse=False
[2026-05-19 12:54:45]     Spatial update | delta_l2=0.14940916 | relative_delta=0.12785624 | changed=True
[2026-05-19 12:54:45] 
Fold 4/5 | subject=4
[2026-05-19 12:54:45]     Train: 32 | Test: 8 | Strategy: new
[2026-05-19 12:54:46]     Result | best_epoch=1 | stop=16 | acc=0.8750 | bal_acc=0.8750 | collapse=False
[2026-05-19 12:54:46]     Spatial update | delta_l2=0.00538493 | relative_delta=0.00460813 | changed=True
[2026-05-19 12:54:46] 
Fold 5/5 | subject=4
[2026-05-19 12:54:46]     Train: 32 | Test: 8 | Strategy: new
[2026-05-19 12:54:47]     Result | best_epoch=2 | stop=17 | acc=0.3750 | bal_acc=0.3750 | collapse=False
[2026-05-19 12:54:47]     Spatial update | delta_l2=0.00919945 | relative_delta=0.00787239 | changed=True
[2026-05-19 12:54:47]   Subject 4: acc=0.6500±0.1658  bal_acc=0.6500±0.1658
[2026-05-19 12:54:47] 
Subject 5: 40 windows | class_counts=[20, 20]
[2026-05-19 12:54:47] 
Fold 1/5 | subject=5
[2026-05-19 12:54:47]     Train: 32 | Test: 8 | Strategy: new
[2026-05-19 12:54:48]     Result | best_epoch=24 | stop=39 | acc=0.3750 | bal_acc=0.3750 | collapse=False
[2026-05-19 12:54:48]     Spatial update | delta_l2=0.08344767 | relative_delta=0.07140998 | changed=True
[2026-05-19 12:54:49] 
Fold 2/5 | subject=5
[2026-05-19 12:54:49]     Train: 32 | Test: 8 | Strategy: new
[2026-05-19 12:54:49]     Result | best_epoch=1 | stop=16 | acc=0.7500 | bal_acc=0.7500 | collapse=False
[2026-05-19 12:54:49]     Spatial update | delta_l2=0.00538492 | relative_delta=0.00460812 | changed=True
[2026-05-19 12:54:49] 
Fold 3/5 | subject=5
[2026-05-19 12:54:49]     Train: 32 | Test: 8 | Strategy: new
[2026-05-19 12:54:50]     Result | best_epoch=1 | stop=16 | acc=0.6250 | bal_acc=0.6250 | collapse=False
[2026-05-19 12:54:50]     Spatial update | delta_l2=0.00538498 | relative_delta=0.00460817 | changed=True
[2026-05-19 12:54:50] 
Fold 4/5 | subject=5
[2026-05-19 12:54:50]     Train: 32 | Test: 8 | Strategy: new
[2026-05-19 12:54:52]     Result | best_epoch=83 | stop=98 | acc=0.3750 | bal_acc=0.3750 | collapse=False
[2026-05-19 12:54:52]     Spatial update | delta_l2=0.17572202 | relative_delta=0.15037335 | changed=True
[2026-05-19 12:54:52] 
Fold 5/5 | subject=5
[2026-05-19 12:54:52]     Train: 32 | Test: 8 | Strategy: new
[2026-05-19 12:54:53]     Result | best_epoch=1 | stop=16 | acc=0.3750 | bal_acc=0.3750 | collapse=False
[2026-05-19 12:54:53]     Spatial update | delta_l2=0.00538416 | relative_delta=0.00460747 | changed=True
[2026-05-19 12:54:53]   Subject 5: acc=0.5000±0.1581  bal_acc=0.5000±0.1581
[2026-05-19 12:54:53] 
Subject 6: 40 windows | class_counts=[20, 20]
[2026-05-19 12:54:53] 
Fold 1/5 | subject=6
[2026-05-19 12:54:53]     Train: 32 | Test: 8 | Strategy: new
[2026-05-19 12:54:55]     Result | best_epoch=94 | stop=100 | acc=0.5000 | bal_acc=0.5000 | collapse=False
[2026-05-19 12:54:55]     Spatial update | delta_l2=0.16400015 | relative_delta=0.14034241 | changed=True
[2026-05-19 12:54:56] 
Fold 2/5 | subject=6
[2026-05-19 12:54:56]     Train: 32 | Test: 8 | Strategy: new
[2026-05-19 12:54:56]     Result | best_epoch=1 | stop=16 | acc=0.5000 | bal_acc=0.5000 | collapse=False
[2026-05-19 12:54:56]     Spatial update | delta_l2=0.00538481 | relative_delta=0.00460803 | changed=True
[2026-05-19 12:54:57] 
Fold 3/5 | subject=6
[2026-05-19 12:54:57]     Train: 32 | Test: 8 | Strategy: new
[2026-05-19 12:54:57]     Result | best_epoch=1 | stop=16 | acc=0.5000 | bal_acc=0.5000 | collapse=False
[2026-05-19 12:54:57]     Spatial update | delta_l2=0.00538478 | relative_delta=0.004608 | changed=True
[2026-05-19 12:54:58] 
Fold 4/5 | subject=6
[2026-05-19 12:54:58]     Train: 32 | Test: 8 | Strategy: new
[2026-05-19 12:54:59]     Result | best_epoch=92 | stop=100 | acc=0.3750 | bal_acc=0.3750 | collapse=False
[2026-05-19 12:54:59]     Spatial update | delta_l2=0.16557887 | relative_delta=0.1416934 | changed=True
[2026-05-19 12:55:00] 
Fold 5/5 | subject=6
[2026-05-19 12:55:00]     Train: 32 | Test: 8 | Strategy: new
[2026-05-19 12:55:01]     Result | best_epoch=42 | stop=57 | acc=0.6250 | bal_acc=0.6250 | collapse=False
[2026-05-19 12:55:01]     Spatial update | delta_l2=0.10626051 | relative_delta=0.09093197 | changed=True
[2026-05-19 12:55:01]   Subject 6: acc=0.5000±0.0791  bal_acc=0.5000±0.0791
[2026-05-19 12:55:01] 
Subject 7: 40 windows | class_counts=[20, 20]
[2026-05-19 12:55:01] 
Fold 1/5 | subject=7
[2026-05-19 12:55:01]     Train: 32 | Test: 8 | Strategy: new
[2026-05-19 12:55:02]     Result | best_epoch=1 | stop=16 | acc=0.3750 | bal_acc=0.3750 | collapse=False
[2026-05-19 12:55:02]     Spatial update | delta_l2=0.00538452 | relative_delta=0.00460778 | changed=True
[2026-05-19 12:55:02] 
Fold 2/5 | subject=7
[2026-05-19 12:55:02]     Train: 32 | Test: 8 | Strategy: new
[2026-05-19 12:55:03]     Result | best_epoch=1 | stop=16 | acc=0.5000 | bal_acc=0.5000 | collapse=False
[2026-05-19 12:55:03]     Spatial update | delta_l2=0.00538492 | relative_delta=0.00460812 | changed=True
[2026-05-19 12:55:03] 
Fold 3/5 | subject=7
[2026-05-19 12:55:03]     Train: 32 | Test: 8 | Strategy: new
[2026-05-19 12:55:05]     Result | best_epoch=98 | stop=100 | acc=0.6250 | bal_acc=0.6250 | collapse=False
[2026-05-19 12:55:05]     Spatial update | delta_l2=0.18424409 | relative_delta=0.15766608 | changed=True
[2026-05-19 12:55:05] 
Fold 4/5 | subject=7
[2026-05-19 12:55:05]     Train: 32 | Test: 8 | Strategy: new
[2026-05-19 12:55:06]     Result | best_epoch=1 | stop=16 | acc=0.2500 | bal_acc=0.2500 | collapse=False
[2026-05-19 12:55:06]     Spatial update | delta_l2=0.00538493 | relative_delta=0.00460813 | changed=True
[2026-05-19 12:55:06] 
Fold 5/5 | subject=7
[2026-05-19 12:55:06]     Train: 32 | Test: 8 | Strategy: new
[2026-05-19 12:55:07]     Result | best_epoch=1 | stop=16 | acc=0.3750 | bal_acc=0.3750 | collapse=False
[2026-05-19 12:55:07]     Spatial update | delta_l2=0.00538498 | relative_delta=0.00460817 | changed=True
[2026-05-19 12:55:07]   Subject 7: acc=0.4250±0.1275  bal_acc=0.4250±0.1275
[2026-05-19 12:55:07] 
Subject 8: 40 windows | class_counts=[20, 20]
[2026-05-19 12:55:07] 
Fold 1/5 | subject=8
[2026-05-19 12:55:07]     Train: 32 | Test: 8 | Strategy: new
[2026-05-19 12:55:09]     Result | best_epoch=66 | stop=81 | acc=0.7500 | bal_acc=0.7500 | collapse=False
[2026-05-19 12:55:09]     Spatial update | delta_l2=0.1408364 | relative_delta=0.12052014 | changed=True
[2026-05-19 12:55:09] 
Fold 2/5 | subject=8
[2026-05-19 12:55:09]     Train: 32 | Test: 8 | Strategy: new
[2026-05-19 12:55:11]     Result | best_epoch=86 | stop=100 | acc=0.8750 | bal_acc=0.8750 | collapse=False
[2026-05-19 12:55:11]     Spatial update | delta_l2=0.12211501 | relative_delta=0.10449939 | changed=True
[2026-05-19 12:55:11] 
Fold 3/5 | subject=8
[2026-05-19 12:55:11]     Train: 32 | Test: 8 | Strategy: new
[2026-05-19 12:55:13]     Result | best_epoch=59 | stop=74 | acc=0.7500 | bal_acc=0.7500 | collapse=False
[2026-05-19 12:55:13]     Spatial update | delta_l2=0.12123672 | relative_delta=0.10374779 | changed=True
[2026-05-19 12:55:13] 
Fold 4/5 | subject=8
[2026-05-19 12:55:13]     Train: 32 | Test: 8 | Strategy: new
[2026-05-19 12:55:15]     Result | best_epoch=85 | stop=100 | acc=0.6250 | bal_acc=0.6250 | collapse=False
[2026-05-19 12:55:15]     Spatial update | delta_l2=0.16124406 | relative_delta=0.13798391 | changed=True
[2026-05-19 12:55:16] 
Fold 5/5 | subject=8
[2026-05-19 12:55:16]     Train: 32 | Test: 8 | Strategy: new
[2026-05-19 12:55:17]     Result | best_epoch=83 | stop=98 | acc=0.6250 | bal_acc=0.6250 | collapse=False
[2026-05-19 12:55:17]     Spatial update | delta_l2=0.14712904 | relative_delta=0.12590504 | changed=True
[2026-05-19 12:55:17]   Subject 8: acc=0.7250±0.0935  bal_acc=0.7250±0.0935
[2026-05-19 12:55:17] 
Subject 9: 40 windows | class_counts=[20, 20]
[2026-05-19 12:55:18] 
Fold 1/5 | subject=9
[2026-05-19 12:55:18]     Train: 32 | Test: 8 | Strategy: new
[2026-05-19 12:55:19]     Result | best_epoch=89 | stop=90 | acc=0.6250 | bal_acc=0.6250 | collapse=False
[2026-05-19 12:55:19]     Spatial update | delta_l2=0.16683468 | relative_delta=0.14276805 | changed=True
[2026-05-19 12:55:20] 
Fold 2/5 | subject=9
[2026-05-19 12:55:20]     Train: 32 | Test: 8 | Strategy: new
[2026-05-19 12:55:21]     Result | best_epoch=68 | stop=83 | acc=0.6250 | bal_acc=0.6250 | collapse=False
[2026-05-19 12:55:21]     Spatial update | delta_l2=0.16366482 | relative_delta=0.14005546 | changed=True
[2026-05-19 12:55:22] 
Fold 3/5 | subject=9
[2026-05-19 12:55:22]     Train: 32 | Test: 8 | Strategy: new
[2026-05-19 12:55:22]     Result | best_epoch=1 | stop=16 | acc=0.3750 | bal_acc=0.3750 | collapse=False
[2026-05-19 12:55:22]     Spatial update | delta_l2=0.00538478 | relative_delta=0.004608 | changed=True
[2026-05-19 12:55:23] 
Fold 4/5 | subject=9
[2026-05-19 12:55:23]     Train: 32 | Test: 8 | Strategy: new
[2026-05-19 12:55:23]     Result | best_epoch=13 | stop=28 | acc=0.7500 | bal_acc=0.7500 | collapse=False
[2026-05-19 12:55:23]     Spatial update | delta_l2=0.04482868 | relative_delta=0.03836194 | changed=True
[2026-05-19 12:55:24] 
Fold 5/5 | subject=9
[2026-05-19 12:55:24]     Train: 32 | Test: 8 | Strategy: new
[2026-05-19 12:55:24]     Result | best_epoch=1 | stop=16 | acc=0.6250 | bal_acc=0.6250 | collapse=False
[2026-05-19 12:55:24]     Spatial update | delta_l2=0.00538482 | relative_delta=0.00460803 | changed=True
[2026-05-19 12:55:24]   Subject 9: acc=0.6000±0.1225  bal_acc=0.6000±0.1225
[2026-05-19 12:55:24] 
Subject 10: 40 windows | class_counts=[20, 20]
[2026-05-19 12:55:25] 
Fold 1/5 | subject=10
[2026-05-19 12:55:25]     Train: 32 | Test: 8 | Strategy: new
[2026-05-19 12:55:26]     Result | best_epoch=79 | stop=94 | acc=0.3750 | bal_acc=0.3750 | collapse=False
[2026-05-19 12:55:26]     Spatial update | delta_l2=0.18608415 | relative_delta=0.1592407 | changed=True
[2026-05-19 12:55:27] 
Fold 2/5 | subject=10
[2026-05-19 12:55:27]     Train: 32 | Test: 8 | Strategy: new
[2026-05-19 12:55:27]     Result | best_epoch=4 | stop=19 | acc=0.5000 | bal_acc=0.5000 | collapse=False
[2026-05-19 12:55:27]     Spatial update | delta_l2=0.01664645 | relative_delta=0.01424513 | changed=True
[2026-05-19 12:55:27] 
Fold 3/5 | subject=10
[2026-05-19 12:55:27]     Train: 32 | Test: 8 | Strategy: new
[2026-05-19 12:55:28]     Result | best_epoch=1 | stop=16 | acc=0.3750 | bal_acc=0.3750 | collapse=False
[2026-05-19 12:55:28]     Spatial update | delta_l2=0.0053849 | relative_delta=0.00460811 | changed=True
[2026-05-19 12:55:28] 
Fold 4/5 | subject=10
[2026-05-19 12:55:28]     Train: 32 | Test: 8 | Strategy: new
[2026-05-19 12:55:29]     Result | best_epoch=1 | stop=16 | acc=0.5000 | bal_acc=0.5000 | collapse=False
[2026-05-19 12:55:29]     Spatial update | delta_l2=0.00538471 | relative_delta=0.00460794 | changed=True
[2026-05-19 12:55:29] 
Fold 5/5 | subject=10
[2026-05-19 12:55:29]     Train: 32 | Test: 8 | Strategy: new
[2026-05-19 12:55:30]     Result | best_epoch=1 | stop=16 | acc=0.5000 | bal_acc=0.5000 | collapse=False
[2026-05-19 12:55:30]     Spatial update | delta_l2=0.00538502 | relative_delta=0.00460821 | changed=True
[2026-05-19 12:55:30]   Subject 10: acc=0.4500±0.0612  bal_acc=0.4500±0.0612
[2026-05-19 12:55:30] 
Subject 11: 40 windows | class_counts=[20, 20]
[2026-05-19 12:55:30] 
Fold 1/5 | subject=11
[2026-05-19 12:55:30]     Train: 32 | Test: 8 | Strategy: new
[2026-05-19 12:55:32]     Result | best_epoch=70 | stop=81 | acc=0.7500 | bal_acc=0.7500 | collapse=False
[2026-05-19 12:55:32]     Spatial update | delta_l2=0.14810934 | relative_delta=0.12674392 | changed=True
[2026-05-19 12:55:32] 
Fold 2/5 | subject=11
[2026-05-19 12:55:32]     Train: 32 | Test: 8 | Strategy: new
[2026-05-19 12:55:32]     Result | best_epoch=1 | stop=16 | acc=0.5000 | bal_acc=0.5000 | collapse=False
[2026-05-19 12:55:32]     Spatial update | delta_l2=0.00538501 | relative_delta=0.0046082 | changed=True
[2026-05-19 12:55:33] 
Fold 3/5 | subject=11
[2026-05-19 12:55:33]     Train: 32 | Test: 8 | Strategy: new
[2026-05-19 12:55:33]     Result | best_epoch=5 | stop=16 | acc=0.2500 | bal_acc=0.2500 | collapse=False
[2026-05-19 12:55:33]     Spatial update | delta_l2=0.00538493 | relative_delta=0.00460813 | changed=True
[2026-05-19 12:55:34] 
Fold 4/5 | subject=11
[2026-05-19 12:55:34]     Train: 32 | Test: 8 | Strategy: new
[2026-05-19 12:55:35]     Result | best_epoch=79 | stop=86 | acc=0.3750 | bal_acc=0.3750 | collapse=False
[2026-05-19 12:55:35]     Spatial update | delta_l2=0.14744321 | relative_delta=0.12617388 | changed=True
[2026-05-19 12:55:36] 
Fold 5/5 | subject=11
[2026-05-19 12:55:36]     Train: 32 | Test: 8 | Strategy: new
[2026-05-19 12:55:37]     Result | best_epoch=80 | stop=89 | acc=0.2500 | bal_acc=0.2500 | collapse=False
[2026-05-19 12:55:37]     Spatial update | delta_l2=0.15035433 | relative_delta=0.12866507 | changed=True
[2026-05-19 12:55:37]   Subject 11: acc=0.4250±0.1871  bal_acc=0.4250±0.1871
[2026-05-19 12:55:37] 
Subject 12: 40 windows | class_counts=[20, 20]
[2026-05-19 12:55:38] 
Fold 1/5 | subject=12
[2026-05-19 12:55:38]     Train: 32 | Test: 8 | Strategy: new
[2026-05-19 12:55:38]     Result | best_epoch=1 | stop=16 | acc=0.3750 | bal_acc=0.3750 | collapse=False
[2026-05-19 12:55:38]     Spatial update | delta_l2=0.00538508 | relative_delta=0.00460826 | changed=True
[2026-05-19 12:55:39] 
Fold 2/5 | subject=12
[2026-05-19 12:55:39]     Train: 32 | Test: 8 | Strategy: new
[2026-05-19 12:55:40]     Result | best_epoch=71 | stop=86 | acc=0.7500 | bal_acc=0.7500 | collapse=False
[2026-05-19 12:55:40]     Spatial update | delta_l2=0.15048782 | relative_delta=0.1287793 | changed=True
[2026-05-19 12:55:41] 
Fold 3/5 | subject=12
[2026-05-19 12:55:41]     Train: 32 | Test: 8 | Strategy: new
[2026-05-19 12:55:42]     Result | best_epoch=71 | stop=86 | acc=0.8750 | bal_acc=0.8750 | collapse=False
[2026-05-19 12:55:42]     Spatial update | delta_l2=0.14895403 | relative_delta=0.12746676 | changed=True
[2026-05-19 12:55:43] 
Fold 4/5 | subject=12
[2026-05-19 12:55:43]     Train: 32 | Test: 8 | Strategy: new
[2026-05-19 12:55:44]     Result | best_epoch=66 | stop=76 | acc=0.2500 | bal_acc=0.2500 | collapse=False
[2026-05-19 12:55:44]     Spatial update | delta_l2=0.15535723 | relative_delta=0.13294628 | changed=True
[2026-05-19 12:55:45] 
Fold 5/5 | subject=12
[2026-05-19 12:55:45]     Train: 32 | Test: 8 | Strategy: new
[2026-05-19 12:55:46]     Result | best_epoch=90 | stop=100 | acc=0.5000 | bal_acc=0.5000 | collapse=False
[2026-05-19 12:55:46]     Spatial update | delta_l2=0.1817633 | relative_delta=0.15554315 | changed=True
[2026-05-19 12:55:46]   Subject 12: acc=0.5500±0.2318  bal_acc=0.5500±0.2318
[2026-05-19 12:55:46] 
Subject 13: 40 windows | class_counts=[20, 20]
[2026-05-19 12:55:47] 
Fold 1/5 | subject=13
[2026-05-19 12:55:47]     Train: 32 | Test: 8 | Strategy: new
[2026-05-19 12:55:47]     Result | best_epoch=1 | stop=16 | acc=0.6250 | bal_acc=0.6250 | collapse=False
[2026-05-19 12:55:47]     Spatial update | delta_l2=0.00538482 | relative_delta=0.00460804 | changed=True
[2026-05-19 12:55:48] 
Fold 2/5 | subject=13
[2026-05-19 12:55:48]     Train: 32 | Test: 8 | Strategy: new
[2026-05-19 12:55:49]     Result | best_epoch=98 | stop=100 | acc=0.8750 | bal_acc=0.8750 | collapse=False
[2026-05-19 12:55:49]     Spatial update | delta_l2=0.16430234 | relative_delta=0.14060102 | changed=True
[2026-05-19 12:55:50] 
Fold 3/5 | subject=13
[2026-05-19 12:55:50]     Train: 32 | Test: 8 | Strategy: new
[2026-05-19 12:55:51]     Result | best_epoch=67 | stop=82 | acc=0.5000 | bal_acc=0.5000 | collapse=False
[2026-05-19 12:55:51]     Spatial update | delta_l2=0.17974006 | relative_delta=0.15381177 | changed=True
[2026-05-19 12:55:52] 
Fold 4/5 | subject=13
[2026-05-19 12:55:52]     Train: 32 | Test: 8 | Strategy: new
[2026-05-19 12:55:54]     Result | best_epoch=100 | stop=100 | acc=0.3750 | bal_acc=0.3750 | collapse=False
[2026-05-19 12:55:54]     Spatial update | delta_l2=0.23793254 | relative_delta=0.20360974 | changed=True
[2026-05-19 12:55:54] 
Fold 5/5 | subject=13
[2026-05-19 12:55:54]     Train: 32 | Test: 8 | Strategy: new
[2026-05-19 12:55:56]     Result | best_epoch=98 | stop=100 | acc=0.7500 | bal_acc=0.7500 | collapse=False
[2026-05-19 12:55:56]     Spatial update | delta_l2=0.20571079 | relative_delta=0.17603611 | changed=True
[2026-05-19 12:55:56]   Subject 13: acc=0.6250±0.1768  bal_acc=0.6250±0.1768
[2026-05-19 12:55:56] 
Subject 14: 40 windows | class_counts=[20, 20]
[2026-05-19 12:55:57] 
Fold 1/5 | subject=14
[2026-05-19 12:55:57]     Train: 32 | Test: 8 | Strategy: new
[2026-05-19 12:55:57]     Result | best_epoch=45 | stop=47 | acc=0.7500 | bal_acc=0.7500 | collapse=False
[2026-05-19 12:55:57]     Spatial update | delta_l2=0.10755445 | relative_delta=0.09203925 | changed=True
[2026-05-19 12:55:58] 
Fold 2/5 | subject=14
[2026-05-19 12:55:58]     Train: 32 | Test: 8 | Strategy: new
[2026-05-19 12:55:58]     Result | best_epoch=1 | stop=16 | acc=0.3750 | bal_acc=0.3750 | collapse=False
[2026-05-19 12:55:58]     Spatial update | delta_l2=0.00538471 | relative_delta=0.00460795 | changed=True
[2026-05-19 12:55:59] 
Fold 3/5 | subject=14
[2026-05-19 12:55:59]     Train: 32 | Test: 8 | Strategy: new
[2026-05-19 12:55:59]     Result | best_epoch=14 | stop=29 | acc=0.5000 | bal_acc=0.5000 | collapse=True
[2026-05-19 12:55:59]     Spatial update | delta_l2=0.04399194 | relative_delta=0.03764591 | changed=True
[2026-05-19 12:56:00] 
Fold 4/5 | subject=14
[2026-05-19 12:56:00]     Train: 32 | Test: 8 | Strategy: new
[2026-05-19 12:56:00]     Result | best_epoch=1 | stop=16 | acc=0.2500 | bal_acc=0.2500 | collapse=False
[2026-05-19 12:56:00]     Spatial update | delta_l2=0.00538502 | relative_delta=0.00460821 | changed=True
[2026-05-19 12:56:01] 
Fold 5/5 | subject=14
[2026-05-19 12:56:01]     Train: 32 | Test: 8 | Strategy: new
[2026-05-19 12:56:02]     Result | best_epoch=86 | stop=87 | acc=0.8750 | bal_acc=0.8750 | collapse=False
[2026-05-19 12:56:02]     Spatial update | delta_l2=0.16186592 | relative_delta=0.13851606 | changed=True
[2026-05-19 12:56:02]   Subject 14: acc=0.5500±0.2318  bal_acc=0.5500±0.2318
[2026-05-19 12:56:02] 
Subject 15: 40 windows | class_counts=[20, 20]
[2026-05-19 12:56:03] 
Fold 1/5 | subject=15
[2026-05-19 12:56:03]     Train: 32 | Test: 8 | Strategy: new
[2026-05-19 12:56:03]     Result | best_epoch=1 | stop=16 | acc=0.3750 | bal_acc=0.3750 | collapse=False
[2026-05-19 12:56:03]     Spatial update | delta_l2=0.0053847 | relative_delta=0.00460794 | changed=True
[2026-05-19 12:56:04] 
Fold 2/5 | subject=15
[2026-05-19 12:56:04]     Train: 32 | Test: 8 | Strategy: new
[2026-05-19 12:56:04]     Result | best_epoch=1 | stop=16 | acc=0.1250 | bal_acc=0.1250 | collapse=False
[2026-05-19 12:56:04]     Spatial update | delta_l2=0.00538506 | relative_delta=0.00460824 | changed=True
[2026-05-19 12:56:05] 
Fold 3/5 | subject=15
[2026-05-19 12:56:05]     Train: 32 | Test: 8 | Strategy: new
[2026-05-19 12:56:05]     Result | best_epoch=1 | stop=16 | acc=0.2500 | bal_acc=0.2500 | collapse=False
[2026-05-19 12:56:05]     Spatial update | delta_l2=0.00538494 | relative_delta=0.00460814 | changed=True
[2026-05-19 12:56:06] 
Fold 4/5 | subject=15
[2026-05-19 12:56:06]     Train: 32 | Test: 8 | Strategy: new
[2026-05-19 12:56:06]     Result | best_epoch=1 | stop=16 | acc=0.7500 | bal_acc=0.7500 | collapse=False
[2026-05-19 12:56:06]     Spatial update | delta_l2=0.00538502 | relative_delta=0.00460821 | changed=True
[2026-05-19 12:56:06] 
Fold 5/5 | subject=15
[2026-05-19 12:56:06]     Train: 32 | Test: 8 | Strategy: new
[2026-05-19 12:56:07]     Result | best_epoch=1 | stop=16 | acc=0.6250 | bal_acc=0.6250 | collapse=False
[2026-05-19 12:56:07]     Spatial update | delta_l2=0.00538502 | relative_delta=0.00460821 | changed=True
[2026-05-19 12:56:07]   Subject 15: acc=0.4250±0.2318  bal_acc=0.4250±0.2318
[2026-05-19 12:56:07] 
Subject 16: 40 windows | class_counts=[20, 20]
[2026-05-19 12:56:07] 
Fold 1/5 | subject=16
[2026-05-19 12:56:07]     Train: 32 | Test: 8 | Strategy: new
[2026-05-19 12:56:09]     Result | best_epoch=64 | stop=79 | acc=0.6250 | bal_acc=0.6250 | collapse=False
[2026-05-19 12:56:09]     Spatial update | delta_l2=0.12840423 | relative_delta=0.10988136 | changed=True
[2026-05-19 12:56:09] 
Fold 2/5 | subject=16
[2026-05-19 12:56:09]     Train: 32 | Test: 8 | Strategy: new
[2026-05-19 12:56:10]     Result | best_epoch=1 | stop=16 | acc=0.6250 | bal_acc=0.6250 | collapse=False
[2026-05-19 12:56:10]     Spatial update | delta_l2=0.00538405 | relative_delta=0.00460738 | changed=True
[2026-05-19 12:56:10] 
Fold 3/5 | subject=16
[2026-05-19 12:56:10]     Train: 32 | Test: 8 | Strategy: new
[2026-05-19 12:56:10]     Result | best_epoch=1 | stop=16 | acc=0.5000 | bal_acc=0.5000 | collapse=False
[2026-05-19 12:56:10]     Spatial update | delta_l2=0.00538451 | relative_delta=0.00460777 | changed=True
[2026-05-19 12:56:11] 
Fold 4/5 | subject=16
[2026-05-19 12:56:11]     Train: 32 | Test: 8 | Strategy: new
[2026-05-19 12:56:11]     Result | best_epoch=1 | stop=16 | acc=0.7500 | bal_acc=0.7500 | collapse=False
[2026-05-19 12:56:11]     Spatial update | delta_l2=0.00538465 | relative_delta=0.00460789 | changed=True
[2026-05-19 12:56:12] 
Fold 5/5 | subject=16
[2026-05-19 12:56:12]     Train: 32 | Test: 8 | Strategy: new
[2026-05-19 12:56:12]     Result | best_epoch=1 | stop=16 | acc=0.3750 | bal_acc=0.3750 | collapse=False
[2026-05-19 12:56:12]     Spatial update | delta_l2=0.00538497 | relative_delta=0.00460816 | changed=True
[2026-05-19 12:56:12]   Subject 16: acc=0.5750±0.1275  bal_acc=0.5750±0.1275
[2026-05-19 12:56:12] 
Subject 17: 40 windows | class_counts=[20, 20]
[2026-05-19 12:56:13] 
Fold 1/5 | subject=17
[2026-05-19 12:56:13]     Train: 32 | Test: 8 | Strategy: new
[2026-05-19 12:56:13]     Result | best_epoch=20 | stop=35 | acc=0.3750 | bal_acc=0.3750 | collapse=False
[2026-05-19 12:56:13]     Spatial update | delta_l2=0.07092172 | relative_delta=0.06069095 | changed=True
[2026-05-19 12:56:14] 
Fold 2/5 | subject=17
[2026-05-19 12:56:14]     Train: 32 | Test: 8 | Strategy: new
[2026-05-19 12:56:14]     Result | best_epoch=1 | stop=16 | acc=0.3750 | bal_acc=0.3750 | collapse=False
[2026-05-19 12:56:14]     Spatial update | delta_l2=0.00538506 | relative_delta=0.00460825 | changed=True
[2026-05-19 12:56:15] 
Fold 3/5 | subject=17
[2026-05-19 12:56:15]     Train: 32 | Test: 8 | Strategy: new
[2026-05-19 12:56:16]     Result | best_epoch=66 | stop=81 | acc=0.6250 | bal_acc=0.6250 | collapse=False
[2026-05-19 12:56:16]     Spatial update | delta_l2=0.15157345 | relative_delta=0.12970833 | changed=True
[2026-05-19 12:56:17] 
Fold 4/5 | subject=17
[2026-05-19 12:56:17]     Train: 32 | Test: 8 | Strategy: new
[2026-05-19 12:56:17]     Result | best_epoch=2 | stop=17 | acc=0.7500 | bal_acc=0.7500 | collapse=False
[2026-05-19 12:56:17]     Spatial update | delta_l2=0.00925181 | relative_delta=0.0079172 | changed=True
[2026-05-19 12:56:18] 
Fold 5/5 | subject=17
[2026-05-19 12:56:18]     Train: 32 | Test: 8 | Strategy: new
[2026-05-19 12:56:18]     Result | best_epoch=32 | stop=47 | acc=0.5000 | bal_acc=0.5000 | collapse=False
[2026-05-19 12:56:18]     Spatial update | delta_l2=0.09986284 | relative_delta=0.08545719 | changed=True
[2026-05-19 12:56:18]   Subject 17: acc=0.5250±0.1458  bal_acc=0.5250±0.1458
[2026-05-19 12:56:18] 
Subject 18: 40 windows | class_counts=[20, 20]
[2026-05-19 12:56:19] 
Fold 1/5 | subject=18
[2026-05-19 12:56:19]     Train: 32 | Test: 8 | Strategy: new
[2026-05-19 12:56:21]     Result | best_epoch=99 | stop=100 | acc=0.8750 | bal_acc=0.8750 | collapse=False
[2026-05-19 12:56:21]     Spatial update | delta_l2=0.16895313 | relative_delta=0.1445809 | changed=True
[2026-05-19 12:56:21] 
Fold 2/5 | subject=18
[2026-05-19 12:56:21]     Train: 32 | Test: 8 | Strategy: new
[2026-05-19 12:56:23]     Result | best_epoch=93 | stop=100 | acc=0.5000 | bal_acc=0.5000 | collapse=True
[2026-05-19 12:56:23]     Spatial update | delta_l2=0.17127389 | relative_delta=0.14656689 | changed=True
[2026-05-19 12:56:24] 
Fold 3/5 | subject=18
[2026-05-19 12:56:24]     Train: 32 | Test: 8 | Strategy: new
[2026-05-19 12:56:25]     Result | best_epoch=93 | stop=100 | acc=0.7500 | bal_acc=0.7500 | collapse=False
[2026-05-19 12:56:25]     Spatial update | delta_l2=0.18917788 | relative_delta=0.16188815 | changed=True
[2026-05-19 12:56:26] 
Fold 4/5 | subject=18
[2026-05-19 12:56:26]     Train: 32 | Test: 8 | Strategy: new
[2026-05-19 12:56:28]     Result | best_epoch=93 | stop=100 | acc=0.7500 | bal_acc=0.7500 | collapse=False
[2026-05-19 12:56:28]     Spatial update | delta_l2=0.17917882 | relative_delta=0.1533315 | changed=True
[2026-05-19 12:56:28] 
Fold 5/5 | subject=18
[2026-05-19 12:56:28]     Train: 32 | Test: 8 | Strategy: new
[2026-05-19 12:56:30]     Result | best_epoch=99 | stop=100 | acc=0.7500 | bal_acc=0.7500 | collapse=False
[2026-05-19 12:56:30]     Spatial update | delta_l2=0.1886931 | relative_delta=0.1614733 | changed=True
[2026-05-19 12:56:30]   Subject 18: acc=0.7250±0.1225  bal_acc=0.7250±0.1225
[2026-05-19 12:56:30] 
Subject 19: 40 windows | class_counts=[20, 20]
[2026-05-19 12:56:30] 
Fold 1/5 | subject=19
[2026-05-19 12:56:30]     Train: 32 | Test: 8 | Strategy: new
[2026-05-19 12:56:32]     Result | best_epoch=72 | stop=87 | acc=0.3750 | bal_acc=0.3750 | collapse=False
[2026-05-19 12:56:32]     Spatial update | delta_l2=0.16338259 | relative_delta=0.13981394 | changed=True
[2026-05-19 12:56:32] 
Fold 2/5 | subject=19
[2026-05-19 12:56:32]     Train: 32 | Test: 8 | Strategy: new
[2026-05-19 12:56:33]     Result | best_epoch=1 | stop=16 | acc=0.7500 | bal_acc=0.7500 | collapse=False
[2026-05-19 12:56:33]     Spatial update | delta_l2=0.00538481 | relative_delta=0.00460803 | changed=True
[2026-05-19 12:56:33] 
Fold 3/5 | subject=19
[2026-05-19 12:56:33]     Train: 32 | Test: 8 | Strategy: new
[2026-05-19 12:56:35]     Result | best_epoch=72 | stop=87 | acc=0.1250 | bal_acc=0.1250 | collapse=False
[2026-05-19 12:56:35]     Spatial update | delta_l2=0.13406899 | relative_delta=0.11472895 | changed=True
[2026-05-19 12:56:35] 
Fold 4/5 | subject=19
[2026-05-19 12:56:35]     Train: 32 | Test: 8 | Strategy: new
[2026-05-19 12:56:36]     Result | best_epoch=1 | stop=16 | acc=0.5000 | bal_acc=0.5000 | collapse=False
[2026-05-19 12:56:36]     Spatial update | delta_l2=0.00538484 | relative_delta=0.00460805 | changed=True
[2026-05-19 12:56:36] 
Fold 5/5 | subject=19
[2026-05-19 12:56:36]     Train: 32 | Test: 8 | Strategy: new
[2026-05-19 12:56:37]     Result | best_epoch=2 | stop=17 | acc=0.6250 | bal_acc=0.6250 | collapse=False
[2026-05-19 12:56:37]     Spatial update | delta_l2=0.00894686 | relative_delta=0.00765624 | changed=True
[2026-05-19 12:56:37]   Subject 19: acc=0.4750±0.2151  bal_acc=0.4750±0.2151
[2026-05-19 12:56:37] 
Subject 20: 40 windows | class_counts=[20, 20]
[2026-05-19 12:56:37] 
Fold 1/5 | subject=20
[2026-05-19 12:56:37]     Train: 32 | Test: 8 | Strategy: new
[2026-05-19 12:56:39]     Result | best_epoch=74 | stop=89 | acc=0.7500 | bal_acc=0.7500 | collapse=False
[2026-05-19 12:56:39]     Spatial update | delta_l2=0.15071785 | relative_delta=0.12897615 | changed=True
[2026-05-19 12:56:39] 
Fold 2/5 | subject=20
[2026-05-19 12:56:39]     Train: 32 | Test: 8 | Strategy: new
[2026-05-19 12:56:41]     Result | best_epoch=83 | stop=98 | acc=0.6250 | bal_acc=0.6250 | collapse=False
[2026-05-19 12:56:41]     Spatial update | delta_l2=0.20209234 | relative_delta=0.17293964 | changed=True
[2026-05-19 12:56:42] 
Fold 3/5 | subject=20
[2026-05-19 12:56:42]     Train: 32 | Test: 8 | Strategy: new
[2026-05-19 12:56:43]     Result | best_epoch=83 | stop=98 | acc=0.7500 | bal_acc=0.7500 | collapse=False
[2026-05-19 12:56:43]     Spatial update | delta_l2=0.18441694 | relative_delta=0.15781399 | changed=True
[2026-05-19 12:56:44] 
Fold 4/5 | subject=20
[2026-05-19 12:56:44]     Train: 32 | Test: 8 | Strategy: new
[2026-05-19 12:56:46]     Result | best_epoch=85 | stop=100 | acc=0.6250 | bal_acc=0.6250 | collapse=False
[2026-05-19 12:56:46]     Spatial update | delta_l2=0.1758168 | relative_delta=0.15045446 | changed=True
[2026-05-19 12:56:46] 
Fold 5/5 | subject=20
[2026-05-19 12:56:46]     Train: 32 | Test: 8 | Strategy: new
[2026-05-19 12:56:46]     Result | best_epoch=2 | stop=17 | acc=0.8750 | bal_acc=0.8750 | collapse=False
[2026-05-19 12:56:46]     Spatial update | delta_l2=0.00980441 | relative_delta=0.00839008 | changed=True
[2026-05-19 12:56:46]   Subject 20: acc=0.7250±0.0935  bal_acc=0.7250±0.0935
[2026-05-19 12:56:46] 
Subject 21: 40 windows | class_counts=[20, 20]
[2026-05-19 12:56:47] 
Fold 1/5 | subject=21
[2026-05-19 12:56:47]     Train: 32 | Test: 8 | Strategy: new
[2026-05-19 12:56:47]     Result | best_epoch=1 | stop=16 | acc=0.5000 | bal_acc=0.5000 | collapse=False
[2026-05-19 12:56:47]     Spatial update | delta_l2=0.00538496 | relative_delta=0.00460816 | changed=True
[2026-05-19 12:56:48] 
Fold 2/5 | subject=21
[2026-05-19 12:56:48]     Train: 32 | Test: 8 | Strategy: new
[2026-05-19 12:56:48]     Result | best_epoch=1 | stop=16 | acc=0.2500 | bal_acc=0.2500 | collapse=False
[2026-05-19 12:56:48]     Spatial update | delta_l2=0.00538504 | relative_delta=0.00460823 | changed=True
[2026-05-19 12:56:49] 
Fold 3/5 | subject=21
[2026-05-19 12:56:49]     Train: 32 | Test: 8 | Strategy: new
[2026-05-19 12:56:50]     Result | best_epoch=83 | stop=98 | acc=0.3750 | bal_acc=0.3750 | collapse=False
[2026-05-19 12:56:50]     Spatial update | delta_l2=0.14121064 | relative_delta=0.12084039 | changed=True
[2026-05-19 12:56:51] 
Fold 4/5 | subject=21
[2026-05-19 12:56:51]     Train: 32 | Test: 8 | Strategy: new
[2026-05-19 12:56:51]     Result | best_epoch=1 | stop=16 | acc=0.5000 | bal_acc=0.5000 | collapse=False
[2026-05-19 12:56:51]     Spatial update | delta_l2=0.00538357 | relative_delta=0.00460697 | changed=True
[2026-05-19 12:56:52] 
Fold 5/5 | subject=21
[2026-05-19 12:56:52]     Train: 32 | Test: 8 | Strategy: new
[2026-05-19 12:56:52]     Result | best_epoch=2 | stop=16 | acc=0.3750 | bal_acc=0.3750 | collapse=False
[2026-05-19 12:56:52]     Spatial update | delta_l2=0.00538482 | relative_delta=0.00460804 | changed=True
[2026-05-19 12:56:52]   Subject 21: acc=0.4000±0.0935  bal_acc=0.4000±0.0935
[2026-05-19 12:56:52] 
Subject 22: 40 windows | class_counts=[20, 20]
[2026-05-19 12:56:53] 
Fold 1/5 | subject=22
[2026-05-19 12:56:53]     Train: 32 | Test: 8 | Strategy: new
[2026-05-19 12:56:54]     Result | best_epoch=93 | stop=100 | acc=0.6250 | bal_acc=0.6250 | collapse=False
[2026-05-19 12:56:54]     Spatial update | delta_l2=0.14909924 | relative_delta=0.12759102 | changed=True
[2026-05-19 12:56:55] 
Fold 2/5 | subject=22
[2026-05-19 12:56:55]     Train: 32 | Test: 8 | Strategy: new
[2026-05-19 12:56:57]     Result | best_epoch=91 | stop=100 | acc=0.3750 | bal_acc=0.3750 | collapse=False
[2026-05-19 12:56:57]     Spatial update | delta_l2=0.13336569 | relative_delta=0.11412711 | changed=True
[2026-05-19 12:56:57] 
Fold 3/5 | subject=22
[2026-05-19 12:56:57]     Train: 32 | Test: 8 | Strategy: new
[2026-05-19 12:56:59]     Result | best_epoch=75 | stop=90 | acc=0.3750 | bal_acc=0.3750 | collapse=False
[2026-05-19 12:56:59]     Spatial update | delta_l2=0.153721 | relative_delta=0.13154608 | changed=True
[2026-05-19 12:56:59] 
Fold 4/5 | subject=22
[2026-05-19 12:56:59]     Train: 32 | Test: 8 | Strategy: new
[2026-05-19 12:57:00]     Result | best_epoch=1 | stop=16 | acc=0.5000 | bal_acc=0.5000 | collapse=False
[2026-05-19 12:57:00]     Spatial update | delta_l2=0.00538464 | relative_delta=0.00460788 | changed=True
[2026-05-19 12:57:00] 
Fold 5/5 | subject=22
[2026-05-19 12:57:00]     Train: 32 | Test: 8 | Strategy: new
[2026-05-19 12:57:02]     Result | best_epoch=91 | stop=100 | acc=0.3750 | bal_acc=0.3750 | collapse=False
[2026-05-19 12:57:02]     Spatial update | delta_l2=0.15249496 | relative_delta=0.1304969 | changed=True
[2026-05-19 12:57:02]   Subject 22: acc=0.4500±0.1000  bal_acc=0.4500±0.1000
[2026-05-19 12:57:02] 
Subject 23: 40 windows | class_counts=[20, 20]
[2026-05-19 12:57:03] 
Fold 1/5 | subject=23
[2026-05-19 12:57:03]     Train: 32 | Test: 8 | Strategy: new
[2026-05-19 12:57:03]     Result | best_epoch=1 | stop=16 | acc=0.5000 | bal_acc=0.5000 | collapse=False
[2026-05-19 12:57:03]     Spatial update | delta_l2=0.00538475 | relative_delta=0.00460798 | changed=True
[2026-05-19 12:57:03] 
Fold 2/5 | subject=23
[2026-05-19 12:57:03]     Train: 32 | Test: 8 | Strategy: new
[2026-05-19 12:57:05]     Result | best_epoch=95 | stop=100 | acc=0.6250 | bal_acc=0.6250 | collapse=False
[2026-05-19 12:57:05]     Spatial update | delta_l2=0.15228087 | relative_delta=0.13031369 | changed=True
[2026-05-19 12:57:06] 
Fold 3/5 | subject=23
[2026-05-19 12:57:06]     Train: 32 | Test: 8 | Strategy: new
[2026-05-19 12:57:06]     Result | best_epoch=33 | stop=40 | acc=0.7500 | bal_acc=0.7500 | collapse=False
[2026-05-19 12:57:06]     Spatial update | delta_l2=0.07367997 | relative_delta=0.06305132 | changed=True
[2026-05-19 12:57:07] 
Fold 4/5 | subject=23
[2026-05-19 12:57:07]     Train: 32 | Test: 8 | Strategy: new
[2026-05-19 12:57:07]     Result | best_epoch=1 | stop=16 | acc=0.5000 | bal_acc=0.5000 | collapse=False
[2026-05-19 12:57:07]     Spatial update | delta_l2=0.00538404 | relative_delta=0.00460737 | changed=True
[2026-05-19 12:57:08] 
Fold 5/5 | subject=23
[2026-05-19 12:57:08]     Train: 32 | Test: 8 | Strategy: new
[2026-05-19 12:57:10]     Result | best_epoch=84 | stop=99 | acc=0.2500 | bal_acc=0.2500 | collapse=False
[2026-05-19 12:57:10]     Spatial update | delta_l2=0.14282918 | relative_delta=0.12222545 | changed=True
[2026-05-19 12:57:10]   Subject 23: acc=0.5250±0.1658  bal_acc=0.5250±0.1658
[2026-05-19 12:57:10] 
Subject 24: 40 windows | class_counts=[20, 20]
[2026-05-19 12:57:10] 
Fold 1/5 | subject=24
[2026-05-19 12:57:10]     Train: 32 | Test: 8 | Strategy: new
[2026-05-19 12:57:10]     Result | best_epoch=1 | stop=16 | acc=0.7500 | bal_acc=0.7500 | collapse=False
[2026-05-19 12:57:10]     Spatial update | delta_l2=0.00538498 | relative_delta=0.00460817 | changed=True
[2026-05-19 12:57:11] 
Fold 2/5 | subject=24
[2026-05-19 12:57:11]     Train: 32 | Test: 8 | Strategy: new
[2026-05-19 12:57:11]     Result | best_epoch=1 | stop=16 | acc=0.5000 | bal_acc=0.5000 | collapse=False
[2026-05-19 12:57:11]     Spatial update | delta_l2=0.00538493 | relative_delta=0.00460813 | changed=True
[2026-05-19 12:57:12] 
Fold 3/5 | subject=24
[2026-05-19 12:57:12]     Train: 32 | Test: 8 | Strategy: new
[2026-05-19 12:57:12]     Result | best_epoch=1 | stop=16 | acc=0.7500 | bal_acc=0.7500 | collapse=False
[2026-05-19 12:57:12]     Spatial update | delta_l2=0.00538504 | relative_delta=0.00460823 | changed=True
[2026-05-19 12:57:13] 
Fold 4/5 | subject=24
[2026-05-19 12:57:13]     Train: 32 | Test: 8 | Strategy: new
[2026-05-19 12:57:14]     Result | best_epoch=85 | stop=100 | acc=0.2500 | bal_acc=0.2500 | collapse=False
[2026-05-19 12:57:14]     Spatial update | delta_l2=0.18243971 | relative_delta=0.15612199 | changed=True
[2026-05-19 12:57:15] 
Fold 5/5 | subject=24
[2026-05-19 12:57:15]     Train: 32 | Test: 8 | Strategy: new
[2026-05-19 12:57:16]     Result | best_epoch=69 | stop=84 | acc=0.5000 | bal_acc=0.5000 | collapse=False
[2026-05-19 12:57:16]     Spatial update | delta_l2=0.15435612 | relative_delta=0.13208958 | changed=True
[2026-05-19 12:57:16]   Subject 24: acc=0.5500±0.1871  bal_acc=0.5500±0.1871
[2026-05-19 12:57:16] 
Subject 25: 40 windows | class_counts=[20, 20]
[2026-05-19 12:57:17] 
Fold 1/5 | subject=25
[2026-05-19 12:57:17]     Train: 32 | Test: 8 | Strategy: new
[2026-05-19 12:57:18]     Result | best_epoch=66 | stop=81 | acc=0.7500 | bal_acc=0.7500 | collapse=False
[2026-05-19 12:57:18]     Spatial update | delta_l2=0.14491829 | relative_delta=0.12401319 | changed=True
[2026-05-19 12:57:19] 
Fold 2/5 | subject=25
[2026-05-19 12:57:19]     Train: 32 | Test: 8 | Strategy: new
[2026-05-19 12:57:20]     Result | best_epoch=30 | stop=45 | acc=0.6250 | bal_acc=0.6250 | collapse=False
[2026-05-19 12:57:20]     Spatial update | delta_l2=0.08876081 | relative_delta=0.07595668 | changed=True
[2026-05-19 12:57:20] 
Fold 3/5 | subject=25
[2026-05-19 12:57:20]     Train: 32 | Test: 8 | Strategy: new
[2026-05-19 12:57:22]     Result | best_epoch=81 | stop=96 | acc=0.7500 | bal_acc=0.7500 | collapse=False
[2026-05-19 12:57:22]     Spatial update | delta_l2=0.13872819 | relative_delta=0.11871604 | changed=True
[2026-05-19 12:57:22] 
Fold 4/5 | subject=25
[2026-05-19 12:57:22]     Train: 32 | Test: 8 | Strategy: new
[2026-05-19 12:57:24]     Result | best_epoch=81 | stop=96 | acc=0.5000 | bal_acc=0.5000 | collapse=False
[2026-05-19 12:57:24]     Spatial update | delta_l2=0.15081921 | relative_delta=0.12906289 | changed=True
[2026-05-19 12:57:25] 
Fold 5/5 | subject=25
[2026-05-19 12:57:25]     Train: 32 | Test: 8 | Strategy: new
[2026-05-19 12:57:25]     Result | best_epoch=1 | stop=16 | acc=0.3750 | bal_acc=0.3750 | collapse=False
[2026-05-19 12:57:25]     Spatial update | delta_l2=0.00538455 | relative_delta=0.00460781 | changed=True
[2026-05-19 12:57:25]   Subject 25: acc=0.6000±0.1458  bal_acc=0.6000±0.1458
[2026-05-19 12:57:25] 
Subject 26: 40 windows | class_counts=[20, 20]
[2026-05-19 12:57:25] 
Fold 1/5 | subject=26
[2026-05-19 12:57:25]     Train: 32 | Test: 8 | Strategy: new
[2026-05-19 12:57:26]     Result | best_epoch=1 | stop=16 | acc=0.5000 | bal_acc=0.5000 | collapse=False
[2026-05-19 12:57:26]     Spatial update | delta_l2=0.00538489 | relative_delta=0.0046081 | changed=True
[2026-05-19 12:57:26] 
Fold 2/5 | subject=26
[2026-05-19 12:57:26]     Train: 32 | Test: 8 | Strategy: new
[2026-05-19 12:57:27]     Result | best_epoch=1 | stop=16 | acc=0.5000 | bal_acc=0.5000 | collapse=False
[2026-05-19 12:57:27]     Spatial update | delta_l2=0.00538465 | relative_delta=0.00460789 | changed=True
[2026-05-19 12:57:27] 
Fold 3/5 | subject=26
[2026-05-19 12:57:27]     Train: 32 | Test: 8 | Strategy: new
[2026-05-19 12:57:27]     Result | best_epoch=1 | stop=16 | acc=0.3750 | bal_acc=0.3750 | collapse=False
[2026-05-19 12:57:27]     Spatial update | delta_l2=0.00538437 | relative_delta=0.00460766 | changed=True
[2026-05-19 12:57:28] 
Fold 4/5 | subject=26
[2026-05-19 12:57:28]     Train: 32 | Test: 8 | Strategy: new
[2026-05-19 12:57:28]     Result | best_epoch=1 | stop=16 | acc=0.5000 | bal_acc=0.5000 | collapse=False
[2026-05-19 12:57:28]     Spatial update | delta_l2=0.00538211 | relative_delta=0.00460572 | changed=True
[2026-05-19 12:57:29] 
Fold 5/5 | subject=26
[2026-05-19 12:57:29]     Train: 32 | Test: 8 | Strategy: new
[2026-05-19 12:57:29]     Result | best_epoch=1 | stop=16 | acc=0.5000 | bal_acc=0.5000 | collapse=False
[2026-05-19 12:57:29]     Spatial update | delta_l2=0.00538363 | relative_delta=0.00460702 | changed=True
[2026-05-19 12:57:29]   Subject 26: acc=0.4750±0.0500  bal_acc=0.4750±0.0500
[2026-05-19 12:57:29] 
Subject 27: 40 windows | class_counts=[20, 20]
[2026-05-19 12:57:30] 
Fold 1/5 | subject=27
[2026-05-19 12:57:30]     Train: 32 | Test: 8 | Strategy: new
[2026-05-19 12:57:30]     Result | best_epoch=23 | stop=37 | acc=0.2500 | bal_acc=0.2500 | collapse=False
[2026-05-19 12:57:30]     Spatial update | delta_l2=0.06590659 | relative_delta=0.05639928 | changed=True
[2026-05-19 12:57:31] 
Fold 2/5 | subject=27
[2026-05-19 12:57:31]     Train: 32 | Test: 8 | Strategy: new
[2026-05-19 12:57:31]     Result | best_epoch=1 | stop=16 | acc=0.8750 | bal_acc=0.8750 | collapse=False
[2026-05-19 12:57:31]     Spatial update | delta_l2=0.00538511 | relative_delta=0.00460828 | changed=True
[2026-05-19 12:57:32] 
Fold 3/5 | subject=27
[2026-05-19 12:57:32]     Train: 32 | Test: 8 | Strategy: new
[2026-05-19 12:57:32]     Result | best_epoch=1 | stop=16 | acc=0.5000 | bal_acc=0.5000 | collapse=False
[2026-05-19 12:57:32]     Spatial update | delta_l2=0.00538511 | relative_delta=0.00460829 | changed=True
[2026-05-19 12:57:33] 
Fold 4/5 | subject=27
[2026-05-19 12:57:33]     Train: 32 | Test: 8 | Strategy: new
[2026-05-19 12:57:33]     Result | best_epoch=21 | stop=36 | acc=0.6250 | bal_acc=0.6250 | collapse=False
[2026-05-19 12:57:33]     Spatial update | delta_l2=0.0594436 | relative_delta=0.0508686 | changed=True
[2026-05-19 12:57:34] 
Fold 5/5 | subject=27
[2026-05-19 12:57:34]     Train: 32 | Test: 8 | Strategy: new
[2026-05-19 12:57:36]     Result | best_epoch=74 | stop=89 | acc=0.3750 | bal_acc=0.3750 | collapse=False
[2026-05-19 12:57:36]     Spatial update | delta_l2=0.12435457 | relative_delta=0.10641588 | changed=True
[2026-05-19 12:57:36]   Subject 27: acc=0.5250±0.2151  bal_acc=0.5250±0.2151
[2026-05-19 12:57:36] 
Subject 28: 40 windows | class_counts=[20, 20]
[2026-05-19 12:57:36] 
Fold 1/5 | subject=28
[2026-05-19 12:57:36]     Train: 32 | Test: 8 | Strategy: new
[2026-05-19 12:57:38]     Result | best_epoch=91 | stop=100 | acc=0.5000 | bal_acc=0.5000 | collapse=False
[2026-05-19 12:57:38]     Spatial update | delta_l2=0.16598561 | relative_delta=0.14204146 | changed=True
[2026-05-19 12:57:38] 
Fold 2/5 | subject=28
[2026-05-19 12:57:38]     Train: 32 | Test: 8 | Strategy: new
[2026-05-19 12:57:40]     Result | best_epoch=79 | stop=94 | acc=0.6250 | bal_acc=0.6250 | collapse=False
[2026-05-19 12:57:40]     Spatial update | delta_l2=0.15809924 | relative_delta=0.13529274 | changed=True
[2026-05-19 12:57:40] 
Fold 3/5 | subject=28
[2026-05-19 12:57:40]     Train: 32 | Test: 8 | Strategy: new
[2026-05-19 12:57:41]     Result | best_epoch=27 | stop=42 | acc=0.6250 | bal_acc=0.6250 | collapse=False
[2026-05-19 12:57:41]     Spatial update | delta_l2=0.09171076 | relative_delta=0.07848109 | changed=True
[2026-05-19 12:57:42] 
Fold 4/5 | subject=28
[2026-05-19 12:57:42]     Train: 32 | Test: 8 | Strategy: new
[2026-05-19 12:57:43]     Result | best_epoch=72 | stop=79 | acc=0.5000 | bal_acc=0.5000 | collapse=False
[2026-05-19 12:57:43]     Spatial update | delta_l2=0.15114854 | relative_delta=0.12934471 | changed=True
[2026-05-19 12:57:44] 
Fold 5/5 | subject=28
[2026-05-19 12:57:44]     Train: 32 | Test: 8 | Strategy: new
[2026-05-19 12:57:45]     Result | best_epoch=91 | stop=100 | acc=0.3750 | bal_acc=0.3750 | collapse=False
[2026-05-19 12:57:45]     Spatial update | delta_l2=0.16744664 | relative_delta=0.14329174 | changed=True
[2026-05-19 12:57:45]   Subject 28: acc=0.5250±0.0935  bal_acc=0.5250±0.0935
[2026-05-19 12:57:45] 
Subject 29: 40 windows | class_counts=[20, 20]
[2026-05-19 12:57:46] 
Fold 1/5 | subject=29
[2026-05-19 12:57:46]     Train: 32 | Test: 8 | Strategy: new
[2026-05-19 12:57:46]     Result | best_epoch=1 | stop=16 | acc=0.5000 | bal_acc=0.5000 | collapse=False
[2026-05-19 12:57:46]     Spatial update | delta_l2=0.00538504 | relative_delta=0.00460822 | changed=True
[2026-05-19 12:57:47] 
Fold 2/5 | subject=29
[2026-05-19 12:57:47]     Train: 32 | Test: 8 | Strategy: new
[2026-05-19 12:57:47]     Result | best_epoch=1 | stop=16 | acc=0.2500 | bal_acc=0.2500 | collapse=False
[2026-05-19 12:57:47]     Spatial update | delta_l2=0.00538498 | relative_delta=0.00460817 | changed=True
[2026-05-19 12:57:48] 
Fold 3/5 | subject=29
[2026-05-19 12:57:48]     Train: 32 | Test: 8 | Strategy: new
[2026-05-19 12:57:48]     Result | best_epoch=1 | stop=16 | acc=0.2500 | bal_acc=0.2500 | collapse=False
[2026-05-19 12:57:48]     Spatial update | delta_l2=0.00538496 | relative_delta=0.00460815 | changed=True
[2026-05-19 12:57:49] 
Fold 4/5 | subject=29
[2026-05-19 12:57:49]     Train: 32 | Test: 8 | Strategy: new
[2026-05-19 12:57:49]     Result | best_epoch=1 | stop=16 | acc=0.7500 | bal_acc=0.7500 | collapse=False
[2026-05-19 12:57:49]     Spatial update | delta_l2=0.00538486 | relative_delta=0.00460807 | changed=True
[2026-05-19 12:57:49] 
Fold 5/5 | subject=29
[2026-05-19 12:57:49]     Train: 32 | Test: 8 | Strategy: new
[2026-05-19 12:57:50]     Result | best_epoch=1 | stop=16 | acc=0.5000 | bal_acc=0.5000 | collapse=False
[2026-05-19 12:57:50]     Spatial update | delta_l2=0.00538486 | relative_delta=0.00460807 | changed=True
[2026-05-19 12:57:50]   Subject 29: acc=0.4500±0.1871  bal_acc=0.4500±0.1871
[2026-05-19 12:57:50] 
Subject 30: 40 windows | class_counts=[20, 20]
[2026-05-19 12:57:50] 
Fold 1/5 | subject=30
[2026-05-19 12:57:50]     Train: 32 | Test: 8 | Strategy: new
[2026-05-19 12:57:51]     Result | best_epoch=12 | stop=27 | acc=0.6250 | bal_acc=0.6250 | collapse=False
[2026-05-19 12:57:51]     Spatial update | delta_l2=0.04360083 | relative_delta=0.03731122 | changed=True
[2026-05-19 12:57:51] 
Fold 2/5 | subject=30
[2026-05-19 12:57:51]     Train: 32 | Test: 8 | Strategy: new
[2026-05-19 12:57:53]     Result | best_epoch=80 | stop=95 | acc=0.7500 | bal_acc=0.7500 | collapse=False
[2026-05-19 12:57:53]     Spatial update | delta_l2=0.1748366 | relative_delta=0.14961566 | changed=True
[2026-05-19 12:57:54] 
Fold 3/5 | subject=30
[2026-05-19 12:57:54]     Train: 32 | Test: 8 | Strategy: new
[2026-05-19 12:57:54]     Result | best_epoch=1 | stop=16 | acc=0.6250 | bal_acc=0.6250 | collapse=False
[2026-05-19 12:57:54]     Spatial update | delta_l2=0.0053848 | relative_delta=0.00460802 | changed=True
[2026-05-19 12:57:55] 
Fold 4/5 | subject=30
[2026-05-19 12:57:55]     Train: 32 | Test: 8 | Strategy: new
[2026-05-19 12:57:56]     Result | best_epoch=91 | stop=100 | acc=0.6250 | bal_acc=0.6250 | collapse=False
[2026-05-19 12:57:56]     Spatial update | delta_l2=0.19441367 | relative_delta=0.16636866 | changed=True
[2026-05-19 12:57:57] 
Fold 5/5 | subject=30
[2026-05-19 12:57:57]     Train: 32 | Test: 8 | Strategy: new
[2026-05-19 12:57:59]     Result | best_epoch=78 | stop=93 | acc=0.6250 | bal_acc=0.6250 | collapse=False
[2026-05-19 12:57:59]     Spatial update | delta_l2=0.17473812 | relative_delta=0.14953138 | changed=True
[2026-05-19 12:57:59]   Subject 30: acc=0.6500±0.0500  bal_acc=0.6500±0.0500
[2026-05-19 12:57:59] 
Subject 31: 40 windows | class_counts=[20, 20]
[2026-05-19 12:57:59] 
Fold 1/5 | subject=31
[2026-05-19 12:57:59]     Train: 32 | Test: 8 | Strategy: new
[2026-05-19 12:57:59]     Result | best_epoch=2 | stop=16 | acc=0.3750 | bal_acc=0.3750 | collapse=False
[2026-05-19 12:57:59]     Spatial update | delta_l2=0.00538483 | relative_delta=0.00460805 | changed=True
[2026-05-19 12:58:00] 
Fold 2/5 | subject=31
[2026-05-19 12:58:00]     Train: 32 | Test: 8 | Strategy: new
[2026-05-19 12:58:00]     Result | best_epoch=1 | stop=16 | acc=0.5000 | bal_acc=0.5000 | collapse=False
[2026-05-19 12:58:00]     Spatial update | delta_l2=0.00538496 | relative_delta=0.00460815 | changed=True
[2026-05-19 12:58:01] 
Fold 3/5 | subject=31
[2026-05-19 12:58:01]     Train: 32 | Test: 8 | Strategy: new
[2026-05-19 12:58:01]     Result | best_epoch=1 | stop=16 | acc=0.5000 | bal_acc=0.5000 | collapse=False
[2026-05-19 12:58:01]     Spatial update | delta_l2=0.00538503 | relative_delta=0.00460822 | changed=True
[2026-05-19 12:58:02] 
Fold 4/5 | subject=31
[2026-05-19 12:58:02]     Train: 32 | Test: 8 | Strategy: new
[2026-05-19 12:58:02]     Result | best_epoch=1 | stop=16 | acc=0.3750 | bal_acc=0.3750 | collapse=False
[2026-05-19 12:58:02]     Spatial update | delta_l2=0.00538391 | relative_delta=0.00460726 | changed=True
[2026-05-19 12:58:03] 
Fold 5/5 | subject=31
[2026-05-19 12:58:03]     Train: 32 | Test: 8 | Strategy: new
[2026-05-19 12:58:03]     Result | best_epoch=1 | stop=16 | acc=0.5000 | bal_acc=0.5000 | collapse=False
[2026-05-19 12:58:03]     Spatial update | delta_l2=0.00538496 | relative_delta=0.00460816 | changed=True
[2026-05-19 12:58:03]   Subject 31: acc=0.4500±0.0612  bal_acc=0.4500±0.0612
[2026-05-19 12:58:03] 
Subject 32: 40 windows | class_counts=[20, 20]
[2026-05-19 12:58:04] 
Fold 1/5 | subject=32
[2026-05-19 12:58:04]     Train: 32 | Test: 8 | Strategy: new
[2026-05-19 12:58:04]     Result | best_epoch=12 | stop=16 | acc=0.6250 | bal_acc=0.6250 | collapse=False
[2026-05-19 12:58:04]     Spatial update | delta_l2=0.00538493 | relative_delta=0.00460813 | changed=True
[2026-05-19 12:58:05] 
Fold 2/5 | subject=32
[2026-05-19 12:58:05]     Train: 32 | Test: 8 | Strategy: new
[2026-05-19 12:58:05]     Result | best_epoch=12 | stop=27 | acc=0.6250 | bal_acc=0.6250 | collapse=False
[2026-05-19 12:58:05]     Spatial update | delta_l2=0.03962937 | relative_delta=0.03391266 | changed=True
[2026-05-19 12:58:06] 
Fold 3/5 | subject=32
[2026-05-19 12:58:06]     Train: 32 | Test: 8 | Strategy: new
[2026-05-19 12:58:07]     Result | best_epoch=69 | stop=84 | acc=0.7500 | bal_acc=0.7500 | collapse=False
[2026-05-19 12:58:07]     Spatial update | delta_l2=0.16472247 | relative_delta=0.14096054 | changed=True
[2026-05-19 12:58:08] 
Fold 4/5 | subject=32
[2026-05-19 12:58:08]     Train: 32 | Test: 8 | Strategy: new
[2026-05-19 12:58:10]     Result | best_epoch=81 | stop=96 | acc=0.3750 | bal_acc=0.3750 | collapse=False
[2026-05-19 12:58:10]     Spatial update | delta_l2=0.15639803 | relative_delta=0.13383693 | changed=True
[2026-05-19 12:58:10] 
Fold 5/5 | subject=32
[2026-05-19 12:58:10]     Train: 32 | Test: 8 | Strategy: new
[2026-05-19 12:58:11]     Result | best_epoch=22 | stop=37 | acc=0.5000 | bal_acc=0.5000 | collapse=False
[2026-05-19 12:58:11]     Spatial update | delta_l2=0.07301502 | relative_delta=0.06248229 | changed=True
[2026-05-19 12:58:11]   Subject 32: acc=0.5750±0.1275  bal_acc=0.5750±0.1275
[2026-05-19 12:58:11] 
Subject 33: 40 windows | class_counts=[20, 20]
[2026-05-19 12:58:11] 
Fold 1/5 | subject=33
[2026-05-19 12:58:11]     Train: 32 | Test: 8 | Strategy: new
[2026-05-19 12:58:13]     Result | best_epoch=66 | stop=79 | acc=0.6250 | bal_acc=0.6250 | collapse=False
[2026-05-19 12:58:13]     Spatial update | delta_l2=0.15681311 | relative_delta=0.13419214 | changed=True
[2026-05-19 12:58:13] 
Fold 2/5 | subject=33
[2026-05-19 12:58:13]     Train: 32 | Test: 8 | Strategy: new
[2026-05-19 12:58:14]     Result | best_epoch=1 | stop=16 | acc=0.6250 | bal_acc=0.6250 | collapse=False
[2026-05-19 12:58:14]     Spatial update | delta_l2=0.00538483 | relative_delta=0.00460805 | changed=True
[2026-05-19 12:58:14] 
Fold 3/5 | subject=33
[2026-05-19 12:58:14]     Train: 32 | Test: 8 | Strategy: new
[2026-05-19 12:58:15]     Result | best_epoch=1 | stop=16 | acc=0.8750 | bal_acc=0.8750 | collapse=False
[2026-05-19 12:58:15]     Spatial update | delta_l2=0.00538505 | relative_delta=0.00460823 | changed=True
[2026-05-19 12:58:15] 
Fold 4/5 | subject=33
[2026-05-19 12:58:15]     Train: 32 | Test: 8 | Strategy: new
[2026-05-19 12:58:17]     Result | best_epoch=77 | stop=92 | acc=0.2500 | bal_acc=0.2500 | collapse=False
[2026-05-19 12:58:17]     Spatial update | delta_l2=0.15836708 | relative_delta=0.13552194 | changed=True
[2026-05-19 12:58:17] 
Fold 5/5 | subject=33
[2026-05-19 12:58:17]     Train: 32 | Test: 8 | Strategy: new
[2026-05-19 12:58:19]     Result | best_epoch=82 | stop=97 | acc=0.6250 | bal_acc=0.6250 | collapse=False
[2026-05-19 12:58:19]     Spatial update | delta_l2=0.14959872 | relative_delta=0.12801845 | changed=True
[2026-05-19 12:58:19]   Subject 33: acc=0.6000±0.2000  bal_acc=0.6000±0.2000
[2026-05-19 12:58:19] 
Subject 34: 40 windows | class_counts=[20, 20]
[2026-05-19 12:58:19] 
Fold 1/5 | subject=34
[2026-05-19 12:58:19]     Train: 32 | Test: 8 | Strategy: new
[2026-05-19 12:58:21]     Result | best_epoch=91 | stop=100 | acc=0.8750 | bal_acc=0.8750 | collapse=False
[2026-05-19 12:58:21]     Spatial update | delta_l2=0.16883008 | relative_delta=0.14447561 | changed=True
[2026-05-19 12:58:22] 
Fold 2/5 | subject=34
[2026-05-19 12:58:22]     Train: 32 | Test: 8 | Strategy: new
[2026-05-19 12:58:23]     Result | best_epoch=94 | stop=100 | acc=0.7500 | bal_acc=0.7500 | collapse=False
[2026-05-19 12:58:23]     Spatial update | delta_l2=0.17749109 | relative_delta=0.15188723 | changed=True
[2026-05-19 12:58:24] 
Fold 3/5 | subject=34
[2026-05-19 12:58:24]     Train: 32 | Test: 8 | Strategy: new
[2026-05-19 12:58:26]     Result | best_epoch=85 | stop=100 | acc=0.6250 | bal_acc=0.6250 | collapse=False
[2026-05-19 12:58:26]     Spatial update | delta_l2=0.17715503 | relative_delta=0.15159965 | changed=True
[2026-05-19 12:58:27] 
Fold 4/5 | subject=34
[2026-05-19 12:58:27]     Train: 32 | Test: 8 | Strategy: new
[2026-05-19 12:58:28]     Result | best_epoch=94 | stop=100 | acc=0.8750 | bal_acc=0.8750 | collapse=False
[2026-05-19 12:58:28]     Spatial update | delta_l2=0.18191339 | relative_delta=0.15567159 | changed=True
[2026-05-19 12:58:29] 
Fold 5/5 | subject=34
[2026-05-19 12:58:29]     Train: 32 | Test: 8 | Strategy: new
[2026-05-19 12:58:31]     Result | best_epoch=94 | stop=100 | acc=0.8750 | bal_acc=0.8750 | collapse=False
[2026-05-19 12:58:31]     Spatial update | delta_l2=0.15194175 | relative_delta=0.13002349 | changed=True
[2026-05-19 12:58:31]   Subject 34: acc=0.8000±0.1000  bal_acc=0.8000±0.1000
[2026-05-19 12:58:31] 
Subject 35: 40 windows | class_counts=[20, 20]
[2026-05-19 12:58:31] 
Fold 1/5 | subject=35
[2026-05-19 12:58:31]     Train: 32 | Test: 8 | Strategy: new
[2026-05-19 12:58:31]     Result | best_epoch=1 | stop=16 | acc=0.5000 | bal_acc=0.5000 | collapse=False
[2026-05-19 12:58:31]     Spatial update | delta_l2=0.00538507 | relative_delta=0.00460825 | changed=True
[2026-05-19 12:58:32] 
Fold 2/5 | subject=35
[2026-05-19 12:58:32]     Train: 32 | Test: 8 | Strategy: new
[2026-05-19 12:58:34]     Result | best_epoch=85 | stop=100 | acc=0.7500 | bal_acc=0.7500 | collapse=False
[2026-05-19 12:58:34]     Spatial update | delta_l2=0.16275295 | relative_delta=0.13927513 | changed=True
[2026-05-19 12:58:34] 
Fold 3/5 | subject=35
[2026-05-19 12:58:34]     Train: 32 | Test: 8 | Strategy: new
[2026-05-19 12:58:36]     Result | best_epoch=83 | stop=98 | acc=0.7500 | bal_acc=0.7500 | collapse=False
[2026-05-19 12:58:36]     Spatial update | delta_l2=0.17113608 | relative_delta=0.14644896 | changed=True
[2026-05-19 12:58:37] 
Fold 4/5 | subject=35
[2026-05-19 12:58:37]     Train: 32 | Test: 8 | Strategy: new
[2026-05-19 12:58:37]     Result | best_epoch=1 | stop=16 | acc=0.3750 | bal_acc=0.3750 | collapse=False
[2026-05-19 12:58:37]     Spatial update | delta_l2=0.005385 | relative_delta=0.00460819 | changed=True
[2026-05-19 12:58:37] 
Fold 5/5 | subject=35
[2026-05-19 12:58:37]     Train: 32 | Test: 8 | Strategy: new
[2026-05-19 12:58:39]     Result | best_epoch=85 | stop=100 | acc=0.5000 | bal_acc=0.5000 | collapse=False
[2026-05-19 12:58:39]     Spatial update | delta_l2=0.18621564 | relative_delta=0.15935323 | changed=True
[2026-05-19 12:58:39]   Subject 35: acc=0.5750±0.1500  bal_acc=0.5750±0.1500
[2026-05-19 12:58:39] 
Subject 36: 40 windows | class_counts=[20, 20]
[2026-05-19 12:58:40] 
Fold 1/5 | subject=36
[2026-05-19 12:58:40]     Train: 32 | Test: 8 | Strategy: new
[2026-05-19 12:58:40]     Result | best_epoch=1 | stop=16 | acc=0.2500 | bal_acc=0.2500 | collapse=False
[2026-05-19 12:58:40]     Spatial update | delta_l2=0.00538493 | relative_delta=0.00460813 | changed=True
[2026-05-19 12:58:41] 
Fold 2/5 | subject=36
[2026-05-19 12:58:41]     Train: 32 | Test: 8 | Strategy: new
[2026-05-19 12:58:42]     Result | best_epoch=49 | stop=64 | acc=0.5000 | bal_acc=0.5000 | collapse=False
[2026-05-19 12:58:42]     Spatial update | delta_l2=0.14514272 | relative_delta=0.12420525 | changed=True
[2026-05-19 12:58:43] 
Fold 3/5 | subject=36
[2026-05-19 12:58:43]     Train: 32 | Test: 8 | Strategy: new
[2026-05-19 12:58:43]     Result | best_epoch=1 | stop=16 | acc=0.2500 | bal_acc=0.2500 | collapse=False
[2026-05-19 12:58:43]     Spatial update | delta_l2=0.00538505 | relative_delta=0.00460823 | changed=True
[2026-05-19 12:58:44] 
Fold 4/5 | subject=36
[2026-05-19 12:58:44]     Train: 32 | Test: 8 | Strategy: new
[2026-05-19 12:58:45]     Result | best_epoch=70 | stop=85 | acc=0.2500 | bal_acc=0.2500 | collapse=False
[2026-05-19 12:58:45]     Spatial update | delta_l2=0.15452409 | relative_delta=0.13223332 | changed=True
[2026-05-19 12:58:46] 
Fold 5/5 | subject=36
[2026-05-19 12:58:46]     Train: 32 | Test: 8 | Strategy: new
[2026-05-19 12:58:46]     Result | best_epoch=1 | stop=16 | acc=0.2500 | bal_acc=0.2500 | collapse=False
[2026-05-19 12:58:46]     Spatial update | delta_l2=0.00538476 | relative_delta=0.00460799 | changed=True
[2026-05-19 12:58:46]   Subject 36: acc=0.3000±0.1000  bal_acc=0.3000±0.1000
[2026-05-19 12:58:46] 
Subject 37: 40 windows | class_counts=[20, 20]
[2026-05-19 12:58:47] 
Fold 1/5 | subject=37
[2026-05-19 12:58:47]     Train: 32 | Test: 8 | Strategy: new
[2026-05-19 12:58:48]     Result | best_epoch=92 | stop=100 | acc=0.2500 | bal_acc=0.2500 | collapse=False
[2026-05-19 12:58:48]     Spatial update | delta_l2=0.15937752 | relative_delta=0.13638662 | changed=True
[2026-05-19 12:58:49] 
Fold 2/5 | subject=37
[2026-05-19 12:58:49]     Train: 32 | Test: 8 | Strategy: new
[2026-05-19 12:58:49]     Result | best_epoch=1 | stop=16 | acc=0.7500 | bal_acc=0.7500 | collapse=False
[2026-05-19 12:58:49]     Spatial update | delta_l2=0.00538484 | relative_delta=0.00460805 | changed=True
[2026-05-19 12:58:50] 
Fold 3/5 | subject=37
[2026-05-19 12:58:50]     Train: 32 | Test: 8 | Strategy: new
[2026-05-19 12:58:52]     Result | best_epoch=94 | stop=100 | acc=0.6250 | bal_acc=0.6250 | collapse=False
[2026-05-19 12:58:52]     Spatial update | delta_l2=0.14804901 | relative_delta=0.12669229 | changed=True
[2026-05-19 12:58:52] 
Fold 4/5 | subject=37
[2026-05-19 12:58:52]     Train: 32 | Test: 8 | Strategy: new
[2026-05-19 12:58:53]     Result | best_epoch=1 | stop=16 | acc=0.3750 | bal_acc=0.3750 | collapse=False
[2026-05-19 12:58:53]     Spatial update | delta_l2=0.00538477 | relative_delta=0.004608 | changed=True
[2026-05-19 12:58:53] 
Fold 5/5 | subject=37
[2026-05-19 12:58:53]     Train: 32 | Test: 8 | Strategy: new
[2026-05-19 12:58:55]     Result | best_epoch=71 | stop=75 | acc=0.6250 | bal_acc=0.6250 | collapse=False
[2026-05-19 12:58:55]     Spatial update | delta_l2=0.14834307 | relative_delta=0.12694393 | changed=True
[2026-05-19 12:58:55]   Subject 37: acc=0.5250±0.1837  bal_acc=0.5250±0.1837
[2026-05-19 12:58:55] 
Subject 38: 40 windows | class_counts=[20, 20]
[2026-05-19 12:58:55] 
Fold 1/5 | subject=38
[2026-05-19 12:58:55]     Train: 32 | Test: 8 | Strategy: new
[2026-05-19 12:58:56]     Result | best_epoch=1 | stop=16 | acc=0.3750 | bal_acc=0.3750 | collapse=False
[2026-05-19 12:58:56]     Spatial update | delta_l2=0.00538496 | relative_delta=0.00460816 | changed=True
[2026-05-19 12:58:56] 
Fold 2/5 | subject=38
[2026-05-19 12:58:56]     Train: 32 | Test: 8 | Strategy: new
[2026-05-19 12:58:58]     Result | best_epoch=70 | stop=85 | acc=0.6250 | bal_acc=0.6250 | collapse=False
[2026-05-19 12:58:58]     Spatial update | delta_l2=0.15002297 | relative_delta=0.1283815 | changed=True
[2026-05-19 12:58:58] 
Fold 3/5 | subject=38
[2026-05-19 12:58:58]     Train: 32 | Test: 8 | Strategy: new
[2026-05-19 12:59:00]     Result | best_epoch=72 | stop=87 | acc=0.6250 | bal_acc=0.6250 | collapse=False
[2026-05-19 12:59:00]     Spatial update | delta_l2=0.17672611 | relative_delta=0.1512326 | changed=True
[2026-05-19 12:59:00] 
Fold 4/5 | subject=38
[2026-05-19 12:59:00]     Train: 32 | Test: 8 | Strategy: new
[2026-05-19 12:59:00]     Result | best_epoch=1 | stop=16 | acc=0.6250 | bal_acc=0.6250 | collapse=False
[2026-05-19 12:59:00]     Spatial update | delta_l2=0.00538487 | relative_delta=0.00460808 | changed=True
[2026-05-19 12:59:01] 
Fold 5/5 | subject=38
[2026-05-19 12:59:01]     Train: 32 | Test: 8 | Strategy: new
[2026-05-19 12:59:03]     Result | best_epoch=85 | stop=94 | acc=0.6250 | bal_acc=0.6250 | collapse=False
[2026-05-19 12:59:03]     Spatial update | delta_l2=0.17244716 | relative_delta=0.1475709 | changed=True
[2026-05-19 12:59:03]   Subject 38: acc=0.5750±0.1000  bal_acc=0.5750±0.1000
[2026-05-19 12:59:03] 
Subject 39: 40 windows | class_counts=[20, 20]
[2026-05-19 12:59:03] 
Fold 1/5 | subject=39
[2026-05-19 12:59:03]     Train: 32 | Test: 8 | Strategy: new
[2026-05-19 12:59:03]     Result | best_epoch=1 | stop=16 | acc=0.6250 | bal_acc=0.6250 | collapse=False
[2026-05-19 12:59:03]     Spatial update | delta_l2=0.00538485 | relative_delta=0.00460806 | changed=True
[2026-05-19 12:59:04] 
Fold 2/5 | subject=39
[2026-05-19 12:59:04]     Train: 32 | Test: 8 | Strategy: new
[2026-05-19 12:59:05]     Result | best_epoch=49 | stop=64 | acc=0.2500 | bal_acc=0.2500 | collapse=False
[2026-05-19 12:59:05]     Spatial update | delta_l2=0.11761008 | relative_delta=0.10064431 | changed=True
[2026-05-19 12:59:06] 
Fold 3/5 | subject=39
[2026-05-19 12:59:06]     Train: 32 | Test: 8 | Strategy: new
[2026-05-19 12:59:06]     Result | best_epoch=1 | stop=16 | acc=0.7500 | bal_acc=0.7500 | collapse=False
[2026-05-19 12:59:06]     Spatial update | delta_l2=0.00538502 | relative_delta=0.00460821 | changed=True
[2026-05-19 12:59:07] 
Fold 4/5 | subject=39
[2026-05-19 12:59:07]     Train: 32 | Test: 8 | Strategy: new
[2026-05-19 12:59:07]     Result | best_epoch=1 | stop=16 | acc=0.1250 | bal_acc=0.1250 | collapse=False
[2026-05-19 12:59:07]     Spatial update | delta_l2=0.005385 | relative_delta=0.00460819 | changed=True
[2026-05-19 12:59:07] 
Fold 5/5 | subject=39
[2026-05-19 12:59:07]     Train: 32 | Test: 8 | Strategy: new
[2026-05-19 12:59:09]     Result | best_epoch=46 | stop=61 | acc=0.3750 | bal_acc=0.3750 | collapse=False
[2026-05-19 12:59:09]     Spatial update | delta_l2=0.10876284 | relative_delta=0.09307333 | changed=True
[2026-05-19 12:59:09]   Subject 39: acc=0.4250±0.2318  bal_acc=0.4250±0.2318
[2026-05-19 12:59:09] 
Subject 40: 40 windows | class_counts=[20, 20]
[2026-05-19 12:59:09] 
Fold 1/5 | subject=40
[2026-05-19 12:59:09]     Train: 32 | Test: 8 | Strategy: new
[2026-05-19 12:59:09]     Result | best_epoch=1 | stop=16 | acc=0.5000 | bal_acc=0.5000 | collapse=False
[2026-05-19 12:59:09]     Spatial update | delta_l2=0.00538503 | relative_delta=0.00460822 | changed=True
[2026-05-19 12:59:10] 
Fold 2/5 | subject=40
[2026-05-19 12:59:10]     Train: 32 | Test: 8 | Strategy: new
[2026-05-19 12:59:11]     Result | best_epoch=70 | stop=85 | acc=0.6250 | bal_acc=0.6250 | collapse=False
[2026-05-19 12:59:11]     Spatial update | delta_l2=0.12885032 | relative_delta=0.11026311 | changed=True
[2026-05-19 12:59:12] 
Fold 3/5 | subject=40
[2026-05-19 12:59:12]     Train: 32 | Test: 8 | Strategy: new
[2026-05-19 12:59:12]     Result | best_epoch=2 | stop=17 | acc=0.3750 | bal_acc=0.3750 | collapse=False
[2026-05-19 12:59:12]     Spatial update | delta_l2=0.0096017 | relative_delta=0.00821661 | changed=True
[2026-05-19 12:59:13] 
Fold 4/5 | subject=40
[2026-05-19 12:59:13]     Train: 32 | Test: 8 | Strategy: new
[2026-05-19 12:59:15]     Result | best_epoch=93 | stop=100 | acc=0.3750 | bal_acc=0.3750 | collapse=False
[2026-05-19 12:59:15]     Spatial update | delta_l2=0.14132297 | relative_delta=0.12093652 | changed=True
[2026-05-19 12:59:15] 
Fold 5/5 | subject=40
[2026-05-19 12:59:15]     Train: 32 | Test: 8 | Strategy: new
[2026-05-19 12:59:17]     Result | best_epoch=85 | stop=100 | acc=0.5000 | bal_acc=0.5000 | collapse=False
[2026-05-19 12:59:17]     Spatial update | delta_l2=0.14610694 | relative_delta=0.12503038 | changed=True
[2026-05-19 12:59:17]   Subject 40: acc=0.4750±0.0935  bal_acc=0.4750±0.0935
[2026-05-19 12:59:17] 
Subject 41: 40 windows | class_counts=[20, 20]
[2026-05-19 12:59:18] 
Fold 1/5 | subject=41
[2026-05-19 12:59:18]     Train: 32 | Test: 8 | Strategy: new
[2026-05-19 12:59:18]     Result | best_epoch=17 | stop=27 | acc=0.5000 | bal_acc=0.5000 | collapse=False
[2026-05-19 12:59:18]     Spatial update | delta_l2=0.0407509 | relative_delta=0.03487241 | changed=True
[2026-05-19 12:59:19] 
Fold 2/5 | subject=41
[2026-05-19 12:59:19]     Train: 32 | Test: 8 | Strategy: new
[2026-05-19 12:59:19]     Result | best_epoch=1 | stop=16 | acc=0.7500 | bal_acc=0.7500 | collapse=False
[2026-05-19 12:59:19]     Spatial update | delta_l2=0.00538495 | relative_delta=0.00460815 | changed=True
[2026-05-19 12:59:20] 
Fold 3/5 | subject=41
[2026-05-19 12:59:20]     Train: 32 | Test: 8 | Strategy: new
[2026-05-19 12:59:20]     Result | best_epoch=1 | stop=16 | acc=0.3750 | bal_acc=0.3750 | collapse=False
[2026-05-19 12:59:20]     Spatial update | delta_l2=0.00538498 | relative_delta=0.00460818 | changed=True
[2026-05-19 12:59:20] 
Fold 4/5 | subject=41
[2026-05-19 12:59:20]     Train: 32 | Test: 8 | Strategy: new
[2026-05-19 12:59:22]     Result | best_epoch=94 | stop=100 | acc=0.7500 | bal_acc=0.7500 | collapse=False
[2026-05-19 12:59:22]     Spatial update | delta_l2=0.16115886 | relative_delta=0.137911 | changed=True
[2026-05-19 12:59:23] 
Fold 5/5 | subject=41
[2026-05-19 12:59:23]     Train: 32 | Test: 8 | Strategy: new
[2026-05-19 12:59:25]     Result | best_epoch=90 | stop=100 | acc=0.5000 | bal_acc=0.5000 | collapse=False
[2026-05-19 12:59:25]     Spatial update | delta_l2=0.16440273 | relative_delta=0.14068692 | changed=True
[2026-05-19 12:59:25]   Subject 41: acc=0.5750±0.1500  bal_acc=0.5750±0.1500
[2026-05-19 12:59:25] 
Subject 42: 40 windows | class_counts=[20, 20]
[2026-05-19 12:59:25] 
Fold 1/5 | subject=42
[2026-05-19 12:59:25]     Train: 32 | Test: 8 | Strategy: new
[2026-05-19 12:59:27]     Result | best_epoch=96 | stop=100 | acc=0.5000 | bal_acc=0.5000 | collapse=True
[2026-05-19 12:59:27]     Spatial update | delta_l2=0.16621907 | relative_delta=0.14224125 | changed=True
[2026-05-19 12:59:27] 
Fold 2/5 | subject=42
[2026-05-19 12:59:27]     Train: 32 | Test: 8 | Strategy: new
[2026-05-19 12:59:29]     Result | best_epoch=71 | stop=86 | acc=0.5000 | bal_acc=0.5000 | collapse=False
[2026-05-19 12:59:29]     Spatial update | delta_l2=0.16901729 | relative_delta=0.14463582 | changed=True
[2026-05-19 12:59:29] 
Fold 3/5 | subject=42
[2026-05-19 12:59:29]     Train: 32 | Test: 8 | Strategy: new
[2026-05-19 12:59:31]     Result | best_epoch=96 | stop=100 | acc=0.7500 | bal_acc=0.7500 | collapse=False
[2026-05-19 12:59:31]     Spatial update | delta_l2=0.15955231 | relative_delta=0.13653619 | changed=True
[2026-05-19 12:59:32] 
Fold 4/5 | subject=42
[2026-05-19 12:59:32]     Train: 32 | Test: 8 | Strategy: new
[2026-05-19 12:59:33]     Result | best_epoch=96 | stop=97 | acc=0.8750 | bal_acc=0.8750 | collapse=False
[2026-05-19 12:59:33]     Spatial update | delta_l2=0.16406291 | relative_delta=0.14039612 | changed=True
[2026-05-19 12:59:34] 
Fold 5/5 | subject=42
[2026-05-19 12:59:34]     Train: 32 | Test: 8 | Strategy: new
[2026-05-19 12:59:34]     Result | best_epoch=1 | stop=16 | acc=0.3750 | bal_acc=0.3750 | collapse=False
[2026-05-19 12:59:34]     Spatial update | delta_l2=0.00538479 | relative_delta=0.00460801 | changed=True
[2026-05-19 12:59:34]   Subject 42: acc=0.6000±0.1837  bal_acc=0.6000±0.1837
[2026-05-19 12:59:34] 
Subject 43: 40 windows | class_counts=[20, 20]
[2026-05-19 12:59:35] 
Fold 1/5 | subject=43
[2026-05-19 12:59:35]     Train: 32 | Test: 8 | Strategy: new
[2026-05-19 12:59:35]     Result | best_epoch=22 | stop=37 | acc=0.6250 | bal_acc=0.6250 | collapse=False
[2026-05-19 12:59:35]     Spatial update | delta_l2=0.0704056 | relative_delta=0.06024929 | changed=True
[2026-05-19 12:59:36] 
Fold 2/5 | subject=43
[2026-05-19 12:59:36]     Train: 32 | Test: 8 | Strategy: new
[2026-05-19 12:59:37]     Result | best_epoch=79 | stop=87 | acc=0.2500 | bal_acc=0.2500 | collapse=False
[2026-05-19 12:59:37]     Spatial update | delta_l2=0.15812247 | relative_delta=0.13531262 | changed=True
[2026-05-19 12:59:38] 
Fold 3/5 | subject=43
[2026-05-19 12:59:38]     Train: 32 | Test: 8 | Strategy: new
[2026-05-19 12:59:38]     Result | best_epoch=1 | stop=16 | acc=0.3750 | bal_acc=0.3750 | collapse=False
[2026-05-19 12:59:38]     Spatial update | delta_l2=0.00538476 | relative_delta=0.00460798 | changed=True
[2026-05-19 12:59:39] 
Fold 4/5 | subject=43
[2026-05-19 12:59:39]     Train: 32 | Test: 8 | Strategy: new
[2026-05-19 12:59:41]     Result | best_epoch=88 | stop=100 | acc=0.5000 | bal_acc=0.5000 | collapse=False
[2026-05-19 12:59:41]     Spatial update | delta_l2=0.17345598 | relative_delta=0.14843421 | changed=True
[2026-05-19 12:59:41] 
Fold 5/5 | subject=43
[2026-05-19 12:59:41]     Train: 32 | Test: 8 | Strategy: new
[2026-05-19 12:59:42]     Result | best_epoch=1 | stop=16 | acc=0.7500 | bal_acc=0.7500 | collapse=False
[2026-05-19 12:59:42]     Spatial update | delta_l2=0.005384 | relative_delta=0.00460734 | changed=True
[2026-05-19 12:59:42]   Subject 43: acc=0.5000±0.1768  bal_acc=0.5000±0.1768
[2026-05-19 12:59:42] 
Subject 44: 40 windows | class_counts=[20, 20]
[2026-05-19 12:59:42] 
Fold 1/5 | subject=44
[2026-05-19 12:59:42]     Train: 32 | Test: 8 | Strategy: new
[2026-05-19 12:59:43]     Result | best_epoch=1 | stop=16 | acc=0.3750 | bal_acc=0.3750 | collapse=False
[2026-05-19 12:59:43]     Spatial update | delta_l2=0.00538496 | relative_delta=0.00460816 | changed=True
[2026-05-19 12:59:43] 
Fold 2/5 | subject=44
[2026-05-19 12:59:43]     Train: 32 | Test: 8 | Strategy: new
[2026-05-19 12:59:45]     Result | best_epoch=91 | stop=100 | acc=0.3750 | bal_acc=0.3750 | collapse=False
[2026-05-19 12:59:45]     Spatial update | delta_l2=0.17197741 | relative_delta=0.14716892 | changed=True
[2026-05-19 12:59:45] 
Fold 3/5 | subject=44
[2026-05-19 12:59:45]     Train: 32 | Test: 8 | Strategy: new
[2026-05-19 12:59:47]     Result | best_epoch=64 | stop=79 | acc=0.5000 | bal_acc=0.5000 | collapse=False
[2026-05-19 12:59:47]     Spatial update | delta_l2=0.16244175 | relative_delta=0.13900882 | changed=True
[2026-05-19 12:59:47] 
Fold 4/5 | subject=44
[2026-05-19 12:59:47]     Train: 32 | Test: 8 | Strategy: new
[2026-05-19 12:59:48]     Result | best_epoch=1 | stop=16 | acc=0.6250 | bal_acc=0.6250 | collapse=False
[2026-05-19 12:59:48]     Spatial update | delta_l2=0.00538496 | relative_delta=0.00460815 | changed=True
[2026-05-19 12:59:48] 
Fold 5/5 | subject=44
[2026-05-19 12:59:48]     Train: 32 | Test: 8 | Strategy: new
[2026-05-19 12:59:49]     Result | best_epoch=1 | stop=16 | acc=0.7500 | bal_acc=0.7500 | collapse=False
[2026-05-19 12:59:49]     Spatial update | delta_l2=0.00538502 | relative_delta=0.00460821 | changed=True
[2026-05-19 12:59:49]   Subject 44: acc=0.5250±0.1458  bal_acc=0.5250±0.1458
[2026-05-19 12:59:49] 
Subject 45: 40 windows | class_counts=[20, 20]
[2026-05-19 12:59:49] 
Fold 1/5 | subject=45
[2026-05-19 12:59:49]     Train: 32 | Test: 8 | Strategy: new
[2026-05-19 12:59:49]     Result | best_epoch=1 | stop=16 | acc=0.3750 | bal_acc=0.3750 | collapse=False
[2026-05-19 12:59:49]     Spatial update | delta_l2=0.00538501 | relative_delta=0.0046082 | changed=True
[2026-05-19 12:59:50] 
Fold 2/5 | subject=45
[2026-05-19 12:59:50]     Train: 32 | Test: 8 | Strategy: new
[2026-05-19 12:59:50]     Result | best_epoch=1 | stop=16 | acc=0.3750 | bal_acc=0.3750 | collapse=False
[2026-05-19 12:59:50]     Spatial update | delta_l2=0.00538492 | relative_delta=0.00460812 | changed=True
[2026-05-19 12:59:51] 
Fold 3/5 | subject=45
[2026-05-19 12:59:51]     Train: 32 | Test: 8 | Strategy: new
[2026-05-19 12:59:51]     Result | best_epoch=1 | stop=16 | acc=0.2500 | bal_acc=0.2500 | collapse=False
[2026-05-19 12:59:51]     Spatial update | delta_l2=0.00538498 | relative_delta=0.00460818 | changed=True
[2026-05-19 12:59:52] 
Fold 4/5 | subject=45
[2026-05-19 12:59:52]     Train: 32 | Test: 8 | Strategy: new
[2026-05-19 12:59:52]     Result | best_epoch=1 | stop=16 | acc=0.2500 | bal_acc=0.2500 | collapse=False
[2026-05-19 12:59:52]     Spatial update | delta_l2=0.00538504 | relative_delta=0.00460822 | changed=True
[2026-05-19 12:59:53] 
Fold 5/5 | subject=45
[2026-05-19 12:59:53]     Train: 32 | Test: 8 | Strategy: new
[2026-05-19 12:59:53]     Result | best_epoch=1 | stop=16 | acc=0.7500 | bal_acc=0.7500 | collapse=False
[2026-05-19 12:59:53]     Spatial update | delta_l2=0.00538501 | relative_delta=0.0046082 | changed=True
[2026-05-19 12:59:53]   Subject 45: acc=0.4000±0.1837  bal_acc=0.4000±0.1837
[2026-05-19 12:59:53] 
Subject 46: 40 windows | class_counts=[20, 20]
[2026-05-19 12:59:53] 
Fold 1/5 | subject=46
[2026-05-19 12:59:53]     Train: 32 | Test: 8 | Strategy: new
[2026-05-19 12:59:55]     Result | best_epoch=82 | stop=86 | acc=0.5000 | bal_acc=0.5000 | collapse=False
[2026-05-19 12:59:55]     Spatial update | delta_l2=0.17252758 | relative_delta=0.14763972 | changed=True
[2026-05-19 12:59:56] 
Fold 2/5 | subject=46
[2026-05-19 12:59:56]     Train: 32 | Test: 8 | Strategy: new
[2026-05-19 12:59:56]     Result | best_epoch=22 | stop=34 | acc=0.5000 | bal_acc=0.5000 | collapse=False
[2026-05-19 12:59:56]     Spatial update | delta_l2=0.06655618 | relative_delta=0.05695516 | changed=True
[2026-05-19 12:59:57] 
Fold 3/5 | subject=46
[2026-05-19 12:59:57]     Train: 32 | Test: 8 | Strategy: new
[2026-05-19 12:59:58]     Result | best_epoch=89 | stop=100 | acc=0.7500 | bal_acc=0.7500 | collapse=False
[2026-05-19 12:59:58]     Spatial update | delta_l2=0.16372364 | relative_delta=0.1401058 | changed=True
[2026-05-19 12:59:59] 
Fold 4/5 | subject=46
[2026-05-19 12:59:59]     Train: 32 | Test: 8 | Strategy: new
[2026-05-19 12:59:59]     Result | best_epoch=1 | stop=16 | acc=0.5000 | bal_acc=0.5000 | collapse=False
[2026-05-19 12:59:59]     Spatial update | delta_l2=0.00538483 | relative_delta=0.00460805 | changed=True
[2026-05-19 13:00:00] 
Fold 5/5 | subject=46
[2026-05-19 13:00:00]     Train: 32 | Test: 8 | Strategy: new
[2026-05-19 13:00:00]     Result | best_epoch=1 | stop=16 | acc=0.2500 | bal_acc=0.2500 | collapse=False
[2026-05-19 13:00:00]     Spatial update | delta_l2=0.00538497 | relative_delta=0.00460816 | changed=True
[2026-05-19 13:00:00]   Subject 46: acc=0.5000±0.1581  bal_acc=0.5000±0.1581
[2026-05-19 13:00:00] 
Subject 47: 40 windows | class_counts=[20, 20]
[2026-05-19 13:00:01] 
Fold 1/5 | subject=47
[2026-05-19 13:00:01]     Train: 32 | Test: 8 | Strategy: new
[2026-05-19 13:00:02]     Result | best_epoch=69 | stop=84 | acc=0.2500 | bal_acc=0.2500 | collapse=False
[2026-05-19 13:00:02]     Spatial update | delta_l2=0.17359795 | relative_delta=0.14855569 | changed=True
[2026-05-19 13:00:03] 
Fold 2/5 | subject=47
[2026-05-19 13:00:03]     Train: 32 | Test: 8 | Strategy: new
[2026-05-19 13:00:03]     Result | best_epoch=1 | stop=16 | acc=0.6250 | bal_acc=0.6250 | collapse=False
[2026-05-19 13:00:03]     Spatial update | delta_l2=0.00538287 | relative_delta=0.00460636 | changed=True
[2026-05-19 13:00:04] 
Fold 3/5 | subject=47
[2026-05-19 13:00:04]     Train: 32 | Test: 8 | Strategy: new
[2026-05-19 13:00:04]     Result | best_epoch=2 | stop=16 | acc=0.3750 | bal_acc=0.3750 | collapse=False
[2026-05-19 13:00:04]     Spatial update | delta_l2=0.00538501 | relative_delta=0.0046082 | changed=True
[2026-05-19 13:00:04] 
Fold 4/5 | subject=47
[2026-05-19 13:00:04]     Train: 32 | Test: 8 | Strategy: new
[2026-05-19 13:00:05]     Result | best_epoch=2 | stop=17 | acc=0.3750 | bal_acc=0.3750 | collapse=False
[2026-05-19 13:00:05]     Spatial update | delta_l2=0.00956982 | relative_delta=0.00818933 | changed=True
[2026-05-19 13:00:05] 
Fold 5/5 | subject=47
[2026-05-19 13:00:05]     Train: 32 | Test: 8 | Strategy: new
[2026-05-19 13:00:06]     Result | best_epoch=1 | stop=16 | acc=0.6250 | bal_acc=0.6250 | collapse=False
[2026-05-19 13:00:06]     Spatial update | delta_l2=0.00538489 | relative_delta=0.00460809 | changed=True
[2026-05-19 13:00:06]   Subject 47: acc=0.4500±0.1500  bal_acc=0.4500±0.1500
[2026-05-19 13:00:06] 
Subject 48: 40 windows | class_counts=[20, 20]
[2026-05-19 13:00:06] 
Fold 1/5 | subject=48
[2026-05-19 13:00:06]     Train: 32 | Test: 8 | Strategy: new
[2026-05-19 13:00:08]     Result | best_epoch=64 | stop=79 | acc=0.6250 | bal_acc=0.6250 | collapse=False
[2026-05-19 13:00:08]     Spatial update | delta_l2=0.16035944 | relative_delta=0.13722689 | changed=True
[2026-05-19 13:00:09] 
Fold 2/5 | subject=48
[2026-05-19 13:00:09]     Train: 32 | Test: 8 | Strategy: new
[2026-05-19 13:00:09]     Result | best_epoch=6 | stop=16 | acc=0.7500 | bal_acc=0.7500 | collapse=False
[2026-05-19 13:00:09]     Spatial update | delta_l2=0.00538493 | relative_delta=0.00460813 | changed=True
[2026-05-19 13:00:09] 
Fold 3/5 | subject=48
[2026-05-19 13:00:09]     Train: 32 | Test: 8 | Strategy: new
[2026-05-19 13:00:11]     Result | best_epoch=73 | stop=88 | acc=0.3750 | bal_acc=0.3750 | collapse=False
[2026-05-19 13:00:11]     Spatial update | delta_l2=0.17310682 | relative_delta=0.14813541 | changed=True
[2026-05-19 13:00:12] 
Fold 4/5 | subject=48
[2026-05-19 13:00:12]     Train: 32 | Test: 8 | Strategy: new
[2026-05-19 13:00:12]     Result | best_epoch=1 | stop=16 | acc=0.3750 | bal_acc=0.3750 | collapse=False
[2026-05-19 13:00:12]     Spatial update | delta_l2=0.00538367 | relative_delta=0.00460705 | changed=True
[2026-05-19 13:00:13] 
Fold 5/5 | subject=48
[2026-05-19 13:00:13]     Train: 32 | Test: 8 | Strategy: new
[2026-05-19 13:00:13]     Result | best_epoch=46 | stop=49 | acc=0.6250 | bal_acc=0.6250 | collapse=False
[2026-05-19 13:00:13]     Spatial update | delta_l2=0.10344591 | relative_delta=0.08852338 | changed=True
[2026-05-19 13:00:13]   Subject 48: acc=0.5500±0.1500  bal_acc=0.5500±0.1500
[2026-05-19 13:00:13] 
Subject 49: 40 windows | class_counts=[20, 20]
[2026-05-19 13:00:14] 
Fold 1/5 | subject=49
[2026-05-19 13:00:14]     Train: 32 | Test: 8 | Strategy: new
[2026-05-19 13:00:14]     Result | best_epoch=1 | stop=16 | acc=0.3750 | bal_acc=0.3750 | collapse=False
[2026-05-19 13:00:14]     Spatial update | delta_l2=0.005385 | relative_delta=0.00460819 | changed=True
[2026-05-19 13:00:15] 
Fold 2/5 | subject=49
[2026-05-19 13:00:15]     Train: 32 | Test: 8 | Strategy: new
[2026-05-19 13:00:16]     Result | best_epoch=65 | stop=78 | acc=0.5000 | bal_acc=0.5000 | collapse=True
[2026-05-19 13:00:16]     Spatial update | delta_l2=0.16367064 | relative_delta=0.14006044 | changed=True
[2026-05-19 13:00:17] 
Fold 3/5 | subject=49
[2026-05-19 13:00:17]     Train: 32 | Test: 8 | Strategy: new
[2026-05-19 13:00:17]     Result | best_epoch=1 | stop=16 | acc=0.3750 | bal_acc=0.3750 | collapse=False
[2026-05-19 13:00:17]     Spatial update | delta_l2=0.0053849 | relative_delta=0.00460811 | changed=True
[2026-05-19 13:00:18] 
Fold 4/5 | subject=49
[2026-05-19 13:00:18]     Train: 32 | Test: 8 | Strategy: new
[2026-05-19 13:00:18]     Result | best_epoch=1 | stop=16 | acc=0.6250 | bal_acc=0.6250 | collapse=False
[2026-05-19 13:00:18]     Spatial update | delta_l2=0.00538499 | relative_delta=0.00460818 | changed=True
[2026-05-19 13:00:18] 
Fold 5/5 | subject=49
[2026-05-19 13:00:18]     Train: 32 | Test: 8 | Strategy: new
[2026-05-19 13:00:19]     Result | best_epoch=1 | stop=16 | acc=0.5000 | bal_acc=0.5000 | collapse=False
[2026-05-19 13:00:19]     Spatial update | delta_l2=0.00538504 | relative_delta=0.00460822 | changed=True
[2026-05-19 13:00:19]   Subject 49: acc=0.4750±0.0935  bal_acc=0.4750±0.0935
[2026-05-19 13:00:19] 
Subject 50: 40 windows | class_counts=[20, 20]
[2026-05-19 13:00:19] 
Fold 1/5 | subject=50
[2026-05-19 13:00:19]     Train: 32 | Test: 8 | Strategy: new
[2026-05-19 13:00:20]     Result | best_epoch=1 | stop=16 | acc=0.5000 | bal_acc=0.5000 | collapse=False
[2026-05-19 13:00:20]     Spatial update | delta_l2=0.00538503 | relative_delta=0.00460821 | changed=True
[2026-05-19 13:00:20] 
Fold 2/5 | subject=50
[2026-05-19 13:00:20]     Train: 32 | Test: 8 | Strategy: new
[2026-05-19 13:00:22]     Result | best_epoch=86 | stop=96 | acc=0.3750 | bal_acc=0.3750 | collapse=False
[2026-05-19 13:00:22]     Spatial update | delta_l2=0.1598103 | relative_delta=0.13675697 | changed=True
[2026-05-19 13:00:22] 
Fold 3/5 | subject=50
[2026-05-19 13:00:22]     Train: 32 | Test: 8 | Strategy: new
[2026-05-19 13:00:23]     Result | best_epoch=1 | stop=16 | acc=0.3750 | bal_acc=0.3750 | collapse=False
[2026-05-19 13:00:23]     Spatial update | delta_l2=0.00538492 | relative_delta=0.00460812 | changed=True
[2026-05-19 13:00:23] 
Fold 4/5 | subject=50
[2026-05-19 13:00:23]     Train: 32 | Test: 8 | Strategy: new
[2026-05-19 13:00:24]     Result | best_epoch=1 | stop=16 | acc=0.3750 | bal_acc=0.3750 | collapse=False
[2026-05-19 13:00:24]     Spatial update | delta_l2=0.00538478 | relative_delta=0.004608 | changed=True
[2026-05-19 13:00:24] 
Fold 5/5 | subject=50
[2026-05-19 13:00:24]     Train: 32 | Test: 8 | Strategy: new
[2026-05-19 13:00:25]     Result | best_epoch=1 | stop=16 | acc=0.2500 | bal_acc=0.2500 | collapse=False
[2026-05-19 13:00:25]     Spatial update | delta_l2=0.00538343 | relative_delta=0.00460685 | changed=True
[2026-05-19 13:00:25]   Subject 50: acc=0.3750±0.0791  bal_acc=0.3750±0.0791
[2026-05-19 13:00:25] 
======================================================================
[2026-05-19 13:00:25] AGGREGATED RESULTS
[2026-05-19 13:00:25] ======================================================================
[2026-05-19 13:00:25]   1: acc=0.4250±0.1000  bal_acc=0.4250±0.1000
[2026-05-19 13:00:25]   2: acc=0.6250±0.0000  bal_acc=0.6250±0.0000
[2026-05-19 13:00:25]   3: acc=0.5000±0.1369  bal_acc=0.5000±0.1369
[2026-05-19 13:00:25]   4: acc=0.6500±0.1658  bal_acc=0.6500±0.1658
[2026-05-19 13:00:25]   5: acc=0.5000±0.1581  bal_acc=0.5000±0.1581
[2026-05-19 13:00:25]   6: acc=0.5000±0.0791  bal_acc=0.5000±0.0791
[2026-05-19 13:00:25]   7: acc=0.4250±0.1275  bal_acc=0.4250±0.1275
[2026-05-19 13:00:25]   8: acc=0.7250±0.0935  bal_acc=0.7250±0.0935
[2026-05-19 13:00:25]   9: acc=0.6000±0.1225  bal_acc=0.6000±0.1225
[2026-05-19 13:00:25]   10: acc=0.4500±0.0612  bal_acc=0.4500±0.0612
[2026-05-19 13:00:25]   11: acc=0.4250±0.1871  bal_acc=0.4250±0.1871
[2026-05-19 13:00:25]   12: acc=0.5500±0.2318  bal_acc=0.5500±0.2318
[2026-05-19 13:00:25]   13: acc=0.6250±0.1768  bal_acc=0.6250±0.1768
[2026-05-19 13:00:25]   14: acc=0.5500±0.2318  bal_acc=0.5500±0.2318
[2026-05-19 13:00:25]   15: acc=0.4250±0.2318  bal_acc=0.4250±0.2318
[2026-05-19 13:00:25]   16: acc=0.5750±0.1275  bal_acc=0.5750±0.1275
[2026-05-19 13:00:25]   17: acc=0.5250±0.1458  bal_acc=0.5250±0.1458
[2026-05-19 13:00:25]   18: acc=0.7250±0.1225  bal_acc=0.7250±0.1225
[2026-05-19 13:00:25]   19: acc=0.4750±0.2151  bal_acc=0.4750±0.2151
[2026-05-19 13:00:25]   20: acc=0.7250±0.0935  bal_acc=0.7250±0.0935
[2026-05-19 13:00:25]   21: acc=0.4000±0.0935  bal_acc=0.4000±0.0935
[2026-05-19 13:00:25]   22: acc=0.4500±0.1000  bal_acc=0.4500±0.1000
[2026-05-19 13:00:25]   23: acc=0.5250±0.1658  bal_acc=0.5250±0.1658
[2026-05-19 13:00:25]   24: acc=0.5500±0.1871  bal_acc=0.5500±0.1871
[2026-05-19 13:00:25]   25: acc=0.6000±0.1458  bal_acc=0.6000±0.1458
[2026-05-19 13:00:25]   26: acc=0.4750±0.0500  bal_acc=0.4750±0.0500
[2026-05-19 13:00:25]   27: acc=0.5250±0.2151  bal_acc=0.5250±0.2151
[2026-05-19 13:00:25]   28: acc=0.5250±0.0935  bal_acc=0.5250±0.0935
[2026-05-19 13:00:25]   29: acc=0.4500±0.1871  bal_acc=0.4500±0.1871
[2026-05-19 13:00:25]   30: acc=0.6500±0.0500  bal_acc=0.6500±0.0500
[2026-05-19 13:00:25]   31: acc=0.4500±0.0612  bal_acc=0.4500±0.0612
[2026-05-19 13:00:25]   32: acc=0.5750±0.1275  bal_acc=0.5750±0.1275
[2026-05-19 13:00:25]   33: acc=0.6000±0.2000  bal_acc=0.6000±0.2000
[2026-05-19 13:00:25]   34: acc=0.8000±0.1000  bal_acc=0.8000±0.1000
[2026-05-19 13:00:25]   35: acc=0.5750±0.1500  bal_acc=0.5750±0.1500
[2026-05-19 13:00:25]   36: acc=0.3000±0.1000  bal_acc=0.3000±0.1000
[2026-05-19 13:00:25]   37: acc=0.5250±0.1837  bal_acc=0.5250±0.1837
[2026-05-19 13:00:25]   38: acc=0.5750±0.1000  bal_acc=0.5750±0.1000
[2026-05-19 13:00:25]   39: acc=0.4250±0.2318  bal_acc=0.4250±0.2318
[2026-05-19 13:00:25]   40: acc=0.4750±0.0935  bal_acc=0.4750±0.0935
[2026-05-19 13:00:25]   41: acc=0.5750±0.1500  bal_acc=0.5750±0.1500
[2026-05-19 13:00:25]   42: acc=0.6000±0.1837  bal_acc=0.6000±0.1837
[2026-05-19 13:00:25]   43: acc=0.5000±0.1768  bal_acc=0.5000±0.1768
[2026-05-19 13:00:25]   44: acc=0.5250±0.1458  bal_acc=0.5250±0.1458
[2026-05-19 13:00:25]   45: acc=0.4000±0.1837  bal_acc=0.4000±0.1837
[2026-05-19 13:00:25]   46: acc=0.5000±0.1581  bal_acc=0.5000±0.1581
[2026-05-19 13:00:25]   47: acc=0.4500±0.1500  bal_acc=0.4500±0.1500
[2026-05-19 13:00:25]   48: acc=0.5500±0.1500  bal_acc=0.5500±0.1500
[2026-05-19 13:00:25]   49: acc=0.4750±0.0935  bal_acc=0.4750±0.0935
[2026-05-19 13:00:25]   50: acc=0.3750±0.0791  bal_acc=0.3750±0.0791
[2026-05-19 13:00:25] ----------------------------------------------------------------------
[2026-05-19 13:00:25]   OVERALL: acc=0.5280±0.1777  bal_acc=0.5280±0.1777
[2026-05-19 13:00:25] CV results saved to: /Users/vadim/Documents/School/Spring 2026/CSCE A698 Individual Research/EEG_JEPA/artifacts/liu2024-source-mat-sjepa-prelocal/Liu2024_SourceMAT/20260519_1253_601055e0/cv_results.json
