Notebook:       /Users/vadim/Documents/School/Spring 2026/CSCE A698 Individual Research/EEG_JEPA/src/liu2024/liu2024_source_mat_sjepa_prelocal_clean_pipeline.ipynb
Configurations: /Users/vadim/Documents/School/Spring 2026/CSCE A698 Individual Research/EEG_JEPA/src/utils/experiments/configs/liu2024_sjepa_hp_best_2.json
Total configs:  6

[1/6] Running config override:
{
  "learning_rate": 0.0003,
  "batch_size": 8,
  "gradient_clip_norm": 1.0,
  "experiment_name": "hpbest_007",
  "sweep_group": "HP_best"
}
  status:       completed
  elapsed_sec:  2616.411
  run_id:       20260528_2007_e4309e89
  artifact_dir: /Users/vadim/Documents/School/Spring 2026/CSCE A698 Individual Research/EEG_JEPA/artifacts/liu2024-source-mat-sjepa-prelocal/20260528_2007_e4309e89

[2/6] Running config override:
{
  "learning_rate": 0.0004,
  "batch_size": 4,
  "gradient_clip_norm": 1.0,
  "experiment_name": "hpbest_008",
  "sweep_group": "HP_best"
}
  status:       completed
  elapsed_sec:  3951.608
  run_id:       20260528_2050_3a6d9c3a
  artifact_dir: /Users/vadim/Documents/School/Spring 2026/CSCE A698 Individual Research/EEG_JEPA/artifacts/liu2024-source-mat-sjepa-prelocal/20260528_2050_3a6d9c3a

[3/6] Running config override:
{
  "learning_rate": 0.0004,
  "batch_size": 8,
  "gradient_clip_norm": 2.0,
  "experiment_name": "hpbest_009",
  "sweep_group": "HP_best"
}
  status:       completed
  elapsed_sec:  2326.459
  run_id:       20260528_2156_0c1438c3
  artifact_dir: /Users/vadim/Documents/School/Spring 2026/CSCE A698 Individual Research/EEG_JEPA/artifacts/liu2024-source-mat-sjepa-prelocal/20260528_2156_0c1438c3

[4/6] Running config override:
{
  "learning_rate": 0.0003,
  "batch_size": 4,
  "gradient_clip_norm": 2.0,
  "experiment_name": "hpbest_010",
  "sweep_group": "HP_best"
}
  status:       completed
  elapsed_sec:  4502.489
  run_id:       20260528_2235_5a0e08f4
  artifact_dir: /Users/vadim/Documents/School/Spring 2026/CSCE A698 Individual Research/EEG_JEPA/artifacts/liu2024-source-mat-sjepa-prelocal/20260528_2235_5a0e08f4

[5/6] Running config override:
{
  "learning_rate": 0.0003,
  "batch_size": 8,
  "gradient_clip_norm": 2.0,
  "experiment_name": "hpbest_011",
  "sweep_group": "HP_best"
}
  status:       completed
  elapsed_sec:  2670.62
  run_id:       20260528_2350_c1335d9f
  artifact_dir: /Users/vadim/Documents/School/Spring 2026/CSCE A698 Individual Research/EEG_JEPA/artifacts/liu2024-source-mat-sjepa-prelocal/20260528_2350_c1335d9f

[6/6] Running config override:
{
  "learning_rate": 0.0004,
  "batch_size": 4,
  "gradient_clip_norm": 2.0,
  "experiment_name": "hpbest_012",
  "sweep_group": "HP_best"
}
  status:       completed
  elapsed_sec:  3576.241
  run_id:       20260529_0035_789e6452
  artifact_dir: /Users/vadim/Documents/School/Spring 2026/CSCE A698 Individual Research/EEG_JEPA/artifacts/liu2024-source-mat-sjepa-prelocal/20260529_0035_789e6452

Finished.
Results dir:    experiment_results/20260528_2007_liu2024_sjepa_hp_best_2_41f9fdb1
Summary JSON:   experiment_results/20260528_2007_liu2024_sjepa_hp_best_2_41f9fdb1/results.json
Artifact list:  experiment_results/20260528_2007_liu2024_sjepa_hp_best_2_41f9fdb1/artifact_ids.json
