[2026-05-18 12:39:01] Logging to: /Users/vadim/Documents/School/Spring 2026/CSCE A698 Individual Research/EEG_JEPA/artifacts/liu2024-csp-fbcsp-baselines-major-overlap-filter/MI/20260518_1239_db8f2368/run.log
[2026-05-18 12:39:01] Seed control disabled (CONFIG['set_seed'] = False)
[2026-05-18 12:39:01] ======================================================================
[2026-05-18 12:39:01] CONFIGURATION
[2026-05-18 12:39:01] ======================================================================
[2026-05-18 12:39:01] {
  "artifact_dir": "/Users/vadim/Documents/School/Spring 2026/CSCE A698 Individual Research/EEG_JEPA/artifacts/liu2024-csp-fbcsp-baselines-major-overlap-filter",
  "dataset_source": "auto",
  "dataset_name": "Liu2024",
  "preprocessed_concat_dir": null,
  "labels_to_keep": [
    "left_hand",
    "right_hand"
  ],
  "exclude_subjects": [],
  "subjects_to_use": null,
  "moabb_dataset_kwargs": {},
  "seed": null,
  "set_seed": false,
  "sfreq": 128,
  "bandpass_low": 0.5,
  "bandpass_high": 40.0,
  "paradigm": "MI",
  "base_trial_duration_s": 8.0,
  "target_window_duration_s": 4.2,
  "drop_overlapping_events_for_csp": true,
  "overlap_filter_mode": "major_overlap_only",
  "max_allowed_overlap_with_next_event_samples": null,
  "nonoverlap_selection_strategy": "balanced_greedy",
  "min_events_per_class_after_nonoverlap": 5,
  "on_overlapping_events": "warn",
  "cv_folds": 5,
  "run_models": [
    "CSP_LDA",
    "FBCSP_LDA"
  ],
  "csp": {
    "apply_feature_filter": true,
    "l_freq": 8.0,
    "h_freq": 30.0,
    "n_components": 4,
    "reg": "ledoit_wolf",
    "log": true,
    "norm_trace": false
  },
  "fbcsp": {
    "bands": [
      [
        4.0,
        8.0
      ],
      [
        8.0,
        12.0
      ],
      [
        12.0,
        16.0
      ],
      [
        16.0,
        20.0
      ],
      [
        20.0,
        24.0
      ],
      [
        24.0,
        28.0
      ],
      [
        28.0,
        32.0
      ],
      [
        32.0,
        36.0
      ],
      [
        36.0,
        40.0
      ]
    ],
    "n_components": 4,
    "reg": "ledoit_wolf",
    "log": true,
    "norm_trace": false
  },
  "classifier": "lda",
  "linear_svm_C": 1.0,
  "feature_filter_method": "iir",
  "feature_iir_params": {
    "order": 5,
    "ftype": "butter"
  }
}
[2026-05-18 12:39:01] Saved config to: /Users/vadim/Documents/School/Spring 2026/CSCE A698 Individual Research/EEG_JEPA/artifacts/liu2024-csp-fbcsp-baselines-major-overlap-filter/MI/20260518_1239_db8f2368/config.json
[2026-05-18 12:39:01] Epoch window configuration:
[2026-05-18 12:39:01]   Target sfreq:                128 Hz
[2026-05-18 12:39:01]   Requested duration:          4.200 s
[2026-05-18 12:39:01]   Window samples:              537
[2026-05-18 12:39:01]   Effective duration:          4.195312 s

[2026-05-18 12:39:01] Provided concat dir:              None
[2026-05-18 12:39:01] Default concat dir:               /Users/vadim/Documents/School/Spring 2026/CSCE A698 Individual Research/EEG_JEPA/preprocessed_concat_datasets/Liu2024_MI_048eba1d_subjects_66243829
[2026-05-18 12:39:01] Selected concat dir:              /Users/vadim/Documents/School/Spring 2026/CSCE A698 Individual Research/EEG_JEPA/preprocessed_concat_datasets/Liu2024_MI_048eba1d_subjects_66243829
[2026-05-18 12:39:01] Preprocessed concat exists:       True
[2026-05-18 12:39:01] Effective dataset source:         concat

[2026-05-18 12:39:01] Using existing preprocessed concat dataset only.
[2026-05-18 12:39:01]   Concat dir:            /Users/vadim/Documents/School/Spring 2026/CSCE A698 Individual Research/EEG_JEPA/preprocessed_concat_datasets/Liu2024_MI_048eba1d_subjects_66243829
[2026-05-18 12:39:01]   Subject IDs:           [1, 2, 3, 4, 5, 6, 7, 8, 9, 10, 11, 12, 13, 14, 15, 16, 17, 18, 19, 20, 21, 22, 23, 24, 25, 26, 27, 28, 29, 30, 31, 32, 33, 34, 35, 36, 37, 38, 39, 40, 41, 42, 43, 44, 45, 46, 47, 48, 49, 50]
[2026-05-18 12:39:01]   Labels to keep:        ['left_hand', 'right_hand']
[2026-05-18 12:39:02] Loaded raw concat dataset from: /Users/vadim/Documents/School/Spring 2026/CSCE A698 Individual Research/EEG_JEPA/preprocessed_concat_datasets/Liu2024_MI_048eba1d_subjects_66243829

[2026-05-18 12:39:02] Post-load raw validation
[2026-05-18 12:39:02]   Recordings in LOADED_DATASET:   50
[2026-05-18 12:39:02]   Unique subject IDs:             ['1', '10', '11', '12', '13', '14', '15', '16', '17', '18', '19', '2', '20', '21', '22', '23', '24', '25', '26', '27', '28', '29', '3', '30', '31', '32', '33', '34', '35', '36', '37', '38', '39', '4', '40', '41', '42', '43', '44', '45', '46', '47', '48', '49', '5', '50', '6', '7', '8', '9']
[2026-05-18 12:39:02]   sfreq (first rec):              128.0 Hz
[2026-05-18 12:39:02]   EEG channel count:              29
[2026-05-18 12:39:02]   Annotation labels present:      ['left_hand', 'right_hand']
[2026-05-18 12:39:02]   Labels selected for training:   ['left_hand', 'right_hand']
[2026-05-18 12:39:02] Annotation counts before filtering: {np.str_('left_hand'): 1000, np.str_('right_hand'): 950}
[2026-05-18 12:39:02] Filtered annotations: kept 1950 / 1950
[2026-05-18 12:39:02] Annotation counts after label filtering: {np.str_('left_hand'): 1000, np.str_('right_hand'): 950}

[2026-05-18 12:39:02] Before CSP overlap filtering:
[2026-05-18 12:39:02] Annotation timing diagnostic after label filtering:
[2026-05-18 12:39:02]   Selected events:             1950
[2026-05-18 12:39:02]   Duration min/median/max:     3.999996 / 4.000000 / 4.000004 s
[2026-05-18 12:39:02]   Requested analysis samples:  537
[2026-05-18 12:39:02]   Effective analysis duration: 4.195312 s
[2026-05-18 12:39:02]   Onset gap min/median/max:    0.001999 / 2.006001 / 4.004005 s
[2026-05-18 12:39:02]   Potential 4.195312s overlaps: 1900
[2026-05-18 12:39:02]     overlap example recording=0, subject=1, left_hand@4.006s -> right_hand@8.010s, gap=4.004s
[2026-05-18 12:39:02]     overlap example recording=0, subject=1, right_hand@8.010s -> left_hand@10.000s, gap=1.990s
[2026-05-18 12:39:02]     overlap example recording=0, subject=1, left_hand@10.000s -> right_hand@12.004s, gap=2.004s
[2026-05-18 12:39:02]     overlap example recording=0, subject=1, right_hand@12.004s -> left_hand@16.006s, gap=4.002s
[2026-05-18 12:39:02]     overlap example recording=0, subject=1, left_hand@16.006s -> right_hand@18.000s, gap=1.994s
[2026-05-18 12:39:02]     overlap example recording=0, subject=1, right_hand@18.000s -> left_hand@20.004s, gap=2.004s
[2026-05-18 12:39:02]     overlap example recording=0, subject=1, left_hand@20.004s -> right_hand@24.004s, gap=4.000s
[2026-05-18 12:39:02]     overlap example recording=0, subject=1, right_hand@24.004s -> left_hand@26.000s, gap=1.996s
[2026-05-18 12:39:02]     overlap example recording=0, subject=1, left_hand@26.000s -> right_hand@28.006s, gap=2.006s
[2026-05-18 12:39:02]     overlap example recording=0, subject=1, right_hand@28.006s -> left_hand@32.008s, gap=4.002s
[2026-05-18 12:39:02] CSP overlap-filter gap configuration:
[2026-05-18 12:39:02]   Mode:                          major_overlap_only
[2026-05-18 12:39:02]   Duration samples min/median/max: 511 / 512 / 512
[2026-05-18 12:39:02]   Target window samples:           537
[2026-05-18 12:39:02]   Provisional stop offset:         26
[2026-05-18 12:39:02]   Allowed small overlap samples:   25
[2026-05-18 12:39:02]   Required onset gap samples:      512
[2026-05-18 12:39:02]   Reason: major_overlap_only: drop severe overlaps while allowing the small tail overlap introduced by using a 537-sample window on nominal 4s annotations.
[2026-05-18 12:39:02] CSP overlap filtering:
[2026-05-18 12:39:02]   Target window samples: 537
[2026-05-18 12:39:02]   Required onset gap:    512
[2026-05-18 12:39:02]   Events before:         1950
[2026-05-18 12:39:02]   Events after:          1220
[2026-05-18 12:39:02]   Events dropped:        730
[2026-05-18 12:39:02]     recording=0, subject=1: 39 -> 24, class_counts={'left_hand': 12, 'right_hand': 12}
[2026-05-18 12:39:02]     recording=1, subject=2: 39 -> 24, class_counts={'left_hand': 12, 'right_hand': 12}
[2026-05-18 12:39:02]     recording=2, subject=3: 39 -> 22, class_counts={'left_hand': 11, 'right_hand': 11}
[2026-05-18 12:39:02]     recording=3, subject=4: 39 -> 26, class_counts={'left_hand': 13, 'right_hand': 13}
[2026-05-18 12:39:02]     recording=4, subject=5: 39 -> 26, class_counts={'left_hand': 13, 'right_hand': 13}
[2026-05-18 12:39:02]     recording=5, subject=6: 39 -> 20, class_counts={'left_hand': 10, 'right_hand': 10}
[2026-05-18 12:39:02]     recording=6, subject=7: 39 -> 26, class_counts={'left_hand': 13, 'right_hand': 13}
[2026-05-18 12:39:02]     recording=7, subject=8: 39 -> 24, class_counts={'left_hand': 12, 'right_hand': 12}
[2026-05-18 12:39:02]     recording=8, subject=9: 39 -> 24, class_counts={'left_hand': 12, 'right_hand': 12}
[2026-05-18 12:39:02]     recording=9, subject=10: 39 -> 22, class_counts={'left_hand': 11, 'right_hand': 11}
[2026-05-18 12:39:02]     ... 40 more recordings omitted from preview

[2026-05-18 12:39:02] After CSP overlap filtering:
[2026-05-18 12:39:02] Annotation counts after CSP overlap filtering: {np.str_('left_hand'): 611, np.str_('right_hand'): 609}
[2026-05-18 12:39:02] Annotation timing diagnostic after label filtering:
[2026-05-18 12:39:02]   Selected events:             1220
[2026-05-18 12:39:02]   Duration min/median/max:     3.999996 / 4.000000 / 4.000004 s
[2026-05-18 12:39:02]   Requested analysis samples:  537
[2026-05-18 12:39:02]   Effective analysis duration: 4.195312 s
[2026-05-18 12:39:02]   Onset gap min/median/max:    3.993996 / 4.000000 / 8.000000 s
[2026-05-18 12:39:02]   Potential 4.195312s overlaps: 1113
[2026-05-18 12:39:02]     overlap example recording=0, subject=1, right_hand@8.010s -> right_hand@12.004s, gap=3.994s
[2026-05-18 12:39:02]     overlap example recording=0, subject=1, right_hand@12.004s -> left_hand@16.006s, gap=4.002s
[2026-05-18 12:39:02]     overlap example recording=0, subject=1, left_hand@16.006s -> left_hand@20.004s, gap=3.998s
[2026-05-18 12:39:02]     overlap example recording=0, subject=1, left_hand@20.004s -> right_hand@24.004s, gap=4.000s
[2026-05-18 12:39:02]     overlap example recording=0, subject=1, right_hand@24.004s -> right_hand@28.006s, gap=4.002s
[2026-05-18 12:39:02]     overlap example recording=0, subject=1, right_hand@28.006s -> left_hand@32.008s, gap=4.002s
[2026-05-18 12:39:02]     overlap example recording=0, subject=1, left_hand@32.008s -> left_hand@36.006s, gap=3.998s
[2026-05-18 12:39:02]     overlap example recording=0, subject=1, left_hand@36.006s -> right_hand@40.010s, gap=4.004s
[2026-05-18 12:39:02]     overlap example recording=0, subject=1, right_hand@40.010s -> right_hand@44.006s, gap=3.996s
[2026-05-18 12:39:02]     overlap example recording=0, subject=1, right_hand@44.006s -> left_hand@48.010s, gap=4.004s
[2026-05-18 12:39:02] Windowing offset configuration:
[2026-05-18 12:39:02]   Min annotation samples:      511
[2026-05-18 12:39:02]   Median annotation samples:   512
[2026-05-18 12:39:02]   Max annotation samples:      512
[2026-05-18 12:39:02]   Target window samples:       537
[2026-05-18 12:39:02]   trial_start_offset_samples:  0
[2026-05-18 12:39:02]   trial_stop_offset_samples:   26
[2026-05-18 12:39:02]   on_overlapping_events:       warn
[2026-05-18 12:39:02] Window shape: (29, 537)
[2026-05-18 12:39:02] Window sample length expected=537, got=537
[2026-05-18 12:39:02] Class mapping: {'left_hand': 0, 'right_hand': 1}
[2026-05-18 12:39:02] Global class counts: [611, 609]
[2026-05-18 12:39:02] Chance level (2-class): 0.50
[2026-05-18 12:39:02] Summarizing per-subject windows...
[2026-05-18 12:39:02]   Subject 1: n_windows=24, window_shape=(29, 537), class_counts=[12, 12]
[2026-05-18 12:39:02]   Subject 2: n_windows=24, window_shape=(29, 537), class_counts=[12, 12]
[2026-05-18 12:39:02]   Subject 3: n_windows=22, window_shape=(29, 537), class_counts=[11, 11]
[2026-05-18 12:39:02]   Subject 4: n_windows=26, window_shape=(29, 537), class_counts=[13, 13]
[2026-05-18 12:39:02]   Subject 5: n_windows=26, window_shape=(29, 537), class_counts=[13, 13]
[2026-05-18 12:39:02]   Subject 6: n_windows=20, window_shape=(29, 537), class_counts=[10, 10]
[2026-05-18 12:39:02]   Subject 7: n_windows=26, window_shape=(29, 537), class_counts=[13, 13]
[2026-05-18 12:39:02]   Subject 8: n_windows=24, window_shape=(29, 537), class_counts=[12, 12]
[2026-05-18 12:39:02]   Subject 9: n_windows=24, window_shape=(29, 537), class_counts=[12, 12]
[2026-05-18 12:39:02]   Subject 10: n_windows=22, window_shape=(29, 537), class_counts=[11, 11]
[2026-05-18 12:39:02]   Subject 11: n_windows=24, window_shape=(29, 537), class_counts=[12, 12]
[2026-05-18 12:39:02]   Subject 12: n_windows=24, window_shape=(29, 537), class_counts=[12, 12]
[2026-05-18 12:39:02]   Subject 13: n_windows=23, window_shape=(29, 537), class_counts=[12, 11]
[2026-05-18 12:39:02]   Subject 14: n_windows=24, window_shape=(29, 537), class_counts=[12, 12]
[2026-05-18 12:39:02]   Subject 15: n_windows=25, window_shape=(29, 537), class_counts=[12, 13]
[2026-05-18 12:39:02]   Subject 16: n_windows=26, window_shape=(29, 537), class_counts=[13, 13]
[2026-05-18 12:39:02]   Subject 17: n_windows=25, window_shape=(29, 537), class_counts=[12, 13]
[2026-05-18 12:39:02]   Subject 18: n_windows=24, window_shape=(29, 537), class_counts=[12, 12]
[2026-05-18 12:39:02]   Subject 19: n_windows=24, window_shape=(29, 537), class_counts=[12, 12]
[2026-05-18 12:39:02]   Subject 20: n_windows=22, window_shape=(29, 537), class_counts=[11, 11]
[2026-05-18 12:39:02]   Subject 21: n_windows=26, window_shape=(29, 537), class_counts=[13, 13]
[2026-05-18 12:39:02]   Subject 22: n_windows=21, window_shape=(29, 537), class_counts=[10, 11]
[2026-05-18 12:39:02]   Subject 23: n_windows=26, window_shape=(29, 537), class_counts=[13, 13]
[2026-05-18 12:39:02]   Subject 24: n_windows=21, window_shape=(29, 537), class_counts=[11, 10]
[2026-05-18 12:39:02]   Subject 25: n_windows=24, window_shape=(29, 537), class_counts=[12, 12]
[2026-05-18 12:39:02]   Subject 26: n_windows=26, window_shape=(29, 537), class_counts=[13, 13]
[2026-05-18 12:39:02]   Subject 27: n_windows=24, window_shape=(29, 537), class_counts=[12, 12]
[2026-05-18 12:39:02]   Subject 28: n_windows=26, window_shape=(29, 537), class_counts=[13, 13]
[2026-05-18 12:39:02]   Subject 29: n_windows=19, window_shape=(29, 537), class_counts=[10, 9]
[2026-05-18 12:39:02]   Subject 30: n_windows=26, window_shape=(29, 537), class_counts=[13, 13]
[2026-05-18 12:39:02]   Subject 31: n_windows=26, window_shape=(29, 537), class_counts=[13, 13]
[2026-05-18 12:39:02]   Subject 32: n_windows=26, window_shape=(29, 537), class_counts=[13, 13]
[2026-05-18 12:39:02]   Subject 33: n_windows=26, window_shape=(29, 537), class_counts=[13, 13]
[2026-05-18 12:39:02]   Subject 34: n_windows=26, window_shape=(29, 537), class_counts=[13, 13]
[2026-05-18 12:39:02]   Subject 35: n_windows=24, window_shape=(29, 537), class_counts=[12, 12]
[2026-05-18 12:39:02]   Subject 36: n_windows=26, window_shape=(29, 537), class_counts=[13, 13]
[2026-05-18 12:39:02]   Subject 37: n_windows=26, window_shape=(29, 537), class_counts=[13, 13]
[2026-05-18 12:39:02]   Subject 38: n_windows=26, window_shape=(29, 537), class_counts=[13, 13]
[2026-05-18 12:39:02]   Subject 39: n_windows=24, window_shape=(29, 537), class_counts=[12, 12]
[2026-05-18 12:39:02]   Subject 40: n_windows=24, window_shape=(29, 537), class_counts=[12, 12]
[2026-05-18 12:39:02]   Subject 41: n_windows=26, window_shape=(29, 537), class_counts=[13, 13]
[2026-05-18 12:39:02]   Subject 42: n_windows=26, window_shape=(29, 537), class_counts=[13, 13]
[2026-05-18 12:39:02]   Subject 43: n_windows=26, window_shape=(29, 537), class_counts=[13, 13]
[2026-05-18 12:39:02]   Subject 44: n_windows=24, window_shape=(29, 537), class_counts=[12, 12]
[2026-05-18 12:39:02]   Subject 45: n_windows=23, window_shape=(29, 537), class_counts=[12, 11]
[2026-05-18 12:39:02]   Subject 46: n_windows=23, window_shape=(29, 537), class_counts=[12, 11]
[2026-05-18 12:39:02]   Subject 47: n_windows=26, window_shape=(29, 537), class_counts=[13, 13]
[2026-05-18 12:39:02]   Subject 48: n_windows=24, window_shape=(29, 537), class_counts=[12, 12]
[2026-05-18 12:39:02]   Subject 49: n_windows=26, window_shape=(29, 537), class_counts=[13, 13]
[2026-05-18 12:39:02]   Subject 50: n_windows=24, window_shape=(29, 537), class_counts=[12, 12]
[2026-05-18 12:39:02] ======================================================================
[2026-05-18 12:39:02] STARTING CSP/FBCSP CROSS-VALIDATION
[2026-05-18 12:39:02] ======================================================================
[2026-05-18 12:39:02] Models: ['CSP_LDA', 'FBCSP_LDA']
[2026-05-18 12:39:02] Subjects: 50
[2026-05-18 12:39:02] CV folds: 5

[2026-05-18 12:39:02] ======================================================================
[2026-05-18 12:39:02] RUNNING MODEL: CSP_LDA
[2026-05-18 12:39:02] ======================================================================

[2026-05-18 12:39:02] [CSP_LDA] Subject 1: 24 windows | class_counts=[12, 12]
[2026-05-18 12:39:18] Logging to: /Users/vadim/Documents/School/Spring 2026/CSCE A698 Individual Research/EEG_JEPA/artifacts/liu2024-csp-fbcsp-baselines-major-overlap-filter/MI/20260518_1239_db8f2368/run.log
[2026-05-18 12:39:18] Seed control disabled (CONFIG['set_seed'] = False)
[2026-05-18 12:39:18] ======================================================================
[2026-05-18 12:39:18] CONFIGURATION
[2026-05-18 12:39:18] ======================================================================
[2026-05-18 12:39:18] {
  "artifact_dir": "/Users/vadim/Documents/School/Spring 2026/CSCE A698 Individual Research/EEG_JEPA/artifacts/liu2024-csp-fbcsp-baselines-major-overlap-filter",
  "dataset_source": "auto",
  "dataset_name": "Liu2024",
  "preprocessed_concat_dir": null,
  "labels_to_keep": [
    "left_hand",
    "right_hand"
  ],
  "exclude_subjects": [],
  "subjects_to_use": null,
  "moabb_dataset_kwargs": {},
  "seed": null,
  "set_seed": false,
  "sfreq": 128,
  "bandpass_low": 0.5,
  "bandpass_high": 40.0,
  "paradigm": "MI",
  "base_trial_duration_s": 8.0,
  "target_window_duration_s": 4.2,
  "drop_overlapping_events_for_csp": true,
  "overlap_filter_mode": "major_overlap_only",
  "max_allowed_overlap_with_next_event_samples": null,
  "nonoverlap_selection_strategy": "balanced_greedy",
  "min_events_per_class_after_nonoverlap": 5,
  "on_overlapping_events": "warn",
  "cv_folds": 5,
  "run_models": [
    "CSP_LDA",
    "FBCSP_LDA"
  ],
  "csp": {
    "apply_feature_filter": true,
    "l_freq": 8.0,
    "h_freq": 30.0,
    "n_components": 4,
    "reg": "ledoit_wolf",
    "log": true,
    "norm_trace": false
  },
  "fbcsp": {
    "bands": [
      [
        4.0,
        8.0
      ],
      [
        8.0,
        12.0
      ],
      [
        12.0,
        16.0
      ],
      [
        16.0,
        20.0
      ],
      [
        20.0,
        24.0
      ],
      [
        24.0,
        28.0
      ],
      [
        28.0,
        32.0
      ],
      [
        32.0,
        36.0
      ],
      [
        36.0,
        40.0
      ]
    ],
    "n_components": 4,
    "reg": "ledoit_wolf",
    "log": true,
    "norm_trace": false
  },
  "classifier": "lda",
  "linear_svm_C": 1.0,
  "feature_filter_method": "iir",
  "feature_iir_params": {
    "order": 5,
    "ftype": "butter"
  }
}
[2026-05-18 12:39:18] Saved config to: /Users/vadim/Documents/School/Spring 2026/CSCE A698 Individual Research/EEG_JEPA/artifacts/liu2024-csp-fbcsp-baselines-major-overlap-filter/MI/20260518_1239_db8f2368/config.json
[2026-05-18 12:39:18] Epoch window configuration:
[2026-05-18 12:39:18]   Target sfreq:                128 Hz
[2026-05-18 12:39:18]   Requested duration:          4.200 s
[2026-05-18 12:39:18]   Window samples:              537
[2026-05-18 12:39:18]   Effective duration:          4.195312 s

[2026-05-18 12:39:18] Provided concat dir:              None
[2026-05-18 12:39:18] Default concat dir:               /Users/vadim/Documents/School/Spring 2026/CSCE A698 Individual Research/EEG_JEPA/preprocessed_concat_datasets/Liu2024_MI_048eba1d_subjects_66243829
[2026-05-18 12:39:18] Selected concat dir:              /Users/vadim/Documents/School/Spring 2026/CSCE A698 Individual Research/EEG_JEPA/preprocessed_concat_datasets/Liu2024_MI_048eba1d_subjects_66243829
[2026-05-18 12:39:18] Preprocessed concat exists:       False
[2026-05-18 12:39:18] Effective dataset source:         moabb

[2026-05-18 12:39:18] Building MOABBDataset for Liu2024...
[2026-05-18 12:39:18]   Paradigm:              MI
[2026-05-18 12:39:18]   Subject IDs:           [1, 2, 3, 4, 5, 6, 7, 8, 9, 10, 11, 12, 13, 14, 15, 16, 17, 18, 19, 20, 21, 22, 23, 24, 25, 26, 27, 28, 29, 30, 31, 32, 33, 34, 35, 36, 37, 38, 39, 40, 41, 42, 43, 44, 45, 46, 47, 48, 49, 50]
[2026-05-18 12:39:18]   Dataset kwargs:        {}
[2026-05-18 12:39:18]   Labels to keep:        ['left_hand', 'right_hand']
[2026-05-18 12:39:18]   Excluded subject IDs:  []
[2026-05-18 12:39:18] 1.4.3
[2026-05-18 12:39:46]   Recordings loaded:     50
[2026-05-18 12:39:46]   Raw labels detected:   ['left_hand', 'right_hand']
[2026-05-18 12:39:48] Applying Braindecode preprocessors to MOABBDataset...
[2026-05-18 12:39:56] Saved preprocessed raw concat dataset to: /Users/vadim/Documents/School/Spring 2026/CSCE A698 Individual Research/EEG_JEPA/preprocessed_concat_datasets/Liu2024_MI_048eba1d_subjects_66243829
[2026-05-18 12:39:57] Loaded raw concat dataset from: /Users/vadim/Documents/School/Spring 2026/CSCE A698 Individual Research/EEG_JEPA/preprocessed_concat_datasets/Liu2024_MI_048eba1d_subjects_66243829

[2026-05-18 12:39:57] Post-load raw validation
[2026-05-18 12:39:57]   Recordings in LOADED_DATASET:   50
[2026-05-18 12:39:57]   Unique subject IDs:             ['1', '10', '11', '12', '13', '14', '15', '16', '17', '18', '19', '2', '20', '21', '22', '23', '24', '25', '26', '27', '28', '29', '3', '30', '31', '32', '33', '34', '35', '36', '37', '38', '39', '4', '40', '41', '42', '43', '44', '45', '46', '47', '48', '49', '5', '50', '6', '7', '8', '9']
[2026-05-18 12:39:57]   sfreq (first rec):              128.0 Hz
[2026-05-18 12:39:57]   EEG channel count:              29
[2026-05-18 12:39:57]   Annotation labels present:      ['left_hand', 'right_hand']
[2026-05-18 12:39:57]   Labels selected for training:   ['left_hand', 'right_hand']
[2026-05-18 12:39:57] Annotation counts before filtering: {np.str_('left_hand'): 1000, np.str_('right_hand'): 950}
[2026-05-18 12:39:57] Filtered annotations: kept 1950 / 1950
[2026-05-18 12:39:57] Annotation counts after label filtering: {np.str_('left_hand'): 1000, np.str_('right_hand'): 950}

[2026-05-18 12:39:57] Before CSP overlap filtering:
[2026-05-18 12:39:57] Annotation timing diagnostic after label filtering:
[2026-05-18 12:39:57]   Selected events:             1950
[2026-05-18 12:39:57]   Duration min/median/max:     3.999996 / 4.000000 / 4.000004 s
[2026-05-18 12:39:57]   Requested analysis samples:  537
[2026-05-18 12:39:57]   Effective analysis duration: 4.195312 s
[2026-05-18 12:39:57]   Onset gap min/median/max:    0.001999 / 2.006001 / 4.004005 s
[2026-05-18 12:39:57]   Potential 4.195312s overlaps: 1900
[2026-05-18 12:39:57]     overlap example recording=0, subject=1, left_hand@4.006s -> right_hand@8.010s, gap=4.004s
[2026-05-18 12:39:57]     overlap example recording=0, subject=1, right_hand@8.010s -> left_hand@10.000s, gap=1.990s
[2026-05-18 12:39:57]     overlap example recording=0, subject=1, left_hand@10.000s -> right_hand@12.004s, gap=2.004s
[2026-05-18 12:39:57]     overlap example recording=0, subject=1, right_hand@12.004s -> left_hand@16.006s, gap=4.002s
[2026-05-18 12:39:57]     overlap example recording=0, subject=1, left_hand@16.006s -> right_hand@18.000s, gap=1.994s
[2026-05-18 12:39:57]     overlap example recording=0, subject=1, right_hand@18.000s -> left_hand@20.004s, gap=2.004s
[2026-05-18 12:39:57]     overlap example recording=0, subject=1, left_hand@20.004s -> right_hand@24.004s, gap=4.000s
[2026-05-18 12:39:57]     overlap example recording=0, subject=1, right_hand@24.004s -> left_hand@26.000s, gap=1.996s
[2026-05-18 12:39:57]     overlap example recording=0, subject=1, left_hand@26.000s -> right_hand@28.006s, gap=2.006s
[2026-05-18 12:39:57]     overlap example recording=0, subject=1, right_hand@28.006s -> left_hand@32.008s, gap=4.002s
[2026-05-18 12:39:57] CSP overlap-filter gap configuration:
[2026-05-18 12:39:57]   Mode:                          major_overlap_only
[2026-05-18 12:39:57]   Duration samples min/median/max: 511 / 512 / 512
[2026-05-18 12:39:57]   Target window samples:           537
[2026-05-18 12:39:57]   Provisional stop offset:         26
[2026-05-18 12:39:57]   Allowed small overlap samples:   25
[2026-05-18 12:39:57]   Required onset gap samples:      512
[2026-05-18 12:39:57]   Reason: major_overlap_only: drop severe overlaps while allowing the small tail overlap introduced by using a 537-sample window on nominal 4s annotations.
[2026-05-18 12:39:57] CSP overlap filtering:
[2026-05-18 12:39:57]   Target window samples: 537
[2026-05-18 12:39:57]   Required onset gap:    512
[2026-05-18 12:39:57]   Events before:         1950
[2026-05-18 12:39:57]   Events after:          1220
[2026-05-18 12:39:57]   Events dropped:        730
[2026-05-18 12:39:57]     recording=0, subject=1: 39 -> 24, class_counts={'left_hand': 12, 'right_hand': 12}
[2026-05-18 12:39:57]     recording=1, subject=2: 39 -> 24, class_counts={'left_hand': 12, 'right_hand': 12}
[2026-05-18 12:39:57]     recording=2, subject=3: 39 -> 22, class_counts={'left_hand': 11, 'right_hand': 11}
[2026-05-18 12:39:57]     recording=3, subject=4: 39 -> 26, class_counts={'left_hand': 13, 'right_hand': 13}
[2026-05-18 12:39:57]     recording=4, subject=5: 39 -> 26, class_counts={'left_hand': 13, 'right_hand': 13}
[2026-05-18 12:39:57]     recording=5, subject=6: 39 -> 20, class_counts={'left_hand': 10, 'right_hand': 10}
[2026-05-18 12:39:57]     recording=6, subject=7: 39 -> 26, class_counts={'left_hand': 13, 'right_hand': 13}
[2026-05-18 12:39:57]     recording=7, subject=8: 39 -> 24, class_counts={'left_hand': 12, 'right_hand': 12}
[2026-05-18 12:39:57]     recording=8, subject=9: 39 -> 24, class_counts={'left_hand': 12, 'right_hand': 12}
[2026-05-18 12:39:57]     recording=9, subject=10: 39 -> 22, class_counts={'left_hand': 11, 'right_hand': 11}
[2026-05-18 12:39:57]     ... 40 more recordings omitted from preview

[2026-05-18 12:39:57] After CSP overlap filtering:
[2026-05-18 12:39:57] Annotation counts after CSP overlap filtering: {np.str_('left_hand'): 611, np.str_('right_hand'): 609}
[2026-05-18 12:39:57] Annotation timing diagnostic after label filtering:
[2026-05-18 12:39:57]   Selected events:             1220
[2026-05-18 12:39:57]   Duration min/median/max:     3.999996 / 4.000000 / 4.000004 s
[2026-05-18 12:39:57]   Requested analysis samples:  537
[2026-05-18 12:39:57]   Effective analysis duration: 4.195312 s
[2026-05-18 12:39:57]   Onset gap min/median/max:    3.993996 / 4.000000 / 8.000000 s
[2026-05-18 12:39:57]   Potential 4.195312s overlaps: 1113
[2026-05-18 12:39:57]     overlap example recording=0, subject=1, right_hand@8.010s -> right_hand@12.004s, gap=3.994s
[2026-05-18 12:39:57]     overlap example recording=0, subject=1, right_hand@12.004s -> left_hand@16.006s, gap=4.002s
[2026-05-18 12:39:57]     overlap example recording=0, subject=1, left_hand@16.006s -> left_hand@20.004s, gap=3.998s
[2026-05-18 12:39:57]     overlap example recording=0, subject=1, left_hand@20.004s -> right_hand@24.004s, gap=4.000s
[2026-05-18 12:39:57]     overlap example recording=0, subject=1, right_hand@24.004s -> right_hand@28.006s, gap=4.002s
[2026-05-18 12:39:57]     overlap example recording=0, subject=1, right_hand@28.006s -> left_hand@32.008s, gap=4.002s
[2026-05-18 12:39:57]     overlap example recording=0, subject=1, left_hand@32.008s -> left_hand@36.006s, gap=3.998s
[2026-05-18 12:39:57]     overlap example recording=0, subject=1, left_hand@36.006s -> right_hand@40.010s, gap=4.004s
[2026-05-18 12:39:57]     overlap example recording=0, subject=1, right_hand@40.010s -> right_hand@44.006s, gap=3.996s
[2026-05-18 12:39:57]     overlap example recording=0, subject=1, right_hand@44.006s -> left_hand@48.010s, gap=4.004s
[2026-05-18 12:39:57] Windowing offset configuration:
[2026-05-18 12:39:57]   Min annotation samples:      511
[2026-05-18 12:39:57]   Median annotation samples:   512
[2026-05-18 12:39:57]   Max annotation samples:      512
[2026-05-18 12:39:57]   Target window samples:       537
[2026-05-18 12:39:57]   trial_start_offset_samples:  0
[2026-05-18 12:39:57]   trial_stop_offset_samples:   26
[2026-05-18 12:39:57]   on_overlapping_events:       warn
[2026-05-18 12:39:57] Window shape: (29, 537)
[2026-05-18 12:39:57] Window sample length expected=537, got=537
[2026-05-18 12:39:57] Class mapping: {'left_hand': 0, 'right_hand': 1}
[2026-05-18 12:39:57] Global class counts: [611, 609]
[2026-05-18 12:39:57] Chance level (2-class): 0.50
[2026-05-18 12:39:57] Summarizing per-subject windows...
[2026-05-18 12:39:57]   Subject 1: n_windows=24, window_shape=(29, 537), class_counts=[12, 12]
[2026-05-18 12:39:57]   Subject 2: n_windows=24, window_shape=(29, 537), class_counts=[12, 12]
[2026-05-18 12:39:57]   Subject 3: n_windows=22, window_shape=(29, 537), class_counts=[11, 11]
[2026-05-18 12:39:57]   Subject 4: n_windows=26, window_shape=(29, 537), class_counts=[13, 13]
[2026-05-18 12:39:57]   Subject 5: n_windows=26, window_shape=(29, 537), class_counts=[13, 13]
[2026-05-18 12:39:57]   Subject 6: n_windows=20, window_shape=(29, 537), class_counts=[10, 10]
[2026-05-18 12:39:57]   Subject 7: n_windows=26, window_shape=(29, 537), class_counts=[13, 13]
[2026-05-18 12:39:57]   Subject 8: n_windows=24, window_shape=(29, 537), class_counts=[12, 12]
[2026-05-18 12:39:57]   Subject 9: n_windows=24, window_shape=(29, 537), class_counts=[12, 12]
[2026-05-18 12:39:57]   Subject 10: n_windows=22, window_shape=(29, 537), class_counts=[11, 11]
[2026-05-18 12:39:57]   Subject 11: n_windows=24, window_shape=(29, 537), class_counts=[12, 12]
[2026-05-18 12:39:57]   Subject 12: n_windows=24, window_shape=(29, 537), class_counts=[12, 12]
[2026-05-18 12:39:57]   Subject 13: n_windows=23, window_shape=(29, 537), class_counts=[12, 11]
[2026-05-18 12:39:57]   Subject 14: n_windows=24, window_shape=(29, 537), class_counts=[12, 12]
[2026-05-18 12:39:57]   Subject 15: n_windows=25, window_shape=(29, 537), class_counts=[12, 13]
[2026-05-18 12:39:57]   Subject 16: n_windows=26, window_shape=(29, 537), class_counts=[13, 13]
[2026-05-18 12:39:57]   Subject 17: n_windows=25, window_shape=(29, 537), class_counts=[12, 13]
[2026-05-18 12:39:57]   Subject 18: n_windows=24, window_shape=(29, 537), class_counts=[12, 12]
[2026-05-18 12:39:57]   Subject 19: n_windows=24, window_shape=(29, 537), class_counts=[12, 12]
[2026-05-18 12:39:57]   Subject 20: n_windows=22, window_shape=(29, 537), class_counts=[11, 11]
[2026-05-18 12:39:57]   Subject 21: n_windows=26, window_shape=(29, 537), class_counts=[13, 13]
[2026-05-18 12:39:57]   Subject 22: n_windows=21, window_shape=(29, 537), class_counts=[10, 11]
[2026-05-18 12:39:57]   Subject 23: n_windows=26, window_shape=(29, 537), class_counts=[13, 13]
[2026-05-18 12:39:57]   Subject 24: n_windows=21, window_shape=(29, 537), class_counts=[11, 10]
[2026-05-18 12:39:57]   Subject 25: n_windows=24, window_shape=(29, 537), class_counts=[12, 12]
[2026-05-18 12:39:57]   Subject 26: n_windows=26, window_shape=(29, 537), class_counts=[13, 13]
[2026-05-18 12:39:57]   Subject 27: n_windows=24, window_shape=(29, 537), class_counts=[12, 12]
[2026-05-18 12:39:57]   Subject 28: n_windows=26, window_shape=(29, 537), class_counts=[13, 13]
[2026-05-18 12:39:57]   Subject 29: n_windows=19, window_shape=(29, 537), class_counts=[10, 9]
[2026-05-18 12:39:57]   Subject 30: n_windows=26, window_shape=(29, 537), class_counts=[13, 13]
[2026-05-18 12:39:57]   Subject 31: n_windows=26, window_shape=(29, 537), class_counts=[13, 13]
[2026-05-18 12:39:57]   Subject 32: n_windows=26, window_shape=(29, 537), class_counts=[13, 13]
[2026-05-18 12:39:57]   Subject 33: n_windows=26, window_shape=(29, 537), class_counts=[13, 13]
[2026-05-18 12:39:57]   Subject 34: n_windows=26, window_shape=(29, 537), class_counts=[13, 13]
[2026-05-18 12:39:57]   Subject 35: n_windows=24, window_shape=(29, 537), class_counts=[12, 12]
[2026-05-18 12:39:57]   Subject 36: n_windows=26, window_shape=(29, 537), class_counts=[13, 13]
[2026-05-18 12:39:57]   Subject 37: n_windows=26, window_shape=(29, 537), class_counts=[13, 13]
[2026-05-18 12:39:57]   Subject 38: n_windows=26, window_shape=(29, 537), class_counts=[13, 13]
[2026-05-18 12:39:57]   Subject 39: n_windows=24, window_shape=(29, 537), class_counts=[12, 12]
[2026-05-18 12:39:57]   Subject 40: n_windows=24, window_shape=(29, 537), class_counts=[12, 12]
[2026-05-18 12:39:57]   Subject 41: n_windows=26, window_shape=(29, 537), class_counts=[13, 13]
[2026-05-18 12:39:57]   Subject 42: n_windows=26, window_shape=(29, 537), class_counts=[13, 13]
[2026-05-18 12:39:57]   Subject 43: n_windows=26, window_shape=(29, 537), class_counts=[13, 13]
[2026-05-18 12:39:57]   Subject 44: n_windows=24, window_shape=(29, 537), class_counts=[12, 12]
[2026-05-18 12:39:57]   Subject 45: n_windows=23, window_shape=(29, 537), class_counts=[12, 11]
[2026-05-18 12:39:57]   Subject 46: n_windows=23, window_shape=(29, 537), class_counts=[12, 11]
[2026-05-18 12:39:57]   Subject 47: n_windows=26, window_shape=(29, 537), class_counts=[13, 13]
[2026-05-18 12:39:57]   Subject 48: n_windows=24, window_shape=(29, 537), class_counts=[12, 12]
[2026-05-18 12:39:57]   Subject 49: n_windows=26, window_shape=(29, 537), class_counts=[13, 13]
[2026-05-18 12:39:57]   Subject 50: n_windows=24, window_shape=(29, 537), class_counts=[12, 12]
[2026-05-18 12:39:57] ======================================================================
[2026-05-18 12:39:57] STARTING CSP/FBCSP CROSS-VALIDATION
[2026-05-18 12:39:57] ======================================================================
[2026-05-18 12:39:57] Models: ['CSP_LDA', 'FBCSP_LDA']
[2026-05-18 12:39:57] Subjects: 50
[2026-05-18 12:39:57] CV folds: 5

[2026-05-18 12:39:57] ======================================================================
[2026-05-18 12:39:57] RUNNING MODEL: CSP_LDA
[2026-05-18 12:39:57] ======================================================================

[2026-05-18 12:39:57] [CSP_LDA] Subject 1: 24 windows | class_counts=[12, 12]
[2026-05-18 12:39:58]   Subject 1 summary: acc=0.6800±0.2993  bal_acc=0.6833±0.3091  roc_auc=0.7000±0.3232

[2026-05-18 12:39:58] [CSP_LDA] Subject 2: 24 windows | class_counts=[12, 12]
[2026-05-18 12:39:59]   Subject 2 summary: acc=0.4600±0.2332  bal_acc=0.4333±0.2321  roc_auc=0.5500±0.2560

[2026-05-18 12:39:59] [CSP_LDA] Subject 3: 22 windows | class_counts=[11, 11]
[2026-05-18 12:40:00]   Subject 3 summary: acc=0.3300±0.1887  bal_acc=0.3500±0.2000  roc_auc=0.3000±0.1871

[2026-05-18 12:40:00] [CSP_LDA] Subject 4: 26 windows | class_counts=[13, 13]
[2026-05-18 12:40:01]   Subject 4 summary: acc=0.4667±0.1116  bal_acc=0.4500±0.1130  roc_auc=0.5000±0.2357

[2026-05-18 12:40:01] [CSP_LDA] Subject 5: 26 windows | class_counts=[13, 13]
[2026-05-18 12:40:02]   Subject 5 summary: acc=0.3867±0.2841  bal_acc=0.3667±0.2718  roc_auc=0.3000±0.1944

[2026-05-18 12:40:02] [CSP_LDA] Subject 6: 20 windows | class_counts=[10, 10]
[2026-05-18 12:40:03]   Subject 6 summary: acc=0.3000±0.2449  bal_acc=0.3000±0.2449  roc_auc=0.2000±0.2449

[2026-05-18 12:40:03] [CSP_LDA] Subject 7: 26 windows | class_counts=[13, 13]
[2026-05-18 12:40:04]   Subject 7 summary: acc=0.7667±0.1520  bal_acc=0.7667±0.1700  roc_auc=0.7667±0.2000

[2026-05-18 12:40:04] [CSP_LDA] Subject 8: 24 windows | class_counts=[12, 12]
[2026-05-18 12:40:05]   Subject 8 summary: acc=0.4700±0.1887  bal_acc=0.5167±0.1780  roc_auc=0.5000±0.2108

[2026-05-18 12:40:05] [CSP_LDA] Subject 9: 24 windows | class_counts=[12, 12]
[2026-05-18 12:40:06]   Subject 9 summary: acc=0.7400±0.1744  bal_acc=0.7500±0.1667  roc_auc=0.7833±0.2769

[2026-05-18 12:40:06] [CSP_LDA] Subject 10: 22 windows | class_counts=[11, 11]
[2026-05-18 12:40:07]   Subject 10 summary: acc=0.5400±0.1655  bal_acc=0.5000±0.1581  roc_auc=0.2667±0.1616

[2026-05-18 12:40:07] [CSP_LDA] Subject 11: 24 windows | class_counts=[12, 12]
[2026-05-18 12:40:08]   Subject 11 summary: acc=0.4600±0.1497  bal_acc=0.4500±0.1795  roc_auc=0.3167±0.2134

[2026-05-18 12:40:08] [CSP_LDA] Subject 12: 24 windows | class_counts=[12, 12]
[2026-05-18 12:40:09]   Subject 12 summary: acc=0.4500±0.2236  bal_acc=0.4333±0.2134  roc_auc=0.4167±0.2357

[2026-05-18 12:40:09] [CSP_LDA] Subject 13: 23 windows | class_counts=[12, 11]
[2026-05-18 12:40:10]   Subject 13 summary: acc=0.4900±0.1855  bal_acc=0.4833±0.1780  roc_auc=0.4833±0.1856

[2026-05-18 12:40:10] [CSP_LDA] Subject 14: 24 windows | class_counts=[12, 12]
[2026-05-18 12:40:11]   Subject 14 summary: acc=0.3700±0.1400  bal_acc=0.3333±0.0913  roc_auc=0.2333±0.1700

[2026-05-18 12:40:11] [CSP_LDA] Subject 15: 25 windows | class_counts=[12, 13]
[2026-05-18 12:40:12]   Subject 15 summary: acc=0.4400±0.1497  bal_acc=0.4667±0.1546  roc_auc=0.3000±0.1633

[2026-05-18 12:40:12] [CSP_LDA] Subject 16: 26 windows | class_counts=[13, 13]
[2026-05-18 12:40:13]   Subject 16 summary: acc=0.4333±0.1606  bal_acc=0.4500±0.1716  roc_auc=0.4000±0.3091

[2026-05-18 12:40:13] [CSP_LDA] Subject 17: 25 windows | class_counts=[12, 13]
[2026-05-18 12:40:14]   Subject 17 summary: acc=0.4000±0.2191  bal_acc=0.3833±0.2014  roc_auc=0.3333±0.1826

[2026-05-18 12:40:14] [CSP_LDA] Subject 18: 24 windows | class_counts=[12, 12]
[2026-05-18 12:40:15]   Subject 18 summary: acc=0.3600±0.2332  bal_acc=0.3500±0.2494  roc_auc=0.3667±0.2211

[2026-05-18 12:40:15] [CSP_LDA] Subject 19: 24 windows | class_counts=[12, 12]
[2026-05-18 12:40:16]   Subject 19 summary: acc=0.3800±0.0980  bal_acc=0.3667±0.1130  roc_auc=0.3667±0.1944

[2026-05-18 12:40:16] [CSP_LDA] Subject 20: 22 windows | class_counts=[11, 11]
[2026-05-18 12:40:17]   Subject 20 summary: acc=0.6200±0.2502  bal_acc=0.6167±0.2506  roc_auc=0.7833±0.1944

[2026-05-18 12:40:17] [CSP_LDA] Subject 21: 26 windows | class_counts=[13, 13]
[2026-05-18 12:40:18]   Subject 21 summary: acc=0.5400±0.1497  bal_acc=0.5500±0.1130  roc_auc=0.5333±0.2449

[2026-05-18 12:40:18] [CSP_LDA] Subject 22: 21 windows | class_counts=[10, 11]
[2026-05-18 12:40:19]   Subject 22 summary: acc=0.3900±0.1356  bal_acc=0.3833±0.1453  roc_auc=0.4333±0.1333

[2026-05-18 12:40:19] [CSP_LDA] Subject 23: 26 windows | class_counts=[13, 13]
[2026-05-18 12:40:20]   Subject 23 summary: acc=0.6867±0.1655  bal_acc=0.7167±0.1633  roc_auc=0.7333±0.2708

[2026-05-18 12:40:20] [CSP_LDA] Subject 24: 21 windows | class_counts=[11, 10]
[2026-05-18 12:40:21]   Subject 24 summary: acc=0.2700±0.1913  bal_acc=0.2667±0.1856  roc_auc=0.4667±0.2667

[2026-05-18 12:40:21] [CSP_LDA] Subject 25: 24 windows | class_counts=[12, 12]
[2026-05-18 12:40:22]   Subject 25 summary: acc=0.5000±0.2000  bal_acc=0.4667±0.1716  roc_auc=0.3833±0.2560

[2026-05-18 12:40:22] [CSP_LDA] Subject 26: 26 windows | class_counts=[13, 13]
[2026-05-18 12:40:23]   Subject 26 summary: acc=0.5733±0.0904  bal_acc=0.6000±0.0816  roc_auc=0.5222±0.2548

[2026-05-18 12:40:23] [CSP_LDA] Subject 27: 24 windows | class_counts=[12, 12]
[2026-05-18 12:40:24]   Subject 27 summary: acc=0.3400±0.1200  bal_acc=0.3833±0.1453  roc_auc=0.3667±0.2211

[2026-05-18 12:40:24] [CSP_LDA] Subject 28: 26 windows | class_counts=[13, 13]
[2026-05-18 12:40:26]   Subject 28 summary: acc=0.3533±0.1572  bal_acc=0.3667±0.1453  roc_auc=0.3222±0.1625

[2026-05-18 12:40:26] [CSP_LDA] Subject 29: 19 windows | class_counts=[10, 9]
[2026-05-18 12:40:27]   Subject 29 summary: acc=0.3000±0.1871  bal_acc=0.3000±0.1871  roc_auc=0.2500±0.2739

[2026-05-18 12:40:27] [CSP_LDA] Subject 30: 26 windows | class_counts=[13, 13]
[2026-05-18 12:40:28]   Subject 30 summary: acc=0.4533±0.1655  bal_acc=0.4833±0.1616  roc_auc=0.3444±0.1625

[2026-05-18 12:40:28] [CSP_LDA] Subject 31: 26 windows | class_counts=[13, 13]
[2026-05-18 12:40:29]   Subject 31 summary: acc=0.3733±0.2480  bal_acc=0.3833±0.2560  roc_auc=0.4556±0.3285

[2026-05-18 12:40:29] [CSP_LDA] Subject 32: 26 windows | class_counts=[13, 13]
[2026-05-18 12:40:30]   Subject 32 summary: acc=0.6933±0.0904  bal_acc=0.7000±0.0850  roc_auc=0.7889±0.2120

[2026-05-18 12:40:30] [CSP_LDA] Subject 33: 26 windows | class_counts=[13, 13]
[2026-05-18 12:40:31]   Subject 33 summary: acc=0.4267±0.1555  bal_acc=0.3667±0.1247  roc_auc=0.1000±0.1333

[2026-05-18 12:40:31] [CSP_LDA] Subject 34: 26 windows | class_counts=[13, 13]
[2026-05-18 12:40:31]   Subject 34 summary: acc=0.5267±0.2133  bal_acc=0.5000±0.2357  roc_auc=0.5000±0.2981

[2026-05-18 12:40:31] [CSP_LDA] Subject 35: 24 windows | class_counts=[12, 12]
[2026-05-18 12:40:32]   Subject 35 summary: acc=0.5500±0.1342  bal_acc=0.5500±0.1247  roc_auc=0.5000±0.2582

[2026-05-18 12:40:32] [CSP_LDA] Subject 36: 26 windows | class_counts=[13, 13]
[2026-05-18 12:40:33]   Subject 36 summary: acc=0.5000±0.0894  bal_acc=0.4833±0.0972  roc_auc=0.5111±0.1077

[2026-05-18 12:40:33] [CSP_LDA] Subject 37: 26 windows | class_counts=[13, 13]
[2026-05-18 12:40:34]   Subject 37 summary: acc=0.4267±0.2687  bal_acc=0.4167±0.2528  roc_auc=0.4444±0.3352

[2026-05-18 12:40:34] [CSP_LDA] Subject 38: 26 windows | class_counts=[13, 13]
[2026-05-18 12:40:35]   Subject 38 summary: acc=0.5867±0.2647  bal_acc=0.5833±0.2582  roc_auc=0.7222±0.1859

[2026-05-18 12:40:35] [CSP_LDA] Subject 39: 24 windows | class_counts=[12, 12]
[2026-05-18 12:40:36]   Subject 39 summary: acc=0.5400±0.1497  bal_acc=0.5500±0.1354  roc_auc=0.6500±0.2000

[2026-05-18 12:40:36] [CSP_LDA] Subject 40: 24 windows | class_counts=[12, 12]
[2026-05-18 12:40:37]   Subject 40 summary: acc=0.2400±0.1497  bal_acc=0.2333±0.1434  roc_auc=0.3000±0.2449

[2026-05-18 12:40:37] [CSP_LDA] Subject 41: 26 windows | class_counts=[13, 13]
[2026-05-18 12:40:38]   Subject 41 summary: acc=0.4533±0.2083  bal_acc=0.4833±0.2261  roc_auc=0.4333±0.1333

[2026-05-18 12:40:38] [CSP_LDA] Subject 42: 26 windows | class_counts=[13, 13]
[2026-05-18 12:40:39]   Subject 42 summary: acc=0.6067±0.1867  bal_acc=0.6333±0.1716  roc_auc=0.6667±0.2357

[2026-05-18 12:40:39] [CSP_LDA] Subject 43: 26 windows | class_counts=[13, 13]
[2026-05-18 12:40:40]   Subject 43 summary: acc=0.3333±0.1838  bal_acc=0.3500±0.1616  roc_auc=0.3111±0.3075

[2026-05-18 12:40:40] [CSP_LDA] Subject 44: 24 windows | class_counts=[12, 12]
[2026-05-18 12:40:41]   Subject 44 summary: acc=0.5000±0.2683  bal_acc=0.5000±0.2789  roc_auc=0.4167±0.2981

[2026-05-18 12:40:41] [CSP_LDA] Subject 45: 23 windows | class_counts=[12, 11]
[2026-05-18 12:40:42]   Subject 45 summary: acc=0.6200±0.2205  bal_acc=0.6333±0.2082  roc_auc=0.6000±0.3046

[2026-05-18 12:40:42] [CSP_LDA] Subject 46: 23 windows | class_counts=[12, 11]
[2026-05-18 12:40:43]   Subject 46 summary: acc=0.6000±0.2302  bal_acc=0.6000±0.2261  roc_auc=0.6667±0.2108

[2026-05-18 12:40:43] [CSP_LDA] Subject 47: 26 windows | class_counts=[13, 13]
[2026-05-18 12:40:44]   Subject 47 summary: acc=0.4200±0.1327  bal_acc=0.4667±0.1354  roc_auc=0.4333±0.1700

[2026-05-18 12:40:44] [CSP_LDA] Subject 48: 24 windows | class_counts=[12, 12]
[2026-05-18 12:40:45]   Subject 48 summary: acc=0.3200±0.2040  bal_acc=0.3333±0.2041  roc_auc=0.2000±0.1944

[2026-05-18 12:40:45] [CSP_LDA] Subject 49: 26 windows | class_counts=[13, 13]
[2026-05-18 12:40:46]   Subject 49 summary: acc=0.4200±0.2561  bal_acc=0.4333±0.2656  roc_auc=0.4333±0.2708

[2026-05-18 12:40:46] [CSP_LDA] Subject 50: 24 windows | class_counts=[12, 12]
[2026-05-18 12:40:47]   Subject 50 summary: acc=0.2800±0.1600  bal_acc=0.2667±0.1434  roc_auc=0.1333±0.1944

[2026-05-18 12:40:47] Completed CSP_LDA: 250 folds

[2026-05-18 12:40:47] ======================================================================
[2026-05-18 12:40:47] RUNNING MODEL: FBCSP_LDA
[2026-05-18 12:40:47] ======================================================================

[2026-05-18 12:40:47] [FBCSP_LDA] Subject 1: 24 windows | class_counts=[12, 12]
[2026-05-18 12:40:56]   Subject 1 summary: acc=0.4600±0.1497  bal_acc=0.4333±0.1225  roc_auc=0.4000±0.1700

[2026-05-18 12:40:56] [FBCSP_LDA] Subject 2: 24 windows | class_counts=[12, 12]
[2026-05-18 12:41:05]   Subject 2 summary: acc=0.4200±0.2227  bal_acc=0.4167±0.2472  roc_auc=0.4000±0.3266

[2026-05-18 12:41:05] [FBCSP_LDA] Subject 3: 22 windows | class_counts=[11, 11]
[2026-05-18 12:41:13]   Subject 3 summary: acc=0.2800±0.2502  bal_acc=0.2833±0.2506  roc_auc=0.3333±0.3801

[2026-05-18 12:41:13] [FBCSP_LDA] Subject 4: 26 windows | class_counts=[13, 13]
[2026-05-18 12:41:22]   Subject 4 summary: acc=0.4200±0.1327  bal_acc=0.4500±0.1633  roc_auc=0.4778±0.1296

[2026-05-18 12:41:22] [FBCSP_LDA] Subject 5: 26 windows | class_counts=[13, 13]
[2026-05-18 12:41:32]   Subject 5 summary: acc=0.3867±0.1293  bal_acc=0.3833±0.1354  roc_auc=0.4667±0.2667

[2026-05-18 12:41:32] [FBCSP_LDA] Subject 6: 20 windows | class_counts=[10, 10]
[2026-05-18 12:41:39]   Subject 6 summary: acc=0.5000±0.2236  bal_acc=0.5000±0.2236  roc_auc=0.4000±0.2550

[2026-05-18 12:41:39] [FBCSP_LDA] Subject 7: 26 windows | class_counts=[13, 13]
[2026-05-18 12:41:49]   Subject 7 summary: acc=0.5800±0.1327  bal_acc=0.5667±0.1434  roc_auc=0.7333±0.2261

[2026-05-18 12:41:49] [FBCSP_LDA] Subject 8: 24 windows | class_counts=[12, 12]
[2026-05-18 12:41:57]   Subject 8 summary: acc=0.2900±0.0917  bal_acc=0.3000±0.1130  roc_auc=0.0500±0.1000

[2026-05-18 12:41:57] [FBCSP_LDA] Subject 9: 24 windows | class_counts=[12, 12]
[2026-05-18 12:42:05]   Subject 9 summary: acc=0.5000±0.0894  bal_acc=0.5167±0.1333  roc_auc=0.7167±0.2667

[2026-05-18 12:42:05] [FBCSP_LDA] Subject 10: 22 windows | class_counts=[11, 11]
[2026-05-18 12:42:13]   Subject 10 summary: acc=0.4000±0.2098  bal_acc=0.4167±0.2236  roc_auc=0.1500±0.1333

[2026-05-18 12:42:13] [FBCSP_LDA] Subject 11: 24 windows | class_counts=[12, 12]
[2026-05-18 12:42:22]   Subject 11 summary: acc=0.6300±0.1400  bal_acc=0.6500±0.1700  roc_auc=0.6667±0.2981

[2026-05-18 12:42:22] [FBCSP_LDA] Subject 12: 24 windows | class_counts=[12, 12]
[2026-05-18 12:42:31]   Subject 12 summary: acc=0.2900±0.0917  bal_acc=0.3000±0.0667  roc_auc=0.3500±0.1333

[2026-05-18 12:42:31] [FBCSP_LDA] Subject 13: 23 windows | class_counts=[12, 11]
[2026-05-18 12:42:40]   Subject 13 summary: acc=0.4900±0.1855  bal_acc=0.4833±0.1929  roc_auc=0.3333±0.2789

[2026-05-18 12:42:40] [FBCSP_LDA] Subject 14: 24 windows | class_counts=[12, 12]
[2026-05-18 12:42:49]   Subject 14 summary: acc=0.4900±0.1908  bal_acc=0.5167±0.2134  roc_auc=0.3500±0.3742

[2026-05-18 12:42:49] [FBCSP_LDA] Subject 15: 25 windows | class_counts=[12, 13]
[2026-05-18 12:42:58]   Subject 15 summary: acc=0.5600±0.1497  bal_acc=0.5500±0.1130  roc_auc=0.5667±0.2261

[2026-05-18 12:42:58] [FBCSP_LDA] Subject 16: 26 windows | class_counts=[13, 13]
[2026-05-18 12:43:09]   Subject 16 summary: acc=0.3800±0.0980  bal_acc=0.3833±0.1130  roc_auc=0.3778±0.1736

[2026-05-18 12:43:09] [FBCSP_LDA] Subject 17: 25 windows | class_counts=[12, 13]
[2026-05-18 12:43:18]   Subject 17 summary: acc=0.3600±0.0800  bal_acc=0.3833±0.0850  roc_auc=0.5000±0.1054

[2026-05-18 12:43:18] [FBCSP_LDA] Subject 18: 24 windows | class_counts=[12, 12]
[2026-05-18 12:43:27]   Subject 18 summary: acc=0.3000±0.1265  bal_acc=0.3000±0.1130  roc_auc=0.1000±0.0816

[2026-05-18 12:43:27] [FBCSP_LDA] Subject 19: 24 windows | class_counts=[12, 12]
[2026-05-18 12:43:36]   Subject 19 summary: acc=0.4200±0.1327  bal_acc=0.4333±0.1434  roc_auc=0.5500±0.2963

[2026-05-18 12:43:36] [FBCSP_LDA] Subject 20: 22 windows | class_counts=[11, 11]
[2026-05-18 12:43:44]   Subject 20 summary: acc=0.5800±0.1166  bal_acc=0.5833±0.1054  roc_auc=0.5167±0.3667

[2026-05-18 12:43:44] [FBCSP_LDA] Subject 21: 26 windows | class_counts=[13, 13]
[2026-05-18 12:43:54]   Subject 21 summary: acc=0.5333±0.1116  bal_acc=0.5667±0.0972  roc_auc=0.4222±0.1296

[2026-05-18 12:43:54] [FBCSP_LDA] Subject 22: 21 windows | class_counts=[10, 11]
[2026-05-18 12:44:01]   Subject 22 summary: acc=0.4200±0.2135  bal_acc=0.4167±0.2108  roc_auc=0.4500±0.1871

[2026-05-18 12:44:01] [FBCSP_LDA] Subject 23: 26 windows | class_counts=[13, 13]
[2026-05-18 12:44:11]   Subject 23 summary: acc=0.5400±0.1497  bal_acc=0.5667±0.1700  roc_auc=0.6222±0.3170

[2026-05-18 12:44:11] [FBCSP_LDA] Subject 24: 21 windows | class_counts=[11, 10]
[2026-05-18 12:44:19]   Subject 24 summary: acc=0.5300±0.2977  bal_acc=0.5333±0.2963  roc_auc=0.5667±0.3887

[2026-05-18 12:44:19] [FBCSP_LDA] Subject 25: 24 windows | class_counts=[12, 12]
[2026-05-18 12:44:28]   Subject 25 summary: acc=0.5200±0.2713  bal_acc=0.5500±0.2769  roc_auc=0.6333±0.2667

[2026-05-18 12:44:28] [FBCSP_LDA] Subject 26: 26 windows | class_counts=[13, 13]
[2026-05-18 12:44:37]   Subject 26 summary: acc=0.4600±0.0800  bal_acc=0.4333±0.0972  roc_auc=0.4333±0.1700

[2026-05-18 12:44:37] [FBCSP_LDA] Subject 27: 24 windows | class_counts=[12, 12]
[2026-05-18 12:44:47]   Subject 27 summary: acc=0.5500±0.1342  bal_acc=0.6000±0.0972  roc_auc=0.5000±0.1054

[2026-05-18 12:44:47] [FBCSP_LDA] Subject 28: 26 windows | class_counts=[13, 13]
[2026-05-18 12:44:57]   Subject 28 summary: acc=0.4133±0.2647  bal_acc=0.4500±0.2769  roc_auc=0.3556±0.3193

[2026-05-18 12:44:57] [FBCSP_LDA] Subject 29: 19 windows | class_counts=[10, 9]
[2026-05-18 12:45:04]   Subject 29 summary: acc=0.4667±0.2333  bal_acc=0.5000±0.2236  roc_auc=0.4000±0.2550

[2026-05-18 12:45:04] [FBCSP_LDA] Subject 30: 26 windows | class_counts=[13, 13]
[2026-05-18 12:45:14]   Subject 30 summary: acc=0.4267±0.2004  bal_acc=0.4000±0.1780  roc_auc=0.2778±0.2676

[2026-05-18 12:45:14] [FBCSP_LDA] Subject 31: 26 windows | class_counts=[13, 13]
[2026-05-18 12:45:23]   Subject 31 summary: acc=0.6533±0.1485  bal_acc=0.6833±0.1333  roc_auc=0.7667±0.1333

[2026-05-18 12:45:23] [FBCSP_LDA] Subject 32: 26 windows | class_counts=[13, 13]
[2026-05-18 12:45:32]   Subject 32 summary: acc=0.4267±0.0904  bal_acc=0.4500±0.0850  roc_auc=0.4000±0.2261

[2026-05-18 12:45:32] [FBCSP_LDA] Subject 33: 26 windows | class_counts=[13, 13]
[2026-05-18 12:45:40]   Subject 33 summary: acc=0.3733±0.2133  bal_acc=0.3833±0.2147  roc_auc=0.2889±0.1507

[2026-05-18 12:45:40] [FBCSP_LDA] Subject 34: 26 windows | class_counts=[13, 13]
[2026-05-18 12:45:49]   Subject 34 summary: acc=0.5733±0.0904  bal_acc=0.5667±0.0816  roc_auc=0.5556±0.1111

[2026-05-18 12:45:49] [FBCSP_LDA] Subject 35: 24 windows | class_counts=[12, 12]
[2026-05-18 12:45:57]   Subject 35 summary: acc=0.6200±0.1600  bal_acc=0.6500±0.1333  roc_auc=0.5667±0.2261

[2026-05-18 12:45:57] [FBCSP_LDA] Subject 36: 26 windows | class_counts=[13, 13]
[2026-05-18 12:46:07]   Subject 36 summary: acc=0.3000±0.1789  bal_acc=0.3000±0.1716  roc_auc=0.3000±0.2449

[2026-05-18 12:46:07] [FBCSP_LDA] Subject 37: 26 windows | class_counts=[13, 13]
[2026-05-18 12:46:16]   Subject 37 summary: acc=0.6133±0.1293  bal_acc=0.6500±0.1333  roc_auc=0.7778±0.1757

[2026-05-18 12:46:16] [FBCSP_LDA] Subject 38: 26 windows | class_counts=[13, 13]
[2026-05-18 12:46:25]   Subject 38 summary: acc=0.6533±0.0777  bal_acc=0.6500±0.0816  roc_auc=0.6556±0.2031

[2026-05-18 12:46:25] [FBCSP_LDA] Subject 39: 24 windows | class_counts=[12, 12]
[2026-05-18 12:46:33]   Subject 39 summary: acc=0.3800±0.1600  bal_acc=0.3833±0.1795  roc_auc=0.2333±0.2494

[2026-05-18 12:46:33] [FBCSP_LDA] Subject 40: 24 windows | class_counts=[12, 12]
[2026-05-18 12:46:42]   Subject 40 summary: acc=0.5600±0.3441  bal_acc=0.5667±0.3472  roc_auc=0.6000±0.4295

[2026-05-18 12:46:42] [FBCSP_LDA] Subject 41: 26 windows | class_counts=[13, 13]
[2026-05-18 12:46:50]   Subject 41 summary: acc=0.2000±0.1265  bal_acc=0.2333±0.1333  roc_auc=0.1333±0.1247

[2026-05-18 12:46:50] [FBCSP_LDA] Subject 42: 26 windows | class_counts=[13, 13]
[2026-05-18 12:46:59]   Subject 42 summary: acc=0.3933±0.1373  bal_acc=0.4000±0.1333  roc_auc=0.2667±0.2261

[2026-05-18 12:46:59] [FBCSP_LDA] Subject 43: 26 windows | class_counts=[13, 13]
[2026-05-18 12:47:07]   Subject 43 summary: acc=0.3067±0.0904  bal_acc=0.3000±0.0850  roc_auc=0.1667±0.1491

[2026-05-18 12:47:07] [FBCSP_LDA] Subject 44: 24 windows | class_counts=[12, 12]
[2026-05-18 12:47:15]   Subject 44 summary: acc=0.3800±0.1600  bal_acc=0.4167±0.1826  roc_auc=0.4000±0.2708

[2026-05-18 12:47:15] [FBCSP_LDA] Subject 45: 23 windows | class_counts=[12, 11]
[2026-05-18 12:47:23]   Subject 45 summary: acc=0.4300±0.1720  bal_acc=0.4500±0.1716  roc_auc=0.5667±0.1780

[2026-05-18 12:47:23] [FBCSP_LDA] Subject 46: 23 windows | class_counts=[12, 11]
[2026-05-18 12:47:31]   Subject 46 summary: acc=0.4000±0.1095  bal_acc=0.4333±0.0972  roc_auc=0.6333±0.1944

[2026-05-18 12:47:31] [FBCSP_LDA] Subject 47: 26 windows | class_counts=[13, 13]
[2026-05-18 12:47:40]   Subject 47 summary: acc=0.3800±0.1600  bal_acc=0.4000±0.1780  roc_auc=0.4556±0.2205

[2026-05-18 12:47:40] [FBCSP_LDA] Subject 48: 24 windows | class_counts=[12, 12]
[2026-05-18 12:47:48]   Subject 48 summary: acc=0.3200±0.2040  bal_acc=0.3500±0.2068  roc_auc=0.5000±0.3333

[2026-05-18 12:47:48] [FBCSP_LDA] Subject 49: 26 windows | class_counts=[13, 13]
[2026-05-18 12:47:57]   Subject 49 summary: acc=0.4933±0.1162  bal_acc=0.5000±0.1054  roc_auc=0.4778±0.2620

[2026-05-18 12:47:57] [FBCSP_LDA] Subject 50: 24 windows | class_counts=[12, 12]
[2026-05-18 12:48:05]   Subject 50 summary: acc=0.4200±0.1327  bal_acc=0.4000±0.1434  roc_auc=0.2000±0.2667

[2026-05-18 12:48:05] Completed FBCSP_LDA: 250 folds

[2026-05-18 12:48:05] All requested CSP/FBCSP models completed.
[2026-05-18 12:48:05] ======================================================================
[2026-05-18 12:48:05] AGGREGATED RESULTS
[2026-05-18 12:48:05] ======================================================================
[2026-05-18 12:48:05]   CSP_LDA: acc=0.4673±0.2290  bal_acc=0.4687±0.2294  roc_auc=0.4498±0.2895  folds=250
[2026-05-18 12:48:05]   FBCSP_LDA: acc=0.4495±0.1999  bal_acc=0.4607±0.2036  roc_auc=0.4409±0.2984  folds=250
[2026-05-18 12:48:05] ======================================================================
[2026-05-18 12:48:05] Prediction collapse diagnostics
[2026-05-18 12:48:05] {
  "CSP_LDA": {
    "n_folds": 250,
    "n_collapsed_single_class": 31,
    "collapsed_fraction": 0.124,
    "single_class_prediction_counts": {
      "0": 16,
      "1": 15
    }
  },
  "FBCSP_LDA": {
    "n_folds": 250,
    "n_collapsed_single_class": 34,
    "collapsed_fraction": 0.136,
    "single_class_prediction_counts": {
      "0": 18,
      "1": 16
    }
  }
}
[2026-05-18 12:48:05] CV results saved to:      /Users/vadim/Documents/School/Spring 2026/CSCE A698 Individual Research/EEG_JEPA/artifacts/liu2024-csp-fbcsp-baselines-major-overlap-filter/MI/20260518_1239_db8f2368/cv_results.json
[2026-05-18 12:48:05] Subject metrics saved to: /Users/vadim/Documents/School/Spring 2026/CSCE A698 Individual Research/EEG_JEPA/artifacts/liu2024-csp-fbcsp-baselines-major-overlap-filter/MI/20260518_1239_db8f2368/subject_metrics.json
[2026-05-18 12:48:05] Global metrics saved to:  /Users/vadim/Documents/School/Spring 2026/CSCE A698 Individual Research/EEG_JEPA/artifacts/liu2024-csp-fbcsp-baselines-major-overlap-filter/MI/20260518_1239_db8f2368/global_metrics.json
[2026-05-18 12:48:05] Collapse diagnostics saved to: /Users/vadim/Documents/School/Spring 2026/CSCE A698 Individual Research/EEG_JEPA/artifacts/liu2024-csp-fbcsp-baselines-major-overlap-filter/MI/20260518_1239_db8f2368/collapse_diagnostics.json
[2026-05-18 12:48:05] Run metadata saved to:    /Users/vadim/Documents/School/Spring 2026/CSCE A698 Individual Research/EEG_JEPA/artifacts/liu2024-csp-fbcsp-baselines-major-overlap-filter/MI/20260518_1239_db8f2368/run_metadata.json

[2026-05-18 12:48:05] All artifacts in: /Users/vadim/Documents/School/Spring 2026/CSCE A698 Individual Research/EEG_JEPA/artifacts/liu2024-csp-fbcsp-baselines-major-overlap-filter/MI/20260518_1239_db8f2368

[2026-05-18 12:48:05] ======================================================================
[2026-05-18 12:48:05] EXPERIMENT SUMMARY
[2026-05-18 12:48:05] ======================================================================
[2026-05-18 12:48:05] Run ID:    20260518_1239_db8f2368
[2026-05-18 12:48:05] Artifacts: /Users/vadim/Documents/School/Spring 2026/CSCE A698 Individual Research/EEG_JEPA/artifacts/liu2024-csp-fbcsp-baselines-major-overlap-filter/MI/20260518_1239_db8f2368

[2026-05-18 12:48:05] Configuration:
[2026-05-18 12:48:05]   Dataset name:           Liu2024
[2026-05-18 12:48:05]   Dataset source:         auto -> moabb
[2026-05-18 12:48:05]   Subjects:               50 subjects
[2026-05-18 12:48:05]   Excluded subjects:      []
[2026-05-18 12:48:05]   Labels kept:            ['left_hand', 'right_hand']
[2026-05-18 12:48:05]   Paradigm:               MI
[2026-05-18 12:48:05]   Bandpass:               0.5-40.0 Hz
[2026-05-18 12:48:05]   Resample:               128 Hz
[2026-05-18 12:48:05]   Window duration:        4.2 s
[2026-05-18 12:48:05]   CV folds:               5
[2026-05-18 12:48:05]   Classifier:             lda

[2026-05-18 12:48:05] Results:
[2026-05-18 12:48:05]   CSP_LDA:
[2026-05-18 12:48:05]     Mean Accuracy:          0.4673 ± 0.2290
[2026-05-18 12:48:05]     Mean Balanced Accuracy: 0.4687 ± 0.2294
[2026-05-18 12:48:05]     Mean ROC-AUC:           0.4498 ± 0.2895
[2026-05-18 12:48:05]     Single-class folds:     31 / 250 (0.124)
[2026-05-18 12:48:05]   FBCSP_LDA:
[2026-05-18 12:48:05]     Mean Accuracy:          0.4495 ± 0.1999
[2026-05-18 12:48:05]     Mean Balanced Accuracy: 0.4607 ± 0.2036
[2026-05-18 12:48:05]     Mean ROC-AUC:           0.4409 ± 0.2984
[2026-05-18 12:48:05]     Single-class folds:     34 / 250 (0.136)
[2026-05-18 12:48:05] ======================================================================
