[2026-05-29 13:10:23] Run ID:     20260529_1310_53ddc2f4
[2026-05-29 13:10:23] Artifacts:  /home/vegorov/Repos/eeg_jepa_research/artifacts/liu2024-source-mat-sjepa-prelocal/20260529_1310_53ddc2f4
[2026-05-29 13:10:23] Config:     /home/vegorov/Repos/eeg_jepa_research/artifacts/liu2024-source-mat-sjepa-prelocal/20260529_1310_53ddc2f4/config.json
[2026-05-29 13:10:23] Using device: cpu
[2026-05-29 13:10:24] Seed initialized: 2026
[2026-05-29 13:10:24] Configured preprocessing pipeline:
[2026-05-29 13:10:24]   - [ON] source::select_eeg_channels | - select Liu EEG channels, drop CPz reference, EOG, and marker before model input
[2026-05-29 13:10:24]   - [ON] source::demean | mode=baseline_window_mean | baseline_window_s=[0.0, 2.0]
[2026-05-29 13:10:24]   - [off] source::detrend | mode=none
[2026-05-29 13:10:24]   - [off] source::eog_correction | mode=none
[2026-05-29 13:10:24]   - [off] source::artifact_clipping | mode=none | percentile=99.5
[2026-05-29 13:10:24]   - [ON] mne_raw::reference | timing=before_resample_filter | mode=average
[2026-05-29 13:10:24]   - [ON] mne_raw::resample | sfreq=128
[2026-05-29 13:10:24]   - [ON] mne_raw::bandpass_filter | l_freq=0.5 | h_freq=40.0 | method=fir | phase=zero | fir_design=firwin
[2026-05-29 13:10:24]   - [off] mne_raw::notch_filter | timing=after_bandpass
[2026-05-29 13:10:24]   - [ON] window::crop_fixed_mi_window | start_s=2 | target_window_samples=537
[2026-05-29 13:10:24]   - [off] window::bad_trial_rejection
[2026-05-29 13:10:24]   - [off] split::fold_safe_normalization | mode=none
[2026-05-29 13:10:24] Source extract dir: /home/vegorov/Repos/eeg_jepa_research/liu2024_data/liu2024_figshare/sourcedata
[2026-05-29 13:10:24] Found 50 .mat files
[2026-05-29 13:10:24] MAT structure preview saved to: /home/vegorov/Repos/eeg_jepa_research/artifacts/liu2024-source-mat-sjepa-prelocal/20260529_1310_53ddc2f4/mat_structure_preview_first_subject.csv
[2026-05-29 13:10:30] Subjects loaded: [1, 2, 3, 4, 5, 6, 7, 8, 9, 10, 11, 12, 13, 14, 15, 16, 17, 18, 19, 20, 21, 22, 23, 24, 25, 26, 27, 28, 29, 30, 31, 32, 33, 34, 35, 36, 37, 38, 39, 40, 41, 42, 43, 44, 45, 46, 47, 48, 49, 50]
[2026-05-29 13:10:30] Subject inventory saved to: /home/vegorov/Repos/eeg_jepa_research/artifacts/liu2024-source-mat-sjepa-prelocal/20260529_1310_53ddc2f4/subject_inventory.csv
[2026-05-29 13:10:44] X_ALL shape: (2000, 29, 537) | Y_ALL counts: [1000, 1000]
[2026-05-29 13:10:44] Preprocessing steps used:
[2026-05-29 13:10:44]   - select 29 EEG channels; drop CPz source reference, EOG, and marker
[2026-05-29 13:10:44]   - source demean: subtract baseline mean [0.0, 2.0]s
[2026-05-29 13:10:44]   - source detrend skipped
[2026-05-29 13:10:44]   - EOG correction skipped
[2026-05-29 13:10:44]   - source artifact clipping skipped
[2026-05-29 13:10:44]   - convert source microvolts to MNE volts
[2026-05-29 13:10:44]   - average reference at before resample/filter
[2026-05-29 13:10:44]   - resample to 128 Hz
[2026-05-29 13:10:44]   - FIR bandpass 0.5–40.0 Hz | phase=zero | fir_design=firwin
[2026-05-29 13:10:44]   - convert MNE volts to model microvolts
[2026-05-29 13:10:44]   - crop fixed window samples [256:793]
[2026-05-29 13:10:44]   - bad-trial rejection skipped
[2026-05-29 13:10:44] Window summary saved to: /home/vegorov/Repos/eeg_jepa_research/artifacts/liu2024-source-mat-sjepa-prelocal/20260529_1310_53ddc2f4/window_counts_by_subject.csv
[2026-05-29 13:10:44] ======================================================================
[2026-05-29 13:10:44] STARTING WITHIN-SUBJECT EVALUATION
[2026-05-29 13:10:44] ======================================================================
[2026-05-29 13:10:44] Experiment:    baseline_sjepa_prelocal
[2026-05-29 13:10:44] Subjects:      ['1', '2', '3', '4', '5', '6', '7', '8', '9', '10', '11', '12', '13', '14', '15', '16', '17', '18', '19', '20', '21', '22', '23', '24', '25', '26', '27', '28', '29', '30', '31', '32', '33', '34', '35', '36', '37', '38', '39', '40', '41', '42', '43', '44', '45', '46', '47', '48', '49', '50']
[2026-05-29 13:10:44] Model:         SignalJEPA_PreLocal
[2026-05-29 13:10:44] Pretrained:    from_pretrained
[2026-05-29 13:10:44] Strategy:      new
[2026-05-29 13:10:44] Preprocessing: demean=baseline_window_mean | detrend=none | eog=none | clip=none | ref=average@before_resample_filter | resample=True->128 | filter=True 0.5–40.0 fir
[2026-05-29 13:10:44] Normalization: none | reject_bad_trials=False
[2026-05-29 13:10:44] Evaluation:    stratified_kfold | cv_folds=5 | n_repeats=10 | test_size=0.4
[2026-05-29 13:10:44] Seed:          base=2026 | cv=2026 | split=2026 | val=2026
[2026-05-29 13:10:44] Window:        start=2s | samples=537 | duration=4.1953s | effective sfreq=128.0
[2026-05-29 13:10:44] Optimizer:     adam | lr=0.0004 | wd=0.0
[2026-05-29 13:10:44] Augmentation:  noise=0.0 | shift=0 | ch_drop=0.0
[2026-05-29 13:10:44] Val split:     0.2
[2026-05-29 13:10:44] Max epochs:    5000 | patience=50
[2026-05-29 13:10:44] Device:        cpu
[2026-05-29 13:10:44] ======================================================================
[2026-05-29 13:10:44] \nSubject 1: 40 windows | class_counts=[20, 20]

[2026-05-29 13:10:45] Fold 1/5 | subject=1
[2026-05-29 13:10:45]     Train: 32 | counts=[16, 16]
[2026-05-29 13:10:45]     Test:  8 | counts=[4, 4]
[2026-05-29 13:10:45]     Model: SignalJEPA_PreLocal | Pretrained: from_pretrained | Strategy: new
[2026-05-29 13:10:45]     Normalization: none | fit_scope=none
[2026-05-29 13:10:45]     Phase 1 (new): 2,170/16,010 params
[2026-05-29 13:10:47]     Result | best_epoch=91 | stop=139 | final_phase_epochs=139 | acc=0.5000 | bal_acc=0.5000 | pred_hist=[4, 4] | collapse=False
[2026-05-29 13:10:47]     spatial_conv=[4, 29] top_abs_channels=[('O1', 0.17744631), ('Pz', 0.14609787), ('CP3', 0.13401893), ('Fp1', 0.12168204), ('T4', 0.12118441), ('TP7', 0.11659196), ('F4', 0.11531439), ('FCz', 0.11256619)]
[2026-05-29 13:10:47]     spatial_update=delta_l2=0.49622710 max_abs=0.12499545 relative=0.41578194 changed=True

[2026-05-29 13:10:47] Fold 2/5 | subject=1
[2026-05-29 13:10:47]     Train: 32 | counts=[16, 16]
[2026-05-29 13:10:47]     Test:  8 | counts=[4, 4]
[2026-05-29 13:10:47]     Model: SignalJEPA_PreLocal | Pretrained: from_pretrained | Strategy: new
[2026-05-29 13:10:47]     Normalization: none | fit_scope=none
[2026-05-29 13:10:47]     Phase 1 (new): 2,170/16,010 params
[2026-05-29 13:10:48]     Result | best_epoch=54 | stop=103 | final_phase_epochs=103 | acc=0.3750 | bal_acc=0.3750 | pred_hist=[5, 3] | collapse=False
[2026-05-29 13:10:48]     spatial_conv=[4, 29] top_abs_channels=[('O1', 0.15013517), ('O2', 0.13761483), ('Fp1', 0.13297126), ('C3', 0.13239709), ('Pz', 0.12616089), ('Fz', 0.12602139), ('CP3', 0.11928011), ('CP4', 0.11845002)]
[2026-05-29 13:10:48]     spatial_update=delta_l2=0.28792566 max_abs=0.06579202 relative=0.24124900 changed=True

[2026-05-29 13:10:49] Fold 3/5 | subject=1
[2026-05-29 13:10:49]     Train: 32 | counts=[16, 16]
[2026-05-29 13:10:49]     Test:  8 | counts=[4, 4]
[2026-05-29 13:10:49]     Model: SignalJEPA_PreLocal | Pretrained: from_pretrained | Strategy: new
[2026-05-29 13:10:49]     Normalization: none | fit_scope=none
[2026-05-29 13:10:49]     Phase 1 (new): 2,170/16,010 params
[2026-05-29 13:10:49]     Result | best_epoch=1 | stop=51 | final_phase_epochs=51 | acc=0.3750 | bal_acc=0.3750 | pred_hist=[1, 7] | collapse=False
[2026-05-29 13:10:49]     spatial_conv=[4, 29] top_abs_channels=[('Pz', 0.15264775), ('O2', 0.14393376), ('T3', 0.12730384), ('O1', 0.12223013), ('T4', 0.12200122), ('CP3', 0.12108116), ('C3', 0.1155204), ('CP4', 0.11113198)]
[2026-05-29 13:10:49]     spatial_update=delta_l2=0.00846132 max_abs=0.00119951 relative=0.00708963 changed=True

[2026-05-29 13:10:49] Fold 4/5 | subject=1
[2026-05-29 13:10:49]     Train: 32 | counts=[16, 16]
[2026-05-29 13:10:49]     Test:  8 | counts=[4, 4]
[2026-05-29 13:10:49]     Model: SignalJEPA_PreLocal | Pretrained: from_pretrained | Strategy: new
[2026-05-29 13:10:49]     Normalization: none | fit_scope=none
[2026-05-29 13:10:49]     Phase 1 (new): 2,170/16,010 params
[2026-05-29 13:10:52]     Result | best_epoch=199 | stop=249 | final_phase_epochs=249 | acc=0.6250 | bal_acc=0.6250 | pred_hist=[5, 3] | collapse=False
[2026-05-29 13:10:52]     spatial_conv=[4, 29] top_abs_channels=[('C3', 0.17498256), ('C4', 0.13822049), ('Pz', 0.13398279), ('F4', 0.1294487), ('T3', 0.12472781), ('T4', 0.12138138), ('CP3', 0.11919455), ('Fp1', 0.11914648)]
[2026-05-29 13:10:52]     spatial_update=delta_l2=0.76730504 max_abs=0.18839957 relative=0.64291447 changed=True

[2026-05-29 13:10:52] Fold 5/5 | subject=1
[2026-05-29 13:10:52]     Train: 32 | counts=[16, 16]
[2026-05-29 13:10:52]     Test:  8 | counts=[4, 4]
[2026-05-29 13:10:52]     Model: SignalJEPA_PreLocal | Pretrained: from_pretrained | Strategy: new
[2026-05-29 13:10:52]     Normalization: none | fit_scope=none
[2026-05-29 13:10:52]     Phase 1 (new): 2,170/16,010 params
[2026-05-29 13:10:53]     Result | best_epoch=1 | stop=51 | final_phase_epochs=51 | acc=0.5000 | bal_acc=0.5000 | pred_hist=[0, 8] | collapse=True
[2026-05-29 13:10:53]     spatial_conv=[4, 29] top_abs_channels=[('Pz', 0.1529284), ('O2', 0.14400765), ('T3', 0.12625338), ('O1', 0.12249282), ('T4', 0.12194218), ('CP3', 0.12071191), ('C3', 0.11597388), ('CP4', 0.11086764)]
[2026-05-29 13:10:53]     spatial_update=delta_l2=0.00909905 max_abs=0.00120102 relative=0.00762397 changed=True
[2026-05-29 13:10:53]   Subject 1: acc=0.4750±0.0935  bal_acc=0.4750±0.0935
[2026-05-29 13:10:53] \nSubject 2: 40 windows | class_counts=[20, 20]

[2026-05-29 13:10:53] Fold 1/5 | subject=2
[2026-05-29 13:10:53]     Train: 32 | counts=[16, 16]
[2026-05-29 13:10:53]     Test:  8 | counts=[4, 4]
[2026-05-29 13:10:53]     Model: SignalJEPA_PreLocal | Pretrained: from_pretrained | Strategy: new
[2026-05-29 13:10:53]     Normalization: none | fit_scope=none
[2026-05-29 13:10:53]     Phase 1 (new): 2,170/16,010 params
[2026-05-29 13:10:55]     Result | best_epoch=155 | stop=205 | final_phase_epochs=205 | acc=0.6250 | bal_acc=0.6250 | pred_hist=[5, 3] | collapse=False
[2026-05-29 13:10:55]     spatial_conv=[4, 29] top_abs_channels=[('T3', 0.15339169), ('Fz', 0.15127091), ('CP3', 0.14362636), ('O2', 0.13634932), ('Pz', 0.1336083), ('F7', 0.12710966), ('T6', 0.1235921), ('Cz', 0.12176298)]
[2026-05-29 13:10:55]     spatial_update=delta_l2=0.78256087 max_abs=0.18104915 relative=0.65569711 changed=True

[2026-05-29 13:10:56] Fold 2/5 | subject=2
[2026-05-29 13:10:56]     Train: 32 | counts=[16, 16]
[2026-05-29 13:10:56]     Test:  8 | counts=[4, 4]
[2026-05-29 13:10:56]     Model: SignalJEPA_PreLocal | Pretrained: from_pretrained | Strategy: new
[2026-05-29 13:10:56]     Normalization: none | fit_scope=none
[2026-05-29 13:10:56]     Phase 1 (new): 2,170/16,010 params
[2026-05-29 13:10:57]     Result | best_epoch=89 | stop=139 | final_phase_epochs=139 | acc=0.8750 | bal_acc=0.8750 | pred_hist=[5, 3] | collapse=False
[2026-05-29 13:10:57]     spatial_conv=[4, 29] top_abs_channels=[('T3', 0.17627554), ('Pz', 0.15486324), ('CP3', 0.14903165), ('O1', 0.1329899), ('T4', 0.12500422), ('Fz', 0.12250686), ('C3', 0.11918958), ('O2', 0.11880586)]
[2026-05-29 13:10:57]     spatial_update=delta_l2=0.41499739 max_abs=0.10197440 relative=0.34772067 changed=True

[2026-05-29 13:10:58] Fold 3/5 | subject=2
[2026-05-29 13:10:58]     Train: 32 | counts=[16, 16]
[2026-05-29 13:10:58]     Test:  8 | counts=[4, 4]
[2026-05-29 13:10:58]     Model: SignalJEPA_PreLocal | Pretrained: from_pretrained | Strategy: new
[2026-05-29 13:10:58]     Normalization: none | fit_scope=none
[2026-05-29 13:10:58]     Phase 1 (new): 2,170/16,010 params
[2026-05-29 13:11:00]     Result | best_epoch=178 | stop=228 | final_phase_epochs=228 | acc=0.7500 | bal_acc=0.7500 | pred_hist=[2, 6] | collapse=False
[2026-05-29 13:11:00]     spatial_conv=[4, 29] top_abs_channels=[('T3', 0.17010558), ('CP3', 0.16370323), ('Pz', 0.15607724), ('F7', 0.14941758), ('T5', 0.13328411), ('Fz', 0.11894372), ('O2', 0.11831504), ('P4', 0.11467485)]
[2026-05-29 13:11:00]     spatial_update=delta_l2=0.75939367 max_abs=0.21157660 relative=0.63628564 changed=True

[2026-05-29 13:11:01] Fold 4/5 | subject=2
[2026-05-29 13:11:01]     Train: 32 | counts=[16, 16]
[2026-05-29 13:11:01]     Test:  8 | counts=[4, 4]
[2026-05-29 13:11:01]     Model: SignalJEPA_PreLocal | Pretrained: from_pretrained | Strategy: new
[2026-05-29 13:11:01]     Normalization: none | fit_scope=none
[2026-05-29 13:11:01]     Phase 1 (new): 2,170/16,010 params
[2026-05-29 13:11:02]     Result | best_epoch=25 | stop=73 | final_phase_epochs=73 | acc=0.8750 | bal_acc=0.8750 | pred_hist=[5, 3] | collapse=False
[2026-05-29 13:11:02]     spatial_conv=[4, 29] top_abs_channels=[('Pz', 0.16159999), ('T3', 0.13454539), ('O1', 0.13201264), ('O2', 0.13023506), ('T4', 0.12975711), ('CP3', 0.12488464), ('Fp1', 0.1234951), ('CP4', 0.11570107)]
[2026-05-29 13:11:02]     spatial_update=delta_l2=0.15275914 max_abs=0.02897071 relative=0.12799481 changed=True

[2026-05-29 13:11:02] Fold 5/5 | subject=2
[2026-05-29 13:11:02]     Train: 32 | counts=[16, 16]
[2026-05-29 13:11:02]     Test:  8 | counts=[4, 4]
[2026-05-29 13:11:02]     Model: SignalJEPA_PreLocal | Pretrained: from_pretrained | Strategy: new
[2026-05-29 13:11:02]     Normalization: none | fit_scope=none
[2026-05-29 13:11:02]     Phase 1 (new): 2,170/16,010 params
[2026-05-29 13:11:03]     Result | best_epoch=11 | stop=61 | final_phase_epochs=61 | acc=0.6250 | bal_acc=0.6250 | pred_hist=[3, 5] | collapse=False
[2026-05-29 13:11:03]     spatial_conv=[4, 29] top_abs_channels=[('Pz', 0.15542018), ('O2', 0.14146112), ('T3', 0.13114569), ('O1', 0.12728764), ('T4', 0.12363254), ('CP3', 0.12138113), ('C3', 0.114436), ('Fp1', 0.11299177)]
[2026-05-29 13:11:03]     spatial_update=delta_l2=0.07857155 max_abs=0.01262122 relative=0.06583403 changed=True
[2026-05-29 13:11:03]   Subject 2: acc=0.7500±0.1118  bal_acc=0.7500±0.1118
[2026-05-29 13:11:03] \nSubject 3: 40 windows | class_counts=[20, 20]

[2026-05-29 13:11:03] Fold 1/5 | subject=3
[2026-05-29 13:11:03]     Train: 32 | counts=[16, 16]
[2026-05-29 13:11:03]     Test:  8 | counts=[4, 4]
[2026-05-29 13:11:03]     Model: SignalJEPA_PreLocal | Pretrained: from_pretrained | Strategy: new
[2026-05-29 13:11:03]     Normalization: none | fit_scope=none
[2026-05-29 13:11:03]     Phase 1 (new): 2,170/16,010 params
[2026-05-29 13:11:09]     Result | best_epoch=417 | stop=467 | final_phase_epochs=467 | acc=0.7500 | bal_acc=0.7500 | pred_hist=[4, 4] | collapse=False
[2026-05-29 13:11:09]     spatial_conv=[4, 29] top_abs_channels=[('Fz', 0.16532065), ('CP3', 0.16098422), ('C3', 0.15842448), ('P3', 0.1469101), ('Pz', 0.14407486), ('F4', 0.12959564), ('Oz', 0.12249204), ('CP4', 0.121216)]
[2026-05-29 13:11:09]     spatial_update=delta_l2=1.23552321 max_abs=0.24406639 relative=1.03522810 changed=True

[2026-05-29 13:11:09] Fold 2/5 | subject=3
[2026-05-29 13:11:09]     Train: 32 | counts=[16, 16]
[2026-05-29 13:11:09]     Test:  8 | counts=[4, 4]
[2026-05-29 13:11:09]     Model: SignalJEPA_PreLocal | Pretrained: from_pretrained | Strategy: new
[2026-05-29 13:11:09]     Normalization: none | fit_scope=none
[2026-05-29 13:11:09]     Phase 1 (new): 2,170/16,010 params
[2026-05-29 13:11:12]     Result | best_epoch=199 | stop=249 | final_phase_epochs=249 | acc=0.3750 | bal_acc=0.3750 | pred_hist=[3, 5] | collapse=False
[2026-05-29 13:11:12]     spatial_conv=[4, 29] top_abs_channels=[('T5', 0.22044912), ('C3', 0.16011646), ('F3', 0.13813776), ('CP4', 0.1371793), ('O2', 0.13614379), ('P4', 0.12976751), ('O1', 0.10675424), ('F4', 0.10647817)]
[2026-05-29 13:11:12]     spatial_update=delta_l2=0.95859054 max_abs=0.22644942 relative=0.80318998 changed=True

[2026-05-29 13:11:13] Fold 3/5 | subject=3
[2026-05-29 13:11:13]     Train: 32 | counts=[16, 16]
[2026-05-29 13:11:13]     Test:  8 | counts=[4, 4]
[2026-05-29 13:11:13]     Model: SignalJEPA_PreLocal | Pretrained: from_pretrained | Strategy: new
[2026-05-29 13:11:13]     Normalization: none | fit_scope=none
[2026-05-29 13:11:13]     Phase 1 (new): 2,170/16,010 params
[2026-05-29 13:11:14]     Result | best_epoch=145 | stop=195 | final_phase_epochs=195 | acc=0.5000 | bal_acc=0.5000 | pred_hist=[2, 6] | collapse=False
[2026-05-29 13:11:14]     spatial_conv=[4, 29] top_abs_channels=[('CP3', 0.15278408), ('Pz', 0.14552163), ('F7', 0.14258784), ('O2', 0.13589782), ('P4', 0.13213041), ('CP4', 0.13147846), ('Fz', 0.12315034), ('FCz', 0.11306674)]
[2026-05-29 13:11:14]     spatial_update=delta_l2=0.86503400 max_abs=0.16721047 relative=0.72480023 changed=True

[2026-05-29 13:11:15] Fold 4/5 | subject=3
[2026-05-29 13:11:15]     Train: 32 | counts=[16, 16]
[2026-05-29 13:11:15]     Test:  8 | counts=[4, 4]
[2026-05-29 13:11:15]     Model: SignalJEPA_PreLocal | Pretrained: from_pretrained | Strategy: new
[2026-05-29 13:11:15]     Normalization: none | fit_scope=none
[2026-05-29 13:11:15]     Phase 1 (new): 2,170/16,010 params
[2026-05-29 13:11:20]     Result | best_epoch=470 | stop=520 | final_phase_epochs=520 | acc=0.8750 | bal_acc=0.8750 | pred_hist=[3, 5] | collapse=False
[2026-05-29 13:11:20]     spatial_conv=[4, 29] top_abs_channels=[('P4', 0.17915198), ('CP4', 0.16993795), ('T5', 0.16538155), ('FC3', 0.14713576), ('P3', 0.14554667), ('TP7', 0.14378099), ('C3', 0.13409996), ('F4', 0.11930209)]
[2026-05-29 13:11:20]     spatial_update=delta_l2=1.32428020 max_abs=0.31903154 relative=1.10959638 changed=True

[2026-05-29 13:11:20] Fold 5/5 | subject=3
[2026-05-29 13:11:20]     Train: 32 | counts=[16, 16]
[2026-05-29 13:11:20]     Test:  8 | counts=[4, 4]
[2026-05-29 13:11:20]     Model: SignalJEPA_PreLocal | Pretrained: from_pretrained | Strategy: new
[2026-05-29 13:11:20]     Normalization: none | fit_scope=none
[2026-05-29 13:11:20]     Phase 1 (new): 2,170/16,010 params
[2026-05-29 13:11:25]     Result | best_epoch=437 | stop=487 | final_phase_epochs=487 | acc=0.6250 | bal_acc=0.6250 | pred_hist=[7, 1] | collapse=False
[2026-05-29 13:11:25]     spatial_conv=[4, 29] top_abs_channels=[('CP3', 0.27229172), ('C4', 0.16636893), ('Fz', 0.16282222), ('F7', 0.14345549), ('F4', 0.12420323), ('CP4', 0.12390836), ('TP7', 0.12104721), ('FCz', 0.11334539)]
[2026-05-29 13:11:25]     spatial_update=delta_l2=1.30056727 max_abs=0.34864417 relative=1.08972764 changed=True
[2026-05-29 13:11:25]   Subject 3: acc=0.6250±0.1768  bal_acc=0.6250±0.1768
[2026-05-29 13:11:25] \nSubject 4: 40 windows | class_counts=[20, 20]

[2026-05-29 13:11:25] Fold 1/5 | subject=4
[2026-05-29 13:11:25]     Train: 32 | counts=[16, 16]
[2026-05-29 13:11:25]     Test:  8 | counts=[4, 4]
[2026-05-29 13:11:25]     Model: SignalJEPA_PreLocal | Pretrained: from_pretrained | Strategy: new
[2026-05-29 13:11:25]     Normalization: none | fit_scope=none
[2026-05-29 13:11:25]     Phase 1 (new): 2,170/16,010 params
[2026-05-29 13:11:26]     Result | best_epoch=1 | stop=51 | final_phase_epochs=51 | acc=0.3750 | bal_acc=0.3750 | pred_hist=[1, 7] | collapse=False
[2026-05-29 13:11:26]     spatial_conv=[4, 29] top_abs_channels=[('Pz', 0.15325144), ('O2', 0.14432263), ('T3', 0.12679386), ('O1', 0.12192789), ('T4', 0.12146401), ('CP3', 0.12099395), ('C3', 0.11513808), ('CP4', 0.11125942)]
[2026-05-29 13:11:26]     spatial_update=delta_l2=0.00855185 max_abs=0.00117771 relative=0.00716548 changed=True

[2026-05-29 13:11:26] Fold 2/5 | subject=4
[2026-05-29 13:11:26]     Train: 32 | counts=[16, 16]
[2026-05-29 13:11:26]     Test:  8 | counts=[4, 4]
[2026-05-29 13:11:26]     Model: SignalJEPA_PreLocal | Pretrained: from_pretrained | Strategy: new
[2026-05-29 13:11:26]     Normalization: none | fit_scope=none
[2026-05-29 13:11:26]     Phase 1 (new): 2,170/16,010 params
[2026-05-29 13:11:27]     Result | best_epoch=77 | stop=125 | final_phase_epochs=125 | acc=0.5000 | bal_acc=0.5000 | pred_hist=[4, 4] | collapse=False
[2026-05-29 13:11:27]     spatial_conv=[4, 29] top_abs_channels=[('O2', 0.16058341), ('Pz', 0.14217806), ('T4', 0.13673925), ('T3', 0.13127129), ('C3', 0.11879309), ('P3', 0.118773), ('CP3', 0.11712986), ('P4', 0.11514789)]
[2026-05-29 13:11:27]     spatial_update=delta_l2=0.33262666 max_abs=0.07637903 relative=0.27870336 changed=True

[2026-05-29 13:11:28] Fold 3/5 | subject=4
[2026-05-29 13:11:28]     Train: 32 | counts=[16, 16]
[2026-05-29 13:11:28]     Test:  8 | counts=[4, 4]
[2026-05-29 13:11:28]     Model: SignalJEPA_PreLocal | Pretrained: from_pretrained | Strategy: new
[2026-05-29 13:11:28]     Normalization: none | fit_scope=none
[2026-05-29 13:11:28]     Phase 1 (new): 2,170/16,010 params
[2026-05-29 13:11:50]     Result | best_epoch=2161 | stop=2211 | final_phase_epochs=2211 | acc=0.6250 | bal_acc=0.6250 | pred_hist=[3, 5] | collapse=False
[2026-05-29 13:11:50]     spatial_conv=[4, 29] top_abs_channels=[('Fz', 0.18698874), ('P3', 0.17712644), ('T6', 0.16847721), ('C3', 0.16699854), ('Pz', 0.13886993), ('P4', 0.13778812), ('FC4', 0.13225766), ('Oz', 0.12514213)]
[2026-05-29 13:11:50]     spatial_update=delta_l2=1.34459547 max_abs=0.31612016 relative=1.12661827 changed=True

[2026-05-29 13:11:50] Fold 4/5 | subject=4
[2026-05-29 13:11:50]     Train: 32 | counts=[16, 16]
[2026-05-29 13:11:50]     Test:  8 | counts=[4, 4]
[2026-05-29 13:11:50]     Model: SignalJEPA_PreLocal | Pretrained: from_pretrained | Strategy: new
[2026-05-29 13:11:50]     Normalization: none | fit_scope=none
[2026-05-29 13:11:50]     Phase 1 (new): 2,170/16,010 params
[2026-05-29 13:11:55]     Result | best_epoch=404 | stop=454 | final_phase_epochs=454 | acc=0.6250 | bal_acc=0.6250 | pred_hist=[5, 3] | collapse=False
[2026-05-29 13:11:55]     spatial_conv=[4, 29] top_abs_channels=[('FC4', 0.21021213), ('F4', 0.15975195), ('CP4', 0.15899733), ('C3', 0.15364541), ('C4', 0.15141058), ('O2', 0.14461501), ('Fz', 0.12136398), ('T3', 0.11667791)]
[2026-05-29 13:11:55]     spatial_update=delta_l2=1.02452936 max_abs=0.28756368 relative=0.85843922 changed=True

[2026-05-29 13:11:56] Fold 5/5 | subject=4
[2026-05-29 13:11:56]     Train: 32 | counts=[16, 16]
[2026-05-29 13:11:56]     Test:  8 | counts=[4, 4]
[2026-05-29 13:11:56]     Model: SignalJEPA_PreLocal | Pretrained: from_pretrained | Strategy: new
[2026-05-29 13:11:56]     Normalization: none | fit_scope=none
[2026-05-29 13:11:56]     Phase 1 (new): 2,170/16,010 params
[2026-05-29 13:11:57]     Result | best_epoch=1 | stop=51 | final_phase_epochs=51 | acc=0.5000 | bal_acc=0.5000 | pred_hist=[0, 8] | collapse=True
[2026-05-29 13:11:57]     spatial_conv=[4, 29] top_abs_channels=[('Pz', 0.15316656), ('O2', 0.14446816), ('T3', 0.12707558), ('O1', 0.12199827), ('T4', 0.12130904), ('CP3', 0.12069453), ('C3', 0.11505888), ('CP4', 0.11072585)]
[2026-05-29 13:11:57]     spatial_update=delta_l2=0.00964171 max_abs=0.00120190 relative=0.00807865 changed=True
[2026-05-29 13:11:57]   Subject 4: acc=0.5250±0.0935  bal_acc=0.5250±0.0935
[2026-05-29 13:11:57] \nSubject 5: 40 windows | class_counts=[20, 20]

[2026-05-29 13:11:57] Fold 1/5 | subject=5
[2026-05-29 13:11:57]     Train: 32 | counts=[16, 16]
[2026-05-29 13:11:57]     Test:  8 | counts=[4, 4]
[2026-05-29 13:11:57]     Model: SignalJEPA_PreLocal | Pretrained: from_pretrained | Strategy: new
[2026-05-29 13:11:57]     Normalization: none | fit_scope=none
[2026-05-29 13:11:57]     Phase 1 (new): 2,170/16,010 params
[2026-05-29 13:11:58]     Result | best_epoch=1 | stop=51 | final_phase_epochs=51 | acc=0.5000 | bal_acc=0.5000 | pred_hist=[0, 8] | collapse=True
[2026-05-29 13:11:58]     spatial_conv=[4, 29] top_abs_channels=[('Pz', 0.15310338), ('O2', 0.14476831), ('T3', 0.12696183), ('T4', 0.12191794), ('O1', 0.12186938), ('CP3', 0.12088726), ('C3', 0.1154184), ('CP4', 0.11032661)]
[2026-05-29 13:11:58]     spatial_update=delta_l2=0.00856147 max_abs=0.00120098 relative=0.00717354 changed=True

[2026-05-29 13:11:58] Fold 2/5 | subject=5
[2026-05-29 13:11:58]     Train: 32 | counts=[16, 16]
[2026-05-29 13:11:58]     Test:  8 | counts=[4, 4]
[2026-05-29 13:11:58]     Model: SignalJEPA_PreLocal | Pretrained: from_pretrained | Strategy: new
[2026-05-29 13:11:58]     Normalization: none | fit_scope=none
[2026-05-29 13:11:58]     Phase 1 (new): 2,170/16,010 params
[2026-05-29 13:11:59]     Result | best_epoch=1 | stop=51 | final_phase_epochs=51 | acc=0.5000 | bal_acc=0.5000 | pred_hist=[0, 8] | collapse=True
[2026-05-29 13:11:59]     spatial_conv=[4, 29] top_abs_channels=[('Pz', 0.15383615), ('O2', 0.14459981), ('T3', 0.12664081), ('O1', 0.12245302), ('T4', 0.12235387), ('CP3', 0.12117609), ('C3', 0.11531463), ('CP4', 0.11036955)]
[2026-05-29 13:11:59]     spatial_update=delta_l2=0.00844115 max_abs=0.00119708 relative=0.00707272 changed=True

[2026-05-29 13:11:59] Fold 3/5 | subject=5
[2026-05-29 13:11:59]     Train: 32 | counts=[16, 16]
[2026-05-29 13:11:59]     Test:  8 | counts=[4, 4]
[2026-05-29 13:11:59]     Model: SignalJEPA_PreLocal | Pretrained: from_pretrained | Strategy: new
[2026-05-29 13:11:59]     Normalization: none | fit_scope=none
[2026-05-29 13:11:59]     Phase 1 (new): 2,170/16,010 params
[2026-05-29 13:12:27]     Result | best_epoch=2540 | stop=2590 | final_phase_epochs=2590 | acc=0.3750 | bal_acc=0.3750 | pred_hist=[5, 3] | collapse=False
[2026-05-29 13:12:27]     spatial_conv=[4, 29] top_abs_channels=[('CP4', 0.20064667), ('TP8', 0.13800529), ('C4', 0.12180573), ('T5', 0.11958534), ('FCz', 0.11861353), ('T6', 0.11036687), ('Fz', 0.10933757), ('Oz', 0.10558887)]
[2026-05-29 13:12:27]     spatial_update=delta_l2=1.13523751 max_abs=0.24087766 relative=0.95120008 changed=True

[2026-05-29 13:12:28] Fold 4/5 | subject=5
[2026-05-29 13:12:28]     Train: 32 | counts=[16, 16]
[2026-05-29 13:12:28]     Test:  8 | counts=[4, 4]
[2026-05-29 13:12:28]     Model: SignalJEPA_PreLocal | Pretrained: from_pretrained | Strategy: new
[2026-05-29 13:12:28]     Normalization: none | fit_scope=none
[2026-05-29 13:12:28]     Phase 1 (new): 2,170/16,010 params
[2026-05-29 13:12:29]     Result | best_epoch=32 | stop=75 | final_phase_epochs=75 | acc=0.5000 | bal_acc=0.5000 | pred_hist=[2, 6] | collapse=False
[2026-05-29 13:12:29]     spatial_conv=[4, 29] top_abs_channels=[('O2', 0.15773191), ('Pz', 0.14604455), ('T4', 0.13092847), ('T3', 0.12723182), ('O1', 0.12630156), ('C3', 0.1134987), ('CP3', 0.11183983), ('CP4', 0.11129765)]
[2026-05-29 13:12:29]     spatial_update=delta_l2=0.16316658 max_abs=0.02970856 relative=0.13671506 changed=True

[2026-05-29 13:12:29] Fold 5/5 | subject=5
[2026-05-29 13:12:29]     Train: 32 | counts=[16, 16]
[2026-05-29 13:12:29]     Test:  8 | counts=[4, 4]
[2026-05-29 13:12:29]     Model: SignalJEPA_PreLocal | Pretrained: from_pretrained | Strategy: new
[2026-05-29 13:12:29]     Normalization: none | fit_scope=none
[2026-05-29 13:12:29]     Phase 1 (new): 2,170/16,010 params
[2026-05-29 13:12:30]     Result | best_epoch=1 | stop=51 | final_phase_epochs=51 | acc=0.5000 | bal_acc=0.5000 | pred_hist=[0, 8] | collapse=True
[2026-05-29 13:12:30]     spatial_conv=[4, 29] top_abs_channels=[('Pz', 0.15282275), ('O2', 0.14469081), ('T3', 0.12654781), ('O1', 0.12251581), ('T4', 0.12216419), ('CP3', 0.12161347), ('C3', 0.11540899), ('CP4', 0.11016784)]
[2026-05-29 13:12:30]     spatial_update=delta_l2=0.00883081 max_abs=0.00119200 relative=0.00739922 changed=True
[2026-05-29 13:12:30]   Subject 5: acc=0.4750±0.0500  bal_acc=0.4750±0.0500
[2026-05-29 13:12:30] \nSubject 6: 40 windows | class_counts=[20, 20]

[2026-05-29 13:12:30] Fold 1/5 | subject=6
[2026-05-29 13:12:30]     Train: 32 | counts=[16, 16]
[2026-05-29 13:12:30]     Test:  8 | counts=[4, 4]
[2026-05-29 13:12:30]     Model: SignalJEPA_PreLocal | Pretrained: from_pretrained | Strategy: new
[2026-05-29 13:12:30]     Normalization: none | fit_scope=none
[2026-05-29 13:12:30]     Phase 1 (new): 2,170/16,010 params
[2026-05-29 13:12:33]     Result | best_epoch=188 | stop=238 | final_phase_epochs=238 | acc=0.3750 | bal_acc=0.3750 | pred_hist=[3, 5] | collapse=False
[2026-05-29 13:12:33]     spatial_conv=[4, 29] top_abs_channels=[('CP3', 0.15183997), ('T3', 0.14807366), ('CP4', 0.14605407), ('C4', 0.14305286), ('Fp2', 0.13874322), ('O2', 0.13201834), ('F4', 0.12900248), ('P4', 0.12317826)]
[2026-05-29 13:12:33]     spatial_update=delta_l2=0.77316409 max_abs=0.17252939 relative=0.64782368 changed=True

[2026-05-29 13:12:34] Fold 2/5 | subject=6
[2026-05-29 13:12:34]     Train: 32 | counts=[16, 16]
[2026-05-29 13:12:34]     Test:  8 | counts=[4, 4]
[2026-05-29 13:12:34]     Model: SignalJEPA_PreLocal | Pretrained: from_pretrained | Strategy: new
[2026-05-29 13:12:34]     Normalization: none | fit_scope=none
[2026-05-29 13:12:34]     Phase 1 (new): 2,170/16,010 params
[2026-05-29 13:12:35]     Result | best_epoch=99 | stop=147 | final_phase_epochs=147 | acc=0.7500 | bal_acc=0.7500 | pred_hist=[6, 2] | collapse=False
[2026-05-29 13:12:35]     spatial_conv=[4, 29] top_abs_channels=[('Pz', 0.14299898), ('O2', 0.14254431), ('Fp1', 0.13216898), ('C3', 0.1316784), ('T3', 0.12915011), ('CP3', 0.12253681), ('O1', 0.12195904), ('F7', 0.11513726)]
[2026-05-29 13:12:35]     spatial_update=delta_l2=0.45982199 max_abs=0.10361313 relative=0.38527860 changed=True

[2026-05-29 13:12:36] Fold 3/5 | subject=6
[2026-05-29 13:12:36]     Train: 32 | counts=[16, 16]
[2026-05-29 13:12:36]     Test:  8 | counts=[4, 4]
[2026-05-29 13:12:36]     Model: SignalJEPA_PreLocal | Pretrained: from_pretrained | Strategy: new
[2026-05-29 13:12:36]     Normalization: none | fit_scope=none
[2026-05-29 13:12:36]     Phase 1 (new): 2,170/16,010 params
[2026-05-29 13:12:43]     Result | best_epoch=581 | stop=631 | final_phase_epochs=631 | acc=0.3750 | bal_acc=0.3750 | pred_hist=[5, 3] | collapse=False
[2026-05-29 13:12:43]     spatial_conv=[4, 29] top_abs_channels=[('C3', 0.18515891), ('CP3', 0.14525081), ('Fp1', 0.1365384), ('P3', 0.12531789), ('F3', 0.12224122), ('CP4', 0.12217556), ('C4', 0.11932784), ('FC3', 0.11638194)]
[2026-05-29 13:12:43]     spatial_update=delta_l2=1.07279135 max_abs=0.30293296 relative=0.89887729 changed=True

[2026-05-29 13:12:43] Fold 4/5 | subject=6
[2026-05-29 13:12:43]     Train: 32 | counts=[16, 16]
[2026-05-29 13:12:43]     Test:  8 | counts=[4, 4]
[2026-05-29 13:12:43]     Model: SignalJEPA_PreLocal | Pretrained: from_pretrained | Strategy: new
[2026-05-29 13:12:43]     Normalization: none | fit_scope=none
[2026-05-29 13:12:43]     Phase 1 (new): 2,170/16,010 params
[2026-05-29 13:12:44]     Result | best_epoch=3 | stop=53 | final_phase_epochs=53 | acc=0.5000 | bal_acc=0.5000 | pred_hist=[0, 8] | collapse=True
[2026-05-29 13:12:44]     spatial_conv=[4, 29] top_abs_channels=[('Pz', 0.15337911), ('O2', 0.14451772), ('T3', 0.12720434), ('O1', 0.12182184), ('CP3', 0.1214803), ('T4', 0.1213492), ('C3', 0.11465168), ('CP4', 0.11068539)]
[2026-05-29 13:12:44]     spatial_update=delta_l2=0.01920683 max_abs=0.00337049 relative=0.01609314 changed=True

[2026-05-29 13:12:44] Fold 5/5 | subject=6
[2026-05-29 13:12:44]     Train: 32 | counts=[16, 16]
[2026-05-29 13:12:44]     Test:  8 | counts=[4, 4]
[2026-05-29 13:12:44]     Model: SignalJEPA_PreLocal | Pretrained: from_pretrained | Strategy: new
[2026-05-29 13:12:44]     Normalization: none | fit_scope=none
[2026-05-29 13:12:44]     Phase 1 (new): 2,170/16,010 params
[2026-05-29 13:12:47]     Result | best_epoch=167 | stop=217 | final_phase_epochs=217 | acc=0.1250 | bal_acc=0.1250 | pred_hist=[5, 3] | collapse=False
[2026-05-29 13:12:47]     spatial_conv=[4, 29] top_abs_channels=[('T6', 0.14531651), ('O2', 0.14131774), ('Fp1', 0.13122135), ('T3', 0.13034005), ('Fz', 0.12619366), ('CP3', 0.12552401), ('Pz', 0.12244613), ('CP4', 0.11740782)]
[2026-05-29 13:12:47]     spatial_update=delta_l2=0.72525205 max_abs=0.20013785 relative=0.60767883 changed=True
[2026-05-29 13:12:47]   Subject 6: acc=0.4250±0.2031  bal_acc=0.4250±0.2031
[2026-05-29 13:12:47] \nSubject 7: 40 windows | class_counts=[20, 20]

[2026-05-29 13:12:47] Fold 1/5 | subject=7
[2026-05-29 13:12:47]     Train: 32 | counts=[16, 16]
[2026-05-29 13:12:47]     Test:  8 | counts=[4, 4]
[2026-05-29 13:12:47]     Model: SignalJEPA_PreLocal | Pretrained: from_pretrained | Strategy: new
[2026-05-29 13:12:47]     Normalization: none | fit_scope=none
[2026-05-29 13:12:47]     Phase 1 (new): 2,170/16,010 params
[2026-05-29 13:12:50]     Result | best_epoch=179 | stop=229 | final_phase_epochs=229 | acc=0.7500 | bal_acc=0.7500 | pred_hist=[4, 4] | collapse=False
[2026-05-29 13:12:50]     spatial_conv=[4, 29] top_abs_channels=[('CP4', 0.17333937), ('CP3', 0.16569436), ('Pz', 0.14000931), ('Fz', 0.13110994), ('Fp1', 0.12065691), ('FT8', 0.12060691), ('FT7', 0.11913599), ('P4', 0.1186981)]
[2026-05-29 13:12:50]     spatial_update=delta_l2=0.79322895 max_abs=0.19114626 relative=0.66463576 changed=True

[2026-05-29 13:12:51] Fold 2/5 | subject=7
[2026-05-29 13:12:51]     Train: 32 | counts=[16, 16]
[2026-05-29 13:12:51]     Test:  8 | counts=[4, 4]
[2026-05-29 13:12:51]     Model: SignalJEPA_PreLocal | Pretrained: from_pretrained | Strategy: new
[2026-05-29 13:12:51]     Normalization: none | fit_scope=none
[2026-05-29 13:12:51]     Phase 1 (new): 2,170/16,010 params
[2026-05-29 13:12:52]     Result | best_epoch=108 | stop=158 | final_phase_epochs=158 | acc=0.5000 | bal_acc=0.5000 | pred_hist=[6, 2] | collapse=False
[2026-05-29 13:12:52]     spatial_conv=[4, 29] top_abs_channels=[('CP3', 0.14226791), ('F8', 0.13318938), ('FT8', 0.12587693), ('O2', 0.12460922), ('CP4', 0.12384237), ('F4', 0.11974522), ('Pz', 0.11723165), ('Fp1', 0.11561916)]
[2026-05-29 13:12:52]     spatial_update=delta_l2=0.57077664 max_abs=0.13003789 relative=0.47824599 changed=True

[2026-05-29 13:12:53] Fold 3/5 | subject=7
[2026-05-29 13:12:53]     Train: 32 | counts=[16, 16]
[2026-05-29 13:12:53]     Test:  8 | counts=[4, 4]
[2026-05-29 13:12:53]     Model: SignalJEPA_PreLocal | Pretrained: from_pretrained | Strategy: new
[2026-05-29 13:12:53]     Normalization: none | fit_scope=none
[2026-05-29 13:12:53]     Phase 1 (new): 2,170/16,010 params
[2026-05-29 13:12:57]     Result | best_epoch=271 | stop=321 | final_phase_epochs=321 | acc=0.7500 | bal_acc=0.7500 | pred_hist=[4, 4] | collapse=False
[2026-05-29 13:12:57]     spatial_conv=[4, 29] top_abs_channels=[('CP4', 0.17706299), ('O2', 0.15923513), ('CP3', 0.14829595), ('Pz', 0.13220859), ('P4', 0.12383832), ('FT7', 0.1231081), ('F8', 0.11857004), ('FT8', 0.11131778)]
[2026-05-29 13:12:57]     spatial_update=delta_l2=0.82312382 max_abs=0.21246894 relative=0.68968426 changed=True

[2026-05-29 13:12:57] Fold 4/5 | subject=7
[2026-05-29 13:12:57]     Train: 32 | counts=[16, 16]
[2026-05-29 13:12:57]     Test:  8 | counts=[4, 4]
[2026-05-29 13:12:57]     Model: SignalJEPA_PreLocal | Pretrained: from_pretrained | Strategy: new
[2026-05-29 13:12:57]     Normalization: none | fit_scope=none
[2026-05-29 13:12:57]     Phase 1 (new): 2,170/16,010 params
[2026-05-29 13:13:10]     Result | best_epoch=1154 | stop=1204 | final_phase_epochs=1204 | acc=0.3750 | bal_acc=0.3750 | pred_hist=[3, 5] | collapse=False
[2026-05-29 13:13:10]     spatial_conv=[4, 29] top_abs_channels=[('CP3', 0.2071597), ('TP7', 0.19149306), ('P3', 0.18969473), ('F4', 0.16745852), ('Pz', 0.12759571), ('T5', 0.1223726), ('CP4', 0.11900783), ('C4', 0.10423946)]
[2026-05-29 13:13:10]     spatial_update=delta_l2=1.43357353 max_abs=0.51391289 relative=1.20117177 changed=True

[2026-05-29 13:13:11] Fold 5/5 | subject=7
[2026-05-29 13:13:11]     Train: 32 | counts=[16, 16]
[2026-05-29 13:13:11]     Test:  8 | counts=[4, 4]
[2026-05-29 13:13:11]     Model: SignalJEPA_PreLocal | Pretrained: from_pretrained | Strategy: new
[2026-05-29 13:13:11]     Normalization: none | fit_scope=none
[2026-05-29 13:13:11]     Phase 1 (new): 2,170/16,010 params
[2026-05-29 13:13:13]     Result | best_epoch=147 | stop=196 | final_phase_epochs=196 | acc=0.6250 | bal_acc=0.6250 | pred_hist=[3, 5] | collapse=False
[2026-05-29 13:13:13]     spatial_conv=[4, 29] top_abs_channels=[('Pz', 0.1658635), ('CP3', 0.15396309), ('CP4', 0.14402965), ('FT7', 0.1305615), ('FT8', 0.12939118), ('F8', 0.12521568), ('Fp1', 0.12375172), ('F3', 0.12121619)]
[2026-05-29 13:13:13]     spatial_update=delta_l2=0.67662542 max_abs=0.16850922 relative=0.56693524 changed=True
[2026-05-29 13:13:13]   Subject 7: acc=0.6000±0.1458  bal_acc=0.6000±0.1458
[2026-05-29 13:13:13] \nSubject 8: 40 windows | class_counts=[20, 20]

[2026-05-29 13:13:14] Fold 1/5 | subject=8
[2026-05-29 13:13:14]     Train: 32 | counts=[16, 16]
[2026-05-29 13:13:14]     Test:  8 | counts=[4, 4]
[2026-05-29 13:13:14]     Model: SignalJEPA_PreLocal | Pretrained: from_pretrained | Strategy: new
[2026-05-29 13:13:14]     Normalization: none | fit_scope=none
[2026-05-29 13:13:14]     Phase 1 (new): 2,170/16,010 params
[2026-05-29 13:13:16]     Result | best_epoch=152 | stop=202 | final_phase_epochs=202 | acc=0.5000 | bal_acc=0.5000 | pred_hist=[6, 2] | collapse=False
[2026-05-29 13:13:16]     spatial_conv=[4, 29] top_abs_channels=[('TP7', 0.16295566), ('CP3', 0.1562103), ('TP8', 0.1515024), ('Pz', 0.13015346), ('C3', 0.12993386), ('T5', 0.12788643), ('Fz', 0.12524591), ('P4', 0.12482993)]
[2026-05-29 13:13:16]     spatial_update=delta_l2=0.74021044 max_abs=0.22890510 relative=0.62021227 changed=True

[2026-05-29 13:13:17] Fold 2/5 | subject=8
[2026-05-29 13:13:17]     Train: 32 | counts=[16, 16]
[2026-05-29 13:13:17]     Test:  8 | counts=[4, 4]
[2026-05-29 13:13:17]     Model: SignalJEPA_PreLocal | Pretrained: from_pretrained | Strategy: new
[2026-05-29 13:13:17]     Normalization: none | fit_scope=none
[2026-05-29 13:13:17]     Phase 1 (new): 2,170/16,010 params
[2026-05-29 13:13:18]     Result | best_epoch=92 | stop=142 | final_phase_epochs=142 | acc=0.7500 | bal_acc=0.7500 | pred_hist=[4, 4] | collapse=False
[2026-05-29 13:13:18]     spatial_conv=[4, 29] top_abs_channels=[('CP4', 0.14768568), ('Pz', 0.13920499), ('C3', 0.13167788), ('CP3', 0.13128465), ('T4', 0.1216775), ('P4', 0.1211978), ('T3', 0.12052901), ('O1', 0.11674954)]
[2026-05-29 13:13:18]     spatial_update=delta_l2=0.47966716 max_abs=0.12660473 relative=0.40190660 changed=True

[2026-05-29 13:13:19] Fold 3/5 | subject=8
[2026-05-29 13:13:19]     Train: 32 | counts=[16, 16]
[2026-05-29 13:13:19]     Test:  8 | counts=[4, 4]
[2026-05-29 13:13:19]     Model: SignalJEPA_PreLocal | Pretrained: from_pretrained | Strategy: new
[2026-05-29 13:13:19]     Normalization: none | fit_scope=none
[2026-05-29 13:13:19]     Phase 1 (new): 2,170/16,010 params
[2026-05-29 13:13:19]     Result | best_epoch=1 | stop=51 | final_phase_epochs=51 | acc=0.5000 | bal_acc=0.5000 | pred_hist=[0, 8] | collapse=True
[2026-05-29 13:13:19]     spatial_conv=[4, 29] top_abs_channels=[('Pz', 0.15269953), ('O2', 0.14367819), ('T3', 0.12709792), ('O1', 0.12286919), ('T4', 0.12197421), ('CP3', 0.12138446), ('C3', 0.11511615), ('CP4', 0.110975)]
[2026-05-29 13:13:19]     spatial_update=delta_l2=0.00945039 max_abs=0.00117661 relative=0.00791835 changed=True

[2026-05-29 13:13:20] Fold 4/5 | subject=8
[2026-05-29 13:13:20]     Train: 32 | counts=[16, 16]
[2026-05-29 13:13:20]     Test:  8 | counts=[4, 4]
[2026-05-29 13:13:20]     Model: SignalJEPA_PreLocal | Pretrained: from_pretrained | Strategy: new
[2026-05-29 13:13:20]     Normalization: none | fit_scope=none
[2026-05-29 13:13:20]     Phase 1 (new): 2,170/16,010 params
[2026-05-29 13:13:21]     Result | best_epoch=55 | stop=105 | final_phase_epochs=105 | acc=0.6250 | bal_acc=0.6250 | pred_hist=[1, 7] | collapse=False
[2026-05-29 13:13:21]     spatial_conv=[4, 29] top_abs_channels=[('CP3', 0.14822882), ('Pz', 0.14284939), ('O2', 0.13641022), ('P4', 0.13637352), ('O1', 0.12531352), ('TP8', 0.12445781), ('F7', 0.1237916), ('T3', 0.11979766)]
[2026-05-29 13:13:21]     spatial_update=delta_l2=0.31378784 max_abs=0.07207990 relative=0.26291857 changed=True

[2026-05-29 13:13:22] Fold 5/5 | subject=8
[2026-05-29 13:13:22]     Train: 32 | counts=[16, 16]
[2026-05-29 13:13:22]     Test:  8 | counts=[4, 4]
[2026-05-29 13:13:22]     Model: SignalJEPA_PreLocal | Pretrained: from_pretrained | Strategy: new
[2026-05-29 13:13:22]     Normalization: none | fit_scope=none
[2026-05-29 13:13:22]     Phase 1 (new): 2,170/16,010 params
[2026-05-29 13:13:24]     Result | best_epoch=165 | stop=211 | final_phase_epochs=211 | acc=0.6250 | bal_acc=0.6250 | pred_hist=[5, 3] | collapse=False
[2026-05-29 13:13:24]     spatial_conv=[4, 29] top_abs_channels=[('Pz', 0.15752952), ('C3', 0.15216795), ('TP7', 0.12831835), ('CP3', 0.12334192), ('T4', 0.1187692), ('CP4', 0.11702283), ('TP8', 0.11621957), ('Fp2', 0.11616623)]
[2026-05-29 13:13:24]     spatial_update=delta_l2=0.69348242 max_abs=0.23072828 relative=0.58105949 changed=True
[2026-05-29 13:13:24]   Subject 8: acc=0.6000±0.0935  bal_acc=0.6000±0.0935
[2026-05-29 13:13:24] \nSubject 9: 40 windows | class_counts=[20, 20]

[2026-05-29 13:13:24] Fold 1/5 | subject=9
[2026-05-29 13:13:24]     Train: 32 | counts=[16, 16]
[2026-05-29 13:13:24]     Test:  8 | counts=[4, 4]
[2026-05-29 13:13:24]     Model: SignalJEPA_PreLocal | Pretrained: from_pretrained | Strategy: new
[2026-05-29 13:13:24]     Normalization: none | fit_scope=none
[2026-05-29 13:13:24]     Phase 1 (new): 2,170/16,010 params
[2026-05-29 13:13:25]     Result | best_epoch=34 | stop=83 | final_phase_epochs=83 | acc=0.6250 | bal_acc=0.6250 | pred_hist=[3, 5] | collapse=False
[2026-05-29 13:13:25]     spatial_conv=[4, 29] top_abs_channels=[('Pz', 0.1508404), ('O2', 0.14853227), ('CP4', 0.12352049), ('CP3', 0.12338442), ('T4', 0.12303846), ('T3', 0.11949942), ('C3', 0.11504699), ('O1', 0.1138469)]
[2026-05-29 13:13:25]     spatial_update=delta_l2=0.19002640 max_abs=0.03828534 relative=0.15922054 changed=True

[2026-05-29 13:13:26] Fold 2/5 | subject=9
[2026-05-29 13:13:26]     Train: 32 | counts=[16, 16]
[2026-05-29 13:13:26]     Test:  8 | counts=[4, 4]
[2026-05-29 13:13:26]     Model: SignalJEPA_PreLocal | Pretrained: from_pretrained | Strategy: new
[2026-05-29 13:13:26]     Normalization: none | fit_scope=none
[2026-05-29 13:13:26]     Phase 1 (new): 2,170/16,010 params
[2026-05-29 13:13:28]     Result | best_epoch=92 | stop=142 | final_phase_epochs=142 | acc=0.5000 | bal_acc=0.5000 | pred_hist=[4, 4] | collapse=False
[2026-05-29 13:13:28]     spatial_conv=[4, 29] top_abs_channels=[('T3', 0.1805902), ('O2', 0.15955947), ('C4', 0.13264044), ('CP3', 0.12684853), ('T4', 0.1267872), ('Pz', 0.12517126), ('O1', 0.11205055), ('C3', 0.10768378)]
[2026-05-29 13:13:28]     spatial_update=delta_l2=0.42236217 max_abs=0.09042981 relative=0.35389152 changed=True

[2026-05-29 13:13:28] Fold 3/5 | subject=9
[2026-05-29 13:13:28]     Train: 32 | counts=[16, 16]
[2026-05-29 13:13:28]     Test:  8 | counts=[4, 4]
[2026-05-29 13:13:28]     Model: SignalJEPA_PreLocal | Pretrained: from_pretrained | Strategy: new
[2026-05-29 13:13:28]     Normalization: none | fit_scope=none
[2026-05-29 13:13:28]     Phase 1 (new): 2,170/16,010 params
[2026-05-29 13:13:30]     Result | best_epoch=58 | stop=108 | final_phase_epochs=108 | acc=0.5000 | bal_acc=0.5000 | pred_hist=[4, 4] | collapse=False
[2026-05-29 13:13:30]     spatial_conv=[4, 29] top_abs_channels=[('T3', 0.17148066), ('O2', 0.15881661), ('CP3', 0.12876931), ('T4', 0.12788257), ('Pz', 0.11945056), ('C4', 0.11137136), ('P4', 0.1085047), ('CP4', 0.10694986)]
[2026-05-29 13:13:30]     spatial_update=delta_l2=0.29046278 max_abs=0.05840901 relative=0.24337481 changed=True

[2026-05-29 13:13:30] Fold 4/5 | subject=9
[2026-05-29 13:13:30]     Train: 32 | counts=[16, 16]
[2026-05-29 13:13:30]     Test:  8 | counts=[4, 4]
[2026-05-29 13:13:30]     Model: SignalJEPA_PreLocal | Pretrained: from_pretrained | Strategy: new
[2026-05-29 13:13:30]     Normalization: none | fit_scope=none
[2026-05-29 13:13:30]     Phase 1 (new): 2,170/16,010 params
[2026-05-29 13:13:31]     Result | best_epoch=16 | stop=65 | final_phase_epochs=65 | acc=0.5000 | bal_acc=0.5000 | pred_hist=[2, 6] | collapse=False
[2026-05-29 13:13:31]     spatial_conv=[4, 29] top_abs_channels=[('Pz', 0.15460216), ('O2', 0.14561759), ('T3', 0.12614425), ('CP3', 0.12510614), ('T4', 0.12380384), ('O1', 0.1224336), ('C3', 0.11954002), ('CP4', 0.11071818)]
[2026-05-29 13:13:31]     spatial_update=delta_l2=0.08723162 max_abs=0.01564183 relative=0.07309019 changed=True

[2026-05-29 13:13:31] Fold 5/5 | subject=9
[2026-05-29 13:13:31]     Train: 32 | counts=[16, 16]
[2026-05-29 13:13:31]     Test:  8 | counts=[4, 4]
[2026-05-29 13:13:31]     Model: SignalJEPA_PreLocal | Pretrained: from_pretrained | Strategy: new
[2026-05-29 13:13:31]     Normalization: none | fit_scope=none
[2026-05-29 13:13:31]     Phase 1 (new): 2,170/16,010 params
[2026-05-29 13:13:35]     Result | best_epoch=290 | stop=338 | final_phase_epochs=338 | acc=0.1250 | bal_acc=0.1250 | pred_hist=[3, 5] | collapse=False
[2026-05-29 13:13:35]     spatial_conv=[4, 29] top_abs_channels=[('T3', 0.1639746), ('C4', 0.15917963), ('P3', 0.14736126), ('O2', 0.14351656), ('F4', 0.14340807), ('CP3', 0.14123139), ('Pz', 0.12895636), ('T4', 0.12089199)]
[2026-05-29 13:13:35]     spatial_update=delta_l2=0.93005347 max_abs=0.23894318 relative=0.77927916 changed=True
[2026-05-29 13:13:35]   Subject 9: acc=0.4500±0.1696  bal_acc=0.4500±0.1696
[2026-05-29 13:13:35] \nSubject 10: 40 windows | class_counts=[20, 20]

[2026-05-29 13:13:36] Fold 1/5 | subject=10
[2026-05-29 13:13:36]     Train: 32 | counts=[16, 16]
[2026-05-29 13:13:36]     Test:  8 | counts=[4, 4]
[2026-05-29 13:13:36]     Model: SignalJEPA_PreLocal | Pretrained: from_pretrained | Strategy: new
[2026-05-29 13:13:36]     Normalization: none | fit_scope=none
[2026-05-29 13:13:36]     Phase 1 (new): 2,170/16,010 params
[2026-05-29 13:13:36]     Result | best_epoch=1 | stop=51 | final_phase_epochs=51 | acc=0.5000 | bal_acc=0.5000 | pred_hist=[0, 8] | collapse=True
[2026-05-29 13:13:36]     spatial_conv=[4, 29] top_abs_channels=[('Pz', 0.15328242), ('O2', 0.14362675), ('T3', 0.12696223), ('O1', 0.12218587), ('T4', 0.1217066), ('CP3', 0.12122831), ('C3', 0.11539488), ('CP4', 0.11114608)]
[2026-05-29 13:13:36]     spatial_update=delta_l2=0.00857117 max_abs=0.00119798 relative=0.00718167 changed=True

[2026-05-29 13:13:37] Fold 2/5 | subject=10
[2026-05-29 13:13:37]     Train: 32 | counts=[16, 16]
[2026-05-29 13:13:37]     Test:  8 | counts=[4, 4]
[2026-05-29 13:13:37]     Model: SignalJEPA_PreLocal | Pretrained: from_pretrained | Strategy: new
[2026-05-29 13:13:37]     Normalization: none | fit_scope=none
[2026-05-29 13:13:37]     Phase 1 (new): 2,170/16,010 params
[2026-05-29 13:13:37]     Result | best_epoch=1 | stop=51 | final_phase_epochs=51 | acc=0.5000 | bal_acc=0.5000 | pred_hist=[0, 8] | collapse=True
[2026-05-29 13:13:37]     spatial_conv=[4, 29] top_abs_channels=[('Pz', 0.15301698), ('O2', 0.14380217), ('T3', 0.12720802), ('O1', 0.12226445), ('T4', 0.12197144), ('CP3', 0.12160919), ('C3', 0.11514612), ('CP4', 0.11142215)]
[2026-05-29 13:13:37]     spatial_update=delta_l2=0.00744130 max_abs=0.00119470 relative=0.00623497 changed=True

[2026-05-29 13:13:38] Fold 3/5 | subject=10
[2026-05-29 13:13:38]     Train: 32 | counts=[16, 16]
[2026-05-29 13:13:38]     Test:  8 | counts=[4, 4]
[2026-05-29 13:13:38]     Model: SignalJEPA_PreLocal | Pretrained: from_pretrained | Strategy: new
[2026-05-29 13:13:38]     Normalization: none | fit_scope=none
[2026-05-29 13:13:38]     Phase 1 (new): 2,170/16,010 params
[2026-05-29 13:13:46]     Result | best_epoch=669 | stop=719 | final_phase_epochs=719 | acc=0.3750 | bal_acc=0.3750 | pred_hist=[3, 5] | collapse=False
[2026-05-29 13:13:46]     spatial_conv=[4, 29] top_abs_channels=[('FC4', 0.17098725), ('TP7', 0.17015049), ('P3', 0.15536462), ('CP3', 0.14912076), ('T3', 0.14667046), ('CP4', 0.13938722), ('C4', 0.13603804), ('FT7', 0.12079801)]
[2026-05-29 13:13:46]     spatial_update=delta_l2=1.29987208 max_abs=0.40887320 relative=1.08914514 changed=True

[2026-05-29 13:13:47] Fold 4/5 | subject=10
[2026-05-29 13:13:47]     Train: 32 | counts=[16, 16]
[2026-05-29 13:13:47]     Test:  8 | counts=[4, 4]
[2026-05-29 13:13:47]     Model: SignalJEPA_PreLocal | Pretrained: from_pretrained | Strategy: new
[2026-05-29 13:13:47]     Normalization: none | fit_scope=none
[2026-05-29 13:13:47]     Phase 1 (new): 2,170/16,010 params
[2026-05-29 13:13:58]     Result | best_epoch=916 | stop=966 | final_phase_epochs=966 | acc=0.5000 | bal_acc=0.5000 | pred_hist=[4, 4] | collapse=False
[2026-05-29 13:13:58]     spatial_conv=[4, 29] top_abs_channels=[('FC3', 0.23753846), ('P3', 0.17727765), ('F4', 0.15596659), ('CP3', 0.15235418), ('FCz', 0.14450799), ('F3', 0.14369977), ('C3', 0.14215562), ('C4', 0.12953596)]
[2026-05-29 13:13:58]     spatial_update=delta_l2=1.39765103 max_abs=0.53319919 relative=1.17107280 changed=True

[2026-05-29 13:13:58] Fold 5/5 | subject=10
[2026-05-29 13:13:58]     Train: 32 | counts=[16, 16]
[2026-05-29 13:13:58]     Test:  8 | counts=[4, 4]
[2026-05-29 13:13:58]     Model: SignalJEPA_PreLocal | Pretrained: from_pretrained | Strategy: new
[2026-05-29 13:13:58]     Normalization: none | fit_scope=none
[2026-05-29 13:13:58]     Phase 1 (new): 2,170/16,010 params
[2026-05-29 13:14:01]     Result | best_epoch=143 | stop=193 | final_phase_epochs=193 | acc=0.5000 | bal_acc=0.5000 | pred_hist=[4, 4] | collapse=False
[2026-05-29 13:14:01]     spatial_conv=[4, 29] top_abs_channels=[('CP3', 0.17420073), ('T3', 0.16539134), ('Pz', 0.14918251), ('T4', 0.14666586), ('C4', 0.12433549), ('Fz', 0.11620341), ('CP4', 0.11307627), ('O2', 0.11295925)]
[2026-05-29 13:14:01]     spatial_update=delta_l2=0.72751364 max_abs=0.18092503 relative=0.60957379 changed=True
[2026-05-29 13:14:01]   Subject 10: acc=0.4750±0.0500  bal_acc=0.4750±0.0500
[2026-05-29 13:14:01] \nSubject 11: 40 windows | class_counts=[20, 20]

[2026-05-29 13:14:01] Fold 1/5 | subject=11
[2026-05-29 13:14:01]     Train: 32 | counts=[16, 16]
[2026-05-29 13:14:01]     Test:  8 | counts=[4, 4]
[2026-05-29 13:14:01]     Model: SignalJEPA_PreLocal | Pretrained: from_pretrained | Strategy: new
[2026-05-29 13:14:01]     Normalization: none | fit_scope=none
[2026-05-29 13:14:01]     Phase 1 (new): 2,170/16,010 params
[2026-05-29 13:14:03]     Result | best_epoch=166 | stop=216 | final_phase_epochs=216 | acc=0.3750 | bal_acc=0.3750 | pred_hist=[3, 5] | collapse=False
[2026-05-29 13:14:03]     spatial_conv=[4, 29] top_abs_channels=[('CP3', 0.2039223), ('Pz', 0.17121726), ('P4', 0.15000176), ('O2', 0.13285862), ('FT8', 0.1211367), ('FT7', 0.11571516), ('T4', 0.11414686), ('TP7', 0.11337687)]
[2026-05-29 13:14:03]     spatial_update=delta_l2=0.66616103 max_abs=0.16804232 relative=0.55816727 changed=True

[2026-05-29 13:14:04] Fold 2/5 | subject=11
[2026-05-29 13:14:04]     Train: 32 | counts=[16, 16]
[2026-05-29 13:14:04]     Test:  8 | counts=[4, 4]
[2026-05-29 13:14:04]     Model: SignalJEPA_PreLocal | Pretrained: from_pretrained | Strategy: new
[2026-05-29 13:14:04]     Normalization: none | fit_scope=none
[2026-05-29 13:14:04]     Phase 1 (new): 2,170/16,010 params
[2026-05-29 13:14:04]     Result | best_epoch=1 | stop=51 | final_phase_epochs=51 | acc=0.5000 | bal_acc=0.5000 | pred_hist=[0, 8] | collapse=True
[2026-05-29 13:14:04]     spatial_conv=[4, 29] top_abs_channels=[('Pz', 0.15323314), ('O2', 0.14371678), ('T3', 0.12726426), ('T4', 0.12183273), ('O1', 0.1217944), ('CP3', 0.12110284), ('C3', 0.11528565), ('CP4', 0.11067811)]
[2026-05-29 13:14:04]     spatial_update=delta_l2=0.00842722 max_abs=0.00118300 relative=0.00706105 changed=True

[2026-05-29 13:14:05] Fold 3/5 | subject=11
[2026-05-29 13:14:05]     Train: 32 | counts=[16, 16]
[2026-05-29 13:14:05]     Test:  8 | counts=[4, 4]
[2026-05-29 13:14:05]     Model: SignalJEPA_PreLocal | Pretrained: from_pretrained | Strategy: new
[2026-05-29 13:14:05]     Normalization: none | fit_scope=none
[2026-05-29 13:14:05]     Phase 1 (new): 2,170/16,010 params
[2026-05-29 13:14:07]     Result | best_epoch=158 | stop=204 | final_phase_epochs=204 | acc=0.6250 | bal_acc=0.6250 | pred_hist=[5, 3] | collapse=False
[2026-05-29 13:14:07]     spatial_conv=[4, 29] top_abs_channels=[('CP3', 0.19306019), ('Pz', 0.17066871), ('FT8', 0.14988211), ('C3', 0.13392375), ('T4', 0.13316292), ('O2', 0.11918831), ('Fz', 0.1185107), ('TP7', 0.11841898)]
[2026-05-29 13:14:07]     spatial_update=delta_l2=0.67033768 max_abs=0.15338250 relative=0.56166683 changed=True

[2026-05-29 13:14:08] Fold 4/5 | subject=11
[2026-05-29 13:14:08]     Train: 32 | counts=[16, 16]
[2026-05-29 13:14:08]     Test:  8 | counts=[4, 4]
[2026-05-29 13:14:08]     Model: SignalJEPA_PreLocal | Pretrained: from_pretrained | Strategy: new
[2026-05-29 13:14:08]     Normalization: none | fit_scope=none
[2026-05-29 13:14:08]     Phase 1 (new): 2,170/16,010 params
[2026-05-29 13:14:09]     Result | best_epoch=60 | stop=110 | final_phase_epochs=110 | acc=0.5000 | bal_acc=0.5000 | pred_hist=[2, 6] | collapse=False
[2026-05-29 13:14:09]     spatial_conv=[4, 29] top_abs_channels=[('Pz', 0.14352167), ('O2', 0.13907705), ('CP3', 0.13330445), ('T4', 0.13237418), ('T3', 0.1141503), ('Fz', 0.11400788), ('P4', 0.1123034), ('CP4', 0.1106804)]
[2026-05-29 13:14:09]     spatial_update=delta_l2=0.32915354 max_abs=0.07419918 relative=0.27579328 changed=True

[2026-05-29 13:14:09] Fold 5/5 | subject=11
[2026-05-29 13:14:09]     Train: 32 | counts=[16, 16]
[2026-05-29 13:14:09]     Test:  8 | counts=[4, 4]
[2026-05-29 13:14:09]     Model: SignalJEPA_PreLocal | Pretrained: from_pretrained | Strategy: new
[2026-05-29 13:14:09]     Normalization: none | fit_scope=none
[2026-05-29 13:14:09]     Phase 1 (new): 2,170/16,010 params
[2026-05-29 13:14:10]     Result | best_epoch=1 | stop=51 | final_phase_epochs=51 | acc=0.5000 | bal_acc=0.5000 | pred_hist=[0, 8] | collapse=True
[2026-05-29 13:14:10]     spatial_conv=[4, 29] top_abs_channels=[('Pz', 0.15314175), ('O2', 0.14374973), ('T3', 0.12674256), ('O1', 0.12233729), ('CP3', 0.12189731), ('T4', 0.12160116), ('C3', 0.11492099), ('CP4', 0.11047338)]
[2026-05-29 13:14:10]     spatial_update=delta_l2=0.00847600 max_abs=0.00119039 relative=0.00710192 changed=True
[2026-05-29 13:14:10]   Subject 11: acc=0.5000±0.0791  bal_acc=0.5000±0.0791
[2026-05-29 13:14:10] \nSubject 12: 40 windows | class_counts=[20, 20]

[2026-05-29 13:14:10] Fold 1/5 | subject=12
[2026-05-29 13:14:10]     Train: 32 | counts=[16, 16]
[2026-05-29 13:14:10]     Test:  8 | counts=[4, 4]
[2026-05-29 13:14:10]     Model: SignalJEPA_PreLocal | Pretrained: from_pretrained | Strategy: new
[2026-05-29 13:14:10]     Normalization: none | fit_scope=none
[2026-05-29 13:14:10]     Phase 1 (new): 2,170/16,010 params
[2026-05-29 13:14:11]     Result | best_epoch=1 | stop=51 | final_phase_epochs=51 | acc=0.5000 | bal_acc=0.5000 | pred_hist=[0, 8] | collapse=True
[2026-05-29 13:14:11]     spatial_conv=[4, 29] top_abs_channels=[('Pz', 0.15343796), ('O2', 0.14408126), ('T3', 0.12620369), ('T4', 0.12273311), ('O1', 0.12166964), ('CP3', 0.12150624), ('C3', 0.11454639), ('CP4', 0.11067015)]
[2026-05-29 13:14:11]     spatial_update=delta_l2=0.00888481 max_abs=0.00120074 relative=0.00744447 changed=True

[2026-05-29 13:14:12] Fold 2/5 | subject=12
[2026-05-29 13:14:12]     Train: 32 | counts=[16, 16]
[2026-05-29 13:14:12]     Test:  8 | counts=[4, 4]
[2026-05-29 13:14:12]     Model: SignalJEPA_PreLocal | Pretrained: from_pretrained | Strategy: new
[2026-05-29 13:14:12]     Normalization: none | fit_scope=none
[2026-05-29 13:14:12]     Phase 1 (new): 2,170/16,010 params
[2026-05-29 13:14:12]     Result | best_epoch=1 | stop=51 | final_phase_epochs=51 | acc=0.5000 | bal_acc=0.5000 | pred_hist=[0, 8] | collapse=True
[2026-05-29 13:14:12]     spatial_conv=[4, 29] top_abs_channels=[('Pz', 0.15317482), ('O2', 0.14408167), ('T3', 0.12627114), ('T4', 0.12248485), ('CP3', 0.12213797), ('O1', 0.12127593), ('C3', 0.11485696), ('CP4', 0.11083961)]
[2026-05-29 13:14:12]     spatial_update=delta_l2=0.00761843 max_abs=0.00117406 relative=0.00638338 changed=True

[2026-05-29 13:14:13] Fold 3/5 | subject=12
[2026-05-29 13:14:13]     Train: 32 | counts=[16, 16]
[2026-05-29 13:14:13]     Test:  8 | counts=[4, 4]
[2026-05-29 13:14:13]     Model: SignalJEPA_PreLocal | Pretrained: from_pretrained | Strategy: new
[2026-05-29 13:14:13]     Normalization: none | fit_scope=none
[2026-05-29 13:14:13]     Phase 1 (new): 2,170/16,010 params
[2026-05-29 13:14:14]     Result | best_epoch=65 | stop=115 | final_phase_epochs=115 | acc=0.5000 | bal_acc=0.5000 | pred_hist=[4, 4] | collapse=False
[2026-05-29 13:14:14]     spatial_conv=[4, 29] top_abs_channels=[('O2', 0.18448226), ('Pz', 0.14531752), ('CP3', 0.14351495), ('TP7', 0.12227464), ('P4', 0.12173235), ('CP4', 0.11584125), ('T3', 0.10519007), ('Fp2', 0.1027791)]
[2026-05-29 13:14:14]     spatial_update=delta_l2=0.40316398 max_abs=0.07970960 relative=0.33780562 changed=True

[2026-05-29 13:14:14] Fold 4/5 | subject=12
[2026-05-29 13:14:14]     Train: 32 | counts=[16, 16]
[2026-05-29 13:14:14]     Test:  8 | counts=[4, 4]
[2026-05-29 13:14:14]     Model: SignalJEPA_PreLocal | Pretrained: from_pretrained | Strategy: new
[2026-05-29 13:14:14]     Normalization: none | fit_scope=none
[2026-05-29 13:14:14]     Phase 1 (new): 2,170/16,010 params
[2026-05-29 13:14:15]     Result | best_epoch=1 | stop=51 | final_phase_epochs=51 | acc=0.5000 | bal_acc=0.5000 | pred_hist=[0, 8] | collapse=True
[2026-05-29 13:14:15]     spatial_conv=[4, 29] top_abs_channels=[('Pz', 0.15323836), ('O2', 0.1435899), ('T3', 0.12603156), ('T4', 0.1225488), ('O1', 0.12193558), ('CP3', 0.12118156), ('C3', 0.11474039), ('CP4', 0.11050534)]
[2026-05-29 13:14:15]     spatial_update=delta_l2=0.00942401 max_abs=0.00119988 relative=0.00789625 changed=True

[2026-05-29 13:14:15] Fold 5/5 | subject=12
[2026-05-29 13:14:15]     Train: 32 | counts=[16, 16]
[2026-05-29 13:14:15]     Test:  8 | counts=[4, 4]
[2026-05-29 13:14:15]     Model: SignalJEPA_PreLocal | Pretrained: from_pretrained | Strategy: new
[2026-05-29 13:14:15]     Normalization: none | fit_scope=none
[2026-05-29 13:14:15]     Phase 1 (new): 2,170/16,010 params
[2026-05-29 13:14:17]     Result | best_epoch=68 | stop=117 | final_phase_epochs=117 | acc=0.5000 | bal_acc=0.5000 | pred_hist=[8, 0] | collapse=True
[2026-05-29 13:14:17]     spatial_conv=[4, 29] top_abs_channels=[('Pz', 0.17770211), ('CP3', 0.14382082), ('C4', 0.14239059), ('O2', 0.13609661), ('CP4', 0.13222298), ('FCz', 0.12172424), ('FT7', 0.11675616), ('T4', 0.11137958)]
[2026-05-29 13:14:17]     spatial_update=delta_l2=0.36228909 max_abs=0.08784565 relative=0.30355710 changed=True
[2026-05-29 13:14:17]   Subject 12: acc=0.5000±0.0000  bal_acc=0.5000±0.0000
[2026-05-29 13:14:17] \nSubject 13: 40 windows | class_counts=[20, 20]

[2026-05-29 13:14:17] Fold 1/5 | subject=13
[2026-05-29 13:14:17]     Train: 32 | counts=[16, 16]
[2026-05-29 13:14:17]     Test:  8 | counts=[4, 4]
[2026-05-29 13:14:17]     Model: SignalJEPA_PreLocal | Pretrained: from_pretrained | Strategy: new
[2026-05-29 13:14:17]     Normalization: none | fit_scope=none
[2026-05-29 13:14:17]     Phase 1 (new): 2,170/16,010 params
[2026-05-29 13:14:18]     Result | best_epoch=1 | stop=51 | final_phase_epochs=51 | acc=0.6250 | bal_acc=0.6250 | pred_hist=[1, 7] | collapse=False
[2026-05-29 13:14:18]     spatial_conv=[4, 29] top_abs_channels=[('Pz', 0.15286762), ('O2', 0.14394403), ('T3', 0.12620874), ('O1', 0.12286116), ('T4', 0.12244488), ('CP3', 0.12094888), ('C3', 0.11521876), ('CP4', 0.11078623)]
[2026-05-29 13:14:18]     spatial_update=delta_l2=0.00868811 max_abs=0.00119516 relative=0.00727965 changed=True

[2026-05-29 13:14:18] Fold 2/5 | subject=13
[2026-05-29 13:14:18]     Train: 32 | counts=[16, 16]
[2026-05-29 13:14:18]     Test:  8 | counts=[4, 4]
[2026-05-29 13:14:18]     Model: SignalJEPA_PreLocal | Pretrained: from_pretrained | Strategy: new
[2026-05-29 13:14:18]     Normalization: none | fit_scope=none
[2026-05-29 13:14:18]     Phase 1 (new): 2,170/16,010 params
[2026-05-29 13:14:19]     Result | best_epoch=1 | stop=51 | final_phase_epochs=51 | acc=0.5000 | bal_acc=0.5000 | pred_hist=[0, 8] | collapse=True
[2026-05-29 13:14:19]     spatial_conv=[4, 29] top_abs_channels=[('Pz', 0.15317059), ('O2', 0.14390221), ('T3', 0.12660789), ('O1', 0.12290345), ('T4', 0.1227562), ('CP3', 0.12084731), ('C3', 0.11540493), ('CP4', 0.1110779)]
[2026-05-29 13:14:19]     spatial_update=delta_l2=0.00978444 max_abs=0.00119962 relative=0.00819825 changed=True

[2026-05-29 13:14:19] Fold 3/5 | subject=13
[2026-05-29 13:14:19]     Train: 32 | counts=[16, 16]
[2026-05-29 13:14:19]     Test:  8 | counts=[4, 4]
[2026-05-29 13:14:19]     Model: SignalJEPA_PreLocal | Pretrained: from_pretrained | Strategy: new
[2026-05-29 13:14:19]     Normalization: none | fit_scope=none
[2026-05-29 13:14:19]     Phase 1 (new): 2,170/16,010 params
[2026-05-29 13:14:21]     Result | best_epoch=108 | stop=158 | final_phase_epochs=158 | acc=0.8750 | bal_acc=0.8750 | pred_hist=[5, 3] | collapse=False
[2026-05-29 13:14:21]     spatial_conv=[4, 29] top_abs_channels=[('O2', 0.16894628), ('FCz', 0.15741441), ('O1', 0.15332726), ('P3', 0.14049399), ('Pz', 0.12990519), ('Fz', 0.1148143), ('C4', 0.11436708), ('Fp1', 0.11408478)]
[2026-05-29 13:14:21]     spatial_update=delta_l2=0.58424192 max_abs=0.13431306 relative=0.48952836 changed=True

[2026-05-29 13:14:22] Fold 4/5 | subject=13
[2026-05-29 13:14:22]     Train: 32 | counts=[16, 16]
[2026-05-29 13:14:22]     Test:  8 | counts=[4, 4]
[2026-05-29 13:14:22]     Model: SignalJEPA_PreLocal | Pretrained: from_pretrained | Strategy: new
[2026-05-29 13:14:22]     Normalization: none | fit_scope=none
[2026-05-29 13:14:22]     Phase 1 (new): 2,170/16,010 params
[2026-05-29 13:14:22]     Result | best_epoch=1 | stop=51 | final_phase_epochs=51 | acc=0.5000 | bal_acc=0.5000 | pred_hist=[0, 8] | collapse=True
[2026-05-29 13:14:22]     spatial_conv=[4, 29] top_abs_channels=[('Pz', 0.15338914), ('O2', 0.14353392), ('T3', 0.12655158), ('O1', 0.12238813), ('T4', 0.12191233), ('CP3', 0.12068288), ('C3', 0.11509602), ('CP4', 0.11052603)]
[2026-05-29 13:14:22]     spatial_update=delta_l2=0.00867333 max_abs=0.00118755 relative=0.00726726 changed=True

[2026-05-29 13:14:23] Fold 5/5 | subject=13
[2026-05-29 13:14:23]     Train: 32 | counts=[16, 16]
[2026-05-29 13:14:23]     Test:  8 | counts=[4, 4]
[2026-05-29 13:14:23]     Model: SignalJEPA_PreLocal | Pretrained: from_pretrained | Strategy: new
[2026-05-29 13:14:23]     Normalization: none | fit_scope=none
[2026-05-29 13:14:23]     Phase 1 (new): 2,170/16,010 params
[2026-05-29 13:14:24]     Result | best_epoch=69 | stop=119 | final_phase_epochs=119 | acc=0.7500 | bal_acc=0.7500 | pred_hist=[4, 4] | collapse=False
[2026-05-29 13:14:24]     spatial_conv=[4, 29] top_abs_channels=[('O1', 0.17435429), ('Pz', 0.14169064), ('O2', 0.14165795), ('CP4', 0.13693056), ('T5', 0.13327822), ('P4', 0.13187629), ('F4', 0.12629953), ('Fz', 0.12053169)]
[2026-05-29 13:14:24]     spatial_update=delta_l2=0.55862039 max_abs=0.10056143 relative=0.46806043 changed=True
[2026-05-29 13:14:24]   Subject 13: acc=0.6500±0.1458  bal_acc=0.6500±0.1458
[2026-05-29 13:14:24] \nSubject 14: 40 windows | class_counts=[20, 20]

[2026-05-29 13:14:25] Fold 1/5 | subject=14
[2026-05-29 13:14:25]     Train: 32 | counts=[16, 16]
[2026-05-29 13:14:25]     Test:  8 | counts=[4, 4]
[2026-05-29 13:14:25]     Model: SignalJEPA_PreLocal | Pretrained: from_pretrained | Strategy: new
[2026-05-29 13:14:25]     Normalization: none | fit_scope=none
[2026-05-29 13:14:25]     Phase 1 (new): 2,170/16,010 params
[2026-05-29 13:14:25]     Result | best_epoch=1 | stop=51 | final_phase_epochs=51 | acc=0.6250 | bal_acc=0.6250 | pred_hist=[1, 7] | collapse=False
[2026-05-29 13:14:25]     spatial_conv=[4, 29] top_abs_channels=[('Pz', 0.15257818), ('O2', 0.14425807), ('T3', 0.12590677), ('T4', 0.12247789), ('O1', 0.12229332), ('CP3', 0.1214319), ('C3', 0.11531034), ('CP4', 0.11047629)]
[2026-05-29 13:14:25]     spatial_update=delta_l2=0.00874596 max_abs=0.00120151 relative=0.00732812 changed=True

[2026-05-29 13:14:26] Fold 2/5 | subject=14
[2026-05-29 13:14:26]     Train: 32 | counts=[16, 16]
[2026-05-29 13:14:26]     Test:  8 | counts=[4, 4]
[2026-05-29 13:14:26]     Model: SignalJEPA_PreLocal | Pretrained: from_pretrained | Strategy: new
[2026-05-29 13:14:26]     Normalization: none | fit_scope=none
[2026-05-29 13:14:26]     Phase 1 (new): 2,170/16,010 params
[2026-05-29 13:14:27]     Result | best_epoch=80 | stop=130 | final_phase_epochs=130 | acc=0.2500 | bal_acc=0.2500 | pred_hist=[6, 2] | collapse=False
[2026-05-29 13:14:27]     spatial_conv=[4, 29] top_abs_channels=[('O2', 0.13411802), ('CP3', 0.13080749), ('O1', 0.12563428), ('P3', 0.12242405), ('Cz', 0.12240061), ('CP4', 0.12171283), ('T4', 0.11833569), ('P4', 0.11613099)]
[2026-05-29 13:14:27]     spatial_update=delta_l2=0.42583801 max_abs=0.09929180 relative=0.35680388 changed=True

[2026-05-29 13:14:28] Fold 3/5 | subject=14
[2026-05-29 13:14:28]     Train: 32 | counts=[16, 16]
[2026-05-29 13:14:28]     Test:  8 | counts=[4, 4]
[2026-05-29 13:14:28]     Model: SignalJEPA_PreLocal | Pretrained: from_pretrained | Strategy: new
[2026-05-29 13:14:28]     Normalization: none | fit_scope=none
[2026-05-29 13:14:28]     Phase 1 (new): 2,170/16,010 params
[2026-05-29 13:14:29]     Result | best_epoch=1 | stop=51 | final_phase_epochs=51 | acc=0.5000 | bal_acc=0.5000 | pred_hist=[0, 8] | collapse=True
[2026-05-29 13:14:29]     spatial_conv=[4, 29] top_abs_channels=[('Pz', 0.15241444), ('O2', 0.14435777), ('T3', 0.12588814), ('O1', 0.12214497), ('T4', 0.12198836), ('CP3', 0.12167068), ('C3', 0.11522689), ('CP4', 0.11065636)]
[2026-05-29 13:14:29]     spatial_update=delta_l2=0.00827351 max_abs=0.00120120 relative=0.00693226 changed=True

[2026-05-29 13:14:29] Fold 4/5 | subject=14
[2026-05-29 13:14:29]     Train: 32 | counts=[16, 16]
[2026-05-29 13:14:29]     Test:  8 | counts=[4, 4]
[2026-05-29 13:14:29]     Model: SignalJEPA_PreLocal | Pretrained: from_pretrained | Strategy: new
[2026-05-29 13:14:29]     Normalization: none | fit_scope=none
[2026-05-29 13:14:29]     Phase 1 (new): 2,170/16,010 params
[2026-05-29 13:14:30]     Result | best_epoch=1 | stop=51 | final_phase_epochs=51 | acc=0.5000 | bal_acc=0.5000 | pred_hist=[0, 8] | collapse=True
[2026-05-29 13:14:30]     spatial_conv=[4, 29] top_abs_channels=[('Pz', 0.15255758), ('O2', 0.14395964), ('T3', 0.12640497), ('O1', 0.12246434), ('T4', 0.1217611), ('CP3', 0.12130785), ('C3', 0.1148883), ('CP4', 0.11051887)]
[2026-05-29 13:14:30]     spatial_update=delta_l2=0.00907370 max_abs=0.00119714 relative=0.00760273 changed=True

[2026-05-29 13:14:30] Fold 5/5 | subject=14
[2026-05-29 13:14:30]     Train: 32 | counts=[16, 16]
[2026-05-29 13:14:30]     Test:  8 | counts=[4, 4]
[2026-05-29 13:14:30]     Model: SignalJEPA_PreLocal | Pretrained: from_pretrained | Strategy: new
[2026-05-29 13:14:30]     Normalization: none | fit_scope=none
[2026-05-29 13:14:30]     Phase 1 (new): 2,170/16,010 params
[2026-05-29 13:14:31]     Result | best_epoch=1 | stop=51 | final_phase_epochs=51 | acc=0.5000 | bal_acc=0.5000 | pred_hist=[0, 8] | collapse=True
[2026-05-29 13:14:31]     spatial_conv=[4, 29] top_abs_channels=[('Pz', 0.15282708), ('O2', 0.14392421), ('T3', 0.1262906), ('T4', 0.12239535), ('O1', 0.12229154), ('CP3', 0.12115462), ('C3', 0.11519314), ('CP4', 0.11077151)]
[2026-05-29 13:14:31]     spatial_update=delta_l2=0.00801244 max_abs=0.00120133 relative=0.00671351 changed=True
[2026-05-29 13:14:31]   Subject 14: acc=0.4750±0.1225  bal_acc=0.4750±0.1225
[2026-05-29 13:14:31] \nSubject 15: 40 windows | class_counts=[20, 20]

[2026-05-29 13:14:31] Fold 1/5 | subject=15
[2026-05-29 13:14:31]     Train: 32 | counts=[16, 16]
[2026-05-29 13:14:31]     Test:  8 | counts=[4, 4]
[2026-05-29 13:14:31]     Model: SignalJEPA_PreLocal | Pretrained: from_pretrained | Strategy: new
[2026-05-29 13:14:31]     Normalization: none | fit_scope=none
[2026-05-29 13:14:31]     Phase 1 (new): 2,170/16,010 params
[2026-05-29 13:14:38]     Result | best_epoch=547 | stop=593 | final_phase_epochs=593 | acc=0.6250 | bal_acc=0.6250 | pred_hist=[3, 5] | collapse=False
[2026-05-29 13:14:38]     spatial_conv=[4, 29] top_abs_channels=[('T3', 0.19895528), ('C3', 0.14282225), ('Pz', 0.13331327), ('F7', 0.12649527), ('Fp1', 0.1257776), ('FT7', 0.12573585), ('TP8', 0.12080334), ('Oz', 0.1153676)]
[2026-05-29 13:14:38]     spatial_update=delta_l2=1.04618565 max_abs=0.21214416 relative=0.87658473 changed=True

[2026-05-29 13:14:38] Fold 2/5 | subject=15
[2026-05-29 13:14:38]     Train: 32 | counts=[16, 16]
[2026-05-29 13:14:38]     Test:  8 | counts=[4, 4]
[2026-05-29 13:14:38]     Model: SignalJEPA_PreLocal | Pretrained: from_pretrained | Strategy: new
[2026-05-29 13:14:38]     Normalization: none | fit_scope=none
[2026-05-29 13:14:38]     Phase 1 (new): 2,170/16,010 params
[2026-05-29 13:14:39]     Result | best_epoch=1 | stop=51 | final_phase_epochs=51 | acc=0.5000 | bal_acc=0.5000 | pred_hist=[0, 8] | collapse=True
[2026-05-29 13:14:39]     spatial_conv=[4, 29] top_abs_channels=[('Pz', 0.15326004), ('O2', 0.14423202), ('T3', 0.12711692), ('T4', 0.12164433), ('O1', 0.12139775), ('CP3', 0.12106594), ('C3', 0.11610451), ('CP4', 0.11103799)]
[2026-05-29 13:14:39]     spatial_update=delta_l2=0.00810234 max_abs=0.00119072 relative=0.00678884 changed=True

[2026-05-29 13:14:39] Fold 3/5 | subject=15
[2026-05-29 13:14:39]     Train: 32 | counts=[16, 16]
[2026-05-29 13:14:39]     Test:  8 | counts=[4, 4]
[2026-05-29 13:14:39]     Model: SignalJEPA_PreLocal | Pretrained: from_pretrained | Strategy: new
[2026-05-29 13:14:39]     Normalization: none | fit_scope=none
[2026-05-29 13:14:39]     Phase 1 (new): 2,170/16,010 params
[2026-05-29 13:14:44]     Result | best_epoch=377 | stop=427 | final_phase_epochs=427 | acc=0.6250 | bal_acc=0.6250 | pred_hist=[3, 5] | collapse=False
[2026-05-29 13:14:44]     spatial_conv=[4, 29] top_abs_channels=[('O2', 0.14961979), ('C3', 0.12593475), ('Oz', 0.12155087), ('Pz', 0.1177071), ('Cz', 0.11491638), ('FT7', 0.11219476), ('T3', 0.10814056), ('P3', 0.1074473)]
[2026-05-29 13:14:44]     spatial_update=delta_l2=0.91326338 max_abs=0.20811246 relative=0.76521097 changed=True

[2026-05-29 13:14:45] Fold 4/5 | subject=15
[2026-05-29 13:14:45]     Train: 32 | counts=[16, 16]
[2026-05-29 13:14:45]     Test:  8 | counts=[4, 4]
[2026-05-29 13:14:45]     Model: SignalJEPA_PreLocal | Pretrained: from_pretrained | Strategy: new
[2026-05-29 13:14:45]     Normalization: none | fit_scope=none
[2026-05-29 13:14:45]     Phase 1 (new): 2,170/16,010 params
[2026-05-29 13:14:50]     Result | best_epoch=407 | stop=457 | final_phase_epochs=457 | acc=0.7500 | bal_acc=0.7500 | pred_hist=[6, 2] | collapse=False
[2026-05-29 13:14:50]     spatial_conv=[4, 29] top_abs_channels=[('TP8', 0.12328732), ('T4', 0.12183328), ('Fp1', 0.11897091), ('CP3', 0.11833968), ('CP4', 0.11628942), ('C3', 0.1151136), ('P3', 0.10773072), ('P4', 0.10539656)]
[2026-05-29 13:14:50]     spatial_update=delta_l2=1.00563514 max_abs=0.25288905 relative=0.84260801 changed=True

[2026-05-29 13:14:51] Fold 5/5 | subject=15
[2026-05-29 13:14:51]     Train: 32 | counts=[16, 16]
[2026-05-29 13:14:51]     Test:  8 | counts=[4, 4]
[2026-05-29 13:14:51]     Model: SignalJEPA_PreLocal | Pretrained: from_pretrained | Strategy: new
[2026-05-29 13:14:51]     Normalization: none | fit_scope=none
[2026-05-29 13:14:51]     Phase 1 (new): 2,170/16,010 params
[2026-05-29 13:14:51]     Result | best_epoch=4 | stop=54 | final_phase_epochs=54 | acc=0.5000 | bal_acc=0.5000 | pred_hist=[0, 8] | collapse=True
[2026-05-29 13:14:51]     spatial_conv=[4, 29] top_abs_channels=[('Pz', 0.15381804), ('O2', 0.14471495), ('T3', 0.12578307), ('T4', 0.12136398), ('CP3', 0.12132163), ('O1', 0.12054781), ('C3', 0.11568259), ('CP4', 0.11026683)]
[2026-05-29 13:14:51]     spatial_update=delta_l2=0.02484237 max_abs=0.00463123 relative=0.02081509 changed=True
[2026-05-29 13:14:51]   Subject 15: acc=0.6000±0.0935  bal_acc=0.6000±0.0935
[2026-05-29 13:14:51] \nSubject 16: 40 windows | class_counts=[20, 20]

[2026-05-29 13:14:52] Fold 1/5 | subject=16
[2026-05-29 13:14:52]     Train: 32 | counts=[16, 16]
[2026-05-29 13:14:52]     Test:  8 | counts=[4, 4]
[2026-05-29 13:14:52]     Model: SignalJEPA_PreLocal | Pretrained: from_pretrained | Strategy: new
[2026-05-29 13:14:52]     Normalization: none | fit_scope=none
[2026-05-29 13:14:52]     Phase 1 (new): 2,170/16,010 params
[2026-05-29 13:14:52]     Result | best_epoch=1 | stop=51 | final_phase_epochs=51 | acc=0.5000 | bal_acc=0.5000 | pred_hist=[0, 8] | collapse=True
[2026-05-29 13:14:52]     spatial_conv=[4, 29] top_abs_channels=[('Pz', 0.15259108), ('O2', 0.14454943), ('T3', 0.12609683), ('T4', 0.12257061), ('CP3', 0.12114554), ('O1', 0.12094156), ('C3', 0.11549182), ('CP4', 0.11126552)]
[2026-05-29 13:14:52]     spatial_update=delta_l2=0.00794318 max_abs=0.00118120 relative=0.00665548 changed=True

[2026-05-29 13:14:53] Fold 2/5 | subject=16
[2026-05-29 13:14:53]     Train: 32 | counts=[16, 16]
[2026-05-29 13:14:53]     Test:  8 | counts=[4, 4]
[2026-05-29 13:14:53]     Model: SignalJEPA_PreLocal | Pretrained: from_pretrained | Strategy: new
[2026-05-29 13:14:53]     Normalization: none | fit_scope=none
[2026-05-29 13:14:53]     Phase 1 (new): 2,170/16,010 params
[2026-05-29 13:14:53]     Result | best_epoch=1 | stop=51 | final_phase_epochs=51 | acc=0.5000 | bal_acc=0.5000 | pred_hist=[0, 8] | collapse=True
[2026-05-29 13:14:53]     spatial_conv=[4, 29] top_abs_channels=[('Pz', 0.15230489), ('O2', 0.14434332), ('T3', 0.126624), ('T4', 0.12219422), ('O1', 0.12115178), ('CP3', 0.12091973), ('C3', 0.11554813), ('CP4', 0.11111011)]
[2026-05-29 13:14:53]     spatial_update=delta_l2=0.00824177 max_abs=0.00119293 relative=0.00690567 changed=True

[2026-05-29 13:14:54] Fold 3/5 | subject=16
[2026-05-29 13:14:54]     Train: 32 | counts=[16, 16]
[2026-05-29 13:14:54]     Test:  8 | counts=[4, 4]
[2026-05-29 13:14:54]     Model: SignalJEPA_PreLocal | Pretrained: from_pretrained | Strategy: new
[2026-05-29 13:14:54]     Normalization: none | fit_scope=none
[2026-05-29 13:14:54]     Phase 1 (new): 2,170/16,010 params
[2026-05-29 13:14:55]     Result | best_epoch=1 | stop=51 | final_phase_epochs=51 | acc=0.5000 | bal_acc=0.5000 | pred_hist=[0, 8] | collapse=True
[2026-05-29 13:14:55]     spatial_conv=[4, 29] top_abs_channels=[('Pz', 0.15279941), ('O2', 0.14416394), ('T3', 0.12657118), ('T4', 0.12209657), ('O1', 0.12190194), ('CP3', 0.12133895), ('C3', 0.11464415), ('CP4', 0.11102059)]
[2026-05-29 13:14:55]     spatial_update=delta_l2=0.00749798 max_abs=0.00119844 relative=0.00628245 changed=True

[2026-05-29 13:14:55] Fold 4/5 | subject=16
[2026-05-29 13:14:55]     Train: 32 | counts=[16, 16]
[2026-05-29 13:14:55]     Test:  8 | counts=[4, 4]
[2026-05-29 13:14:55]     Model: SignalJEPA_PreLocal | Pretrained: from_pretrained | Strategy: new
[2026-05-29 13:14:55]     Normalization: none | fit_scope=none
[2026-05-29 13:14:55]     Phase 1 (new): 2,170/16,010 params
[2026-05-29 13:15:13]     Result | best_epoch=1528 | stop=1578 | final_phase_epochs=1578 | acc=0.5000 | bal_acc=0.5000 | pred_hist=[4, 4] | collapse=False
[2026-05-29 13:15:13]     spatial_conv=[4, 29] top_abs_channels=[('Fz', 0.17554154), ('T6', 0.16894589), ('C4', 0.14904463), ('CP3', 0.14801276), ('FT8', 0.14235409), ('T5', 0.13457114), ('C3', 0.12951927), ('O2', 0.12317751)]
[2026-05-29 13:15:13]     spatial_update=delta_l2=1.36000043 max_abs=0.43475612 relative=1.13952588 changed=True

[2026-05-29 13:15:14] Fold 5/5 | subject=16
[2026-05-29 13:15:14]     Train: 32 | counts=[16, 16]
[2026-05-29 13:15:14]     Test:  8 | counts=[4, 4]
[2026-05-29 13:15:14]     Model: SignalJEPA_PreLocal | Pretrained: from_pretrained | Strategy: new
[2026-05-29 13:15:14]     Normalization: none | fit_scope=none
[2026-05-29 13:15:14]     Phase 1 (new): 2,170/16,010 params
[2026-05-29 13:15:15]     Result | best_epoch=1 | stop=51 | final_phase_epochs=51 | acc=0.5000 | bal_acc=0.5000 | pred_hist=[0, 8] | collapse=True
[2026-05-29 13:15:15]     spatial_conv=[4, 29] top_abs_channels=[('Pz', 0.15230983), ('O2', 0.14449461), ('T3', 0.12651546), ('T4', 0.12169228), ('O1', 0.12150542), ('CP3', 0.12111126), ('C3', 0.11559856), ('CP4', 0.11138197)]
[2026-05-29 13:15:15]     spatial_update=delta_l2=0.00821005 max_abs=0.00119064 relative=0.00687909 changed=True
[2026-05-29 13:15:15]   Subject 16: acc=0.5000±0.0000  bal_acc=0.5000±0.0000
[2026-05-29 13:15:15] \nSubject 17: 40 windows | class_counts=[20, 20]

[2026-05-29 13:15:15] Fold 1/5 | subject=17
[2026-05-29 13:15:15]     Train: 32 | counts=[16, 16]
[2026-05-29 13:15:15]     Test:  8 | counts=[4, 4]
[2026-05-29 13:15:15]     Model: SignalJEPA_PreLocal | Pretrained: from_pretrained | Strategy: new
[2026-05-29 13:15:15]     Normalization: none | fit_scope=none
[2026-05-29 13:15:15]     Phase 1 (new): 2,170/16,010 params
[2026-05-29 13:15:19]     Result | best_epoch=257 | stop=307 | final_phase_epochs=307 | acc=0.3750 | bal_acc=0.3750 | pred_hist=[7, 1] | collapse=False
[2026-05-29 13:15:19]     spatial_conv=[4, 29] top_abs_channels=[('C4', 0.2037403), ('CP4', 0.19651395), ('Fz', 0.15200254), ('Oz', 0.14340283), ('Cz', 0.14107119), ('T3', 0.11927629), ('O2', 0.11892758), ('FC4', 0.10958903)]
[2026-05-29 13:15:19]     spatial_update=delta_l2=0.91307511 max_abs=0.21799566 relative=0.76505322 changed=True

[2026-05-29 13:15:19] Fold 2/5 | subject=17
[2026-05-29 13:15:19]     Train: 32 | counts=[16, 16]
[2026-05-29 13:15:19]     Test:  8 | counts=[4, 4]
[2026-05-29 13:15:19]     Model: SignalJEPA_PreLocal | Pretrained: from_pretrained | Strategy: new
[2026-05-29 13:15:19]     Normalization: none | fit_scope=none
[2026-05-29 13:15:19]     Phase 1 (new): 2,170/16,010 params
[2026-05-29 13:15:20]     Result | best_epoch=1 | stop=51 | final_phase_epochs=51 | acc=0.5000 | bal_acc=0.5000 | pred_hist=[0, 8] | collapse=True
[2026-05-29 13:15:20]     spatial_conv=[4, 29] top_abs_channels=[('Pz', 0.15310808), ('O2', 0.14399581), ('T3', 0.1259495), ('O1', 0.12225554), ('T4', 0.12175382), ('CP3', 0.12096806), ('C3', 0.11465198), ('CP4', 0.11019009)]
[2026-05-29 13:15:20]     spatial_update=delta_l2=0.00876857 max_abs=0.00119886 relative=0.00734706 changed=True

[2026-05-29 13:15:20] Fold 3/5 | subject=17
[2026-05-29 13:15:20]     Train: 32 | counts=[16, 16]
[2026-05-29 13:15:20]     Test:  8 | counts=[4, 4]
[2026-05-29 13:15:20]     Model: SignalJEPA_PreLocal | Pretrained: from_pretrained | Strategy: new
[2026-05-29 13:15:20]     Normalization: none | fit_scope=none
[2026-05-29 13:15:20]     Phase 1 (new): 2,170/16,010 params
[2026-05-29 13:15:21]     Result | best_epoch=1 | stop=51 | final_phase_epochs=51 | acc=0.3750 | bal_acc=0.3750 | pred_hist=[1, 7] | collapse=False
[2026-05-29 13:15:21]     spatial_conv=[4, 29] top_abs_channels=[('Pz', 0.15249236), ('O2', 0.14397135), ('T3', 0.12620893), ('T4', 0.1221359), ('CP3', 0.1215028), ('O1', 0.12087885), ('C3', 0.11525244), ('CP4', 0.11066141)]
[2026-05-29 13:15:21]     spatial_update=delta_l2=0.00866913 max_abs=0.00120197 relative=0.00726375 changed=True

[2026-05-29 13:15:21] Fold 4/5 | subject=17
[2026-05-29 13:15:21]     Train: 32 | counts=[16, 16]
[2026-05-29 13:15:21]     Test:  8 | counts=[4, 4]
[2026-05-29 13:15:21]     Model: SignalJEPA_PreLocal | Pretrained: from_pretrained | Strategy: new
[2026-05-29 13:15:21]     Normalization: none | fit_scope=none
[2026-05-29 13:15:21]     Phase 1 (new): 2,170/16,010 params
[2026-05-29 13:15:22]     Result | best_epoch=16 | stop=65 | final_phase_epochs=65 | acc=0.7500 | bal_acc=0.7500 | pred_hist=[2, 6] | collapse=False
[2026-05-29 13:15:22]     spatial_conv=[4, 29] top_abs_channels=[('O2', 0.14901353), ('Pz', 0.14886276), ('T3', 0.12504262), ('T4', 0.12036), ('CP3', 0.11798565), ('O1', 0.11645125), ('C3', 0.11360011), ('Fz', 0.11257823)]
[2026-05-29 13:15:22]     spatial_update=delta_l2=0.08106925 max_abs=0.01581508 relative=0.06792682 changed=True

[2026-05-29 13:15:22] Fold 5/5 | subject=17
[2026-05-29 13:15:22]     Train: 32 | counts=[16, 16]
[2026-05-29 13:15:22]     Test:  8 | counts=[4, 4]
[2026-05-29 13:15:22]     Model: SignalJEPA_PreLocal | Pretrained: from_pretrained | Strategy: new
[2026-05-29 13:15:22]     Normalization: none | fit_scope=none
[2026-05-29 13:15:22]     Phase 1 (new): 2,170/16,010 params
[2026-05-29 13:15:24]     Result | best_epoch=74 | stop=123 | final_phase_epochs=123 | acc=0.6250 | bal_acc=0.6250 | pred_hist=[3, 5] | collapse=False
[2026-05-29 13:15:24]     spatial_conv=[4, 29] top_abs_channels=[('O2', 0.16344479), ('Fz', 0.15110108), ('T3', 0.13769038), ('Pz', 0.1341929), ('C4', 0.13008483), ('C3', 0.12383247), ('P4', 0.10891418), ('FT7', 0.1060181)]
[2026-05-29 13:15:24]     spatial_update=delta_l2=0.38083036 max_abs=0.09632862 relative=0.31909258 changed=True
[2026-05-29 13:15:24]   Subject 17: acc=0.5250±0.1458  bal_acc=0.5250±0.1458
[2026-05-29 13:15:24] \nSubject 18: 40 windows | class_counts=[20, 20]

[2026-05-29 13:15:25] Fold 1/5 | subject=18
[2026-05-29 13:15:25]     Train: 32 | counts=[16, 16]
[2026-05-29 13:15:25]     Test:  8 | counts=[4, 4]
[2026-05-29 13:15:25]     Model: SignalJEPA_PreLocal | Pretrained: from_pretrained | Strategy: new
[2026-05-29 13:15:25]     Normalization: none | fit_scope=none
[2026-05-29 13:15:25]     Phase 1 (new): 2,170/16,010 params
[2026-05-29 13:15:46]     Result | best_epoch=1786 | stop=1836 | final_phase_epochs=1836 | acc=1.0000 | bal_acc=1.0000 | pred_hist=[4, 4] | collapse=False
[2026-05-29 13:15:46]     spatial_conv=[4, 29] top_abs_channels=[('P4', 0.22435093), ('FT8', 0.19545579), ('TP8', 0.19002615), ('FCz', 0.18634826), ('Oz', 0.14955954), ('P3', 0.14505026), ('FC3', 0.13879858), ('Cz', 0.12175689)]
[2026-05-29 13:15:46]     spatial_update=delta_l2=1.56395457 max_abs=0.43697330 relative=1.31041627 changed=True

[2026-05-29 13:15:47] Fold 2/5 | subject=18
[2026-05-29 13:15:47]     Train: 32 | counts=[16, 16]
[2026-05-29 13:15:47]     Test:  8 | counts=[4, 4]
[2026-05-29 13:15:47]     Model: SignalJEPA_PreLocal | Pretrained: from_pretrained | Strategy: new
[2026-05-29 13:15:47]     Normalization: none | fit_scope=none
[2026-05-29 13:15:47]     Phase 1 (new): 2,170/16,010 params
[2026-05-29 13:15:52]     Result | best_epoch=406 | stop=456 | final_phase_epochs=456 | acc=1.0000 | bal_acc=1.0000 | pred_hist=[4, 4] | collapse=False
[2026-05-29 13:15:52]     spatial_conv=[4, 29] top_abs_channels=[('FT8', 0.22033502), ('TP8', 0.19306272), ('Oz', 0.15582462), ('P4', 0.14292142), ('O1', 0.1377731), ('TP7', 0.13678393), ('T4', 0.12455501), ('Pz', 0.11767402)]
[2026-05-29 13:15:52]     spatial_update=delta_l2=1.27656645 max_abs=0.32851256 relative=1.06961767 changed=True

[2026-05-29 13:15:53] Fold 3/5 | subject=18
[2026-05-29 13:15:53]     Train: 32 | counts=[16, 16]
[2026-05-29 13:15:53]     Test:  8 | counts=[4, 4]
[2026-05-29 13:15:53]     Model: SignalJEPA_PreLocal | Pretrained: from_pretrained | Strategy: new
[2026-05-29 13:15:53]     Normalization: none | fit_scope=none
[2026-05-29 13:15:53]     Phase 1 (new): 2,170/16,010 params
[2026-05-29 13:16:14]     Result | best_epoch=1756 | stop=1806 | final_phase_epochs=1806 | acc=1.0000 | bal_acc=1.0000 | pred_hist=[4, 4] | collapse=False
[2026-05-29 13:16:14]     spatial_conv=[4, 29] top_abs_channels=[('P4', 0.23134206), ('C3', 0.20846823), ('FT8', 0.20803332), ('TP8', 0.20214069), ('Oz', 0.1547484), ('Cz', 0.1520279), ('FCz', 0.12947854), ('P3', 0.12905708)]
[2026-05-29 13:16:14]     spatial_update=delta_l2=1.63167023 max_abs=0.42917511 relative=1.36715431 changed=True

[2026-05-29 13:16:14] Fold 4/5 | subject=18
[2026-05-29 13:16:14]     Train: 32 | counts=[16, 16]
[2026-05-29 13:16:14]     Test:  8 | counts=[4, 4]
[2026-05-29 13:16:14]     Model: SignalJEPA_PreLocal | Pretrained: from_pretrained | Strategy: new
[2026-05-29 13:16:14]     Normalization: none | fit_scope=none
[2026-05-29 13:16:14]     Phase 1 (new): 2,170/16,010 params
[2026-05-29 13:16:28]     Result | best_epoch=1199 | stop=1249 | final_phase_epochs=1249 | acc=0.8750 | bal_acc=0.8750 | pred_hist=[3, 5] | collapse=False
[2026-05-29 13:16:28]     spatial_conv=[4, 29] top_abs_channels=[('P4', 0.23480719), ('FT8', 0.20234181), ('FCz', 0.20014136), ('TP8', 0.19228531), ('Oz', 0.1475386), ('Pz', 0.11984459), ('P3', 0.11620955), ('Cz', 0.11430746)]
[2026-05-29 13:16:28]     spatial_update=delta_l2=1.48953261 max_abs=0.43257470 relative=1.24805913 changed=True

[2026-05-29 13:16:29] Fold 5/5 | subject=18
[2026-05-29 13:16:29]     Train: 32 | counts=[16, 16]
[2026-05-29 13:16:29]     Test:  8 | counts=[4, 4]
[2026-05-29 13:16:29]     Model: SignalJEPA_PreLocal | Pretrained: from_pretrained | Strategy: new
[2026-05-29 13:16:29]     Normalization: none | fit_scope=none
[2026-05-29 13:16:29]     Phase 1 (new): 2,170/16,010 params
[2026-05-29 13:16:45]     Result | best_epoch=1081 | stop=1131 | final_phase_epochs=1131 | acc=0.8750 | bal_acc=0.8750 | pred_hist=[5, 3] | collapse=False
[2026-05-29 13:16:45]     spatial_conv=[4, 29] top_abs_channels=[('FT8', 0.20839182), ('TP8', 0.18961509), ('P4', 0.17733718), ('C3', 0.17689556), ('FCz', 0.16723068), ('Oz', 0.12224732), ('P3', 0.12014979), ('Fz', 0.11952368)]
[2026-05-29 13:16:45]     spatial_update=delta_l2=1.40410800 max_abs=0.40099381 relative=1.17648300 changed=True
[2026-05-29 13:16:45]   Subject 18: acc=0.9500±0.0612  bal_acc=0.9500±0.0612
[2026-05-29 13:16:45] \nSubject 19: 40 windows | class_counts=[20, 20]

[2026-05-29 13:16:46] Fold 1/5 | subject=19
[2026-05-29 13:16:46]     Train: 32 | counts=[16, 16]
[2026-05-29 13:16:46]     Test:  8 | counts=[4, 4]
[2026-05-29 13:16:46]     Model: SignalJEPA_PreLocal | Pretrained: from_pretrained | Strategy: new
[2026-05-29 13:16:46]     Normalization: none | fit_scope=none
[2026-05-29 13:16:46]     Phase 1 (new): 2,170/16,010 params
[2026-05-29 13:16:47]     Result | best_epoch=1 | stop=51 | final_phase_epochs=51 | acc=0.5000 | bal_acc=0.5000 | pred_hist=[0, 8] | collapse=True
[2026-05-29 13:16:47]     spatial_conv=[4, 29] top_abs_channels=[('Pz', 0.15392762), ('O2', 0.14354052), ('T3', 0.12710904), ('O1', 0.12285506), ('T4', 0.12187087), ('CP3', 0.1203745), ('C3', 0.11594626), ('CP4', 0.11069308)]
[2026-05-29 13:16:47]     spatial_update=delta_l2=0.00836449 max_abs=0.00119071 relative=0.00700849 changed=True

[2026-05-29 13:16:47] Fold 2/5 | subject=19
[2026-05-29 13:16:47]     Train: 32 | counts=[16, 16]
[2026-05-29 13:16:47]     Test:  8 | counts=[4, 4]
[2026-05-29 13:16:47]     Model: SignalJEPA_PreLocal | Pretrained: from_pretrained | Strategy: new
[2026-05-29 13:16:47]     Normalization: none | fit_scope=none
[2026-05-29 13:16:47]     Phase 1 (new): 2,170/16,010 params
[2026-05-29 13:16:52]     Result | best_epoch=239 | stop=289 | final_phase_epochs=289 | acc=0.2500 | bal_acc=0.2500 | pred_hist=[4, 4] | collapse=False
[2026-05-29 13:16:52]     spatial_conv=[4, 29] top_abs_channels=[('T3', 0.16885874), ('CP3', 0.14978909), ('Pz', 0.14616758), ('F7', 0.14335078), ('FC4', 0.14272878), ('TP7', 0.14052175), ('O2', 0.13686273), ('C4', 0.12879243)]
[2026-05-29 13:16:52]     spatial_update=delta_l2=0.84915880 max_abs=0.24004593 relative=0.71149861 changed=True

[2026-05-29 13:16:52] Fold 3/5 | subject=19
[2026-05-29 13:16:52]     Train: 32 | counts=[16, 16]
[2026-05-29 13:16:52]     Test:  8 | counts=[4, 4]
[2026-05-29 13:16:52]     Model: SignalJEPA_PreLocal | Pretrained: from_pretrained | Strategy: new
[2026-05-29 13:16:52]     Normalization: none | fit_scope=none
[2026-05-29 13:16:52]     Phase 1 (new): 2,170/16,010 params
[2026-05-29 13:16:53]     Result | best_epoch=1 | stop=51 | final_phase_epochs=51 | acc=0.5000 | bal_acc=0.5000 | pred_hist=[0, 8] | collapse=True
[2026-05-29 13:16:53]     spatial_conv=[4, 29] top_abs_channels=[('Pz', 0.15362573), ('O2', 0.14395513), ('T3', 0.12702687), ('O1', 0.12250543), ('T4', 0.1222811), ('CP3', 0.12105863), ('C3', 0.11591314), ('CP4', 0.11148386)]
[2026-05-29 13:16:53]     spatial_update=delta_l2=0.00898029 max_abs=0.00120063 relative=0.00752446 changed=True

[2026-05-29 13:16:54] Fold 4/5 | subject=19
[2026-05-29 13:16:54]     Train: 32 | counts=[16, 16]
[2026-05-29 13:16:54]     Test:  8 | counts=[4, 4]
[2026-05-29 13:16:54]     Model: SignalJEPA_PreLocal | Pretrained: from_pretrained | Strategy: new
[2026-05-29 13:16:54]     Normalization: none | fit_scope=none
[2026-05-29 13:16:54]     Phase 1 (new): 2,170/16,010 params
[2026-05-29 13:16:55]     Result | best_epoch=1 | stop=51 | final_phase_epochs=51 | acc=0.5000 | bal_acc=0.5000 | pred_hist=[0, 8] | collapse=True
[2026-05-29 13:16:55]     spatial_conv=[4, 29] top_abs_channels=[('Pz', 0.15268981), ('O2', 0.14493676), ('T3', 0.12678722), ('T4', 0.1224143), ('O1', 0.12183336), ('CP3', 0.1212536), ('C3', 0.11546113), ('CP4', 0.11077145)]
[2026-05-29 13:16:55]     spatial_update=delta_l2=0.00799078 max_abs=0.00119868 relative=0.00669537 changed=True

[2026-05-29 13:16:55] Fold 5/5 | subject=19
[2026-05-29 13:16:55]     Train: 32 | counts=[16, 16]
[2026-05-29 13:16:55]     Test:  8 | counts=[4, 4]
[2026-05-29 13:16:55]     Model: SignalJEPA_PreLocal | Pretrained: from_pretrained | Strategy: new
[2026-05-29 13:16:55]     Normalization: none | fit_scope=none
[2026-05-29 13:16:55]     Phase 1 (new): 2,170/16,010 params
[2026-05-29 13:16:59]     Result | best_epoch=252 | stop=302 | final_phase_epochs=302 | acc=0.6250 | bal_acc=0.6250 | pred_hist=[5, 3] | collapse=False
[2026-05-29 13:16:59]     spatial_conv=[4, 29] top_abs_channels=[('Pz', 0.19104868), ('CP3', 0.17894456), ('P4', 0.15169068), ('T4', 0.15077049), ('T3', 0.14656048), ('Fz', 0.12847385), ('O1', 0.12594806), ('FC4', 0.11029339)]
[2026-05-29 13:16:59]     spatial_update=delta_l2=0.67753428 max_abs=0.17019214 relative=0.56769676 changed=True
[2026-05-29 13:16:59]   Subject 19: acc=0.4750±0.1225  bal_acc=0.4750±0.1225
[2026-05-29 13:16:59] \nSubject 20: 40 windows | class_counts=[20, 20]

[2026-05-29 13:17:00] Fold 1/5 | subject=20
[2026-05-29 13:17:00]     Train: 32 | counts=[16, 16]
[2026-05-29 13:17:00]     Test:  8 | counts=[4, 4]
[2026-05-29 13:17:00]     Model: SignalJEPA_PreLocal | Pretrained: from_pretrained | Strategy: new
[2026-05-29 13:17:00]     Normalization: none | fit_scope=none
[2026-05-29 13:17:00]     Phase 1 (new): 2,170/16,010 params
[2026-05-29 13:17:13]     Result | best_epoch=1014 | stop=1064 | final_phase_epochs=1064 | acc=0.7500 | bal_acc=0.7500 | pred_hist=[4, 4] | collapse=False
[2026-05-29 13:17:13]     spatial_conv=[4, 29] top_abs_channels=[('Fz', 0.19775289), ('Cz', 0.17185873), ('TP7', 0.16731019), ('F8', 0.15615875), ('F4', 0.15342164), ('Pz', 0.11888996), ('P3', 0.11715156), ('O1', 0.11455384)]
[2026-05-29 13:17:13]     spatial_update=delta_l2=1.25396949 max_abs=0.31228631 relative=1.05068399 changed=True

[2026-05-29 13:17:13] Fold 2/5 | subject=20
[2026-05-29 13:17:13]     Train: 32 | counts=[16, 16]
[2026-05-29 13:17:13]     Test:  8 | counts=[4, 4]
[2026-05-29 13:17:13]     Model: SignalJEPA_PreLocal | Pretrained: from_pretrained | Strategy: new
[2026-05-29 13:17:13]     Normalization: none | fit_scope=none
[2026-05-29 13:17:13]     Phase 1 (new): 2,170/16,010 params
[2026-05-29 13:17:16]     Result | best_epoch=142 | stop=192 | final_phase_epochs=192 | acc=0.5000 | bal_acc=0.5000 | pred_hist=[4, 4] | collapse=False
[2026-05-29 13:17:16]     spatial_conv=[4, 29] top_abs_channels=[('Pz', 0.16325918), ('O1', 0.16178645), ('Fz', 0.14040279), ('TP7', 0.13329794), ('F8', 0.12646151), ('CP4', 0.11968853), ('O2', 0.11112472), ('Cz', 0.11008903)]
[2026-05-29 13:17:16]     spatial_update=delta_l2=0.67117347 max_abs=0.16984743 relative=0.56236713 changed=True

[2026-05-29 13:17:16] Fold 3/5 | subject=20
[2026-05-29 13:17:16]     Train: 32 | counts=[16, 16]
[2026-05-29 13:17:16]     Test:  8 | counts=[4, 4]
[2026-05-29 13:17:16]     Model: SignalJEPA_PreLocal | Pretrained: from_pretrained | Strategy: new
[2026-05-29 13:17:16]     Normalization: none | fit_scope=none
[2026-05-29 13:17:16]     Phase 1 (new): 2,170/16,010 params
[2026-05-29 13:17:17]     Result | best_epoch=1 | stop=51 | final_phase_epochs=51 | acc=0.5000 | bal_acc=0.5000 | pred_hist=[0, 8] | collapse=True
[2026-05-29 13:17:17]     spatial_conv=[4, 29] top_abs_channels=[('Pz', 0.15306434), ('O2', 0.14396182), ('T3', 0.12732893), ('T4', 0.12235127), ('O1', 0.121949), ('CP3', 0.12112734), ('C3', 0.11474781), ('CP4', 0.11065741)]
[2026-05-29 13:17:17]     spatial_update=delta_l2=0.00851701 max_abs=0.00120141 relative=0.00713629 changed=True

[2026-05-29 13:17:17] Fold 4/5 | subject=20
[2026-05-29 13:17:17]     Train: 32 | counts=[16, 16]
[2026-05-29 13:17:17]     Test:  8 | counts=[4, 4]
[2026-05-29 13:17:17]     Model: SignalJEPA_PreLocal | Pretrained: from_pretrained | Strategy: new
[2026-05-29 13:17:17]     Normalization: none | fit_scope=none
[2026-05-29 13:17:17]     Phase 1 (new): 2,170/16,010 params
[2026-05-29 13:17:19]     Result | best_epoch=97 | stop=147 | final_phase_epochs=147 | acc=0.8750 | bal_acc=0.8750 | pred_hist=[5, 3] | collapse=False
[2026-05-29 13:17:19]     spatial_conv=[4, 29] top_abs_channels=[('T4', 0.16075915), ('Pz', 0.15451792), ('O1', 0.13282944), ('O2', 0.12266806), ('Fp1', 0.12145157), ('Fz', 0.11715961), ('TP7', 0.11369358), ('C3', 0.11001912)]
[2026-05-29 13:17:19]     spatial_update=delta_l2=0.52562465 max_abs=0.12018145 relative=0.44041375 changed=True

[2026-05-29 13:17:19] Fold 5/5 | subject=20
[2026-05-29 13:17:19]     Train: 32 | counts=[16, 16]
[2026-05-29 13:17:19]     Test:  8 | counts=[4, 4]
[2026-05-29 13:17:19]     Model: SignalJEPA_PreLocal | Pretrained: from_pretrained | Strategy: new
[2026-05-29 13:17:19]     Normalization: none | fit_scope=none
[2026-05-29 13:17:19]     Phase 1 (new): 2,170/16,010 params
[2026-05-29 13:17:31]     Result | best_epoch=967 | stop=972 | final_phase_epochs=972 | acc=0.6250 | bal_acc=0.6250 | pred_hist=[5, 3] | collapse=False
[2026-05-29 13:17:31]     spatial_conv=[4, 29] top_abs_channels=[('F8', 0.21364856), ('Pz', 0.16894716), ('Fz', 0.16488168), ('O1', 0.14872965), ('Cz', 0.13730752), ('TP7', 0.12950194), ('F3', 0.12520525), ('CP4', 0.11922391)]
[2026-05-29 13:17:31]     spatial_update=delta_l2=1.23781990 max_abs=0.34442436 relative=1.03715247 changed=True
[2026-05-29 13:17:31]   Subject 20: acc=0.6500±0.1458  bal_acc=0.6500±0.1458
[2026-05-29 13:17:31] \nSubject 21: 40 windows | class_counts=[20, 20]

[2026-05-29 13:17:31] Fold 1/5 | subject=21
[2026-05-29 13:17:31]     Train: 32 | counts=[16, 16]
[2026-05-29 13:17:31]     Test:  8 | counts=[4, 4]
[2026-05-29 13:17:31]     Model: SignalJEPA_PreLocal | Pretrained: from_pretrained | Strategy: new
[2026-05-29 13:17:31]     Normalization: none | fit_scope=none
[2026-05-29 13:17:31]     Phase 1 (new): 2,170/16,010 params
[2026-05-29 13:17:33]     Result | best_epoch=65 | stop=115 | final_phase_epochs=115 | acc=0.6250 | bal_acc=0.6250 | pred_hist=[5, 3] | collapse=False
[2026-05-29 13:17:33]     spatial_conv=[4, 29] top_abs_channels=[('Pz', 0.15507787), ('O2', 0.14992407), ('CP3', 0.14324236), ('Fp1', 0.13622797), ('CP4', 0.12889539), ('O1', 0.11756687), ('T5', 0.1116302), ('F7', 0.10793854)]
[2026-05-29 13:17:33]     spatial_update=delta_l2=0.35675464 max_abs=0.08478460 relative=0.29891986 changed=True

[2026-05-29 13:17:34] Fold 2/5 | subject=21
[2026-05-29 13:17:34]     Train: 32 | counts=[16, 16]
[2026-05-29 13:17:34]     Test:  8 | counts=[4, 4]
[2026-05-29 13:17:34]     Model: SignalJEPA_PreLocal | Pretrained: from_pretrained | Strategy: new
[2026-05-29 13:17:34]     Normalization: none | fit_scope=none
[2026-05-29 13:17:34]     Phase 1 (new): 2,170/16,010 params
[2026-05-29 13:17:35]     Result | best_epoch=21 | stop=71 | final_phase_epochs=71 | acc=0.5000 | bal_acc=0.5000 | pred_hist=[0, 8] | collapse=True
[2026-05-29 13:17:35]     spatial_conv=[4, 29] top_abs_channels=[('Pz', 0.15707767), ('O2', 0.13772027), ('T3', 0.13358036), ('O1', 0.1249998), ('CP3', 0.12029328), ('T4', 0.11916696), ('CP4', 0.1163096), ('Fp1', 0.11624475)]
[2026-05-29 13:17:35]     spatial_update=delta_l2=0.09773702 max_abs=0.02714787 relative=0.08189252 changed=True

[2026-05-29 13:17:35] Fold 3/5 | subject=21
[2026-05-29 13:17:35]     Train: 32 | counts=[16, 16]
[2026-05-29 13:17:35]     Test:  8 | counts=[4, 4]
[2026-05-29 13:17:35]     Model: SignalJEPA_PreLocal | Pretrained: from_pretrained | Strategy: new
[2026-05-29 13:17:35]     Normalization: none | fit_scope=none
[2026-05-29 13:17:35]     Phase 1 (new): 2,170/16,010 params
[2026-05-29 13:17:37]     Result | best_epoch=86 | stop=136 | final_phase_epochs=136 | acc=0.5000 | bal_acc=0.5000 | pred_hist=[6, 2] | collapse=False
[2026-05-29 13:17:37]     spatial_conv=[4, 29] top_abs_channels=[('Fp1', 0.15991887), ('Pz', 0.14899653), ('CP4', 0.13862537), ('T3', 0.13082215), ('F7', 0.12918657), ('CP3', 0.12705141), ('O2', 0.12605974), ('O1', 0.1225023)]
[2026-05-29 13:17:37]     spatial_update=delta_l2=0.45109227 max_abs=0.09864139 relative=0.37796408 changed=True

[2026-05-29 13:17:37] Fold 4/5 | subject=21
[2026-05-29 13:17:37]     Train: 32 | counts=[16, 16]
[2026-05-29 13:17:37]     Test:  8 | counts=[4, 4]
[2026-05-29 13:17:37]     Model: SignalJEPA_PreLocal | Pretrained: from_pretrained | Strategy: new
[2026-05-29 13:17:37]     Normalization: none | fit_scope=none
[2026-05-29 13:17:37]     Phase 1 (new): 2,170/16,010 params
[2026-05-29 13:17:39]     Result | best_epoch=41 | stop=90 | final_phase_epochs=90 | acc=0.8750 | bal_acc=0.8750 | pred_hist=[3, 5] | collapse=False
[2026-05-29 13:17:39]     spatial_conv=[4, 29] top_abs_channels=[('Pz', 0.15310417), ('O2', 0.14600621), ('CP3', 0.13033444), ('Fp1', 0.12828809), ('CP4', 0.12828322), ('T3', 0.12282103), ('O1', 0.11995696), ('Fz', 0.11522685)]
[2026-05-29 13:17:39]     spatial_update=delta_l2=0.21536891 max_abs=0.04688727 relative=0.18045468 changed=True

[2026-05-29 13:17:39] Fold 5/5 | subject=21
[2026-05-29 13:17:39]     Train: 32 | counts=[16, 16]
[2026-05-29 13:17:39]     Test:  8 | counts=[4, 4]
[2026-05-29 13:17:39]     Model: SignalJEPA_PreLocal | Pretrained: from_pretrained | Strategy: new
[2026-05-29 13:17:39]     Normalization: none | fit_scope=none
[2026-05-29 13:17:39]     Phase 1 (new): 2,170/16,010 params
[2026-05-29 13:17:42]     Result | best_epoch=191 | stop=241 | final_phase_epochs=241 | acc=0.3750 | bal_acc=0.3750 | pred_hist=[5, 3] | collapse=False
[2026-05-29 13:17:42]     spatial_conv=[4, 29] top_abs_channels=[('Oz', 0.17921868), ('Fp1', 0.16046578), ('Pz', 0.1455602), ('P3', 0.14484908), ('C3', 0.1329117), ('O2', 0.11998993), ('O1', 0.11995053), ('CP3', 0.11875477)]
[2026-05-29 13:17:42]     spatial_update=delta_l2=0.79209629 max_abs=0.20168953 relative=0.66368671 changed=True
[2026-05-29 13:17:42]   Subject 21: acc=0.5750±0.1696  bal_acc=0.5750±0.1696
[2026-05-29 13:17:42] \nSubject 22: 40 windows | class_counts=[20, 20]
