[2026-07-16 19:49:15] Run ID:     20260716_1949_cf8732d7
[2026-07-16 19:49:15] Artifacts:  /Users/vadim/Documents/School/Spring 2026/CSCE A698 Individual Research/EEG_JEPA/artifacts/liu2024-sjepa-prelocal-gacl8/20260716_1949_cf8732d7
[2026-07-16 19:49:15] Config:     /Users/vadim/Documents/School/Spring 2026/CSCE A698 Individual Research/EEG_JEPA/artifacts/liu2024-sjepa-prelocal-gacl8/20260716_1949_cf8732d7/config.json
[2026-07-16 19:49:15] Using device: mps
[2026-07-16 19:49:16] Seed initialized: 2026
[2026-07-16 19:49:16] Configured preprocessing pipeline:
[2026-07-16 19:49:16]   - [ON] source::select_eeg_channels | - select Liu EEG channels, drop CPz reference, EOG, and marker before model input
[2026-07-16 19:49:16]   - [ON] source::demean | mode=baseline_window_mean | baseline_window_s=[0.0, 2.0]
[2026-07-16 19:49:16]   - [off] source::detrend | mode=none
[2026-07-16 19:49:16]   - [off] source::eog_correction | mode=none
[2026-07-16 19:49:16]   - [off] source::artifact_clipping | mode=none | percentile=99.5
[2026-07-16 19:49:16]   - [ON] mne_raw::reference | timing=before_resample_filter | mode=average
[2026-07-16 19:49:16]   - [ON] mne_raw::resample | sfreq=128
[2026-07-16 19:49:16]   - [ON] mne_raw::bandpass_filter | l_freq=0.5 | h_freq=40.0 | method=fir | phase=zero | fir_design=firwin
[2026-07-16 19:49:16]   - [off] mne_raw::notch_filter | timing=after_bandpass
[2026-07-16 19:49:16]   - [ON] window::crop_fixed_mi_window | start_s=1.5 | target_window_samples=537
[2026-07-16 19:49:16]   - [off] window::bad_trial_rejection
[2026-07-16 19:49:16]   - [off] split::fold_safe_normalization | mode=none
[2026-07-16 19:49:16] Source extract dir: /Users/vadim/Documents/School/Spring 2026/CSCE A698 Individual Research/EEG_JEPA/liu2024_data/liu2024_figshare/sourcedata
[2026-07-16 19:49:16] Found 50 .mat files
[2026-07-16 19:49:16] MAT structure preview saved to: /Users/vadim/Documents/School/Spring 2026/CSCE A698 Individual Research/EEG_JEPA/artifacts/liu2024-sjepa-prelocal-gacl8/20260716_1949_cf8732d7/mat_structure_preview_first_subject.csv
[2026-07-16 19:49:17] Subjects loaded: [1, 2, 3, 4, 5, 6, 7, 8]
[2026-07-16 19:49:17] Subject inventory saved to: /Users/vadim/Documents/School/Spring 2026/CSCE A698 Individual Research/EEG_JEPA/artifacts/liu2024-sjepa-prelocal-gacl8/20260716_1949_cf8732d7/subject_inventory.csv
[2026-07-16 19:49:20] X_ALL shape: (320, 29, 537) | Y_ALL counts: [160, 160]
[2026-07-16 19:49:20] Preprocessing steps used:
[2026-07-16 19:49:20]   - select 29 EEG channels; drop CPz source reference, EOG, and marker
[2026-07-16 19:49:20]   - source demean: subtract baseline mean [0.0, 2.0]s
[2026-07-16 19:49:20]   - source detrend skipped
[2026-07-16 19:49:20]   - EOG correction skipped
[2026-07-16 19:49:20]   - source artifact clipping skipped
[2026-07-16 19:49:20]   - convert source microvolts to MNE volts
[2026-07-16 19:49:20]   - average reference at before resample/filter
[2026-07-16 19:49:20]   - resample to 128 Hz
[2026-07-16 19:49:20]   - FIR bandpass 0.5–40.0 Hz | phase=zero | fir_design=firwin
[2026-07-16 19:49:20]   - convert MNE volts to model microvolts
[2026-07-16 19:49:20]   - crop fixed window samples [192:729]
[2026-07-16 19:49:20]   - bad-trial rejection skipped
[2026-07-16 19:49:20] Window summary saved to: /Users/vadim/Documents/School/Spring 2026/CSCE A698 Individual Research/EEG_JEPA/artifacts/liu2024-sjepa-prelocal-gacl8/20260716_1949_cf8732d7/window_counts_by_subject.csv
[2026-07-16 19:49:21] ======================================================================
[2026-07-16 19:49:21] STARTING WITHIN-SUBJECT EVALUATION
[2026-07-16 19:49:21] ======================================================================
[2026-07-16 19:49:21] Experiment:    sjepa_prelocal_gacl8_sensor_rotation_noise
[2026-07-16 19:49:21] Subjects:      ['1', '2', '3', '4', '5', '6', '7', '8']
[2026-07-16 19:49:21] Model:         SignalJEPA_PreLocal
[2026-07-16 19:49:21] Pretrained:    from_pretrained
[2026-07-16 19:49:21] Strategy:      new
[2026-07-16 19:49:21] Preprocessing: demean=baseline_window_mean | detrend=none | eog=none | clip=none | ref=average@before_resample_filter | resample=True->128 | filter=True 0.5–40.0 fir
[2026-07-16 19:49:21] Normalization: none | reject_bad_trials=False
[2026-07-16 19:49:21] Evaluation:    stratified_kfold | cv_folds=5 | n_repeats=10 | test_size=0.4
[2026-07-16 19:49:21] Seed:          base=2026 | cv=2026 | split=2026 | val=2026
[2026-07-16 19:49:21] Window:        start=1.5s | samples=537 | duration=4.1953s | effective sfreq=128.0
[2026-07-16 19:49:21] Optimizer:     adam | lr=0.0005 | wd=0.0
[2026-07-16 19:49:21] Augmentation:  name=gacl_inspired_sensor_rotation_noise | enabled=True | transforms=2
[2026-07-16 19:49:21] Val split:     0.2
[2026-07-16 19:49:21] Max epochs:    5000 | patience=50
[2026-07-16 19:49:21] Device:        mps
[2026-07-16 19:49:21] ======================================================================
[2026-07-16 19:49:21] \nSubject 1: 40 windows | class_counts=[20, 20]

[2026-07-16 19:49:21] Fold 1/5 | subject=1
[2026-07-16 19:49:21]     Train: 32 | counts=[16, 16]
[2026-07-16 19:49:21]     Test:  8 | counts=[4, 4]
[2026-07-16 19:49:21]     Model: SignalJEPA_PreLocal | Pretrained: from_pretrained | Strategy: new
[2026-07-16 19:49:21]     Normalization: none | fit_scope=none
[2026-07-16 19:49:21]     Phase 1 (new): 2,170/16,010 params
[2026-07-16 19:49:21] [augmentation] 'gacl_inspired_sensor_rotation_noise' -> 2 transform(s), train iterator only
[2026-07-16 19:49:58]     Result | best_epoch=525 | stop=575 | final_phase_epochs=575 | acc=0.6250 | bal_acc=0.6250 | pred_hist=[5, 3] | collapse=False
[2026-07-16 19:49:58]     spatial_conv=[4, 29] top_abs_channels=[('O1', 0.20265259), ('Cz', 0.14562437), ('CP4', 0.13790284), ('F3', 0.12540136), ('CP3', 0.12134478), ('O2', 0.11810533), ('T3', 0.11402398), ('TP7', 0.11396094)]
[2026-07-16 19:49:58]     spatial_update=delta_l2=1.08928284 max_abs=0.28076471 relative=0.91269528 changed=True

[2026-07-16 19:49:58] Fold 2/5 | subject=1
[2026-07-16 19:49:58]     Train: 32 | counts=[16, 16]
[2026-07-16 19:49:58]     Test:  8 | counts=[4, 4]
[2026-07-16 19:49:58]     Model: SignalJEPA_PreLocal | Pretrained: from_pretrained | Strategy: new
[2026-07-16 19:49:58]     Normalization: none | fit_scope=none
[2026-07-16 19:49:58]     Phase 1 (new): 2,170/16,010 params
[2026-07-16 19:49:58] [augmentation] 'gacl_inspired_sensor_rotation_noise' -> 2 transform(s), train iterator only
[2026-07-16 19:50:23]     Result | best_epoch=422 | stop=472 | final_phase_epochs=472 | acc=0.2500 | bal_acc=0.2500 | pred_hist=[6, 2] | collapse=False
[2026-07-16 19:50:23]     spatial_conv=[4, 29] top_abs_channels=[('Fz', 0.17430022), ('T3', 0.15813531), ('T4', 0.147497), ('Fp1', 0.14094681), ('Cz', 0.13677594), ('O1', 0.12861012), ('TP7', 0.11663845), ('F7', 0.11193833)]
[2026-07-16 19:50:23]     spatial_update=delta_l2=0.92876432 max_abs=0.21538264 relative=0.77819900 changed=True

[2026-07-16 19:50:23] Fold 3/5 | subject=1
[2026-07-16 19:50:23]     Train: 32 | counts=[16, 16]
[2026-07-16 19:50:23]     Test:  8 | counts=[4, 4]
[2026-07-16 19:50:23]     Model: SignalJEPA_PreLocal | Pretrained: from_pretrained | Strategy: new
[2026-07-16 19:50:23]     Normalization: none | fit_scope=none
[2026-07-16 19:50:23]     Phase 1 (new): 2,170/16,010 params
[2026-07-16 19:50:23] [augmentation] 'gacl_inspired_sensor_rotation_noise' -> 2 transform(s), train iterator only
[2026-07-16 19:50:25]     Result | best_epoch=4 | stop=51 | final_phase_epochs=51 | acc=0.5000 | bal_acc=0.5000 | pred_hist=[0, 8] | collapse=True
[2026-07-16 19:50:25]     spatial_conv=[4, 29] top_abs_channels=[('Pz', 0.15278903), ('O2', 0.14439136), ('T3', 0.12673479), ('O1', 0.12211213), ('T4', 0.1220876), ('CP3', 0.12137438), ('C3', 0.11498083), ('CP4', 0.11118309)]
[2026-07-16 19:50:25]     spatial_update=delta_l2=0.00538442 max_abs=0.00050000 relative=0.00451153 changed=True

[2026-07-16 19:50:25] Fold 4/5 | subject=1
[2026-07-16 19:50:25]     Train: 32 | counts=[16, 16]
[2026-07-16 19:50:25]     Test:  8 | counts=[4, 4]
[2026-07-16 19:50:25]     Model: SignalJEPA_PreLocal | Pretrained: from_pretrained | Strategy: new
[2026-07-16 19:50:25]     Normalization: none | fit_scope=none
[2026-07-16 19:50:25]     Phase 1 (new): 2,170/16,010 params
[2026-07-16 19:50:25] [augmentation] 'gacl_inspired_sensor_rotation_noise' -> 2 transform(s), train iterator only
[2026-07-16 19:51:21]     Result | best_epoch=859 | stop=909 | final_phase_epochs=909 | acc=0.6250 | bal_acc=0.6250 | pred_hist=[5, 3] | collapse=False
[2026-07-16 19:51:21]     spatial_conv=[4, 29] top_abs_channels=[('T4', 0.17879418), ('Fp1', 0.15119846), ('P3', 0.14679183), ('T3', 0.14374696), ('C4', 0.13935636), ('FC3', 0.13873921), ('O1', 0.1323237), ('F4', 0.12919608)]
[2026-07-16 19:51:21]     spatial_update=delta_l2=1.23973838 max_abs=0.32865103 relative=1.03875993 changed=True

[2026-07-16 19:51:21] Fold 5/5 | subject=1
[2026-07-16 19:51:21]     Train: 32 | counts=[16, 16]
[2026-07-16 19:51:21]     Test:  8 | counts=[4, 4]
[2026-07-16 19:51:21]     Model: SignalJEPA_PreLocal | Pretrained: from_pretrained | Strategy: new
[2026-07-16 19:51:21]     Normalization: none | fit_scope=none
[2026-07-16 19:51:21]     Phase 1 (new): 2,170/16,010 params
[2026-07-16 19:51:21] [augmentation] 'gacl_inspired_sensor_rotation_noise' -> 2 transform(s), train iterator only
[2026-07-16 19:51:24]     Result | best_epoch=4 | stop=51 | final_phase_epochs=51 | acc=0.5000 | bal_acc=0.5000 | pred_hist=[0, 8] | collapse=True
[2026-07-16 19:51:24]     spatial_conv=[4, 29] top_abs_channels=[('Pz', 0.15303901), ('O2', 0.14439136), ('T3', 0.12673479), ('T4', 0.12233759), ('O1', 0.12186212), ('CP3', 0.12087446), ('C3', 0.11498094), ('CP4', 0.1106832)]
[2026-07-16 19:51:24]     spatial_update=delta_l2=0.00538499 max_abs=0.00050000 relative=0.00451201 changed=True
[2026-07-16 19:51:24]   Subject 1: acc=0.5000±0.1369  bal_acc=0.5000±0.1369
[2026-07-16 19:51:24] \nSubject 2: 40 windows | class_counts=[20, 20]

[2026-07-16 19:51:24] Fold 1/5 | subject=2
[2026-07-16 19:51:24]     Train: 32 | counts=[16, 16]
[2026-07-16 19:51:24]     Test:  8 | counts=[4, 4]
[2026-07-16 19:51:24]     Model: SignalJEPA_PreLocal | Pretrained: from_pretrained | Strategy: new
[2026-07-16 19:51:24]     Normalization: none | fit_scope=none
[2026-07-16 19:51:24]     Phase 1 (new): 2,170/16,010 params
[2026-07-16 19:51:24] [augmentation] 'gacl_inspired_sensor_rotation_noise' -> 2 transform(s), train iterator only
[2026-07-16 19:52:21]     Result | best_epoch=869 | stop=919 | final_phase_epochs=919 | acc=0.5000 | bal_acc=0.5000 | pred_hist=[6, 2] | collapse=False
[2026-07-16 19:52:21]     spatial_conv=[4, 29] top_abs_channels=[('T6', 0.20793997), ('CP3', 0.15456527), ('Fp1', 0.12154374), ('FCz', 0.12097456), ('CP4', 0.12036063), ('F4', 0.11613842), ('Fz', 0.11275018), ('O2', 0.11081655)]
[2026-07-16 19:52:21]     spatial_update=delta_l2=1.24010146 max_abs=0.30139536 relative=1.03906416 changed=True

[2026-07-16 19:52:21] Fold 2/5 | subject=2
[2026-07-16 19:52:21]     Train: 32 | counts=[16, 16]
[2026-07-16 19:52:21]     Test:  8 | counts=[4, 4]
[2026-07-16 19:52:21]     Model: SignalJEPA_PreLocal | Pretrained: from_pretrained | Strategy: new
[2026-07-16 19:52:21]     Normalization: none | fit_scope=none
[2026-07-16 19:52:21]     Phase 1 (new): 2,170/16,010 params
[2026-07-16 19:52:21] [augmentation] 'gacl_inspired_sensor_rotation_noise' -> 2 transform(s), train iterator only
[2026-07-16 19:52:46]     Result | best_epoch=328 | stop=377 | final_phase_epochs=377 | acc=0.7500 | bal_acc=0.7500 | pred_hist=[6, 2] | collapse=False
[2026-07-16 19:52:46]     spatial_conv=[4, 29] top_abs_channels=[('T3', 0.18397459), ('CP3', 0.17665946), ('C3', 0.16233127), ('O2', 0.14371626), ('Fz', 0.14263386), ('Pz', 0.1286556), ('T5', 0.12395835), ('F8', 0.11114649)]
[2026-07-16 19:52:46]     spatial_update=delta_l2=0.77550908 max_abs=0.15333602 relative=0.64978852 changed=True

[2026-07-16 19:52:46] Fold 3/5 | subject=2
[2026-07-16 19:52:46]     Train: 32 | counts=[16, 16]
[2026-07-16 19:52:46]     Test:  8 | counts=[4, 4]
[2026-07-16 19:52:46]     Model: SignalJEPA_PreLocal | Pretrained: from_pretrained | Strategy: new
[2026-07-16 19:52:46]     Normalization: none | fit_scope=none
[2026-07-16 19:52:46]     Phase 1 (new): 2,170/16,010 params
[2026-07-16 19:52:46] [augmentation] 'gacl_inspired_sensor_rotation_noise' -> 2 transform(s), train iterator only
[2026-07-16 19:52:50]     Result | best_epoch=5 | stop=54 | final_phase_epochs=54 | acc=0.5000 | bal_acc=0.5000 | pred_hist=[0, 8] | collapse=True
[2026-07-16 19:52:50]     spatial_conv=[4, 29] top_abs_channels=[('Pz', 0.15346435), ('O2', 0.14389224), ('T3', 0.12657867), ('T4', 0.12315001), ('O1', 0.12169923), ('CP3', 0.12122821), ('C3', 0.11572307), ('CP4', 0.11181814)]
[2026-07-16 19:52:50]     spatial_update=delta_l2=0.01676347 max_abs=0.00200520 relative=0.01404588 changed=True

[2026-07-16 19:52:50] Fold 4/5 | subject=2
[2026-07-16 19:52:50]     Train: 32 | counts=[16, 16]
[2026-07-16 19:52:50]     Test:  8 | counts=[4, 4]
[2026-07-16 19:52:50]     Model: SignalJEPA_PreLocal | Pretrained: from_pretrained | Strategy: new
[2026-07-16 19:52:50]     Normalization: none | fit_scope=none
[2026-07-16 19:52:50]     Phase 1 (new): 2,170/16,010 params
[2026-07-16 19:52:50] [augmentation] 'gacl_inspired_sensor_rotation_noise' -> 2 transform(s), train iterator only
[2026-07-16 19:52:53]     Result | best_epoch=4 | stop=51 | final_phase_epochs=51 | acc=0.5000 | bal_acc=0.5000 | pred_hist=[0, 8] | collapse=True
[2026-07-16 19:52:53]     spatial_conv=[4, 29] top_abs_channels=[('Pz', 0.15328902), ('O2', 0.14414138), ('T3', 0.1264848), ('T4', 0.12233759), ('O1', 0.12161212), ('CP3', 0.12087445), ('C3', 0.1152309), ('CP4', 0.11093319)]
[2026-07-16 19:52:53]     spatial_update=delta_l2=0.00538498 max_abs=0.00050000 relative=0.00451200 changed=True

[2026-07-16 19:52:53] Fold 5/5 | subject=2
[2026-07-16 19:52:53]     Train: 32 | counts=[16, 16]
[2026-07-16 19:52:53]     Test:  8 | counts=[4, 4]
[2026-07-16 19:52:53]     Model: SignalJEPA_PreLocal | Pretrained: from_pretrained | Strategy: new
[2026-07-16 19:52:53]     Normalization: none | fit_scope=none
[2026-07-16 19:52:53]     Phase 1 (new): 2,170/16,010 params
[2026-07-16 19:52:53] [augmentation] 'gacl_inspired_sensor_rotation_noise' -> 2 transform(s), train iterator only
[2026-07-16 19:52:56]     Result | best_epoch=1 | stop=51 | final_phase_epochs=51 | acc=0.5000 | bal_acc=0.5000 | pred_hist=[0, 8] | collapse=True
[2026-07-16 19:52:56]     spatial_conv=[4, 29] top_abs_channels=[('Pz', 0.15303901), ('O2', 0.14439137), ('T3', 0.1264848), ('T4', 0.1220876), ('O1', 0.12186212), ('CP3', 0.12112439), ('C3', 0.1152309), ('CP4', 0.11118312)]
[2026-07-16 19:52:56]     spatial_update=delta_l2=0.00538501 max_abs=0.00050000 relative=0.00451203 changed=True
[2026-07-16 19:52:56]   Subject 2: acc=0.5500±0.1000  bal_acc=0.5500±0.1000
[2026-07-16 19:52:56] \nSubject 3: 40 windows | class_counts=[20, 20]

[2026-07-16 19:52:56] Fold 1/5 | subject=3
[2026-07-16 19:52:56]     Train: 32 | counts=[16, 16]
[2026-07-16 19:52:56]     Test:  8 | counts=[4, 4]
[2026-07-16 19:52:56]     Model: SignalJEPA_PreLocal | Pretrained: from_pretrained | Strategy: new
[2026-07-16 19:52:56]     Normalization: none | fit_scope=none
[2026-07-16 19:52:56]     Phase 1 (new): 2,170/16,010 params
[2026-07-16 19:52:56] [augmentation] 'gacl_inspired_sensor_rotation_noise' -> 2 transform(s), train iterator only
[2026-07-16 19:53:18]     Result | best_epoch=289 | stop=339 | final_phase_epochs=339 | acc=0.8750 | bal_acc=0.8750 | pred_hist=[3, 5] | collapse=False
[2026-07-16 19:53:18]     spatial_conv=[4, 29] top_abs_channels=[('Oz', 0.16299325), ('Pz', 0.16059318), ('P4', 0.13844649), ('O2', 0.12663046), ('Fz', 0.12649599), ('T3', 0.11877061), ('C4', 0.11200733), ('Fp2', 0.10681339)]
[2026-07-16 19:53:18]     spatial_update=delta_l2=0.79843088 max_abs=0.15777309 relative=0.66899438 changed=True

[2026-07-16 19:53:18] Fold 2/5 | subject=3
[2026-07-16 19:53:18]     Train: 32 | counts=[16, 16]
[2026-07-16 19:53:18]     Test:  8 | counts=[4, 4]
[2026-07-16 19:53:18]     Model: SignalJEPA_PreLocal | Pretrained: from_pretrained | Strategy: new
[2026-07-16 19:53:18]     Normalization: none | fit_scope=none
[2026-07-16 19:53:18]     Phase 1 (new): 2,170/16,010 params
[2026-07-16 19:53:18] [augmentation] 'gacl_inspired_sensor_rotation_noise' -> 2 transform(s), train iterator only
[2026-07-16 19:53:45]     Result | best_epoch=428 | stop=478 | final_phase_epochs=478 | acc=0.6250 | bal_acc=0.6250 | pred_hist=[5, 3] | collapse=False
[2026-07-16 19:53:45]     spatial_conv=[4, 29] top_abs_channels=[('P4', 0.18185833), ('O2', 0.15281814), ('Pz', 0.14332396), ('T3', 0.13974763), ('C3', 0.13577306), ('Oz', 0.12819098), ('T4', 0.12667778), ('F3', 0.12310822)]
[2026-07-16 19:53:45]     spatial_update=delta_l2=0.87763576 max_abs=0.20352478 relative=0.73535907 changed=True

[2026-07-16 19:53:45] Fold 3/5 | subject=3
[2026-07-16 19:53:45]     Train: 32 | counts=[16, 16]
[2026-07-16 19:53:45]     Test:  8 | counts=[4, 4]
[2026-07-16 19:53:45]     Model: SignalJEPA_PreLocal | Pretrained: from_pretrained | Strategy: new
[2026-07-16 19:53:45]     Normalization: none | fit_scope=none
[2026-07-16 19:53:45]     Phase 1 (new): 2,170/16,010 params
[2026-07-16 19:53:45] [augmentation] 'gacl_inspired_sensor_rotation_noise' -> 2 transform(s), train iterator only
[2026-07-16 19:53:54]     Result | best_epoch=113 | stop=161 | final_phase_epochs=161 | acc=0.6250 | bal_acc=0.6250 | pred_hist=[3, 5] | collapse=False
[2026-07-16 19:53:54]     spatial_conv=[4, 29] top_abs_channels=[('Pz', 0.16276458), ('O2', 0.15812913), ('T3', 0.13599034), ('P4', 0.12808318), ('Fz', 0.12591794), ('Oz', 0.11896592), ('CP4', 0.11741443), ('CP3', 0.11355462)]
[2026-07-16 19:53:54]     spatial_update=delta_l2=0.38947716 max_abs=0.06740510 relative=0.32633762 changed=True

[2026-07-16 19:53:54] Fold 4/5 | subject=3
[2026-07-16 19:53:54]     Train: 32 | counts=[16, 16]
[2026-07-16 19:53:54]     Test:  8 | counts=[4, 4]
[2026-07-16 19:53:54]     Model: SignalJEPA_PreLocal | Pretrained: from_pretrained | Strategy: new
[2026-07-16 19:53:54]     Normalization: none | fit_scope=none
[2026-07-16 19:53:54]     Phase 1 (new): 2,170/16,010 params
[2026-07-16 19:53:54] [augmentation] 'gacl_inspired_sensor_rotation_noise' -> 2 transform(s), train iterator only
[2026-07-16 19:54:22]     Result | best_epoch=412 | stop=462 | final_phase_epochs=462 | acc=0.7500 | bal_acc=0.7500 | pred_hist=[2, 6] | collapse=False
[2026-07-16 19:54:22]     spatial_conv=[4, 29] top_abs_channels=[('P4', 0.20796272), ('Oz', 0.18435717), ('O2', 0.1532172), ('F4', 0.13882604), ('Pz', 0.13711689), ('P3', 0.10946466), ('F3', 0.1073603), ('Cz', 0.10524864)]
[2026-07-16 19:54:22]     spatial_update=delta_l2=0.90294333 max_abs=0.19475376 relative=0.75656394 changed=True

[2026-07-16 19:54:22] Fold 5/5 | subject=3
[2026-07-16 19:54:22]     Train: 32 | counts=[16, 16]
[2026-07-16 19:54:22]     Test:  8 | counts=[4, 4]
[2026-07-16 19:54:22]     Model: SignalJEPA_PreLocal | Pretrained: from_pretrained | Strategy: new
[2026-07-16 19:54:22]     Normalization: none | fit_scope=none
[2026-07-16 19:54:22]     Phase 1 (new): 2,170/16,010 params
[2026-07-16 19:54:22] [augmentation] 'gacl_inspired_sensor_rotation_noise' -> 2 transform(s), train iterator only
[2026-07-16 19:54:42]     Result | best_epoch=268 | stop=317 | final_phase_epochs=317 | acc=0.5000 | bal_acc=0.5000 | pred_hist=[6, 2] | collapse=False
[2026-07-16 19:54:42]     spatial_conv=[4, 29] top_abs_channels=[('T4', 0.15495665), ('O2', 0.1465847), ('T3', 0.14422192), ('Pz', 0.13787004), ('F4', 0.13211021), ('TP7', 0.13119297), ('Fz', 0.1292915), ('CP3', 0.1215367)]
[2026-07-16 19:54:42]     spatial_update=delta_l2=0.73564706 max_abs=0.15121101 relative=0.61638867 changed=True
[2026-07-16 19:54:42]   Subject 3: acc=0.6750±0.1275  bal_acc=0.6750±0.1275
[2026-07-16 19:54:42] \nSubject 4: 40 windows | class_counts=[20, 20]

[2026-07-16 19:54:42] Fold 1/5 | subject=4
[2026-07-16 19:54:42]     Train: 32 | counts=[16, 16]
[2026-07-16 19:54:42]     Test:  8 | counts=[4, 4]
[2026-07-16 19:54:42]     Model: SignalJEPA_PreLocal | Pretrained: from_pretrained | Strategy: new
[2026-07-16 19:54:42]     Normalization: none | fit_scope=none
[2026-07-16 19:54:42]     Phase 1 (new): 2,170/16,010 params
[2026-07-16 19:54:42] [augmentation] 'gacl_inspired_sensor_rotation_noise' -> 2 transform(s), train iterator only
[2026-07-16 19:54:45]     Result | best_epoch=1 | stop=51 | final_phase_epochs=51 | acc=0.6250 | bal_acc=0.6250 | pred_hist=[1, 7] | collapse=False
[2026-07-16 19:54:45]     spatial_conv=[4, 29] top_abs_channels=[('Pz', 0.15303901), ('O2', 0.14389139), ('T3', 0.12723473), ('T4', 0.12233759), ('O1', 0.12186212), ('CP3', 0.12087439), ('C3', 0.11523189), ('CP4', 0.11068314)]
[2026-07-16 19:54:45]     spatial_update=delta_l2=0.00538455 max_abs=0.00050000 relative=0.00451164 changed=True

[2026-07-16 19:54:45] Fold 2/5 | subject=4
[2026-07-16 19:54:45]     Train: 32 | counts=[16, 16]
[2026-07-16 19:54:45]     Test:  8 | counts=[4, 4]
[2026-07-16 19:54:45]     Model: SignalJEPA_PreLocal | Pretrained: from_pretrained | Strategy: new
[2026-07-16 19:54:45]     Normalization: none | fit_scope=none
[2026-07-16 19:54:45]     Phase 1 (new): 2,170/16,010 params
[2026-07-16 19:54:45] [augmentation] 'gacl_inspired_sensor_rotation_noise' -> 2 transform(s), train iterator only
[2026-07-16 19:55:21]     Result | best_epoch=572 | stop=621 | final_phase_epochs=621 | acc=0.8750 | bal_acc=0.8750 | pred_hist=[3, 5] | collapse=False
[2026-07-16 19:55:21]     spatial_conv=[4, 29] top_abs_channels=[('CP3', 0.18034661), ('T4', 0.18014109), ('Pz', 0.15511292), ('O2', 0.15163191), ('P4', 0.1380799), ('F4', 0.13388528), ('C3', 0.1296162), ('Cz', 0.12222284)]
[2026-07-16 19:55:21]     spatial_update=delta_l2=0.98881734 max_abs=0.23366082 relative=0.82851661 changed=True

[2026-07-16 19:55:21] Fold 3/5 | subject=4
[2026-07-16 19:55:21]     Train: 32 | counts=[16, 16]
[2026-07-16 19:55:21]     Test:  8 | counts=[4, 4]
[2026-07-16 19:55:21]     Model: SignalJEPA_PreLocal | Pretrained: from_pretrained | Strategy: new
[2026-07-16 19:55:21]     Normalization: none | fit_scope=none
[2026-07-16 19:55:21]     Phase 1 (new): 2,170/16,010 params
[2026-07-16 19:55:21] [augmentation] 'gacl_inspired_sensor_rotation_noise' -> 2 transform(s), train iterator only
[2026-07-16 19:55:42]     Result | best_epoch=299 | stop=348 | final_phase_epochs=348 | acc=0.7500 | bal_acc=0.7500 | pred_hist=[4, 4] | collapse=False
[2026-07-16 19:55:42]     spatial_conv=[4, 29] top_abs_channels=[('CP3', 0.14278926), ('Pz', 0.13547994), ('O2', 0.13500288), ('T4', 0.12914182), ('Oz', 0.12796944), ('Cz', 0.12599926), ('C3', 0.12339815), ('FCz', 0.12205002)]
[2026-07-16 19:55:42]     spatial_update=delta_l2=0.61733084 max_abs=0.16302579 relative=0.51725312 changed=True

[2026-07-16 19:55:42] Fold 4/5 | subject=4
[2026-07-16 19:55:42]     Train: 32 | counts=[16, 16]
[2026-07-16 19:55:42]     Test:  8 | counts=[4, 4]
[2026-07-16 19:55:42]     Model: SignalJEPA_PreLocal | Pretrained: from_pretrained | Strategy: new
[2026-07-16 19:55:42]     Normalization: none | fit_scope=none
[2026-07-16 19:55:42]     Phase 1 (new): 2,170/16,010 params
[2026-07-16 19:55:42] [augmentation] 'gacl_inspired_sensor_rotation_noise' -> 2 transform(s), train iterator only
[2026-07-16 19:56:21]     Result | best_epoch=560 | stop=609 | final_phase_epochs=609 | acc=0.7500 | bal_acc=0.7500 | pred_hist=[4, 4] | collapse=False
[2026-07-16 19:56:21]     spatial_conv=[4, 29] top_abs_channels=[('P4', 0.17160051), ('Pz', 0.16448346), ('T4', 0.15302762), ('T6', 0.140038), ('Fz', 0.1173083), ('CP3', 0.11451116), ('C3', 0.11379543), ('C4', 0.10887764)]
[2026-07-16 19:56:21]     spatial_update=delta_l2=0.91260576 max_abs=0.20804551 relative=0.76465996 changed=True

[2026-07-16 19:56:21] Fold 5/5 | subject=4
[2026-07-16 19:56:21]     Train: 32 | counts=[16, 16]
[2026-07-16 19:56:21]     Test:  8 | counts=[4, 4]
[2026-07-16 19:56:21]     Model: SignalJEPA_PreLocal | Pretrained: from_pretrained | Strategy: new
[2026-07-16 19:56:21]     Normalization: none | fit_scope=none
[2026-07-16 19:56:21]     Phase 1 (new): 2,170/16,010 params
[2026-07-16 19:56:21] [augmentation] 'gacl_inspired_sensor_rotation_noise' -> 2 transform(s), train iterator only
[2026-07-16 19:56:24]     Result | best_epoch=1 | stop=51 | final_phase_epochs=51 | acc=0.5000 | bal_acc=0.5000 | pred_hist=[0, 8] | collapse=True
[2026-07-16 19:56:24]     spatial_conv=[4, 29] top_abs_channels=[('Pz', 0.15303901), ('O2', 0.14389138), ('T3', 0.12698479), ('O1', 0.12211211), ('T4', 0.12208758), ('CP3', 0.12112439), ('C3', 0.11498094), ('CP4', 0.1109331)]
[2026-07-16 19:56:24]     spatial_update=delta_l2=0.00538494 max_abs=0.00050000 relative=0.00451197 changed=True
[2026-07-16 19:56:24]   Subject 4: acc=0.7000±0.1275  bal_acc=0.7000±0.1275
[2026-07-16 19:56:24] \nSubject 5: 40 windows | class_counts=[20, 20]

[2026-07-16 19:56:24] Fold 1/5 | subject=5
[2026-07-16 19:56:24]     Train: 32 | counts=[16, 16]
[2026-07-16 19:56:24]     Test:  8 | counts=[4, 4]
[2026-07-16 19:56:24]     Model: SignalJEPA_PreLocal | Pretrained: from_pretrained | Strategy: new
[2026-07-16 19:56:24]     Normalization: none | fit_scope=none
[2026-07-16 19:56:24]     Phase 1 (new): 2,170/16,010 params
[2026-07-16 19:56:24] [augmentation] 'gacl_inspired_sensor_rotation_noise' -> 2 transform(s), train iterator only
[2026-07-16 19:56:30]     Result | best_epoch=73 | stop=116 | final_phase_epochs=116 | acc=0.5000 | bal_acc=0.5000 | pred_hist=[2, 6] | collapse=False
[2026-07-16 19:56:30]     spatial_conv=[4, 29] top_abs_channels=[('O2', 0.15565187), ('Pz', 0.14464217), ('T3', 0.12691915), ('CP4', 0.1196419), ('T5', 0.11955149), ('Fp1', 0.11945596), ('T4', 0.1161903), ('O1', 0.11592041)]
[2026-07-16 19:56:30]     spatial_update=delta_l2=0.21068176 max_abs=0.03589393 relative=0.17652738 changed=True

[2026-07-16 19:56:30] Fold 2/5 | subject=5
[2026-07-16 19:56:30]     Train: 32 | counts=[16, 16]
[2026-07-16 19:56:30]     Test:  8 | counts=[4, 4]
[2026-07-16 19:56:30]     Model: SignalJEPA_PreLocal | Pretrained: from_pretrained | Strategy: new
[2026-07-16 19:56:30]     Normalization: none | fit_scope=none
[2026-07-16 19:56:30]     Phase 1 (new): 2,170/16,010 params
[2026-07-16 19:56:30] [augmentation] 'gacl_inspired_sensor_rotation_noise' -> 2 transform(s), train iterator only
[2026-07-16 19:56:33]     Result | best_epoch=1 | stop=51 | final_phase_epochs=51 | acc=0.5000 | bal_acc=0.5000 | pred_hist=[0, 8] | collapse=True
[2026-07-16 19:56:33]     spatial_conv=[4, 29] top_abs_channels=[('Pz', 0.15303893), ('O2', 0.14439137), ('T3', 0.12698478), ('T4', 0.12208751), ('O1', 0.12161212), ('CP3', 0.12087439), ('C3', 0.1152309), ('CP4', 0.11118311)]
[2026-07-16 19:56:33]     spatial_update=delta_l2=0.00538476 max_abs=0.00050000 relative=0.00451182 changed=True

[2026-07-16 19:56:33] Fold 3/5 | subject=5
[2026-07-16 19:56:33]     Train: 32 | counts=[16, 16]
[2026-07-16 19:56:33]     Test:  8 | counts=[4, 4]
[2026-07-16 19:56:33]     Model: SignalJEPA_PreLocal | Pretrained: from_pretrained | Strategy: new
[2026-07-16 19:56:33]     Normalization: none | fit_scope=none
[2026-07-16 19:56:33]     Phase 1 (new): 2,170/16,010 params
[2026-07-16 19:56:33] [augmentation] 'gacl_inspired_sensor_rotation_noise' -> 2 transform(s), train iterator only
[2026-07-16 19:57:42]     Result | best_epoch=1293 | stop=1341 | final_phase_epochs=1341 | acc=0.1250 | bal_acc=0.1250 | pred_hist=[3, 5] | collapse=False
[2026-07-16 19:57:42]     spatial_conv=[4, 29] top_abs_channels=[('TP8', 0.16043985), ('F7', 0.15741748), ('Pz', 0.13996613), ('FT7', 0.13388181), ('O2', 0.1330786), ('T5', 0.1268844), ('CP3', 0.11689222), ('T6', 0.11552833)]
[2026-07-16 19:57:42]     spatial_update=delta_l2=1.02460072 max_abs=0.23156120 relative=0.85849902 changed=True

[2026-07-16 19:57:42] Fold 4/5 | subject=5
[2026-07-16 19:57:42]     Train: 32 | counts=[16, 16]
[2026-07-16 19:57:42]     Test:  8 | counts=[4, 4]
[2026-07-16 19:57:42]     Model: SignalJEPA_PreLocal | Pretrained: from_pretrained | Strategy: new
[2026-07-16 19:57:42]     Normalization: none | fit_scope=none
[2026-07-16 19:57:42]     Phase 1 (new): 2,170/16,010 params
[2026-07-16 19:57:42] [augmentation] 'gacl_inspired_sensor_rotation_noise' -> 2 transform(s), train iterator only
[2026-07-16 19:58:07]     Result | best_epoch=411 | stop=458 | final_phase_epochs=458 | acc=0.6250 | bal_acc=0.6250 | pred_hist=[5, 3] | collapse=False
[2026-07-16 19:58:07]     spatial_conv=[4, 29] top_abs_channels=[('O2', 0.21536174), ('TP8', 0.19564363), ('T6', 0.1620293), ('P4', 0.14553127), ('C4', 0.11822749), ('FC4', 0.11807393), ('F3', 0.11660294), ('O1', 0.09829462)]
[2026-07-16 19:58:07]     spatial_update=delta_l2=0.89266037 max_abs=0.21622192 relative=0.74794799 changed=True

[2026-07-16 19:58:07] Fold 5/5 | subject=5
[2026-07-16 19:58:07]     Train: 32 | counts=[16, 16]
[2026-07-16 19:58:07]     Test:  8 | counts=[4, 4]
[2026-07-16 19:58:07]     Model: SignalJEPA_PreLocal | Pretrained: from_pretrained | Strategy: new
[2026-07-16 19:58:07]     Normalization: none | fit_scope=none
[2026-07-16 19:58:07]     Phase 1 (new): 2,170/16,010 params
[2026-07-16 19:58:07] [augmentation] 'gacl_inspired_sensor_rotation_noise' -> 2 transform(s), train iterator only
[2026-07-16 19:59:15]     Result | best_epoch=1011 | stop=1060 | final_phase_epochs=1060 | acc=0.5000 | bal_acc=0.5000 | pred_hist=[6, 2] | collapse=False
[2026-07-16 19:59:15]     spatial_conv=[4, 29] top_abs_channels=[('TP8', 0.1651713), ('T5', 0.14567599), ('FC4', 0.13006079), ('T6', 0.12747118), ('P3', 0.11855579), ('Cz', 0.11598025), ('O2', 0.11271929), ('O1', 0.11227077)]
[2026-07-16 19:59:15]     spatial_update=delta_l2=1.10772373 max_abs=0.27868396 relative=0.92814665 changed=True
[2026-07-16 19:59:15]   Subject 5: acc=0.4500±0.1696  bal_acc=0.4500±0.1696
[2026-07-16 19:59:15] \nSubject 6: 40 windows | class_counts=[20, 20]

[2026-07-16 19:59:15] Fold 1/5 | subject=6
[2026-07-16 19:59:15]     Train: 32 | counts=[16, 16]
[2026-07-16 19:59:15]     Test:  8 | counts=[4, 4]
[2026-07-16 19:59:15]     Model: SignalJEPA_PreLocal | Pretrained: from_pretrained | Strategy: new
[2026-07-16 19:59:15]     Normalization: none | fit_scope=none
[2026-07-16 19:59:15]     Phase 1 (new): 2,170/16,010 params
[2026-07-16 19:59:15] [augmentation] 'gacl_inspired_sensor_rotation_noise' -> 2 transform(s), train iterator only
[2026-07-16 19:59:18]     Result | best_epoch=1 | stop=51 | final_phase_epochs=51 | acc=0.5000 | bal_acc=0.5000 | pred_hist=[0, 8] | collapse=True
[2026-07-16 19:59:18]     spatial_conv=[4, 29] top_abs_channels=[('Pz', 0.15303892), ('O2', 0.14439136), ('T3', 0.12698478), ('T4', 0.12233759), ('O1', 0.1221121), ('CP3', 0.12112439), ('C3', 0.11548088), ('CP4', 0.11118314)]
[2026-07-16 19:59:18]     spatial_update=delta_l2=0.00538501 max_abs=0.00050000 relative=0.00451202 changed=True

[2026-07-16 19:59:18] Fold 2/5 | subject=6
[2026-07-16 19:59:18]     Train: 32 | counts=[16, 16]
[2026-07-16 19:59:18]     Test:  8 | counts=[4, 4]
[2026-07-16 19:59:18]     Model: SignalJEPA_PreLocal | Pretrained: from_pretrained | Strategy: new
[2026-07-16 19:59:18]     Normalization: none | fit_scope=none
[2026-07-16 19:59:18]     Phase 1 (new): 2,170/16,010 params
[2026-07-16 19:59:18] [augmentation] 'gacl_inspired_sensor_rotation_noise' -> 2 transform(s), train iterator only
[2026-07-16 19:59:30]     Result | best_epoch=160 | stop=210 | final_phase_epochs=210 | acc=0.5000 | bal_acc=0.5000 | pred_hist=[6, 2] | collapse=False
[2026-07-16 19:59:30]     spatial_conv=[4, 29] top_abs_channels=[('P4', 0.15341784), ('O2', 0.15156274), ('T3', 0.14321743), ('Pz', 0.14162448), ('C3', 0.14082851), ('CP3', 0.12384187), ('F7', 0.12337622), ('Fz', 0.114039)]
[2026-07-16 19:59:30]     spatial_update=delta_l2=0.39027020 max_abs=0.08592699 relative=0.32700209 changed=True

[2026-07-16 19:59:30] Fold 3/5 | subject=6
[2026-07-16 19:59:30]     Train: 32 | counts=[16, 16]
[2026-07-16 19:59:30]     Test:  8 | counts=[4, 4]
[2026-07-16 19:59:30]     Model: SignalJEPA_PreLocal | Pretrained: from_pretrained | Strategy: new
[2026-07-16 19:59:30]     Normalization: none | fit_scope=none
[2026-07-16 19:59:30]     Phase 1 (new): 2,170/16,010 params
[2026-07-16 19:59:30] [augmentation] 'gacl_inspired_sensor_rotation_noise' -> 2 transform(s), train iterator only
[2026-07-16 19:59:34]     Result | best_epoch=1 | stop=51 | final_phase_epochs=51 | acc=0.5000 | bal_acc=0.5000 | pred_hist=[0, 8] | collapse=True
[2026-07-16 19:59:34]     spatial_conv=[4, 29] top_abs_channels=[('Pz', 0.15303902), ('O2', 0.14439137), ('T3', 0.12673478), ('T4', 0.12233758), ('O1', 0.12211212), ('CP3', 0.12112439), ('C3', 0.11523083), ('CP4', 0.11143313)]
[2026-07-16 19:59:34]     spatial_update=delta_l2=0.00538495 max_abs=0.00050000 relative=0.00451197 changed=True

[2026-07-16 19:59:34] Fold 4/5 | subject=6
[2026-07-16 19:59:34]     Train: 32 | counts=[16, 16]
[2026-07-16 19:59:34]     Test:  8 | counts=[4, 4]
[2026-07-16 19:59:34]     Model: SignalJEPA_PreLocal | Pretrained: from_pretrained | Strategy: new
[2026-07-16 19:59:34]     Normalization: none | fit_scope=none
[2026-07-16 19:59:34]     Phase 1 (new): 2,170/16,010 params
[2026-07-16 19:59:34] [augmentation] 'gacl_inspired_sensor_rotation_noise' -> 2 transform(s), train iterator only
[2026-07-16 19:59:37]     Result | best_epoch=1 | stop=51 | final_phase_epochs=51 | acc=0.5000 | bal_acc=0.5000 | pred_hist=[0, 8] | collapse=True
[2026-07-16 19:59:37]     spatial_conv=[4, 29] top_abs_channels=[('Pz', 0.15303892), ('O2', 0.14439137), ('T3', 0.12673478), ('T4', 0.12233759), ('O1', 0.12211212), ('CP3', 0.12112422), ('C3', 0.11523092), ('CP4', 0.11093314)]
[2026-07-16 19:59:37]     spatial_update=delta_l2=0.00537698 max_abs=0.00050000 relative=0.00450530 changed=True

[2026-07-16 19:59:37] Fold 5/5 | subject=6
[2026-07-16 19:59:37]     Train: 32 | counts=[16, 16]
[2026-07-16 19:59:37]     Test:  8 | counts=[4, 4]
[2026-07-16 19:59:37]     Model: SignalJEPA_PreLocal | Pretrained: from_pretrained | Strategy: new
[2026-07-16 19:59:37]     Normalization: none | fit_scope=none
[2026-07-16 19:59:37]     Phase 1 (new): 2,170/16,010 params
[2026-07-16 19:59:37] [augmentation] 'gacl_inspired_sensor_rotation_noise' -> 2 transform(s), train iterator only
[2026-07-16 19:59:53]     Result | best_epoch=192 | stop=239 | final_phase_epochs=239 | acc=0.2500 | bal_acc=0.2500 | pred_hist=[6, 2] | collapse=False
[2026-07-16 19:59:53]     spatial_conv=[4, 29] top_abs_channels=[('O2', 0.15499634), ('T3', 0.14891404), ('CP3', 0.14708538), ('P3', 0.13156244), ('T6', 0.12318978), ('P4', 0.11694811), ('Pz', 0.11658395), ('Fz', 0.11542487)]
[2026-07-16 19:59:53]     spatial_update=delta_l2=0.48271665 max_abs=0.10208617 relative=0.40446172 changed=True
[2026-07-16 19:59:53]   Subject 6: acc=0.4500±0.1000  bal_acc=0.4500±0.1000
[2026-07-16 19:59:53] \nSubject 7: 40 windows | class_counts=[20, 20]

[2026-07-16 19:59:53] Fold 1/5 | subject=7
[2026-07-16 19:59:53]     Train: 32 | counts=[16, 16]
[2026-07-16 19:59:53]     Test:  8 | counts=[4, 4]
[2026-07-16 19:59:53]     Model: SignalJEPA_PreLocal | Pretrained: from_pretrained | Strategy: new
[2026-07-16 19:59:53]     Normalization: none | fit_scope=none
[2026-07-16 19:59:53]     Phase 1 (new): 2,170/16,010 params
[2026-07-16 19:59:53] [augmentation] 'gacl_inspired_sensor_rotation_noise' -> 2 transform(s), train iterator only
[2026-07-16 20:00:59]     Result | best_epoch=967 | stop=1016 | final_phase_epochs=1016 | acc=0.8750 | bal_acc=0.8750 | pred_hist=[3, 5] | collapse=False
[2026-07-16 20:00:59]     spatial_conv=[4, 29] top_abs_channels=[('FT8', 0.1556402), ('Fp2', 0.14296654), ('P4', 0.13962489), ('Pz', 0.11855065), ('Fp1', 0.11634542), ('F7', 0.1085097), ('T6', 0.10656222), ('Fz', 0.1036474)]
[2026-07-16 20:00:59]     spatial_update=delta_l2=1.07993320 max_abs=0.21621593 relative=0.90486135 changed=True

[2026-07-16 20:00:59] Fold 2/5 | subject=7
[2026-07-16 20:00:59]     Train: 32 | counts=[16, 16]
[2026-07-16 20:00:59]     Test:  8 | counts=[4, 4]
[2026-07-16 20:00:59]     Model: SignalJEPA_PreLocal | Pretrained: from_pretrained | Strategy: new
[2026-07-16 20:00:59]     Normalization: none | fit_scope=none
[2026-07-16 20:00:59]     Phase 1 (new): 2,170/16,010 params
[2026-07-16 20:00:59] [augmentation] 'gacl_inspired_sensor_rotation_noise' -> 2 transform(s), train iterator only
[2026-07-16 20:01:24]     Result | best_epoch=299 | stop=349 | final_phase_epochs=349 | acc=0.7500 | bal_acc=0.7500 | pred_hist=[2, 6] | collapse=False
[2026-07-16 20:01:24]     spatial_conv=[4, 29] top_abs_channels=[('CP4', 0.14442018), ('Pz', 0.12986112), ('P4', 0.12983157), ('FT8', 0.12978695), ('O1', 0.12564903), ('F3', 0.12442154), ('Fp2', 0.12065086), ('T4', 0.11854034)]
[2026-07-16 20:01:24]     spatial_update=delta_l2=0.69289272 max_abs=0.15310849 relative=0.58056539 changed=True

[2026-07-16 20:01:24] Fold 3/5 | subject=7
[2026-07-16 20:01:24]     Train: 32 | counts=[16, 16]
[2026-07-16 20:01:24]     Test:  8 | counts=[4, 4]
[2026-07-16 20:01:24]     Model: SignalJEPA_PreLocal | Pretrained: from_pretrained | Strategy: new
[2026-07-16 20:01:24]     Normalization: none | fit_scope=none
[2026-07-16 20:01:24]     Phase 1 (new): 2,170/16,010 params
[2026-07-16 20:01:24] [augmentation] 'gacl_inspired_sensor_rotation_noise' -> 2 transform(s), train iterator only
[2026-07-16 20:02:49]     Result | best_epoch=1093 | stop=1143 | final_phase_epochs=1143 | acc=0.7500 | bal_acc=0.7500 | pred_hist=[6, 2] | collapse=False
[2026-07-16 20:02:49]     spatial_conv=[4, 29] top_abs_channels=[('FT8', 0.1605406), ('Fp2', 0.14152081), ('Pz', 0.13905248), ('FT7', 0.13498892), ('Fp1', 0.11942007), ('CP4', 0.11762402), ('T6', 0.1144974), ('TP8', 0.10861314)]
[2026-07-16 20:02:49]     spatial_update=delta_l2=1.25216961 max_abs=0.33780082 relative=1.04917590 changed=True

[2026-07-16 20:02:49] Fold 4/5 | subject=7
[2026-07-16 20:02:49]     Train: 32 | counts=[16, 16]
[2026-07-16 20:02:49]     Test:  8 | counts=[4, 4]
[2026-07-16 20:02:49]     Model: SignalJEPA_PreLocal | Pretrained: from_pretrained | Strategy: new
[2026-07-16 20:02:49]     Normalization: none | fit_scope=none
[2026-07-16 20:02:49]     Phase 1 (new): 2,170/16,010 params
[2026-07-16 20:02:49] [augmentation] 'gacl_inspired_sensor_rotation_noise' -> 2 transform(s), train iterator only
[2026-07-16 20:04:04]     Result | best_epoch=1024 | stop=1074 | final_phase_epochs=1074 | acc=0.6250 | bal_acc=0.6250 | pred_hist=[5, 3] | collapse=False
[2026-07-16 20:04:04]     spatial_conv=[4, 29] top_abs_channels=[('Pz', 0.19327433), ('P4', 0.18586853), ('FT8', 0.16395654), ('TP8', 0.14817116), ('O2', 0.11193905), ('C4', 0.10709164), ('TP7', 0.10589422), ('T6', 0.10370561)]
[2026-07-16 20:04:04]     spatial_update=delta_l2=1.15421389 max_abs=0.28015783 relative=0.96710013 changed=True

[2026-07-16 20:04:04] Fold 5/5 | subject=7
[2026-07-16 20:04:04]     Train: 32 | counts=[16, 16]
[2026-07-16 20:04:04]     Test:  8 | counts=[4, 4]
[2026-07-16 20:04:04]     Model: SignalJEPA_PreLocal | Pretrained: from_pretrained | Strategy: new
[2026-07-16 20:04:04]     Normalization: none | fit_scope=none
[2026-07-16 20:04:04]     Phase 1 (new): 2,170/16,010 params
[2026-07-16 20:04:04] [augmentation] 'gacl_inspired_sensor_rotation_noise' -> 2 transform(s), train iterator only
[2026-07-16 20:04:43]     Result | best_epoch=547 | stop=597 | final_phase_epochs=597 | acc=0.7500 | bal_acc=0.7500 | pred_hist=[6, 2] | collapse=False
[2026-07-16 20:04:43]     spatial_conv=[4, 29] top_abs_channels=[('FT8', 0.18935406), ('Pz', 0.16465798), ('P4', 0.16155894), ('O2', 0.13367309), ('TP8', 0.10739625), ('CP4', 0.10051554), ('Fp1', 0.0985236), ('T3', 0.09273005)]
[2026-07-16 20:04:43]     spatial_update=delta_l2=0.95421914 max_abs=0.20093037 relative=0.79952725 changed=True
[2026-07-16 20:04:43]   Subject 7: acc=0.7500±0.0791  bal_acc=0.7500±0.0791
[2026-07-16 20:04:43] \nSubject 8: 40 windows | class_counts=[20, 20]

[2026-07-16 20:04:43] Fold 1/5 | subject=8
[2026-07-16 20:04:43]     Train: 32 | counts=[16, 16]
[2026-07-16 20:04:43]     Test:  8 | counts=[4, 4]
[2026-07-16 20:04:43]     Model: SignalJEPA_PreLocal | Pretrained: from_pretrained | Strategy: new
[2026-07-16 20:04:43]     Normalization: none | fit_scope=none
[2026-07-16 20:04:43]     Phase 1 (new): 2,170/16,010 params
[2026-07-16 20:04:43] [augmentation] 'gacl_inspired_sensor_rotation_noise' -> 2 transform(s), train iterator only
[2026-07-16 20:04:48]     Result | best_epoch=44 | stop=94 | final_phase_epochs=94 | acc=0.7500 | bal_acc=0.7500 | pred_hist=[4, 4] | collapse=False
[2026-07-16 20:04:48]     spatial_conv=[4, 29] top_abs_channels=[('O2', 0.14637524), ('Pz', 0.14542966), ('CP3', 0.13456762), ('O1', 0.13223639), ('T4', 0.12484126), ('T3', 0.12093426), ('C3', 0.11586618), ('CP4', 0.11570109)]
[2026-07-16 20:04:48]     spatial_update=delta_l2=0.14973361 max_abs=0.02197586 relative=0.12545976 changed=True

[2026-07-16 20:04:48] Fold 2/5 | subject=8
[2026-07-16 20:04:48]     Train: 32 | counts=[16, 16]
[2026-07-16 20:04:48]     Test:  8 | counts=[4, 4]
[2026-07-16 20:04:48]     Model: SignalJEPA_PreLocal | Pretrained: from_pretrained | Strategy: new
[2026-07-16 20:04:48]     Normalization: none | fit_scope=none
[2026-07-16 20:04:48]     Phase 1 (new): 2,170/16,010 params
[2026-07-16 20:04:48] [augmentation] 'gacl_inspired_sensor_rotation_noise' -> 2 transform(s), train iterator only
[2026-07-16 20:05:08]     Result | best_epoch=315 | stop=365 | final_phase_epochs=365 | acc=0.7500 | bal_acc=0.7500 | pred_hist=[4, 4] | collapse=False
[2026-07-16 20:05:08]     spatial_conv=[4, 29] top_abs_channels=[('T4', 0.15358643), ('T3', 0.15166077), ('T5', 0.14750198), ('Pz', 0.13598064), ('CP3', 0.13431403), ('TP7', 0.13243175), ('O1', 0.12715629), ('O2', 0.11277544)]
[2026-07-16 20:05:08]     spatial_update=delta_l2=0.59902528 max_abs=0.15429040 relative=0.50191514 changed=True

[2026-07-16 20:05:09] Fold 3/5 | subject=8
[2026-07-16 20:05:09]     Train: 32 | counts=[16, 16]
[2026-07-16 20:05:09]     Test:  8 | counts=[4, 4]
[2026-07-16 20:05:09]     Model: SignalJEPA_PreLocal | Pretrained: from_pretrained | Strategy: new
[2026-07-16 20:05:09]     Normalization: none | fit_scope=none
[2026-07-16 20:05:09]     Phase 1 (new): 2,170/16,010 params
[2026-07-16 20:05:09] [augmentation] 'gacl_inspired_sensor_rotation_noise' -> 2 transform(s), train iterator only
[2026-07-16 20:05:12]     Result | best_epoch=2 | stop=51 | final_phase_epochs=51 | acc=0.5000 | bal_acc=0.5000 | pred_hist=[0, 8] | collapse=True
[2026-07-16 20:05:12]     spatial_conv=[4, 29] top_abs_channels=[('Pz', 0.15278901), ('O2', 0.14414138), ('T3', 0.12673467), ('T4', 0.12233759), ('O1', 0.12211212), ('CP3', 0.12137438), ('C3', 0.1152309), ('CP4', 0.11093313)]
[2026-07-16 20:05:12]     spatial_update=delta_l2=0.00538497 max_abs=0.00050000 relative=0.00451199 changed=True

[2026-07-16 20:05:12] Fold 4/5 | subject=8
[2026-07-16 20:05:12]     Train: 32 | counts=[16, 16]
[2026-07-16 20:05:12]     Test:  8 | counts=[4, 4]
[2026-07-16 20:05:12]     Model: SignalJEPA_PreLocal | Pretrained: from_pretrained | Strategy: new
[2026-07-16 20:05:12]     Normalization: none | fit_scope=none
[2026-07-16 20:05:12]     Phase 1 (new): 2,170/16,010 params
[2026-07-16 20:05:12] [augmentation] 'gacl_inspired_sensor_rotation_noise' -> 2 transform(s), train iterator only
[2026-07-16 20:05:24]     Result | best_epoch=156 | stop=206 | final_phase_epochs=206 | acc=0.6250 | bal_acc=0.6250 | pred_hist=[3, 5] | collapse=False
[2026-07-16 20:05:24]     spatial_conv=[4, 29] top_abs_channels=[('CP3', 0.15964532), ('TP7', 0.1496745), ('T4', 0.13283883), ('O1', 0.13140598), ('T5', 0.12934981), ('T3', 0.12660085), ('Pz', 0.12595592), ('TP8', 0.1255576)]
[2026-07-16 20:05:24]     spatial_update=delta_l2=0.45525111 max_abs=0.08849266 relative=0.38144872 changed=True

[2026-07-16 20:05:24] Fold 5/5 | subject=8
[2026-07-16 20:05:24]     Train: 32 | counts=[16, 16]
[2026-07-16 20:05:24]     Test:  8 | counts=[4, 4]
[2026-07-16 20:05:24]     Model: SignalJEPA_PreLocal | Pretrained: from_pretrained | Strategy: new
[2026-07-16 20:05:24]     Normalization: none | fit_scope=none
[2026-07-16 20:05:24]     Phase 1 (new): 2,170/16,010 params
[2026-07-16 20:05:24] [augmentation] 'gacl_inspired_sensor_rotation_noise' -> 2 transform(s), train iterator only
[2026-07-16 20:05:40]     Result | best_epoch=216 | stop=266 | final_phase_epochs=266 | acc=0.6250 | bal_acc=0.6250 | pred_hist=[5, 3] | collapse=False
[2026-07-16 20:05:40]     spatial_conv=[4, 29] top_abs_channels=[('O2', 0.15137258), ('T4', 0.14355505), ('Pz', 0.13955858), ('TP7', 0.13396057), ('O1', 0.12906009), ('CP4', 0.12347543), ('CP3', 0.12332149), ('T5', 0.12247295)]
[2026-07-16 20:05:40]     spatial_update=delta_l2=0.55351169 max_abs=0.12000804 relative=0.46377992 changed=True
[2026-07-16 20:05:40]   Subject 8: acc=0.6500±0.0935  bal_acc=0.6500±0.0935

[2026-07-16 20:05:40] Total evaluation splits completed: 40
[2026-07-16 20:05:40] ======================================================================
[2026-07-16 20:05:40] AGGREGATED RESULTS
[2026-07-16 20:05:40] ======================================================================
[2026-07-16 20:05:40]   1: acc=0.5000±0.1369  bal_acc=0.5000±0.1369
[2026-07-16 20:05:40]   2: acc=0.5500±0.1000  bal_acc=0.5500±0.1000
[2026-07-16 20:05:40]   3: acc=0.6750±0.1275  bal_acc=0.6750±0.1275
[2026-07-16 20:05:40]   4: acc=0.7000±0.1275  bal_acc=0.7000±0.1275
[2026-07-16 20:05:40]   5: acc=0.4500±0.1696  bal_acc=0.4500±0.1696
[2026-07-16 20:05:40]   6: acc=0.4500±0.1000  bal_acc=0.4500±0.1000
[2026-07-16 20:05:40]   7: acc=0.7500±0.0791  bal_acc=0.7500±0.0791
[2026-07-16 20:05:40]   8: acc=0.6500±0.0935  bal_acc=0.6500±0.0935
[2026-07-16 20:05:40] ----------------------------------------------------------------------
[2026-07-16 20:05:40]   OVERALL: acc=0.5906±0.1630  bal_acc=0.5906±0.1630
[2026-07-16 20:05:40] ======================================================================
[2026-07-16 20:05:40] Performance tables saved:
[2026-07-16 20:05:40]   Fold-level results:       /Users/vadim/Documents/School/Spring 2026/CSCE A698 Individual Research/EEG_JEPA/artifacts/liu2024-sjepa-prelocal-gacl8/20260716_1949_cf8732d7/fold_level_results.csv
[2026-07-16 20:05:40]   Subject-level summary:    /Users/vadim/Documents/School/Spring 2026/CSCE A698 Individual Research/EEG_JEPA/artifacts/liu2024-sjepa-prelocal-gacl8/20260716_1949_cf8732d7/subject_level_summary.csv
[2026-07-16 20:05:40]   Global method comparison: /Users/vadim/Documents/School/Spring 2026/CSCE A698 Individual Research/EEG_JEPA/artifacts/liu2024-sjepa-prelocal-gacl8/20260716_1949_cf8732d7/global_method_comparison.csv
[2026-07-16 20:05:41] Subject performance plot saved to: /Users/vadim/Documents/School/Spring 2026/CSCE A698 Individual Research/EEG_JEPA/artifacts/liu2024-sjepa-prelocal-gacl8/20260716_1949_cf8732d7/sjepa_prelocal_subject_performance.png
[2026-07-16 20:05:41] Global performance plot saved to: /Users/vadim/Documents/School/Spring 2026/CSCE A698 Individual Research/EEG_JEPA/artifacts/liu2024-sjepa-prelocal-gacl8/20260716_1949_cf8732d7/sjepa_prelocal_global_performance_summary.png
[2026-07-16 20:05:41] Aggregated confusion matrix plot saved to: /Users/vadim/Documents/School/Spring 2026/CSCE A698 Individual Research/EEG_JEPA/artifacts/liu2024-sjepa-prelocal-gacl8/20260716_1949_cf8732d7/sjepa_prelocal_aggregated_confusion_matrix.png
[2026-07-16 20:05:41] Confusion metrics saved to: /Users/vadim/Documents/School/Spring 2026/CSCE A698 Individual Research/EEG_JEPA/artifacts/liu2024-sjepa-prelocal-gacl8/20260716_1949_cf8732d7/sjepa_prelocal_confusion_metrics.csv

[2026-07-16 20:05:41] ======================================================================
[2026-07-16 20:05:41] EXPERIMENT SUMMARY
[2026-07-16 20:05:41] ======================================================================
[2026-07-16 20:05:41] Run ID:                 20260716_1949_cf8732d7
[2026-07-16 20:05:41] Experiment:             sjepa_prelocal_gacl8_sensor_rotation_noise
[2026-07-16 20:05:41] Subjects:               8
[2026-07-16 20:05:41] Model:                  SignalJEPA_PreLocal
[2026-07-16 20:05:41] Pretrained mode:        from_pretrained
[2026-07-16 20:05:41] Strategy:               new
[2026-07-16 20:05:41] Preprocessing:          baseline_window_mean | ref=average | resample=True->128 | filter=True 0.5–40.0 fir
[2026-07-16 20:05:41] Window:                 start=1.5s | 4.195s / 537 samples
[2026-07-16 20:05:41] Artifacts:              /Users/vadim/Documents/School/Spring 2026/CSCE A698 Individual Research/EEG_JEPA/artifacts/liu2024-sjepa-prelocal-gacl8/20260716_1949_cf8732d7
[2026-07-16 20:05:41] Mean Accuracy:          0.5906 ± 0.1630
[2026-07-16 20:05:41] Mean Balanced Accuracy: 0.5906 ± 0.1630
[2026-07-16 20:05:41] ======================================================================

[2026-07-16 20:05:41] Spatial convolution analysis saved:
[2026-07-16 20:05:41]   Long channel CSV:        /Users/vadim/Documents/School/Spring 2026/CSCE A698 Individual Research/EEG_JEPA/artifacts/liu2024-sjepa-prelocal-gacl8/20260716_1949_cf8732d7/spatial_conv_analysis/spatial_channel_importance_long.csv
[2026-07-16 20:05:41]   Fold diagnostics CSV:    /Users/vadim/Documents/School/Spring 2026/CSCE A698 Individual Research/EEG_JEPA/artifacts/liu2024-sjepa-prelocal-gacl8/20260716_1949_cf8732d7/spatial_conv_analysis/fold_diagnostics.csv
[2026-07-16 20:05:41]   Fold weight JSON:        /Users/vadim/Documents/School/Spring 2026/CSCE A698 Individual Research/EEG_JEPA/artifacts/liu2024-sjepa-prelocal-gacl8/20260716_1949_cf8732d7/spatial_conv_analysis/spatial_conv_weights_by_fold.json
[2026-07-16 20:05:41]   Global importance CSV:   /Users/vadim/Documents/School/Spring 2026/CSCE A698 Individual Research/EEG_JEPA/artifacts/liu2024-sjepa-prelocal-gacl8/20260716_1949_cf8732d7/spatial_conv_analysis/spatial_channel_importance_global.csv
[2026-07-16 20:05:41]   Subject importance CSV:  /Users/vadim/Documents/School/Spring 2026/CSCE A698 Individual Research/EEG_JEPA/artifacts/liu2024-sjepa-prelocal-gacl8/20260716_1949_cf8732d7/spatial_conv_analysis/spatial_channel_importance_by_subject.csv
[2026-07-16 20:05:41]   Diagnostic summary JSON: /Users/vadim/Documents/School/Spring 2026/CSCE A698 Individual Research/EEG_JEPA/artifacts/liu2024-sjepa-prelocal-gacl8/20260716_1949_cf8732d7/spatial_conv_analysis/diagnostic_summary.json

[2026-07-16 20:05:41] Diagnostic summary:
[2026-07-16 20:05:41] {
  "n_folds": 40,
  "collapse_rate": 0.275,
  "mean_collapse_ratio": 0.759375,
  "mean_spatial_delta_l2": 0.564296923,
  "mean_spatial_relative_delta": 0.47281672075000003,
  "spatial_changed_rate": 1.0,
  "mean_confidence": 0.5731159495,
  "mean_normalized_prediction_entropy": 0.9614318024999999
}

[2026-07-16 20:05:41] Top global channels by mean absolute spatial weight:
[2026-07-16 20:05:41] CV results saved to:      /Users/vadim/Documents/School/Spring 2026/CSCE A698 Individual Research/EEG_JEPA/artifacts/liu2024-sjepa-prelocal-gacl8/20260716_1949_cf8732d7/cv_results.json
[2026-07-16 20:05:41] Subject metrics saved to: /Users/vadim/Documents/School/Spring 2026/CSCE A698 Individual Research/EEG_JEPA/artifacts/liu2024-sjepa-prelocal-gacl8/20260716_1949_cf8732d7/subject_metrics.json
[2026-07-16 20:05:41] Global metrics saved to:  /Users/vadim/Documents/School/Spring 2026/CSCE A698 Individual Research/EEG_JEPA/artifacts/liu2024-sjepa-prelocal-gacl8/20260716_1949_cf8732d7/global_metrics.json
[2026-07-16 20:05:41] Subject performance plot: /Users/vadim/Documents/School/Spring 2026/CSCE A698 Individual Research/EEG_JEPA/artifacts/liu2024-sjepa-prelocal-gacl8/20260716_1949_cf8732d7/sjepa_prelocal_subject_performance.png
[2026-07-16 20:05:41] Global performance plot:  /Users/vadim/Documents/School/Spring 2026/CSCE A698 Individual Research/EEG_JEPA/artifacts/liu2024-sjepa-prelocal-gacl8/20260716_1949_cf8732d7/sjepa_prelocal_global_performance_summary.png
[2026-07-16 20:05:41] Confusion matrix plot:    /Users/vadim/Documents/School/Spring 2026/CSCE A698 Individual Research/EEG_JEPA/artifacts/liu2024-sjepa-prelocal-gacl8/20260716_1949_cf8732d7/sjepa_prelocal_aggregated_confusion_matrix.png
[2026-07-16 20:05:41] Run metadata saved to:    /Users/vadim/Documents/School/Spring 2026/CSCE A698 Individual Research/EEG_JEPA/artifacts/liu2024-sjepa-prelocal-gacl8/20260716_1949_cf8732d7/run_metadata.json

[2026-07-16 20:05:41] All artifacts in: /Users/vadim/Documents/School/Spring 2026/CSCE A698 Individual Research/EEG_JEPA/artifacts/liu2024-sjepa-prelocal-gacl8/20260716_1949_cf8732d7
