Notebook:       /home/vegorov/Repos/eeg_jepa_research/src/liu2024/liu2024_source_mat_sjepa_prelocal_anticollapse.ipynb
Configurations: /home/vegorov/Repos/eeg_jepa_research/src/utils/experiments/configs/liu2024_hpgrid_537_demean_none_part1.json
Total configs:  72

[1/72] Running config override:
{
  "experiment_name": "hpgrid537_bs4_lr0p0004_clip0_start0_test0p2_fir_none",
  "config_note": "Minimal override grid based on hpbest_012: 537 samples, 0.5-40 Hz, average reference, new+pretrained S-JEPA. This add-on grid only tests demean_mode=none while sweeping batch size, learning rate, gradient clipping, MI window start, test size, and filter method.",
  "sweep_group": "537_hpgrid_demean_none_addon",
  "target_window_samples": 537,
  "target_window_s": 4.2,
  "batch_size": 4,
  "learning_rate": 0.0004,
  "gradient_clip_norm": 0,
  "mi_window_start_s": 0,
  "test_size": 0.2,
  "filter_method": "fir",
  "demean_mode": "none",
  "filter_iir_params": null
}
  status:       completed
  elapsed_sec:  1167.453
  run_id:       20260530_1203_cd2add73
  artifact_dir: /home/vegorov/Repos/eeg_jepa_research/artifacts/liu2024-source-mat-sjepa-prelocal/20260530_1203_cd2add73

[2/72] Running config override:
{
  "experiment_name": "hpgrid537_bs4_lr0p0004_clip0_start0_test0p2_iir_none",
  "config_note": "Minimal override grid based on hpbest_012: 537 samples, 0.5-40 Hz, average reference, new+pretrained S-JEPA. This add-on grid only tests demean_mode=none while sweeping batch size, learning rate, gradient clipping, MI window start, test size, and filter method.",
  "sweep_group": "537_hpgrid_demean_none_addon",
  "target_window_samples": 537,
  "target_window_s": 4.2,
  "batch_size": 4,
  "learning_rate": 0.0004,
  "gradient_clip_norm": 0,
  "mi_window_start_s": 0,
  "test_size": 0.2,
  "filter_method": "iir",
  "demean_mode": "none",
  "filter_iir_params": {
    "order": 2,
    "ftype": "butter"
  }
}
  status:       completed
  elapsed_sec:  1347.02
  run_id:       20260530_1223_d73278a2
  artifact_dir: /home/vegorov/Repos/eeg_jepa_research/artifacts/liu2024-source-mat-sjepa-prelocal/20260530_1223_d73278a2

[3/72] Running config override:
{
  "experiment_name": "hpgrid537_bs4_lr0p0004_clip0_start0_test0p4_fir_none",
  "config_note": "Minimal override grid based on hpbest_012: 537 samples, 0.5-40 Hz, average reference, new+pretrained S-JEPA. This add-on grid only tests demean_mode=none while sweeping batch size, learning rate, gradient clipping, MI window start, test size, and filter method.",
  "sweep_group": "537_hpgrid_demean_none_addon",
  "target_window_samples": 537,
  "target_window_s": 4.2,
  "batch_size": 4,
  "learning_rate": 0.0004,
  "gradient_clip_norm": 0,
  "mi_window_start_s": 0,
  "test_size": 0.4,
  "filter_method": "fir",
  "demean_mode": "none",
  "filter_iir_params": null
}
  status:       completed
  elapsed_sec:  1164.173
  run_id:       20260530_1245_54c8b123
  artifact_dir: /home/vegorov/Repos/eeg_jepa_research/artifacts/liu2024-source-mat-sjepa-prelocal/20260530_1245_54c8b123

[4/72] Running config override:
{
  "experiment_name": "hpgrid537_bs4_lr0p0004_clip0_start0_test0p4_iir_none",
  "config_note": "Minimal override grid based on hpbest_012: 537 samples, 0.5-40 Hz, average reference, new+pretrained S-JEPA. This add-on grid only tests demean_mode=none while sweeping batch size, learning rate, gradient clipping, MI window start, test size, and filter method.",
  "sweep_group": "537_hpgrid_demean_none_addon",
  "target_window_samples": 537,
  "target_window_s": 4.2,
  "batch_size": 4,
  "learning_rate": 0.0004,
  "gradient_clip_norm": 0,
  "mi_window_start_s": 0,
  "test_size": 0.4,
  "filter_method": "iir",
  "demean_mode": "none",
  "filter_iir_params": {
    "order": 2,
    "ftype": "butter"
  }
}
  status:       completed
  elapsed_sec:  1332.842
  run_id:       20260530_1305_908d65eb
  artifact_dir: /home/vegorov/Repos/eeg_jepa_research/artifacts/liu2024-source-mat-sjepa-prelocal/20260530_1305_908d65eb

[5/72] Running config override:
{
  "experiment_name": "hpgrid537_bs4_lr0p0004_clip0_start1_test0p2_fir_none",
  "config_note": "Minimal override grid based on hpbest_012: 537 samples, 0.5-40 Hz, average reference, new+pretrained S-JEPA. This add-on grid only tests demean_mode=none while sweeping batch size, learning rate, gradient clipping, MI window start, test size, and filter method.",
  "sweep_group": "537_hpgrid_demean_none_addon",
  "target_window_samples": 537,
  "target_window_s": 4.2,
  "batch_size": 4,
  "learning_rate": 0.0004,
  "gradient_clip_norm": 0,
  "mi_window_start_s": 1,
  "test_size": 0.2,
  "filter_method": "fir",
  "demean_mode": "none",
  "filter_iir_params": null
}
  status:       completed
  elapsed_sec:  1214.738
  run_id:       20260530_1327_b1fea6a0
  artifact_dir: /home/vegorov/Repos/eeg_jepa_research/artifacts/liu2024-source-mat-sjepa-prelocal/20260530_1327_b1fea6a0

[6/72] Running config override:
{
  "experiment_name": "hpgrid537_bs4_lr0p0004_clip0_start1_test0p2_iir_none",
  "config_note": "Minimal override grid based on hpbest_012: 537 samples, 0.5-40 Hz, average reference, new+pretrained S-JEPA. This add-on grid only tests demean_mode=none while sweeping batch size, learning rate, gradient clipping, MI window start, test size, and filter method.",
  "sweep_group": "537_hpgrid_demean_none_addon",
  "target_window_samples": 537,
  "target_window_s": 4.2,
  "batch_size": 4,
  "learning_rate": 0.0004,
  "gradient_clip_norm": 0,
  "mi_window_start_s": 1,
  "test_size": 0.2,
  "filter_method": "iir",
  "demean_mode": "none",
  "filter_iir_params": {
    "order": 2,
    "ftype": "butter"
  }
}
  status:       completed
  elapsed_sec:  1278.852
  run_id:       20260530_1347_98c97486
  artifact_dir: /home/vegorov/Repos/eeg_jepa_research/artifacts/liu2024-source-mat-sjepa-prelocal/20260530_1347_98c97486

[7/72] Running config override:
{
  "experiment_name": "hpgrid537_bs4_lr0p0004_clip0_start1_test0p4_fir_none",
  "config_note": "Minimal override grid based on hpbest_012: 537 samples, 0.5-40 Hz, average reference, new+pretrained S-JEPA. This add-on grid only tests demean_mode=none while sweeping batch size, learning rate, gradient clipping, MI window start, test size, and filter method.",
  "sweep_group": "537_hpgrid_demean_none_addon",
  "target_window_samples": 537,
  "target_window_s": 4.2,
  "batch_size": 4,
  "learning_rate": 0.0004,
  "gradient_clip_norm": 0,
  "mi_window_start_s": 1,
  "test_size": 0.4,
  "filter_method": "fir",
  "demean_mode": "none",
  "filter_iir_params": null
}
  status:       completed
  elapsed_sec:  1220.503
  run_id:       20260530_1408_3dab21aa
  artifact_dir: /home/vegorov/Repos/eeg_jepa_research/artifacts/liu2024-source-mat-sjepa-prelocal/20260530_1408_3dab21aa

[8/72] Running config override:
{
  "experiment_name": "hpgrid537_bs4_lr0p0004_clip0_start1_test0p4_iir_none",
  "config_note": "Minimal override grid based on hpbest_012: 537 samples, 0.5-40 Hz, average reference, new+pretrained S-JEPA. This add-on grid only tests demean_mode=none while sweeping batch size, learning rate, gradient clipping, MI window start, test size, and filter method.",
  "sweep_group": "537_hpgrid_demean_none_addon",
  "target_window_samples": 537,
  "target_window_s": 4.2,
  "batch_size": 4,
  "learning_rate": 0.0004,
  "gradient_clip_norm": 0,
  "mi_window_start_s": 1,
  "test_size": 0.4,
  "filter_method": "iir",
  "demean_mode": "none",
  "filter_iir_params": {
    "order": 2,
    "ftype": "butter"
  }
}
  status:       completed
  elapsed_sec:  1277.849
  run_id:       20260530_1429_15fa4074
  artifact_dir: /home/vegorov/Repos/eeg_jepa_research/artifacts/liu2024-source-mat-sjepa-prelocal/20260530_1429_15fa4074

[9/72] Running config override:
{
  "experiment_name": "hpgrid537_bs4_lr0p0004_clip0_start2_test0p2_fir_none",
  "config_note": "Minimal override grid based on hpbest_012: 537 samples, 0.5-40 Hz, average reference, new+pretrained S-JEPA. This add-on grid only tests demean_mode=none while sweeping batch size, learning rate, gradient clipping, MI window start, test size, and filter method.",
  "sweep_group": "537_hpgrid_demean_none_addon",
  "target_window_samples": 537,
  "target_window_s": 4.2,
  "batch_size": 4,
  "learning_rate": 0.0004,
  "gradient_clip_norm": 0,
  "mi_window_start_s": 2,
  "test_size": 0.2,
  "filter_method": "fir",
  "demean_mode": "none",
  "filter_iir_params": null
}
  status:       completed
  elapsed_sec:  1256.798
  run_id:       20260530_1450_f24f4f9c
  artifact_dir: /home/vegorov/Repos/eeg_jepa_research/artifacts/liu2024-source-mat-sjepa-prelocal/20260530_1450_f24f4f9c

[10/72] Running config override:
{
  "experiment_name": "hpgrid537_bs4_lr0p0004_clip0_start2_test0p2_iir_none",
  "config_note": "Minimal override grid based on hpbest_012: 537 samples, 0.5-40 Hz, average reference, new+pretrained S-JEPA. This add-on grid only tests demean_mode=none while sweeping batch size, learning rate, gradient clipping, MI window start, test size, and filter method.",
  "sweep_group": "537_hpgrid_demean_none_addon",
  "target_window_samples": 537,
  "target_window_s": 4.2,
  "batch_size": 4,
  "learning_rate": 0.0004,
  "gradient_clip_norm": 0,
  "mi_window_start_s": 2,
  "test_size": 0.2,
  "filter_method": "iir",
  "demean_mode": "none",
  "filter_iir_params": {
    "order": 2,
    "ftype": "butter"
  }
}
  status:       completed
  elapsed_sec:  1272.769
  run_id:       20260530_1511_19218bb1
  artifact_dir: /home/vegorov/Repos/eeg_jepa_research/artifacts/liu2024-source-mat-sjepa-prelocal/20260530_1511_19218bb1

[11/72] Running config override:
{
  "experiment_name": "hpgrid537_bs4_lr0p0004_clip0_start2_test0p4_fir_none",
  "config_note": "Minimal override grid based on hpbest_012: 537 samples, 0.5-40 Hz, average reference, new+pretrained S-JEPA. This add-on grid only tests demean_mode=none while sweeping batch size, learning rate, gradient clipping, MI window start, test size, and filter method.",
  "sweep_group": "537_hpgrid_demean_none_addon",
  "target_window_samples": 537,
  "target_window_s": 4.2,
  "batch_size": 4,
  "learning_rate": 0.0004,
  "gradient_clip_norm": 0,
  "mi_window_start_s": 2,
  "test_size": 0.4,
  "filter_method": "fir",
  "demean_mode": "none",
  "filter_iir_params": null
}
  status:       completed
  elapsed_sec:  1250.134
  run_id:       20260530_1532_79d55308
  artifact_dir: /home/vegorov/Repos/eeg_jepa_research/artifacts/liu2024-source-mat-sjepa-prelocal/20260530_1532_79d55308

[12/72] Running config override:
{
  "experiment_name": "hpgrid537_bs4_lr0p0004_clip0_start2_test0p4_iir_none",
  "config_note": "Minimal override grid based on hpbest_012: 537 samples, 0.5-40 Hz, average reference, new+pretrained S-JEPA. This add-on grid only tests demean_mode=none while sweeping batch size, learning rate, gradient clipping, MI window start, test size, and filter method.",
  "sweep_group": "537_hpgrid_demean_none_addon",
  "target_window_samples": 537,
  "target_window_s": 4.2,
  "batch_size": 4,
  "learning_rate": 0.0004,
  "gradient_clip_norm": 0,
  "mi_window_start_s": 2,
  "test_size": 0.4,
  "filter_method": "iir",
  "demean_mode": "none",
  "filter_iir_params": {
    "order": 2,
    "ftype": "butter"
  }
}
  status:       completed
  elapsed_sec:  1233.504
  run_id:       20260530_1553_17edd9c5
  artifact_dir: /home/vegorov/Repos/eeg_jepa_research/artifacts/liu2024-source-mat-sjepa-prelocal/20260530_1553_17edd9c5

[13/72] Running config override:
{
  "experiment_name": "hpgrid537_bs4_lr0p0004_clip1_start0_test0p2_fir_none",
  "config_note": "Minimal override grid based on hpbest_012: 537 samples, 0.5-40 Hz, average reference, new+pretrained S-JEPA. This add-on grid only tests demean_mode=none while sweeping batch size, learning rate, gradient clipping, MI window start, test size, and filter method.",
  "sweep_group": "537_hpgrid_demean_none_addon",
  "target_window_samples": 537,
  "target_window_s": 4.2,
  "batch_size": 4,
  "learning_rate": 0.0004,
  "gradient_clip_norm": 1,
  "mi_window_start_s": 0,
  "test_size": 0.2,
  "filter_method": "fir",
  "demean_mode": "none",
  "filter_iir_params": null
}
  status:       completed
  elapsed_sec:  1180.483
  run_id:       20260530_1614_ed719bc2
  artifact_dir: /home/vegorov/Repos/eeg_jepa_research/artifacts/liu2024-source-mat-sjepa-prelocal/20260530_1614_ed719bc2

[14/72] Running config override:
{
  "experiment_name": "hpgrid537_bs4_lr0p0004_clip1_start0_test0p2_iir_none",
  "config_note": "Minimal override grid based on hpbest_012: 537 samples, 0.5-40 Hz, average reference, new+pretrained S-JEPA. This add-on grid only tests demean_mode=none while sweeping batch size, learning rate, gradient clipping, MI window start, test size, and filter method.",
  "sweep_group": "537_hpgrid_demean_none_addon",
  "target_window_samples": 537,
  "target_window_s": 4.2,
  "batch_size": 4,
  "learning_rate": 0.0004,
  "gradient_clip_norm": 1,
  "mi_window_start_s": 0,
  "test_size": 0.2,
  "filter_method": "iir",
  "demean_mode": "none",
  "filter_iir_params": {
    "order": 2,
    "ftype": "butter"
  }
}
  status:       completed
  elapsed_sec:  1351.291
  run_id:       20260530_1633_5b14a9dc
  artifact_dir: /home/vegorov/Repos/eeg_jepa_research/artifacts/liu2024-source-mat-sjepa-prelocal/20260530_1633_5b14a9dc

[15/72] Running config override:
{
  "experiment_name": "hpgrid537_bs4_lr0p0004_clip1_start0_test0p4_fir_none",
  "config_note": "Minimal override grid based on hpbest_012: 537 samples, 0.5-40 Hz, average reference, new+pretrained S-JEPA. This add-on grid only tests demean_mode=none while sweeping batch size, learning rate, gradient clipping, MI window start, test size, and filter method.",
  "sweep_group": "537_hpgrid_demean_none_addon",
  "target_window_samples": 537,
  "target_window_s": 4.2,
  "batch_size": 4,
  "learning_rate": 0.0004,
  "gradient_clip_norm": 1,
  "mi_window_start_s": 0,
  "test_size": 0.4,
  "filter_method": "fir",
  "demean_mode": "none",
  "filter_iir_params": null
}
  status:       completed
  elapsed_sec:  1195.286
  run_id:       20260530_1656_f8453a9c
  artifact_dir: /home/vegorov/Repos/eeg_jepa_research/artifacts/liu2024-source-mat-sjepa-prelocal/20260530_1656_f8453a9c

[16/72] Running config override:
{
  "experiment_name": "hpgrid537_bs4_lr0p0004_clip1_start0_test0p4_iir_none",
  "config_note": "Minimal override grid based on hpbest_012: 537 samples, 0.5-40 Hz, average reference, new+pretrained S-JEPA. This add-on grid only tests demean_mode=none while sweeping batch size, learning rate, gradient clipping, MI window start, test size, and filter method.",
  "sweep_group": "537_hpgrid_demean_none_addon",
  "target_window_samples": 537,
  "target_window_s": 4.2,
  "batch_size": 4,
  "learning_rate": 0.0004,
  "gradient_clip_norm": 1,
  "mi_window_start_s": 0,
  "test_size": 0.4,
  "filter_method": "iir",
  "demean_mode": "none",
  "filter_iir_params": {
    "order": 2,
    "ftype": "butter"
  }
}
  status:       completed
  elapsed_sec:  1346.337
  run_id:       20260530_1716_96183876
  artifact_dir: /home/vegorov/Repos/eeg_jepa_research/artifacts/liu2024-source-mat-sjepa-prelocal/20260530_1716_96183876

[17/72] Running config override:
{
  "experiment_name": "hpgrid537_bs4_lr0p0004_clip1_start1_test0p2_fir_none",
  "config_note": "Minimal override grid based on hpbest_012: 537 samples, 0.5-40 Hz, average reference, new+pretrained S-JEPA. This add-on grid only tests demean_mode=none while sweeping batch size, learning rate, gradient clipping, MI window start, test size, and filter method.",
  "sweep_group": "537_hpgrid_demean_none_addon",
  "target_window_samples": 537,
  "target_window_s": 4.2,
  "batch_size": 4,
  "learning_rate": 0.0004,
  "gradient_clip_norm": 1,
  "mi_window_start_s": 1,
  "test_size": 0.2,
  "filter_method": "fir",
  "demean_mode": "none",
  "filter_iir_params": null
}
  status:       completed
  elapsed_sec:  1253.492
  run_id:       20260530_1738_837011cc
  artifact_dir: /home/vegorov/Repos/eeg_jepa_research/artifacts/liu2024-source-mat-sjepa-prelocal/20260530_1738_837011cc

[18/72] Running config override:
{
  "experiment_name": "hpgrid537_bs4_lr0p0004_clip1_start1_test0p2_iir_none",
  "config_note": "Minimal override grid based on hpbest_012: 537 samples, 0.5-40 Hz, average reference, new+pretrained S-JEPA. This add-on grid only tests demean_mode=none while sweeping batch size, learning rate, gradient clipping, MI window start, test size, and filter method.",
  "sweep_group": "537_hpgrid_demean_none_addon",
  "target_window_samples": 537,
  "target_window_s": 4.2,
  "batch_size": 4,
  "learning_rate": 0.0004,
  "gradient_clip_norm": 1,
  "mi_window_start_s": 1,
  "test_size": 0.2,
  "filter_method": "iir",
  "demean_mode": "none",
  "filter_iir_params": {
    "order": 2,
    "ftype": "butter"
  }
}
  status:       completed
  elapsed_sec:  1306.004
  run_id:       20260530_1759_ae08c0bf
  artifact_dir: /home/vegorov/Repos/eeg_jepa_research/artifacts/liu2024-source-mat-sjepa-prelocal/20260530_1759_ae08c0bf

[19/72] Running config override:
{
  "experiment_name": "hpgrid537_bs4_lr0p0004_clip1_start1_test0p4_fir_none",
  "config_note": "Minimal override grid based on hpbest_012: 537 samples, 0.5-40 Hz, average reference, new+pretrained S-JEPA. This add-on grid only tests demean_mode=none while sweeping batch size, learning rate, gradient clipping, MI window start, test size, and filter method.",
  "sweep_group": "537_hpgrid_demean_none_addon",
  "target_window_samples": 537,
  "target_window_s": 4.2,
  "batch_size": 4,
  "learning_rate": 0.0004,
  "gradient_clip_norm": 1,
  "mi_window_start_s": 1,
  "test_size": 0.4,
  "filter_method": "fir",
  "demean_mode": "none",
  "filter_iir_params": null
}
  status:       completed
  elapsed_sec:  1260.52
  run_id:       20260530_1821_fb9bc2f2
  artifact_dir: /home/vegorov/Repos/eeg_jepa_research/artifacts/liu2024-source-mat-sjepa-prelocal/20260530_1821_fb9bc2f2

[20/72] Running config override:
{
  "experiment_name": "hpgrid537_bs4_lr0p0004_clip1_start1_test0p4_iir_none",
  "config_note": "Minimal override grid based on hpbest_012: 537 samples, 0.5-40 Hz, average reference, new+pretrained S-JEPA. This add-on grid only tests demean_mode=none while sweeping batch size, learning rate, gradient clipping, MI window start, test size, and filter method.",
  "sweep_group": "537_hpgrid_demean_none_addon",
  "target_window_samples": 537,
  "target_window_s": 4.2,
  "batch_size": 4,
  "learning_rate": 0.0004,
  "gradient_clip_norm": 1,
  "mi_window_start_s": 1,
  "test_size": 0.4,
  "filter_method": "iir",
  "demean_mode": "none",
  "filter_iir_params": {
    "order": 2,
    "ftype": "butter"
  }
}
  status:       completed
  elapsed_sec:  1302.953
  run_id:       20260530_1842_71128b25
  artifact_dir: /home/vegorov/Repos/eeg_jepa_research/artifacts/liu2024-source-mat-sjepa-prelocal/20260530_1842_71128b25

[21/72] Running config override:
{
  "experiment_name": "hpgrid537_bs4_lr0p0004_clip1_start2_test0p2_fir_none",
  "config_note": "Minimal override grid based on hpbest_012: 537 samples, 0.5-40 Hz, average reference, new+pretrained S-JEPA. This add-on grid only tests demean_mode=none while sweeping batch size, learning rate, gradient clipping, MI window start, test size, and filter method.",
  "sweep_group": "537_hpgrid_demean_none_addon",
  "target_window_samples": 537,
  "target_window_s": 4.2,
  "batch_size": 4,
  "learning_rate": 0.0004,
  "gradient_clip_norm": 1,
  "mi_window_start_s": 2,
  "test_size": 0.2,
  "filter_method": "fir",
  "demean_mode": "none",
  "filter_iir_params": null
}
  status:       completed
  elapsed_sec:  1251.883
  run_id:       20260530_1904_7eddadc0
  artifact_dir: /home/vegorov/Repos/eeg_jepa_research/artifacts/liu2024-source-mat-sjepa-prelocal/20260530_1904_7eddadc0

[22/72] Running config override:
{
  "experiment_name": "hpgrid537_bs4_lr0p0004_clip1_start2_test0p2_iir_none",
  "config_note": "Minimal override grid based on hpbest_012: 537 samples, 0.5-40 Hz, average reference, new+pretrained S-JEPA. This add-on grid only tests demean_mode=none while sweeping batch size, learning rate, gradient clipping, MI window start, test size, and filter method.",
  "sweep_group": "537_hpgrid_demean_none_addon",
  "target_window_samples": 537,
  "target_window_s": 4.2,
  "batch_size": 4,
  "learning_rate": 0.0004,
  "gradient_clip_norm": 1,
  "mi_window_start_s": 2,
  "test_size": 0.2,
  "filter_method": "iir",
  "demean_mode": "none",
  "filter_iir_params": {
    "order": 2,
    "ftype": "butter"
  }
}
  status:       completed
  elapsed_sec:  1316.545
  run_id:       20260530_1924_88b09948
  artifact_dir: /home/vegorov/Repos/eeg_jepa_research/artifacts/liu2024-source-mat-sjepa-prelocal/20260530_1924_88b09948

[23/72] Running config override:
{
  "experiment_name": "hpgrid537_bs4_lr0p0004_clip1_start2_test0p4_fir_none",
  "config_note": "Minimal override grid based on hpbest_012: 537 samples, 0.5-40 Hz, average reference, new+pretrained S-JEPA. This add-on grid only tests demean_mode=none while sweeping batch size, learning rate, gradient clipping, MI window start, test size, and filter method.",
  "sweep_group": "537_hpgrid_demean_none_addon",
  "target_window_samples": 537,
  "target_window_s": 4.2,
  "batch_size": 4,
  "learning_rate": 0.0004,
  "gradient_clip_norm": 1,
  "mi_window_start_s": 2,
  "test_size": 0.4,
  "filter_method": "fir",
  "demean_mode": "none",
  "filter_iir_params": null
}
  status:       completed
  elapsed_sec:  1250.934
  run_id:       20260530_1946_ff95bb60
  artifact_dir: /home/vegorov/Repos/eeg_jepa_research/artifacts/liu2024-source-mat-sjepa-prelocal/20260530_1946_ff95bb60

[24/72] Running config override:
{
  "experiment_name": "hpgrid537_bs4_lr0p0004_clip1_start2_test0p4_iir_none",
  "config_note": "Minimal override grid based on hpbest_012: 537 samples, 0.5-40 Hz, average reference, new+pretrained S-JEPA. This add-on grid only tests demean_mode=none while sweeping batch size, learning rate, gradient clipping, MI window start, test size, and filter method.",
  "sweep_group": "537_hpgrid_demean_none_addon",
  "target_window_samples": 537,
  "target_window_s": 4.2,
  "batch_size": 4,
  "learning_rate": 0.0004,
  "gradient_clip_norm": 1,
  "mi_window_start_s": 2,
  "test_size": 0.4,
  "filter_method": "iir",
  "demean_mode": "none",
  "filter_iir_params": {
    "order": 2,
    "ftype": "butter"
  }
}
  status:       completed
  elapsed_sec:  1308.832
  run_id:       20260530_2007_e45d3b0f
  artifact_dir: /home/vegorov/Repos/eeg_jepa_research/artifacts/liu2024-source-mat-sjepa-prelocal/20260530_2007_e45d3b0f

[25/72] Running config override:
{
  "experiment_name": "hpgrid537_bs4_lr0p0004_clip2_start0_test0p2_fir_none",
  "config_note": "Minimal override grid based on hpbest_012: 537 samples, 0.5-40 Hz, average reference, new+pretrained S-JEPA. This add-on grid only tests demean_mode=none while sweeping batch size, learning rate, gradient clipping, MI window start, test size, and filter method.",
  "sweep_group": "537_hpgrid_demean_none_addon",
  "target_window_samples": 537,
  "target_window_s": 4.2,
  "batch_size": 4,
  "learning_rate": 0.0004,
  "gradient_clip_norm": 2,
  "mi_window_start_s": 0,
  "test_size": 0.2,
  "filter_method": "fir",
  "demean_mode": "none",
  "filter_iir_params": null
}
  status:       completed
  elapsed_sec:  1199.389
  run_id:       20260530_2029_801c7c90
  artifact_dir: /home/vegorov/Repos/eeg_jepa_research/artifacts/liu2024-source-mat-sjepa-prelocal/20260530_2029_801c7c90

[26/72] Running config override:
{
  "experiment_name": "hpgrid537_bs4_lr0p0004_clip2_start0_test0p2_iir_none",
  "config_note": "Minimal override grid based on hpbest_012: 537 samples, 0.5-40 Hz, average reference, new+pretrained S-JEPA. This add-on grid only tests demean_mode=none while sweeping batch size, learning rate, gradient clipping, MI window start, test size, and filter method.",
  "sweep_group": "537_hpgrid_demean_none_addon",
  "target_window_samples": 537,
  "target_window_s": 4.2,
  "batch_size": 4,
  "learning_rate": 0.0004,
  "gradient_clip_norm": 2,
  "mi_window_start_s": 0,
  "test_size": 0.2,
  "filter_method": "iir",
  "demean_mode": "none",
  "filter_iir_params": {
    "order": 2,
    "ftype": "butter"
  }
}
  status:       completed
  elapsed_sec:  1378.57
  run_id:       20260530_2049_ced2dc81
  artifact_dir: /home/vegorov/Repos/eeg_jepa_research/artifacts/liu2024-source-mat-sjepa-prelocal/20260530_2049_ced2dc81

[27/72] Running config override:
{
  "experiment_name": "hpgrid537_bs4_lr0p0004_clip2_start0_test0p4_fir_none",
  "config_note": "Minimal override grid based on hpbest_012: 537 samples, 0.5-40 Hz, average reference, new+pretrained S-JEPA. This add-on grid only tests demean_mode=none while sweeping batch size, learning rate, gradient clipping, MI window start, test size, and filter method.",
  "sweep_group": "537_hpgrid_demean_none_addon",
  "target_window_samples": 537,
  "target_window_s": 4.2,
  "batch_size": 4,
  "learning_rate": 0.0004,
  "gradient_clip_norm": 2,
  "mi_window_start_s": 0,
  "test_size": 0.4,
  "filter_method": "fir",
  "demean_mode": "none",
  "filter_iir_params": null
}
  status:       completed
  elapsed_sec:  1189.947
  run_id:       20260530_2112_8abb2502
  artifact_dir: /home/vegorov/Repos/eeg_jepa_research/artifacts/liu2024-source-mat-sjepa-prelocal/20260530_2112_8abb2502

[28/72] Running config override:
{
  "experiment_name": "hpgrid537_bs4_lr0p0004_clip2_start0_test0p4_iir_none",
  "config_note": "Minimal override grid based on hpbest_012: 537 samples, 0.5-40 Hz, average reference, new+pretrained S-JEPA. This add-on grid only tests demean_mode=none while sweeping batch size, learning rate, gradient clipping, MI window start, test size, and filter method.",
  "sweep_group": "537_hpgrid_demean_none_addon",
  "target_window_samples": 537,
  "target_window_s": 4.2,
  "batch_size": 4,
  "learning_rate": 0.0004,
  "gradient_clip_norm": 2,
  "mi_window_start_s": 0,
  "test_size": 0.4,
  "filter_method": "iir",
  "demean_mode": "none",
  "filter_iir_params": {
    "order": 2,
    "ftype": "butter"
  }
}
  status:       completed
  elapsed_sec:  1375.5
  run_id:       20260530_2132_55f3ba13
  artifact_dir: /home/vegorov/Repos/eeg_jepa_research/artifacts/liu2024-source-mat-sjepa-prelocal/20260530_2132_55f3ba13

[29/72] Running config override:
{
  "experiment_name": "hpgrid537_bs4_lr0p0004_clip2_start1_test0p2_fir_none",
  "config_note": "Minimal override grid based on hpbest_012: 537 samples, 0.5-40 Hz, average reference, new+pretrained S-JEPA. This add-on grid only tests demean_mode=none while sweeping batch size, learning rate, gradient clipping, MI window start, test size, and filter method.",
  "sweep_group": "537_hpgrid_demean_none_addon",
  "target_window_samples": 537,
  "target_window_s": 4.2,
  "batch_size": 4,
  "learning_rate": 0.0004,
  "gradient_clip_norm": 2,
  "mi_window_start_s": 1,
  "test_size": 0.2,
  "filter_method": "fir",
  "demean_mode": "none",
  "filter_iir_params": null
}
  status:       completed
  elapsed_sec:  1259.774
  run_id:       20260530_2155_a4739d15
  artifact_dir: /home/vegorov/Repos/eeg_jepa_research/artifacts/liu2024-source-mat-sjepa-prelocal/20260530_2155_a4739d15

[30/72] Running config override:
{
  "experiment_name": "hpgrid537_bs4_lr0p0004_clip2_start1_test0p2_iir_none",
  "config_note": "Minimal override grid based on hpbest_012: 537 samples, 0.5-40 Hz, average reference, new+pretrained S-JEPA. This add-on grid only tests demean_mode=none while sweeping batch size, learning rate, gradient clipping, MI window start, test size, and filter method.",
  "sweep_group": "537_hpgrid_demean_none_addon",
  "target_window_samples": 537,
  "target_window_s": 4.2,
  "batch_size": 4,
  "learning_rate": 0.0004,
  "gradient_clip_norm": 2,
  "mi_window_start_s": 1,
  "test_size": 0.2,
  "filter_method": "iir",
  "demean_mode": "none",
  "filter_iir_params": {
    "order": 2,
    "ftype": "butter"
  }
}
  status:       completed
  elapsed_sec:  1305.791
  run_id:       20260530_2216_3fa72751
  artifact_dir: /home/vegorov/Repos/eeg_jepa_research/artifacts/liu2024-source-mat-sjepa-prelocal/20260530_2216_3fa72751

[31/72] Running config override:
{
  "experiment_name": "hpgrid537_bs4_lr0p0004_clip2_start1_test0p4_fir_none",
  "config_note": "Minimal override grid based on hpbest_012: 537 samples, 0.5-40 Hz, average reference, new+pretrained S-JEPA. This add-on grid only tests demean_mode=none while sweeping batch size, learning rate, gradient clipping, MI window start, test size, and filter method.",
  "sweep_group": "537_hpgrid_demean_none_addon",
  "target_window_samples": 537,
  "target_window_s": 4.2,
  "batch_size": 4,
  "learning_rate": 0.0004,
  "gradient_clip_norm": 2,
  "mi_window_start_s": 1,
  "test_size": 0.4,
  "filter_method": "fir",
  "demean_mode": "none",
  "filter_iir_params": null
}
  status:       completed
  elapsed_sec:  1256.85
  run_id:       20260530_2238_3d32186a
  artifact_dir: /home/vegorov/Repos/eeg_jepa_research/artifacts/liu2024-source-mat-sjepa-prelocal/20260530_2238_3d32186a

[32/72] Running config override:
{
  "experiment_name": "hpgrid537_bs4_lr0p0004_clip2_start1_test0p4_iir_none",
  "config_note": "Minimal override grid based on hpbest_012: 537 samples, 0.5-40 Hz, average reference, new+pretrained S-JEPA. This add-on grid only tests demean_mode=none while sweeping batch size, learning rate, gradient clipping, MI window start, test size, and filter method.",
  "sweep_group": "537_hpgrid_demean_none_addon",
  "target_window_samples": 537,
  "target_window_s": 4.2,
  "batch_size": 4,
  "learning_rate": 0.0004,
  "gradient_clip_norm": 2,
  "mi_window_start_s": 1,
  "test_size": 0.4,
  "filter_method": "iir",
  "demean_mode": "none",
  "filter_iir_params": {
    "order": 2,
    "ftype": "butter"
  }
}
  status:       completed
  elapsed_sec:  1307.285
  run_id:       20260530_2259_50df0743
  artifact_dir: /home/vegorov/Repos/eeg_jepa_research/artifacts/liu2024-source-mat-sjepa-prelocal/20260530_2259_50df0743

[33/72] Running config override:
{
  "experiment_name": "hpgrid537_bs4_lr0p0004_clip2_start2_test0p2_fir_none",
  "config_note": "Minimal override grid based on hpbest_012: 537 samples, 0.5-40 Hz, average reference, new+pretrained S-JEPA. This add-on grid only tests demean_mode=none while sweeping batch size, learning rate, gradient clipping, MI window start, test size, and filter method.",
  "sweep_group": "537_hpgrid_demean_none_addon",
  "target_window_samples": 537,
  "target_window_s": 4.2,
  "batch_size": 4,
  "learning_rate": 0.0004,
  "gradient_clip_norm": 2,
  "mi_window_start_s": 2,
  "test_size": 0.2,
  "filter_method": "fir",
  "demean_mode": "none",
  "filter_iir_params": null
}
  status:       completed
  elapsed_sec:  1304.1
  run_id:       20260530_2320_14ba8903
  artifact_dir: /home/vegorov/Repos/eeg_jepa_research/artifacts/liu2024-source-mat-sjepa-prelocal/20260530_2320_14ba8903

[34/72] Running config override:
{
  "experiment_name": "hpgrid537_bs4_lr0p0004_clip2_start2_test0p2_iir_none",
  "config_note": "Minimal override grid based on hpbest_012: 537 samples, 0.5-40 Hz, average reference, new+pretrained S-JEPA. This add-on grid only tests demean_mode=none while sweeping batch size, learning rate, gradient clipping, MI window start, test size, and filter method.",
  "sweep_group": "537_hpgrid_demean_none_addon",
  "target_window_samples": 537,
  "target_window_s": 4.2,
  "batch_size": 4,
  "learning_rate": 0.0004,
  "gradient_clip_norm": 2,
  "mi_window_start_s": 2,
  "test_size": 0.2,
  "filter_method": "iir",
  "demean_mode": "none",
  "filter_iir_params": {
    "order": 2,
    "ftype": "butter"
  }
}
  status:       completed
  elapsed_sec:  1303.539
  run_id:       20260530_2342_8b21d71b
  artifact_dir: /home/vegorov/Repos/eeg_jepa_research/artifacts/liu2024-source-mat-sjepa-prelocal/20260530_2342_8b21d71b

[35/72] Running config override:
{
  "experiment_name": "hpgrid537_bs4_lr0p0004_clip2_start2_test0p4_fir_none",
  "config_note": "Minimal override grid based on hpbest_012: 537 samples, 0.5-40 Hz, average reference, new+pretrained S-JEPA. This add-on grid only tests demean_mode=none while sweeping batch size, learning rate, gradient clipping, MI window start, test size, and filter method.",
  "sweep_group": "537_hpgrid_demean_none_addon",
  "target_window_samples": 537,
  "target_window_s": 4.2,
  "batch_size": 4,
  "learning_rate": 0.0004,
  "gradient_clip_norm": 2,
  "mi_window_start_s": 2,
  "test_size": 0.4,
  "filter_method": "fir",
  "demean_mode": "none",
  "filter_iir_params": null
}
  status:       completed
  elapsed_sec:  1296.097
  run_id:       20260531_0004_1cb77115
  artifact_dir: /home/vegorov/Repos/eeg_jepa_research/artifacts/liu2024-source-mat-sjepa-prelocal/20260531_0004_1cb77115

[36/72] Running config override:
{
  "experiment_name": "hpgrid537_bs4_lr0p0004_clip2_start2_test0p4_iir_none",
  "config_note": "Minimal override grid based on hpbest_012: 537 samples, 0.5-40 Hz, average reference, new+pretrained S-JEPA. This add-on grid only tests demean_mode=none while sweeping batch size, learning rate, gradient clipping, MI window start, test size, and filter method.",
  "sweep_group": "537_hpgrid_demean_none_addon",
  "target_window_samples": 537,
  "target_window_s": 4.2,
  "batch_size": 4,
  "learning_rate": 0.0004,
  "gradient_clip_norm": 2,
  "mi_window_start_s": 2,
  "test_size": 0.4,
  "filter_method": "iir",
  "demean_mode": "none",
  "filter_iir_params": {
    "order": 2,
    "ftype": "butter"
  }
}
  status:       completed
  elapsed_sec:  1285.426
  run_id:       20260531_0025_67a8c3c6
  artifact_dir: /home/vegorov/Repos/eeg_jepa_research/artifacts/liu2024-source-mat-sjepa-prelocal/20260531_0025_67a8c3c6

[37/72] Running config override:
{
  "experiment_name": "hpgrid537_bs4_lr0p0003_clip0_start0_test0p2_fir_none",
  "config_note": "Minimal override grid based on hpbest_012: 537 samples, 0.5-40 Hz, average reference, new+pretrained S-JEPA. This add-on grid only tests demean_mode=none while sweeping batch size, learning rate, gradient clipping, MI window start, test size, and filter method.",
  "sweep_group": "537_hpgrid_demean_none_addon",
  "target_window_samples": 537,
  "target_window_s": 4.2,
  "batch_size": 4,
  "learning_rate": 0.0003,
  "gradient_clip_norm": 0,
  "mi_window_start_s": 0,
  "test_size": 0.2,
  "filter_method": "fir",
  "demean_mode": "none",
  "filter_iir_params": null
}
  status:       completed
  elapsed_sec:  1294.845
  run_id:       20260531_0047_f23e2532
  artifact_dir: /home/vegorov/Repos/eeg_jepa_research/artifacts/liu2024-source-mat-sjepa-prelocal/20260531_0047_f23e2532

[38/72] Running config override:
{
  "experiment_name": "hpgrid537_bs4_lr0p0003_clip0_start0_test0p2_iir_none",
  "config_note": "Minimal override grid based on hpbest_012: 537 samples, 0.5-40 Hz, average reference, new+pretrained S-JEPA. This add-on grid only tests demean_mode=none while sweeping batch size, learning rate, gradient clipping, MI window start, test size, and filter method.",
  "sweep_group": "537_hpgrid_demean_none_addon",
  "target_window_samples": 537,
  "target_window_s": 4.2,
  "batch_size": 4,
  "learning_rate": 0.0003,
  "gradient_clip_norm": 0,
  "mi_window_start_s": 0,
  "test_size": 0.2,
  "filter_method": "iir",
  "demean_mode": "none",
  "filter_iir_params": {
    "order": 2,
    "ftype": "butter"
  }
}
  status:       completed
  elapsed_sec:  1477.924
  run_id:       20260531_0108_89cb2779
  artifact_dir: /home/vegorov/Repos/eeg_jepa_research/artifacts/liu2024-source-mat-sjepa-prelocal/20260531_0108_89cb2779

[39/72] Running config override:
{
  "experiment_name": "hpgrid537_bs4_lr0p0003_clip0_start0_test0p4_fir_none",
  "config_note": "Minimal override grid based on hpbest_012: 537 samples, 0.5-40 Hz, average reference, new+pretrained S-JEPA. This add-on grid only tests demean_mode=none while sweeping batch size, learning rate, gradient clipping, MI window start, test size, and filter method.",
  "sweep_group": "537_hpgrid_demean_none_addon",
  "target_window_samples": 537,
  "target_window_s": 4.2,
  "batch_size": 4,
  "learning_rate": 0.0003,
  "gradient_clip_norm": 0,
  "mi_window_start_s": 0,
  "test_size": 0.4,
  "filter_method": "fir",
  "demean_mode": "none",
  "filter_iir_params": null
}
  status:       completed
  elapsed_sec:  1278.844
  run_id:       20260531_0133_4ce2b33d
  artifact_dir: /home/vegorov/Repos/eeg_jepa_research/artifacts/liu2024-source-mat-sjepa-prelocal/20260531_0133_4ce2b33d

[40/72] Running config override:
{
  "experiment_name": "hpgrid537_bs4_lr0p0003_clip0_start0_test0p4_iir_none",
  "config_note": "Minimal override grid based on hpbest_012: 537 samples, 0.5-40 Hz, average reference, new+pretrained S-JEPA. This add-on grid only tests demean_mode=none while sweeping batch size, learning rate, gradient clipping, MI window start, test size, and filter method.",
  "sweep_group": "537_hpgrid_demean_none_addon",
  "target_window_samples": 537,
  "target_window_s": 4.2,
  "batch_size": 4,
  "learning_rate": 0.0003,
  "gradient_clip_norm": 0,
  "mi_window_start_s": 0,
  "test_size": 0.4,
  "filter_method": "iir",
  "demean_mode": "none",
  "filter_iir_params": {
    "order": 2,
    "ftype": "butter"
  }
}
  status:       completed
  elapsed_sec:  1468.264
  run_id:       20260531_0154_0c5d906e
  artifact_dir: /home/vegorov/Repos/eeg_jepa_research/artifacts/liu2024-source-mat-sjepa-prelocal/20260531_0154_0c5d906e

[41/72] Running config override:
{
  "experiment_name": "hpgrid537_bs4_lr0p0003_clip0_start1_test0p2_fir_none",
  "config_note": "Minimal override grid based on hpbest_012: 537 samples, 0.5-40 Hz, average reference, new+pretrained S-JEPA. This add-on grid only tests demean_mode=none while sweeping batch size, learning rate, gradient clipping, MI window start, test size, and filter method.",
  "sweep_group": "537_hpgrid_demean_none_addon",
  "target_window_samples": 537,
  "target_window_s": 4.2,
  "batch_size": 4,
  "learning_rate": 0.0003,
  "gradient_clip_norm": 0,
  "mi_window_start_s": 1,
  "test_size": 0.2,
  "filter_method": "fir",
  "demean_mode": "none",
  "filter_iir_params": null
}
  status:       completed
  elapsed_sec:  1382.562
  run_id:       20260531_0219_8756f3ab
  artifact_dir: /home/vegorov/Repos/eeg_jepa_research/artifacts/liu2024-source-mat-sjepa-prelocal/20260531_0219_8756f3ab

[42/72] Running config override:
{
  "experiment_name": "hpgrid537_bs4_lr0p0003_clip0_start1_test0p2_iir_none",
  "config_note": "Minimal override grid based on hpbest_012: 537 samples, 0.5-40 Hz, average reference, new+pretrained S-JEPA. This add-on grid only tests demean_mode=none while sweeping batch size, learning rate, gradient clipping, MI window start, test size, and filter method.",
  "sweep_group": "537_hpgrid_demean_none_addon",
  "target_window_samples": 537,
  "target_window_s": 4.2,
  "batch_size": 4,
  "learning_rate": 0.0003,
  "gradient_clip_norm": 0,
  "mi_window_start_s": 1,
  "test_size": 0.2,
  "filter_method": "iir",
  "demean_mode": "none",
  "filter_iir_params": {
    "order": 2,
    "ftype": "butter"
  }
}
  status:       completed
  elapsed_sec:  1494.365
  run_id:       20260531_0242_26f08517
  artifact_dir: /home/vegorov/Repos/eeg_jepa_research/artifacts/liu2024-source-mat-sjepa-prelocal/20260531_0242_26f08517

[43/72] Running config override:
{
  "experiment_name": "hpgrid537_bs4_lr0p0003_clip0_start1_test0p4_fir_none",
  "config_note": "Minimal override grid based on hpbest_012: 537 samples, 0.5-40 Hz, average reference, new+pretrained S-JEPA. This add-on grid only tests demean_mode=none while sweeping batch size, learning rate, gradient clipping, MI window start, test size, and filter method.",
  "sweep_group": "537_hpgrid_demean_none_addon",
  "target_window_samples": 537,
  "target_window_s": 4.2,
  "batch_size": 4,
  "learning_rate": 0.0003,
  "gradient_clip_norm": 0,
  "mi_window_start_s": 1,
  "test_size": 0.4,
  "filter_method": "fir",
  "demean_mode": "none",
  "filter_iir_params": null
}
  status:       completed
  elapsed_sec:  1392.986
  run_id:       20260531_0307_992b9bc0
  artifact_dir: /home/vegorov/Repos/eeg_jepa_research/artifacts/liu2024-source-mat-sjepa-prelocal/20260531_0307_992b9bc0

[44/72] Running config override:
{
  "experiment_name": "hpgrid537_bs4_lr0p0003_clip0_start1_test0p4_iir_none",
  "config_note": "Minimal override grid based on hpbest_012: 537 samples, 0.5-40 Hz, average reference, new+pretrained S-JEPA. This add-on grid only tests demean_mode=none while sweeping batch size, learning rate, gradient clipping, MI window start, test size, and filter method.",
  "sweep_group": "537_hpgrid_demean_none_addon",
  "target_window_samples": 537,
  "target_window_s": 4.2,
  "batch_size": 4,
  "learning_rate": 0.0003,
  "gradient_clip_norm": 0,
  "mi_window_start_s": 1,
  "test_size": 0.4,
  "filter_method": "iir",
  "demean_mode": "none",
  "filter_iir_params": {
    "order": 2,
    "ftype": "butter"
  }
}
  status:       completed
  elapsed_sec:  1493.024
  run_id:       20260531_0330_a4ce2941
  artifact_dir: /home/vegorov/Repos/eeg_jepa_research/artifacts/liu2024-source-mat-sjepa-prelocal/20260531_0330_a4ce2941

[45/72] Running config override:
{
  "experiment_name": "hpgrid537_bs4_lr0p0003_clip0_start2_test0p2_fir_none",
  "config_note": "Minimal override grid based on hpbest_012: 537 samples, 0.5-40 Hz, average reference, new+pretrained S-JEPA. This add-on grid only tests demean_mode=none while sweeping batch size, learning rate, gradient clipping, MI window start, test size, and filter method.",
  "sweep_group": "537_hpgrid_demean_none_addon",
  "target_window_samples": 537,
  "target_window_s": 4.2,
  "batch_size": 4,
  "learning_rate": 0.0003,
  "gradient_clip_norm": 0,
  "mi_window_start_s": 2,
  "test_size": 0.2,
  "filter_method": "fir",
  "demean_mode": "none",
  "filter_iir_params": null
}
  status:       completed
  elapsed_sec:  1435.54
  run_id:       20260531_0355_7839f014
  artifact_dir: /home/vegorov/Repos/eeg_jepa_research/artifacts/liu2024-source-mat-sjepa-prelocal/20260531_0355_7839f014

[46/72] Running config override:
{
  "experiment_name": "hpgrid537_bs4_lr0p0003_clip0_start2_test0p2_iir_none",
  "config_note": "Minimal override grid based on hpbest_012: 537 samples, 0.5-40 Hz, average reference, new+pretrained S-JEPA. This add-on grid only tests demean_mode=none while sweeping batch size, learning rate, gradient clipping, MI window start, test size, and filter method.",
  "sweep_group": "537_hpgrid_demean_none_addon",
  "target_window_samples": 537,
  "target_window_s": 4.2,
  "batch_size": 4,
  "learning_rate": 0.0003,
  "gradient_clip_norm": 0,
  "mi_window_start_s": 2,
  "test_size": 0.2,
  "filter_method": "iir",
  "demean_mode": "none",
  "filter_iir_params": {
    "order": 2,
    "ftype": "butter"
  }
}
  status:       completed
  elapsed_sec:  1350.548
  run_id:       20260531_0419_7b46c8e1
  artifact_dir: /home/vegorov/Repos/eeg_jepa_research/artifacts/liu2024-source-mat-sjepa-prelocal/20260531_0419_7b46c8e1

[47/72] Running config override:
{
  "experiment_name": "hpgrid537_bs4_lr0p0003_clip0_start2_test0p4_fir_none",
  "config_note": "Minimal override grid based on hpbest_012: 537 samples, 0.5-40 Hz, average reference, new+pretrained S-JEPA. This add-on grid only tests demean_mode=none while sweeping batch size, learning rate, gradient clipping, MI window start, test size, and filter method.",
  "sweep_group": "537_hpgrid_demean_none_addon",
  "target_window_samples": 537,
  "target_window_s": 4.2,
  "batch_size": 4,
  "learning_rate": 0.0003,
  "gradient_clip_norm": 0,
  "mi_window_start_s": 2,
  "test_size": 0.4,
  "filter_method": "fir",
  "demean_mode": "none",
  "filter_iir_params": null
}
  status:       completed
  elapsed_sec:  1427.122
  run_id:       20260531_0441_f816e8bf
  artifact_dir: /home/vegorov/Repos/eeg_jepa_research/artifacts/liu2024-source-mat-sjepa-prelocal/20260531_0441_f816e8bf

[48/72] Running config override:
{
  "experiment_name": "hpgrid537_bs4_lr0p0003_clip0_start2_test0p4_iir_none",
  "config_note": "Minimal override grid based on hpbest_012: 537 samples, 0.5-40 Hz, average reference, new+pretrained S-JEPA. This add-on grid only tests demean_mode=none while sweeping batch size, learning rate, gradient clipping, MI window start, test size, and filter method.",
  "sweep_group": "537_hpgrid_demean_none_addon",
  "target_window_samples": 537,
  "target_window_s": 4.2,
  "batch_size": 4,
  "learning_rate": 0.0003,
  "gradient_clip_norm": 0,
  "mi_window_start_s": 2,
  "test_size": 0.4,
  "filter_method": "iir",
  "demean_mode": "none",
  "filter_iir_params": {
    "order": 2,
    "ftype": "butter"
  }
}
  status:       completed
  elapsed_sec:  1350.539
  run_id:       20260531_0505_c54422a8
  artifact_dir: /home/vegorov/Repos/eeg_jepa_research/artifacts/liu2024-source-mat-sjepa-prelocal/20260531_0505_c54422a8

[49/72] Running config override:
{
  "experiment_name": "hpgrid537_bs4_lr0p0003_clip1_start0_test0p2_fir_none",
  "config_note": "Minimal override grid based on hpbest_012: 537 samples, 0.5-40 Hz, average reference, new+pretrained S-JEPA. This add-on grid only tests demean_mode=none while sweeping batch size, learning rate, gradient clipping, MI window start, test size, and filter method.",
  "sweep_group": "537_hpgrid_demean_none_addon",
  "target_window_samples": 537,
  "target_window_s": 4.2,
  "batch_size": 4,
  "learning_rate": 0.0003,
  "gradient_clip_norm": 1,
  "mi_window_start_s": 0,
  "test_size": 0.2,
  "filter_method": "fir",
  "demean_mode": "none",
  "filter_iir_params": null
}
  status:       completed
  elapsed_sec:  1342.35
  run_id:       20260531_0528_b36b3b0a
  artifact_dir: /home/vegorov/Repos/eeg_jepa_research/artifacts/liu2024-source-mat-sjepa-prelocal/20260531_0528_b36b3b0a

[50/72] Running config override:
{
  "experiment_name": "hpgrid537_bs4_lr0p0003_clip1_start0_test0p2_iir_none",
  "config_note": "Minimal override grid based on hpbest_012: 537 samples, 0.5-40 Hz, average reference, new+pretrained S-JEPA. This add-on grid only tests demean_mode=none while sweeping batch size, learning rate, gradient clipping, MI window start, test size, and filter method.",
  "sweep_group": "537_hpgrid_demean_none_addon",
  "target_window_samples": 537,
  "target_window_s": 4.2,
  "batch_size": 4,
  "learning_rate": 0.0003,
  "gradient_clip_norm": 1,
  "mi_window_start_s": 0,
  "test_size": 0.2,
  "filter_method": "iir",
  "demean_mode": "none",
  "filter_iir_params": {
    "order": 2,
    "ftype": "butter"
  }
}
  status:       completed
  elapsed_sec:  1527.865
  run_id:       20260531_0550_62ca08b3
  artifact_dir: /home/vegorov/Repos/eeg_jepa_research/artifacts/liu2024-source-mat-sjepa-prelocal/20260531_0550_62ca08b3

[51/72] Running config override:
{
  "experiment_name": "hpgrid537_bs4_lr0p0003_clip1_start0_test0p4_fir_none",
  "config_note": "Minimal override grid based on hpbest_012: 537 samples, 0.5-40 Hz, average reference, new+pretrained S-JEPA. This add-on grid only tests demean_mode=none while sweeping batch size, learning rate, gradient clipping, MI window start, test size, and filter method.",
  "sweep_group": "537_hpgrid_demean_none_addon",
  "target_window_samples": 537,
  "target_window_s": 4.2,
  "batch_size": 4,
  "learning_rate": 0.0003,
  "gradient_clip_norm": 1,
  "mi_window_start_s": 0,
  "test_size": 0.4,
  "filter_method": "fir",
  "demean_mode": "none",
  "filter_iir_params": null
}
  status:       completed
  elapsed_sec:  1341.419
  run_id:       20260531_0615_7985e962
  artifact_dir: /home/vegorov/Repos/eeg_jepa_research/artifacts/liu2024-source-mat-sjepa-prelocal/20260531_0615_7985e962

[52/72] Running config override:
{
  "experiment_name": "hpgrid537_bs4_lr0p0003_clip1_start0_test0p4_iir_none",
  "config_note": "Minimal override grid based on hpbest_012: 537 samples, 0.5-40 Hz, average reference, new+pretrained S-JEPA. This add-on grid only tests demean_mode=none while sweeping batch size, learning rate, gradient clipping, MI window start, test size, and filter method.",
  "sweep_group": "537_hpgrid_demean_none_addon",
  "target_window_samples": 537,
  "target_window_s": 4.2,
  "batch_size": 4,
  "learning_rate": 0.0003,
  "gradient_clip_norm": 1,
  "mi_window_start_s": 0,
  "test_size": 0.4,
  "filter_method": "iir",
  "demean_mode": "none",
  "filter_iir_params": {
    "order": 2,
    "ftype": "butter"
  }
}
  status:       completed
  elapsed_sec:  1510.137
  run_id:       20260531_0638_2c1e536a
  artifact_dir: /home/vegorov/Repos/eeg_jepa_research/artifacts/liu2024-source-mat-sjepa-prelocal/20260531_0638_2c1e536a

[53/72] Running config override:
{
  "experiment_name": "hpgrid537_bs4_lr0p0003_clip1_start1_test0p2_fir_none",
  "config_note": "Minimal override grid based on hpbest_012: 537 samples, 0.5-40 Hz, average reference, new+pretrained S-JEPA. This add-on grid only tests demean_mode=none while sweeping batch size, learning rate, gradient clipping, MI window start, test size, and filter method.",
  "sweep_group": "537_hpgrid_demean_none_addon",
  "target_window_samples": 537,
  "target_window_s": 4.2,
  "batch_size": 4,
  "learning_rate": 0.0003,
  "gradient_clip_norm": 1,
  "mi_window_start_s": 1,
  "test_size": 0.2,
  "filter_method": "fir",
  "demean_mode": "none",
  "filter_iir_params": null
}
  status:       completed
  elapsed_sec:  1404.958
  run_id:       20260531_0703_1a9f4a29
  artifact_dir: /home/vegorov/Repos/eeg_jepa_research/artifacts/liu2024-source-mat-sjepa-prelocal/20260531_0703_1a9f4a29

[54/72] Running config override:
{
  "experiment_name": "hpgrid537_bs4_lr0p0003_clip1_start1_test0p2_iir_none",
  "config_note": "Minimal override grid based on hpbest_012: 537 samples, 0.5-40 Hz, average reference, new+pretrained S-JEPA. This add-on grid only tests demean_mode=none while sweeping batch size, learning rate, gradient clipping, MI window start, test size, and filter method.",
  "sweep_group": "537_hpgrid_demean_none_addon",
  "target_window_samples": 537,
  "target_window_s": 4.2,
  "batch_size": 4,
  "learning_rate": 0.0003,
  "gradient_clip_norm": 1,
  "mi_window_start_s": 1,
  "test_size": 0.2,
  "filter_method": "iir",
  "demean_mode": "none",
  "filter_iir_params": {
    "order": 2,
    "ftype": "butter"
  }
}
  status:       completed
  elapsed_sec:  1502.598
  run_id:       20260531_0726_1463785a
  artifact_dir: /home/vegorov/Repos/eeg_jepa_research/artifacts/liu2024-source-mat-sjepa-prelocal/20260531_0726_1463785a

[55/72] Running config override:
{
  "experiment_name": "hpgrid537_bs4_lr0p0003_clip1_start1_test0p4_fir_none",
  "config_note": "Minimal override grid based on hpbest_012: 537 samples, 0.5-40 Hz, average reference, new+pretrained S-JEPA. This add-on grid only tests demean_mode=none while sweeping batch size, learning rate, gradient clipping, MI window start, test size, and filter method.",
  "sweep_group": "537_hpgrid_demean_none_addon",
  "target_window_samples": 537,
  "target_window_s": 4.2,
  "batch_size": 4,
  "learning_rate": 0.0003,
  "gradient_clip_norm": 1,
  "mi_window_start_s": 1,
  "test_size": 0.4,
  "filter_method": "fir",
  "demean_mode": "none",
  "filter_iir_params": null
}
  status:       completed
  elapsed_sec:  1409.16
  run_id:       20260531_0751_7bc10bba
  artifact_dir: /home/vegorov/Repos/eeg_jepa_research/artifacts/liu2024-source-mat-sjepa-prelocal/20260531_0751_7bc10bba

[56/72] Running config override:
{
  "experiment_name": "hpgrid537_bs4_lr0p0003_clip1_start1_test0p4_iir_none",
  "config_note": "Minimal override grid based on hpbest_012: 537 samples, 0.5-40 Hz, average reference, new+pretrained S-JEPA. This add-on grid only tests demean_mode=none while sweeping batch size, learning rate, gradient clipping, MI window start, test size, and filter method.",
  "sweep_group": "537_hpgrid_demean_none_addon",
  "target_window_samples": 537,
  "target_window_s": 4.2,
  "batch_size": 4,
  "learning_rate": 0.0003,
  "gradient_clip_norm": 1,
  "mi_window_start_s": 1,
  "test_size": 0.4,
  "filter_method": "iir",
  "demean_mode": "none",
  "filter_iir_params": {
    "order": 2,
    "ftype": "butter"
  }
}
  status:       completed
  elapsed_sec:  1508.26
  run_id:       20260531_0815_612fe04e
  artifact_dir: /home/vegorov/Repos/eeg_jepa_research/artifacts/liu2024-source-mat-sjepa-prelocal/20260531_0815_612fe04e

[57/72] Running config override:
{
  "experiment_name": "hpgrid537_bs4_lr0p0003_clip1_start2_test0p2_fir_none",
  "config_note": "Minimal override grid based on hpbest_012: 537 samples, 0.5-40 Hz, average reference, new+pretrained S-JEPA. This add-on grid only tests demean_mode=none while sweeping batch size, learning rate, gradient clipping, MI window start, test size, and filter method.",
  "sweep_group": "537_hpgrid_demean_none_addon",
  "target_window_samples": 537,
  "target_window_s": 4.2,
  "batch_size": 4,
  "learning_rate": 0.0003,
  "gradient_clip_norm": 1,
  "mi_window_start_s": 2,
  "test_size": 0.2,
  "filter_method": "fir",
  "demean_mode": "none",
  "filter_iir_params": null
}
  status:       completed
  elapsed_sec:  1428.267
  run_id:       20260531_0840_a4c32c88
  artifact_dir: /home/vegorov/Repos/eeg_jepa_research/artifacts/liu2024-source-mat-sjepa-prelocal/20260531_0840_a4c32c88

[58/72] Running config override:
{
  "experiment_name": "hpgrid537_bs4_lr0p0003_clip1_start2_test0p2_iir_none",
  "config_note": "Minimal override grid based on hpbest_012: 537 samples, 0.5-40 Hz, average reference, new+pretrained S-JEPA. This add-on grid only tests demean_mode=none while sweeping batch size, learning rate, gradient clipping, MI window start, test size, and filter method.",
  "sweep_group": "537_hpgrid_demean_none_addon",
  "target_window_samples": 537,
  "target_window_s": 4.2,
  "batch_size": 4,
  "learning_rate": 0.0003,
  "gradient_clip_norm": 1,
  "mi_window_start_s": 2,
  "test_size": 0.2,
  "filter_method": "iir",
  "demean_mode": "none",
  "filter_iir_params": {
    "order": 2,
    "ftype": "butter"
  }
}
  status:       completed
  elapsed_sec:  1376.547
  run_id:       20260531_0904_c77a78ab
  artifact_dir: /home/vegorov/Repos/eeg_jepa_research/artifacts/liu2024-source-mat-sjepa-prelocal/20260531_0904_c77a78ab

[59/72] Running config override:
{
  "experiment_name": "hpgrid537_bs4_lr0p0003_clip1_start2_test0p4_fir_none",
  "config_note": "Minimal override grid based on hpbest_012: 537 samples, 0.5-40 Hz, average reference, new+pretrained S-JEPA. This add-on grid only tests demean_mode=none while sweeping batch size, learning rate, gradient clipping, MI window start, test size, and filter method.",
  "sweep_group": "537_hpgrid_demean_none_addon",
  "target_window_samples": 537,
  "target_window_s": 4.2,
  "batch_size": 4,
  "learning_rate": 0.0003,
  "gradient_clip_norm": 1,
  "mi_window_start_s": 2,
  "test_size": 0.4,
  "filter_method": "fir",
  "demean_mode": "none",
  "filter_iir_params": null
}
  status:       completed
  elapsed_sec:  1412.832
  run_id:       20260531_0927_466511a7
  artifact_dir: /home/vegorov/Repos/eeg_jepa_research/artifacts/liu2024-source-mat-sjepa-prelocal/20260531_0927_466511a7

[60/72] Running config override:
{
  "experiment_name": "hpgrid537_bs4_lr0p0003_clip1_start2_test0p4_iir_none",
  "config_note": "Minimal override grid based on hpbest_012: 537 samples, 0.5-40 Hz, average reference, new+pretrained S-JEPA. This add-on grid only tests demean_mode=none while sweeping batch size, learning rate, gradient clipping, MI window start, test size, and filter method.",
  "sweep_group": "537_hpgrid_demean_none_addon",
  "target_window_samples": 537,
  "target_window_s": 4.2,
  "batch_size": 4,
  "learning_rate": 0.0003,
  "gradient_clip_norm": 1,
  "mi_window_start_s": 2,
  "test_size": 0.4,
  "filter_method": "iir",
  "demean_mode": "none",
  "filter_iir_params": {
    "order": 2,
    "ftype": "butter"
  }
}
  status:       completed
  elapsed_sec:  1392.509
  run_id:       20260531_0950_abb6b630
  artifact_dir: /home/vegorov/Repos/eeg_jepa_research/artifacts/liu2024-source-mat-sjepa-prelocal/20260531_0950_abb6b630

[61/72] Running config override:
{
  "experiment_name": "hpgrid537_bs4_lr0p0003_clip2_start0_test0p2_fir_none",
  "config_note": "Minimal override grid based on hpbest_012: 537 samples, 0.5-40 Hz, average reference, new+pretrained S-JEPA. This add-on grid only tests demean_mode=none while sweeping batch size, learning rate, gradient clipping, MI window start, test size, and filter method.",
  "sweep_group": "537_hpgrid_demean_none_addon",
  "target_window_samples": 537,
  "target_window_s": 4.2,
  "batch_size": 4,
  "learning_rate": 0.0003,
  "gradient_clip_norm": 2,
  "mi_window_start_s": 0,
  "test_size": 0.2,
  "filter_method": "fir",
  "demean_mode": "none",
  "filter_iir_params": null
}
  status:       completed
  elapsed_sec:  1329.805
  run_id:       20260531_1014_7a746ff0
  artifact_dir: /home/vegorov/Repos/eeg_jepa_research/artifacts/liu2024-source-mat-sjepa-prelocal/20260531_1014_7a746ff0

[62/72] Running config override:
{
  "experiment_name": "hpgrid537_bs4_lr0p0003_clip2_start0_test0p2_iir_none",
  "config_note": "Minimal override grid based on hpbest_012: 537 samples, 0.5-40 Hz, average reference, new+pretrained S-JEPA. This add-on grid only tests demean_mode=none while sweeping batch size, learning rate, gradient clipping, MI window start, test size, and filter method.",
  "sweep_group": "537_hpgrid_demean_none_addon",
  "target_window_samples": 537,
  "target_window_s": 4.2,
  "batch_size": 4,
  "learning_rate": 0.0003,
  "gradient_clip_norm": 2,
  "mi_window_start_s": 0,
  "test_size": 0.2,
  "filter_method": "iir",
  "demean_mode": "none",
  "filter_iir_params": {
    "order": 2,
    "ftype": "butter"
  }
}
  status:       completed
  elapsed_sec:  1497.886
  run_id:       20260531_1036_d054ec9b
  artifact_dir: /home/vegorov/Repos/eeg_jepa_research/artifacts/liu2024-source-mat-sjepa-prelocal/20260531_1036_d054ec9b

[63/72] Running config override:
{
  "experiment_name": "hpgrid537_bs4_lr0p0003_clip2_start0_test0p4_fir_none",
  "config_note": "Minimal override grid based on hpbest_012: 537 samples, 0.5-40 Hz, average reference, new+pretrained S-JEPA. This add-on grid only tests demean_mode=none while sweeping batch size, learning rate, gradient clipping, MI window start, test size, and filter method.",
  "sweep_group": "537_hpgrid_demean_none_addon",
  "target_window_samples": 537,
  "target_window_s": 4.2,
  "batch_size": 4,
  "learning_rate": 0.0003,
  "gradient_clip_norm": 2,
  "mi_window_start_s": 0,
  "test_size": 0.4,
  "filter_method": "fir",
  "demean_mode": "none",
  "filter_iir_params": null
}