[2026-05-21 09:29:21] Run ID:     20260521_0929_1b12e4d5
[2026-05-21 09:29:21] Artifacts:  /Users/vadim/Documents/School/Spring 2026/CSCE A698 Individual Research/EEG_JEPA/artifacts/liu2024-source-mat-sjepa-prelocal/20260521_0929_1b12e4d5
[2026-05-21 09:29:21] Config:     /Users/vadim/Documents/School/Spring 2026/CSCE A698 Individual Research/EEG_JEPA/artifacts/liu2024-source-mat-sjepa-prelocal/20260521_0929_1b12e4d5/config.json
[2026-05-21 09:29:21] Using device: mps
[2026-05-21 09:29:22] Source extract dir: /Users/vadim/Documents/School/Spring 2026/CSCE A698 Individual Research/EEG_JEPA/liu2024_data/liu2024_figshare/sourcedata
[2026-05-21 09:29:22] Found 50 .mat files
[2026-05-21 09:29:22] MAT structure preview saved to: /Users/vadim/Documents/School/Spring 2026/CSCE A698 Individual Research/EEG_JEPA/artifacts/liu2024-source-mat-sjepa-prelocal/20260521_0929_1b12e4d5/mat_structure_preview_first_subject.csv
[2026-05-21 09:29:28] Subjects loaded: [1, 2, 3, 4, 5, 6, 7, 8, 9, 10, 11, 12, 13, 14, 15, 16, 17, 18, 19, 20, 21, 22, 23, 24, 25, 26, 27, 28, 29, 30, 31, 32, 33, 34, 35, 36, 37, 38, 39, 40, 41, 42, 43, 44, 45, 46, 47, 48, 49, 50]
[2026-05-21 09:29:28] Subject inventory saved to: /Users/vadim/Documents/School/Spring 2026/CSCE A698 Individual Research/EEG_JEPA/artifacts/liu2024-source-mat-sjepa-prelocal/20260521_0929_1b12e4d5/subject_inventory.csv
[2026-05-21 09:29:42] X_ALL shape: (2000, 29, 537) | Y_ALL counts: [1000, 1000]
[2026-05-21 09:29:42] Window summary saved to: /Users/vadim/Documents/School/Spring 2026/CSCE A698 Individual Research/EEG_JEPA/artifacts/liu2024-source-mat-sjepa-prelocal/20260521_0929_1b12e4d5/window_counts_by_subject.csv
[2026-05-21 09:29:42] ======================================================================
[2026-05-21 09:29:42] STARTING WITHIN-SUBJECT CROSS-VALIDATION
[2026-05-21 09:29:42] ======================================================================
[2026-05-21 09:29:42] Subjects:      ['1', '2', '3', '4', '5', '6', '7', '8', '9', '10', '11', '12', '13', '14', '15', '16', '17', '18', '19', '20', '21', '22', '23', '24', '25', '26', '27', '28', '29', '30', '31', '32', '33', '34', '35', '36', '37', '38', '39', '40', '41', '42', '43', '44', '45', '46', '47', '48', '49', '50']
[2026-05-21 09:29:42] Model:         SignalJEPA_PreLocal
[2026-05-21 09:29:42] Pretrained:    from_pretrained
[2026-05-21 09:29:42] Strategy:      new
[2026-05-21 09:29:42] Optimizer:     AdamW | lr=0.0005 | wd=0
[2026-05-21 09:29:42] Noise aug:     0
[2026-05-21 09:29:42] CV folds:      5
[2026-05-21 09:29:42] Val split:     0.4
[2026-05-21 09:29:42] Max epochs:    1000
[2026-05-21 09:29:42] Device:        mps
[2026-05-21 09:29:42] ======================================================================

[2026-05-21 09:29:42] Subject 1: 40 windows | class_counts=[20, 20]

[2026-05-21 09:29:43] Fold 1/5 | subject=1
[2026-05-21 09:29:43]     Train: 32 | counts=[16, 16]
[2026-05-21 09:29:43]     Test:  8 | counts=[4, 4]
[2026-05-21 09:29:43]     Model: SignalJEPA_PreLocal | Pretrained: from_pretrained | Strategy: new
[2026-05-21 09:29:43]     Phase 1 (new): 2,170/16,010 params
[2026-05-21 09:29:44]     Result | best_epoch=1 | stop=51 | final_phase_epochs=51 | acc=0.5000 | bal_acc=0.5000 | pred_hist=[8, 0] | collapse=True
[2026-05-21 09:29:44]     spatial_conv=[4, 29] top_abs_channels=[('P4', 0.12419678), ('F3', 0.12109017), ('O2', 0.12063149), ('F4', 0.12043543), ('T4', 0.11953291), ('C3', 0.11812305), ('F7', 0.11567566), ('P3', 0.11189168)]
[2026-05-21 09:29:44]     spatial_update=delta_l2=0.00538485 max_abs=0.00050000 relative=0.00475485 changed=True

[2026-05-21 09:29:45] Fold 2/5 | subject=1
[2026-05-21 09:29:45]     Train: 32 | counts=[16, 16]
[2026-05-21 09:29:45]     Test:  8 | counts=[4, 4]
[2026-05-21 09:29:45]     Model: SignalJEPA_PreLocal | Pretrained: from_pretrained | Strategy: new
[2026-05-21 09:29:45]     Phase 1 (new): 2,170/16,010 params
[2026-05-21 09:29:46]     Result | best_epoch=1 | stop=51 | final_phase_epochs=51 | acc=0.5000 | bal_acc=0.5000 | pred_hist=[0, 8] | collapse=True
[2026-05-21 09:29:46]     spatial_conv=[4, 29] top_abs_channels=[('F7', 0.1352257), ('F8', 0.12947099), ('F4', 0.12671906), ('C3', 0.12192807), ('T6', 0.12142384), ('CP3', 0.12005927), ('Pz', 0.11807388), ('CP4', 0.11654742)]
[2026-05-21 09:29:46]     spatial_update=delta_l2=0.00538484 max_abs=0.00050000 relative=0.00438683 changed=True

[2026-05-21 09:29:46] Fold 3/5 | subject=1
[2026-05-21 09:29:46]     Train: 32 | counts=[16, 16]
[2026-05-21 09:29:46]     Test:  8 | counts=[4, 4]
[2026-05-21 09:29:46]     Model: SignalJEPA_PreLocal | Pretrained: from_pretrained | Strategy: new
[2026-05-21 09:29:46]     Phase 1 (new): 2,170/16,010 params
[2026-05-21 09:29:50]     Result | best_epoch=270 | stop=319 | final_phase_epochs=319 | acc=0.5000 | bal_acc=0.5000 | pred_hist=[6, 2] | collapse=False
[2026-05-21 09:29:50]     spatial_conv=[4, 29] top_abs_channels=[('FC4', 0.18728736), ('C3', 0.13845497), ('F3', 0.13329273), ('T5', 0.12708449), ('Fp1', 0.12175594), ('TP8', 0.12092531), ('T3', 0.11976886), ('P3', 0.11528428)]
[2026-05-21 09:29:50]     spatial_update=delta_l2=0.96637862 max_abs=0.17624081 relative=0.78202702 changed=True

[2026-05-21 09:29:51] Fold 4/5 | subject=1
[2026-05-21 09:29:51]     Train: 32 | counts=[16, 16]
[2026-05-21 09:29:51]     Test:  8 | counts=[4, 4]
[2026-05-21 09:29:51]     Model: SignalJEPA_PreLocal | Pretrained: from_pretrained | Strategy: new
[2026-05-21 09:29:51]     Phase 1 (new): 2,170/16,010 params
[2026-05-21 09:29:51]     Result | best_epoch=1 | stop=51 | final_phase_epochs=51 | acc=0.5000 | bal_acc=0.5000 | pred_hist=[0, 8] | collapse=True
[2026-05-21 09:29:51]     spatial_conv=[4, 29] top_abs_channels=[('Cz', 0.14780246), ('F7', 0.14115858), ('T5', 0.13973553), ('C3', 0.12919286), ('F3', 0.12258086), ('O1', 0.11848316), ('Pz', 0.11823501), ('P4', 0.11779159)]
[2026-05-21 09:29:51]     spatial_update=delta_l2=0.00538495 max_abs=0.00050000 relative=0.00425463 changed=True

[2026-05-21 09:29:52] Fold 5/5 | subject=1
[2026-05-21 09:29:52]     Train: 32 | counts=[16, 16]
[2026-05-21 09:29:52]     Test:  8 | counts=[4, 4]
[2026-05-21 09:29:52]     Model: SignalJEPA_PreLocal | Pretrained: from_pretrained | Strategy: new
[2026-05-21 09:29:52]     Phase 1 (new): 2,170/16,010 params
[2026-05-21 09:29:54]     Result | best_epoch=181 | stop=230 | final_phase_epochs=230 | acc=0.6250 | bal_acc=0.6250 | pred_hist=[7, 1] | collapse=False
[2026-05-21 09:29:54]     spatial_conv=[4, 29] top_abs_channels=[('F3', 0.1563518), ('P3', 0.15528241), ('Fp2', 0.13989384), ('F4', 0.13015392), ('TP7', 0.12964649), ('T6', 0.11401019), ('F8', 0.10407762), ('Pz', 0.10368046)]
[2026-05-21 09:29:54]     spatial_update=delta_l2=0.74202284 max_abs=0.12052903 relative=0.63819310 changed=True
[2026-05-21 09:29:54]   Subject 1: acc=0.5250±0.0500  bal_acc=0.5250±0.0500

[2026-05-21 09:29:54] Subject 2: 40 windows | class_counts=[20, 20]

[2026-05-21 09:29:54] Fold 1/5 | subject=2
[2026-05-21 09:29:54]     Train: 32 | counts=[16, 16]
[2026-05-21 09:29:54]     Test:  8 | counts=[4, 4]
[2026-05-21 09:29:54]     Model: SignalJEPA_PreLocal | Pretrained: from_pretrained | Strategy: new
[2026-05-21 09:29:54]     Phase 1 (new): 2,170/16,010 params
[2026-05-21 09:29:56]     Result | best_epoch=90 | stop=139 | final_phase_epochs=139 | acc=0.6250 | bal_acc=0.6250 | pred_hist=[3, 5] | collapse=False
[2026-05-21 09:29:56]     spatial_conv=[4, 29] top_abs_channels=[('FCz', 0.20312971), ('TP7', 0.14733881), ('T5', 0.14344536), ('CP4', 0.13488704), ('FT7', 0.12393723), ('Cz', 0.11552782), ('F7', 0.11005956), ('O1', 0.1065227)]
[2026-05-21 09:29:56]     spatial_update=delta_l2=0.40889390 max_abs=0.05479700 relative=0.35343526 changed=True

[2026-05-21 09:29:56] Fold 2/5 | subject=2
[2026-05-21 09:29:56]     Train: 32 | counts=[16, 16]
[2026-05-21 09:29:56]     Test:  8 | counts=[4, 4]
[2026-05-21 09:29:56]     Model: SignalJEPA_PreLocal | Pretrained: from_pretrained | Strategy: new
[2026-05-21 09:29:56]     Phase 1 (new): 2,170/16,010 params
[2026-05-21 09:29:58]     Result | best_epoch=161 | stop=210 | final_phase_epochs=210 | acc=0.3750 | bal_acc=0.3750 | pred_hist=[5, 3] | collapse=False
[2026-05-21 09:29:58]     spatial_conv=[4, 29] top_abs_channels=[('FT8', 0.13973233), ('F8', 0.13509917), ('TP7', 0.13280846), ('Oz', 0.13132882), ('CP3', 0.12981999), ('T6', 0.12110934), ('F7', 0.11817349), ('T5', 0.11602064)]
[2026-05-21 09:29:58]     spatial_update=delta_l2=0.55546076 max_abs=0.10715713 relative=0.48470463 changed=True

[2026-05-21 09:29:59] Fold 3/5 | subject=2
[2026-05-21 09:29:59]     Train: 32 | counts=[16, 16]
[2026-05-21 09:29:59]     Test:  8 | counts=[4, 4]
[2026-05-21 09:29:59]     Model: SignalJEPA_PreLocal | Pretrained: from_pretrained | Strategy: new
[2026-05-21 09:29:59]     Phase 1 (new): 2,170/16,010 params
[2026-05-21 09:30:01]     Result | best_epoch=192 | stop=242 | final_phase_epochs=242 | acc=0.6250 | bal_acc=0.6250 | pred_hist=[3, 5] | collapse=False
[2026-05-21 09:30:01]     spatial_conv=[4, 29] top_abs_channels=[('P3', 0.21166623), ('Fz', 0.14090677), ('CP4', 0.12442374), ('FT8', 0.11868764), ('TP8', 0.11626001), ('Fp2', 0.10804234), ('FT7', 0.10278757), ('TP7', 0.09800216)]
[2026-05-21 09:30:01]     spatial_update=delta_l2=0.72828256 max_abs=0.11662008 relative=0.65464755 changed=True

[2026-05-21 09:30:02] Fold 4/5 | subject=2
[2026-05-21 09:30:02]     Train: 32 | counts=[16, 16]
[2026-05-21 09:30:02]     Test:  8 | counts=[4, 4]
[2026-05-21 09:30:02]     Model: SignalJEPA_PreLocal | Pretrained: from_pretrained | Strategy: new
[2026-05-21 09:30:02]     Phase 1 (new): 2,170/16,010 params
[2026-05-21 09:30:05]     Result | best_epoch=327 | stop=337 | final_phase_epochs=337 | acc=0.6250 | bal_acc=0.6250 | pred_hist=[5, 3] | collapse=False
[2026-05-21 09:30:05]     spatial_conv=[4, 29] top_abs_channels=[('T6', 0.1855211), ('T5', 0.1370613), ('P4', 0.12800443), ('O2', 0.12607165), ('TP8', 0.12353882), ('FCz', 0.11895281), ('T3', 0.11768057), ('FC4', 0.11083421)]
[2026-05-21 09:30:05]     spatial_update=delta_l2=0.91262491 max_abs=0.19067691 relative=0.79128442 changed=True

[2026-05-21 09:30:06] Fold 5/5 | subject=2
[2026-05-21 09:30:06]     Train: 32 | counts=[16, 16]
[2026-05-21 09:30:06]     Test:  8 | counts=[4, 4]
[2026-05-21 09:30:06]     Model: SignalJEPA_PreLocal | Pretrained: from_pretrained | Strategy: new
[2026-05-21 09:30:06]     Phase 1 (new): 2,170/16,010 params
[2026-05-21 09:30:07]     Result | best_epoch=75 | stop=125 | final_phase_epochs=125 | acc=0.8750 | bal_acc=0.8750 | pred_hist=[3, 5] | collapse=False
[2026-05-21 09:30:07]     spatial_conv=[4, 29] top_abs_channels=[('T4', 0.13669413), ('F3', 0.12966257), ('Fz', 0.12678589), ('Oz', 0.1205934), ('T3', 0.11753843), ('C4', 0.1173529), ('FC4', 0.11232757), ('O2', 0.10535648)]
[2026-05-21 09:30:07]     spatial_update=delta_l2=0.30297733 max_abs=0.04151097 relative=0.27391714 changed=True
[2026-05-21 09:30:07]   Subject 2: acc=0.6250±0.1581  bal_acc=0.6250±0.1581

[2026-05-21 09:30:07] Subject 3: 40 windows | class_counts=[20, 20]

[2026-05-21 09:30:08] Fold 1/5 | subject=3
[2026-05-21 09:30:08]     Train: 32 | counts=[16, 16]
[2026-05-21 09:30:08]     Test:  8 | counts=[4, 4]
[2026-05-21 09:30:08]     Model: SignalJEPA_PreLocal | Pretrained: from_pretrained | Strategy: new
[2026-05-21 09:30:08]     Phase 1 (new): 2,170/16,010 params
[2026-05-21 09:30:09]     Result | best_epoch=1 | stop=51 | final_phase_epochs=51 | acc=0.3750 | bal_acc=0.3750 | pred_hist=[7, 1] | collapse=False
[2026-05-21 09:30:09]     spatial_conv=[4, 29] top_abs_channels=[('Fp2', 0.13511685), ('Fz', 0.13418531), ('F8', 0.11840513), ('FCz', 0.11319693), ('FC3', 0.11210812), ('T3', 0.1102945), ('F4', 0.11023428), ('FT8', 0.1097535)]
[2026-05-21 09:30:09]     spatial_update=delta_l2=0.00538460 max_abs=0.00050000 relative=0.00497721 changed=True

[2026-05-21 09:30:09] Fold 2/5 | subject=3
[2026-05-21 09:30:09]     Train: 32 | counts=[16, 16]
[2026-05-21 09:30:09]     Test:  8 | counts=[4, 4]
[2026-05-21 09:30:09]     Model: SignalJEPA_PreLocal | Pretrained: from_pretrained | Strategy: new
[2026-05-21 09:30:09]     Phase 1 (new): 2,170/16,010 params
[2026-05-21 09:30:11]     Result | best_epoch=150 | stop=175 | final_phase_epochs=175 | acc=0.5000 | bal_acc=0.5000 | pred_hist=[6, 2] | collapse=False
[2026-05-21 09:30:11]     spatial_conv=[4, 29] top_abs_channels=[('C3', 0.14947183), ('CP3', 0.14466384), ('F8', 0.12127252), ('T3', 0.11890322), ('O1', 0.11819261), ('TP8', 0.11663409), ('Fp2', 0.11631937), ('F7', 0.11280002)]
[2026-05-21 09:30:11]     spatial_update=delta_l2=0.50878085 max_abs=0.08177484 relative=0.42845508 changed=True

[2026-05-21 09:30:12] Fold 3/5 | subject=3
[2026-05-21 09:30:12]     Train: 32 | counts=[16, 16]
[2026-05-21 09:30:12]     Test:  8 | counts=[4, 4]
[2026-05-21 09:30:12]     Model: SignalJEPA_PreLocal | Pretrained: from_pretrained | Strategy: new
[2026-05-21 09:30:12]     Phase 1 (new): 2,170/16,010 params
[2026-05-21 09:30:17]     Result | best_epoch=369 | stop=418 | final_phase_epochs=418 | acc=0.7500 | bal_acc=0.7500 | pred_hist=[6, 2] | collapse=False
[2026-05-21 09:30:17]     spatial_conv=[4, 29] top_abs_channels=[('F3', 0.15918382), ('FC3', 0.1569311), ('CP4', 0.15214065), ('P4', 0.1484061), ('Fz', 0.13820359), ('Pz', 0.11603665), ('FT7', 0.11050045), ('FT8', 0.1062264)]
[2026-05-21 09:30:17]     spatial_update=delta_l2=1.05490376 max_abs=0.21443712 relative=0.90820028 changed=True

[2026-05-21 09:30:17] Fold 4/5 | subject=3
[2026-05-21 09:30:17]     Train: 32 | counts=[16, 16]
[2026-05-21 09:30:17]     Test:  8 | counts=[4, 4]
[2026-05-21 09:30:17]     Model: SignalJEPA_PreLocal | Pretrained: from_pretrained | Strategy: new
[2026-05-21 09:30:17]     Phase 1 (new): 2,170/16,010 params
[2026-05-21 09:30:20]     Result | best_epoch=147 | stop=197 | final_phase_epochs=197 | acc=0.6250 | bal_acc=0.6250 | pred_hist=[5, 3] | collapse=False
[2026-05-21 09:30:20]     spatial_conv=[4, 29] top_abs_channels=[('T4', 0.19280095), ('F7', 0.13624568), ('P4', 0.11927045), ('P3', 0.11074047), ('FT8', 0.10271351), ('Oz', 0.10138442), ('F4', 0.10035556), ('CP3', 0.09802286)]
[2026-05-21 09:30:20]     spatial_update=delta_l2=0.56733598 max_abs=0.09814446 relative=0.49890968 changed=True

[2026-05-21 09:30:20] Fold 5/5 | subject=3
[2026-05-21 09:30:20]     Train: 32 | counts=[16, 16]
[2026-05-21 09:30:20]     Test:  8 | counts=[4, 4]
[2026-05-21 09:30:20]     Model: SignalJEPA_PreLocal | Pretrained: from_pretrained | Strategy: new
[2026-05-21 09:30:20]     Phase 1 (new): 2,170/16,010 params
[2026-05-21 09:30:22]     Result | best_epoch=136 | stop=186 | final_phase_epochs=186 | acc=0.6250 | bal_acc=0.6250 | pred_hist=[5, 3] | collapse=False
[2026-05-21 09:30:22]     spatial_conv=[4, 29] top_abs_channels=[('F8', 0.15608716), ('O2', 0.15272604), ('TP7', 0.15122421), ('P3', 0.14306872), ('C3', 0.13865918), ('FT7', 0.13514026), ('P4', 0.13355599), ('F7', 0.13013896)]
[2026-05-21 09:30:22]     spatial_update=delta_l2=0.56935130 max_abs=0.09320565 relative=0.47960403 changed=True
[2026-05-21 09:30:22]   Subject 3: acc=0.5750±0.1275  bal_acc=0.5750±0.1275

[2026-05-21 09:30:22] Subject 4: 40 windows | class_counts=[20, 20]

[2026-05-21 09:30:23] Fold 1/5 | subject=4
[2026-05-21 09:30:23]     Train: 32 | counts=[16, 16]
[2026-05-21 09:30:23]     Test:  8 | counts=[4, 4]
[2026-05-21 09:30:23]     Model: SignalJEPA_PreLocal | Pretrained: from_pretrained | Strategy: new
[2026-05-21 09:30:23]     Phase 1 (new): 2,170/16,010 params
[2026-05-21 09:30:24]     Result | best_epoch=1 | stop=51 | final_phase_epochs=51 | acc=0.5000 | bal_acc=0.5000 | pred_hist=[8, 0] | collapse=True
[2026-05-21 09:30:24]     spatial_conv=[4, 29] top_abs_channels=[('Cz', 0.14184509), ('TP7', 0.14027211), ('FC3', 0.12689392), ('T6', 0.12651716), ('Pz', 0.12196501), ('FC4', 0.12154114), ('T3', 0.112811), ('T4', 0.11250062)]
[2026-05-21 09:30:24]     spatial_update=delta_l2=0.00538478 max_abs=0.00050000 relative=0.00489532 changed=True

[2026-05-21 09:30:24] Fold 2/5 | subject=4
[2026-05-21 09:30:24]     Train: 32 | counts=[16, 16]
[2026-05-21 09:30:24]     Test:  8 | counts=[4, 4]
[2026-05-21 09:30:24]     Model: SignalJEPA_PreLocal | Pretrained: from_pretrained | Strategy: new
[2026-05-21 09:30:24]     Phase 1 (new): 2,170/16,010 params
[2026-05-21 09:30:25]     Result | best_epoch=1 | stop=51 | final_phase_epochs=51 | acc=0.5000 | bal_acc=0.5000 | pred_hist=[0, 8] | collapse=True
[2026-05-21 09:30:25]     spatial_conv=[4, 29] top_abs_channels=[('F8', 0.1386534), ('Fz', 0.13567351), ('T3', 0.1352939), ('O2', 0.13279036), ('T4', 0.12564079), ('Fp2', 0.12136413), ('C4', 0.11785288), ('FC3', 0.11635629)]
[2026-05-21 09:30:25]     spatial_update=delta_l2=0.00538492 max_abs=0.00050000 relative=0.00483950 changed=True

[2026-05-21 09:30:25] Fold 3/5 | subject=4
[2026-05-21 09:30:25]     Train: 32 | counts=[16, 16]
[2026-05-21 09:30:25]     Test:  8 | counts=[4, 4]
[2026-05-21 09:30:25]     Model: SignalJEPA_PreLocal | Pretrained: from_pretrained | Strategy: new
[2026-05-21 09:30:25]     Phase 1 (new): 2,170/16,010 params
[2026-05-21 09:30:26]     Result | best_epoch=1 | stop=51 | final_phase_epochs=51 | acc=0.5000 | bal_acc=0.5000 | pred_hist=[8, 0] | collapse=True
[2026-05-21 09:30:26]     spatial_conv=[4, 29] top_abs_channels=[('FT8', 0.14292391), ('Pz', 0.13880938), ('T6', 0.13865277), ('F8', 0.13821419), ('CP3', 0.1218425), ('FC3', 0.12044712), ('F7', 0.11779674), ('P4', 0.11092094)]
[2026-05-21 09:30:26]     spatial_update=delta_l2=0.00538489 max_abs=0.00050000 relative=0.00452174 changed=True

[2026-05-21 09:30:26] Fold 4/5 | subject=4
[2026-05-21 09:30:26]     Train: 32 | counts=[16, 16]
[2026-05-21 09:30:26]     Test:  8 | counts=[4, 4]
[2026-05-21 09:30:26]     Model: SignalJEPA_PreLocal | Pretrained: from_pretrained | Strategy: new
[2026-05-21 09:30:26]     Phase 1 (new): 2,170/16,010 params
[2026-05-21 09:30:27]     Result | best_epoch=1 | stop=51 | final_phase_epochs=51 | acc=0.5000 | bal_acc=0.5000 | pred_hist=[0, 8] | collapse=True
[2026-05-21 09:30:27]     spatial_conv=[4, 29] top_abs_channels=[('F4', 0.1313926), ('F8', 0.11871384), ('Cz', 0.11665636), ('T3', 0.11347273), ('FT8', 0.11320674), ('Fp1', 0.1114478), ('TP8', 0.11129889), ('T6', 0.11043842)]
[2026-05-21 09:30:27]     spatial_update=delta_l2=0.00538504 max_abs=0.00050000 relative=0.00478959 changed=True

[2026-05-21 09:30:27] Fold 5/5 | subject=4
[2026-05-21 09:30:27]     Train: 32 | counts=[16, 16]
[2026-05-21 09:30:27]     Test:  8 | counts=[4, 4]
[2026-05-21 09:30:27]     Model: SignalJEPA_PreLocal | Pretrained: from_pretrained | Strategy: new
[2026-05-21 09:30:27]     Phase 1 (new): 2,170/16,010 params
[2026-05-21 09:30:34]     Result | best_epoch=547 | stop=597 | final_phase_epochs=597 | acc=0.6250 | bal_acc=0.6250 | pred_hist=[7, 1] | collapse=False
[2026-05-21 09:30:34]     spatial_conv=[4, 29] top_abs_channels=[('CP4', 0.17188029), ('Fz', 0.16947174), ('T6', 0.16896422), ('P4', 0.14254972), ('TP8', 0.14196107), ('C3', 0.13544835), ('CP3', 0.13076542), ('Fp2', 0.12466843)]
[2026-05-21 09:30:34]     spatial_update=delta_l2=1.09946384 max_abs=0.26943338 relative=0.89657345 changed=True
[2026-05-21 09:30:34]   Subject 4: acc=0.5250±0.0500  bal_acc=0.5250±0.0500

[2026-05-21 09:30:34] Subject 5: 40 windows | class_counts=[20, 20]

[2026-05-21 09:30:35] Fold 1/5 | subject=5
[2026-05-21 09:30:35]     Train: 32 | counts=[16, 16]
[2026-05-21 09:30:35]     Test:  8 | counts=[4, 4]
[2026-05-21 09:30:35]     Model: SignalJEPA_PreLocal | Pretrained: from_pretrained | Strategy: new
[2026-05-21 09:30:35]     Phase 1 (new): 2,170/16,010 params
[2026-05-21 09:30:35]     Result | best_epoch=1 | stop=51 | final_phase_epochs=51 | acc=0.5000 | bal_acc=0.5000 | pred_hist=[0, 8] | collapse=True
[2026-05-21 09:30:35]     spatial_conv=[4, 29] top_abs_channels=[('O2', 0.13990866), ('TP7', 0.13495065), ('P3', 0.13074234), ('CP3', 0.12596121), ('Fp1', 0.12596057), ('C3', 0.12570517), ('F4', 0.12297663), ('F7', 0.11995232)]
[2026-05-21 09:30:35]     spatial_update=delta_l2=0.00538499 max_abs=0.00050000 relative=0.00446281 changed=True

[2026-05-21 09:30:36] Fold 2/5 | subject=5
[2026-05-21 09:30:36]     Train: 32 | counts=[16, 16]
[2026-05-21 09:30:36]     Test:  8 | counts=[4, 4]
[2026-05-21 09:30:36]     Model: SignalJEPA_PreLocal | Pretrained: from_pretrained | Strategy: new
[2026-05-21 09:30:36]     Phase 1 (new): 2,170/16,010 params
[2026-05-21 09:30:37]     Result | best_epoch=1 | stop=51 | final_phase_epochs=51 | acc=0.5000 | bal_acc=0.5000 | pred_hist=[0, 8] | collapse=True
[2026-05-21 09:30:37]     spatial_conv=[4, 29] top_abs_channels=[('Fz', 0.15636045), ('F3', 0.12820224), ('T5', 0.12761307), ('T6', 0.12716077), ('Oz', 0.12698959), ('F8', 0.12222636), ('CP4', 0.12201021), ('Pz', 0.12180704)]
[2026-05-21 09:30:37]     spatial_update=delta_l2=0.00538502 max_abs=0.00050000 relative=0.00456657 changed=True

[2026-05-21 09:30:37] Fold 3/5 | subject=5
[2026-05-21 09:30:37]     Train: 32 | counts=[16, 16]
[2026-05-21 09:30:37]     Test:  8 | counts=[4, 4]
[2026-05-21 09:30:37]     Model: SignalJEPA_PreLocal | Pretrained: from_pretrained | Strategy: new
[2026-05-21 09:30:37]     Phase 1 (new): 2,170/16,010 params
[2026-05-21 09:30:38]     Result | best_epoch=1 | stop=51 | final_phase_epochs=51 | acc=0.5000 | bal_acc=0.5000 | pred_hist=[0, 8] | collapse=True
[2026-05-21 09:30:38]     spatial_conv=[4, 29] top_abs_channels=[('TP8', 0.14786792), ('T4', 0.12428342), ('FC3', 0.12147322), ('T3', 0.11958604), ('FT8', 0.11372621), ('T5', 0.10982195), ('P3', 0.10570715), ('C3', 0.10352084)]
[2026-05-21 09:30:38]     spatial_update=delta_l2=0.00538485 max_abs=0.00050000 relative=0.00475109 changed=True

[2026-05-21 09:30:38] Fold 4/5 | subject=5
[2026-05-21 09:30:38]     Train: 32 | counts=[16, 16]
[2026-05-21 09:30:38]     Test:  8 | counts=[4, 4]
[2026-05-21 09:30:38]     Model: SignalJEPA_PreLocal | Pretrained: from_pretrained | Strategy: new
[2026-05-21 09:30:38]     Phase 1 (new): 2,170/16,010 params
[2026-05-21 09:30:41]     Result | best_epoch=183 | stop=227 | final_phase_epochs=227 | acc=0.5000 | bal_acc=0.5000 | pred_hist=[6, 2] | collapse=False
[2026-05-21 09:30:41]     spatial_conv=[4, 29] top_abs_channels=[('FC3', 0.14244902), ('Pz', 0.14105804), ('T4', 0.13540399), ('Fz', 0.12631102), ('TP7', 0.12543556), ('F8', 0.12490485), ('Fp1', 0.11671492), ('O1', 0.11550435)]
[2026-05-21 09:30:41]     spatial_update=delta_l2=0.77244174 max_abs=0.11834612 relative=0.64029544 changed=True

[2026-05-21 09:30:41] Fold 5/5 | subject=5
[2026-05-21 09:30:41]     Train: 32 | counts=[16, 16]
[2026-05-21 09:30:41]     Test:  8 | counts=[4, 4]
[2026-05-21 09:30:41]     Model: SignalJEPA_PreLocal | Pretrained: from_pretrained | Strategy: new
[2026-05-21 09:30:41]     Phase 1 (new): 2,170/16,010 params
[2026-05-21 09:30:43]     Result | best_epoch=180 | stop=180 | final_phase_epochs=180 | acc=0.5000 | bal_acc=0.5000 | pred_hist=[8, 0] | collapse=True
[2026-05-21 09:30:43]     spatial_conv=[4, 29] top_abs_channels=[('T3', 0.17075923), ('FT7', 0.12929894), ('T6', 0.12649198), ('FCz', 0.12498403), ('O2', 0.1215523), ('C3', 0.12114884), ('F4', 0.11001214), ('Fp1', 0.10863516)]
[2026-05-21 09:30:43]     spatial_update=delta_l2=0.69173422 max_abs=0.11985370 relative=0.60917124 changed=True
[2026-05-21 09:30:43]   Subject 5: acc=0.5000±0.0000  bal_acc=0.5000±0.0000

[2026-05-21 09:30:43] Subject 6: 40 windows | class_counts=[20, 20]

[2026-05-21 09:30:44] Fold 1/5 | subject=6
[2026-05-21 09:30:44]     Train: 32 | counts=[16, 16]
[2026-05-21 09:30:44]     Test:  8 | counts=[4, 4]
[2026-05-21 09:30:44]     Model: SignalJEPA_PreLocal | Pretrained: from_pretrained | Strategy: new
[2026-05-21 09:30:44]     Phase 1 (new): 2,170/16,010 params
[2026-05-21 09:30:44]     Result | best_epoch=1 | stop=51 | final_phase_epochs=51 | acc=0.5000 | bal_acc=0.5000 | pred_hist=[0, 8] | collapse=True
[2026-05-21 09:30:44]     spatial_conv=[4, 29] top_abs_channels=[('FT7', 0.16269861), ('F4', 0.15218493), ('FC3', 0.12902965), ('FT8', 0.12730709), ('P4', 0.12233561), ('FC4', 0.11625388), ('F3', 0.11171107), ('CP4', 0.1070504)]
[2026-05-21 09:30:44]     spatial_update=delta_l2=0.00538449 max_abs=0.00050000 relative=0.00467772 changed=True

[2026-05-21 09:30:45] Fold 2/5 | subject=6
[2026-05-21 09:30:45]     Train: 32 | counts=[16, 16]
[2026-05-21 09:30:45]     Test:  8 | counts=[4, 4]
[2026-05-21 09:30:45]     Model: SignalJEPA_PreLocal | Pretrained: from_pretrained | Strategy: new
[2026-05-21 09:30:45]     Phase 1 (new): 2,170/16,010 params
[2026-05-21 09:30:46]     Result | best_epoch=3 | stop=52 | final_phase_epochs=52 | acc=0.5000 | bal_acc=0.5000 | pred_hist=[0, 8] | collapse=True
[2026-05-21 09:30:46]     spatial_conv=[4, 29] top_abs_channels=[('O2', 0.17316137), ('TP7', 0.14490977), ('T5', 0.13574468), ('CP4', 0.13347328), ('F3', 0.13266569), ('T3', 0.12290181), ('FT7', 0.11133184), ('T6', 0.11111255)]
[2026-05-21 09:30:46]     spatial_update=delta_l2=0.00985353 max_abs=0.00100065 relative=0.00832006 changed=True

[2026-05-21 09:30:46] Fold 3/5 | subject=6
[2026-05-21 09:30:46]     Train: 32 | counts=[16, 16]
[2026-05-21 09:30:46]     Test:  8 | counts=[4, 4]
[2026-05-21 09:30:46]     Model: SignalJEPA_PreLocal | Pretrained: from_pretrained | Strategy: new
[2026-05-21 09:30:46]     Phase 1 (new): 2,170/16,010 params
[2026-05-21 09:30:47]     Result | best_epoch=1 | stop=51 | final_phase_epochs=51 | acc=0.7500 | bal_acc=0.7500 | pred_hist=[2, 6] | collapse=False
[2026-05-21 09:30:47]     spatial_conv=[4, 29] top_abs_channels=[('FC3', 0.14472905), ('Fp1', 0.13776992), ('CP4', 0.1277934), ('T6', 0.12732665), ('Fz', 0.12649846), ('F4', 0.12522863), ('C4', 0.12463737), ('FT7', 0.12342816)]
[2026-05-21 09:30:47]     spatial_update=delta_l2=0.00538477 max_abs=0.00050000 relative=0.00440365 changed=True

[2026-05-21 09:30:47] Fold 4/5 | subject=6
[2026-05-21 09:30:47]     Train: 32 | counts=[16, 16]
[2026-05-21 09:30:47]     Test:  8 | counts=[4, 4]
[2026-05-21 09:30:47]     Model: SignalJEPA_PreLocal | Pretrained: from_pretrained | Strategy: new
[2026-05-21 09:30:47]     Phase 1 (new): 2,170/16,010 params
[2026-05-21 09:30:49]     Result | best_epoch=62 | stop=111 | final_phase_epochs=111 | acc=0.5000 | bal_acc=0.5000 | pred_hist=[4, 4] | collapse=False
[2026-05-21 09:30:49]     spatial_conv=[4, 29] top_abs_channels=[('O2', 0.14515236), ('Fp1', 0.14445837), ('FT8', 0.13962814), ('Fz', 0.11479945), ('F7', 0.10706717), ('FT7', 0.10653327), ('T6', 0.10623847), ('F8', 0.10398903)]
[2026-05-21 09:30:49]     spatial_update=delta_l2=0.21446020 max_abs=0.03705783 relative=0.18539332 changed=True

[2026-05-21 09:30:49] Fold 5/5 | subject=6
[2026-05-21 09:30:49]     Train: 32 | counts=[16, 16]
[2026-05-21 09:30:49]     Test:  8 | counts=[4, 4]
[2026-05-21 09:30:49]     Model: SignalJEPA_PreLocal | Pretrained: from_pretrained | Strategy: new
[2026-05-21 09:30:49]     Phase 1 (new): 2,170/16,010 params
[2026-05-21 09:30:50]     Result | best_epoch=1 | stop=51 | final_phase_epochs=51 | acc=0.5000 | bal_acc=0.5000 | pred_hist=[8, 0] | collapse=True
[2026-05-21 09:30:50]     spatial_conv=[4, 29] top_abs_channels=[('T4', 0.1402659), ('F7', 0.13756651), ('CP4', 0.13491146), ('Oz', 0.13007393), ('T3', 0.1258314), ('C4', 0.12044722), ('TP8', 0.10962527), ('P3', 0.1089977)]
[2026-05-21 09:30:50]     spatial_update=delta_l2=0.00538493 max_abs=0.00050000 relative=0.00497715 changed=True
[2026-05-21 09:30:50]   Subject 6: acc=0.5500±0.1000  bal_acc=0.5500±0.1000

[2026-05-21 09:30:50] Subject 7: 40 windows | class_counts=[20, 20]

[2026-05-21 09:30:51] Fold 1/5 | subject=7
[2026-05-21 09:30:51]     Train: 32 | counts=[16, 16]
[2026-05-21 09:30:51]     Test:  8 | counts=[4, 4]
[2026-05-21 09:30:51]     Model: SignalJEPA_PreLocal | Pretrained: from_pretrained | Strategy: new
[2026-05-21 09:30:51]     Phase 1 (new): 2,170/16,010 params
