/Users/vadim/Documents/School/Spring 2026/CSCE A698 Individual Research/EEG_JEPA/.venv/lib/python3.11/site-packages/nbformat/__init__.py:96: MissingIDFieldWarning: Cell is missing an id field, this will become a hard error in future nbformat versions. You may want to use `normalize()` on your notebooks before validations (available since nbformat 5.1.4). Previous versions of nbformat are fixing this issue transparently, and will stop doing so in the future.
  validate(nb)
Notebook:       /Users/vadim/Documents/School/Spring 2026/CSCE A698 Individual Research/EEG_JEPA/src/liu2024/liu2024_source_mat_sjepa_prelocal.ipynb
Configurations: /Users/vadim/Documents/School/Spring 2026/CSCE A698 Individual Research/EEG_JEPA/src/utils/experiments/configs/liu2024_prelocal_sweep.json
Total configs:  4

[1/4] Running config override:
{
  "pretrained_mode": "from_pretrained",
  "strategy": "full",
  "batch_size": 16,
  "n_epochs": 1000,
  "early_stopping_patience": 50,
  "learning_rate": 0.0005,
  "seed": 12,
  "set_seed": true
}
  status:       completed
  elapsed_sec:  428.677
  run_id:       20260520_1553_828b1957
  artifact_dir: /Users/vadim/Documents/School/Spring 2026/CSCE A698 Individual Research/EEG_JEPA/artifacts/liu2024-source-mat-sjepa-prelocal/20260520_1553_828b1957

[2/4] Running config override:
{
  "pretrained_mode": "random",
  "strategy": "full",
  "batch_size": 16,
  "n_epochs": 1000,
  "early_stopping_patience": 50,
  "learning_rate": 0.0005,
  "seed": 12,
  "set_seed": true
}
  status:       completed
  elapsed_sec:  245.969
  run_id:       20260520_1600_95779b8c
  artifact_dir: /Users/vadim/Documents/School/Spring 2026/CSCE A698 Individual Research/EEG_JEPA/artifacts/liu2024-source-mat-sjepa-prelocal/20260520_1600_95779b8c

[3/4] Running config override:
{
  "pretrained_mode": "from_pretrained",
  "strategy": "new",
  "batch_size": 16,
  "n_epochs": 1000,
  "early_stopping_patience": 50,
  "learning_rate": 0.0005,
  "seed": 12,
  "set_seed": true
}
  status:       completed
  elapsed_sec:  1170.13
  run_id:       20260520_1604_c6b56fec
  artifact_dir: /Users/vadim/Documents/School/Spring 2026/CSCE A698 Individual Research/EEG_JEPA/artifacts/liu2024-source-mat-sjepa-prelocal/20260520_1604_c6b56fec

[4/4] Running config override:
{
  "pretrained_mode": "random",
  "strategy": "new",
  "batch_size": 16,
  "n_epochs": 1000,
  "early_stopping_patience": 50,
  "learning_rate": 0.0005,
  "seed": 12,
  "set_seed": true
}
  status:       completed
  elapsed_sec:  490.752
  run_id:       20260520_1624_734b3804
  artifact_dir: /Users/vadim/Documents/School/Spring 2026/CSCE A698 Individual Research/EEG_JEPA/artifacts/liu2024-source-mat-sjepa-prelocal/20260520_1624_734b3804

Finished.
Results dir:    experiment_results/20260520_1553_liu2024_prelocal_sweep_37dacc56
Summary JSON:   experiment_results/20260520_1553_liu2024_prelocal_sweep_37dacc56/results.json
Artifact list:  experiment_results/20260520_1553_liu2024_prelocal_sweep_37dacc56/artifact_ids.json
