[2026-07-14 21:19:53] Run ID:     20260714_211953_909023_a14ace51
[2026-07-14 21:19:53] Artifacts:  /Users/vadim/Documents/School/Spring 2026/CSCE A698 Individual Research/EEG_JEPA/artifacts/liu2024-lv14-class-feature-audit/20260714_211953_909023_a14ace51
[2026-07-14 21:19:53] Config:     /Users/vadim/Documents/School/Spring 2026/CSCE A698 Individual Research/EEG_JEPA/artifacts/liu2024-lv14-class-feature-audit/20260714_211953_909023_a14ace51/config.json
[2026-07-14 21:19:55] Seed initialized: 2026
[2026-07-14 21:19:55] Synthetic feature/effect/permutation checks passed.
[2026-07-14 21:19:55] Full config:
{
  "allow_transductive_group_maps": true,
  "artifact_dir": "/Users/vadim/Documents/School/Spring 2026/CSCE A698 Individual Research/EEG_JEPA/artifacts/liu2024-lv14-class-feature-audit",
  "average_reference": true,
  "bands_hz": [
    [
      8,
      12
    ],
    [
      13,
      20
    ],
    [
      20,
      30
    ],
    [
      8,
      30
    ]
  ],
  "bootstrap_iterations": 5000,
  "bootstrap_seed": 202607,
  "config_note": "Primary mapped-Lv14 feature audit; physiology, fixed motor13 Riemann, frozen S-JEPA, and transductive neutral-state microstates.",
  "correlation_permutations": 20000,
  "cv_folds": 5,
  "cv_random_state": 2026,
  "device": "auto",
  "enable_sjepa": true,
  "experiment_name": "lv14_class_feature_audit_all_branches",
  "filter_order": 4,
  "flagged_subjects": [
    15
  ],
  "gfp_max_peaks": 20000,
  "gfp_min_peak_distance_ms": 30.0,
  "kmeans_n_init": 20,
  "lda_shrinkage": "auto",
  "locked_prelocal_subject_metrics": "/Users/vadim/Documents/School/Spring 2026/CSCE A698 Individual Research/EEG_JEPA/artifacts/liu2024-sjepa-prelocal/20260703_0835_5d8bfb69/subject_metrics.json",
  "locked_shallow_subject_results": "/Users/vadim/Documents/School/Spring 2026/CSCE A698 Individual Research/EEG_JEPA/artifacts/liu2024-compact-mi-models/20260712_165746_790145_fd8ab986/subject_results.csv",
  "marker_channel_index": 32,
  "marker_value": 2,
  "mi_window_s": [
    0.0,
    4.0
  ],
  "microstate_band_hz": [
    1.0,
    30.0
  ],
  "microstate_sfreq": 250,
  "n_states": 4,
  "onset_fallback_sample": 1003,
  "onset_plausible_range": [
    800,
    1300
  ],
  "permutation_iterations": 2000,
  "seed": 2026,
  "set_seed": true,
  "sfreq": 500,
  "sjepa_bandpass_hz": [
    0.5,
    40.0
  ],
  "sjepa_batch_size": 16,
  "sjepa_checkpoint_path": null,
  "sjepa_embedding_dim": 64,
  "sjepa_hook": "feature_encoder",
  "sjepa_model_id": "braindecode/signal-jepa_without-chans",
  "sjepa_model_revision": null,
  "sjepa_pooling": "mean",
  "sjepa_sfreq": 128,
  "source_extract_dir": "/Users/vadim/Documents/School/Spring 2026/CSCE A698 Individual Research/EEG_JEPA/liu2024_data/liu2024_figshare/sourcedata",
  "split_half_repeats": 100,
  "split_half_seed": 202608,
  "state_naming_mode": "neutral",
  "subjects_to_use": [
    1,
    3,
    7,
    9,
    10,
    11,
    14,
    15,
    17,
    29,
    31,
    32,
    37,
    41
  ]
}
[2026-07-14 21:25:19] Completed mapped Lv14 audit: Riemann BA=0.498; S-JEPA available=True; microstates are transductive.
[2026-07-14 21:25:19] Global metrics saved to:  /Users/vadim/Documents/School/Spring 2026/CSCE A698 Individual Research/EEG_JEPA/artifacts/liu2024-lv14-class-feature-audit/20260714_211953_909023_a14ace51/global_metrics.json
[2026-07-14 21:25:19] Run metadata saved to:    /Users/vadim/Documents/School/Spring 2026/CSCE A698 Individual Research/EEG_JEPA/artifacts/liu2024-lv14-class-feature-audit/20260714_211953_909023_a14ace51/run_metadata.json
[2026-07-14 21:25:19] 
All artifacts in: /Users/vadim/Documents/School/Spring 2026/CSCE A698 Individual Research/EEG_JEPA/artifacts/liu2024-lv14-class-feature-audit/20260714_211953_909023_a14ace51
