[2026-05-19 12:34:37] Run ID:     20260519_1234_0ab59bc8
[2026-05-19 12:34:37] Artifacts:  /Users/vadim/Documents/School/Spring 2026/CSCE A698 Individual Research/EEG_JEPA/artifacts/liu2024-source-mat-sjepa-prelocal/Liu2024_SourceMAT/20260519_1234_0ab59bc8
[2026-05-19 12:34:37] Using device: mps
[2026-05-19 12:34:37] Seed initialized: 12
[2026-05-19 12:34:37] Source extract dir: /Users/vadim/Documents/School/Spring 2026/CSCE A698 Individual Research/EEG_JEPA/liu2024_figshare/sourcedata
[2026-05-19 12:34:37] Found 50 .mat files
[2026-05-19 12:34:43] Subjects loaded: [1, 2, 3, 4, 5, 6, 7, 8, 9, 10, 11, 12, 13, 14, 15, 16, 17, 18, 19, 20, 21, 22, 23, 24, 25, 26, 27, 28, 29, 30, 31, 32, 33, 34, 35, 36, 37, 38, 39, 40, 41, 42, 43, 44, 45, 46, 47, 48, 49, 50]
[2026-05-19 12:34:56] X_ALL shape: (2000, 29, 537) | Y_ALL counts: [1000, 1000]
[2026-05-19 12:34:56] ======================================================================
[2026-05-19 12:34:56] STARTING WITHIN-SUBJECT CV (full fine-tuning + augmentation)
[2026-05-19 12:34:56] ======================================================================
[2026-05-19 12:34:56] Dataset:    Liu2024_SourceMAT
[2026-05-19 12:34:56] Strategy:   new  (warmup=10, total=100 epochs)
[2026-05-19 12:34:56] Optimizer:  AdamW  lr=0.0005  wd=0.0001
[2026-05-19 12:34:56] Noise aug:  fraction=0.05
[2026-05-19 12:34:56] Device:     mps
[2026-05-19 12:34:56] ======================================================================
[2026-05-19 12:34:56] 
Subject 1: 40 windows | class_counts=[20, 20]
[2026-05-19 12:34:57] 
Fold 1/5 | subject=1
[2026-05-19 12:34:57]     Train: 32 | Test: 8 | Strategy: new
[2026-05-19 12:34:58]     Result | best_epoch=12 | stop=20 | acc=0.3750 | bal_acc=0.3750 | collapse=False
[2026-05-19 12:34:58]     Spatial update | delta_l2=0.01896255 | relative_delta=0.01622712 | changed=True
[2026-05-19 12:34:58] 
Fold 2/5 | subject=1
[2026-05-19 12:34:58]     Train: 32 | Test: 8 | Strategy: new
[2026-05-19 12:35:00]     Result | best_epoch=74 | stop=89 | acc=0.3750 | bal_acc=0.3750 | collapse=False
[2026-05-19 12:35:00]     Spatial update | delta_l2=0.14758858 | relative_delta=0.12629828 | changed=True
[2026-05-19 12:35:01] 
Fold 3/5 | subject=1
[2026-05-19 12:35:01]     Train: 32 | Test: 8 | Strategy: new
[2026-05-19 12:35:01]     Result | best_epoch=32 | stop=47 | acc=0.6250 | bal_acc=0.6250 | collapse=False
[2026-05-19 12:35:01]     Spatial update | delta_l2=0.09836765 | relative_delta=0.08417769 | changed=True
[2026-05-19 12:35:02] 
Fold 4/5 | subject=1
[2026-05-19 12:35:02]     Train: 32 | Test: 8 | Strategy: new
[2026-05-19 12:35:02]     Result | best_epoch=1 | stop=16 | acc=0.3750 | bal_acc=0.3750 | collapse=False
[2026-05-19 12:35:02]     Spatial update | delta_l2=0.00538481 | relative_delta=0.00460803 | changed=True
[2026-05-19 12:35:03] 
Fold 5/5 | subject=1
[2026-05-19 12:35:03]     Train: 32 | Test: 8 | Strategy: new
[2026-05-19 12:35:05]     Result | best_epoch=82 | stop=97 | acc=0.3750 | bal_acc=0.3750 | collapse=False
[2026-05-19 12:35:05]     Spatial update | delta_l2=0.15990655 | relative_delta=0.13683934 | changed=True
[2026-05-19 12:35:05]   Subject 1: acc=0.4250±0.1000  bal_acc=0.4250±0.1000
[2026-05-19 12:35:05] 
Subject 2: 40 windows | class_counts=[20, 20]
[2026-05-19 12:35:05] 
Fold 1/5 | subject=2
[2026-05-19 12:35:05]     Train: 32 | Test: 8 | Strategy: new
[2026-05-19 12:35:07]     Result | best_epoch=85 | stop=100 | acc=0.6250 | bal_acc=0.6250 | collapse=False
[2026-05-19 12:35:07]     Spatial update | delta_l2=0.15044364 | relative_delta=0.12874149 | changed=True
[2026-05-19 12:35:07] 
Fold 2/5 | subject=2
[2026-05-19 12:35:07]     Train: 32 | Test: 8 | Strategy: new
[2026-05-19 12:35:09]     Result | best_epoch=96 | stop=100 | acc=0.6250 | bal_acc=0.6250 | collapse=False
[2026-05-19 12:35:09]     Spatial update | delta_l2=0.14464689 | relative_delta=0.12378095 | changed=True
[2026-05-19 12:35:10] 
Fold 3/5 | subject=2
[2026-05-19 12:35:10]     Train: 32 | Test: 8 | Strategy: new
[2026-05-19 12:35:12]     Result | best_epoch=96 | stop=100 | acc=0.6250 | bal_acc=0.6250 | collapse=False
[2026-05-19 12:35:12]     Spatial update | delta_l2=0.15977009 | relative_delta=0.13672256 | changed=True
[2026-05-19 12:35:12] 
Fold 4/5 | subject=2
[2026-05-19 12:35:12]     Train: 32 | Test: 8 | Strategy: new
[2026-05-19 12:35:14]     Result | best_epoch=96 | stop=100 | acc=0.6250 | bal_acc=0.6250 | collapse=False
[2026-05-19 12:35:14]     Spatial update | delta_l2=0.14442765 | relative_delta=0.12359333 | changed=True
[2026-05-19 12:35:15] 
Fold 5/5 | subject=2
[2026-05-19 12:35:15]     Train: 32 | Test: 8 | Strategy: new
[2026-05-19 12:35:16]     Result | best_epoch=83 | stop=98 | acc=0.6250 | bal_acc=0.6250 | collapse=False
[2026-05-19 12:35:16]     Spatial update | delta_l2=0.14969798 | relative_delta=0.12810339 | changed=True
[2026-05-19 12:35:16]   Subject 2: acc=0.6250±0.0000  bal_acc=0.6250±0.0000
[2026-05-19 12:35:16] 
Subject 3: 40 windows | class_counts=[20, 20]
[2026-05-19 12:35:17] 
Fold 1/5 | subject=3
[2026-05-19 12:35:17]     Train: 32 | Test: 8 | Strategy: new
[2026-05-19 12:35:17]     Result | best_epoch=1 | stop=16 | acc=0.2500 | bal_acc=0.2500 | collapse=False
[2026-05-19 12:35:17]     Spatial update | delta_l2=0.00538503 | relative_delta=0.00460822 | changed=True
[2026-05-19 12:35:18] 
Fold 2/5 | subject=3
[2026-05-19 12:35:18]     Train: 32 | Test: 8 | Strategy: new
[2026-05-19 12:35:20]     Result | best_epoch=99 | stop=100 | acc=0.6250 | bal_acc=0.6250 | collapse=False
[2026-05-19 12:35:20]     Spatial update | delta_l2=0.16620923 | relative_delta=0.14223283 | changed=True
[2026-05-19 12:35:20] 
Fold 3/5 | subject=3
[2026-05-19 12:35:20]     Train: 32 | Test: 8 | Strategy: new
[2026-05-19 12:35:22]     Result | best_epoch=66 | stop=81 | acc=0.6250 | bal_acc=0.6250 | collapse=False
[2026-05-19 12:35:22]     Spatial update | delta_l2=0.16996717 | relative_delta=0.14544867 | changed=True
[2026-05-19 12:35:22] 
Fold 4/5 | subject=3
[2026-05-19 12:35:22]     Train: 32 | Test: 8 | Strategy: new
[2026-05-19 12:35:24]     Result | best_epoch=93 | stop=100 | acc=0.5000 | bal_acc=0.5000 | collapse=False
[2026-05-19 12:35:24]     Spatial update | delta_l2=0.17297803 | relative_delta=0.1480252 | changed=True
[2026-05-19 12:35:25] 
Fold 5/5 | subject=3
[2026-05-19 12:35:25]     Train: 32 | Test: 8 | Strategy: new
[2026-05-19 12:35:26]     Result | best_epoch=74 | stop=87 | acc=0.5000 | bal_acc=0.5000 | collapse=False
[2026-05-19 12:35:26]     Spatial update | delta_l2=0.17172601 | relative_delta=0.14695379 | changed=True
[2026-05-19 12:35:26]   Subject 3: acc=0.5000±0.1369  bal_acc=0.5000±0.1369
[2026-05-19 12:35:26] 
Subject 4: 40 windows | class_counts=[20, 20]
[2026-05-19 12:35:27] 
Fold 1/5 | subject=4
[2026-05-19 12:35:27]     Train: 32 | Test: 8 | Strategy: new
[2026-05-19 12:35:28]     Result | best_epoch=85 | stop=100 | acc=0.6250 | bal_acc=0.6250 | collapse=False
[2026-05-19 12:35:28]     Spatial update | delta_l2=0.17322023 | relative_delta=0.14823246 | changed=True
[2026-05-19 12:35:29] 
Fold 2/5 | subject=4
[2026-05-19 12:35:29]     Train: 32 | Test: 8 | Strategy: new
[2026-05-19 12:35:31]     Result | best_epoch=80 | stop=95 | acc=0.6250 | bal_acc=0.6250 | collapse=False
[2026-05-19 12:35:31]     Spatial update | delta_l2=0.17990015 | relative_delta=0.15394877 | changed=True
[2026-05-19 12:35:31] 
Fold 3/5 | subject=4
[2026-05-19 12:35:31]     Train: 32 | Test: 8 | Strategy: new
[2026-05-19 12:35:33]     Result | best_epoch=60 | stop=75 | acc=0.7500 | bal_acc=0.7500 | collapse=False
[2026-05-19 12:35:33]     Spatial update | delta_l2=0.14940915 | relative_delta=0.12785623 | changed=True
[2026-05-19 12:35:34] 
Fold 4/5 | subject=4
[2026-05-19 12:35:34]     Train: 32 | Test: 8 | Strategy: new
[2026-05-19 12:35:34]     Result | best_epoch=1 | stop=16 | acc=0.8750 | bal_acc=0.8750 | collapse=False
[2026-05-19 12:35:34]     Spatial update | delta_l2=0.00538492 | relative_delta=0.00460812 | changed=True
[2026-05-19 12:35:34] 
Fold 5/5 | subject=4
[2026-05-19 12:35:34]     Train: 32 | Test: 8 | Strategy: new
[2026-05-19 12:35:35]     Result | best_epoch=2 | stop=17 | acc=0.3750 | bal_acc=0.3750 | collapse=False
[2026-05-19 12:35:35]     Spatial update | delta_l2=0.00919946 | relative_delta=0.0078724 | changed=True
[2026-05-19 12:35:35]   Subject 4: acc=0.6500±0.1658  bal_acc=0.6500±0.1658
[2026-05-19 12:35:35] 
Subject 5: 40 windows | class_counts=[20, 20]
[2026-05-19 12:35:36] 
Fold 1/5 | subject=5
[2026-05-19 12:35:36]     Train: 32 | Test: 8 | Strategy: new
[2026-05-19 12:35:36]     Result | best_epoch=24 | stop=39 | acc=0.3750 | bal_acc=0.3750 | collapse=False
[2026-05-19 12:35:36]     Spatial update | delta_l2=0.08344758 | relative_delta=0.0714099 | changed=True
[2026-05-19 12:35:37] 
Fold 2/5 | subject=5
[2026-05-19 12:35:37]     Train: 32 | Test: 8 | Strategy: new
[2026-05-19 12:35:37]     Result | best_epoch=1 | stop=16 | acc=0.7500 | bal_acc=0.7500 | collapse=False
[2026-05-19 12:35:37]     Spatial update | delta_l2=0.00538491 | relative_delta=0.00460812 | changed=True
[2026-05-19 12:35:38] 
Fold 3/5 | subject=5
[2026-05-19 12:35:38]     Train: 32 | Test: 8 | Strategy: new
[2026-05-19 12:35:38]     Result | best_epoch=1 | stop=16 | acc=0.6250 | bal_acc=0.6250 | collapse=False
[2026-05-19 12:35:38]     Spatial update | delta_l2=0.00538497 | relative_delta=0.00460817 | changed=True
[2026-05-19 12:35:39] 
Fold 4/5 | subject=5
[2026-05-19 12:35:39]     Train: 32 | Test: 8 | Strategy: new
[2026-05-19 12:35:40]     Result | best_epoch=83 | stop=98 | acc=0.3750 | bal_acc=0.3750 | collapse=False
[2026-05-19 12:35:40]     Spatial update | delta_l2=0.17572228 | relative_delta=0.15037358 | changed=True
[2026-05-19 12:35:41] 
Fold 5/5 | subject=5
[2026-05-19 12:35:41]     Train: 32 | Test: 8 | Strategy: new
[2026-05-19 12:35:41]     Result | best_epoch=1 | stop=16 | acc=0.3750 | bal_acc=0.3750 | collapse=False
[2026-05-19 12:35:41]     Spatial update | delta_l2=0.00538416 | relative_delta=0.00460747 | changed=True
[2026-05-19 12:35:41]   Subject 5: acc=0.5000±0.1581  bal_acc=0.5000±0.1581
[2026-05-19 12:35:41] 
Subject 6: 40 windows | class_counts=[20, 20]
[2026-05-19 12:35:42] 
Fold 1/5 | subject=6
[2026-05-19 12:35:42]     Train: 32 | Test: 8 | Strategy: new
[2026-05-19 12:35:44]     Result | best_epoch=94 | stop=100 | acc=0.5000 | bal_acc=0.5000 | collapse=False
[2026-05-19 12:35:44]     Spatial update | delta_l2=0.1640005 | relative_delta=0.14034271 | changed=True
[2026-05-19 12:35:44] 
Fold 2/5 | subject=6
[2026-05-19 12:35:44]     Train: 32 | Test: 8 | Strategy: new
[2026-05-19 12:35:45]     Result | best_epoch=1 | stop=16 | acc=0.5000 | bal_acc=0.5000 | collapse=False
[2026-05-19 12:35:45]     Spatial update | delta_l2=0.00538481 | relative_delta=0.00460803 | changed=True
[2026-05-19 12:35:45] 
Fold 3/5 | subject=6
[2026-05-19 12:35:45]     Train: 32 | Test: 8 | Strategy: new
[2026-05-19 12:35:46]     Result | best_epoch=1 | stop=16 | acc=0.5000 | bal_acc=0.5000 | collapse=False
[2026-05-19 12:35:46]     Spatial update | delta_l2=0.0053848 | relative_delta=0.00460802 | changed=True
[2026-05-19 12:35:46] 
Fold 4/5 | subject=6
[2026-05-19 12:35:46]     Train: 32 | Test: 8 | Strategy: new
[2026-05-19 12:35:48]     Result | best_epoch=92 | stop=100 | acc=0.3750 | bal_acc=0.3750 | collapse=False
[2026-05-19 12:35:48]     Spatial update | delta_l2=0.16557995 | relative_delta=0.14169432 | changed=True
[2026-05-19 12:35:48] 
Fold 5/5 | subject=6
[2026-05-19 12:35:48]     Train: 32 | Test: 8 | Strategy: new
[2026-05-19 12:35:49]     Result | best_epoch=42 | stop=57 | acc=0.6250 | bal_acc=0.6250 | collapse=False
[2026-05-19 12:35:49]     Spatial update | delta_l2=0.10626035 | relative_delta=0.09093183 | changed=True
[2026-05-19 12:35:49]   Subject 6: acc=0.5000±0.0791  bal_acc=0.5000±0.0791
[2026-05-19 12:35:49] 
Subject 7: 40 windows | class_counts=[20, 20]
[2026-05-19 12:35:50] 
Fold 1/5 | subject=7
[2026-05-19 12:35:50]     Train: 32 | Test: 8 | Strategy: new
[2026-05-19 12:35:50]     Result | best_epoch=1 | stop=16 | acc=0.3750 | bal_acc=0.3750 | collapse=False
[2026-05-19 12:35:50]     Spatial update | delta_l2=0.00538453 | relative_delta=0.00460778 | changed=True
[2026-05-19 12:35:51] 
Fold 2/5 | subject=7
[2026-05-19 12:35:51]     Train: 32 | Test: 8 | Strategy: new
[2026-05-19 12:35:51]     Result | best_epoch=1 | stop=16 | acc=0.5000 | bal_acc=0.5000 | collapse=False
[2026-05-19 12:35:51]     Spatial update | delta_l2=0.00538491 | relative_delta=0.00460812 | changed=True
[2026-05-19 12:35:52] 
Fold 3/5 | subject=7
[2026-05-19 12:35:52]     Train: 32 | Test: 8 | Strategy: new
[2026-05-19 12:35:53]     Result | best_epoch=98 | stop=100 | acc=0.6250 | bal_acc=0.6250 | collapse=False
[2026-05-19 12:35:53]     Spatial update | delta_l2=0.18424416 | relative_delta=0.15766614 | changed=True
[2026-05-19 12:35:54] 
Fold 4/5 | subject=7
[2026-05-19 12:35:54]     Train: 32 | Test: 8 | Strategy: new
[2026-05-19 12:35:54]     Result | best_epoch=1 | stop=16 | acc=0.2500 | bal_acc=0.2500 | collapse=False
[2026-05-19 12:35:54]     Spatial update | delta_l2=0.00538493 | relative_delta=0.00460813 | changed=True
[2026-05-19 12:35:55] 
Fold 5/5 | subject=7
[2026-05-19 12:35:55]     Train: 32 | Test: 8 | Strategy: new
[2026-05-19 12:35:55]     Result | best_epoch=1 | stop=16 | acc=0.3750 | bal_acc=0.3750 | collapse=False
[2026-05-19 12:35:55]     Spatial update | delta_l2=0.00538499 | relative_delta=0.00460818 | changed=True
[2026-05-19 12:35:55]   Subject 7: acc=0.4250±0.1275  bal_acc=0.4250±0.1275
[2026-05-19 12:35:55] 
Subject 8: 40 windows | class_counts=[20, 20]
[2026-05-19 12:35:56] 
Fold 1/5 | subject=8
[2026-05-19 12:35:56]     Train: 32 | Test: 8 | Strategy: new
[2026-05-19 12:35:57]     Result | best_epoch=66 | stop=81 | acc=0.7500 | bal_acc=0.7500 | collapse=False
[2026-05-19 12:35:57]     Spatial update | delta_l2=0.14083671 | relative_delta=0.1205204 | changed=True
[2026-05-19 12:35:58] 
Fold 2/5 | subject=8
[2026-05-19 12:35:58]     Train: 32 | Test: 8 | Strategy: new
[2026-05-19 12:35:59]     Result | best_epoch=86 | stop=100 | acc=0.8750 | bal_acc=0.8750 | collapse=False
[2026-05-19 12:35:59]     Spatial update | delta_l2=0.12211629 | relative_delta=0.10450049 | changed=True
[2026-05-19 12:36:00] 
Fold 3/5 | subject=8
[2026-05-19 12:36:00]     Train: 32 | Test: 8 | Strategy: new
[2026-05-19 12:36:01]     Result | best_epoch=59 | stop=74 | acc=0.7500 | bal_acc=0.7500 | collapse=False
[2026-05-19 12:36:01]     Spatial update | delta_l2=0.121237 | relative_delta=0.10374804 | changed=True
[2026-05-19 12:36:02] 
Fold 4/5 | subject=8
[2026-05-19 12:36:02]     Train: 32 | Test: 8 | Strategy: new
[2026-05-19 12:36:03]     Result | best_epoch=85 | stop=100 | acc=0.6250 | bal_acc=0.6250 | collapse=False
[2026-05-19 12:36:03]     Spatial update | delta_l2=0.1612449 | relative_delta=0.13798462 | changed=True
[2026-05-19 12:36:04] 
Fold 5/5 | subject=8
[2026-05-19 12:36:04]     Train: 32 | Test: 8 | Strategy: new
[2026-05-19 12:36:06]     Result | best_epoch=83 | stop=98 | acc=0.6250 | bal_acc=0.6250 | collapse=False
[2026-05-19 12:36:06]     Spatial update | delta_l2=0.14712991 | relative_delta=0.12590578 | changed=True
[2026-05-19 12:36:06]   Subject 8: acc=0.7250±0.0935  bal_acc=0.7250±0.0935
[2026-05-19 12:36:06] 
Subject 9: 40 windows | class_counts=[20, 20]
[2026-05-19 12:36:06] 
Fold 1/5 | subject=9
[2026-05-19 12:36:06]     Train: 32 | Test: 8 | Strategy: new
[2026-05-19 12:36:08]     Result | best_epoch=89 | stop=90 | acc=0.6250 | bal_acc=0.6250 | collapse=False
[2026-05-19 12:36:08]     Spatial update | delta_l2=0.16683442 | relative_delta=0.14276783 | changed=True
[2026-05-19 12:36:08] 
Fold 2/5 | subject=9
[2026-05-19 12:36:08]     Train: 32 | Test: 8 | Strategy: new
[2026-05-19 12:36:10]     Result | best_epoch=68 | stop=83 | acc=0.6250 | bal_acc=0.6250 | collapse=False
[2026-05-19 12:36:10]     Spatial update | delta_l2=0.16366496 | relative_delta=0.14005558 | changed=True
[2026-05-19 12:36:10] 
Fold 3/5 | subject=9
[2026-05-19 12:36:10]     Train: 32 | Test: 8 | Strategy: new
[2026-05-19 12:36:11]     Result | best_epoch=1 | stop=16 | acc=0.3750 | bal_acc=0.3750 | collapse=False
[2026-05-19 12:36:11]     Spatial update | delta_l2=0.00538478 | relative_delta=0.004608 | changed=True
[2026-05-19 12:36:11] 
Fold 4/5 | subject=9
[2026-05-19 12:36:11]     Train: 32 | Test: 8 | Strategy: new
[2026-05-19 12:36:12]     Result | best_epoch=13 | stop=28 | acc=0.7500 | bal_acc=0.7500 | collapse=False
[2026-05-19 12:36:12]     Spatial update | delta_l2=0.04482863 | relative_delta=0.0383619 | changed=True
[2026-05-19 12:36:12] 
Fold 5/5 | subject=9
[2026-05-19 12:36:12]     Train: 32 | Test: 8 | Strategy: new
[2026-05-19 12:36:12]     Result | best_epoch=1 | stop=16 | acc=0.6250 | bal_acc=0.6250 | collapse=False
[2026-05-19 12:36:12]     Spatial update | delta_l2=0.00538482 | relative_delta=0.00460804 | changed=True
[2026-05-19 12:36:12]   Subject 9: acc=0.6000±0.1225  bal_acc=0.6000±0.1225
[2026-05-19 12:36:12] 
Subject 10: 40 windows | class_counts=[20, 20]
[2026-05-19 12:36:13] 
Fold 1/5 | subject=10
[2026-05-19 12:36:13]     Train: 32 | Test: 8 | Strategy: new
[2026-05-19 12:36:15]     Result | best_epoch=79 | stop=94 | acc=0.3750 | bal_acc=0.3750 | collapse=False
[2026-05-19 12:36:15]     Spatial update | delta_l2=0.18608402 | relative_delta=0.15924059 | changed=True
[2026-05-19 12:36:15] 
Fold 2/5 | subject=10
[2026-05-19 12:36:15]     Train: 32 | Test: 8 | Strategy: new
[2026-05-19 12:36:16]     Result | best_epoch=4 | stop=19 | acc=0.5000 | bal_acc=0.5000 | collapse=False
[2026-05-19 12:36:16]     Spatial update | delta_l2=0.0166465 | relative_delta=0.01424517 | changed=True
[2026-05-19 12:36:16] 
Fold 3/5 | subject=10
[2026-05-19 12:36:16]     Train: 32 | Test: 8 | Strategy: new
[2026-05-19 12:36:16]     Result | best_epoch=1 | stop=16 | acc=0.3750 | bal_acc=0.3750 | collapse=False
[2026-05-19 12:36:16]     Spatial update | delta_l2=0.00538492 | relative_delta=0.00460813 | changed=True
[2026-05-19 12:36:17] 
Fold 4/5 | subject=10
[2026-05-19 12:36:17]     Train: 32 | Test: 8 | Strategy: new
[2026-05-19 12:36:17]     Result | best_epoch=1 | stop=16 | acc=0.5000 | bal_acc=0.5000 | collapse=False
[2026-05-19 12:36:17]     Spatial update | delta_l2=0.00538469 | relative_delta=0.00460792 | changed=True
[2026-05-19 12:36:18] 
Fold 5/5 | subject=10
[2026-05-19 12:36:18]     Train: 32 | Test: 8 | Strategy: new
[2026-05-19 12:36:18]     Result | best_epoch=1 | stop=16 | acc=0.5000 | bal_acc=0.5000 | collapse=False
[2026-05-19 12:36:18]     Spatial update | delta_l2=0.00538503 | relative_delta=0.00460822 | changed=True
[2026-05-19 12:36:18]   Subject 10: acc=0.4500±0.0612  bal_acc=0.4500±0.0612
[2026-05-19 12:36:18] 
Subject 11: 40 windows | class_counts=[20, 20]
[2026-05-19 12:36:19] 
Fold 1/5 | subject=11
[2026-05-19 12:36:19]     Train: 32 | Test: 8 | Strategy: new
[2026-05-19 12:36:20]     Result | best_epoch=70 | stop=81 | acc=0.7500 | bal_acc=0.7500 | collapse=False
[2026-05-19 12:36:20]     Spatial update | delta_l2=0.14810983 | relative_delta=0.12674434 | changed=True
[2026-05-19 12:36:21] 
Fold 2/5 | subject=11
[2026-05-19 12:36:21]     Train: 32 | Test: 8 | Strategy: new
[2026-05-19 12:36:21]     Result | best_epoch=1 | stop=16 | acc=0.5000 | bal_acc=0.5000 | collapse=False
[2026-05-19 12:36:21]     Spatial update | delta_l2=0.00538498 | relative_delta=0.00460818 | changed=True
[2026-05-19 12:36:22] 
Fold 3/5 | subject=11
[2026-05-19 12:36:22]     Train: 32 | Test: 8 | Strategy: new
[2026-05-19 12:36:22]     Result | best_epoch=5 | stop=16 | acc=0.2500 | bal_acc=0.2500 | collapse=False
[2026-05-19 12:36:22]     Spatial update | delta_l2=0.00538493 | relative_delta=0.00460813 | changed=True
[2026-05-19 12:36:22] 
Fold 4/5 | subject=11
[2026-05-19 12:36:22]     Train: 32 | Test: 8 | Strategy: new
[2026-05-19 12:36:24]     Result | best_epoch=79 | stop=86 | acc=0.3750 | bal_acc=0.3750 | collapse=False
[2026-05-19 12:36:24]     Spatial update | delta_l2=0.14744327 | relative_delta=0.12617394 | changed=True
[2026-05-19 12:36:25] 
Fold 5/5 | subject=11
[2026-05-19 12:36:25]     Train: 32 | Test: 8 | Strategy: new
[2026-05-19 12:36:26]     Result | best_epoch=80 | stop=89 | acc=0.2500 | bal_acc=0.2500 | collapse=False
[2026-05-19 12:36:26]     Spatial update | delta_l2=0.15035457 | relative_delta=0.12866527 | changed=True
[2026-05-19 12:36:26]   Subject 11: acc=0.4250±0.1871  bal_acc=0.4250±0.1871
[2026-05-19 12:36:26] 
Subject 12: 40 windows | class_counts=[20, 20]
[2026-05-19 12:36:27] 
Fold 1/5 | subject=12
[2026-05-19 12:36:27]     Train: 32 | Test: 8 | Strategy: new
[2026-05-19 12:36:27]     Result | best_epoch=1 | stop=16 | acc=0.3750 | bal_acc=0.3750 | collapse=False
[2026-05-19 12:36:27]     Spatial update | delta_l2=0.00538508 | relative_delta=0.00460826 | changed=True
[2026-05-19 12:36:28] 
Fold 2/5 | subject=12
[2026-05-19 12:36:28]     Train: 32 | Test: 8 | Strategy: new
[2026-05-19 12:36:29]     Result | best_epoch=71 | stop=86 | acc=0.7500 | bal_acc=0.7500 | collapse=False
[2026-05-19 12:36:29]     Spatial update | delta_l2=0.15048812 | relative_delta=0.12877956 | changed=True
[2026-05-19 12:36:30] 
Fold 3/5 | subject=12
[2026-05-19 12:36:30]     Train: 32 | Test: 8 | Strategy: new
[2026-05-19 12:36:31]     Result | best_epoch=71 | stop=86 | acc=0.8750 | bal_acc=0.8750 | collapse=False
[2026-05-19 12:36:31]     Spatial update | delta_l2=0.14895479 | relative_delta=0.12746741 | changed=True
[2026-05-19 12:36:32] 
Fold 4/5 | subject=12
[2026-05-19 12:36:32]     Train: 32 | Test: 8 | Strategy: new
[2026-05-19 12:36:33]     Result | best_epoch=66 | stop=76 | acc=0.2500 | bal_acc=0.2500 | collapse=False
[2026-05-19 12:36:33]     Spatial update | delta_l2=0.15535772 | relative_delta=0.13294669 | changed=True
[2026-05-19 12:36:34] 
Fold 5/5 | subject=12
[2026-05-19 12:36:34]     Train: 32 | Test: 8 | Strategy: new
[2026-05-19 12:36:36]     Result | best_epoch=90 | stop=100 | acc=0.5000 | bal_acc=0.5000 | collapse=False
[2026-05-19 12:36:36]     Spatial update | delta_l2=0.18176377 | relative_delta=0.15554355 | changed=True
[2026-05-19 12:36:36]   Subject 12: acc=0.5500±0.2318  bal_acc=0.5500±0.2318
[2026-05-19 12:36:36] 
Subject 13: 40 windows | class_counts=[20, 20]
[2026-05-19 12:36:36] 
Fold 1/5 | subject=13
[2026-05-19 12:36:36]     Train: 32 | Test: 8 | Strategy: new
[2026-05-19 12:36:36]     Result | best_epoch=1 | stop=16 | acc=0.6250 | bal_acc=0.6250 | collapse=False
[2026-05-19 12:36:36]     Spatial update | delta_l2=0.00538482 | relative_delta=0.00460803 | changed=True
[2026-05-19 12:36:37] 
Fold 2/5 | subject=13
[2026-05-19 12:36:37]     Train: 32 | Test: 8 | Strategy: new
[2026-05-19 12:36:39]     Result | best_epoch=98 | stop=100 | acc=0.8750 | bal_acc=0.8750 | collapse=False
[2026-05-19 12:36:39]     Spatial update | delta_l2=0.16430328 | relative_delta=0.14060181 | changed=True
[2026-05-19 12:36:39] 
Fold 3/5 | subject=13
[2026-05-19 12:36:39]     Train: 32 | Test: 8 | Strategy: new
[2026-05-19 12:36:41]     Result | best_epoch=67 | stop=82 | acc=0.5000 | bal_acc=0.5000 | collapse=False
[2026-05-19 12:36:41]     Spatial update | delta_l2=0.17974054 | relative_delta=0.15381219 | changed=True
[2026-05-19 12:36:41] 
Fold 4/5 | subject=13
[2026-05-19 12:36:41]     Train: 32 | Test: 8 | Strategy: new
[2026-05-19 12:36:43]     Result | best_epoch=100 | stop=100 | acc=0.3750 | bal_acc=0.3750 | collapse=False
[2026-05-19 12:36:43]     Spatial update | delta_l2=0.23793413 | relative_delta=0.2036111 | changed=True
[2026-05-19 12:36:43] 
Fold 5/5 | subject=13
[2026-05-19 12:36:43]     Train: 32 | Test: 8 | Strategy: new
[2026-05-19 12:36:45]     Result | best_epoch=98 | stop=100 | acc=0.7500 | bal_acc=0.7500 | collapse=False
[2026-05-19 12:36:45]     Spatial update | delta_l2=0.20571221 | relative_delta=0.17603733 | changed=True
[2026-05-19 12:36:45]   Subject 13: acc=0.6250±0.1768  bal_acc=0.6250±0.1768
[2026-05-19 12:36:45] 
Subject 14: 40 windows | class_counts=[20, 20]
[2026-05-19 12:36:46] 
Fold 1/5 | subject=14
[2026-05-19 12:36:46]     Train: 32 | Test: 8 | Strategy: new
[2026-05-19 12:36:47]     Result | best_epoch=45 | stop=47 | acc=0.7500 | bal_acc=0.7500 | collapse=False
[2026-05-19 12:36:47]     Spatial update | delta_l2=0.10755421 | relative_delta=0.09203905 | changed=True
[2026-05-19 12:36:47] 
Fold 2/5 | subject=14
[2026-05-19 12:36:47]     Train: 32 | Test: 8 | Strategy: new
[2026-05-19 12:36:47]     Result | best_epoch=1 | stop=16 | acc=0.3750 | bal_acc=0.3750 | collapse=False
[2026-05-19 12:36:47]     Spatial update | delta_l2=0.0053847 | relative_delta=0.00460793 | changed=True
[2026-05-19 12:36:48] 
Fold 3/5 | subject=14
[2026-05-19 12:36:48]     Train: 32 | Test: 8 | Strategy: new
[2026-05-19 12:36:49]     Result | best_epoch=14 | stop=29 | acc=0.5000 | bal_acc=0.5000 | collapse=True
[2026-05-19 12:36:49]     Spatial update | delta_l2=0.04399181 | relative_delta=0.0376458 | changed=True
[2026-05-19 12:36:49] 
Fold 4/5 | subject=14
[2026-05-19 12:36:49]     Train: 32 | Test: 8 | Strategy: new
[2026-05-19 12:36:49]     Result | best_epoch=1 | stop=16 | acc=0.2500 | bal_acc=0.2500 | collapse=False
[2026-05-19 12:36:49]     Spatial update | delta_l2=0.00538503 | relative_delta=0.00460821 | changed=True
[2026-05-19 12:36:50] 
Fold 5/5 | subject=14
[2026-05-19 12:36:50]     Train: 32 | Test: 8 | Strategy: new
[2026-05-19 12:36:52]     Result | best_epoch=86 | stop=87 | acc=0.8750 | bal_acc=0.8750 | collapse=False
[2026-05-19 12:36:52]     Spatial update | delta_l2=0.16186552 | relative_delta=0.13851572 | changed=True
[2026-05-19 12:36:52]   Subject 14: acc=0.5500±0.2318  bal_acc=0.5500±0.2318
[2026-05-19 12:36:52] 
Subject 15: 40 windows | class_counts=[20, 20]
[2026-05-19 12:36:52] 
Fold 1/5 | subject=15
[2026-05-19 12:36:52]     Train: 32 | Test: 8 | Strategy: new
[2026-05-19 12:36:52]     Result | best_epoch=1 | stop=16 | acc=0.3750 | bal_acc=0.3750 | collapse=False
[2026-05-19 12:36:52]     Spatial update | delta_l2=0.0053847 | relative_delta=0.00460793 | changed=True
[2026-05-19 12:36:53] 
Fold 2/5 | subject=15
[2026-05-19 12:36:53]     Train: 32 | Test: 8 | Strategy: new
[2026-05-19 12:36:53]     Result | best_epoch=1 | stop=16 | acc=0.1250 | bal_acc=0.1250 | collapse=False
[2026-05-19 12:36:53]     Spatial update | delta_l2=0.00538504 | relative_delta=0.00460823 | changed=True
[2026-05-19 12:36:54] 
Fold 3/5 | subject=15
[2026-05-19 12:36:54]     Train: 32 | Test: 8 | Strategy: new
[2026-05-19 12:36:54]     Result | best_epoch=1 | stop=16 | acc=0.2500 | bal_acc=0.2500 | collapse=False
[2026-05-19 12:36:54]     Spatial update | delta_l2=0.00538493 | relative_delta=0.00460813 | changed=True
[2026-05-19 12:36:55] 
Fold 4/5 | subject=15
[2026-05-19 12:36:55]     Train: 32 | Test: 8 | Strategy: new
[2026-05-19 12:36:55]     Result | best_epoch=1 | stop=16 | acc=0.7500 | bal_acc=0.7500 | collapse=False
[2026-05-19 12:36:55]     Spatial update | delta_l2=0.00538501 | relative_delta=0.0046082 | changed=True
[2026-05-19 12:36:56] 
Fold 5/5 | subject=15
[2026-05-19 12:36:56]     Train: 32 | Test: 8 | Strategy: new
[2026-05-19 12:36:56]     Result | best_epoch=1 | stop=16 | acc=0.6250 | bal_acc=0.6250 | collapse=False
[2026-05-19 12:36:56]     Spatial update | delta_l2=0.00538502 | relative_delta=0.00460821 | changed=True
[2026-05-19 12:36:56]   Subject 15: acc=0.4250±0.2318  bal_acc=0.4250±0.2318
[2026-05-19 12:36:56] 
Subject 16: 40 windows | class_counts=[20, 20]
[2026-05-19 12:36:57] 
Fold 1/5 | subject=16
[2026-05-19 12:36:57]     Train: 32 | Test: 8 | Strategy: new
[2026-05-19 12:36:58]     Result | best_epoch=64 | stop=79 | acc=0.6250 | bal_acc=0.6250 | collapse=False
[2026-05-19 12:36:58]     Spatial update | delta_l2=0.12840429 | relative_delta=0.10988141 | changed=True
[2026-05-19 12:36:58] 
Fold 2/5 | subject=16
[2026-05-19 12:36:58]     Train: 32 | Test: 8 | Strategy: new
[2026-05-19 12:36:59]     Result | best_epoch=1 | stop=16 | acc=0.6250 | bal_acc=0.6250 | collapse=False
[2026-05-19 12:36:59]     Spatial update | delta_l2=0.00538406 | relative_delta=0.00460739 | changed=True
[2026-05-19 12:36:59] 
Fold 3/5 | subject=16
[2026-05-19 12:36:59]     Train: 32 | Test: 8 | Strategy: new
[2026-05-19 12:37:00]     Result | best_epoch=1 | stop=16 | acc=0.5000 | bal_acc=0.5000 | collapse=False
[2026-05-19 12:37:00]     Spatial update | delta_l2=0.00538453 | relative_delta=0.00460779 | changed=True
[2026-05-19 12:37:00] 
Fold 4/5 | subject=16
[2026-05-19 12:37:00]     Train: 32 | Test: 8 | Strategy: new
[2026-05-19 12:37:01]     Result | best_epoch=1 | stop=16 | acc=0.7500 | bal_acc=0.7500 | collapse=False
[2026-05-19 12:37:01]     Spatial update | delta_l2=0.00538466 | relative_delta=0.0046079 | changed=True
[2026-05-19 12:37:01] 
Fold 5/5 | subject=16
[2026-05-19 12:37:01]     Train: 32 | Test: 8 | Strategy: new
[2026-05-19 12:37:01]     Result | best_epoch=1 | stop=16 | acc=0.3750 | bal_acc=0.3750 | collapse=False
[2026-05-19 12:37:01]     Spatial update | delta_l2=0.00538498 | relative_delta=0.00460817 | changed=True
[2026-05-19 12:37:01]   Subject 16: acc=0.5750±0.1275  bal_acc=0.5750±0.1275
[2026-05-19 12:37:01] 
Subject 17: 40 windows | class_counts=[20, 20]
[2026-05-19 12:37:02] 
Fold 1/5 | subject=17
[2026-05-19 12:37:02]     Train: 32 | Test: 8 | Strategy: new
[2026-05-19 12:37:03]     Result | best_epoch=20 | stop=35 | acc=0.3750 | bal_acc=0.3750 | collapse=False
[2026-05-19 12:37:03]     Spatial update | delta_l2=0.07092142 | relative_delta=0.0606907 | changed=True
[2026-05-19 12:37:03] 
Fold 2/5 | subject=17
[2026-05-19 12:37:03]     Train: 32 | Test: 8 | Strategy: new
[2026-05-19 12:37:03]     Result | best_epoch=1 | stop=16 | acc=0.3750 | bal_acc=0.3750 | collapse=False
[2026-05-19 12:37:03]     Spatial update | delta_l2=0.00538505 | relative_delta=0.00460823 | changed=True
[2026-05-19 12:37:04] 
Fold 3/5 | subject=17
[2026-05-19 12:37:04]     Train: 32 | Test: 8 | Strategy: new
[2026-05-19 12:37:05]     Result | best_epoch=66 | stop=81 | acc=0.6250 | bal_acc=0.6250 | collapse=False
[2026-05-19 12:37:05]     Spatial update | delta_l2=0.15157324 | relative_delta=0.12970814 | changed=True
[2026-05-19 12:37:06] 
Fold 4/5 | subject=17
[2026-05-19 12:37:06]     Train: 32 | Test: 8 | Strategy: new
[2026-05-19 12:37:06]     Result | best_epoch=2 | stop=17 | acc=0.7500 | bal_acc=0.7500 | collapse=False
[2026-05-19 12:37:06]     Spatial update | delta_l2=0.00925179 | relative_delta=0.00791718 | changed=True
[2026-05-19 12:37:07] 
Fold 5/5 | subject=17
[2026-05-19 12:37:07]     Train: 32 | Test: 8 | Strategy: new
[2026-05-19 12:37:08]     Result | best_epoch=32 | stop=47 | acc=0.5000 | bal_acc=0.5000 | collapse=False
[2026-05-19 12:37:08]     Spatial update | delta_l2=0.09986247 | relative_delta=0.08545688 | changed=True
[2026-05-19 12:37:08]   Subject 17: acc=0.5250±0.1458  bal_acc=0.5250±0.1458
[2026-05-19 12:37:08] 
Subject 18: 40 windows | class_counts=[20, 20]
[2026-05-19 12:37:08] 
Fold 1/5 | subject=18
[2026-05-19 12:37:08]     Train: 32 | Test: 8 | Strategy: new
[2026-05-19 12:37:10]     Result | best_epoch=99 | stop=100 | acc=0.8750 | bal_acc=0.8750 | collapse=False
[2026-05-19 12:37:10]     Spatial update | delta_l2=0.16895179 | relative_delta=0.14457976 | changed=True
[2026-05-19 12:37:11] 
Fold 2/5 | subject=18
[2026-05-19 12:37:11]     Train: 32 | Test: 8 | Strategy: new
[2026-05-19 12:37:12]     Result | best_epoch=93 | stop=100 | acc=0.5000 | bal_acc=0.5000 | collapse=True
[2026-05-19 12:37:12]     Spatial update | delta_l2=0.17127392 | relative_delta=0.14656691 | changed=True
[2026-05-19 12:37:13] 
Fold 3/5 | subject=18
[2026-05-19 12:37:13]     Train: 32 | Test: 8 | Strategy: new
[2026-05-19 12:37:15]     Result | best_epoch=93 | stop=100 | acc=0.7500 | bal_acc=0.7500 | collapse=False
[2026-05-19 12:37:15]     Spatial update | delta_l2=0.18917779 | relative_delta=0.16188807 | changed=True
[2026-05-19 12:37:15] 
Fold 4/5 | subject=18
[2026-05-19 12:37:15]     Train: 32 | Test: 8 | Strategy: new
[2026-05-19 12:37:17]     Result | best_epoch=93 | stop=100 | acc=0.7500 | bal_acc=0.7500 | collapse=False
[2026-05-19 12:37:17]     Spatial update | delta_l2=0.17917865 | relative_delta=0.15333135 | changed=True
[2026-05-19 12:37:17] 
Fold 5/5 | subject=18
[2026-05-19 12:37:17]     Train: 32 | Test: 8 | Strategy: new
[2026-05-19 12:37:19]     Result | best_epoch=99 | stop=100 | acc=0.7500 | bal_acc=0.7500 | collapse=False
[2026-05-19 12:37:19]     Spatial update | delta_l2=0.18869194 | relative_delta=0.16147231 | changed=True
[2026-05-19 12:37:19]   Subject 18: acc=0.7250±0.1225  bal_acc=0.7250±0.1225
[2026-05-19 12:37:19] 
Subject 19: 40 windows | class_counts=[20, 20]
[2026-05-19 12:37:20] 
Fold 1/5 | subject=19
[2026-05-19 12:37:20]     Train: 32 | Test: 8 | Strategy: new
[2026-05-19 12:37:21]     Result | best_epoch=72 | stop=87 | acc=0.3750 | bal_acc=0.3750 | collapse=False
[2026-05-19 12:37:21]     Spatial update | delta_l2=0.16338337 | relative_delta=0.13981461 | changed=True
[2026-05-19 12:37:22] 
Fold 2/5 | subject=19
[2026-05-19 12:37:22]     Train: 32 | Test: 8 | Strategy: new
[2026-05-19 12:37:22]     Result | best_epoch=1 | stop=16 | acc=0.7500 | bal_acc=0.7500 | collapse=False
[2026-05-19 12:37:22]     Spatial update | delta_l2=0.00538481 | relative_delta=0.00460803 | changed=True
[2026-05-19 12:37:23] 
Fold 3/5 | subject=19
[2026-05-19 12:37:23]     Train: 32 | Test: 8 | Strategy: new
[2026-05-19 12:37:24]     Result | best_epoch=72 | stop=87 | acc=0.1250 | bal_acc=0.1250 | collapse=False
[2026-05-19 12:37:24]     Spatial update | delta_l2=0.13406908 | relative_delta=0.11472903 | changed=True
[2026-05-19 12:37:25] 
Fold 4/5 | subject=19
[2026-05-19 12:37:25]     Train: 32 | Test: 8 | Strategy: new
[2026-05-19 12:37:25]     Result | best_epoch=1 | stop=16 | acc=0.5000 | bal_acc=0.5000 | collapse=False
[2026-05-19 12:37:25]     Spatial update | delta_l2=0.00538484 | relative_delta=0.00460806 | changed=True
[2026-05-19 12:37:26] 
Fold 5/5 | subject=19
[2026-05-19 12:37:26]     Train: 32 | Test: 8 | Strategy: new
[2026-05-19 12:37:26]     Result | best_epoch=2 | stop=17 | acc=0.6250 | bal_acc=0.6250 | collapse=False
[2026-05-19 12:37:26]     Spatial update | delta_l2=0.00894685 | relative_delta=0.00765623 | changed=True
[2026-05-19 12:37:26]   Subject 19: acc=0.4750±0.2151  bal_acc=0.4750±0.2151
[2026-05-19 12:37:26] 
Subject 20: 40 windows | class_counts=[20, 20]
[2026-05-19 12:37:26] 
Fold 1/5 | subject=20
[2026-05-19 12:37:26]     Train: 32 | Test: 8 | Strategy: new
[2026-05-19 12:37:28]     Result | best_epoch=74 | stop=89 | acc=0.7500 | bal_acc=0.7500 | collapse=False
[2026-05-19 12:37:28]     Spatial update | delta_l2=0.15071827 | relative_delta=0.1289765 | changed=True
[2026-05-19 12:37:29] 
Fold 2/5 | subject=20
[2026-05-19 12:37:29]     Train: 32 | Test: 8 | Strategy: new
[2026-05-19 12:37:30]     Result | best_epoch=83 | stop=98 | acc=0.6250 | bal_acc=0.6250 | collapse=False
[2026-05-19 12:37:30]     Spatial update | delta_l2=0.20209328 | relative_delta=0.17294044 | changed=True
[2026-05-19 12:37:31] 
Fold 3/5 | subject=20
[2026-05-19 12:37:31]     Train: 32 | Test: 8 | Strategy: new
[2026-05-19 12:37:32]     Result | best_epoch=83 | stop=98 | acc=0.7500 | bal_acc=0.7500 | collapse=False
[2026-05-19 12:37:32]     Spatial update | delta_l2=0.18441694 | relative_delta=0.157814 | changed=True
[2026-05-19 12:37:33] 
Fold 4/5 | subject=20
[2026-05-19 12:37:33]     Train: 32 | Test: 8 | Strategy: new
[2026-05-19 12:37:35]     Result | best_epoch=85 | stop=100 | acc=0.6250 | bal_acc=0.6250 | collapse=False
[2026-05-19 12:37:35]     Spatial update | delta_l2=0.17581756 | relative_delta=0.15045511 | changed=True
[2026-05-19 12:37:35] 
Fold 5/5 | subject=20
[2026-05-19 12:37:35]     Train: 32 | Test: 8 | Strategy: new
[2026-05-19 12:37:36]     Result | best_epoch=2 | stop=17 | acc=0.8750 | bal_acc=0.8750 | collapse=False
[2026-05-19 12:37:36]     Spatial update | delta_l2=0.0098044 | relative_delta=0.00839007 | changed=True
[2026-05-19 12:37:36]   Subject 20: acc=0.7250±0.0935  bal_acc=0.7250±0.0935
[2026-05-19 12:37:36] 
Subject 21: 40 windows | class_counts=[20, 20]
[2026-05-19 12:37:36] 
Fold 1/5 | subject=21
[2026-05-19 12:37:36]     Train: 32 | Test: 8 | Strategy: new
[2026-05-19 12:37:37]     Result | best_epoch=1 | stop=16 | acc=0.5000 | bal_acc=0.5000 | collapse=False
[2026-05-19 12:37:37]     Spatial update | delta_l2=0.00538497 | relative_delta=0.00460816 | changed=True
[2026-05-19 12:37:37] 
Fold 2/5 | subject=21
[2026-05-19 12:37:37]     Train: 32 | Test: 8 | Strategy: new
[2026-05-19 12:37:37]     Result | best_epoch=1 | stop=16 | acc=0.2500 | bal_acc=0.2500 | collapse=False
[2026-05-19 12:37:37]     Spatial update | delta_l2=0.00538504 | relative_delta=0.00460823 | changed=True
[2026-05-19 12:37:38] 
Fold 3/5 | subject=21
[2026-05-19 12:37:38]     Train: 32 | Test: 8 | Strategy: new
[2026-05-19 12:37:40]     Result | best_epoch=83 | stop=98 | acc=0.3750 | bal_acc=0.3750 | collapse=False
[2026-05-19 12:37:40]     Spatial update | delta_l2=0.14121171 | relative_delta=0.12084131 | changed=True
[2026-05-19 12:37:40] 
Fold 4/5 | subject=21
[2026-05-19 12:37:40]     Train: 32 | Test: 8 | Strategy: new
[2026-05-19 12:37:41]     Result | best_epoch=1 | stop=16 | acc=0.5000 | bal_acc=0.5000 | collapse=False
[2026-05-19 12:37:41]     Spatial update | delta_l2=0.00538358 | relative_delta=0.00460697 | changed=True
[2026-05-19 12:37:41] 
Fold 5/5 | subject=21
[2026-05-19 12:37:41]     Train: 32 | Test: 8 | Strategy: new
[2026-05-19 12:37:41]     Result | best_epoch=2 | stop=16 | acc=0.3750 | bal_acc=0.3750 | collapse=False
[2026-05-19 12:37:41]     Spatial update | delta_l2=0.00538482 | relative_delta=0.00460804 | changed=True
[2026-05-19 12:37:41]   Subject 21: acc=0.4000±0.0935  bal_acc=0.4000±0.0935
[2026-05-19 12:37:41] 
Subject 22: 40 windows | class_counts=[20, 20]
[2026-05-19 12:37:42] 
Fold 1/5 | subject=22
[2026-05-19 12:37:42]     Train: 32 | Test: 8 | Strategy: new
[2026-05-19 12:37:44]     Result | best_epoch=93 | stop=100 | acc=0.6250 | bal_acc=0.6250 | collapse=False
[2026-05-19 12:37:44]     Spatial update | delta_l2=0.14909871 | relative_delta=0.12759058 | changed=True
[2026-05-19 12:37:44] 
Fold 2/5 | subject=22
[2026-05-19 12:37:44]     Train: 32 | Test: 8 | Strategy: new
[2026-05-19 12:37:46]     Result | best_epoch=91 | stop=100 | acc=0.3750 | bal_acc=0.3750 | collapse=False
[2026-05-19 12:37:46]     Spatial update | delta_l2=0.13336495 | relative_delta=0.11412648 | changed=True
[2026-05-19 12:37:47] 
Fold 3/5 | subject=22
[2026-05-19 12:37:47]     Train: 32 | Test: 8 | Strategy: new
[2026-05-19 12:37:48]     Result | best_epoch=75 | stop=90 | acc=0.3750 | bal_acc=0.3750 | collapse=False
[2026-05-19 12:37:48]     Spatial update | delta_l2=0.15372101 | relative_delta=0.13154608 | changed=True
[2026-05-19 12:37:49] 
Fold 4/5 | subject=22
[2026-05-19 12:37:49]     Train: 32 | Test: 8 | Strategy: new
[2026-05-19 12:37:49]     Result | best_epoch=1 | stop=16 | acc=0.5000 | bal_acc=0.5000 | collapse=False
[2026-05-19 12:37:49]     Spatial update | delta_l2=0.00538464 | relative_delta=0.00460788 | changed=True
[2026-05-19 12:37:50] 
Fold 5/5 | subject=22
[2026-05-19 12:37:50]     Train: 32 | Test: 8 | Strategy: new
[2026-05-19 12:37:51]     Result | best_epoch=91 | stop=100 | acc=0.3750 | bal_acc=0.3750 | collapse=False
[2026-05-19 12:37:51]     Spatial update | delta_l2=0.15249472 | relative_delta=0.13049669 | changed=True
[2026-05-19 12:37:51]   Subject 22: acc=0.4500±0.1000  bal_acc=0.4500±0.1000
[2026-05-19 12:37:51] 
Subject 23: 40 windows | class_counts=[20, 20]
[2026-05-19 12:37:52] 
Fold 1/5 | subject=23
[2026-05-19 12:37:52]     Train: 32 | Test: 8 | Strategy: new
[2026-05-19 12:37:52]     Result | best_epoch=1 | stop=16 | acc=0.5000 | bal_acc=0.5000 | collapse=False
[2026-05-19 12:37:52]     Spatial update | delta_l2=0.00538473 | relative_delta=0.00460796 | changed=True
[2026-05-19 12:37:53] 
Fold 2/5 | subject=23
[2026-05-19 12:37:53]     Train: 32 | Test: 8 | Strategy: new
[2026-05-19 12:37:55]     Result | best_epoch=95 | stop=100 | acc=0.6250 | bal_acc=0.6250 | collapse=False
[2026-05-19 12:37:55]     Spatial update | delta_l2=0.15228141 | relative_delta=0.13031415 | changed=True
[2026-05-19 12:37:55] 
Fold 3/5 | subject=23
[2026-05-19 12:37:55]     Train: 32 | Test: 8 | Strategy: new
[2026-05-19 12:37:56]     Result | best_epoch=33 | stop=40 | acc=0.7500 | bal_acc=0.7500 | collapse=False
[2026-05-19 12:37:56]     Spatial update | delta_l2=0.07368 | relative_delta=0.06305134 | changed=True
[2026-05-19 12:37:56] 
Fold 4/5 | subject=23
[2026-05-19 12:37:56]     Train: 32 | Test: 8 | Strategy: new
[2026-05-19 12:37:57]     Result | best_epoch=1 | stop=16 | acc=0.5000 | bal_acc=0.5000 | collapse=False
[2026-05-19 12:37:57]     Spatial update | delta_l2=0.00538403 | relative_delta=0.00460736 | changed=True
[2026-05-19 12:37:57] 
Fold 5/5 | subject=23
[2026-05-19 12:37:57]     Train: 32 | Test: 8 | Strategy: new
[2026-05-19 12:37:59]     Result | best_epoch=84 | stop=99 | acc=0.2500 | bal_acc=0.2500 | collapse=False
[2026-05-19 12:37:59]     Spatial update | delta_l2=0.1428292 | relative_delta=0.12222546 | changed=True
[2026-05-19 12:37:59]   Subject 23: acc=0.5250±0.1658  bal_acc=0.5250±0.1658
[2026-05-19 12:37:59] 
Subject 24: 40 windows | class_counts=[20, 20]
[2026-05-19 12:37:59] 
Fold 1/5 | subject=24
[2026-05-19 12:37:59]     Train: 32 | Test: 8 | Strategy: new
[2026-05-19 12:38:00]     Result | best_epoch=1 | stop=16 | acc=0.7500 | bal_acc=0.7500 | collapse=False
[2026-05-19 12:38:00]     Spatial update | delta_l2=0.00538497 | relative_delta=0.00460816 | changed=True
[2026-05-19 12:38:00] 
Fold 2/5 | subject=24
[2026-05-19 12:38:00]     Train: 32 | Test: 8 | Strategy: new
[2026-05-19 12:38:01]     Result | best_epoch=1 | stop=16 | acc=0.5000 | bal_acc=0.5000 | collapse=False
[2026-05-19 12:38:01]     Spatial update | delta_l2=0.00538491 | relative_delta=0.00460812 | changed=True
[2026-05-19 12:38:01] 
Fold 3/5 | subject=24
[2026-05-19 12:38:01]     Train: 32 | Test: 8 | Strategy: new
[2026-05-19 12:38:02]     Result | best_epoch=1 | stop=16 | acc=0.7500 | bal_acc=0.7500 | collapse=False
[2026-05-19 12:38:02]     Spatial update | delta_l2=0.00538502 | relative_delta=0.00460821 | changed=True
[2026-05-19 12:38:02] 
Fold 4/5 | subject=24
[2026-05-19 12:38:02]     Train: 32 | Test: 8 | Strategy: new
[2026-05-19 12:38:04]     Result | best_epoch=85 | stop=100 | acc=0.2500 | bal_acc=0.2500 | collapse=False
[2026-05-19 12:38:04]     Spatial update | delta_l2=0.18243924 | relative_delta=0.15612159 | changed=True
[2026-05-19 12:38:04] 
Fold 5/5 | subject=24
[2026-05-19 12:38:04]     Train: 32 | Test: 8 | Strategy: new
[2026-05-19 12:38:06]     Result | best_epoch=69 | stop=84 | acc=0.5000 | bal_acc=0.5000 | collapse=False
[2026-05-19 12:38:06]     Spatial update | delta_l2=0.15435584 | relative_delta=0.13208934 | changed=True
[2026-05-19 12:38:06]   Subject 24: acc=0.5500±0.1871  bal_acc=0.5500±0.1871
[2026-05-19 12:38:06] 
Subject 25: 40 windows | class_counts=[20, 20]
[2026-05-19 12:38:06] 
Fold 1/5 | subject=25
[2026-05-19 12:38:06]     Train: 32 | Test: 8 | Strategy: new
[2026-05-19 12:38:08]     Result | best_epoch=66 | stop=81 | acc=0.7500 | bal_acc=0.7500 | collapse=False
[2026-05-19 12:38:08]     Spatial update | delta_l2=0.14491869 | relative_delta=0.12401354 | changed=True
[2026-05-19 12:38:08] 
Fold 2/5 | subject=25
[2026-05-19 12:38:08]     Train: 32 | Test: 8 | Strategy: new
[2026-05-19 12:38:09]     Result | best_epoch=30 | stop=45 | acc=0.6250 | bal_acc=0.6250 | collapse=False
[2026-05-19 12:38:09]     Spatial update | delta_l2=0.08876089 | relative_delta=0.07595674 | changed=True
[2026-05-19 12:38:10] 
Fold 3/5 | subject=25
[2026-05-19 12:38:10]     Train: 32 | Test: 8 | Strategy: new
[2026-05-19 12:38:11]     Result | best_epoch=81 | stop=96 | acc=0.7500 | bal_acc=0.7500 | collapse=False
[2026-05-19 12:38:11]     Spatial update | delta_l2=0.13872897 | relative_delta=0.11871671 | changed=True
[2026-05-19 12:38:12] 
Fold 4/5 | subject=25
[2026-05-19 12:38:12]     Train: 32 | Test: 8 | Strategy: new
[2026-05-19 12:38:13]     Result | best_epoch=81 | stop=96 | acc=0.5000 | bal_acc=0.5000 | collapse=False
[2026-05-19 12:38:13]     Spatial update | delta_l2=0.15081924 | relative_delta=0.12906291 | changed=True
[2026-05-19 12:38:14] 
Fold 5/5 | subject=25
[2026-05-19 12:38:14]     Train: 32 | Test: 8 | Strategy: new
[2026-05-19 12:38:14]     Result | best_epoch=1 | stop=16 | acc=0.3750 | bal_acc=0.3750 | collapse=False
[2026-05-19 12:38:14]     Spatial update | delta_l2=0.00538457 | relative_delta=0.00460782 | changed=True
[2026-05-19 12:38:14]   Subject 25: acc=0.6000±0.1458  bal_acc=0.6000±0.1458
[2026-05-19 12:38:14] 
Subject 26: 40 windows | class_counts=[20, 20]
[2026-05-19 12:38:15] 
Fold 1/5 | subject=26
[2026-05-19 12:38:15]     Train: 32 | Test: 8 | Strategy: new
[2026-05-19 12:38:15]     Result | best_epoch=1 | stop=16 | acc=0.5000 | bal_acc=0.5000 | collapse=False
[2026-05-19 12:38:15]     Spatial update | delta_l2=0.00538489 | relative_delta=0.00460809 | changed=True
[2026-05-19 12:38:16] 
Fold 2/5 | subject=26
[2026-05-19 12:38:16]     Train: 32 | Test: 8 | Strategy: new
[2026-05-19 12:38:16]     Result | best_epoch=1 | stop=16 | acc=0.5000 | bal_acc=0.5000 | collapse=False
[2026-05-19 12:38:16]     Spatial update | delta_l2=0.00538465 | relative_delta=0.00460789 | changed=True
[2026-05-19 12:38:17] 
Fold 3/5 | subject=26
[2026-05-19 12:38:17]     Train: 32 | Test: 8 | Strategy: new
[2026-05-19 12:38:17]     Result | best_epoch=1 | stop=16 | acc=0.3750 | bal_acc=0.3750 | collapse=False
[2026-05-19 12:38:17]     Spatial update | delta_l2=0.00538439 | relative_delta=0.00460766 | changed=True
[2026-05-19 12:38:18] 
Fold 4/5 | subject=26
[2026-05-19 12:38:18]     Train: 32 | Test: 8 | Strategy: new
[2026-05-19 12:38:18]     Result | best_epoch=1 | stop=16 | acc=0.5000 | bal_acc=0.5000 | collapse=False
[2026-05-19 12:38:18]     Spatial update | delta_l2=0.0053821 | relative_delta=0.00460571 | changed=True
[2026-05-19 12:38:19] 
Fold 5/5 | subject=26
[2026-05-19 12:38:19]     Train: 32 | Test: 8 | Strategy: new
[2026-05-19 12:38:19]     Result | best_epoch=1 | stop=16 | acc=0.5000 | bal_acc=0.5000 | collapse=False
[2026-05-19 12:38:19]     Spatial update | delta_l2=0.00538368 | relative_delta=0.00460706 | changed=True
[2026-05-19 12:38:19]   Subject 26: acc=0.4750±0.0500  bal_acc=0.4750±0.0500
[2026-05-19 12:38:19] 
Subject 27: 40 windows | class_counts=[20, 20]
[2026-05-19 12:38:20] 
Fold 1/5 | subject=27
[2026-05-19 12:38:20]     Train: 32 | Test: 8 | Strategy: new
[2026-05-19 12:38:20]     Result | best_epoch=23 | stop=37 | acc=0.2500 | bal_acc=0.2500 | collapse=False
[2026-05-19 12:38:20]     Spatial update | delta_l2=0.06590631 | relative_delta=0.05639904 | changed=True
[2026-05-19 12:38:21] 
Fold 2/5 | subject=27
[2026-05-19 12:38:21]     Train: 32 | Test: 8 | Strategy: new
[2026-05-19 12:38:21]     Result | best_epoch=1 | stop=16 | acc=0.8750 | bal_acc=0.8750 | collapse=False
[2026-05-19 12:38:21]     Spatial update | delta_l2=0.00538511 | relative_delta=0.00460828 | changed=True
[2026-05-19 12:38:22] 
Fold 3/5 | subject=27
[2026-05-19 12:38:22]     Train: 32 | Test: 8 | Strategy: new
[2026-05-19 12:38:22]     Result | best_epoch=1 | stop=16 | acc=0.5000 | bal_acc=0.5000 | collapse=False
[2026-05-19 12:38:22]     Spatial update | delta_l2=0.00538511 | relative_delta=0.00460828 | changed=True
[2026-05-19 12:38:23] 
Fold 4/5 | subject=27
[2026-05-19 12:38:23]     Train: 32 | Test: 8 | Strategy: new
[2026-05-19 12:38:23]     Result | best_epoch=21 | stop=36 | acc=0.6250 | bal_acc=0.6250 | collapse=False
[2026-05-19 12:38:23]     Spatial update | delta_l2=0.05944364 | relative_delta=0.05086863 | changed=True
[2026-05-19 12:38:24] 
Fold 5/5 | subject=27
[2026-05-19 12:38:24]     Train: 32 | Test: 8 | Strategy: new
[2026-05-19 12:38:25]     Result | best_epoch=74 | stop=89 | acc=0.3750 | bal_acc=0.3750 | collapse=False
[2026-05-19 12:38:25]     Spatial update | delta_l2=0.12435396 | relative_delta=0.10641536 | changed=True
[2026-05-19 12:38:25]   Subject 27: acc=0.5250±0.2151  bal_acc=0.5250±0.2151
[2026-05-19 12:38:25] 
Subject 28: 40 windows | class_counts=[20, 20]
[2026-05-19 12:38:26] 
Fold 1/5 | subject=28
[2026-05-19 12:38:26]     Train: 32 | Test: 8 | Strategy: new
[2026-05-19 12:38:28]     Result | best_epoch=91 | stop=100 | acc=0.5000 | bal_acc=0.5000 | collapse=False
[2026-05-19 12:38:28]     Spatial update | delta_l2=0.16598602 | relative_delta=0.14204181 | changed=True
[2026-05-19 12:38:28] 
Fold 2/5 | subject=28
[2026-05-19 12:38:28]     Train: 32 | Test: 8 | Strategy: new
[2026-05-19 12:38:30]     Result | best_epoch=79 | stop=94 | acc=0.6250 | bal_acc=0.6250 | collapse=False
[2026-05-19 12:38:30]     Spatial update | delta_l2=0.15809981 | relative_delta=0.13529322 | changed=True
[2026-05-19 12:38:30] 
Fold 3/5 | subject=28
[2026-05-19 12:38:30]     Train: 32 | Test: 8 | Strategy: new
[2026-05-19 12:38:31]     Result | best_epoch=27 | stop=42 | acc=0.6250 | bal_acc=0.6250 | collapse=False
[2026-05-19 12:38:31]     Spatial update | delta_l2=0.09171081 | relative_delta=0.07848113 | changed=True
[2026-05-19 12:38:32] 
Fold 4/5 | subject=28
[2026-05-19 12:38:32]     Train: 32 | Test: 8 | Strategy: new
[2026-05-19 12:38:33]     Result | best_epoch=72 | stop=79 | acc=0.5000 | bal_acc=0.5000 | collapse=False
[2026-05-19 12:38:33]     Spatial update | delta_l2=0.15114894 | relative_delta=0.12934505 | changed=True
[2026-05-19 12:38:34] 
Fold 5/5 | subject=28
[2026-05-19 12:38:34]     Train: 32 | Test: 8 | Strategy: new
[2026-05-19 12:38:35]     Result | best_epoch=91 | stop=100 | acc=0.3750 | bal_acc=0.3750 | collapse=False
[2026-05-19 12:38:35]     Spatial update | delta_l2=0.16744681 | relative_delta=0.14329188 | changed=True
[2026-05-19 12:38:35]   Subject 28: acc=0.5250±0.0935  bal_acc=0.5250±0.0935
[2026-05-19 12:38:35] 
Subject 29: 40 windows | class_counts=[20, 20]
[2026-05-19 12:38:36] 
Fold 1/5 | subject=29
[2026-05-19 12:38:36]     Train: 32 | Test: 8 | Strategy: new
[2026-05-19 12:38:36]     Result | best_epoch=1 | stop=16 | acc=0.5000 | bal_acc=0.5000 | collapse=False
[2026-05-19 12:38:36]     Spatial update | delta_l2=0.00538506 | relative_delta=0.00460824 | changed=True
[2026-05-19 12:38:37] 
Fold 2/5 | subject=29
[2026-05-19 12:38:37]     Train: 32 | Test: 8 | Strategy: new
[2026-05-19 12:38:37]     Result | best_epoch=1 | stop=16 | acc=0.2500 | bal_acc=0.2500 | collapse=False
[2026-05-19 12:38:37]     Spatial update | delta_l2=0.00538498 | relative_delta=0.00460817 | changed=True
[2026-05-19 12:38:38] 
Fold 3/5 | subject=29
[2026-05-19 12:38:38]     Train: 32 | Test: 8 | Strategy: new
[2026-05-19 12:38:38]     Result | best_epoch=1 | stop=16 | acc=0.2500 | bal_acc=0.2500 | collapse=False
[2026-05-19 12:38:38]     Spatial update | delta_l2=0.00538495 | relative_delta=0.00460815 | changed=True
[2026-05-19 12:38:38] 
Fold 4/5 | subject=29
[2026-05-19 12:38:38]     Train: 32 | Test: 8 | Strategy: new
[2026-05-19 12:38:39]     Result | best_epoch=1 | stop=16 | acc=0.7500 | bal_acc=0.7500 | collapse=False
[2026-05-19 12:38:39]     Spatial update | delta_l2=0.00538487 | relative_delta=0.00460808 | changed=True
[2026-05-19 12:38:39] 
Fold 5/5 | subject=29
[2026-05-19 12:38:39]     Train: 32 | Test: 8 | Strategy: new
[2026-05-19 12:38:40]     Result | best_epoch=1 | stop=16 | acc=0.5000 | bal_acc=0.5000 | collapse=False
[2026-05-19 12:38:40]     Spatial update | delta_l2=0.00538485 | relative_delta=0.00460807 | changed=True
[2026-05-19 12:38:40]   Subject 29: acc=0.4500±0.1871  bal_acc=0.4500±0.1871
[2026-05-19 12:38:40] 
Subject 30: 40 windows | class_counts=[20, 20]
[2026-05-19 12:38:40] 
Fold 1/5 | subject=30
[2026-05-19 12:38:40]     Train: 32 | Test: 8 | Strategy: new
[2026-05-19 12:38:41]     Result | best_epoch=12 | stop=27 | acc=0.6250 | bal_acc=0.6250 | collapse=False
[2026-05-19 12:38:41]     Spatial update | delta_l2=0.04360092 | relative_delta=0.0373113 | changed=True
[2026-05-19 12:38:41] 
Fold 2/5 | subject=30
[2026-05-19 12:38:41]     Train: 32 | Test: 8 | Strategy: new
[2026-05-19 12:38:43]     Result | best_epoch=80 | stop=95 | acc=0.7500 | bal_acc=0.7500 | collapse=False
[2026-05-19 12:38:43]     Spatial update | delta_l2=0.17483734 | relative_delta=0.1496163 | changed=True
[2026-05-19 12:38:43] 
Fold 3/5 | subject=30
[2026-05-19 12:38:43]     Train: 32 | Test: 8 | Strategy: new
[2026-05-19 12:38:44]     Result | best_epoch=1 | stop=16 | acc=0.6250 | bal_acc=0.6250 | collapse=False
[2026-05-19 12:38:44]     Spatial update | delta_l2=0.00538482 | relative_delta=0.00460803 | changed=True
[2026-05-19 12:38:44] 
Fold 4/5 | subject=30
[2026-05-19 12:38:44]     Train: 32 | Test: 8 | Strategy: new
[2026-05-19 12:38:46]     Result | best_epoch=91 | stop=100 | acc=0.6250 | bal_acc=0.6250 | collapse=False
[2026-05-19 12:38:46]     Spatial update | delta_l2=0.19441448 | relative_delta=0.16636935 | changed=True
[2026-05-19 12:38:46] 
Fold 5/5 | subject=30
[2026-05-19 12:38:46]     Train: 32 | Test: 8 | Strategy: new
[2026-05-19 12:38:48]     Result | best_epoch=78 | stop=93 | acc=0.6250 | bal_acc=0.6250 | collapse=False
[2026-05-19 12:38:48]     Spatial update | delta_l2=0.17473875 | relative_delta=0.14953192 | changed=True
[2026-05-19 12:38:48]   Subject 30: acc=0.6500±0.0500  bal_acc=0.6500±0.0500
[2026-05-19 12:38:48] 
Subject 31: 40 windows | class_counts=[20, 20]
[2026-05-19 12:38:49] 
Fold 1/5 | subject=31
[2026-05-19 12:38:49]     Train: 32 | Test: 8 | Strategy: new
[2026-05-19 12:38:49]     Result | best_epoch=2 | stop=16 | acc=0.3750 | bal_acc=0.3750 | collapse=False
[2026-05-19 12:38:49]     Spatial update | delta_l2=0.00538481 | relative_delta=0.00460803 | changed=True
[2026-05-19 12:38:49] 
Fold 2/5 | subject=31
[2026-05-19 12:38:49]     Train: 32 | Test: 8 | Strategy: new
[2026-05-19 12:38:50]     Result | best_epoch=1 | stop=16 | acc=0.5000 | bal_acc=0.5000 | collapse=False
[2026-05-19 12:38:50]     Spatial update | delta_l2=0.00538494 | relative_delta=0.00460814 | changed=True
[2026-05-19 12:38:50] 
Fold 3/5 | subject=31
[2026-05-19 12:38:50]     Train: 32 | Test: 8 | Strategy: new
[2026-05-19 12:38:51]     Result | best_epoch=1 | stop=16 | acc=0.5000 | bal_acc=0.5000 | collapse=False
[2026-05-19 12:38:51]     Spatial update | delta_l2=0.00538503 | relative_delta=0.00460822 | changed=True
[2026-05-19 12:38:51] 
Fold 4/5 | subject=31
[2026-05-19 12:38:51]     Train: 32 | Test: 8 | Strategy: new
[2026-05-19 12:38:52]     Result | best_epoch=1 | stop=16 | acc=0.3750 | bal_acc=0.3750 | collapse=False
[2026-05-19 12:38:52]     Spatial update | delta_l2=0.0053839 | relative_delta=0.00460725 | changed=True
[2026-05-19 12:38:52] 
Fold 5/5 | subject=31
[2026-05-19 12:38:52]     Train: 32 | Test: 8 | Strategy: new
[2026-05-19 12:38:52]     Result | best_epoch=1 | stop=16 | acc=0.5000 | bal_acc=0.5000 | collapse=False
[2026-05-19 12:38:52]     Spatial update | delta_l2=0.00538497 | relative_delta=0.00460817 | changed=True
[2026-05-19 12:38:52]   Subject 31: acc=0.4500±0.0612  bal_acc=0.4500±0.0612
[2026-05-19 12:38:52] 
Subject 32: 40 windows | class_counts=[20, 20]
[2026-05-19 12:38:53] 
Fold 1/5 | subject=32
[2026-05-19 12:38:53]     Train: 32 | Test: 8 | Strategy: new
[2026-05-19 12:38:53]     Result | best_epoch=12 | stop=16 | acc=0.6250 | bal_acc=0.6250 | collapse=False
[2026-05-19 12:38:53]     Spatial update | delta_l2=0.00538492 | relative_delta=0.00460813 | changed=True
[2026-05-19 12:38:54] 
Fold 2/5 | subject=32
[2026-05-19 12:38:54]     Train: 32 | Test: 8 | Strategy: new
[2026-05-19 12:38:54]     Result | best_epoch=12 | stop=27 | acc=0.6250 | bal_acc=0.6250 | collapse=False
[2026-05-19 12:38:54]     Spatial update | delta_l2=0.0396295 | relative_delta=0.03391278 | changed=True
[2026-05-19 12:38:55] 
Fold 3/5 | subject=32
[2026-05-19 12:38:55]     Train: 32 | Test: 8 | Strategy: new
[2026-05-19 12:38:56]     Result | best_epoch=69 | stop=84 | acc=0.7500 | bal_acc=0.7500 | collapse=False
[2026-05-19 12:38:56]     Spatial update | delta_l2=0.16472285 | relative_delta=0.14096086 | changed=True
[2026-05-19 12:38:57] 
Fold 4/5 | subject=32
[2026-05-19 12:38:57]     Train: 32 | Test: 8 | Strategy: new
[2026-05-19 12:38:59]     Result | best_epoch=81 | stop=96 | acc=0.3750 | bal_acc=0.3750 | collapse=False
[2026-05-19 12:38:59]     Spatial update | delta_l2=0.15639844 | relative_delta=0.13383728 | changed=True
[2026-05-19 12:38:59] 
Fold 5/5 | subject=32
[2026-05-19 12:38:59]     Train: 32 | Test: 8 | Strategy: new
[2026-05-19 12:39:00]     Result | best_epoch=22 | stop=37 | acc=0.5000 | bal_acc=0.5000 | collapse=False
[2026-05-19 12:39:00]     Spatial update | delta_l2=0.07301542 | relative_delta=0.06248263 | changed=True
[2026-05-19 12:39:00]   Subject 32: acc=0.5750±0.1275  bal_acc=0.5750±0.1275
[2026-05-19 12:39:00] 
Subject 33: 40 windows | class_counts=[20, 20]
[2026-05-19 12:39:00] 
Fold 1/5 | subject=33
[2026-05-19 12:39:00]     Train: 32 | Test: 8 | Strategy: new
[2026-05-19 12:39:02]     Result | best_epoch=66 | stop=79 | acc=0.6250 | bal_acc=0.6250 | collapse=False
[2026-05-19 12:39:02]     Spatial update | delta_l2=0.15681328 | relative_delta=0.13419228 | changed=True
[2026-05-19 12:39:02] 
Fold 2/5 | subject=33
[2026-05-19 12:39:02]     Train: 32 | Test: 8 | Strategy: new
[2026-05-19 12:39:03]     Result | best_epoch=1 | stop=16 | acc=0.6250 | bal_acc=0.6250 | collapse=False
[2026-05-19 12:39:03]     Spatial update | delta_l2=0.00538482 | relative_delta=0.00460804 | changed=True
[2026-05-19 12:39:03] 
Fold 3/5 | subject=33
[2026-05-19 12:39:03]     Train: 32 | Test: 8 | Strategy: new
[2026-05-19 12:39:04]     Result | best_epoch=1 | stop=16 | acc=0.8750 | bal_acc=0.8750 | collapse=False
[2026-05-19 12:39:04]     Spatial update | delta_l2=0.00538506 | relative_delta=0.00460824 | changed=True
[2026-05-19 12:39:04] 
Fold 4/5 | subject=33
[2026-05-19 12:39:04]     Train: 32 | Test: 8 | Strategy: new
[2026-05-19 12:39:06]     Result | best_epoch=77 | stop=92 | acc=0.2500 | bal_acc=0.2500 | collapse=False
[2026-05-19 12:39:06]     Spatial update | delta_l2=0.15836806 | relative_delta=0.13552278 | changed=True
[2026-05-19 12:39:06] 
Fold 5/5 | subject=33
[2026-05-19 12:39:06]     Train: 32 | Test: 8 | Strategy: new
[2026-05-19 12:39:08]     Result | best_epoch=82 | stop=97 | acc=0.6250 | bal_acc=0.6250 | collapse=False
[2026-05-19 12:39:08]     Spatial update | delta_l2=0.14959838 | relative_delta=0.12801816 | changed=True
[2026-05-19 12:39:08]   Subject 33: acc=0.6000±0.2000  bal_acc=0.6000±0.2000
[2026-05-19 12:39:08] 
Subject 34: 40 windows | class_counts=[20, 20]
[2026-05-19 12:39:09] 
Fold 1/5 | subject=34
[2026-05-19 12:39:09]     Train: 32 | Test: 8 | Strategy: new
[2026-05-19 12:39:10]     Result | best_epoch=91 | stop=100 | acc=0.8750 | bal_acc=0.8750 | collapse=False
[2026-05-19 12:39:10]     Spatial update | delta_l2=0.16882944 | relative_delta=0.14447506 | changed=True
[2026-05-19 12:39:11] 
Fold 2/5 | subject=34
[2026-05-19 12:39:11]     Train: 32 | Test: 8 | Strategy: new
[2026-05-19 12:39:13]     Result | best_epoch=94 | stop=100 | acc=0.7500 | bal_acc=0.7500 | collapse=False
[2026-05-19 12:39:13]     Spatial update | delta_l2=0.17749126 | relative_delta=0.15188737 | changed=True
[2026-05-19 12:39:13] 
Fold 3/5 | subject=34
[2026-05-19 12:39:13]     Train: 32 | Test: 8 | Strategy: new
[2026-05-19 12:39:15]     Result | best_epoch=85 | stop=100 | acc=0.6250 | bal_acc=0.6250 | collapse=False
[2026-05-19 12:39:15]     Spatial update | delta_l2=0.17715476 | relative_delta=0.15159941 | changed=True
[2026-05-19 12:39:15] 
Fold 4/5 | subject=34
[2026-05-19 12:39:15]     Train: 32 | Test: 8 | Strategy: new
[2026-05-19 12:39:17]     Result | best_epoch=94 | stop=100 | acc=0.8750 | bal_acc=0.8750 | collapse=False
[2026-05-19 12:39:17]     Spatial update | delta_l2=0.18191322 | relative_delta=0.15567145 | changed=True
[2026-05-19 12:39:18] 
Fold 5/5 | subject=34
[2026-05-19 12:39:18]     Train: 32 | Test: 8 | Strategy: new
[2026-05-19 12:39:19]     Result | best_epoch=94 | stop=100 | acc=0.8750 | bal_acc=0.8750 | collapse=False
[2026-05-19 12:39:19]     Spatial update | delta_l2=0.15194206 | relative_delta=0.13002376 | changed=True
[2026-05-19 12:39:19]   Subject 34: acc=0.8000±0.1000  bal_acc=0.8000±0.1000
[2026-05-19 12:39:19] 
Subject 35: 40 windows | class_counts=[20, 20]
[2026-05-19 12:39:20] 
Fold 1/5 | subject=35
[2026-05-19 12:39:20]     Train: 32 | Test: 8 | Strategy: new
[2026-05-19 12:39:20]     Result | best_epoch=1 | stop=16 | acc=0.5000 | bal_acc=0.5000 | collapse=False
[2026-05-19 12:39:20]     Spatial update | delta_l2=0.00538508 | relative_delta=0.00460826 | changed=True
[2026-05-19 12:39:21] 
Fold 2/5 | subject=35
[2026-05-19 12:39:21]     Train: 32 | Test: 8 | Strategy: new
[2026-05-19 12:39:23]     Result | best_epoch=85 | stop=100 | acc=0.7500 | bal_acc=0.7500 | collapse=False
[2026-05-19 12:39:23]     Spatial update | delta_l2=0.16275316 | relative_delta=0.13927531 | changed=True
[2026-05-19 12:39:23] 
Fold 3/5 | subject=35
[2026-05-19 12:39:23]     Train: 32 | Test: 8 | Strategy: new
[2026-05-19 12:39:25]     Result | best_epoch=83 | stop=98 | acc=0.7500 | bal_acc=0.7500 | collapse=False
[2026-05-19 12:39:25]     Spatial update | delta_l2=0.17113645 | relative_delta=0.14644927 | changed=True
[2026-05-19 12:39:25] 
Fold 4/5 | subject=35
[2026-05-19 12:39:25]     Train: 32 | Test: 8 | Strategy: new
[2026-05-19 12:39:26]     Result | best_epoch=1 | stop=16 | acc=0.3750 | bal_acc=0.3750 | collapse=False
[2026-05-19 12:39:26]     Spatial update | delta_l2=0.00538501 | relative_delta=0.0046082 | changed=True
[2026-05-19 12:39:26] 
Fold 5/5 | subject=35
[2026-05-19 12:39:26]     Train: 32 | Test: 8 | Strategy: new
[2026-05-19 12:39:28]     Result | best_epoch=85 | stop=100 | acc=0.5000 | bal_acc=0.5000 | collapse=False
[2026-05-19 12:39:28]     Spatial update | delta_l2=0.1862162 | relative_delta=0.1593537 | changed=True
[2026-05-19 12:39:28]   Subject 35: acc=0.5750±0.1500  bal_acc=0.5750±0.1500
[2026-05-19 12:39:28] 
Subject 36: 40 windows | class_counts=[20, 20]
[2026-05-19 12:39:29] 
Fold 1/5 | subject=36
[2026-05-19 12:39:29]     Train: 32 | Test: 8 | Strategy: new
[2026-05-19 12:39:29]     Result | best_epoch=1 | stop=16 | acc=0.2500 | bal_acc=0.2500 | collapse=False
[2026-05-19 12:39:29]     Spatial update | delta_l2=0.00538496 | relative_delta=0.00460816 | changed=True
[2026-05-19 12:39:29] 
Fold 2/5 | subject=36
[2026-05-19 12:39:29]     Train: 32 | Test: 8 | Strategy: new
[2026-05-19 12:39:31]     Result | best_epoch=49 | stop=64 | acc=0.5000 | bal_acc=0.5000 | collapse=False
[2026-05-19 12:39:31]     Spatial update | delta_l2=0.14514217 | relative_delta=0.12420478 | changed=True
[2026-05-19 12:39:31] 
Fold 3/5 | subject=36
[2026-05-19 12:39:31]     Train: 32 | Test: 8 | Strategy: new
[2026-05-19 12:39:31]     Result | best_epoch=1 | stop=16 | acc=0.2500 | bal_acc=0.2500 | collapse=False
[2026-05-19 12:39:31]     Spatial update | delta_l2=0.00538505 | relative_delta=0.00460824 | changed=True
[2026-05-19 12:39:32] 
Fold 4/5 | subject=36
[2026-05-19 12:39:32]     Train: 32 | Test: 8 | Strategy: new
[2026-05-19 12:39:34]     Result | best_epoch=70 | stop=85 | acc=0.2500 | bal_acc=0.2500 | collapse=False
[2026-05-19 12:39:34]     Spatial update | delta_l2=0.15452415 | relative_delta=0.13223337 | changed=True
[2026-05-19 12:39:34] 
Fold 5/5 | subject=36
[2026-05-19 12:39:34]     Train: 32 | Test: 8 | Strategy: new
[2026-05-19 12:39:34]     Result | best_epoch=1 | stop=16 | acc=0.2500 | bal_acc=0.2500 | collapse=False
[2026-05-19 12:39:34]     Spatial update | delta_l2=0.00538477 | relative_delta=0.00460799 | changed=True
[2026-05-19 12:39:35]   Subject 36: acc=0.3000±0.1000  bal_acc=0.3000±0.1000
[2026-05-19 12:39:35] 
Subject 37: 40 windows | class_counts=[20, 20]
[2026-05-19 12:39:35] 
Fold 1/5 | subject=37
[2026-05-19 12:39:35]     Train: 32 | Test: 8 | Strategy: new
[2026-05-19 12:39:37]     Result | best_epoch=92 | stop=100 | acc=0.2500 | bal_acc=0.2500 | collapse=False
[2026-05-19 12:39:37]     Spatial update | delta_l2=0.15937689 | relative_delta=0.13638608 | changed=True
[2026-05-19 12:39:37] 
Fold 2/5 | subject=37
[2026-05-19 12:39:37]     Train: 32 | Test: 8 | Strategy: new
[2026-05-19 12:39:38]     Result | best_epoch=1 | stop=16 | acc=0.7500 | bal_acc=0.7500 | collapse=False
[2026-05-19 12:39:38]     Spatial update | delta_l2=0.00538483 | relative_delta=0.00460804 | changed=True
[2026-05-19 12:39:38] 
Fold 3/5 | subject=37
[2026-05-19 12:39:38]     Train: 32 | Test: 8 | Strategy: new
[2026-05-19 12:39:40]     Result | best_epoch=94 | stop=100 | acc=0.6250 | bal_acc=0.6250 | collapse=False
[2026-05-19 12:39:40]     Spatial update | delta_l2=0.14804916 | relative_delta=0.12669243 | changed=True
[2026-05-19 12:39:40] 
Fold 4/5 | subject=37
[2026-05-19 12:39:40]     Train: 32 | Test: 8 | Strategy: new
[2026-05-19 12:39:41]     Result | best_epoch=1 | stop=16 | acc=0.3750 | bal_acc=0.3750 | collapse=False
[2026-05-19 12:39:41]     Spatial update | delta_l2=0.00538476 | relative_delta=0.00460799 | changed=True
[2026-05-19 12:39:41] 
Fold 5/5 | subject=37
[2026-05-19 12:39:41]     Train: 32 | Test: 8 | Strategy: new
[2026-05-19 12:39:43]     Result | best_epoch=71 | stop=75 | acc=0.6250 | bal_acc=0.6250 | collapse=False
[2026-05-19 12:39:43]     Spatial update | delta_l2=0.14834284 | relative_delta=0.12694374 | changed=True
[2026-05-19 12:39:43]   Subject 37: acc=0.5250±0.1837  bal_acc=0.5250±0.1837
[2026-05-19 12:39:43] 
Subject 38: 40 windows | class_counts=[20, 20]
[2026-05-19 12:39:43] 
Fold 1/5 | subject=38
[2026-05-19 12:39:43]     Train: 32 | Test: 8 | Strategy: new
[2026-05-19 12:39:44]     Result | best_epoch=1 | stop=16 | acc=0.3750 | bal_acc=0.3750 | collapse=False
[2026-05-19 12:39:44]     Spatial update | delta_l2=0.00538497 | relative_delta=0.00460816 | changed=True
[2026-05-19 12:39:44] 
Fold 2/5 | subject=38
[2026-05-19 12:39:44]     Train: 32 | Test: 8 | Strategy: new
[2026-05-19 12:39:46]     Result | best_epoch=70 | stop=85 | acc=0.6250 | bal_acc=0.6250 | collapse=False
[2026-05-19 12:39:46]     Spatial update | delta_l2=0.15002205 | relative_delta=0.12838072 | changed=True
[2026-05-19 12:39:46] 
Fold 3/5 | subject=38
[2026-05-19 12:39:46]     Train: 32 | Test: 8 | Strategy: new
[2026-05-19 12:39:48]     Result | best_epoch=72 | stop=87 | acc=0.6250 | bal_acc=0.6250 | collapse=False
[2026-05-19 12:39:48]     Spatial update | delta_l2=0.17672526 | relative_delta=0.15123187 | changed=True
[2026-05-19 12:39:48] 
Fold 4/5 | subject=38
[2026-05-19 12:39:48]     Train: 32 | Test: 8 | Strategy: new
[2026-05-19 12:39:48]     Result | best_epoch=1 | stop=16 | acc=0.6250 | bal_acc=0.6250 | collapse=False
[2026-05-19 12:39:48]     Spatial update | delta_l2=0.00538487 | relative_delta=0.00460808 | changed=True
[2026-05-19 12:39:49] 
Fold 5/5 | subject=38
[2026-05-19 12:39:49]     Train: 32 | Test: 8 | Strategy: new
[2026-05-19 12:39:51]     Result | best_epoch=85 | stop=94 | acc=0.6250 | bal_acc=0.6250 | collapse=False
[2026-05-19 12:39:51]     Spatial update | delta_l2=0.17244668 | relative_delta=0.1475705 | changed=True
[2026-05-19 12:39:51]   Subject 38: acc=0.5750±0.1000  bal_acc=0.5750±0.1000
[2026-05-19 12:39:51] 
Subject 39: 40 windows | class_counts=[20, 20]
[2026-05-19 12:39:51] 
Fold 1/5 | subject=39
[2026-05-19 12:39:51]     Train: 32 | Test: 8 | Strategy: new
[2026-05-19 12:39:51]     Result | best_epoch=1 | stop=16 | acc=0.6250 | bal_acc=0.6250 | collapse=False
[2026-05-19 12:39:51]     Spatial update | delta_l2=0.00538486 | relative_delta=0.00460807 | changed=True
[2026-05-19 12:39:52] 
Fold 2/5 | subject=39
[2026-05-19 12:39:52]     Train: 32 | Test: 8 | Strategy: new
[2026-05-19 12:39:53]     Result | best_epoch=49 | stop=64 | acc=0.2500 | bal_acc=0.2500 | collapse=False
[2026-05-19 12:39:53]     Spatial update | delta_l2=0.11761017 | relative_delta=0.10064439 | changed=True
[2026-05-19 12:39:54] 
Fold 3/5 | subject=39
[2026-05-19 12:39:54]     Train: 32 | Test: 8 | Strategy: new
[2026-05-19 12:39:54]     Result | best_epoch=1 | stop=16 | acc=0.7500 | bal_acc=0.7500 | collapse=False
[2026-05-19 12:39:54]     Spatial update | delta_l2=0.00538503 | relative_delta=0.00460822 | changed=True
[2026-05-19 12:39:55] 
Fold 4/5 | subject=39
[2026-05-19 12:39:55]     Train: 32 | Test: 8 | Strategy: new
[2026-05-19 12:39:55]     Result | best_epoch=1 | stop=16 | acc=0.1250 | bal_acc=0.1250 | collapse=False
[2026-05-19 12:39:55]     Spatial update | delta_l2=0.005385 | relative_delta=0.00460819 | changed=True
[2026-05-19 12:39:55] 
Fold 5/5 | subject=39
[2026-05-19 12:39:55]     Train: 32 | Test: 8 | Strategy: new
[2026-05-19 12:39:57]     Result | best_epoch=46 | stop=61 | acc=0.3750 | bal_acc=0.3750 | collapse=False
[2026-05-19 12:39:57]     Spatial update | delta_l2=0.10876279 | relative_delta=0.09307328 | changed=True
[2026-05-19 12:39:57]   Subject 39: acc=0.4250±0.2318  bal_acc=0.4250±0.2318
[2026-05-19 12:39:57] 
Subject 40: 40 windows | class_counts=[20, 20]
[2026-05-19 12:39:57] 
Fold 1/5 | subject=40
[2026-05-19 12:39:57]     Train: 32 | Test: 8 | Strategy: new
[2026-05-19 12:39:57]     Result | best_epoch=1 | stop=16 | acc=0.5000 | bal_acc=0.5000 | collapse=False
[2026-05-19 12:39:57]     Spatial update | delta_l2=0.00538502 | relative_delta=0.00460821 | changed=True
[2026-05-19 12:39:58] 
Fold 2/5 | subject=40
[2026-05-19 12:39:58]     Train: 32 | Test: 8 | Strategy: new
[2026-05-19 12:39:59]     Result | best_epoch=70 | stop=85 | acc=0.6250 | bal_acc=0.6250 | collapse=False
[2026-05-19 12:39:59]     Spatial update | delta_l2=0.1288505 | relative_delta=0.11026326 | changed=True
[2026-05-19 12:40:00] 
Fold 3/5 | subject=40
[2026-05-19 12:40:00]     Train: 32 | Test: 8 | Strategy: new
[2026-05-19 12:40:00]     Result | best_epoch=2 | stop=17 | acc=0.3750 | bal_acc=0.3750 | collapse=False
[2026-05-19 12:40:00]     Spatial update | delta_l2=0.0096017 | relative_delta=0.00821662 | changed=True
[2026-05-19 12:40:01] 
Fold 4/5 | subject=40
[2026-05-19 12:40:01]     Train: 32 | Test: 8 | Strategy: new
[2026-05-19 12:40:02]     Result | best_epoch=93 | stop=100 | acc=0.3750 | bal_acc=0.3750 | collapse=False
[2026-05-19 12:40:02]     Spatial update | delta_l2=0.14132257 | relative_delta=0.12093618 | changed=True
[2026-05-19 12:40:03] 
Fold 5/5 | subject=40
[2026-05-19 12:40:03]     Train: 32 | Test: 8 | Strategy: new
[2026-05-19 12:40:05]     Result | best_epoch=85 | stop=100 | acc=0.5000 | bal_acc=0.5000 | collapse=False
[2026-05-19 12:40:05]     Spatial update | delta_l2=0.14610692 | relative_delta=0.12503036 | changed=True
[2026-05-19 12:40:05]   Subject 40: acc=0.4750±0.0935  bal_acc=0.4750±0.0935
[2026-05-19 12:40:05] 
Subject 41: 40 windows | class_counts=[20, 20]
[2026-05-19 12:40:05] 
Fold 1/5 | subject=41
[2026-05-19 12:40:05]     Train: 32 | Test: 8 | Strategy: new
[2026-05-19 12:40:06]     Result | best_epoch=17 | stop=27 | acc=0.5000 | bal_acc=0.5000 | collapse=False
[2026-05-19 12:40:06]     Spatial update | delta_l2=0.04075112 | relative_delta=0.03487259 | changed=True
[2026-05-19 12:40:06] 
Fold 2/5 | subject=41
[2026-05-19 12:40:06]     Train: 32 | Test: 8 | Strategy: new
[2026-05-19 12:40:07]     Result | best_epoch=1 | stop=16 | acc=0.7500 | bal_acc=0.7500 | collapse=False
[2026-05-19 12:40:07]     Spatial update | delta_l2=0.00538493 | relative_delta=0.00460813 | changed=True
[2026-05-19 12:40:07] 
Fold 3/5 | subject=41
[2026-05-19 12:40:07]     Train: 32 | Test: 8 | Strategy: new
[2026-05-19 12:40:08]     Result | best_epoch=1 | stop=16 | acc=0.3750 | bal_acc=0.3750 | collapse=False
[2026-05-19 12:40:08]     Spatial update | delta_l2=0.00538497 | relative_delta=0.00460817 | changed=True
[2026-05-19 12:40:08] 
Fold 4/5 | subject=41
[2026-05-19 12:40:08]     Train: 32 | Test: 8 | Strategy: new
[2026-05-19 12:40:10]     Result | best_epoch=94 | stop=100 | acc=0.7500 | bal_acc=0.7500 | collapse=False
[2026-05-19 12:40:10]     Spatial update | delta_l2=0.16115967 | relative_delta=0.13791169 | changed=True
[2026-05-19 12:40:10] 
Fold 5/5 | subject=41
[2026-05-19 12:40:10]     Train: 32 | Test: 8 | Strategy: new
[2026-05-19 12:40:12]     Result | best_epoch=90 | stop=100 | acc=0.5000 | bal_acc=0.5000 | collapse=False
[2026-05-19 12:40:12]     Spatial update | delta_l2=0.16440288 | relative_delta=0.14068705 | changed=True
[2026-05-19 12:40:12]   Subject 41: acc=0.5750±0.1500  bal_acc=0.5750±0.1500
[2026-05-19 12:40:12] 
Subject 42: 40 windows | class_counts=[20, 20]
[2026-05-19 12:40:13] 
Fold 1/5 | subject=42
[2026-05-19 12:40:13]     Train: 32 | Test: 8 | Strategy: new
[2026-05-19 12:40:14]     Result | best_epoch=96 | stop=100 | acc=0.5000 | bal_acc=0.5000 | collapse=True
[2026-05-19 12:40:14]     Spatial update | delta_l2=0.16621882 | relative_delta=0.14224103 | changed=True
[2026-05-19 12:40:15] 
Fold 2/5 | subject=42
[2026-05-19 12:40:15]     Train: 32 | Test: 8 | Strategy: new
[2026-05-19 12:40:16]     Result | best_epoch=71 | stop=86 | acc=0.5000 | bal_acc=0.5000 | collapse=False
[2026-05-19 12:40:16]     Spatial update | delta_l2=0.16901717 | relative_delta=0.14463571 | changed=True
[2026-05-19 12:40:17] 
Fold 3/5 | subject=42
[2026-05-19 12:40:17]     Train: 32 | Test: 8 | Strategy: new
[2026-05-19 12:40:19]     Result | best_epoch=96 | stop=100 | acc=0.7500 | bal_acc=0.7500 | collapse=False
[2026-05-19 12:40:19]     Spatial update | delta_l2=0.15955219 | relative_delta=0.13653609 | changed=True
[2026-05-19 12:40:19] 
Fold 4/5 | subject=42
[2026-05-19 12:40:19]     Train: 32 | Test: 8 | Strategy: new
[2026-05-19 12:40:21]     Result | best_epoch=96 | stop=97 | acc=0.8750 | bal_acc=0.8750 | collapse=False
[2026-05-19 12:40:21]     Spatial update | delta_l2=0.16406315 | relative_delta=0.14039633 | changed=True
[2026-05-19 12:40:22] 
Fold 5/5 | subject=42
[2026-05-19 12:40:22]     Train: 32 | Test: 8 | Strategy: new
[2026-05-19 12:40:22]     Result | best_epoch=1 | stop=16 | acc=0.3750 | bal_acc=0.3750 | collapse=False
[2026-05-19 12:40:22]     Spatial update | delta_l2=0.00538478 | relative_delta=0.004608 | changed=True
[2026-05-19 12:40:22]   Subject 42: acc=0.6000±0.1837  bal_acc=0.6000±0.1837
[2026-05-19 12:40:22] 
Subject 43: 40 windows | class_counts=[20, 20]
[2026-05-19 12:40:22] 
Fold 1/5 | subject=43
[2026-05-19 12:40:22]     Train: 32 | Test: 8 | Strategy: new
[2026-05-19 12:40:23]     Result | best_epoch=22 | stop=37 | acc=0.6250 | bal_acc=0.6250 | collapse=False
[2026-05-19 12:40:23]     Spatial update | delta_l2=0.07040574 | relative_delta=0.06024941 | changed=True
[2026-05-19 12:40:24] 
Fold 2/5 | subject=43
[2026-05-19 12:40:24]     Train: 32 | Test: 8 | Strategy: new
[2026-05-19 12:40:25]     Result | best_epoch=79 | stop=87 | acc=0.2500 | bal_acc=0.2500 | collapse=False
[2026-05-19 12:40:25]     Spatial update | delta_l2=0.15812341 | relative_delta=0.13531342 | changed=True
[2026-05-19 12:40:26] 
Fold 3/5 | subject=43
[2026-05-19 12:40:26]     Train: 32 | Test: 8 | Strategy: new
[2026-05-19 12:40:26]     Result | best_epoch=1 | stop=16 | acc=0.3750 | bal_acc=0.3750 | collapse=False
[2026-05-19 12:40:26]     Spatial update | delta_l2=0.00538479 | relative_delta=0.00460801 | changed=True
[2026-05-19 12:40:27] 
Fold 4/5 | subject=43
[2026-05-19 12:40:27]     Train: 32 | Test: 8 | Strategy: new
[2026-05-19 12:40:29]     Result | best_epoch=88 | stop=100 | acc=0.5000 | bal_acc=0.5000 | collapse=False
[2026-05-19 12:40:29]     Spatial update | delta_l2=0.17345622 | relative_delta=0.14843441 | changed=True
[2026-05-19 12:40:29] 
Fold 5/5 | subject=43
[2026-05-19 12:40:29]     Train: 32 | Test: 8 | Strategy: new
[2026-05-19 12:40:30]     Result | best_epoch=1 | stop=16 | acc=0.7500 | bal_acc=0.7500 | collapse=False
[2026-05-19 12:40:30]     Spatial update | delta_l2=0.00538401 | relative_delta=0.00460735 | changed=True
[2026-05-19 12:40:30]   Subject 43: acc=0.5000±0.1768  bal_acc=0.5000±0.1768
[2026-05-19 12:40:30] 
Subject 44: 40 windows | class_counts=[20, 20]
[2026-05-19 12:40:30] 
Fold 1/5 | subject=44
[2026-05-19 12:40:30]     Train: 32 | Test: 8 | Strategy: new
[2026-05-19 12:40:30]     Result | best_epoch=1 | stop=16 | acc=0.3750 | bal_acc=0.3750 | collapse=False
[2026-05-19 12:40:30]     Spatial update | delta_l2=0.00538497 | relative_delta=0.00460816 | changed=True
[2026-05-19 12:40:31] 
Fold 2/5 | subject=44
[2026-05-19 12:40:31]     Train: 32 | Test: 8 | Strategy: new
[2026-05-19 12:40:33]     Result | best_epoch=91 | stop=100 | acc=0.3750 | bal_acc=0.3750 | collapse=False
[2026-05-19 12:40:33]     Spatial update | delta_l2=0.17197783 | relative_delta=0.14716928 | changed=True
[2026-05-19 12:40:34] 
Fold 3/5 | subject=44
[2026-05-19 12:40:34]     Train: 32 | Test: 8 | Strategy: new
[2026-05-19 12:40:35]     Result | best_epoch=64 | stop=79 | acc=0.5000 | bal_acc=0.5000 | collapse=False
[2026-05-19 12:40:35]     Spatial update | delta_l2=0.16244239 | relative_delta=0.13900937 | changed=True
[2026-05-19 12:40:36] 
Fold 4/5 | subject=44
[2026-05-19 12:40:36]     Train: 32 | Test: 8 | Strategy: new
[2026-05-19 12:40:36]     Result | best_epoch=1 | stop=16 | acc=0.6250 | bal_acc=0.6250 | collapse=False
[2026-05-19 12:40:36]     Spatial update | delta_l2=0.00538496 | relative_delta=0.00460815 | changed=True
[2026-05-19 12:40:36] 
Fold 5/5 | subject=44
[2026-05-19 12:40:36]     Train: 32 | Test: 8 | Strategy: new
[2026-05-19 12:40:37]     Result | best_epoch=1 | stop=16 | acc=0.7500 | bal_acc=0.7500 | collapse=False
[2026-05-19 12:40:37]     Spatial update | delta_l2=0.00538502 | relative_delta=0.00460821 | changed=True
[2026-05-19 12:40:37]   Subject 44: acc=0.5250±0.1458  bal_acc=0.5250±0.1458
[2026-05-19 12:40:37] 
Subject 45: 40 windows | class_counts=[20, 20]
[2026-05-19 12:40:37] 
Fold 1/5 | subject=45
[2026-05-19 12:40:37]     Train: 32 | Test: 8 | Strategy: new
[2026-05-19 12:40:38]     Result | best_epoch=1 | stop=16 | acc=0.3750 | bal_acc=0.3750 | collapse=False
[2026-05-19 12:40:38]     Spatial update | delta_l2=0.00538501 | relative_delta=0.0046082 | changed=True
[2026-05-19 12:40:38] 
Fold 2/5 | subject=45
[2026-05-19 12:40:38]     Train: 32 | Test: 8 | Strategy: new
[2026-05-19 12:40:38]     Result | best_epoch=1 | stop=16 | acc=0.3750 | bal_acc=0.3750 | collapse=False
[2026-05-19 12:40:38]     Spatial update | delta_l2=0.00538492 | relative_delta=0.00460812 | changed=True
[2026-05-19 12:40:39] 
Fold 3/5 | subject=45
[2026-05-19 12:40:39]     Train: 32 | Test: 8 | Strategy: new
[2026-05-19 12:40:39]     Result | best_epoch=1 | stop=16 | acc=0.2500 | bal_acc=0.2500 | collapse=False
[2026-05-19 12:40:39]     Spatial update | delta_l2=0.00538499 | relative_delta=0.00460818 | changed=True
[2026-05-19 12:40:40] 
Fold 4/5 | subject=45
[2026-05-19 12:40:40]     Train: 32 | Test: 8 | Strategy: new
[2026-05-19 12:40:40]     Result | best_epoch=1 | stop=16 | acc=0.2500 | bal_acc=0.2500 | collapse=False
[2026-05-19 12:40:40]     Spatial update | delta_l2=0.00538504 | relative_delta=0.00460823 | changed=True
[2026-05-19 12:40:41] 
Fold 5/5 | subject=45
[2026-05-19 12:40:41]     Train: 32 | Test: 8 | Strategy: new
[2026-05-19 12:40:41]     Result | best_epoch=1 | stop=16 | acc=0.7500 | bal_acc=0.7500 | collapse=False
[2026-05-19 12:40:41]     Spatial update | delta_l2=0.00538501 | relative_delta=0.0046082 | changed=True
[2026-05-19 12:40:41]   Subject 45: acc=0.4000±0.1837  bal_acc=0.4000±0.1837
[2026-05-19 12:40:41] 
Subject 46: 40 windows | class_counts=[20, 20]
[2026-05-19 12:40:42] 
Fold 1/5 | subject=46
[2026-05-19 12:40:42]     Train: 32 | Test: 8 | Strategy: new
[2026-05-19 12:40:43]     Result | best_epoch=82 | stop=86 | acc=0.5000 | bal_acc=0.5000 | collapse=False
[2026-05-19 12:40:43]     Spatial update | delta_l2=0.17252771 | relative_delta=0.14763983 | changed=True
[2026-05-19 12:40:44] 
Fold 2/5 | subject=46
[2026-05-19 12:40:44]     Train: 32 | Test: 8 | Strategy: new
[2026-05-19 12:40:44]     Result | best_epoch=22 | stop=34 | acc=0.5000 | bal_acc=0.5000 | collapse=False
[2026-05-19 12:40:44]     Spatial update | delta_l2=0.06655614 | relative_delta=0.05695512 | changed=True
[2026-05-19 12:40:45] 
Fold 3/5 | subject=46
[2026-05-19 12:40:45]     Train: 32 | Test: 8 | Strategy: new
[2026-05-19 12:40:46]     Result | best_epoch=89 | stop=100 | acc=0.7500 | bal_acc=0.7500 | collapse=False
[2026-05-19 12:40:46]     Spatial update | delta_l2=0.1637241 | relative_delta=0.14010618 | changed=True
[2026-05-19 12:40:47] 
Fold 4/5 | subject=46
[2026-05-19 12:40:47]     Train: 32 | Test: 8 | Strategy: new
[2026-05-19 12:40:47]     Result | best_epoch=1 | stop=16 | acc=0.5000 | bal_acc=0.5000 | collapse=False
[2026-05-19 12:40:47]     Spatial update | delta_l2=0.00538484 | relative_delta=0.00460805 | changed=True
[2026-05-19 12:40:48] 
Fold 5/5 | subject=46
[2026-05-19 12:40:48]     Train: 32 | Test: 8 | Strategy: new
[2026-05-19 12:40:48]     Result | best_epoch=1 | stop=16 | acc=0.2500 | bal_acc=0.2500 | collapse=False
[2026-05-19 12:40:48]     Spatial update | delta_l2=0.00538497 | relative_delta=0.00460816 | changed=True
[2026-05-19 12:40:48]   Subject 46: acc=0.5000±0.1581  bal_acc=0.5000±0.1581
[2026-05-19 12:40:48] 
Subject 47: 40 windows | class_counts=[20, 20]
[2026-05-19 12:40:49] 
Fold 1/5 | subject=47
[2026-05-19 12:40:49]     Train: 32 | Test: 8 | Strategy: new
[2026-05-19 12:40:50]     Result | best_epoch=69 | stop=84 | acc=0.2500 | bal_acc=0.2500 | collapse=False
[2026-05-19 12:40:50]     Spatial update | delta_l2=0.17359805 | relative_delta=0.14855578 | changed=True
[2026-05-19 12:40:51] 
Fold 2/5 | subject=47
[2026-05-19 12:40:51]     Train: 32 | Test: 8 | Strategy: new
[2026-05-19 12:40:51]     Result | best_epoch=1 | stop=16 | acc=0.6250 | bal_acc=0.6250 | collapse=False
[2026-05-19 12:40:51]     Spatial update | delta_l2=0.00538287 | relative_delta=0.00460636 | changed=True
[2026-05-19 12:40:52] 
Fold 3/5 | subject=47
[2026-05-19 12:40:52]     Train: 32 | Test: 8 | Strategy: new
[2026-05-19 12:40:52]     Result | best_epoch=2 | stop=16 | acc=0.3750 | bal_acc=0.3750 | collapse=False
[2026-05-19 12:40:52]     Spatial update | delta_l2=0.005385 | relative_delta=0.00460819 | changed=True
[2026-05-19 12:40:53] 
Fold 4/5 | subject=47
[2026-05-19 12:40:53]     Train: 32 | Test: 8 | Strategy: new
[2026-05-19 12:40:53]     Result | best_epoch=2 | stop=17 | acc=0.3750 | bal_acc=0.3750 | collapse=False
[2026-05-19 12:40:53]     Spatial update | delta_l2=0.00956982 | relative_delta=0.00818933 | changed=True
[2026-05-19 12:40:54] 
Fold 5/5 | subject=47
[2026-05-19 12:40:54]     Train: 32 | Test: 8 | Strategy: new
[2026-05-19 12:40:54]     Result | best_epoch=1 | stop=16 | acc=0.6250 | bal_acc=0.6250 | collapse=False
[2026-05-19 12:40:54]     Spatial update | delta_l2=0.00538488 | relative_delta=0.00460809 | changed=True
[2026-05-19 12:40:54]   Subject 47: acc=0.4500±0.1500  bal_acc=0.4500±0.1500
[2026-05-19 12:40:54] 
Subject 48: 40 windows | class_counts=[20, 20]
[2026-05-19 12:40:55] 
Fold 1/5 | subject=48
[2026-05-19 12:40:55]     Train: 32 | Test: 8 | Strategy: new
[2026-05-19 12:40:56]     Result | best_epoch=64 | stop=79 | acc=0.6250 | bal_acc=0.6250 | collapse=False
[2026-05-19 12:40:56]     Spatial update | delta_l2=0.16036015 | relative_delta=0.1372275 | changed=True
[2026-05-19 12:40:56] 
Fold 2/5 | subject=48
[2026-05-19 12:40:56]     Train: 32 | Test: 8 | Strategy: new
[2026-05-19 12:40:57]     Result | best_epoch=6 | stop=16 | acc=0.7500 | bal_acc=0.7500 | collapse=False
[2026-05-19 12:40:57]     Spatial update | delta_l2=0.00538491 | relative_delta=0.00460811 | changed=True
[2026-05-19 12:40:57] 
Fold 3/5 | subject=48
[2026-05-19 12:40:57]     Train: 32 | Test: 8 | Strategy: new
[2026-05-19 12:40:59]     Result | best_epoch=73 | stop=88 | acc=0.3750 | bal_acc=0.3750 | collapse=False
[2026-05-19 12:40:59]     Spatial update | delta_l2=0.17310608 | relative_delta=0.14813477 | changed=True
[2026-05-19 12:40:59] 
Fold 4/5 | subject=48
[2026-05-19 12:40:59]     Train: 32 | Test: 8 | Strategy: new
[2026-05-19 12:41:00]     Result | best_epoch=1 | stop=16 | acc=0.3750 | bal_acc=0.3750 | collapse=False
[2026-05-19 12:41:00]     Spatial update | delta_l2=0.00538365 | relative_delta=0.00460704 | changed=True
[2026-05-19 12:41:00] 
Fold 5/5 | subject=48
[2026-05-19 12:41:00]     Train: 32 | Test: 8 | Strategy: new
[2026-05-19 12:41:01]     Result | best_epoch=46 | stop=49 | acc=0.6250 | bal_acc=0.6250 | collapse=False
[2026-05-19 12:41:01]     Spatial update | delta_l2=0.10344523 | relative_delta=0.0885228 | changed=True
[2026-05-19 12:41:01]   Subject 48: acc=0.5500±0.1500  bal_acc=0.5500±0.1500
[2026-05-19 12:41:01] 
Subject 49: 40 windows | class_counts=[20, 20]
[2026-05-19 12:41:02] 
Fold 1/5 | subject=49
[2026-05-19 12:41:02]     Train: 32 | Test: 8 | Strategy: new
[2026-05-19 12:41:02]     Result | best_epoch=1 | stop=16 | acc=0.3750 | bal_acc=0.3750 | collapse=False
[2026-05-19 12:41:02]     Spatial update | delta_l2=0.00538502 | relative_delta=0.00460821 | changed=True
[2026-05-19 12:41:03] 
Fold 2/5 | subject=49
[2026-05-19 12:41:03]     Train: 32 | Test: 8 | Strategy: new
[2026-05-19 12:41:04]     Result | best_epoch=65 | stop=78 | acc=0.5000 | bal_acc=0.5000 | collapse=True
[2026-05-19 12:41:04]     Spatial update | delta_l2=0.16367111 | relative_delta=0.14006084 | changed=True
[2026-05-19 12:41:05] 
Fold 3/5 | subject=49
[2026-05-19 12:41:05]     Train: 32 | Test: 8 | Strategy: new
[2026-05-19 12:41:05]     Result | best_epoch=1 | stop=16 | acc=0.3750 | bal_acc=0.3750 | collapse=False
[2026-05-19 12:41:05]     Spatial update | delta_l2=0.00538491 | relative_delta=0.00460811 | changed=True
[2026-05-19 12:41:05] 
Fold 4/5 | subject=49
[2026-05-19 12:41:05]     Train: 32 | Test: 8 | Strategy: new
[2026-05-19 12:41:06]     Result | best_epoch=1 | stop=16 | acc=0.6250 | bal_acc=0.6250 | collapse=False
[2026-05-19 12:41:06]     Spatial update | delta_l2=0.005385 | relative_delta=0.00460819 | changed=True
[2026-05-19 12:41:07] 
Fold 5/5 | subject=49
[2026-05-19 12:41:07]     Train: 32 | Test: 8 | Strategy: new
[2026-05-19 12:41:07]     Result | best_epoch=1 | stop=16 | acc=0.5000 | bal_acc=0.5000 | collapse=False
[2026-05-19 12:41:07]     Spatial update | delta_l2=0.00538504 | relative_delta=0.00460822 | changed=True
[2026-05-19 12:41:07]   Subject 49: acc=0.4750±0.0935  bal_acc=0.4750±0.0935
[2026-05-19 12:41:07] 
Subject 50: 40 windows | class_counts=[20, 20]
[2026-05-19 12:41:07] 
Fold 1/5 | subject=50
[2026-05-19 12:41:07]     Train: 32 | Test: 8 | Strategy: new
[2026-05-19 12:41:08]     Result | best_epoch=1 | stop=16 | acc=0.5000 | bal_acc=0.5000 | collapse=False
[2026-05-19 12:41:08]     Spatial update | delta_l2=0.00538501 | relative_delta=0.0046082 | changed=True
[2026-05-19 12:41:08] 
Fold 2/5 | subject=50
[2026-05-19 12:41:08]     Train: 32 | Test: 8 | Strategy: new
[2026-05-19 12:41:10]     Result | best_epoch=86 | stop=96 | acc=0.3750 | bal_acc=0.3750 | collapse=False
[2026-05-19 12:41:10]     Spatial update | delta_l2=0.1598106 | relative_delta=0.13675723 | changed=True
[2026-05-19 12:41:11] 
Fold 3/5 | subject=50
[2026-05-19 12:41:11]     Train: 32 | Test: 8 | Strategy: new
[2026-05-19 12:41:11]     Result | best_epoch=1 | stop=16 | acc=0.3750 | bal_acc=0.3750 | collapse=False
[2026-05-19 12:41:11]     Spatial update | delta_l2=0.00538492 | relative_delta=0.00460812 | changed=True
[2026-05-19 12:41:11] 
Fold 4/5 | subject=50
[2026-05-19 12:41:11]     Train: 32 | Test: 8 | Strategy: new
[2026-05-19 12:41:12]     Result | best_epoch=1 | stop=16 | acc=0.3750 | bal_acc=0.3750 | collapse=False
[2026-05-19 12:41:12]     Spatial update | delta_l2=0.00538476 | relative_delta=0.00460799 | changed=True
[2026-05-19 12:41:12] 
Fold 5/5 | subject=50
[2026-05-19 12:41:12]     Train: 32 | Test: 8 | Strategy: new
[2026-05-19 12:41:13]     Result | best_epoch=1 | stop=16 | acc=0.2500 | bal_acc=0.2500 | collapse=False
[2026-05-19 12:41:13]     Spatial update | delta_l2=0.00538343 | relative_delta=0.00460685 | changed=True
[2026-05-19 12:41:13]   Subject 50: acc=0.3750±0.0791  bal_acc=0.3750±0.0791
[2026-05-19 12:41:13] 
======================================================================
[2026-05-19 12:41:13] AGGREGATED RESULTS
[2026-05-19 12:41:13] ======================================================================
[2026-05-19 12:41:13]   1: acc=0.4250±0.1000  bal_acc=0.4250±0.1000
[2026-05-19 12:41:13]   2: acc=0.6250±0.0000  bal_acc=0.6250±0.0000
[2026-05-19 12:41:13]   3: acc=0.5000±0.1369  bal_acc=0.5000±0.1369
[2026-05-19 12:41:13]   4: acc=0.6500±0.1658  bal_acc=0.6500±0.1658
[2026-05-19 12:41:13]   5: acc=0.5000±0.1581  bal_acc=0.5000±0.1581
[2026-05-19 12:41:13]   6: acc=0.5000±0.0791  bal_acc=0.5000±0.0791
[2026-05-19 12:41:13]   7: acc=0.4250±0.1275  bal_acc=0.4250±0.1275
[2026-05-19 12:41:13]   8: acc=0.7250±0.0935  bal_acc=0.7250±0.0935
[2026-05-19 12:41:13]   9: acc=0.6000±0.1225  bal_acc=0.6000±0.1225
[2026-05-19 12:41:13]   10: acc=0.4500±0.0612  bal_acc=0.4500±0.0612
[2026-05-19 12:41:13]   11: acc=0.4250±0.1871  bal_acc=0.4250±0.1871
[2026-05-19 12:41:13]   12: acc=0.5500±0.2318  bal_acc=0.5500±0.2318
[2026-05-19 12:41:13]   13: acc=0.6250±0.1768  bal_acc=0.6250±0.1768
[2026-05-19 12:41:13]   14: acc=0.5500±0.2318  bal_acc=0.5500±0.2318
[2026-05-19 12:41:13]   15: acc=0.4250±0.2318  bal_acc=0.4250±0.2318
[2026-05-19 12:41:13]   16: acc=0.5750±0.1275  bal_acc=0.5750±0.1275
[2026-05-19 12:41:13]   17: acc=0.5250±0.1458  bal_acc=0.5250±0.1458
[2026-05-19 12:41:13]   18: acc=0.7250±0.1225  bal_acc=0.7250±0.1225
[2026-05-19 12:41:13]   19: acc=0.4750±0.2151  bal_acc=0.4750±0.2151
[2026-05-19 12:41:13]   20: acc=0.7250±0.0935  bal_acc=0.7250±0.0935
[2026-05-19 12:41:13]   21: acc=0.4000±0.0935  bal_acc=0.4000±0.0935
[2026-05-19 12:41:13]   22: acc=0.4500±0.1000  bal_acc=0.4500±0.1000
[2026-05-19 12:41:13]   23: acc=0.5250±0.1658  bal_acc=0.5250±0.1658
[2026-05-19 12:41:13]   24: acc=0.5500±0.1871  bal_acc=0.5500±0.1871
[2026-05-19 12:41:13]   25: acc=0.6000±0.1458  bal_acc=0.6000±0.1458
[2026-05-19 12:41:13]   26: acc=0.4750±0.0500  bal_acc=0.4750±0.0500
[2026-05-19 12:41:13]   27: acc=0.5250±0.2151  bal_acc=0.5250±0.2151
[2026-05-19 12:41:13]   28: acc=0.5250±0.0935  bal_acc=0.5250±0.0935
[2026-05-19 12:41:13]   29: acc=0.4500±0.1871  bal_acc=0.4500±0.1871
[2026-05-19 12:41:13]   30: acc=0.6500±0.0500  bal_acc=0.6500±0.0500
[2026-05-19 12:41:13]   31: acc=0.4500±0.0612  bal_acc=0.4500±0.0612
[2026-05-19 12:41:13]   32: acc=0.5750±0.1275  bal_acc=0.5750±0.1275
[2026-05-19 12:41:13]   33: acc=0.6000±0.2000  bal_acc=0.6000±0.2000
[2026-05-19 12:41:13]   34: acc=0.8000±0.1000  bal_acc=0.8000±0.1000
[2026-05-19 12:41:13]   35: acc=0.5750±0.1500  bal_acc=0.5750±0.1500
[2026-05-19 12:41:13]   36: acc=0.3000±0.1000  bal_acc=0.3000±0.1000
[2026-05-19 12:41:13]   37: acc=0.5250±0.1837  bal_acc=0.5250±0.1837
[2026-05-19 12:41:13]   38: acc=0.5750±0.1000  bal_acc=0.5750±0.1000
[2026-05-19 12:41:13]   39: acc=0.4250±0.2318  bal_acc=0.4250±0.2318
[2026-05-19 12:41:13]   40: acc=0.4750±0.0935  bal_acc=0.4750±0.0935
[2026-05-19 12:41:13]   41: acc=0.5750±0.1500  bal_acc=0.5750±0.1500
[2026-05-19 12:41:13]   42: acc=0.6000±0.1837  bal_acc=0.6000±0.1837
[2026-05-19 12:41:13]   43: acc=0.5000±0.1768  bal_acc=0.5000±0.1768
[2026-05-19 12:41:13]   44: acc=0.5250±0.1458  bal_acc=0.5250±0.1458
[2026-05-19 12:41:13]   45: acc=0.4000±0.1837  bal_acc=0.4000±0.1837
[2026-05-19 12:41:13]   46: acc=0.5000±0.1581  bal_acc=0.5000±0.1581
[2026-05-19 12:41:13]   47: acc=0.4500±0.1500  bal_acc=0.4500±0.1500
[2026-05-19 12:41:13]   48: acc=0.5500±0.1500  bal_acc=0.5500±0.1500
[2026-05-19 12:41:13]   49: acc=0.4750±0.0935  bal_acc=0.4750±0.0935
[2026-05-19 12:41:13]   50: acc=0.3750±0.0791  bal_acc=0.3750±0.0791
[2026-05-19 12:41:13] ----------------------------------------------------------------------
[2026-05-19 12:41:13]   OVERALL: acc=0.5280±0.1777  bal_acc=0.5280±0.1777
[2026-05-19 12:41:13] CV results saved to: /Users/vadim/Documents/School/Spring 2026/CSCE A698 Individual Research/EEG_JEPA/artifacts/liu2024-source-mat-sjepa-prelocal/Liu2024_SourceMAT/20260519_1234_0ab59bc8/cv_results.json
