[2026-06-14 13:21:01] Run ID:     20260614_1321_5fa009c7
[2026-06-14 13:21:01] Artifacts:  /home/vegorov/Repos/eeg_jepa_research/artifacts/liu2024-subject-adaptive-calibration/20260614_1321_5fa009c7
[2026-06-14 13:21:01] Config:     /home/vegorov/Repos/eeg_jepa_research/artifacts/liu2024-subject-adaptive-calibration/20260614_1321_5fa009c7/config.json
[2026-06-14 13:21:01] Using device: cpu
[2026-06-14 13:21:01] Seed initialized: 2026
[2026-06-14 13:21:01] Configured preprocessing pipeline:
[2026-06-14 13:21:01]   - [ON] source::select_eeg_channels | - select Liu EEG channels, drop CPz reference, EOG, and marker before model input
[2026-06-14 13:21:01]   - [off] source::demean | mode=none | baseline_window_s=[0.0, 2.0]
[2026-06-14 13:21:01]   - [off] source::detrend | mode=none
[2026-06-14 13:21:01]   - [off] source::eog_correction | mode=none
[2026-06-14 13:21:01]   - [off] source::artifact_clipping | mode=none | percentile=99.5
[2026-06-14 13:21:01]   - [ON] mne_raw::reference | timing=before_resample_filter | mode=average
[2026-06-14 13:21:01]   - [ON] mne_raw::resample | sfreq=128
[2026-06-14 13:21:01]   - [ON] mne_raw::bandpass_filter | l_freq=0.5 | h_freq=40.0 | method=fir | phase=zero | fir_design=firwin
[2026-06-14 13:21:01]   - [off] mne_raw::notch_filter | timing=after_bandpass
[2026-06-14 13:21:01]   - [ON] window::crop_fixed_mi_window | start_s=1.5 | target_window_samples=537
[2026-06-14 13:21:01]   - [off] window::bad_trial_rejection
[2026-06-14 13:21:01]   - [off] split::fold_safe_normalization | mode=none
[2026-06-14 13:21:01] Source extract dir: /home/vegorov/Repos/eeg_jepa_research/liu2024_data/liu2024_figshare/sourcedata
[2026-06-14 13:21:01] Found 50 .mat files
[2026-06-14 13:21:02] MAT structure preview saved to: /home/vegorov/Repos/eeg_jepa_research/artifacts/liu2024-subject-adaptive-calibration/20260614_1321_5fa009c7/mat_structure_preview_first_subject.csv
[2026-06-14 13:21:09] Subjects loaded: [1, 2, 3, 4, 5, 6, 7, 8, 9, 10, 11, 12, 13, 14, 15, 16, 17, 18, 19, 20, 21, 22, 23, 24, 25, 26, 27, 28, 29, 30, 31, 32, 33, 34, 35, 36, 37, 38, 39, 40, 41, 42, 43, 44, 45, 46, 47, 48, 49, 50]
[2026-06-14 13:21:09] Subject inventory saved to: /home/vegorov/Repos/eeg_jepa_research/artifacts/liu2024-subject-adaptive-calibration/20260614_1321_5fa009c7/subject_inventory.csv
[2026-06-14 13:21:23] X_ALL shape: (2000, 29, 537) | Y_ALL counts: [1000, 1000]
[2026-06-14 13:21:23] Preprocessing steps used:
[2026-06-14 13:21:23]   - select 29 EEG channels; drop CPz source reference, EOG, and marker
[2026-06-14 13:21:23]   - source demean skipped
[2026-06-14 13:21:23]   - source detrend skipped
[2026-06-14 13:21:23]   - EOG correction skipped
[2026-06-14 13:21:23]   - source artifact clipping skipped
[2026-06-14 13:21:23]   - convert source microvolts to MNE volts
[2026-06-14 13:21:23]   - average reference at before resample/filter
[2026-06-14 13:21:23]   - resample to 128 Hz
[2026-06-14 13:21:23]   - FIR bandpass 0.5–40.0 Hz | phase=zero | fir_design=firwin
[2026-06-14 13:21:23]   - convert MNE volts to model microvolts
[2026-06-14 13:21:23]   - crop fixed window samples [192:729]
[2026-06-14 13:21:23]   - bad-trial rejection skipped
[2026-06-14 13:21:23] Window summary saved to: /home/vegorov/Repos/eeg_jepa_research/artifacts/liu2024-subject-adaptive-calibration/20260614_1321_5fa009c7/window_counts_by_subject.csv
[2026-06-14 13:21:23] Tangent features: (2000, 435)
[2026-06-14 13:21:24] Extracted embeddings (2000, 64).
[2026-06-14 13:21:24] branches: ['riemann', 'sjepa', 'fusion'] | strategies: ['within_only', 'transfer_only', 'transfer_plus_cal']
[2026-06-14 13:21:24] Targets (6): ['7', '22', '23', '28', '40', '44']

[2026-06-14 13:36:47] Mean balanced accuracy by branch / strategy / K:

[2026-06-14 13:36:47] [riemann]
[2026-06-14 13:36:47] strategy  transfer_only  transfer_plus_cal  within_only
K                                                      
0                  51.7               51.7          NaN
4                  51.1               52.9         55.4
8                  51.9               54.9         60.4
12                 51.1               56.1         63.3
16                 50.9               55.4         64.7
24                 51.0               55.6         66.4

[2026-06-14 13:36:47] [sjepa]
[2026-06-14 13:36:47] strategy  transfer_only  transfer_plus_cal  within_only
K                                                      
0                  49.6               49.6          NaN
4                  49.9               51.1         52.3
8                  49.5               50.4         50.5
12                 50.9               52.0         51.5
16                 48.8               51.3         54.4
24                 50.4               52.3         54.0

[2026-06-14 13:36:47] [fusion]
[2026-06-14 13:36:47] strategy  transfer_only  transfer_plus_cal  within_only
K                                                      
0                  52.5               52.5          NaN
4                  51.8               53.3         55.9
8                  52.8               55.5         59.8
12                 52.0               55.7         62.6
16                 51.2               57.0         65.3
24                 51.6               56.8         67.0

[2026-06-14 13:36:47] ================ at K=24 (balanced accuracy %) ================
[2026-06-14 13:36:47] strategy  transfer_only  transfer_plus_cal  within_only
branch                                                 
fusion             51.6               56.8         67.0
riemann            51.0               55.6         66.4
sjepa              50.4               52.3         54.0
[2026-06-14 13:36:48] Saved: /home/vegorov/Repos/eeg_jepa_research/artifacts/liu2024-subject-adaptive-calibration/20260614_1321_5fa009c7/calibration_curves.png
[2026-06-14 13:36:48] Saved run metadata to: /home/vegorov/Repos/eeg_jepa_research/artifacts/liu2024-subject-adaptive-calibration/20260614_1321_5fa009c7/run_metadata.json
[2026-06-14 13:36:48]   - calibration_curve.csv
[2026-06-14 13:36:48]   - calibration_curves.png
[2026-06-14 13:36:48]   - calibration_summary.json
[2026-06-14 13:36:48]   - calibration_transfer_results.csv
[2026-06-14 13:36:48]   - config.json
[2026-06-14 13:36:48]   - mat_structure_preview_first_subject.csv
[2026-06-14 13:36:48]   - run.log
[2026-06-14 13:36:48]   - run_metadata.json
[2026-06-14 13:36:48]   - sjepa_embeddings.npz
[2026-06-14 13:36:48]   - subject_inventory.csv
[2026-06-14 13:36:48]   - window_counts_by_subject.csv
