[2026-06-13 09:48:39] Run ID:     20260613_0948_d81691de
[2026-06-13 09:48:39] Artifacts:  /Users/vadim/Documents/School/Spring 2026/CSCE A698 Individual Research/EEG_JEPA/artifacts/liu2024-supervised-classifier-diagnostics/20260613_0948_d81691de
[2026-06-13 09:48:39] Config:     /Users/vadim/Documents/School/Spring 2026/CSCE A698 Individual Research/EEG_JEPA/artifacts/liu2024-supervised-classifier-diagnostics/20260613_0948_d81691de/config.json
[2026-06-13 09:48:40] Using device: mps
[2026-06-13 09:48:40] Seed initialized: 2026
[2026-06-13 09:48:40] Configured preprocessing pipeline:
[2026-06-13 09:48:40]   - [ON] source::select_eeg_channels | - select Liu EEG channels, drop CPz reference, EOG, and marker before model input
[2026-06-13 09:48:40]   - [off] source::demean | mode=none | baseline_window_s=[0.0, 2.0]
[2026-06-13 09:48:40]   - [off] source::detrend | mode=none
[2026-06-13 09:48:40]   - [off] source::eog_correction | mode=none
[2026-06-13 09:48:40]   - [off] source::artifact_clipping | mode=none | percentile=99.5
[2026-06-13 09:48:40]   - [ON] mne_raw::reference | timing=before_resample_filter | mode=average
[2026-06-13 09:48:40]   - [ON] mne_raw::resample | sfreq=128
[2026-06-13 09:48:40]   - [ON] mne_raw::bandpass_filter | l_freq=0.5 | h_freq=40.0 | method=fir | phase=zero | fir_design=firwin
[2026-06-13 09:48:40]   - [off] mne_raw::notch_filter | timing=after_bandpass
[2026-06-13 09:48:40]   - [ON] window::crop_fixed_mi_window | start_s=1.5 | target_window_samples=537
[2026-06-13 09:48:40]   - [off] window::bad_trial_rejection
[2026-06-13 09:48:40]   - [off] split::fold_safe_normalization | mode=none
[2026-06-13 09:48:41] Source extract dir: /Users/vadim/Documents/School/Spring 2026/CSCE A698 Individual Research/EEG_JEPA/liu2024_data/liu2024_figshare/sourcedata
[2026-06-13 09:48:41] Found 50 .mat files
[2026-06-13 09:48:41] MAT structure preview saved to: /Users/vadim/Documents/School/Spring 2026/CSCE A698 Individual Research/EEG_JEPA/artifacts/liu2024-supervised-classifier-diagnostics/20260613_0948_d81691de/mat_structure_preview_first_subject.csv
[2026-06-13 09:48:47] Subjects loaded: [1, 2, 3, 4, 5, 6, 7, 8, 9, 10, 11, 12, 13, 14, 15, 16, 17, 18, 19, 20, 21, 22, 23, 24, 25, 26, 27, 28, 29, 30, 31, 32, 33, 34, 35, 36, 37, 38, 39, 40, 41, 42, 43, 44, 45, 46, 47, 48, 49, 50]
[2026-06-13 09:48:47] Subject inventory saved to: /Users/vadim/Documents/School/Spring 2026/CSCE A698 Individual Research/EEG_JEPA/artifacts/liu2024-supervised-classifier-diagnostics/20260613_0948_d81691de/subject_inventory.csv
[2026-06-13 09:49:01] X_ALL shape: (2000, 29, 537) | Y_ALL counts: [1000, 1000]
[2026-06-13 09:49:01] Preprocessing steps used:
[2026-06-13 09:49:01]   - select 29 EEG channels; drop CPz source reference, EOG, and marker
[2026-06-13 09:49:01]   - source demean skipped
[2026-06-13 09:49:01]   - source detrend skipped
[2026-06-13 09:49:01]   - EOG correction skipped
[2026-06-13 09:49:01]   - source artifact clipping skipped
[2026-06-13 09:49:01]   - convert source microvolts to MNE volts
[2026-06-13 09:49:01]   - average reference at before resample/filter
[2026-06-13 09:49:01]   - resample to 128 Hz
[2026-06-13 09:49:01]   - FIR bandpass 0.5–40.0 Hz | phase=zero | fir_design=firwin
[2026-06-13 09:49:01]   - convert MNE volts to model microvolts
[2026-06-13 09:49:01]   - crop fixed window samples [192:729]
[2026-06-13 09:49:01]   - bad-trial rejection skipped
[2026-06-13 09:49:01] Window summary saved to: /Users/vadim/Documents/School/Spring 2026/CSCE A698 Individual Research/EEG_JEPA/artifacts/liu2024-supervised-classifier-diagnostics/20260613_0948_d81691de/window_counts_by_subject.csv
[2026-06-13 09:49:02] Label inventory
[2026-06-13 09:49:02]   unique labels in Y_ALL (zero-based): [0, 1]  (source {1,2} mapped to {0,1} by labels_to_zero_based)
[2026-06-13 09:49:02]   global class counts: [1000, 1000]
[2026-06-13 09:49:02]   class_names (VERIFY mapping vs dataset docs): ['class_0', 'class_1']

[2026-06-13 09:49:02] All folds have >=1 sample per class in train & test: True
[2026-06-13 09:49:02] ======================================================================
[2026-06-13 09:49:02] METHOD: logreg_bandpower (sklearn_features)
[2026-06-13 09:49:02] ======================================================================
[2026-06-13 09:49:02]   subject 1: bal_acc=0.700±0.100
[2026-06-13 09:49:02]   subject 2: bal_acc=0.375±0.079
[2026-06-13 09:49:02]   subject 3: bal_acc=0.400±0.050
[2026-06-13 09:49:02]   subject 4: bal_acc=0.500±0.079
[2026-06-13 09:49:02]   subject 5: bal_acc=0.375±0.158
[2026-06-13 09:49:02]   subject 6: bal_acc=0.500±0.177
[2026-06-13 09:49:02]   subject 7: bal_acc=0.750±0.079
[2026-06-13 09:49:02]   subject 8: bal_acc=0.800±0.150
[2026-06-13 09:49:02]   subject 9: bal_acc=0.500±0.137
[2026-06-13 09:49:02]   subject 10: bal_acc=0.550±0.127
[2026-06-13 09:49:02]   subject 11: bal_acc=0.475±0.146
[2026-06-13 09:49:02]   subject 12: bal_acc=0.425±0.203
[2026-06-13 09:49:02]   subject 13: bal_acc=0.725±0.122
[2026-06-13 09:49:02]   subject 14: bal_acc=0.650±0.050
[2026-06-13 09:49:02]   subject 15: bal_acc=0.400±0.094
[2026-06-13 09:49:02]   subject 16: bal_acc=0.550±0.127
[2026-06-13 09:49:02]   subject 17: bal_acc=0.550±0.100
[2026-06-13 09:49:02]   subject 18: bal_acc=0.650±0.094
[2026-06-13 09:49:02]   subject 19: bal_acc=0.350±0.094
[2026-06-13 09:49:02]   subject 20: bal_acc=0.675±0.127
[2026-06-13 09:49:02]   subject 21: bal_acc=0.450±0.061
[2026-06-13 09:49:02]   subject 22: bal_acc=0.675±0.061
[2026-06-13 09:49:02]   subject 23: bal_acc=0.500±0.177
[2026-06-13 09:49:02]   subject 24: bal_acc=0.600±0.122
[2026-06-13 09:49:02]   subject 25: bal_acc=0.425±0.170
[2026-06-13 09:49:02]   subject 26: bal_acc=0.550±0.127
[2026-06-13 09:49:02]   subject 27: bal_acc=0.525±0.094
[2026-06-13 09:49:02]   subject 28: bal_acc=0.500±0.177
[2026-06-13 09:49:02]   subject 29: bal_acc=0.475±0.122
[2026-06-13 09:49:02]   subject 30: bal_acc=0.650±0.094
[2026-06-13 09:49:02]   subject 31: bal_acc=0.375±0.158
[2026-06-13 09:49:02]   subject 32: bal_acc=0.425±0.245
[2026-06-13 09:49:02]   subject 33: bal_acc=0.500±0.158
[2026-06-13 09:49:02]   subject 34: bal_acc=0.600±0.146
[2026-06-13 09:49:02]   subject 35: bal_acc=0.525±0.146
[2026-06-13 09:49:02]   subject 36: bal_acc=0.625±0.112
[2026-06-13 09:49:02]   subject 37: bal_acc=0.500±0.224
[2026-06-13 09:49:02]   subject 38: bal_acc=0.575±0.232
[2026-06-13 09:49:02]   subject 39: bal_acc=0.600±0.166
[2026-06-13 09:49:02]   subject 40: bal_acc=0.800±0.127
[2026-06-13 09:49:03]   subject 41: bal_acc=0.550±0.232
[2026-06-13 09:49:03]   subject 42: bal_acc=0.350±0.146
[2026-06-13 09:49:03]   subject 43: bal_acc=0.550±0.061
[2026-06-13 09:49:03]   subject 44: bal_acc=0.500±0.209
[2026-06-13 09:49:03]   subject 45: bal_acc=0.875±0.137
[2026-06-13 09:49:03]   subject 46: bal_acc=0.350±0.094
[2026-06-13 09:49:03]   subject 47: bal_acc=0.525±0.242
[2026-06-13 09:49:03]   subject 48: bal_acc=0.325±0.061
[2026-06-13 09:49:03]   subject 49: bal_acc=0.450±0.127
[2026-06-13 09:49:03]   subject 50: bal_acc=0.825±0.187
[2026-06-13 09:49:03]   -> logreg_bandpower: bal_acc=0.5415 | collapse_rate=0.016 | pos_class_pred_rate=0.5055
[2026-06-13 09:49:03] ======================================================================
[2026-06-13 09:49:03] METHOD: csp_lda (csp)
[2026-06-13 09:49:03] ======================================================================
[2026-06-13 09:49:03]   subject 1: FAILED (The leading minor of order 29 of B is not positive definite. The factorization of B could not be completed and no eigenvalues or eigenvectors were computed.)
[2026-06-13 09:49:03]   subject 2: bal_acc=0.475±0.166
[2026-06-13 09:49:03]   subject 3: FAILED (The leading minor of order 29 of B is not positive definite. The factorization of B could not be completed and no eigenvalues or eigenvectors were computed.)
[2026-06-13 09:49:03]   subject 4: bal_acc=0.525±0.050
[2026-06-13 09:49:03]   subject 5: bal_acc=0.450±0.170
[2026-06-13 09:49:03]   subject 6: FAILED (The leading minor of order 29 of B is not positive definite. The factorization of B could not be completed and no eigenvalues or eigenvectors were computed.)
[2026-06-13 09:49:03]   subject 7: FAILED (The leading minor of order 29 of B is not positive definite. The factorization of B could not be completed and no eigenvalues or eigenvectors were computed.)
[2026-06-13 09:49:03]   subject 8: FAILED (The leading minor of order 29 of B is not positive definite. The factorization of B could not be completed and no eigenvalues or eigenvectors were computed.)
[2026-06-13 09:49:03]   subject 9: bal_acc=0.525±0.094
[2026-06-13 09:49:04]   subject 10: bal_acc=0.450±0.150
[2026-06-13 09:49:04]   subject 11: FAILED (The leading minor of order 29 of B is not positive definite. The factorization of B could not be completed and no eigenvalues or eigenvectors were computed.)
[2026-06-13 09:49:04]   subject 12: FAILED (The leading minor of order 29 of B is not positive definite. The factorization of B could not be completed and no eigenvalues or eigenvectors were computed.)
[2026-06-13 09:49:04]   subject 13: bal_acc=0.750±0.262
[2026-06-13 09:49:04]   subject 14: FAILED (The leading minor of order 29 of B is not positive definite. The factorization of B could not be completed and no eigenvalues or eigenvectors were computed.)
[2026-06-13 09:49:04]   subject 15: bal_acc=0.575±0.170
[2026-06-13 09:49:04]   subject 16: bal_acc=0.475±0.094
[2026-06-13 09:49:04]   subject 17: FAILED (The leading minor of order 29 of B is not positive definite. The factorization of B could not be completed and no eigenvalues or eigenvectors were computed.)
[2026-06-13 09:49:04]   subject 18: FAILED (The leading minor of order 29 of B is not positive definite. The factorization of B could not be completed and no eigenvalues or eigenvectors were computed.)
[2026-06-13 09:49:04]   subject 19: FAILED (The leading minor of order 29 of B is not positive definite. The factorization of B could not be completed and no eigenvalues or eigenvectors were computed.)
[2026-06-13 09:49:04]   subject 20: bal_acc=0.800±0.127
[2026-06-13 09:49:04]   subject 21: FAILED (The leading minor of order 29 of B is not positive definite. The factorization of B could not be completed and no eigenvalues or eigenvectors were computed.)
[2026-06-13 09:49:04]   subject 22: FAILED (The leading minor of order 29 of B is not positive definite. The factorization of B could not be completed and no eigenvalues or eigenvectors were computed.)
[2026-06-13 09:49:04]   subject 23: FAILED (The leading minor of order 29 of B is not positive definite. The factorization of B could not be completed and no eigenvalues or eigenvectors were computed.)
[2026-06-13 09:49:04]   subject 24: bal_acc=0.500±0.224
[2026-06-13 09:49:05]   subject 25: FAILED (The leading minor of order 29 of B is not positive definite. The factorization of B could not be completed and no eigenvalues or eigenvectors were computed.)
[2026-06-13 09:49:05]   subject 26: FAILED (The leading minor of order 29 of B is not positive definite. The factorization of B could not be completed and no eigenvalues or eigenvectors were computed.)
[2026-06-13 09:49:05]   subject 27: bal_acc=0.450±0.100
[2026-06-13 09:49:05]   subject 28: FAILED (The leading minor of order 29 of B is not positive definite. The factorization of B could not be completed and no eigenvalues or eigenvectors were computed.)
[2026-06-13 09:49:05]   subject 29: FAILED (The leading minor of order 29 of B is not positive definite. The factorization of B could not be completed and no eigenvalues or eigenvectors were computed.)
[2026-06-13 09:49:05]   subject 30: bal_acc=0.825±0.061
[2026-06-13 09:49:05]   subject 31: bal_acc=0.375±0.194
[2026-06-13 09:49:05]   subject 32: FAILED (The leading minor of order 29 of B is not positive definite. The factorization of B could not be completed and no eigenvalues or eigenvectors were computed.)
[2026-06-13 09:49:05]   subject 33: bal_acc=0.500±0.177
[2026-06-13 09:49:05]   subject 34: bal_acc=0.575±0.127
[2026-06-13 09:49:05]   subject 35: bal_acc=0.300±0.100
[2026-06-13 09:49:05]   subject 36: bal_acc=0.525±0.122
[2026-06-13 09:49:06]   subject 37: bal_acc=0.550±0.150
[2026-06-13 09:49:06]   subject 38: FAILED (The leading minor of order 29 of B is not positive definite. The factorization of B could not be completed and no eigenvalues or eigenvectors were computed.)
[2026-06-13 09:49:06]   subject 39: bal_acc=0.425±0.127
[2026-06-13 09:49:06]   subject 40: bal_acc=0.775±0.278
[2026-06-13 09:49:06]   subject 41: bal_acc=0.500±0.177
[2026-06-13 09:49:06]   subject 42: FAILED (The leading minor of order 29 of B is not positive definite. The factorization of B could not be completed and no eigenvalues or eigenvectors were computed.)
[2026-06-13 09:49:06]   subject 43: FAILED (The leading minor of order 29 of B is not positive definite. The factorization of B could not be completed and no eigenvalues or eigenvectors were computed.)
[2026-06-13 09:49:06]   subject 44: FAILED (The leading minor of order 29 of B is not positive definite. The factorization of B could not be completed and no eigenvalues or eigenvectors were computed.)
[2026-06-13 09:49:06]   subject 45: FAILED (The leading minor of order 29 of B is not positive definite. The factorization of B could not be completed and no eigenvalues or eigenvectors were computed.)
[2026-06-13 09:49:06]   subject 46: FAILED (The leading minor of order 29 of B is not positive definite. The factorization of B could not be completed and no eigenvalues or eigenvectors were computed.)
[2026-06-13 09:49:06]   subject 47: FAILED (The leading minor of order 29 of B is not positive definite. The factorization of B could not be completed and no eigenvalues or eigenvectors were computed.)
[2026-06-13 09:49:06]   subject 48: FAILED (The leading minor of order 29 of B is not positive definite. The factorization of B could not be completed and no eigenvalues or eigenvectors were computed.)
[2026-06-13 09:49:06]   subject 49: bal_acc=0.575±0.170
[2026-06-13 09:49:06]   subject 50: bal_acc=0.750±0.224
[2026-06-13 09:49:06]   -> csp_lda: bal_acc=0.55 | collapse_rate=0.02608695652173913 | pos_class_pred_rate=0.45869565217391306
[2026-06-13 09:49:06] ======================================================================
[2026-06-13 09:49:06] METHOD: fbcsp_lda (fbcsp)
[2026-06-13 09:49:06] ======================================================================
[2026-06-13 09:49:08]   subject 1: bal_acc=0.425±0.187
[2026-06-13 09:49:09]   subject 2: bal_acc=0.550±0.100
[2026-06-13 09:49:10]   subject 3: bal_acc=0.525±0.146
[2026-06-13 09:49:11]   subject 4: bal_acc=0.400±0.050
[2026-06-13 09:49:13]   subject 5: bal_acc=0.475±0.200
[2026-06-13 09:49:14]   subject 6: bal_acc=0.425±0.150
[2026-06-13 09:49:15]   subject 7: bal_acc=0.600±0.200
[2026-06-13 09:49:16]   subject 8: bal_acc=0.475±0.094
[2026-06-13 09:49:17]   subject 9: bal_acc=0.475±0.146
[2026-06-13 09:49:19]   subject 10: bal_acc=0.550±0.127
[2026-06-13 09:49:20]   subject 11: bal_acc=0.475±0.122
[2026-06-13 09:49:21]   subject 12: bal_acc=0.525±0.050
[2026-06-13 09:49:22]   subject 13: bal_acc=0.550±0.187
[2026-06-13 09:49:23]   subject 14: bal_acc=0.475±0.122
[2026-06-13 09:49:24]   subject 15: bal_acc=0.425±0.203
[2026-06-13 09:49:26]   subject 16: bal_acc=0.600±0.166
[2026-06-13 09:49:27]   subject 17: bal_acc=0.525±0.146
[2026-06-13 09:49:28]   subject 18: bal_acc=0.575±0.170
[2026-06-13 09:49:29]   subject 19: bal_acc=0.550±0.170
[2026-06-13 09:49:30]   subject 20: bal_acc=0.525±0.146
[2026-06-13 09:49:32]   subject 21: bal_acc=0.625±0.158
[2026-06-13 09:49:33]   subject 22: bal_acc=0.600±0.184
[2026-06-13 09:49:34]   subject 23: bal_acc=0.500±0.237
[2026-06-13 09:49:35]   subject 24: bal_acc=0.525±0.094
[2026-06-13 09:49:36]   subject 25: bal_acc=0.525±0.200
[2026-06-13 09:49:38]   subject 26: bal_acc=0.475±0.146
[2026-06-13 09:49:39]   subject 27: bal_acc=0.400±0.094
[2026-06-13 09:49:40]   subject 28: bal_acc=0.650±0.146
[2026-06-13 09:49:41]   subject 29: bal_acc=0.500±0.177
[2026-06-13 09:49:42]   subject 30: bal_acc=0.650±0.146
[2026-06-13 09:49:44]   subject 31: bal_acc=0.600±0.184
[2026-06-13 09:49:45]   subject 32: bal_acc=0.550±0.127
[2026-06-13 09:49:46]   subject 33: bal_acc=0.525±0.146
[2026-06-13 09:49:47]   subject 34: bal_acc=0.550±0.127
[2026-06-13 09:49:48]   subject 35: bal_acc=0.575±0.170
[2026-06-13 09:49:49]   subject 36: bal_acc=0.450±0.203
[2026-06-13 09:49:50]   subject 37: bal_acc=0.725±0.122
[2026-06-13 09:49:52]   subject 38: bal_acc=0.525±0.215
[2026-06-13 09:49:53]   subject 39: bal_acc=0.550±0.232
[2026-06-13 09:49:54]   subject 40: bal_acc=0.800±0.127
[2026-06-13 09:49:56]   subject 41: bal_acc=0.425±0.100
[2026-06-13 09:49:57]   subject 42: bal_acc=0.450±0.127
[2026-06-13 09:49:58]   subject 43: bal_acc=0.450±0.127
[2026-06-13 09:50:00]   subject 44: bal_acc=0.525±0.200
[2026-06-13 09:50:01]   subject 45: bal_acc=0.625±0.079
[2026-06-13 09:50:02]   subject 46: bal_acc=0.600±0.146
[2026-06-13 09:50:03]   subject 47: bal_acc=0.625±0.177
[2026-06-13 09:50:04]   subject 48: bal_acc=0.550±0.170
[2026-06-13 09:50:06]   subject 49: bal_acc=0.425±0.127
[2026-06-13 09:50:07]   subject 50: bal_acc=0.525±0.146
[2026-06-13 09:50:07]   -> fbcsp_lda: bal_acc=0.5325 | collapse_rate=0.008 | pos_class_pred_rate=0.5095
[2026-06-13 09:50:07] ======================================================================
[2026-06-13 09:50:07] METHOD: eegnet (eegnet)
[2026-06-13 09:50:07] ======================================================================
[2026-06-13 09:50:07]   subject 1: FAILED (SubjectArrayDataset.__init__() missing 1 required positional argument: 'subject_id')
[2026-06-13 09:50:07]   subject 2: FAILED (SubjectArrayDataset.__init__() missing 1 required positional argument: 'subject_id')
[2026-06-13 09:50:07]   subject 3: FAILED (SubjectArrayDataset.__init__() missing 1 required positional argument: 'subject_id')
[2026-06-13 09:50:07]   subject 4: FAILED (SubjectArrayDataset.__init__() missing 1 required positional argument: 'subject_id')
[2026-06-13 09:50:07]   subject 5: FAILED (SubjectArrayDataset.__init__() missing 1 required positional argument: 'subject_id')
[2026-06-13 09:50:07]   subject 6: FAILED (SubjectArrayDataset.__init__() missing 1 required positional argument: 'subject_id')
[2026-06-13 09:50:07]   subject 7: FAILED (SubjectArrayDataset.__init__() missing 1 required positional argument: 'subject_id')
[2026-06-13 09:50:07]   subject 8: FAILED (SubjectArrayDataset.__init__() missing 1 required positional argument: 'subject_id')
[2026-06-13 09:50:07]   subject 9: FAILED (SubjectArrayDataset.__init__() missing 1 required positional argument: 'subject_id')
[2026-06-13 09:50:07]   subject 10: FAILED (SubjectArrayDataset.__init__() missing 1 required positional argument: 'subject_id')
[2026-06-13 09:50:07]   subject 11: FAILED (SubjectArrayDataset.__init__() missing 1 required positional argument: 'subject_id')
[2026-06-13 09:50:07]   subject 12: FAILED (SubjectArrayDataset.__init__() missing 1 required positional argument: 'subject_id')
[2026-06-13 09:50:07]   subject 13: FAILED (SubjectArrayDataset.__init__() missing 1 required positional argument: 'subject_id')
[2026-06-13 09:50:07]   subject 14: FAILED (SubjectArrayDataset.__init__() missing 1 required positional argument: 'subject_id')
[2026-06-13 09:50:07]   subject 15: FAILED (SubjectArrayDataset.__init__() missing 1 required positional argument: 'subject_id')
[2026-06-13 09:50:07]   subject 16: FAILED (SubjectArrayDataset.__init__() missing 1 required positional argument: 'subject_id')
[2026-06-13 09:50:07]   subject 17: FAILED (SubjectArrayDataset.__init__() missing 1 required positional argument: 'subject_id')
[2026-06-13 09:50:07]   subject 18: FAILED (SubjectArrayDataset.__init__() missing 1 required positional argument: 'subject_id')
[2026-06-13 09:50:07]   subject 19: FAILED (SubjectArrayDataset.__init__() missing 1 required positional argument: 'subject_id')
[2026-06-13 09:50:07]   subject 20: FAILED (SubjectArrayDataset.__init__() missing 1 required positional argument: 'subject_id')
[2026-06-13 09:50:07]   subject 21: FAILED (SubjectArrayDataset.__init__() missing 1 required positional argument: 'subject_id')
[2026-06-13 09:50:07]   subject 22: FAILED (SubjectArrayDataset.__init__() missing 1 required positional argument: 'subject_id')
[2026-06-13 09:50:07]   subject 23: FAILED (SubjectArrayDataset.__init__() missing 1 required positional argument: 'subject_id')
[2026-06-13 09:50:07]   subject 24: FAILED (SubjectArrayDataset.__init__() missing 1 required positional argument: 'subject_id')
[2026-06-13 09:50:07]   subject 25: FAILED (SubjectArrayDataset.__init__() missing 1 required positional argument: 'subject_id')
[2026-06-13 09:50:07]   subject 26: FAILED (SubjectArrayDataset.__init__() missing 1 required positional argument: 'subject_id')
[2026-06-13 09:50:07]   subject 27: FAILED (SubjectArrayDataset.__init__() missing 1 required positional argument: 'subject_id')
[2026-06-13 09:50:07]   subject 28: FAILED (SubjectArrayDataset.__init__() missing 1 required positional argument: 'subject_id')
[2026-06-13 09:50:07]   subject 29: FAILED (SubjectArrayDataset.__init__() missing 1 required positional argument: 'subject_id')
[2026-06-13 09:50:07]   subject 30: FAILED (SubjectArrayDataset.__init__() missing 1 required positional argument: 'subject_id')
[2026-06-13 09:50:07]   subject 31: FAILED (SubjectArrayDataset.__init__() missing 1 required positional argument: 'subject_id')
[2026-06-13 09:50:07]   subject 32: FAILED (SubjectArrayDataset.__init__() missing 1 required positional argument: 'subject_id')
[2026-06-13 09:50:07]   subject 33: FAILED (SubjectArrayDataset.__init__() missing 1 required positional argument: 'subject_id')
[2026-06-13 09:50:07]   subject 34: FAILED (SubjectArrayDataset.__init__() missing 1 required positional argument: 'subject_id')
[2026-06-13 09:50:07]   subject 35: FAILED (SubjectArrayDataset.__init__() missing 1 required positional argument: 'subject_id')
[2026-06-13 09:50:07]   subject 36: FAILED (SubjectArrayDataset.__init__() missing 1 required positional argument: 'subject_id')
[2026-06-13 09:50:07]   subject 37: FAILED (SubjectArrayDataset.__init__() missing 1 required positional argument: 'subject_id')
[2026-06-13 09:50:07]   subject 38: FAILED (SubjectArrayDataset.__init__() missing 1 required positional argument: 'subject_id')
[2026-06-13 09:50:07]   subject 39: FAILED (SubjectArrayDataset.__init__() missing 1 required positional argument: 'subject_id')
[2026-06-13 09:50:07]   subject 40: FAILED (SubjectArrayDataset.__init__() missing 1 required positional argument: 'subject_id')
[2026-06-13 09:50:07]   subject 41: FAILED (SubjectArrayDataset.__init__() missing 1 required positional argument: 'subject_id')
[2026-06-13 09:50:07]   subject 42: FAILED (SubjectArrayDataset.__init__() missing 1 required positional argument: 'subject_id')
[2026-06-13 09:50:07]   subject 43: FAILED (SubjectArrayDataset.__init__() missing 1 required positional argument: 'subject_id')
[2026-06-13 09:50:07]   subject 44: FAILED (SubjectArrayDataset.__init__() missing 1 required positional argument: 'subject_id')
[2026-06-13 09:50:07]   subject 45: FAILED (SubjectArrayDataset.__init__() missing 1 required positional argument: 'subject_id')
[2026-06-13 09:50:07]   subject 46: FAILED (SubjectArrayDataset.__init__() missing 1 required positional argument: 'subject_id')
[2026-06-13 09:50:07]   subject 47: FAILED (SubjectArrayDataset.__init__() missing 1 required positional argument: 'subject_id')
[2026-06-13 09:50:07]   subject 48: FAILED (SubjectArrayDataset.__init__() missing 1 required positional argument: 'subject_id')
[2026-06-13 09:50:07]   subject 49: FAILED (SubjectArrayDataset.__init__() missing 1 required positional argument: 'subject_id')
[2026-06-13 09:50:07]   subject 50: FAILED (SubjectArrayDataset.__init__() missing 1 required positional argument: 'subject_id')
[2026-06-13 09:50:07] [skip] eegnet: no results.
[2026-06-13 09:50:07] ======================================================================
[2026-06-13 09:50:07] METHOD: riemann_mdm (riemann)
[2026-06-13 09:50:07] ======================================================================
[2026-06-13 09:50:07]   subject 1: bal_acc=0.325±0.100
[2026-06-13 09:50:08]   subject 2: bal_acc=0.425±0.100
[2026-06-13 09:50:08]   subject 3: bal_acc=0.575±0.170
[2026-06-13 09:50:08]   subject 4: bal_acc=0.475±0.146
[2026-06-13 09:50:08]   subject 5: bal_acc=0.600±0.094
[2026-06-13 09:50:08]   subject 6: bal_acc=0.425±0.100
[2026-06-13 09:50:09]   subject 7: bal_acc=0.800±0.127
[2026-06-13 09:50:09]   subject 8: bal_acc=0.700±0.127
[2026-06-13 09:50:09]   subject 9: bal_acc=0.425±0.100
[2026-06-13 09:50:09]   subject 10: bal_acc=0.275±0.184
[2026-06-13 09:50:09]   subject 11: bal_acc=0.400±0.094
[2026-06-13 09:50:10]   subject 12: bal_acc=0.400±0.166
[2026-06-13 09:50:10]   subject 13: bal_acc=0.675±0.127
[2026-06-13 09:50:10]   subject 14: bal_acc=0.500±0.112
[2026-06-13 09:50:10]   subject 15: bal_acc=0.525±0.094
[2026-06-13 09:50:10]   subject 16: bal_acc=0.475±0.094
[2026-06-13 09:50:11]   subject 17: bal_acc=0.325±0.127
[2026-06-13 09:50:11]   subject 18: bal_acc=0.675±0.170
[2026-06-13 09:50:11]   subject 19: bal_acc=0.400±0.146
[2026-06-13 09:50:11]   subject 20: bal_acc=0.750±0.079
[2026-06-13 09:50:11]   subject 21: bal_acc=0.275±0.050
[2026-06-13 09:50:12]   subject 22: bal_acc=0.675±0.100
[2026-06-13 09:50:12]   subject 23: bal_acc=0.475±0.094
[2026-06-13 09:50:12]   subject 24: bal_acc=0.425±0.170
[2026-06-13 09:50:12]   subject 25: bal_acc=0.525±0.094
[2026-06-13 09:50:12]   subject 26: bal_acc=0.550±0.100
[2026-06-13 09:50:13]   subject 27: bal_acc=0.525±0.146
[2026-06-13 09:50:13]   subject 28: bal_acc=0.575±0.127
[2026-06-13 09:50:13]   subject 29: bal_acc=0.600±0.122
[2026-06-13 09:50:13]   subject 30: bal_acc=0.800±0.281
[2026-06-13 09:50:13]   subject 31: bal_acc=0.400±0.166
[2026-06-13 09:50:14]   subject 32: bal_acc=0.550±0.203
[2026-06-13 09:50:14]   subject 33: bal_acc=0.325±0.170
[2026-06-13 09:50:14]   subject 34: bal_acc=0.475±0.094
[2026-06-13 09:50:14]   subject 35: bal_acc=0.250±0.079
[2026-06-13 09:50:15]   subject 36: bal_acc=0.325±0.203
[2026-06-13 09:50:15]   subject 37: bal_acc=0.625±0.137
[2026-06-13 09:50:15]   subject 38: bal_acc=0.575±0.257
[2026-06-13 09:50:15]   subject 39: bal_acc=0.625±0.158
[2026-06-13 09:50:15]   subject 40: bal_acc=0.850±0.094
[2026-06-13 09:50:16]   subject 41: bal_acc=0.500±0.137
[2026-06-13 09:50:16]   subject 42: bal_acc=0.625±0.112
[2026-06-13 09:50:16]   subject 43: bal_acc=0.575±0.100
[2026-06-13 09:50:16]   subject 44: bal_acc=0.450±0.127
[2026-06-13 09:50:17]   subject 45: bal_acc=0.850±0.146
[2026-06-13 09:50:17]   subject 46: bal_acc=0.400±0.122
[2026-06-13 09:50:17]   subject 47: bal_acc=0.400±0.184
[2026-06-13 09:50:17]   subject 48: bal_acc=0.525±0.122
[2026-06-13 09:50:17]   subject 49: bal_acc=0.450±0.100
[2026-06-13 09:50:18]   subject 50: bal_acc=0.575±0.170
[2026-06-13 09:50:18]   -> riemann_mdm: bal_acc=0.5185 | collapse_rate=0.04 | pos_class_pred_rate=0.5235
[2026-06-13 09:50:18] No S-JEPA reference run loaded (set CONFIG['sjepa_reference_run_dir'] to compare).
[2026-06-13 09:50:18] Saved: /Users/vadim/Documents/School/Spring 2026/CSCE A698 Individual Research/EEG_JEPA/artifacts/liu2024-supervised-classifier-diagnostics/20260613_0948_d81691de/method_comparison.png

[2026-06-13 09:50:18] Subjects at/below 0.55 mean balanced accuracy across all methods (candidate 'consistently hard'): ['35', '19', '31', '11', '12', '6', '21', '46', '2', '10', '33', '48', '17', '49', '4', '5', '27', '42', '15', '36', '9', '1', '44', '23', '25', '41', '3', '32', '24', '47', '26', '16', '43', '29', '14', '34', '39']
[2026-06-13 09:50:18] Saved: /Users/vadim/Documents/School/Spring 2026/CSCE A698 Individual Research/EEG_JEPA/artifacts/liu2024-supervised-classifier-diagnostics/20260613_0948_d81691de/subject_by_method_heatmap.png
[2026-06-13 09:51:22] Window-start sensitivity (logreg_bandpower, balanced accuracy):
[2026-06-13 09:51:22] mi_window_start_s    0.5    1.0    1.5    2.0    2.5    3.0
subject_id                                                 
1                  0.425  0.625  0.700  0.700  0.575  0.625
10                 0.450  0.500  0.550  0.425  0.525  0.450
11                 0.400  0.475  0.475  0.600  0.650  0.725
12                 0.350  0.450  0.425  0.400  0.500  0.500
13                 0.700  0.725  0.725  0.725  0.725  0.700
14                 0.750  0.625  0.650  0.475  0.525  0.525
15                 0.300  0.375  0.400  0.700  0.550  0.550
16                 0.600  0.600  0.550  0.425  0.525  0.475
17                 0.350  0.400  0.550  0.525  0.375  0.325
18                 0.650  0.650  0.650  0.700  0.625  0.550
19                 0.450  0.425  0.350  0.375  0.475  0.425
2                  0.525  0.400  0.375  0.450  0.500  0.525
20                 0.625  0.600  0.675  0.675  0.650  0.675
21                 0.200  0.425  0.450  0.300  0.375  0.550
22                 0.575  0.600  0.675  0.575  0.650  0.725
23                 0.525  0.575  0.500  0.500  0.575  0.525
24                 0.525  0.575  0.600  0.600  0.575  0.575
25                 0.550  0.450  0.425  0.375  0.400  0.375
26                 0.500  0.425  0.550  0.575  0.525  0.475
27                 0.600  0.550  0.525  0.550  0.425  0.450
28                 0.625  0.775  0.500  0.450  0.525  0.475
29                 0.375  0.575  0.475  0.600  0.600  0.550
3                  0.425  0.500  0.400  0.375  0.425  0.400
30                 0.850  0.750  0.650  0.725  0.800  0.875
31                 0.500  0.325  0.375  0.475  0.450  0.250
32                 0.625  0.575  0.425  0.375  0.475  0.475
33                 0.450  0.450  0.500  0.525  0.550  0.475
34                 0.650  0.650  0.600  0.600  0.650  0.625
35                 0.500  0.550  0.525  0.500  0.550  0.525
36                 0.425  0.600  0.625  0.625  0.625  0.650
37                 0.475  0.525  0.500  0.450  0.400  0.450
38                 0.700  0.650  0.575  0.525  0.650  0.525
39                 0.700  0.625  0.600  0.675  0.600  0.625
4                  0.625  0.500  0.500  0.450  0.350  0.225
40                 0.650  0.750  0.800  0.775  0.700  0.700
41                 0.525  0.500  0.550  0.575  0.600  0.375
42                 0.350  0.500  0.350  0.450  0.625  0.725
43                 0.475  0.475  0.550  0.550  0.375  0.325
44                 0.475  0.525  0.500  0.500  0.500  0.475
45                 0.750  0.825  0.875  0.925  0.875  0.825
46                 0.475  0.350  0.350  0.250  0.275  0.300
47                 0.525  0.425  0.525  0.425  0.450  0.350
48                 0.550  0.500  0.325  0.475  0.400  0.350
49                 0.550  0.500  0.450  0.425  0.400  0.550
5                  0.400  0.375  0.375  0.475  0.450  0.425
50                 0.775  0.800  0.825  0.775  0.775  0.775
6                  0.325  0.450  0.500  0.425  0.450  0.400
7                  0.625  0.700  0.750  0.825  0.825  0.875
8                  0.800  0.750  0.800  0.725  0.700  0.750
9                  0.375  0.400  0.500  0.525  0.625  0.575
[2026-06-13 09:51:22] Saved: /Users/vadim/Documents/School/Spring 2026/CSCE A698 Individual Research/EEG_JEPA/artifacts/liu2024-supervised-classifier-diagnostics/20260613_0948_d81691de/window_start_sensitivity.png
[2026-06-13 09:51:22] Saved: /Users/vadim/Documents/School/Spring 2026/CSCE A698 Individual Research/EEG_JEPA/artifacts/liu2024-supervised-classifier-diagnostics/20260613_0948_d81691de/calibration_reliability.png
[2026-06-13 09:51:22] Saved run metadata to: /Users/vadim/Documents/School/Spring 2026/CSCE A698 Individual Research/EEG_JEPA/artifacts/liu2024-supervised-classifier-diagnostics/20260613_0948_d81691de/run_metadata.json
[2026-06-13 09:51:22] Artifacts:
[2026-06-13 09:51:22]   - calibration_reliability.png
[2026-06-13 09:51:22]   - config.json
[2026-06-13 09:51:22]   - label_split_sanity.csv
[2026-06-13 09:51:22]   - mat_structure_preview_first_subject.csv
[2026-06-13 09:51:22]   - method_comparison.csv
[2026-06-13 09:51:22]   - method_comparison.png
[2026-06-13 09:51:22]   - method_csp_lda
[2026-06-13 09:51:22]   - method_fbcsp_lda
[2026-06-13 09:51:22]   - method_logreg_bandpower
[2026-06-13 09:51:22]   - method_riemann_mdm
[2026-06-13 09:51:22]   - method_summary.json
[2026-06-13 09:51:22]   - run.log
[2026-06-13 09:51:22]   - run_metadata.json
[2026-06-13 09:51:22]   - subject_by_method_balacc.csv
[2026-06-13 09:51:22]   - subject_by_method_heatmap.png
[2026-06-13 09:51:22]   - subject_inventory.csv
[2026-06-13 09:51:22]   - window_counts_by_subject.csv
[2026-06-13 09:51:22]   - window_start_sensitivity.csv
[2026-06-13 09:51:22]   - window_start_sensitivity.png
