[2026-05-18 12:00:51] Using device: mps
[2026-05-18 12:00:52] Seed initialized: 12
[2026-05-18 12:00:52] ======================================================================
[2026-05-18 12:00:52] CONFIGURATION
[2026-05-18 12:00:52] ======================================================================
[2026-05-18 12:00:52]   artifact_dir: /Users/vadim/Documents/School/Spring 2026/CSCE A698 Individual Research/EEG_JEPA/artifacts/moabb-mi-sjepa
[2026-05-18 12:00:52]   bandpass_high: 40.0
[2026-05-18 12:00:52]   bandpass_low: 0.5
[2026-05-18 12:00:52]   batch_size: 32
[2026-05-18 12:00:52]   collapse_threshold: 0.9
[2026-05-18 12:00:52]   cv_folds: 5
[2026-05-18 12:00:52]   dataset_name: Liu2024
[2026-05-18 12:00:52]   dataset_source: moabb
[2026-05-18 12:00:52]   early_stopping_patience: None
[2026-05-18 12:00:52]   exclude_subjects: []
[2026-05-18 12:00:52]   extract_spatial_conv_weights: True
[2026-05-18 12:00:52]   labels_to_keep: ['left_hand', 'right_hand']
[2026-05-18 12:00:52]   learning_rate: 0.001
[2026-05-18 12:00:52]   log_probability_diagnostics: True
[2026-05-18 12:00:52]   log_spatial_update_stats: True
[2026-05-18 12:00:52]   max_spatial_filters_to_plot: 8
[2026-05-18 12:00:52]   moabb_dataset_kwargs: {}
[2026-05-18 12:00:52]   model_name: SignalJEPA_PreLocal
[2026-05-18 12:00:52]   n_epochs: 50
[2026-05-18 12:00:52]   plot_individual_spatial_filters: True
[2026-05-18 12:00:52]   preprocessed_concat_dir: None
[2026-05-18 12:00:52]   pretrained_mode: from_pretrained
[2026-05-18 12:00:52]   save_spatial_weight_plots: True
[2026-05-18 12:00:52]   seed: 12
[2026-05-18 12:00:52]   set_seed: True
[2026-05-18 12:00:52]   sfreq: 128
[2026-05-18 12:00:52]   strategy: new
[2026-05-18 12:00:52]   subjects_to_use: None
[2026-05-18 12:00:52]   target_window_duration_s: 4.2
[2026-05-18 12:00:52]   topomap_dpi: 160
[2026-05-18 12:00:52]   val_split: 0.2
[2026-05-18 12:00:52]   warmup_epochs: 10
[2026-05-18 12:00:52] ======================================================================
[2026-05-18 12:00:52] Config saved to: /Users/vadim/Documents/School/Spring 2026/CSCE A698 Individual Research/EEG_JEPA/artifacts/moabb-mi-sjepa/Liu2024/20260518_1200_7a630d09/config.json
[2026-05-18 12:00:52] Epoch window configuration:
[2026-05-18 12:00:52]   Target sfreq:            128 Hz
[2026-05-18 12:00:52]   Requested duration:      4.200 s
[2026-05-18 12:00:52]   Expected window samples: 537

[2026-05-18 12:00:52] Preprocessed concat dataset exists: False at /Users/vadim/Documents/School/Spring 2026/CSCE A698 Individual Research/EEG_JEPA/preprocessed_concat_datasets/Liu2024_048eba1d_w8653d5_subjects_66243829

[2026-05-18 12:00:52] Building MOABBDataset for Liu2024...
[2026-05-18 12:00:52]   Subject IDs:     [1, 2, 3, 4, 5, 6, 7, 8, 9, 10, 11, 12, 13, 14, 15, 16, 17, 18, 19, 20, 21, 22, 23, 24, 25, 26, 27, 28, 29, 30, 31, 32, 33, 34, 35, 36, 37, 38, 39, 40, 41, 42, 43, 44, 45, 46, 47, 48, 49, 50]
[2026-05-18 12:00:52]   Dataset kwargs:  {}
[2026-05-18 12:00:52] 1.4.3
[2026-05-18 12:01:19]   Recordings loaded: 50
[2026-05-18 12:01:19]   Raw labels:        ['left_hand', 'right_hand']
[2026-05-18 12:01:19] Applying preprocessing...
[2026-05-18 12:01:28] Saved preprocessed raw concat dataset to: /Users/vadim/Documents/School/Spring 2026/CSCE A698 Individual Research/EEG_JEPA/preprocessed_concat_datasets/Liu2024_048eba1d_w8653d5_subjects_66243829

[2026-05-18 12:01:29] Post-load raw validation
[2026-05-18 12:01:29]   Recordings:          50
[2026-05-18 12:01:29]   Subjects loaded:     ['1', '2', '3', '4', '5', '6', '7', '8', '9', '10', '11', '12', '13', '14', '15', '16', '17', '18', '19', '20', '21', '22', '23', '24', '25', '26', '27', '28', '29', '30', '31', '32', '33', '34', '35', '36', '37', '38', '39', '40', '41', '42', '43', '44', '45', '46', '47', '48', '49', '50']
[2026-05-18 12:01:29]   sfreq first rec:     128.0 Hz
[2026-05-18 12:01:29]   EEG channel count:   29
[2026-05-18 12:01:29]   Labels present:      ['left_hand', 'right_hand']
[2026-05-18 12:01:29]   Labels selected:     ['left_hand', 'right_hand']
[2026-05-18 12:01:29] Annotation counts before filtering: {np.str_('left_hand'): 1000, np.str_('right_hand'): 950}
[2026-05-18 12:01:29] Filtered annotations: kept 1950 / 1950
[2026-05-18 12:01:29] Annotation counts after filtering:  {np.str_('left_hand'): 1000, np.str_('right_hand'): 950}
[2026-05-18 12:01:29] Updated annotation durations:       1950
