[2026-06-17 00:08:39] ======================================================================
[2026-06-17 00:08:39] Experiment: A_riemann_only_lda
[2026-06-17 00:08:39] Note:       filter-bank tangent features alone (mini Riemannian base)
[2026-06-17 00:08:39] Run ID:     20260617_0008_6ca625cf
[2026-06-17 00:08:39] Artifacts:  ../../artifacts/liu2024_sjepa_embed_probe_fusion/20260617_0008_6ca625cf
[2026-06-17 00:08:39] Device:     mps | seed=2026
[2026-06-17 00:08:39] ======================================================================
[2026-06-17 00:08:39] N channels: 29 | first 5: ['Fp1', 'Fp2', 'Fz', 'F3', 'F4']
[2026-06-17 00:08:39] Riemannian feature builder defined.
[2026-06-17 00:08:39] Feature assembly + subject runner defined.
[2026-06-17 00:08:39] Found 50 .mat files | using 50 subjects
[2026-06-17 00:08:39] ======================================================================
[2026-06-17 00:08:40]   Sub 01: bal_acc= 47.5% ± 12.2%  collapse=1/5
[2026-06-17 00:08:41]   Sub 02: bal_acc= 27.5% ± 12.2%  collapse=0/5
[2026-06-17 00:08:42]   Sub 03: bal_acc= 52.5% ± 12.2%  collapse=1/5
[2026-06-17 00:08:43]   Sub 04: bal_acc= 30.0% ± 17.0%  collapse=0/5
[2026-06-17 00:08:44]   Sub 05: bal_acc= 42.5% ± 10.0%  collapse=0/5
[2026-06-17 00:08:45]   Sub 06: bal_acc= 55.0% ± 12.7%  collapse=0/5
[2026-06-17 00:08:46]   Sub 07: bal_acc= 65.0% ± 21.5%  collapse=0/5
[2026-06-17 00:08:47]   Sub 08: bal_acc= 40.0% ± 14.6%  collapse=0/5
[2026-06-17 00:08:48]   Sub 09: bal_acc= 50.0% ± 11.2%  collapse=0/5
[2026-06-17 00:08:49]   Sub 10: bal_acc= 32.5% ± 18.7%  collapse=0/5
[2026-06-17 00:08:50]   Sub 11: bal_acc= 77.5% ±  5.0%  collapse=0/5
[2026-06-17 00:08:51]   Sub 12: bal_acc= 32.5% ± 10.0%  collapse=0/5
[2026-06-17 00:08:52]   Sub 13: bal_acc= 42.5% ± 10.0%  collapse=0/5
[2026-06-17 00:08:53]   Sub 14: bal_acc= 40.0% ± 14.6%  collapse=0/5
[2026-06-17 00:08:54]   Sub 15: bal_acc= 52.5% ± 12.2%  collapse=0/5
[2026-06-17 00:08:55]   Sub 16: bal_acc= 45.0% ±  6.1%  collapse=1/5
[2026-06-17 00:08:56]   Sub 17: bal_acc= 50.0% ± 11.2%  collapse=0/5
[2026-06-17 00:08:57]   Sub 18: bal_acc= 45.0% ± 23.2%  collapse=0/5
[2026-06-17 00:08:58]   Sub 19: bal_acc= 52.5% ± 16.6%  collapse=0/5
[2026-06-17 00:08:59]   Sub 20: bal_acc= 72.5% ± 14.6%  collapse=0/5
[2026-06-17 00:09:00]   Sub 21: bal_acc= 40.0% ± 20.0%  collapse=0/5
[2026-06-17 00:09:01]   Sub 22: bal_acc= 70.0% ± 18.7%  collapse=0/5
[2026-06-17 00:09:02]   Sub 23: bal_acc= 85.0% ± 12.2%  collapse=0/5
[2026-06-17 00:09:03]   Sub 24: bal_acc= 52.5% ±  9.4%  collapse=0/5
[2026-06-17 00:09:04]   Sub 25: bal_acc= 60.0% ±  9.4%  collapse=0/5
[2026-06-17 00:09:05]   Sub 26: bal_acc= 45.0% ± 15.0%  collapse=0/5
[2026-06-17 00:09:06]   Sub 27: bal_acc= 40.0% ± 12.2%  collapse=1/5
[2026-06-17 00:09:07]   Sub 28: bal_acc= 72.5% ± 14.6%  collapse=0/5
[2026-06-17 00:09:08]   Sub 29: bal_acc= 50.0% ± 11.2%  collapse=0/5
[2026-06-17 00:09:09]   Sub 30: bal_acc= 60.0% ± 28.9%  collapse=0/5
[2026-06-17 00:09:10]   Sub 31: bal_acc= 45.0% ± 10.0%  collapse=1/5
[2026-06-17 00:09:11]   Sub 32: bal_acc= 52.5% ± 25.5%  collapse=0/5
[2026-06-17 00:09:12]   Sub 33: bal_acc= 35.0% ± 18.4%  collapse=0/5
[2026-06-17 00:09:13]   Sub 34: bal_acc= 37.5% ± 15.8%  collapse=0/5
[2026-06-17 00:09:14]   Sub 35: bal_acc= 40.0% ± 12.2%  collapse=0/5
[2026-06-17 00:09:15]   Sub 36: bal_acc= 25.0% ± 11.2%  collapse=0/5
[2026-06-17 00:09:16]   Sub 37: bal_acc= 72.5% ±  9.4%  collapse=0/5
[2026-06-17 00:09:17]   Sub 38: bal_acc= 57.5% ± 20.3%  collapse=0/5
[2026-06-17 00:09:18]   Sub 39: bal_acc= 35.0% ±  9.4%  collapse=0/5
[2026-06-17 00:09:18]   Sub 40: bal_acc= 80.0% ± 25.7%  collapse=0/5
[2026-06-17 00:09:19]   Sub 41: bal_acc= 35.0% ±  9.4%  collapse=0/5
[2026-06-17 00:09:20]   Sub 42: bal_acc= 37.5% ± 13.7%  collapse=0/5
[2026-06-17 00:09:21]   Sub 43: bal_acc= 55.0% ± 17.0%  collapse=0/5
[2026-06-17 00:09:22]   Sub 44: bal_acc= 70.0% ± 10.0%  collapse=0/5
[2026-06-17 00:09:23]   Sub 45: bal_acc= 62.5% ± 20.9%  collapse=0/5
[2026-06-17 00:09:24]   Sub 46: bal_acc= 47.5% ± 12.2%  collapse=0/5
[2026-06-17 00:09:25]   Sub 47: bal_acc= 55.0% ±  6.1%  collapse=0/5
[2026-06-17 00:09:26]   Sub 48: bal_acc= 42.5% ±  6.1%  collapse=0/5
[2026-06-17 00:09:27]   Sub 49: bal_acc= 57.5% ± 12.7%  collapse=0/5
[2026-06-17 00:09:28]   Sub 50: bal_acc= 60.0% ± 12.2%  collapse=0/5
[2026-06-17 00:09:28] ======================================================================
[2026-06-17 00:09:28] Done. Total folds: 250
[2026-06-17 00:09:28] ======================================================================
[2026-06-17 00:09:28] GLOBAL — S-JEPA probe/fusion [riemann | shrinkage_lda]
[2026-06-17 00:09:28]   Balanced accuracy: 50.60% ± 20.56%
[2026-06-17 00:09:28]   Accuracy:          50.60% ± 20.56%
[2026-06-17 00:09:28]   Left/Right recall: 50.3% / 50.9%
[2026-06-17 00:09:28]   Collapsed folds:   5/250 (2.0%)
[2026-06-17 00:09:28]   Artifacts: ../../artifacts/liu2024_sjepa_embed_probe_fusion/20260617_0008_6ca625cf
[2026-06-17 00:09:28] ======================================================================
[2026-06-17 00:09:28] Saved CSV/JSON artifacts + confusion_matrix.png + subject_performance.png
