[2026-05-19 13:00:29] Run ID:     20260519_1300_ea4dc683
[2026-05-19 13:00:29] Artifacts:  /Users/vadim/Documents/School/Spring 2026/CSCE A698 Individual Research/EEG_JEPA/artifacts/liu2024-source-mat-sjepa-prelocal/Liu2024_SourceMAT/20260519_1300_ea4dc683
[2026-05-19 13:00:29] Using device: mps
[2026-05-19 13:00:30] Seed initialized: 12
[2026-05-19 13:00:30] Source extract dir: /Users/vadim/Documents/School/Spring 2026/CSCE A698 Individual Research/EEG_JEPA/liu2024_figshare/sourcedata
[2026-05-19 13:00:30] Found 50 .mat files
[2026-05-19 13:00:36] Subjects loaded: [1, 2, 3, 4, 5, 6, 7, 8, 9, 10, 11, 12, 13, 14, 15, 16, 17, 18, 19, 20, 21, 22, 23, 24, 25, 26, 27, 28, 29, 30, 31, 32, 33, 34, 35, 36, 37, 38, 39, 40, 41, 42, 43, 44, 45, 46, 47, 48, 49, 50]
[2026-05-19 13:00:49] X_ALL shape: (2000, 29, 537) | Y_ALL counts: [1000, 1000]
[2026-05-19 13:00:49] ======================================================================
[2026-05-19 13:00:49] STARTING WITHIN-SUBJECT CV (full fine-tuning + augmentation)
[2026-05-19 13:00:49] ======================================================================
[2026-05-19 13:00:49] Dataset:    Liu2024_SourceMAT
[2026-05-19 13:00:49] Strategy:   new  (warmup=10, total=100 epochs)
[2026-05-19 13:00:49] Optimizer:  AdamW  lr=0.0005  wd=0.0001
[2026-05-19 13:00:49] Noise aug:  fraction=0.05
[2026-05-19 13:00:49] Device:     mps
[2026-05-19 13:00:49] ======================================================================
[2026-05-19 13:00:49] 
Subject 1: 40 windows | class_counts=[20, 20]
[2026-05-19 13:00:49] 
Fold 1/5 | subject=1
[2026-05-19 13:00:49]     Train: 32 | Test: 8 | Strategy: new
[2026-05-19 13:00:50]     Result | best_epoch=60 | stop=75 | acc=0.3750 | bal_acc=0.3750 | collapse=False
[2026-05-19 13:00:50]     Spatial update | delta_l2=0.1271211 | relative_delta=0.10878333 | changed=True
[2026-05-19 13:00:50] 
Fold 2/5 | subject=1
[2026-05-19 13:00:50]     Train: 32 | Test: 8 | Strategy: new
[2026-05-19 13:00:51]     Result | best_epoch=21 | stop=36 | acc=0.3750 | bal_acc=0.3750 | collapse=False
[2026-05-19 13:00:51]     Spatial update | delta_l2=0.06854142 | relative_delta=0.05865402 | changed=True
[2026-05-19 13:00:51] 
Fold 3/5 | subject=1
[2026-05-19 13:00:51]     Train: 32 | Test: 8 | Strategy: new
[2026-05-19 13:00:51]     Result | best_epoch=2 | stop=17 | acc=0.2500 | bal_acc=0.2500 | collapse=False
[2026-05-19 13:00:51]     Spatial update | delta_l2=0.0089919 | relative_delta=0.00769478 | changed=True
[2026-05-19 13:00:51] 
Fold 4/5 | subject=1
[2026-05-19 13:00:51]     Train: 32 | Test: 8 | Strategy: new
[2026-05-19 13:00:52]     Result | best_epoch=2 | stop=17 | acc=0.5000 | bal_acc=0.5000 | collapse=False
[2026-05-19 13:00:52]     Spatial update | delta_l2=0.00967585 | relative_delta=0.00828007 | changed=True
[2026-05-19 13:00:52] 
Fold 5/5 | subject=1
[2026-05-19 13:00:52]     Train: 32 | Test: 8 | Strategy: new
[2026-05-19 13:00:52]     Result | best_epoch=1 | stop=16 | acc=0.5000 | bal_acc=0.5000 | collapse=False
[2026-05-19 13:00:52]     Spatial update | delta_l2=0.00538513 | relative_delta=0.00460831 | changed=True
[2026-05-19 13:00:52]   Subject 1: acc=0.4000±0.0935  bal_acc=0.4000±0.0935
[2026-05-19 13:00:52] 
Subject 2: 40 windows | class_counts=[20, 20]
[2026-05-19 13:00:52] 
Fold 1/5 | subject=2
[2026-05-19 13:00:52]     Train: 32 | Test: 8 | Strategy: new
[2026-05-19 13:00:53]     Result | best_epoch=46 | stop=61 | acc=0.3750 | bal_acc=0.3750 | collapse=False
[2026-05-19 13:00:53]     Spatial update | delta_l2=0.10248312 | relative_delta=0.08769948 | changed=True
[2026-05-19 13:00:53] 
Fold 2/5 | subject=2
[2026-05-19 13:00:53]     Train: 32 | Test: 8 | Strategy: new
[2026-05-19 13:00:53]     Result | best_epoch=1 | stop=16 | acc=0.2500 | bal_acc=0.2500 | collapse=False
[2026-05-19 13:00:53]     Spatial update | delta_l2=0.00538513 | relative_delta=0.0046083 | changed=True
[2026-05-19 13:00:53] 
Fold 3/5 | subject=2
[2026-05-19 13:00:53]     Train: 32 | Test: 8 | Strategy: new
[2026-05-19 13:00:55]     Result | best_epoch=65 | stop=80 | acc=0.5000 | bal_acc=0.5000 | collapse=False
[2026-05-19 13:00:55]     Spatial update | delta_l2=0.12456171 | relative_delta=0.10659314 | changed=True
[2026-05-19 13:00:55] 
Fold 4/5 | subject=2
[2026-05-19 13:00:55]     Train: 32 | Test: 8 | Strategy: new
[2026-05-19 13:00:56]     Result | best_epoch=56 | stop=71 | acc=0.7500 | bal_acc=0.7500 | collapse=False
[2026-05-19 13:00:56]     Spatial update | delta_l2=0.1206869 | relative_delta=0.10327729 | changed=True
[2026-05-19 13:00:56] 
Fold 5/5 | subject=2
[2026-05-19 13:00:56]     Train: 32 | Test: 8 | Strategy: new
[2026-05-19 13:00:57]     Result | best_epoch=68 | stop=83 | acc=0.7500 | bal_acc=0.7500 | collapse=False
[2026-05-19 13:00:57]     Spatial update | delta_l2=0.11798877 | relative_delta=0.10096838 | changed=True
[2026-05-19 13:00:57]   Subject 2: acc=0.5250±0.2000  bal_acc=0.5250±0.2000
[2026-05-19 13:00:57] 
Subject 3: 40 windows | class_counts=[20, 20]
[2026-05-19 13:00:57] 
Fold 1/5 | subject=3
[2026-05-19 13:00:57]     Train: 32 | Test: 8 | Strategy: new
[2026-05-19 13:00:57]     Result | best_epoch=1 | stop=16 | acc=0.6250 | bal_acc=0.6250 | collapse=False
[2026-05-19 13:00:57]     Spatial update | delta_l2=0.00538514 | relative_delta=0.00460831 | changed=True
[2026-05-19 13:00:57] 
Fold 2/5 | subject=3
[2026-05-19 13:00:57]     Train: 32 | Test: 8 | Strategy: new
[2026-05-19 13:00:59]     Result | best_epoch=65 | stop=80 | acc=0.5000 | bal_acc=0.5000 | collapse=False
[2026-05-19 13:00:59]     Spatial update | delta_l2=0.14936592 | relative_delta=0.12781923 | changed=True
[2026-05-19 13:00:59] 
Fold 3/5 | subject=3
[2026-05-19 13:00:59]     Train: 32 | Test: 8 | Strategy: new
[2026-05-19 13:01:00]     Result | best_epoch=60 | stop=75 | acc=0.5000 | bal_acc=0.5000 | collapse=False
[2026-05-19 13:01:00]     Spatial update | delta_l2=0.14490843 | relative_delta=0.12400476 | changed=True
[2026-05-19 13:01:00] 
Fold 4/5 | subject=3
[2026-05-19 13:01:00]     Train: 32 | Test: 8 | Strategy: new
[2026-05-19 13:01:02]     Result | best_epoch=70 | stop=85 | acc=0.1250 | bal_acc=0.1250 | collapse=False
[2026-05-19 13:01:02]     Spatial update | delta_l2=0.15899821 | relative_delta=0.13606203 | changed=True
[2026-05-19 13:01:02] 
Fold 5/5 | subject=3
[2026-05-19 13:01:02]     Train: 32 | Test: 8 | Strategy: new
[2026-05-19 13:01:02]     Result | best_epoch=29 | stop=44 | acc=0.7500 | bal_acc=0.7500 | collapse=False
[2026-05-19 13:01:02]     Spatial update | delta_l2=0.08267748 | relative_delta=0.0707509 | changed=True
[2026-05-19 13:01:02]   Subject 3: acc=0.5000±0.2092  bal_acc=0.5000±0.2092
[2026-05-19 13:01:02] 
Subject 4: 40 windows | class_counts=[20, 20]
[2026-05-19 13:01:02] 
Fold 1/5 | subject=4
[2026-05-19 13:01:02]     Train: 32 | Test: 8 | Strategy: new
[2026-05-19 13:01:03]     Result | best_epoch=3 | stop=18 | acc=0.5000 | bal_acc=0.5000 | collapse=False
[2026-05-19 13:01:03]     Spatial update | delta_l2=0.01269736 | relative_delta=0.01086571 | changed=True
[2026-05-19 13:01:03] 
Fold 2/5 | subject=4
[2026-05-19 13:01:03]     Train: 32 | Test: 8 | Strategy: new
[2026-05-19 13:01:03]     Result | best_epoch=28 | stop=43 | acc=0.7500 | bal_acc=0.7500 | collapse=False
[2026-05-19 13:01:03]     Spatial update | delta_l2=0.0847833 | relative_delta=0.07255294 | changed=True
[2026-05-19 13:01:03] 
Fold 3/5 | subject=4
[2026-05-19 13:01:03]     Train: 32 | Test: 8 | Strategy: new
[2026-05-19 13:01:04]     Result | best_epoch=3 | stop=18 | acc=0.5000 | bal_acc=0.5000 | collapse=True
[2026-05-19 13:01:04]     Spatial update | delta_l2=0.01165888 | relative_delta=0.00997704 | changed=True
[2026-05-19 13:01:04] 
Fold 4/5 | subject=4
[2026-05-19 13:01:04]     Train: 32 | Test: 8 | Strategy: new
[2026-05-19 13:01:05]     Result | best_epoch=59 | stop=74 | acc=0.3750 | bal_acc=0.3750 | collapse=False
[2026-05-19 13:01:05]     Spatial update | delta_l2=0.13776325 | relative_delta=0.1178903 | changed=True
[2026-05-19 13:01:05] 
Fold 5/5 | subject=4
[2026-05-19 13:01:05]     Train: 32 | Test: 8 | Strategy: new
[2026-05-19 13:01:05]     Result | best_epoch=3 | stop=18 | acc=0.3750 | bal_acc=0.3750 | collapse=False
[2026-05-19 13:01:05]     Spatial update | delta_l2=0.01282833 | relative_delta=0.01097779 | changed=True
[2026-05-19 13:01:05]   Subject 4: acc=0.5000±0.1369  bal_acc=0.5000±0.1369
[2026-05-19 13:01:05] 
Subject 5: 40 windows | class_counts=[20, 20]
[2026-05-19 13:01:05] 
Fold 1/5 | subject=5
[2026-05-19 13:01:05]     Train: 32 | Test: 8 | Strategy: new
[2026-05-19 13:01:06]     Result | best_epoch=1 | stop=16 | acc=0.6250 | bal_acc=0.6250 | collapse=False
[2026-05-19 13:01:06]     Spatial update | delta_l2=0.00538513 | relative_delta=0.0046083 | changed=True
[2026-05-19 13:01:06] 
Fold 2/5 | subject=5
[2026-05-19 13:01:06]     Train: 32 | Test: 8 | Strategy: new
[2026-05-19 13:01:06]     Result | best_epoch=1 | stop=16 | acc=0.3750 | bal_acc=0.3750 | collapse=False
[2026-05-19 13:01:06]     Spatial update | delta_l2=0.00538513 | relative_delta=0.0046083 | changed=True
[2026-05-19 13:01:06] 
Fold 3/5 | subject=5
[2026-05-19 13:01:06]     Train: 32 | Test: 8 | Strategy: new
[2026-05-19 13:01:06]     Result | best_epoch=1 | stop=16 | acc=0.7500 | bal_acc=0.7500 | collapse=False
[2026-05-19 13:01:06]     Spatial update | delta_l2=0.00538512 | relative_delta=0.0046083 | changed=True
[2026-05-19 13:01:06] 
Fold 4/5 | subject=5
[2026-05-19 13:01:06]     Train: 32 | Test: 8 | Strategy: new
[2026-05-19 13:01:07]     Result | best_epoch=1 | stop=16 | acc=0.5000 | bal_acc=0.5000 | collapse=False
[2026-05-19 13:01:07]     Spatial update | delta_l2=0.00538515 | relative_delta=0.00460832 | changed=True
[2026-05-19 13:01:07] 
Fold 5/5 | subject=5
[2026-05-19 13:01:07]     Train: 32 | Test: 8 | Strategy: new
[2026-05-19 13:01:07]     Result | best_epoch=1 | stop=16 | acc=0.6250 | bal_acc=0.6250 | collapse=False
[2026-05-19 13:01:07]     Spatial update | delta_l2=0.00538512 | relative_delta=0.00460829 | changed=True
[2026-05-19 13:01:07]   Subject 5: acc=0.5750±0.1275  bal_acc=0.5750±0.1275
[2026-05-19 13:01:07] 
Subject 6: 40 windows | class_counts=[20, 20]
[2026-05-19 13:01:07] 
Fold 1/5 | subject=6
[2026-05-19 13:01:07]     Train: 32 | Test: 8 | Strategy: new
[2026-05-19 13:01:07]     Result | best_epoch=1 | stop=16 | acc=0.3750 | bal_acc=0.3750 | collapse=False
[2026-05-19 13:01:07]     Spatial update | delta_l2=0.00538514 | relative_delta=0.00460831 | changed=True
[2026-05-19 13:01:07] 
Fold 2/5 | subject=6
[2026-05-19 13:01:07]     Train: 32 | Test: 8 | Strategy: new
[2026-05-19 13:01:07]     Result | best_epoch=1 | stop=16 | acc=0.1250 | bal_acc=0.1250 | collapse=False
[2026-05-19 13:01:07]     Spatial update | delta_l2=0.00538514 | relative_delta=0.00460831 | changed=True
[2026-05-19 13:01:07] 
Fold 3/5 | subject=6
[2026-05-19 13:01:07]     Train: 32 | Test: 8 | Strategy: new
[2026-05-19 13:01:08]     Result | best_epoch=50 | stop=65 | acc=0.5000 | bal_acc=0.5000 | collapse=False
[2026-05-19 13:01:08]     Spatial update | delta_l2=0.11365089 | relative_delta=0.09725625 | changed=True
[2026-05-19 13:01:09] 
Fold 4/5 | subject=6
[2026-05-19 13:01:09]     Train: 32 | Test: 8 | Strategy: new
[2026-05-19 13:01:09]     Result | best_epoch=20 | stop=35 | acc=0.3750 | bal_acc=0.3750 | collapse=False
[2026-05-19 13:01:09]     Spatial update | delta_l2=0.06312619 | relative_delta=0.05401996 | changed=True
[2026-05-19 13:01:09] 
Fold 5/5 | subject=6
[2026-05-19 13:01:09]     Train: 32 | Test: 8 | Strategy: new
[2026-05-19 13:01:09]     Result | best_epoch=1 | stop=16 | acc=0.6250 | bal_acc=0.6250 | collapse=False
[2026-05-19 13:01:09]     Spatial update | delta_l2=0.00538515 | relative_delta=0.00460832 | changed=True
[2026-05-19 13:01:09]   Subject 6: acc=0.4000±0.1658  bal_acc=0.4000±0.1658
[2026-05-19 13:01:09] 
Subject 7: 40 windows | class_counts=[20, 20]
[2026-05-19 13:01:09] 
Fold 1/5 | subject=7
[2026-05-19 13:01:09]     Train: 32 | Test: 8 | Strategy: new
[2026-05-19 13:01:10]     Result | best_epoch=1 | stop=16 | acc=0.3750 | bal_acc=0.3750 | collapse=False
[2026-05-19 13:01:10]     Spatial update | delta_l2=0.00538513 | relative_delta=0.0046083 | changed=True
[2026-05-19 13:01:10] 
Fold 2/5 | subject=7
[2026-05-19 13:01:10]     Train: 32 | Test: 8 | Strategy: new
[2026-05-19 13:01:10]     Result | best_epoch=1 | stop=16 | acc=0.2500 | bal_acc=0.2500 | collapse=False
[2026-05-19 13:01:10]     Spatial update | delta_l2=0.00538514 | relative_delta=0.00460831 | changed=True
[2026-05-19 13:01:10] 
Fold 3/5 | subject=7
[2026-05-19 13:01:10]     Train: 32 | Test: 8 | Strategy: new
[2026-05-19 13:01:10]     Result | best_epoch=1 | stop=16 | acc=0.5000 | bal_acc=0.5000 | collapse=False
[2026-05-19 13:01:10]     Spatial update | delta_l2=0.00538515 | relative_delta=0.00460832 | changed=True
[2026-05-19 13:01:10] 
Fold 4/5 | subject=7
[2026-05-19 13:01:10]     Train: 32 | Test: 8 | Strategy: new
[2026-05-19 13:01:12]     Result | best_epoch=61 | stop=76 | acc=0.5000 | bal_acc=0.5000 | collapse=False
[2026-05-19 13:01:12]     Spatial update | delta_l2=0.12745661 | relative_delta=0.10907044 | changed=True
[2026-05-19 13:01:12] 
Fold 5/5 | subject=7
[2026-05-19 13:01:12]     Train: 32 | Test: 8 | Strategy: new
[2026-05-19 13:01:13]     Result | best_epoch=42 | stop=57 | acc=0.5000 | bal_acc=0.5000 | collapse=False
[2026-05-19 13:01:13]     Spatial update | delta_l2=0.12669879 | relative_delta=0.10842194 | changed=True
[2026-05-19 13:01:13]   Subject 7: acc=0.4250±0.1000  bal_acc=0.4250±0.1000
[2026-05-19 13:01:13] 
Subject 8: 40 windows | class_counts=[20, 20]
[2026-05-19 13:01:13] 
Fold 1/5 | subject=8
[2026-05-19 13:01:13]     Train: 32 | Test: 8 | Strategy: new
[2026-05-19 13:01:14]     Result | best_epoch=48 | stop=63 | acc=0.7500 | bal_acc=0.7500 | collapse=False
[2026-05-19 13:01:14]     Spatial update | delta_l2=0.1010524 | relative_delta=0.08647515 | changed=True
[2026-05-19 13:01:14] 
Fold 2/5 | subject=8
[2026-05-19 13:01:14]     Train: 32 | Test: 8 | Strategy: new
[2026-05-19 13:01:15]     Result | best_epoch=55 | stop=70 | acc=0.8750 | bal_acc=0.8750 | collapse=False
[2026-05-19 13:01:15]     Spatial update | delta_l2=0.10585003 | relative_delta=0.0905807 | changed=True
[2026-05-19 13:01:15] 
Fold 3/5 | subject=8
[2026-05-19 13:01:15]     Train: 32 | Test: 8 | Strategy: new
[2026-05-19 13:01:16]     Result | best_epoch=55 | stop=70 | acc=0.8750 | bal_acc=0.8750 | collapse=False
[2026-05-19 13:01:16]     Spatial update | delta_l2=0.11741302 | relative_delta=0.10047568 | changed=True
[2026-05-19 13:01:16] 
Fold 4/5 | subject=8
[2026-05-19 13:01:16]     Train: 32 | Test: 8 | Strategy: new
[2026-05-19 13:01:17]     Result | best_epoch=62 | stop=77 | acc=0.8750 | bal_acc=0.8750 | collapse=False
[2026-05-19 13:01:17]     Spatial update | delta_l2=0.12752284 | relative_delta=0.10912712 | changed=True
[2026-05-19 13:01:17] 
Fold 5/5 | subject=8
[2026-05-19 13:01:17]     Train: 32 | Test: 8 | Strategy: new
[2026-05-19 13:01:19]     Result | best_epoch=67 | stop=82 | acc=0.6250 | bal_acc=0.6250 | collapse=False
[2026-05-19 13:01:19]     Spatial update | delta_l2=0.13361363 | relative_delta=0.11433929 | changed=True
[2026-05-19 13:01:19]   Subject 8: acc=0.8000±0.1000  bal_acc=0.8000±0.1000
[2026-05-19 13:01:19] 
Subject 9: 40 windows | class_counts=[20, 20]
[2026-05-19 13:01:19] 
Fold 1/5 | subject=9
[2026-05-19 13:01:19]     Train: 32 | Test: 8 | Strategy: new
[2026-05-19 13:01:19]     Result | best_epoch=1 | stop=16 | acc=0.6250 | bal_acc=0.6250 | collapse=False
[2026-05-19 13:01:19]     Spatial update | delta_l2=0.00538514 | relative_delta=0.00460831 | changed=True
[2026-05-19 13:01:19] 
Fold 2/5 | subject=9
[2026-05-19 13:01:19]     Train: 32 | Test: 8 | Strategy: new
[2026-05-19 13:01:20]     Result | best_epoch=69 | stop=84 | acc=0.3750 | bal_acc=0.3750 | collapse=False
[2026-05-19 13:01:20]     Spatial update | delta_l2=0.13851292 | relative_delta=0.11853183 | changed=True
[2026-05-19 13:01:20] 
Fold 3/5 | subject=9
[2026-05-19 13:01:20]     Train: 32 | Test: 8 | Strategy: new
[2026-05-19 13:01:21]     Result | best_epoch=1 | stop=16 | acc=0.6250 | bal_acc=0.6250 | collapse=False
[2026-05-19 13:01:21]     Spatial update | delta_l2=0.00538514 | relative_delta=0.00460831 | changed=True
[2026-05-19 13:01:21] 
Fold 4/5 | subject=9
[2026-05-19 13:01:21]     Train: 32 | Test: 8 | Strategy: new
[2026-05-19 13:01:22]     Result | best_epoch=57 | stop=72 | acc=0.7500 | bal_acc=0.7500 | collapse=False
[2026-05-19 13:01:22]     Spatial update | delta_l2=0.15675069 | relative_delta=0.13413872 | changed=True
[2026-05-19 13:01:22] 
Fold 5/5 | subject=9
[2026-05-19 13:01:22]     Train: 32 | Test: 8 | Strategy: new
[2026-05-19 13:01:23]     Result | best_epoch=64 | stop=79 | acc=0.3750 | bal_acc=0.3750 | collapse=False
[2026-05-19 13:01:23]     Spatial update | delta_l2=0.13951387 | relative_delta=0.11938838 | changed=True
[2026-05-19 13:01:23]   Subject 9: acc=0.5500±0.1500  bal_acc=0.5500±0.1500
[2026-05-19 13:01:23] 
Subject 10: 40 windows | class_counts=[20, 20]
[2026-05-19 13:01:23] 
Fold 1/5 | subject=10
[2026-05-19 13:01:23]     Train: 32 | Test: 8 | Strategy: new
[2026-05-19 13:01:25]     Result | best_epoch=61 | stop=76 | acc=0.5000 | bal_acc=0.5000 | collapse=False
[2026-05-19 13:01:25]     Spatial update | delta_l2=0.1106353 | relative_delta=0.09467568 | changed=True
[2026-05-19 13:01:25] 
Fold 2/5 | subject=10
[2026-05-19 13:01:25]     Train: 32 | Test: 8 | Strategy: new
[2026-05-19 13:01:25]     Result | best_epoch=21 | stop=36 | acc=0.5000 | bal_acc=0.5000 | collapse=False
[2026-05-19 13:01:25]     Spatial update | delta_l2=0.06627915 | relative_delta=0.05671809 | changed=True
[2026-05-19 13:01:25] 
Fold 3/5 | subject=10
[2026-05-19 13:01:25]     Train: 32 | Test: 8 | Strategy: new
[2026-05-19 13:01:25]     Result | best_epoch=1 | stop=16 | acc=0.5000 | bal_acc=0.5000 | collapse=False
[2026-05-19 13:01:25]     Spatial update | delta_l2=0.00538514 | relative_delta=0.00460831 | changed=True
[2026-05-19 13:01:25] 
Fold 4/5 | subject=10
[2026-05-19 13:01:25]     Train: 32 | Test: 8 | Strategy: new
[2026-05-19 13:01:26]     Result | best_epoch=1 | stop=16 | acc=0.6250 | bal_acc=0.6250 | collapse=False
[2026-05-19 13:01:26]     Spatial update | delta_l2=0.00538513 | relative_delta=0.0046083 | changed=True
[2026-05-19 13:01:26] 
Fold 5/5 | subject=10
[2026-05-19 13:01:26]     Train: 32 | Test: 8 | Strategy: new
[2026-05-19 13:01:26]     Result | best_epoch=1 | stop=16 | acc=0.8750 | bal_acc=0.8750 | collapse=False
[2026-05-19 13:01:26]     Spatial update | delta_l2=0.00538496 | relative_delta=0.00460816 | changed=True
[2026-05-19 13:01:26]   Subject 10: acc=0.6000±0.1458  bal_acc=0.6000±0.1458
[2026-05-19 13:01:26] 
Subject 11: 40 windows | class_counts=[20, 20]
[2026-05-19 13:01:26] 
Fold 1/5 | subject=11
[2026-05-19 13:01:26]     Train: 32 | Test: 8 | Strategy: new
[2026-05-19 13:01:28]     Result | best_epoch=82 | stop=97 | acc=0.3750 | bal_acc=0.3750 | collapse=False
[2026-05-19 13:01:28]     Spatial update | delta_l2=0.13328523 | relative_delta=0.11405825 | changed=True
[2026-05-19 13:01:28] 
Fold 2/5 | subject=11
[2026-05-19 13:01:28]     Train: 32 | Test: 8 | Strategy: new
[2026-05-19 13:01:28]     Result | best_epoch=1 | stop=16 | acc=0.6250 | bal_acc=0.6250 | collapse=False
[2026-05-19 13:01:28]     Spatial update | delta_l2=0.00538513 | relative_delta=0.0046083 | changed=True
[2026-05-19 13:01:28] 
Fold 3/5 | subject=11
[2026-05-19 13:01:28]     Train: 32 | Test: 8 | Strategy: new
[2026-05-19 13:01:29]     Result | best_epoch=41 | stop=56 | acc=0.5000 | bal_acc=0.5000 | collapse=False
[2026-05-19 13:01:29]     Spatial update | delta_l2=0.11578466 | relative_delta=0.09908222 | changed=True
[2026-05-19 13:01:29] 
Fold 4/5 | subject=11
[2026-05-19 13:01:29]     Train: 32 | Test: 8 | Strategy: new
[2026-05-19 13:01:30]     Result | best_epoch=43 | stop=58 | acc=0.6250 | bal_acc=0.6250 | collapse=False
[2026-05-19 13:01:30]     Spatial update | delta_l2=0.11102697 | relative_delta=0.09501085 | changed=True
[2026-05-19 13:01:30] 
Fold 5/5 | subject=11
[2026-05-19 13:01:30]     Train: 32 | Test: 8 | Strategy: new
[2026-05-19 13:01:31]     Result | best_epoch=75 | stop=90 | acc=0.5000 | bal_acc=0.5000 | collapse=False
[2026-05-19 13:01:31]     Spatial update | delta_l2=0.13613352 | relative_delta=0.11649567 | changed=True
[2026-05-19 13:01:31]   Subject 11: acc=0.5250±0.0935  bal_acc=0.5250±0.0935
[2026-05-19 13:01:31] 
Subject 12: 40 windows | class_counts=[20, 20]
[2026-05-19 13:01:31] 
Fold 1/5 | subject=12
[2026-05-19 13:01:31]     Train: 32 | Test: 8 | Strategy: new
[2026-05-19 13:01:32]     Result | best_epoch=1 | stop=16 | acc=0.5000 | bal_acc=0.5000 | collapse=False
[2026-05-19 13:01:32]     Spatial update | delta_l2=0.00538515 | relative_delta=0.00460831 | changed=True
[2026-05-19 13:01:32] 
Fold 2/5 | subject=12
[2026-05-19 13:01:32]     Train: 32 | Test: 8 | Strategy: new
[2026-05-19 13:01:32]     Result | best_epoch=22 | stop=37 | acc=0.6250 | bal_acc=0.6250 | collapse=False
[2026-05-19 13:01:32]     Spatial update | delta_l2=0.0696696 | relative_delta=0.05961946 | changed=True
[2026-05-19 13:01:32] 
Fold 3/5 | subject=12
[2026-05-19 13:01:32]     Train: 32 | Test: 8 | Strategy: new
[2026-05-19 13:01:34]     Result | best_epoch=67 | stop=82 | acc=0.3750 | bal_acc=0.3750 | collapse=False
[2026-05-19 13:01:34]     Spatial update | delta_l2=0.1131161 | relative_delta=0.09679861 | changed=True
[2026-05-19 13:01:34] 
Fold 4/5 | subject=12
[2026-05-19 13:01:34]     Train: 32 | Test: 8 | Strategy: new
[2026-05-19 13:01:35]     Result | best_epoch=67 | stop=82 | acc=0.1250 | bal_acc=0.1250 | collapse=False
[2026-05-19 13:01:35]     Spatial update | delta_l2=0.1146083 | relative_delta=0.09807556 | changed=True
[2026-05-19 13:01:35] 
Fold 5/5 | subject=12
[2026-05-19 13:01:35]     Train: 32 | Test: 8 | Strategy: new
[2026-05-19 13:01:36]     Result | best_epoch=13 | stop=28 | acc=0.7500 | bal_acc=0.7500 | collapse=False
[2026-05-19 13:01:36]     Spatial update | delta_l2=0.04591355 | relative_delta=0.03929032 | changed=True
[2026-05-19 13:01:36]   Subject 12: acc=0.4750±0.2151  bal_acc=0.4750±0.2151
[2026-05-19 13:01:36] 
Subject 13: 40 windows | class_counts=[20, 20]
[2026-05-19 13:01:36] 
Fold 1/5 | subject=13
[2026-05-19 13:01:36]     Train: 32 | Test: 8 | Strategy: new
[2026-05-19 13:01:37]     Result | best_epoch=59 | stop=74 | acc=0.5000 | bal_acc=0.5000 | collapse=False
[2026-05-19 13:01:37]     Spatial update | delta_l2=0.14200498 | relative_delta=0.12152014 | changed=True
[2026-05-19 13:01:37] 
Fold 2/5 | subject=13
[2026-05-19 13:01:37]     Train: 32 | Test: 8 | Strategy: new
[2026-05-19 13:01:38]     Result | best_epoch=69 | stop=84 | acc=0.6250 | bal_acc=0.6250 | collapse=False
[2026-05-19 13:01:38]     Spatial update | delta_l2=0.15310322 | relative_delta=0.13101741 | changed=True
[2026-05-19 13:01:38] 
Fold 3/5 | subject=13
[2026-05-19 13:01:38]     Train: 32 | Test: 8 | Strategy: new
[2026-05-19 13:01:39]     Result | best_epoch=34 | stop=49 | acc=0.6250 | bal_acc=0.6250 | collapse=False
[2026-05-19 13:01:39]     Spatial update | delta_l2=0.1092528 | relative_delta=0.09349261 | changed=True
[2026-05-19 13:01:39] 
Fold 4/5 | subject=13
[2026-05-19 13:01:39]     Train: 32 | Test: 8 | Strategy: new
[2026-05-19 13:01:41]     Result | best_epoch=81 | stop=96 | acc=0.3750 | bal_acc=0.3750 | collapse=False
[2026-05-19 13:01:41]     Spatial update | delta_l2=0.19626979 | relative_delta=0.16795702 | changed=True
[2026-05-19 13:01:41] 
Fold 5/5 | subject=13
[2026-05-19 13:01:41]     Train: 32 | Test: 8 | Strategy: new
[2026-05-19 13:01:42]     Result | best_epoch=81 | stop=96 | acc=0.6250 | bal_acc=0.6250 | collapse=False
[2026-05-19 13:01:42]     Spatial update | delta_l2=0.16036711 | relative_delta=0.13723345 | changed=True
[2026-05-19 13:01:42]   Subject 13: acc=0.5500±0.1000  bal_acc=0.5500±0.1000
[2026-05-19 13:01:42] 
Subject 14: 40 windows | class_counts=[20, 20]
[2026-05-19 13:01:42] 
Fold 1/5 | subject=14
[2026-05-19 13:01:42]     Train: 32 | Test: 8 | Strategy: new
[2026-05-19 13:01:43]     Result | best_epoch=1 | stop=16 | acc=0.6250 | bal_acc=0.6250 | collapse=False
[2026-05-19 13:01:43]     Spatial update | delta_l2=0.00538514 | relative_delta=0.00460831 | changed=True
[2026-05-19 13:01:43] 
Fold 2/5 | subject=14
[2026-05-19 13:01:43]     Train: 32 | Test: 8 | Strategy: new
[2026-05-19 13:01:43]     Result | best_epoch=1 | stop=16 | acc=0.5000 | bal_acc=0.5000 | collapse=False
[2026-05-19 13:01:43]     Spatial update | delta_l2=0.00538514 | relative_delta=0.00460831 | changed=True
[2026-05-19 13:01:43] 
Fold 3/5 | subject=14
[2026-05-19 13:01:43]     Train: 32 | Test: 8 | Strategy: new
[2026-05-19 13:01:45]     Result | best_epoch=99 | stop=100 | acc=0.5000 | bal_acc=0.5000 | collapse=False
[2026-05-19 13:01:45]     Spatial update | delta_l2=0.14697344 | relative_delta=0.12577189 | changed=True
[2026-05-19 13:01:45] 
Fold 4/5 | subject=14
[2026-05-19 13:01:45]     Train: 32 | Test: 8 | Strategy: new
[2026-05-19 13:01:46]     Result | best_epoch=66 | stop=81 | acc=0.6250 | bal_acc=0.6250 | collapse=False
[2026-05-19 13:01:46]     Spatial update | delta_l2=0.14225775 | relative_delta=0.12173645 | changed=True
[2026-05-19 13:01:46] 
Fold 5/5 | subject=14
[2026-05-19 13:01:46]     Train: 32 | Test: 8 | Strategy: new
[2026-05-19 13:01:47]     Result | best_epoch=60 | stop=75 | acc=0.3750 | bal_acc=0.3750 | collapse=False
[2026-05-19 13:01:47]     Spatial update | delta_l2=0.12140311 | relative_delta=0.10389019 | changed=True
[2026-05-19 13:01:47]   Subject 14: acc=0.5250±0.0935  bal_acc=0.5250±0.0935
[2026-05-19 13:01:47] 
Subject 15: 40 windows | class_counts=[20, 20]
[2026-05-19 13:01:47] 
Fold 1/5 | subject=15
[2026-05-19 13:01:47]     Train: 32 | Test: 8 | Strategy: new
[2026-05-19 13:01:48]     Result | best_epoch=1 | stop=16 | acc=0.6250 | bal_acc=0.6250 | collapse=False
[2026-05-19 13:01:48]     Spatial update | delta_l2=0.00538514 | relative_delta=0.00460831 | changed=True
[2026-05-19 13:01:48] 
Fold 2/5 | subject=15
[2026-05-19 13:01:48]     Train: 32 | Test: 8 | Strategy: new
[2026-05-19 13:01:48]     Result | best_epoch=1 | stop=16 | acc=0.5000 | bal_acc=0.5000 | collapse=False
[2026-05-19 13:01:48]     Spatial update | delta_l2=0.00538514 | relative_delta=0.00460831 | changed=True
[2026-05-19 13:01:48] 
Fold 3/5 | subject=15
[2026-05-19 13:01:48]     Train: 32 | Test: 8 | Strategy: new
[2026-05-19 13:01:48]     Result | best_epoch=1 | stop=16 | acc=0.5000 | bal_acc=0.5000 | collapse=False
[2026-05-19 13:01:48]     Spatial update | delta_l2=0.00538514 | relative_delta=0.00460831 | changed=True
[2026-05-19 13:01:48] 
Fold 4/5 | subject=15
[2026-05-19 13:01:48]     Train: 32 | Test: 8 | Strategy: new
[2026-05-19 13:01:49]     Result | best_epoch=18 | stop=33 | acc=0.5000 | bal_acc=0.5000 | collapse=False
[2026-05-19 13:01:49]     Spatial update | delta_l2=0.06398874 | relative_delta=0.05475809 | changed=True
[2026-05-19 13:01:49] 
Fold 5/5 | subject=15
[2026-05-19 13:01:49]     Train: 32 | Test: 8 | Strategy: new
[2026-05-19 13:01:49]     Result | best_epoch=1 | stop=16 | acc=0.2500 | bal_acc=0.2500 | collapse=False
[2026-05-19 13:01:49]     Spatial update | delta_l2=0.00538516 | relative_delta=0.00460832 | changed=True
[2026-05-19 13:01:49]   Subject 15: acc=0.4750±0.1225  bal_acc=0.4750±0.1225
[2026-05-19 13:01:49] 
Subject 16: 40 windows | class_counts=[20, 20]
[2026-05-19 13:01:49] 
Fold 1/5 | subject=16
[2026-05-19 13:01:49]     Train: 32 | Test: 8 | Strategy: new
[2026-05-19 13:01:51]     Result | best_epoch=78 | stop=93 | acc=0.7500 | bal_acc=0.7500 | collapse=False
[2026-05-19 13:01:51]     Spatial update | delta_l2=0.13724642 | relative_delta=0.11744803 | changed=True
[2026-05-19 13:01:51] 
Fold 2/5 | subject=16
[2026-05-19 13:01:51]     Train: 32 | Test: 8 | Strategy: new
[2026-05-19 13:01:51]     Result | best_epoch=2 | stop=17 | acc=0.3750 | bal_acc=0.3750 | collapse=False
[2026-05-19 13:01:51]     Spatial update | delta_l2=0.00925423 | relative_delta=0.00791927 | changed=True
[2026-05-19 13:01:51] 
Fold 3/5 | subject=16
[2026-05-19 13:01:51]     Train: 32 | Test: 8 | Strategy: new
[2026-05-19 13:01:51]     Result | best_epoch=2 | stop=17 | acc=0.3750 | bal_acc=0.3750 | collapse=False
[2026-05-19 13:01:51]     Spatial update | delta_l2=0.00906049 | relative_delta=0.00775347 | changed=True
[2026-05-19 13:01:51] 
Fold 4/5 | subject=16
[2026-05-19 13:01:51]     Train: 32 | Test: 8 | Strategy: new
[2026-05-19 13:01:51]     Result | best_epoch=1 | stop=16 | acc=0.2500 | bal_acc=0.2500 | collapse=False
[2026-05-19 13:01:51]     Spatial update | delta_l2=0.00538513 | relative_delta=0.0046083 | changed=True
[2026-05-19 13:01:51] 
Fold 5/5 | subject=16
[2026-05-19 13:01:51]     Train: 32 | Test: 8 | Strategy: new
[2026-05-19 13:01:52]     Result | best_epoch=1 | stop=16 | acc=0.2500 | bal_acc=0.2500 | collapse=False
[2026-05-19 13:01:52]     Spatial update | delta_l2=0.00538513 | relative_delta=0.0046083 | changed=True
[2026-05-19 13:01:52]   Subject 16: acc=0.4000±0.1837  bal_acc=0.4000±0.1837
[2026-05-19 13:01:52] 
Subject 17: 40 windows | class_counts=[20, 20]
[2026-05-19 13:01:52] 
Fold 1/5 | subject=17
[2026-05-19 13:01:52]     Train: 32 | Test: 8 | Strategy: new
[2026-05-19 13:01:53]     Result | best_epoch=68 | stop=83 | acc=0.3750 | bal_acc=0.3750 | collapse=False
[2026-05-19 13:01:53]     Spatial update | delta_l2=0.13144433 | relative_delta=0.11248291 | changed=True
[2026-05-19 13:01:53] 
Fold 2/5 | subject=17
[2026-05-19 13:01:53]     Train: 32 | Test: 8 | Strategy: new
[2026-05-19 13:01:53]     Result | best_epoch=1 | stop=16 | acc=0.7500 | bal_acc=0.7500 | collapse=False
[2026-05-19 13:01:53]     Spatial update | delta_l2=0.00538514 | relative_delta=0.00460831 | changed=True
[2026-05-19 13:01:53] 
Fold 3/5 | subject=17
[2026-05-19 13:01:53]     Train: 32 | Test: 8 | Strategy: new
[2026-05-19 13:01:54]     Result | best_epoch=25 | stop=40 | acc=0.6250 | bal_acc=0.6250 | collapse=False
[2026-05-19 13:01:54]     Spatial update | delta_l2=0.07705961 | relative_delta=0.06594343 | changed=True
[2026-05-19 13:01:54] 
Fold 4/5 | subject=17
[2026-05-19 13:01:54]     Train: 32 | Test: 8 | Strategy: new
[2026-05-19 13:01:56]     Result | best_epoch=71 | stop=86 | acc=0.6250 | bal_acc=0.6250 | collapse=False
[2026-05-19 13:01:56]     Spatial update | delta_l2=0.12495731 | relative_delta=0.10693167 | changed=True
[2026-05-19 13:01:56] 
Fold 5/5 | subject=17
[2026-05-19 13:01:56]     Train: 32 | Test: 8 | Strategy: new
[2026-05-19 13:01:57]     Result | best_epoch=55 | stop=70 | acc=0.3750 | bal_acc=0.3750 | collapse=False
[2026-05-19 13:01:57]     Spatial update | delta_l2=0.12027116 | relative_delta=0.10292152 | changed=True
[2026-05-19 13:01:57]   Subject 17: acc=0.5500±0.1500  bal_acc=0.5500±0.1500
[2026-05-19 13:01:57] 
Subject 18: 40 windows | class_counts=[20, 20]
[2026-05-19 13:01:57] 
Fold 1/5 | subject=18
[2026-05-19 13:01:57]     Train: 32 | Test: 8 | Strategy: new
[2026-05-19 13:01:58]     Result | best_epoch=83 | stop=98 | acc=0.6250 | bal_acc=0.6250 | collapse=False
[2026-05-19 13:01:58]     Spatial update | delta_l2=0.1439462 | relative_delta=0.12318133 | changed=True
[2026-05-19 13:01:58] 
Fold 2/5 | subject=18
[2026-05-19 13:01:58]     Train: 32 | Test: 8 | Strategy: new
[2026-05-19 13:02:00]     Result | best_epoch=85 | stop=100 | acc=0.6250 | bal_acc=0.6250 | collapse=False
[2026-05-19 13:02:00]     Spatial update | delta_l2=0.15220437 | relative_delta=0.13024823 | changed=True
[2026-05-19 13:02:00] 
Fold 3/5 | subject=18
[2026-05-19 13:02:00]     Train: 32 | Test: 8 | Strategy: new
[2026-05-19 13:02:02]     Result | best_epoch=85 | stop=100 | acc=0.6250 | bal_acc=0.6250 | collapse=False
[2026-05-19 13:02:02]     Spatial update | delta_l2=0.15565753 | relative_delta=0.13320326 | changed=True
[2026-05-19 13:02:02] 
Fold 4/5 | subject=18
[2026-05-19 13:02:02]     Train: 32 | Test: 8 | Strategy: new
[2026-05-19 13:02:03]     Result | best_epoch=56 | stop=71 | acc=0.8750 | bal_acc=0.8750 | collapse=False
[2026-05-19 13:02:03]     Spatial update | delta_l2=0.11337147 | relative_delta=0.09701714 | changed=True
[2026-05-19 13:02:03] 
Fold 5/5 | subject=18
[2026-05-19 13:02:03]     Train: 32 | Test: 8 | Strategy: new
[2026-05-19 13:02:05]     Result | best_epoch=82 | stop=97 | acc=0.5000 | bal_acc=0.5000 | collapse=False
[2026-05-19 13:02:05]     Spatial update | delta_l2=0.14923408 | relative_delta=0.12770642 | changed=True
[2026-05-19 13:02:05]   Subject 18: acc=0.6500±0.1225  bal_acc=0.6500±0.1225
[2026-05-19 13:02:05] 
Subject 19: 40 windows | class_counts=[20, 20]
[2026-05-19 13:02:05] 
Fold 1/5 | subject=19
[2026-05-19 13:02:05]     Train: 32 | Test: 8 | Strategy: new
[2026-05-19 13:02:06]     Result | best_epoch=69 | stop=84 | acc=0.3750 | bal_acc=0.3750 | collapse=False
[2026-05-19 13:02:06]     Spatial update | delta_l2=0.14322512 | relative_delta=0.12256428 | changed=True
[2026-05-19 13:02:06] 
Fold 2/5 | subject=19
[2026-05-19 13:02:06]     Train: 32 | Test: 8 | Strategy: new
[2026-05-19 13:02:07]     Result | best_epoch=21 | stop=36 | acc=0.6250 | bal_acc=0.6250 | collapse=False
[2026-05-19 13:02:07]     Spatial update | delta_l2=0.0718501 | relative_delta=0.06148541 | changed=True
[2026-05-19 13:02:07] 
Fold 3/5 | subject=19
[2026-05-19 13:02:07]     Train: 32 | Test: 8 | Strategy: new
[2026-05-19 13:02:08]     Result | best_epoch=65 | stop=80 | acc=0.2500 | bal_acc=0.2500 | collapse=False
[2026-05-19 13:02:08]     Spatial update | delta_l2=0.13160097 | relative_delta=0.11261696 | changed=True
[2026-05-19 13:02:08] 
Fold 4/5 | subject=19
[2026-05-19 13:02:08]     Train: 32 | Test: 8 | Strategy: new
[2026-05-19 13:02:08]     Result | best_epoch=1 | stop=16 | acc=0.6250 | bal_acc=0.6250 | collapse=False
[2026-05-19 13:02:08]     Spatial update | delta_l2=0.00538516 | relative_delta=0.00460833 | changed=True
[2026-05-19 13:02:08] 
Fold 5/5 | subject=19
[2026-05-19 13:02:08]     Train: 32 | Test: 8 | Strategy: new
[2026-05-19 13:02:09]     Result | best_epoch=29 | stop=44 | acc=0.6250 | bal_acc=0.6250 | collapse=False
[2026-05-19 13:02:09]     Spatial update | delta_l2=0.08736641 | relative_delta=0.07476342 | changed=True
[2026-05-19 13:02:09]   Subject 19: acc=0.5000±0.1581  bal_acc=0.5000±0.1581
[2026-05-19 13:02:09] 
Subject 20: 40 windows | class_counts=[20, 20]
[2026-05-19 13:02:09] 
Fold 1/5 | subject=20
[2026-05-19 13:02:09]     Train: 32 | Test: 8 | Strategy: new
[2026-05-19 13:02:11]     Result | best_epoch=69 | stop=84 | acc=0.7500 | bal_acc=0.7500 | collapse=False
[2026-05-19 13:02:11]     Spatial update | delta_l2=0.13673986 | relative_delta=0.11701454 | changed=True
[2026-05-19 13:02:11] 
Fold 2/5 | subject=20
[2026-05-19 13:02:11]     Train: 32 | Test: 8 | Strategy: new
[2026-05-19 13:02:12]     Result | best_epoch=68 | stop=83 | acc=0.7500 | bal_acc=0.7500 | collapse=False
[2026-05-19 13:02:12]     Spatial update | delta_l2=0.14476911 | relative_delta=0.12388554 | changed=True
[2026-05-19 13:02:12] 
Fold 3/5 | subject=20
[2026-05-19 13:02:12]     Train: 32 | Test: 8 | Strategy: new
[2026-05-19 13:02:13]     Result | best_epoch=68 | stop=83 | acc=0.7500 | bal_acc=0.7500 | collapse=False
[2026-05-19 13:02:13]     Spatial update | delta_l2=0.13338305 | relative_delta=0.11414197 | changed=True
[2026-05-19 13:02:13] 
Fold 4/5 | subject=20
[2026-05-19 13:02:13]     Train: 32 | Test: 8 | Strategy: new
[2026-05-19 13:02:15]     Result | best_epoch=79 | stop=94 | acc=0.8750 | bal_acc=0.8750 | collapse=False
[2026-05-19 13:02:15]     Spatial update | delta_l2=0.1183892 | relative_delta=0.10131105 | changed=True
[2026-05-19 13:02:15] 
Fold 5/5 | subject=20
[2026-05-19 13:02:15]     Train: 32 | Test: 8 | Strategy: new
[2026-05-19 13:02:17]     Result | best_epoch=94 | stop=100 | acc=0.8750 | bal_acc=0.8750 | collapse=False
[2026-05-19 13:02:17]     Spatial update | delta_l2=0.12592394 | relative_delta=0.10775886 | changed=True
[2026-05-19 13:02:17]   Subject 20: acc=0.8000±0.0612  bal_acc=0.8000±0.0612
[2026-05-19 13:02:17] 
Subject 21: 40 windows | class_counts=[20, 20]
[2026-05-19 13:02:17] 
Fold 1/5 | subject=21
[2026-05-19 13:02:17]     Train: 32 | Test: 8 | Strategy: new
[2026-05-19 13:02:17]     Result | best_epoch=1 | stop=16 | acc=0.5000 | bal_acc=0.5000 | collapse=False
[2026-05-19 13:02:17]     Spatial update | delta_l2=0.00538507 | relative_delta=0.00460825 | changed=True
[2026-05-19 13:02:17] 
Fold 2/5 | subject=21
[2026-05-19 13:02:17]     Train: 32 | Test: 8 | Strategy: new
[2026-05-19 13:02:17]     Result | best_epoch=3 | stop=18 | acc=0.5000 | bal_acc=0.5000 | collapse=True
[2026-05-19 13:02:17]     Spatial update | delta_l2=0.01358678 | relative_delta=0.01162683 | changed=True
[2026-05-19 13:02:17] 
Fold 3/5 | subject=21
[2026-05-19 13:02:17]     Train: 32 | Test: 8 | Strategy: new
[2026-05-19 13:02:18]     Result | best_epoch=2 | stop=17 | acc=0.5000 | bal_acc=0.5000 | collapse=False
[2026-05-19 13:02:18]     Spatial update | delta_l2=0.00925941 | relative_delta=0.0079237 | changed=True
[2026-05-19 13:02:18] 
Fold 4/5 | subject=21
[2026-05-19 13:02:18]     Train: 32 | Test: 8 | Strategy: new
[2026-05-19 13:02:18]     Result | best_epoch=1 | stop=16 | acc=0.3750 | bal_acc=0.3750 | collapse=False
[2026-05-19 13:02:18]     Spatial update | delta_l2=0.00538514 | relative_delta=0.00460831 | changed=True
[2026-05-19 13:02:18] 
Fold 5/5 | subject=21
[2026-05-19 13:02:18]     Train: 32 | Test: 8 | Strategy: new
[2026-05-19 13:02:18]     Result | best_epoch=2 | stop=17 | acc=0.2500 | bal_acc=0.2500 | collapse=False
[2026-05-19 13:02:18]     Spatial update | delta_l2=0.00956501 | relative_delta=0.00818521 | changed=True
[2026-05-19 13:02:18]   Subject 21: acc=0.4250±0.1000  bal_acc=0.4250±0.1000
[2026-05-19 13:02:18] 
Subject 22: 40 windows | class_counts=[20, 20]
[2026-05-19 13:02:18] 
Fold 1/5 | subject=22
[2026-05-19 13:02:18]     Train: 32 | Test: 8 | Strategy: new
[2026-05-19 13:02:18]     Result | best_epoch=1 | stop=16 | acc=0.5000 | bal_acc=0.5000 | collapse=False
[2026-05-19 13:02:18]     Spatial update | delta_l2=0.00538515 | relative_delta=0.00460832 | changed=True
[2026-05-19 13:02:18] 
Fold 2/5 | subject=22
[2026-05-19 13:02:18]     Train: 32 | Test: 8 | Strategy: new
[2026-05-19 13:02:20]     Result | best_epoch=81 | stop=96 | acc=0.5000 | bal_acc=0.5000 | collapse=False
[2026-05-19 13:02:20]     Spatial update | delta_l2=0.11360367 | relative_delta=0.09721585 | changed=True
[2026-05-19 13:02:20] 
Fold 3/5 | subject=22
[2026-05-19 13:02:20]     Train: 32 | Test: 8 | Strategy: new
[2026-05-19 13:02:20]     Result | best_epoch=2 | stop=17 | acc=0.6250 | bal_acc=0.6250 | collapse=False
[2026-05-19 13:02:20]     Spatial update | delta_l2=0.0091648 | relative_delta=0.00784274 | changed=True
[2026-05-19 13:02:20] 
Fold 4/5 | subject=22
[2026-05-19 13:02:20]     Train: 32 | Test: 8 | Strategy: new
[2026-05-19 13:02:21]     Result | best_epoch=1 | stop=16 | acc=1.0000 | bal_acc=1.0000 | collapse=False
[2026-05-19 13:02:21]     Spatial update | delta_l2=0.00538513 | relative_delta=0.00460831 | changed=True
[2026-05-19 13:02:21] 
Fold 5/5 | subject=22
[2026-05-19 13:02:21]     Train: 32 | Test: 8 | Strategy: new
[2026-05-19 13:02:21]     Result | best_epoch=12 | stop=27 | acc=0.3750 | bal_acc=0.3750 | collapse=False
[2026-05-19 13:02:21]     Spatial update | delta_l2=0.0345414 | relative_delta=0.02955866 | changed=True
[2026-05-19 13:02:21]   Subject 22: acc=0.6000±0.2151  bal_acc=0.6000±0.2151
[2026-05-19 13:02:21] 
Subject 23: 40 windows | class_counts=[20, 20]
[2026-05-19 13:02:21] 
Fold 1/5 | subject=23
[2026-05-19 13:02:21]     Train: 32 | Test: 8 | Strategy: new
[2026-05-19 13:02:21]     Result | best_epoch=1 | stop=16 | acc=0.7500 | bal_acc=0.7500 | collapse=False
[2026-05-19 13:02:21]     Spatial update | delta_l2=0.00538512 | relative_delta=0.00460829 | changed=True
[2026-05-19 13:02:21] 
Fold 2/5 | subject=23
[2026-05-19 13:02:21]     Train: 32 | Test: 8 | Strategy: new
[2026-05-19 13:02:23]     Result | best_epoch=56 | stop=71 | acc=0.6250 | bal_acc=0.6250 | collapse=False
[2026-05-19 13:02:23]     Spatial update | delta_l2=0.12544319 | relative_delta=0.10734746 | changed=True
[2026-05-19 13:02:23] 
Fold 3/5 | subject=23
[2026-05-19 13:02:23]     Train: 32 | Test: 8 | Strategy: new
[2026-05-19 13:02:24]     Result | best_epoch=66 | stop=81 | acc=0.7500 | bal_acc=0.7500 | collapse=False
[2026-05-19 13:02:24]     Spatial update | delta_l2=0.12589568 | relative_delta=0.10773468 | changed=True
[2026-05-19 13:02:24] 
Fold 4/5 | subject=23
[2026-05-19 13:02:24]     Train: 32 | Test: 8 | Strategy: new
[2026-05-19 13:02:24]     Result | best_epoch=1 | stop=16 | acc=0.6250 | bal_acc=0.6250 | collapse=False
[2026-05-19 13:02:24]     Spatial update | delta_l2=0.00538513 | relative_delta=0.0046083 | changed=True
[2026-05-19 13:02:24] 
Fold 5/5 | subject=23
[2026-05-19 13:02:24]     Train: 32 | Test: 8 | Strategy: new
[2026-05-19 13:02:25]     Result | best_epoch=13 | stop=28 | acc=0.6250 | bal_acc=0.6250 | collapse=False
[2026-05-19 13:02:25]     Spatial update | delta_l2=0.04873174 | relative_delta=0.04170197 | changed=True
[2026-05-19 13:02:25]   Subject 23: acc=0.6750±0.0612  bal_acc=0.6750±0.0612
[2026-05-19 13:02:25] 
Subject 24: 40 windows | class_counts=[20, 20]
[2026-05-19 13:02:25] 
Fold 1/5 | subject=24
[2026-05-19 13:02:25]     Train: 32 | Test: 8 | Strategy: new
[2026-05-19 13:02:25]     Result | best_epoch=3 | stop=18 | acc=0.5000 | bal_acc=0.5000 | collapse=True
[2026-05-19 13:02:25]     Spatial update | delta_l2=0.01315914 | relative_delta=0.01126088 | changed=True
[2026-05-19 13:02:25] 
Fold 2/5 | subject=24
[2026-05-19 13:02:25]     Train: 32 | Test: 8 | Strategy: new
[2026-05-19 13:02:25]     Result | best_epoch=2 | stop=17 | acc=0.6250 | bal_acc=0.6250 | collapse=False
[2026-05-19 13:02:25]     Spatial update | delta_l2=0.00875314 | relative_delta=0.00749046 | changed=True
[2026-05-19 13:02:25] 
Fold 3/5 | subject=24
[2026-05-19 13:02:25]     Train: 32 | Test: 8 | Strategy: new
[2026-05-19 13:02:27]     Result | best_epoch=76 | stop=91 | acc=0.5000 | bal_acc=0.5000 | collapse=False
[2026-05-19 13:02:27]     Spatial update | delta_l2=0.12468878 | relative_delta=0.10670188 | changed=True
[2026-05-19 13:02:27] 
Fold 4/5 | subject=24
[2026-05-19 13:02:27]     Train: 32 | Test: 8 | Strategy: new
[2026-05-19 13:02:28]     Result | best_epoch=40 | stop=55 | acc=0.3750 | bal_acc=0.3750 | collapse=False
[2026-05-19 13:02:28]     Spatial update | delta_l2=0.10063886 | relative_delta=0.08612127 | changed=True
[2026-05-19 13:02:28] 
Fold 5/5 | subject=24
[2026-05-19 13:02:28]     Train: 32 | Test: 8 | Strategy: new
[2026-05-19 13:02:28]     Result | best_epoch=21 | stop=36 | acc=0.5000 | bal_acc=0.5000 | collapse=False
[2026-05-19 13:02:28]     Spatial update | delta_l2=0.06139906 | relative_delta=0.05254198 | changed=True
[2026-05-19 13:02:28]   Subject 24: acc=0.5000±0.0791  bal_acc=0.5000±0.0791
[2026-05-19 13:02:28] 
Subject 25: 40 windows | class_counts=[20, 20]
[2026-05-19 13:02:28] 
Fold 1/5 | subject=25
[2026-05-19 13:02:28]     Train: 32 | Test: 8 | Strategy: new
[2026-05-19 13:02:29]     Result | best_epoch=32 | stop=47 | acc=0.6250 | bal_acc=0.6250 | collapse=False
[2026-05-19 13:02:29]     Spatial update | delta_l2=0.08803978 | relative_delta=0.07533966 | changed=True
[2026-05-19 13:02:29] 
Fold 2/5 | subject=25
[2026-05-19 13:02:29]     Train: 32 | Test: 8 | Strategy: new
[2026-05-19 13:02:31]     Result | best_epoch=70 | stop=85 | acc=0.5000 | bal_acc=0.5000 | collapse=False
[2026-05-19 13:02:31]     Spatial update | delta_l2=0.13194009 | relative_delta=0.11290716 | changed=True
[2026-05-19 13:02:31] 
Fold 3/5 | subject=25
[2026-05-19 13:02:31]     Train: 32 | Test: 8 | Strategy: new
[2026-05-19 13:02:32]     Result | best_epoch=88 | stop=100 | acc=0.5000 | bal_acc=0.5000 | collapse=False
[2026-05-19 13:02:32]     Spatial update | delta_l2=0.13939503 | relative_delta=0.11928669 | changed=True
[2026-05-19 13:02:32] 
Fold 4/5 | subject=25
[2026-05-19 13:02:32]     Train: 32 | Test: 8 | Strategy: new
[2026-05-19 13:02:34]     Result | best_epoch=70 | stop=85 | acc=0.5000 | bal_acc=0.5000 | collapse=False
[2026-05-19 13:02:34]     Spatial update | delta_l2=0.12601909 | relative_delta=0.10784029 | changed=True
[2026-05-19 13:02:34] 
Fold 5/5 | subject=25
[2026-05-19 13:02:34]     Train: 32 | Test: 8 | Strategy: new
[2026-05-19 13:02:34]     Result | best_epoch=1 | stop=16 | acc=0.6250 | bal_acc=0.6250 | collapse=False
[2026-05-19 13:02:34]     Spatial update | delta_l2=0.00538513 | relative_delta=0.0046083 | changed=True
[2026-05-19 13:02:34]   Subject 25: acc=0.5500±0.0612  bal_acc=0.5500±0.0612
[2026-05-19 13:02:34] 
Subject 26: 40 windows | class_counts=[20, 20]
[2026-05-19 13:02:34] 
Fold 1/5 | subject=26
[2026-05-19 13:02:34]     Train: 32 | Test: 8 | Strategy: new
[2026-05-19 13:02:35]     Result | best_epoch=32 | stop=47 | acc=0.8750 | bal_acc=0.8750 | collapse=False
[2026-05-19 13:02:35]     Spatial update | delta_l2=0.09088025 | relative_delta=0.07777038 | changed=True
[2026-05-19 13:02:35] 
Fold 2/5 | subject=26
[2026-05-19 13:02:35]     Train: 32 | Test: 8 | Strategy: new
[2026-05-19 13:02:35]     Result | best_epoch=3 | stop=18 | acc=0.5000 | bal_acc=0.5000 | collapse=True
[2026-05-19 13:02:35]     Spatial update | delta_l2=0.01289522 | relative_delta=0.01103503 | changed=True
[2026-05-19 13:02:35] 
Fold 3/5 | subject=26
[2026-05-19 13:02:35]     Train: 32 | Test: 8 | Strategy: new
[2026-05-19 13:02:36]     Result | best_epoch=1 | stop=16 | acc=0.6250 | bal_acc=0.6250 | collapse=False
[2026-05-19 13:02:36]     Spatial update | delta_l2=0.00538512 | relative_delta=0.00460829 | changed=True
[2026-05-19 13:02:36] 
Fold 4/5 | subject=26
[2026-05-19 13:02:36]     Train: 32 | Test: 8 | Strategy: new
[2026-05-19 13:02:36]     Result | best_epoch=1 | stop=16 | acc=0.1250 | bal_acc=0.1250 | collapse=False
[2026-05-19 13:02:36]     Spatial update | delta_l2=0.00538513 | relative_delta=0.00460831 | changed=True
[2026-05-19 13:02:36] 
Fold 5/5 | subject=26
[2026-05-19 13:02:36]     Train: 32 | Test: 8 | Strategy: new
[2026-05-19 13:02:36]     Result | best_epoch=3 | stop=18 | acc=0.2500 | bal_acc=0.2500 | collapse=False
[2026-05-19 13:02:36]     Spatial update | delta_l2=0.01349799 | relative_delta=0.01155085 | changed=True
[2026-05-19 13:02:36]   Subject 26: acc=0.4750±0.2669  bal_acc=0.4750±0.2669
[2026-05-19 13:02:36] 
Subject 27: 40 windows | class_counts=[20, 20]
[2026-05-19 13:02:36] 
Fold 1/5 | subject=27
[2026-05-19 13:02:36]     Train: 32 | Test: 8 | Strategy: new
[2026-05-19 13:02:36]     Result | best_epoch=1 | stop=16 | acc=0.6250 | bal_acc=0.6250 | collapse=False
[2026-05-19 13:02:36]     Spatial update | delta_l2=0.00538513 | relative_delta=0.0046083 | changed=True
[2026-05-19 13:02:36] 
Fold 2/5 | subject=27
[2026-05-19 13:02:36]     Train: 32 | Test: 8 | Strategy: new
[2026-05-19 13:02:37]     Result | best_epoch=18 | stop=33 | acc=0.3750 | bal_acc=0.3750 | collapse=False
[2026-05-19 13:02:37]     Spatial update | delta_l2=0.04970109 | relative_delta=0.04253149 | changed=True
[2026-05-19 13:02:37] 
Fold 3/5 | subject=27
[2026-05-19 13:02:37]     Train: 32 | Test: 8 | Strategy: new
[2026-05-19 13:02:38]     Result | best_epoch=24 | stop=39 | acc=0.3750 | bal_acc=0.3750 | collapse=False
[2026-05-19 13:02:38]     Spatial update | delta_l2=0.06448079 | relative_delta=0.05517916 | changed=True
[2026-05-19 13:02:38] 
Fold 4/5 | subject=27
[2026-05-19 13:02:38]     Train: 32 | Test: 8 | Strategy: new
[2026-05-19 13:02:39]     Result | best_epoch=68 | stop=83 | acc=0.6250 | bal_acc=0.6250 | collapse=False
[2026-05-19 13:02:39]     Spatial update | delta_l2=0.10169628 | relative_delta=0.08702615 | changed=True
[2026-05-19 13:02:39] 
Fold 5/5 | subject=27
[2026-05-19 13:02:39]     Train: 32 | Test: 8 | Strategy: new
[2026-05-19 13:02:41]     Result | best_epoch=72 | stop=87 | acc=0.5000 | bal_acc=0.5000 | collapse=False
[2026-05-19 13:02:41]     Spatial update | delta_l2=0.10724489 | relative_delta=0.09177435 | changed=True
[2026-05-19 13:02:41]   Subject 27: acc=0.5000±0.1118  bal_acc=0.5000±0.1118
[2026-05-19 13:02:41] 
Subject 28: 40 windows | class_counts=[20, 20]
[2026-05-19 13:02:41] 
Fold 1/5 | subject=28
[2026-05-19 13:02:41]     Train: 32 | Test: 8 | Strategy: new
[2026-05-19 13:02:42]     Result | best_epoch=79 | stop=94 | acc=0.3750 | bal_acc=0.3750 | collapse=False
[2026-05-19 13:02:42]     Spatial update | delta_l2=0.13425569 | relative_delta=0.11488872 | changed=True
[2026-05-19 13:02:42] 
Fold 2/5 | subject=28
[2026-05-19 13:02:42]     Train: 32 | Test: 8 | Strategy: new
[2026-05-19 13:02:42]     Result | best_epoch=1 | stop=16 | acc=0.3750 | bal_acc=0.3750 | collapse=False
[2026-05-19 13:02:42]     Spatial update | delta_l2=0.00538513 | relative_delta=0.0046083 | changed=True
[2026-05-19 13:02:42] 
Fold 3/5 | subject=28
[2026-05-19 13:02:42]     Train: 32 | Test: 8 | Strategy: new
[2026-05-19 13:02:44]     Result | best_epoch=61 | stop=76 | acc=0.7500 | bal_acc=0.7500 | collapse=False
[2026-05-19 13:02:44]     Spatial update | delta_l2=0.11967837 | relative_delta=0.10241425 | changed=True
[2026-05-19 13:02:44] 
Fold 4/5 | subject=28
[2026-05-19 13:02:44]     Train: 32 | Test: 8 | Strategy: new
[2026-05-19 13:02:45]     Result | best_epoch=75 | stop=90 | acc=0.6250 | bal_acc=0.6250 | collapse=False
[2026-05-19 13:02:45]     Spatial update | delta_l2=0.1180561 | relative_delta=0.101026 | changed=True
[2026-05-19 13:02:45] 
Fold 5/5 | subject=28
[2026-05-19 13:02:45]     Train: 32 | Test: 8 | Strategy: new
[2026-05-19 13:02:47]     Result | best_epoch=72 | stop=87 | acc=0.6250 | bal_acc=0.6250 | collapse=False
[2026-05-19 13:02:47]     Spatial update | delta_l2=0.11805825 | relative_delta=0.10102784 | changed=True
[2026-05-19 13:02:47]   Subject 28: acc=0.5500±0.1500  bal_acc=0.5500±0.1500
[2026-05-19 13:02:47] 
Subject 29: 40 windows | class_counts=[20, 20]
[2026-05-19 13:02:47] 
Fold 1/5 | subject=29
[2026-05-19 13:02:47]     Train: 32 | Test: 8 | Strategy: new
[2026-05-19 13:02:47]     Result | best_epoch=1 | stop=16 | acc=0.5000 | bal_acc=0.5000 | collapse=False
[2026-05-19 13:02:47]     Spatial update | delta_l2=0.00538513 | relative_delta=0.0046083 | changed=True
[2026-05-19 13:02:47] 
Fold 2/5 | subject=29
[2026-05-19 13:02:47]     Train: 32 | Test: 8 | Strategy: new
[2026-05-19 13:02:47]     Result | best_epoch=1 | stop=16 | acc=0.3750 | bal_acc=0.3750 | collapse=False
[2026-05-19 13:02:47]     Spatial update | delta_l2=0.00538514 | relative_delta=0.00460831 | changed=True
[2026-05-19 13:02:47] 
Fold 3/5 | subject=29
[2026-05-19 13:02:47]     Train: 32 | Test: 8 | Strategy: new
[2026-05-19 13:02:48]     Result | best_epoch=2 | stop=17 | acc=0.7500 | bal_acc=0.7500 | collapse=False
[2026-05-19 13:02:48]     Spatial update | delta_l2=0.00897815 | relative_delta=0.00768301 | changed=True
[2026-05-19 13:02:48] 
Fold 4/5 | subject=29
[2026-05-19 13:02:48]     Train: 32 | Test: 8 | Strategy: new
[2026-05-19 13:02:48]     Result | best_epoch=1 | stop=16 | acc=0.1250 | bal_acc=0.1250 | collapse=False
[2026-05-19 13:02:48]     Spatial update | delta_l2=0.00538497 | relative_delta=0.00460817 | changed=True
[2026-05-19 13:02:48] 
Fold 5/5 | subject=29
[2026-05-19 13:02:48]     Train: 32 | Test: 8 | Strategy: new
[2026-05-19 13:02:48]     Result | best_epoch=2 | stop=17 | acc=0.3750 | bal_acc=0.3750 | collapse=False
[2026-05-19 13:02:48]     Spatial update | delta_l2=0.00941468 | relative_delta=0.00805657 | changed=True
[2026-05-19 13:02:48]   Subject 29: acc=0.4250±0.2031  bal_acc=0.4250±0.2031
[2026-05-19 13:02:48] 
Subject 30: 40 windows | class_counts=[20, 20]
[2026-05-19 13:02:48] 
Fold 1/5 | subject=30
[2026-05-19 13:02:48]     Train: 32 | Test: 8 | Strategy: new
[2026-05-19 13:02:49]     Result | best_epoch=2 | stop=17 | acc=0.3750 | bal_acc=0.3750 | collapse=False
[2026-05-19 13:02:49]     Spatial update | delta_l2=0.00883871 | relative_delta=0.00756368 | changed=True
[2026-05-19 13:02:49] 
Fold 2/5 | subject=30
[2026-05-19 13:02:49]     Train: 32 | Test: 8 | Strategy: new
[2026-05-19 13:02:50]     Result | best_epoch=93 | stop=100 | acc=0.5000 | bal_acc=0.5000 | collapse=False
[2026-05-19 13:02:50]     Spatial update | delta_l2=0.15242784 | relative_delta=0.13043946 | changed=True
[2026-05-19 13:02:50] 
Fold 3/5 | subject=30
[2026-05-19 13:02:50]     Train: 32 | Test: 8 | Strategy: new
[2026-05-19 13:02:52]     Result | best_epoch=68 | stop=83 | acc=0.6250 | bal_acc=0.6250 | collapse=False
[2026-05-19 13:02:52]     Spatial update | delta_l2=0.13031386 | relative_delta=0.11151552 | changed=True
[2026-05-19 13:02:52] 
Fold 4/5 | subject=30
[2026-05-19 13:02:52]     Train: 32 | Test: 8 | Strategy: new
[2026-05-19 13:02:54]     Result | best_epoch=75 | stop=90 | acc=0.5000 | bal_acc=0.5000 | collapse=False
[2026-05-19 13:02:54]     Spatial update | delta_l2=0.1422708 | relative_delta=0.12174762 | changed=True
[2026-05-19 13:02:54] 
Fold 5/5 | subject=30
[2026-05-19 13:02:54]     Train: 32 | Test: 8 | Strategy: new
[2026-05-19 13:02:55]     Result | best_epoch=68 | stop=83 | acc=0.3750 | bal_acc=0.3750 | collapse=False
[2026-05-19 13:02:55]     Spatial update | delta_l2=0.12794025 | relative_delta=0.10948431 | changed=True
[2026-05-19 13:02:55]   Subject 30: acc=0.4750±0.0935  bal_acc=0.4750±0.0935
[2026-05-19 13:02:55] 
Subject 31: 40 windows | class_counts=[20, 20]
[2026-05-19 13:02:55] 
Fold 1/5 | subject=31
[2026-05-19 13:02:55]     Train: 32 | Test: 8 | Strategy: new
[2026-05-19 13:02:56]     Result | best_epoch=29 | stop=44 | acc=0.6250 | bal_acc=0.6250 | collapse=False
[2026-05-19 13:02:56]     Spatial update | delta_l2=0.07836031 | relative_delta=0.06705649 | changed=True
[2026-05-19 13:02:56] 
Fold 2/5 | subject=31
[2026-05-19 13:02:56]     Train: 32 | Test: 8 | Strategy: new
[2026-05-19 13:02:56]     Result | best_epoch=5 | stop=20 | acc=0.3750 | bal_acc=0.3750 | collapse=False
[2026-05-19 13:02:56]     Spatial update | delta_l2=0.01992995 | relative_delta=0.01705497 | changed=True
[2026-05-19 13:02:56] 
Fold 3/5 | subject=31
[2026-05-19 13:02:56]     Train: 32 | Test: 8 | Strategy: new
[2026-05-19 13:02:57]     Result | best_epoch=1 | stop=16 | acc=0.5000 | bal_acc=0.5000 | collapse=False
[2026-05-19 13:02:57]     Spatial update | delta_l2=0.00538513 | relative_delta=0.0046083 | changed=True
[2026-05-19 13:02:57] 
Fold 4/5 | subject=31
[2026-05-19 13:02:57]     Train: 32 | Test: 8 | Strategy: new
[2026-05-19 13:02:57]     Result | best_epoch=25 | stop=40 | acc=0.5000 | bal_acc=0.5000 | collapse=False
[2026-05-19 13:02:57]     Spatial update | delta_l2=0.07535015 | relative_delta=0.06448057 | changed=True
[2026-05-19 13:02:57] 
Fold 5/5 | subject=31
[2026-05-19 13:02:57]     Train: 32 | Test: 8 | Strategy: new
[2026-05-19 13:02:58]     Result | best_epoch=1 | stop=16 | acc=0.5000 | bal_acc=0.5000 | collapse=False
[2026-05-19 13:02:58]     Spatial update | delta_l2=0.00538513 | relative_delta=0.0046083 | changed=True
[2026-05-19 13:02:58]   Subject 31: acc=0.5000±0.0791  bal_acc=0.5000±0.0791
[2026-05-19 13:02:58] 
Subject 32: 40 windows | class_counts=[20, 20]
[2026-05-19 13:02:58] 
Fold 1/5 | subject=32
[2026-05-19 13:02:58]     Train: 32 | Test: 8 | Strategy: new
[2026-05-19 13:02:58]     Result | best_epoch=28 | stop=43 | acc=0.6250 | bal_acc=0.6250 | collapse=False
[2026-05-19 13:02:58]     Spatial update | delta_l2=0.07714095 | relative_delta=0.06601303 | changed=True
[2026-05-19 13:02:58] 
Fold 2/5 | subject=32
[2026-05-19 13:02:58]     Train: 32 | Test: 8 | Strategy: new
[2026-05-19 13:02:59]     Result | best_epoch=18 | stop=33 | acc=0.7500 | bal_acc=0.7500 | collapse=False
[2026-05-19 13:02:59]     Spatial update | delta_l2=0.05744343 | relative_delta=0.04915697 | changed=True
[2026-05-19 13:02:59] 
Fold 3/5 | subject=32
[2026-05-19 13:02:59]     Train: 32 | Test: 8 | Strategy: new
[2026-05-19 13:02:59]     Result | best_epoch=2 | stop=17 | acc=0.3750 | bal_acc=0.3750 | collapse=False
[2026-05-19 13:02:59]     Spatial update | delta_l2=0.0089795 | relative_delta=0.00768416 | changed=True
[2026-05-19 13:02:59] 
Fold 4/5 | subject=32
[2026-05-19 13:02:59]     Train: 32 | Test: 8 | Strategy: new
[2026-05-19 13:03:01]     Result | best_epoch=61 | stop=76 | acc=0.2500 | bal_acc=0.2500 | collapse=False
[2026-05-19 13:03:01]     Spatial update | delta_l2=0.13474456 | relative_delta=0.11530707 | changed=True
[2026-05-19 13:03:01] 
Fold 5/5 | subject=32
[2026-05-19 13:03:01]     Train: 32 | Test: 8 | Strategy: new
[2026-05-19 13:03:01]     Result | best_epoch=18 | stop=33 | acc=0.6250 | bal_acc=0.6250 | collapse=False
[2026-05-19 13:03:01]     Spatial update | delta_l2=0.05903754 | relative_delta=0.05052112 | changed=True
[2026-05-19 13:03:01]   Subject 32: acc=0.5250±0.1837  bal_acc=0.5250±0.1837
[2026-05-19 13:03:01] 
Subject 33: 40 windows | class_counts=[20, 20]
[2026-05-19 13:03:01] 
Fold 1/5 | subject=33
[2026-05-19 13:03:01]     Train: 32 | Test: 8 | Strategy: new
[2026-05-19 13:03:02]     Result | best_epoch=26 | stop=41 | acc=0.7500 | bal_acc=0.7500 | collapse=False
[2026-05-19 13:03:02]     Spatial update | delta_l2=0.0799142 | relative_delta=0.06838623 | changed=True
[2026-05-19 13:03:02] 
Fold 2/5 | subject=33
[2026-05-19 13:03:02]     Train: 32 | Test: 8 | Strategy: new
[2026-05-19 13:03:02]     Result | best_epoch=3 | stop=18 | acc=0.6250 | bal_acc=0.6250 | collapse=False
[2026-05-19 13:03:02]     Spatial update | delta_l2=0.01268718 | relative_delta=0.010857 | changed=True
[2026-05-19 13:03:02] 
Fold 3/5 | subject=33
[2026-05-19 13:03:02]     Train: 32 | Test: 8 | Strategy: new
[2026-05-19 13:03:04]     Result | best_epoch=80 | stop=95 | acc=0.5000 | bal_acc=0.5000 | collapse=False
[2026-05-19 13:03:04]     Spatial update | delta_l2=0.12300511 | relative_delta=0.10526109 | changed=True
[2026-05-19 13:03:04] 
Fold 4/5 | subject=33
[2026-05-19 13:03:04]     Train: 32 | Test: 8 | Strategy: new
[2026-05-19 13:03:05]     Result | best_epoch=40 | stop=55 | acc=0.5000 | bal_acc=0.5000 | collapse=False
[2026-05-19 13:03:05]     Spatial update | delta_l2=0.10521267 | relative_delta=0.09003528 | changed=True
[2026-05-19 13:03:05] 
Fold 5/5 | subject=33
[2026-05-19 13:03:05]     Train: 32 | Test: 8 | Strategy: new
[2026-05-19 13:03:05]     Result | best_epoch=2 | stop=17 | acc=0.5000 | bal_acc=0.5000 | collapse=False
[2026-05-19 13:03:05]     Spatial update | delta_l2=0.00881589 | relative_delta=0.00754416 | changed=True
[2026-05-19 13:03:05]   Subject 33: acc=0.5750±0.1000  bal_acc=0.5750±0.1000
[2026-05-19 13:03:05] 
Subject 34: 40 windows | class_counts=[20, 20]
[2026-05-19 13:03:05] 
Fold 1/5 | subject=34
[2026-05-19 13:03:05]     Train: 32 | Test: 8 | Strategy: new
[2026-05-19 13:03:06]     Result | best_epoch=62 | stop=77 | acc=0.8750 | bal_acc=0.8750 | collapse=False
[2026-05-19 13:03:06]     Spatial update | delta_l2=0.12099697 | relative_delta=0.10354263 | changed=True
[2026-05-19 13:03:06] 
Fold 2/5 | subject=34
[2026-05-19 13:03:06]     Train: 32 | Test: 8 | Strategy: new
[2026-05-19 13:03:08]     Result | best_epoch=64 | stop=79 | acc=0.6250 | bal_acc=0.6250 | collapse=False
[2026-05-19 13:03:08]     Spatial update | delta_l2=0.1321588 | relative_delta=0.11309432 | changed=True
[2026-05-19 13:03:08] 
Fold 3/5 | subject=34
[2026-05-19 13:03:08]     Train: 32 | Test: 8 | Strategy: new
[2026-05-19 13:03:09]     Result | best_epoch=62 | stop=77 | acc=0.5000 | bal_acc=0.5000 | collapse=False
[2026-05-19 13:03:09]     Spatial update | delta_l2=0.14496785 | relative_delta=0.12405561 | changed=True
[2026-05-19 13:03:09] 
Fold 4/5 | subject=34
[2026-05-19 13:03:09]     Train: 32 | Test: 8 | Strategy: new
[2026-05-19 13:03:10]     Result | best_epoch=33 | stop=48 | acc=0.8750 | bal_acc=0.8750 | collapse=False
[2026-05-19 13:03:10]     Spatial update | delta_l2=0.08615003 | relative_delta=0.07372252 | changed=True
[2026-05-19 13:03:10] 
Fold 5/5 | subject=34
[2026-05-19 13:03:10]     Train: 32 | Test: 8 | Strategy: new
[2026-05-19 13:03:11]     Result | best_epoch=62 | stop=77 | acc=0.6250 | bal_acc=0.6250 | collapse=False
[2026-05-19 13:03:11]     Spatial update | delta_l2=0.1129213 | relative_delta=0.09663191 | changed=True
[2026-05-19 13:03:11]   Subject 34: acc=0.7000±0.1500  bal_acc=0.7000±0.1500
[2026-05-19 13:03:11] 
Subject 35: 40 windows | class_counts=[20, 20]
[2026-05-19 13:03:11] 
Fold 1/5 | subject=35
[2026-05-19 13:03:11]     Train: 32 | Test: 8 | Strategy: new
[2026-05-19 13:03:12]     Result | best_epoch=2 | stop=17 | acc=0.3750 | bal_acc=0.3750 | collapse=False
[2026-05-19 13:03:12]     Spatial update | delta_l2=0.00912069 | relative_delta=0.00780499 | changed=True
[2026-05-19 13:03:12] 
Fold 2/5 | subject=35
[2026-05-19 13:03:12]     Train: 32 | Test: 8 | Strategy: new
[2026-05-19 13:03:12]     Result | best_epoch=2 | stop=17 | acc=0.3750 | bal_acc=0.3750 | collapse=False
[2026-05-19 13:03:12]     Spatial update | delta_l2=0.00915555 | relative_delta=0.00783482 | changed=True
[2026-05-19 13:03:12] 
Fold 3/5 | subject=35
[2026-05-19 13:03:12]     Train: 32 | Test: 8 | Strategy: new
[2026-05-19 13:03:12]     Result | best_epoch=1 | stop=16 | acc=0.6250 | bal_acc=0.6250 | collapse=False
[2026-05-19 13:03:12]     Spatial update | delta_l2=0.00538513 | relative_delta=0.0046083 | changed=True
[2026-05-19 13:03:12] 
Fold 4/5 | subject=35
[2026-05-19 13:03:12]     Train: 32 | Test: 8 | Strategy: new
[2026-05-19 13:03:12]     Result | best_epoch=2 | stop=17 | acc=0.5000 | bal_acc=0.5000 | collapse=False
[2026-05-19 13:03:12]     Spatial update | delta_l2=0.00939949 | relative_delta=0.00804357 | changed=True
[2026-05-19 13:03:12] 
Fold 5/5 | subject=35
[2026-05-19 13:03:12]     Train: 32 | Test: 8 | Strategy: new
[2026-05-19 13:03:13]     Result | best_epoch=1 | stop=16 | acc=0.8750 | bal_acc=0.8750 | collapse=False
[2026-05-19 13:03:13]     Spatial update | delta_l2=0.00538513 | relative_delta=0.0046083 | changed=True
[2026-05-19 13:03:13]   Subject 35: acc=0.5500±0.1871  bal_acc=0.5500±0.1871
[2026-05-19 13:03:13] 
Subject 36: 40 windows | class_counts=[20, 20]
[2026-05-19 13:03:13] 
Fold 1/5 | subject=36
[2026-05-19 13:03:13]     Train: 32 | Test: 8 | Strategy: new
[2026-05-19 13:03:13]     Result | best_epoch=1 | stop=16 | acc=0.6250 | bal_acc=0.6250 | collapse=False
[2026-05-19 13:03:13]     Spatial update | delta_l2=0.00538513 | relative_delta=0.0046083 | changed=True
[2026-05-19 13:03:13] 
Fold 2/5 | subject=36
[2026-05-19 13:03:13]     Train: 32 | Test: 8 | Strategy: new
[2026-05-19 13:03:13]     Result | best_epoch=3 | stop=18 | acc=0.3750 | bal_acc=0.3750 | collapse=False
[2026-05-19 13:03:13]     Spatial update | delta_l2=0.01187773 | relative_delta=0.01016431 | changed=True
[2026-05-19 13:03:13] 
Fold 3/5 | subject=36
[2026-05-19 13:03:13]     Train: 32 | Test: 8 | Strategy: new
[2026-05-19 13:03:14]     Result | best_epoch=1 | stop=16 | acc=0.2500 | bal_acc=0.2500 | collapse=False
[2026-05-19 13:03:14]     Spatial update | delta_l2=0.00538514 | relative_delta=0.00460831 | changed=True
[2026-05-19 13:03:14] 
Fold 4/5 | subject=36
[2026-05-19 13:03:14]     Train: 32 | Test: 8 | Strategy: new
[2026-05-19 13:03:15]     Result | best_epoch=60 | stop=75 | acc=0.3750 | bal_acc=0.3750 | collapse=False
[2026-05-19 13:03:15]     Spatial update | delta_l2=0.1260891 | relative_delta=0.1079002 | changed=True
[2026-05-19 13:03:15] 
Fold 5/5 | subject=36
[2026-05-19 13:03:15]     Train: 32 | Test: 8 | Strategy: new
[2026-05-19 13:03:15]     Result | best_epoch=1 | stop=16 | acc=0.7500 | bal_acc=0.7500 | collapse=False
[2026-05-19 13:03:15]     Spatial update | delta_l2=0.0053851 | relative_delta=0.00460828 | changed=True
[2026-05-19 13:03:15]   Subject 36: acc=0.4750±0.1837  bal_acc=0.4750±0.1837
[2026-05-19 13:03:15] 
Subject 37: 40 windows | class_counts=[20, 20]
[2026-05-19 13:03:15] 
Fold 1/5 | subject=37
[2026-05-19 13:03:15]     Train: 32 | Test: 8 | Strategy: new
[2026-05-19 13:03:16]     Result | best_epoch=18 | stop=33 | acc=0.3750 | bal_acc=0.3750 | collapse=False
[2026-05-19 13:03:16]     Spatial update | delta_l2=0.0572464 | relative_delta=0.04898836 | changed=True
[2026-05-19 13:03:16] 
Fold 2/5 | subject=37
[2026-05-19 13:03:16]     Train: 32 | Test: 8 | Strategy: new
[2026-05-19 13:03:16]     Result | best_epoch=1 | stop=16 | acc=0.5000 | bal_acc=0.5000 | collapse=False
[2026-05-19 13:03:16]     Spatial update | delta_l2=0.00538512 | relative_delta=0.00460829 | changed=True
[2026-05-19 13:03:16] 
Fold 3/5 | subject=37
[2026-05-19 13:03:16]     Train: 32 | Test: 8 | Strategy: new
[2026-05-19 13:03:17]     Result | best_epoch=68 | stop=83 | acc=0.6250 | bal_acc=0.6250 | collapse=False
[2026-05-19 13:03:17]     Spatial update | delta_l2=0.12402084 | relative_delta=0.10613029 | changed=True
[2026-05-19 13:03:17] 
Fold 4/5 | subject=37
[2026-05-19 13:03:17]     Train: 32 | Test: 8 | Strategy: new
[2026-05-19 13:03:18]     Result | best_epoch=2 | stop=17 | acc=0.2500 | bal_acc=0.2500 | collapse=False
[2026-05-19 13:03:18]     Spatial update | delta_l2=0.00905846 | relative_delta=0.00775173 | changed=True
[2026-05-19 13:03:18] 
Fold 5/5 | subject=37
[2026-05-19 13:03:18]     Train: 32 | Test: 8 | Strategy: new
[2026-05-19 13:03:18]     Result | best_epoch=16 | stop=31 | acc=0.6250 | bal_acc=0.6250 | collapse=False
[2026-05-19 13:03:18]     Spatial update | delta_l2=0.05561802 | relative_delta=0.04759488 | changed=True
[2026-05-19 13:03:18]   Subject 37: acc=0.4750±0.1458  bal_acc=0.4750±0.1458
[2026-05-19 13:03:18] 
Subject 38: 40 windows | class_counts=[20, 20]
[2026-05-19 13:03:18] 
Fold 1/5 | subject=38
[2026-05-19 13:03:18]     Train: 32 | Test: 8 | Strategy: new
[2026-05-19 13:03:19]     Result | best_epoch=1 | stop=16 | acc=0.5000 | bal_acc=0.5000 | collapse=True
[2026-05-19 13:03:19]     Spatial update | delta_l2=0.00538511 | relative_delta=0.00460828 | changed=True
[2026-05-19 13:03:19] 
Fold 2/5 | subject=38
[2026-05-19 13:03:19]     Train: 32 | Test: 8 | Strategy: new
[2026-05-19 13:03:20]     Result | best_epoch=69 | stop=84 | acc=0.6250 | bal_acc=0.6250 | collapse=False
[2026-05-19 13:03:20]     Spatial update | delta_l2=0.15763707 | relative_delta=0.13489724 | changed=True
[2026-05-19 13:03:20] 
Fold 3/5 | subject=38
[2026-05-19 13:03:20]     Train: 32 | Test: 8 | Strategy: new
[2026-05-19 13:03:21]     Result | best_epoch=55 | stop=70 | acc=0.7500 | bal_acc=0.7500 | collapse=False
[2026-05-19 13:03:21]     Spatial update | delta_l2=0.15671156 | relative_delta=0.13410524 | changed=True
[2026-05-19 13:03:21] 
Fold 4/5 | subject=38
[2026-05-19 13:03:21]     Train: 32 | Test: 8 | Strategy: new
[2026-05-19 13:03:23]     Result | best_epoch=79 | stop=94 | acc=0.6250 | bal_acc=0.6250 | collapse=False
[2026-05-19 13:03:23]     Spatial update | delta_l2=0.15611058 | relative_delta=0.13359095 | changed=True
[2026-05-19 13:03:23] 
Fold 5/5 | subject=38
[2026-05-19 13:03:23]     Train: 32 | Test: 8 | Strategy: new
[2026-05-19 13:03:24]     Result | best_epoch=80 | stop=95 | acc=0.3750 | bal_acc=0.3750 | collapse=False
[2026-05-19 13:03:24]     Spatial update | delta_l2=0.15129619 | relative_delta=0.12947106 | changed=True
[2026-05-19 13:03:24]   Subject 38: acc=0.5750±0.1275  bal_acc=0.5750±0.1275
[2026-05-19 13:03:24] 
Subject 39: 40 windows | class_counts=[20, 20]
[2026-05-19 13:03:24] 
Fold 1/5 | subject=39
[2026-05-19 13:03:24]     Train: 32 | Test: 8 | Strategy: new
[2026-05-19 13:03:25]     Result | best_epoch=3 | stop=18 | acc=0.5000 | bal_acc=0.5000 | collapse=False
[2026-05-19 13:03:25]     Spatial update | delta_l2=0.01354531 | relative_delta=0.01159134 | changed=True
[2026-05-19 13:03:25] 
Fold 2/5 | subject=39
[2026-05-19 13:03:25]     Train: 32 | Test: 8 | Strategy: new
[2026-05-19 13:03:25]     Result | best_epoch=18 | stop=33 | acc=0.5000 | bal_acc=0.5000 | collapse=False
[2026-05-19 13:03:25]     Spatial update | delta_l2=0.04628972 | relative_delta=0.03961223 | changed=True
[2026-05-19 13:03:25] 
Fold 3/5 | subject=39
[2026-05-19 13:03:25]     Train: 32 | Test: 8 | Strategy: new
[2026-05-19 13:03:26]     Result | best_epoch=2 | stop=17 | acc=0.6250 | bal_acc=0.6250 | collapse=False
[2026-05-19 13:03:26]     Spatial update | delta_l2=0.0089183 | relative_delta=0.00763179 | changed=True
[2026-05-19 13:03:26] 
Fold 4/5 | subject=39
[2026-05-19 13:03:26]     Train: 32 | Test: 8 | Strategy: new
[2026-05-19 13:03:26]     Result | best_epoch=1 | stop=16 | acc=0.6250 | bal_acc=0.6250 | collapse=False
[2026-05-19 13:03:26]     Spatial update | delta_l2=0.00538514 | relative_delta=0.00460831 | changed=True
[2026-05-19 13:03:26] 
Fold 5/5 | subject=39
[2026-05-19 13:03:26]     Train: 32 | Test: 8 | Strategy: new
[2026-05-19 13:03:26]     Result | best_epoch=18 | stop=33 | acc=0.6250 | bal_acc=0.6250 | collapse=False
[2026-05-19 13:03:26]     Spatial update | delta_l2=0.05178887 | relative_delta=0.0443181 | changed=True
[2026-05-19 13:03:26]   Subject 39: acc=0.5750±0.0612  bal_acc=0.5750±0.0612
[2026-05-19 13:03:26] 
Subject 40: 40 windows | class_counts=[20, 20]
[2026-05-19 13:03:26] 
Fold 1/5 | subject=40
[2026-05-19 13:03:26]     Train: 32 | Test: 8 | Strategy: new
[2026-05-19 13:03:27]     Result | best_epoch=2 | stop=17 | acc=0.7500 | bal_acc=0.7500 | collapse=False
[2026-05-19 13:03:27]     Spatial update | delta_l2=0.00939582 | relative_delta=0.00804043 | changed=True
[2026-05-19 13:03:27] 
Fold 2/5 | subject=40
[2026-05-19 13:03:27]     Train: 32 | Test: 8 | Strategy: new
[2026-05-19 13:03:27]     Result | best_epoch=3 | stop=18 | acc=0.5000 | bal_acc=0.5000 | collapse=False
[2026-05-19 13:03:27]     Spatial update | delta_l2=0.0128299 | relative_delta=0.01097913 | changed=True
[2026-05-19 13:03:27] 
Fold 3/5 | subject=40
[2026-05-19 13:03:27]     Train: 32 | Test: 8 | Strategy: new
[2026-05-19 13:03:27]     Result | best_epoch=1 | stop=16 | acc=0.5000 | bal_acc=0.5000 | collapse=False
[2026-05-19 13:03:27]     Spatial update | delta_l2=0.00538513 | relative_delta=0.0046083 | changed=True
[2026-05-19 13:03:27] 
Fold 4/5 | subject=40
[2026-05-19 13:03:27]     Train: 32 | Test: 8 | Strategy: new
[2026-05-19 13:03:29]     Result | best_epoch=66 | stop=81 | acc=0.3750 | bal_acc=0.3750 | collapse=False
[2026-05-19 13:03:29]     Spatial update | delta_l2=0.10858758 | relative_delta=0.09292335 | changed=True
[2026-05-19 13:03:29] 
Fold 5/5 | subject=40
[2026-05-19 13:03:29]     Train: 32 | Test: 8 | Strategy: new
[2026-05-19 13:03:29]     Result | best_epoch=3 | stop=18 | acc=0.6250 | bal_acc=0.6250 | collapse=False
[2026-05-19 13:03:29]     Spatial update | delta_l2=0.01280239 | relative_delta=0.01095559 | changed=True
[2026-05-19 13:03:29]   Subject 40: acc=0.5500±0.1275  bal_acc=0.5500±0.1275
[2026-05-19 13:03:29] 
Subject 41: 40 windows | class_counts=[20, 20]
[2026-05-19 13:03:29] 
Fold 1/5 | subject=41
[2026-05-19 13:03:29]     Train: 32 | Test: 8 | Strategy: new
[2026-05-19 13:03:30]     Result | best_epoch=20 | stop=35 | acc=0.6250 | bal_acc=0.6250 | collapse=False
[2026-05-19 13:03:30]     Spatial update | delta_l2=0.05805889 | relative_delta=0.04968364 | changed=True
[2026-05-19 13:03:30] 
Fold 2/5 | subject=41
[2026-05-19 13:03:30]     Train: 32 | Test: 8 | Strategy: new
[2026-05-19 13:03:31]     Result | best_epoch=83 | stop=98 | acc=0.5000 | bal_acc=0.5000 | collapse=False
[2026-05-19 13:03:31]     Spatial update | delta_l2=0.13688202 | relative_delta=0.11713619 | changed=True
[2026-05-19 13:03:31] 
Fold 3/5 | subject=41
[2026-05-19 13:03:31]     Train: 32 | Test: 8 | Strategy: new
[2026-05-19 13:03:32]     Result | best_epoch=1 | stop=16 | acc=0.7500 | bal_acc=0.7500 | collapse=False
[2026-05-19 13:03:32]     Spatial update | delta_l2=0.00538514 | relative_delta=0.00460831 | changed=True
[2026-05-19 13:03:32] 
Fold 4/5 | subject=41
[2026-05-19 13:03:32]     Train: 32 | Test: 8 | Strategy: new
[2026-05-19 13:03:33]     Result | best_epoch=84 | stop=99 | acc=0.3750 | bal_acc=0.3750 | collapse=False
[2026-05-19 13:03:33]     Spatial update | delta_l2=0.14269639 | relative_delta=0.12211182 | changed=True
[2026-05-19 13:03:33] 
Fold 5/5 | subject=41
[2026-05-19 13:03:33]     Train: 32 | Test: 8 | Strategy: new
[2026-05-19 13:03:34]     Result | best_epoch=1 | stop=16 | acc=0.2500 | bal_acc=0.2500 | collapse=False
[2026-05-19 13:03:34]     Spatial update | delta_l2=0.0053851 | relative_delta=0.00460827 | changed=True
[2026-05-19 13:03:34]   Subject 41: acc=0.5000±0.1768  bal_acc=0.5000±0.1768
[2026-05-19 13:03:34] 
Subject 42: 40 windows | class_counts=[20, 20]
[2026-05-19 13:03:34] 
Fold 1/5 | subject=42
[2026-05-19 13:03:34]     Train: 32 | Test: 8 | Strategy: new
[2026-05-19 13:03:34]     Result | best_epoch=26 | stop=41 | acc=0.5000 | bal_acc=0.5000 | collapse=False
[2026-05-19 13:03:34]     Spatial update | delta_l2=0.07661093 | relative_delta=0.06555947 | changed=True
[2026-05-19 13:03:34] 
Fold 2/5 | subject=42
[2026-05-19 13:03:34]     Train: 32 | Test: 8 | Strategy: new
[2026-05-19 13:03:35]     Result | best_epoch=26 | stop=41 | acc=0.5000 | bal_acc=0.5000 | collapse=False
[2026-05-19 13:03:35]     Spatial update | delta_l2=0.07876509 | relative_delta=0.06740288 | changed=True
[2026-05-19 13:03:35] 
Fold 3/5 | subject=42
[2026-05-19 13:03:35]     Train: 32 | Test: 8 | Strategy: new
[2026-05-19 13:03:36]     Result | best_epoch=60 | stop=75 | acc=0.5000 | bal_acc=0.5000 | collapse=False
[2026-05-19 13:03:36]     Spatial update | delta_l2=0.11964366 | relative_delta=0.10238455 | changed=True
[2026-05-19 13:03:36] 
Fold 4/5 | subject=42
[2026-05-19 13:03:36]     Train: 32 | Test: 8 | Strategy: new
[2026-05-19 13:03:38]     Result | best_epoch=64 | stop=79 | acc=0.6250 | bal_acc=0.6250 | collapse=False
[2026-05-19 13:03:38]     Spatial update | delta_l2=0.13368906 | relative_delta=0.11440383 | changed=True
[2026-05-19 13:03:38] 
Fold 5/5 | subject=42
[2026-05-19 13:03:38]     Train: 32 | Test: 8 | Strategy: new
[2026-05-19 13:03:38]     Result | best_epoch=1 | stop=16 | acc=0.6250 | bal_acc=0.6250 | collapse=False
[2026-05-19 13:03:38]     Spatial update | delta_l2=0.00538514 | relative_delta=0.00460831 | changed=True
[2026-05-19 13:03:38]   Subject 42: acc=0.5500±0.0612  bal_acc=0.5500±0.0612
[2026-05-19 13:03:38] 
Subject 43: 40 windows | class_counts=[20, 20]
[2026-05-19 13:03:38] 
Fold 1/5 | subject=43
[2026-05-19 13:03:38]     Train: 32 | Test: 8 | Strategy: new
[2026-05-19 13:03:38]     Result | best_epoch=1 | stop=16 | acc=0.6250 | bal_acc=0.6250 | collapse=False
[2026-05-19 13:03:38]     Spatial update | delta_l2=0.00538505 | relative_delta=0.00460823 | changed=True
[2026-05-19 13:03:38] 
Fold 2/5 | subject=43
[2026-05-19 13:03:38]     Train: 32 | Test: 8 | Strategy: new
[2026-05-19 13:03:40]     Result | best_epoch=64 | stop=79 | acc=0.5000 | bal_acc=0.5000 | collapse=False
[2026-05-19 13:03:40]     Spatial update | delta_l2=0.11888505 | relative_delta=0.10173536 | changed=True
[2026-05-19 13:03:40] 
Fold 3/5 | subject=43
[2026-05-19 13:03:40]     Train: 32 | Test: 8 | Strategy: new
[2026-05-19 13:03:40]     Result | best_epoch=1 | stop=16 | acc=0.5000 | bal_acc=0.5000 | collapse=False
[2026-05-19 13:03:40]     Spatial update | delta_l2=0.00538511 | relative_delta=0.00460829 | changed=True
[2026-05-19 13:03:40] 
Fold 4/5 | subject=43
[2026-05-19 13:03:40]     Train: 32 | Test: 8 | Strategy: new
[2026-05-19 13:03:41]     Result | best_epoch=81 | stop=96 | acc=0.3750 | bal_acc=0.3750 | collapse=False
[2026-05-19 13:03:41]     Spatial update | delta_l2=0.13435915 | relative_delta=0.11497725 | changed=True
[2026-05-19 13:03:41] 
Fold 5/5 | subject=43
[2026-05-19 13:03:41]     Train: 32 | Test: 8 | Strategy: new
[2026-05-19 13:03:42]     Result | best_epoch=1 | stop=16 | acc=0.5000 | bal_acc=0.5000 | collapse=False
[2026-05-19 13:03:42]     Spatial update | delta_l2=0.00538513 | relative_delta=0.0046083 | changed=True
[2026-05-19 13:03:42]   Subject 43: acc=0.5000±0.0791  bal_acc=0.5000±0.0791
[2026-05-19 13:03:42] 
Subject 44: 40 windows | class_counts=[20, 20]
[2026-05-19 13:03:42] 
Fold 1/5 | subject=44
[2026-05-19 13:03:42]     Train: 32 | Test: 8 | Strategy: new
[2026-05-19 13:03:43]     Result | best_epoch=68 | stop=83 | acc=0.6250 | bal_acc=0.6250 | collapse=False
[2026-05-19 13:03:43]     Spatial update | delta_l2=0.12672003 | relative_delta=0.10844011 | changed=True
[2026-05-19 13:03:43] 
Fold 2/5 | subject=44
[2026-05-19 13:03:43]     Train: 32 | Test: 8 | Strategy: new
[2026-05-19 13:03:43]     Result | best_epoch=1 | stop=16 | acc=0.3750 | bal_acc=0.3750 | collapse=False
[2026-05-19 13:03:43]     Spatial update | delta_l2=0.00538515 | relative_delta=0.00460832 | changed=True
[2026-05-19 13:03:43] 
Fold 3/5 | subject=44
[2026-05-19 13:03:43]     Train: 32 | Test: 8 | Strategy: new
[2026-05-19 13:03:44]     Result | best_epoch=22 | stop=37 | acc=0.6250 | bal_acc=0.6250 | collapse=False
[2026-05-19 13:03:44]     Spatial update | delta_l2=0.069712 | relative_delta=0.05965574 | changed=True
[2026-05-19 13:03:44] 
Fold 4/5 | subject=44
[2026-05-19 13:03:44]     Train: 32 | Test: 8 | Strategy: new
[2026-05-19 13:03:44]     Result | best_epoch=1 | stop=16 | acc=0.1250 | bal_acc=0.1250 | collapse=False
[2026-05-19 13:03:44]     Spatial update | delta_l2=0.00538513 | relative_delta=0.0046083 | changed=True
[2026-05-19 13:03:44] 
Fold 5/5 | subject=44
[2026-05-19 13:03:44]     Train: 32 | Test: 8 | Strategy: new
[2026-05-19 13:03:46]     Result | best_epoch=82 | stop=97 | acc=0.2500 | bal_acc=0.2500 | collapse=False
[2026-05-19 13:03:46]     Spatial update | delta_l2=0.14402699 | relative_delta=0.12325047 | changed=True
[2026-05-19 13:03:46]   Subject 44: acc=0.4000±0.2000  bal_acc=0.4000±0.2000
[2026-05-19 13:03:46] 
Subject 45: 40 windows | class_counts=[20, 20]
[2026-05-19 13:03:46] 
Fold 1/5 | subject=45
[2026-05-19 13:03:46]     Train: 32 | Test: 8 | Strategy: new
[2026-05-19 13:03:47]     Result | best_epoch=63 | stop=78 | acc=0.2500 | bal_acc=0.2500 | collapse=False
[2026-05-19 13:03:47]     Spatial update | delta_l2=0.12692312 | relative_delta=0.10861391 | changed=True
[2026-05-19 13:03:47] 
Fold 2/5 | subject=45
[2026-05-19 13:03:47]     Train: 32 | Test: 8 | Strategy: new
[2026-05-19 13:03:48]     Result | best_epoch=1 | stop=16 | acc=0.6250 | bal_acc=0.6250 | collapse=False
[2026-05-19 13:03:48]     Spatial update | delta_l2=0.00538514 | relative_delta=0.00460831 | changed=True
[2026-05-19 13:03:48] 
Fold 3/5 | subject=45
[2026-05-19 13:03:48]     Train: 32 | Test: 8 | Strategy: new
[2026-05-19 13:03:48]     Result | best_epoch=1 | stop=16 | acc=0.6250 | bal_acc=0.6250 | collapse=False
[2026-05-19 13:03:48]     Spatial update | delta_l2=0.00538514 | relative_delta=0.00460831 | changed=True
[2026-05-19 13:03:48] 
Fold 4/5 | subject=45
[2026-05-19 13:03:48]     Train: 32 | Test: 8 | Strategy: new
[2026-05-19 13:03:49]     Result | best_epoch=25 | stop=40 | acc=0.5000 | bal_acc=0.5000 | collapse=False
[2026-05-19 13:03:49]     Spatial update | delta_l2=0.08132001 | relative_delta=0.06958925 | changed=True
[2026-05-19 13:03:49] 
Fold 5/5 | subject=45
[2026-05-19 13:03:49]     Train: 32 | Test: 8 | Strategy: new
[2026-05-19 13:03:49]     Result | best_epoch=1 | stop=16 | acc=0.3750 | bal_acc=0.3750 | collapse=False
[2026-05-19 13:03:49]     Spatial update | delta_l2=0.00538515 | relative_delta=0.00460831 | changed=True
[2026-05-19 13:03:49]   Subject 45: acc=0.4750±0.1458  bal_acc=0.4750±0.1458
[2026-05-19 13:03:49] 
Subject 46: 40 windows | class_counts=[20, 20]
[2026-05-19 13:03:49] 
Fold 1/5 | subject=46
[2026-05-19 13:03:49]     Train: 32 | Test: 8 | Strategy: new
[2026-05-19 13:03:50]     Result | best_epoch=67 | stop=82 | acc=0.2500 | bal_acc=0.2500 | collapse=False
[2026-05-19 13:03:50]     Spatial update | delta_l2=0.14174362 | relative_delta=0.12129649 | changed=True
[2026-05-19 13:03:50] 
Fold 2/5 | subject=46
[2026-05-19 13:03:50]     Train: 32 | Test: 8 | Strategy: new
[2026-05-19 13:03:51]     Result | best_epoch=2 | stop=17 | acc=0.5000 | bal_acc=0.5000 | collapse=False
[2026-05-19 13:03:51]     Spatial update | delta_l2=0.00932161 | relative_delta=0.00797693 | changed=True
[2026-05-19 13:03:51] 
Fold 3/5 | subject=46
[2026-05-19 13:03:51]     Train: 32 | Test: 8 | Strategy: new
[2026-05-19 13:03:51]     Result | best_epoch=1 | stop=16 | acc=0.6250 | bal_acc=0.6250 | collapse=False
[2026-05-19 13:03:51]     Spatial update | delta_l2=0.00538513 | relative_delta=0.0046083 | changed=True
[2026-05-19 13:03:51] 
Fold 4/5 | subject=46
[2026-05-19 13:03:51]     Train: 32 | Test: 8 | Strategy: new
[2026-05-19 13:03:51]     Result | best_epoch=1 | stop=16 | acc=0.3750 | bal_acc=0.3750 | collapse=False
[2026-05-19 13:03:51]     Spatial update | delta_l2=0.00538514 | relative_delta=0.00460831 | changed=True
[2026-05-19 13:03:51] 
Fold 5/5 | subject=46
[2026-05-19 13:03:51]     Train: 32 | Test: 8 | Strategy: new
[2026-05-19 13:03:51]     Result | best_epoch=1 | stop=16 | acc=0.3750 | bal_acc=0.3750 | collapse=False
[2026-05-19 13:03:51]     Spatial update | delta_l2=0.00538508 | relative_delta=0.00460826 | changed=True
[2026-05-19 13:03:51]   Subject 46: acc=0.4250±0.1275  bal_acc=0.4250±0.1275
[2026-05-19 13:03:51] 
Subject 47: 40 windows | class_counts=[20, 20]
[2026-05-19 13:03:51] 
Fold 1/5 | subject=47
[2026-05-19 13:03:51]     Train: 32 | Test: 8 | Strategy: new
[2026-05-19 13:03:53]     Result | best_epoch=66 | stop=67 | acc=0.3750 | bal_acc=0.3750 | collapse=False
[2026-05-19 13:03:53]     Spatial update | delta_l2=0.11714445 | relative_delta=0.10024585 | changed=True
[2026-05-19 13:03:53] 
Fold 2/5 | subject=47
[2026-05-19 13:03:53]     Train: 32 | Test: 8 | Strategy: new
[2026-05-19 13:03:53]     Result | best_epoch=15 | stop=30 | acc=0.5000 | bal_acc=0.5000 | collapse=False
[2026-05-19 13:03:53]     Spatial update | delta_l2=0.04646403 | relative_delta=0.03976139 | changed=True
[2026-05-19 13:03:53] 
Fold 3/5 | subject=47
[2026-05-19 13:03:53]     Train: 32 | Test: 8 | Strategy: new
[2026-05-19 13:03:54]     Result | best_epoch=59 | stop=74 | acc=0.5000 | bal_acc=0.5000 | collapse=False
[2026-05-19 13:03:54]     Spatial update | delta_l2=0.11126027 | relative_delta=0.0952105 | changed=True
[2026-05-19 13:03:54] 
Fold 4/5 | subject=47
[2026-05-19 13:03:54]     Train: 32 | Test: 8 | Strategy: new
[2026-05-19 13:03:55]     Result | best_epoch=1 | stop=16 | acc=0.5000 | bal_acc=0.5000 | collapse=False
[2026-05-19 13:03:55]     Spatial update | delta_l2=0.00538501 | relative_delta=0.0046082 | changed=True
[2026-05-19 13:03:55] 
Fold 5/5 | subject=47
[2026-05-19 13:03:55]     Train: 32 | Test: 8 | Strategy: new
[2026-05-19 13:03:55]     Result | best_epoch=1 | stop=16 | acc=0.1250 | bal_acc=0.1250 | collapse=False
[2026-05-19 13:03:55]     Spatial update | delta_l2=0.00538513 | relative_delta=0.0046083 | changed=True
[2026-05-19 13:03:55]   Subject 47: acc=0.4000±0.1458  bal_acc=0.4000±0.1458
[2026-05-19 13:03:55] 
Subject 48: 40 windows | class_counts=[20, 20]
[2026-05-19 13:03:55] 
Fold 1/5 | subject=48
[2026-05-19 13:03:55]     Train: 32 | Test: 8 | Strategy: new
[2026-05-19 13:03:55]     Result | best_epoch=18 | stop=33 | acc=0.5000 | bal_acc=0.5000 | collapse=False
[2026-05-19 13:03:55]     Spatial update | delta_l2=0.06127974 | relative_delta=0.05243987 | changed=True
[2026-05-19 13:03:55] 
Fold 2/5 | subject=48
[2026-05-19 13:03:55]     Train: 32 | Test: 8 | Strategy: new
[2026-05-19 13:03:56]     Result | best_epoch=2 | stop=17 | acc=0.5000 | bal_acc=0.5000 | collapse=False
[2026-05-19 13:03:56]     Spatial update | delta_l2=0.00936452 | relative_delta=0.00801365 | changed=True
[2026-05-19 13:03:56] 
Fold 3/5 | subject=48
[2026-05-19 13:03:56]     Train: 32 | Test: 8 | Strategy: new
[2026-05-19 13:03:56]     Result | best_epoch=4 | stop=19 | acc=0.6250 | bal_acc=0.6250 | collapse=False
[2026-05-19 13:03:56]     Spatial update | delta_l2=0.01792712 | relative_delta=0.01534106 | changed=True
[2026-05-19 13:03:56] 
Fold 4/5 | subject=48
[2026-05-19 13:03:56]     Train: 32 | Test: 8 | Strategy: new
[2026-05-19 13:03:57]     Result | best_epoch=57 | stop=72 | acc=0.5000 | bal_acc=0.5000 | collapse=False
[2026-05-19 13:03:57]     Spatial update | delta_l2=0.12942392 | relative_delta=0.11075395 | changed=True
[2026-05-19 13:03:57] 
Fold 5/5 | subject=48
[2026-05-19 13:03:57]     Train: 32 | Test: 8 | Strategy: new
[2026-05-19 13:03:58]     Result | best_epoch=7 | stop=16 | acc=0.2500 | bal_acc=0.2500 | collapse=False
[2026-05-19 13:03:58]     Spatial update | delta_l2=0.00538514 | relative_delta=0.00460831 | changed=True
[2026-05-19 13:03:58]   Subject 48: acc=0.4750±0.1225  bal_acc=0.4750±0.1225
[2026-05-19 13:03:58] 
Subject 49: 40 windows | class_counts=[20, 20]
[2026-05-19 13:03:58] 
Fold 1/5 | subject=49
[2026-05-19 13:03:58]     Train: 32 | Test: 8 | Strategy: new
[2026-05-19 13:03:59]     Result | best_epoch=69 | stop=84 | acc=0.5000 | bal_acc=0.5000 | collapse=False
[2026-05-19 13:03:59]     Spatial update | delta_l2=0.15655167 | relative_delta=0.13396841 | changed=True
[2026-05-19 13:03:59] 
Fold 2/5 | subject=49
[2026-05-19 13:03:59]     Train: 32 | Test: 8 | Strategy: new
[2026-05-19 13:03:59]     Result | best_epoch=1 | stop=16 | acc=0.5000 | bal_acc=0.5000 | collapse=False
[2026-05-19 13:03:59]     Spatial update | delta_l2=0.00538514 | relative_delta=0.00460831 | changed=True
[2026-05-19 13:03:59] 
Fold 3/5 | subject=49
[2026-05-19 13:03:59]     Train: 32 | Test: 8 | Strategy: new
[2026-05-19 13:04:00]     Result | best_epoch=1 | stop=16 | acc=0.5000 | bal_acc=0.5000 | collapse=False
[2026-05-19 13:04:00]     Spatial update | delta_l2=0.00538515 | relative_delta=0.00460832 | changed=True
[2026-05-19 13:04:00] 
Fold 4/5 | subject=49
[2026-05-19 13:04:00]     Train: 32 | Test: 8 | Strategy: new
[2026-05-19 13:04:01]     Result | best_epoch=65 | stop=80 | acc=0.5000 | bal_acc=0.5000 | collapse=False
[2026-05-19 13:04:01]     Spatial update | delta_l2=0.15304226 | relative_delta=0.13096525 | changed=True
[2026-05-19 13:04:01] 
Fold 5/5 | subject=49
[2026-05-19 13:04:01]     Train: 32 | Test: 8 | Strategy: new
[2026-05-19 13:04:01]     Result | best_epoch=1 | stop=16 | acc=0.2500 | bal_acc=0.2500 | collapse=False
[2026-05-19 13:04:01]     Spatial update | delta_l2=0.00538515 | relative_delta=0.00460832 | changed=True
[2026-05-19 13:04:01]   Subject 49: acc=0.4500±0.1000  bal_acc=0.4500±0.1000
[2026-05-19 13:04:01] 
Subject 50: 40 windows | class_counts=[20, 20]
[2026-05-19 13:04:01] 
Fold 1/5 | subject=50
[2026-05-19 13:04:01]     Train: 32 | Test: 8 | Strategy: new
[2026-05-19 13:04:02]     Result | best_epoch=2 | stop=17 | acc=0.5000 | bal_acc=0.5000 | collapse=False
[2026-05-19 13:04:02]     Spatial update | delta_l2=0.00911296 | relative_delta=0.00779837 | changed=True
[2026-05-19 13:04:02] 
Fold 2/5 | subject=50
[2026-05-19 13:04:02]     Train: 32 | Test: 8 | Strategy: new
[2026-05-19 13:04:03]     Result | best_epoch=62 | stop=77 | acc=0.3750 | bal_acc=0.3750 | collapse=False
[2026-05-19 13:04:03]     Spatial update | delta_l2=0.13314628 | relative_delta=0.11393935 | changed=True
[2026-05-19 13:04:03] 
Fold 3/5 | subject=50
[2026-05-19 13:04:03]     Train: 32 | Test: 8 | Strategy: new
[2026-05-19 13:04:04]     Result | best_epoch=35 | stop=50 | acc=0.6250 | bal_acc=0.6250 | collapse=False
[2026-05-19 13:04:04]     Spatial update | delta_l2=0.09974188 | relative_delta=0.08535368 | changed=True
[2026-05-19 13:04:04] 
Fold 4/5 | subject=50
[2026-05-19 13:04:04]     Train: 32 | Test: 8 | Strategy: new
[2026-05-19 13:04:04]     Result | best_epoch=3 | stop=18 | acc=0.3750 | bal_acc=0.3750 | collapse=False
[2026-05-19 13:04:04]     Spatial update | delta_l2=0.01297446 | relative_delta=0.01110284 | changed=True
[2026-05-19 13:04:04] 
Fold 5/5 | subject=50
[2026-05-19 13:04:04]     Train: 32 | Test: 8 | Strategy: new
[2026-05-19 13:04:04]     Result | best_epoch=2 | stop=17 | acc=0.5000 | bal_acc=0.5000 | collapse=False
[2026-05-19 13:04:04]     Spatial update | delta_l2=0.0092792 | relative_delta=0.00794063 | changed=True
[2026-05-19 13:04:04]   Subject 50: acc=0.4750±0.0935  bal_acc=0.4750±0.0935
[2026-05-19 13:04:04] 
======================================================================
[2026-05-19 13:04:04] AGGREGATED RESULTS
[2026-05-19 13:04:04] ======================================================================
[2026-05-19 13:04:04]   1: acc=0.4000±0.0935  bal_acc=0.4000±0.0935
[2026-05-19 13:04:04]   2: acc=0.5250±0.2000  bal_acc=0.5250±0.2000
[2026-05-19 13:04:04]   3: acc=0.5000±0.2092  bal_acc=0.5000±0.2092
[2026-05-19 13:04:04]   4: acc=0.5000±0.1369  bal_acc=0.5000±0.1369
[2026-05-19 13:04:04]   5: acc=0.5750±0.1275  bal_acc=0.5750±0.1275
[2026-05-19 13:04:04]   6: acc=0.4000±0.1658  bal_acc=0.4000±0.1658
[2026-05-19 13:04:04]   7: acc=0.4250±0.1000  bal_acc=0.4250±0.1000
[2026-05-19 13:04:04]   8: acc=0.8000±0.1000  bal_acc=0.8000±0.1000
[2026-05-19 13:04:04]   9: acc=0.5500±0.1500  bal_acc=0.5500±0.1500
[2026-05-19 13:04:04]   10: acc=0.6000±0.1458  bal_acc=0.6000±0.1458
[2026-05-19 13:04:04]   11: acc=0.5250±0.0935  bal_acc=0.5250±0.0935
[2026-05-19 13:04:04]   12: acc=0.4750±0.2151  bal_acc=0.4750±0.2151
[2026-05-19 13:04:04]   13: acc=0.5500±0.1000  bal_acc=0.5500±0.1000
[2026-05-19 13:04:04]   14: acc=0.5250±0.0935  bal_acc=0.5250±0.0935
[2026-05-19 13:04:04]   15: acc=0.4750±0.1225  bal_acc=0.4750±0.1225
[2026-05-19 13:04:04]   16: acc=0.4000±0.1837  bal_acc=0.4000±0.1837
[2026-05-19 13:04:04]   17: acc=0.5500±0.1500  bal_acc=0.5500±0.1500
[2026-05-19 13:04:04]   18: acc=0.6500±0.1225  bal_acc=0.6500±0.1225
[2026-05-19 13:04:04]   19: acc=0.5000±0.1581  bal_acc=0.5000±0.1581
[2026-05-19 13:04:04]   20: acc=0.8000±0.0612  bal_acc=0.8000±0.0612
[2026-05-19 13:04:04]   21: acc=0.4250±0.1000  bal_acc=0.4250±0.1000
[2026-05-19 13:04:04]   22: acc=0.6000±0.2151  bal_acc=0.6000±0.2151
[2026-05-19 13:04:04]   23: acc=0.6750±0.0612  bal_acc=0.6750±0.0612
[2026-05-19 13:04:04]   24: acc=0.5000±0.0791  bal_acc=0.5000±0.0791
[2026-05-19 13:04:04]   25: acc=0.5500±0.0612  bal_acc=0.5500±0.0612
[2026-05-19 13:04:04]   26: acc=0.4750±0.2669  bal_acc=0.4750±0.2669
[2026-05-19 13:04:04]   27: acc=0.5000±0.1118  bal_acc=0.5000±0.1118
[2026-05-19 13:04:04]   28: acc=0.5500±0.1500  bal_acc=0.5500±0.1500
[2026-05-19 13:04:04]   29: acc=0.4250±0.2031  bal_acc=0.4250±0.2031
[2026-05-19 13:04:04]   30: acc=0.4750±0.0935  bal_acc=0.4750±0.0935
[2026-05-19 13:04:04]   31: acc=0.5000±0.0791  bal_acc=0.5000±0.0791
[2026-05-19 13:04:04]   32: acc=0.5250±0.1837  bal_acc=0.5250±0.1837
[2026-05-19 13:04:04]   33: acc=0.5750±0.1000  bal_acc=0.5750±0.1000
[2026-05-19 13:04:04]   34: acc=0.7000±0.1500  bal_acc=0.7000±0.1500
[2026-05-19 13:04:04]   35: acc=0.5500±0.1871  bal_acc=0.5500±0.1871
[2026-05-19 13:04:04]   36: acc=0.4750±0.1837  bal_acc=0.4750±0.1837
[2026-05-19 13:04:04]   37: acc=0.4750±0.1458  bal_acc=0.4750±0.1458
[2026-05-19 13:04:04]   38: acc=0.5750±0.1275  bal_acc=0.5750±0.1275
[2026-05-19 13:04:04]   39: acc=0.5750±0.0612  bal_acc=0.5750±0.0612
[2026-05-19 13:04:04]   40: acc=0.5500±0.1275  bal_acc=0.5500±0.1275
[2026-05-19 13:04:04]   41: acc=0.5000±0.1768  bal_acc=0.5000±0.1768
[2026-05-19 13:04:04]   42: acc=0.5500±0.0612  bal_acc=0.5500±0.0612
[2026-05-19 13:04:04]   43: acc=0.5000±0.0791  bal_acc=0.5000±0.0791
[2026-05-19 13:04:04]   44: acc=0.4000±0.2000  bal_acc=0.4000±0.2000
[2026-05-19 13:04:04]   45: acc=0.4750±0.1458  bal_acc=0.4750±0.1458
[2026-05-19 13:04:04]   46: acc=0.4250±0.1275  bal_acc=0.4250±0.1275
[2026-05-19 13:04:04]   47: acc=0.4000±0.1458  bal_acc=0.4000±0.1458
[2026-05-19 13:04:04]   48: acc=0.4750±0.1225  bal_acc=0.4750±0.1225
[2026-05-19 13:04:04]   49: acc=0.4500±0.1000  bal_acc=0.4500±0.1000
[2026-05-19 13:04:04]   50: acc=0.4750±0.0935  bal_acc=0.4750±0.0935
[2026-05-19 13:04:04] ----------------------------------------------------------------------
[2026-05-19 13:04:04]   OVERALL: acc=0.5210±0.1675  bal_acc=0.5210±0.1675
[2026-05-19 13:04:04] CV results saved to: /Users/vadim/Documents/School/Spring 2026/CSCE A698 Individual Research/EEG_JEPA/artifacts/liu2024-source-mat-sjepa-prelocal/Liu2024_SourceMAT/20260519_1300_ea4dc683/cv_results.json
