[2026-05-29 19:23:26] Run ID:     20260529_1923_23de2b79
[2026-05-29 19:23:26] Artifacts:  /home/vegorov/Repos/eeg_jepa_research/artifacts/liu2024-source-mat-sjepa-prelocal/20260529_1923_23de2b79
[2026-05-29 19:23:26] Config:     /home/vegorov/Repos/eeg_jepa_research/artifacts/liu2024-source-mat-sjepa-prelocal/20260529_1923_23de2b79/config.json
[2026-05-29 19:23:26] Using device: cpu
[2026-05-29 19:23:27] Seed initialized: 2026
[2026-05-29 19:23:27] Configured preprocessing pipeline:
[2026-05-29 19:23:27]   - [ON] source::select_eeg_channels | - select Liu EEG channels, drop CPz reference, EOG, and marker before model input
[2026-05-29 19:23:27]   - [off] source::demean | mode=none | baseline_window_s=[0.0, 4.0]
[2026-05-29 19:23:27]   - [off] source::detrend | mode=none
[2026-05-29 19:23:27]   - [off] source::eog_correction | mode=none
[2026-05-29 19:23:27]   - [off] source::artifact_clipping | mode=none | percentile=99.5
[2026-05-29 19:23:27]   - [ON] mne_raw::reference | timing=before_resample_filter | mode=average
[2026-05-29 19:23:27]   - [ON] mne_raw::resample | sfreq=128
[2026-05-29 19:23:27]   - [ON] mne_raw::bandpass_filter | l_freq=0.5 | h_freq=40.0 | method=fir | phase=zero | fir_design=firwin
[2026-05-29 19:23:27]   - [off] mne_raw::notch_filter | timing=after_bandpass
[2026-05-29 19:23:27]   - [ON] window::crop_fixed_mi_window | start_s=0 | target_window_samples=537
[2026-05-29 19:23:27]   - [off] window::bad_trial_rejection
[2026-05-29 19:23:27]   - [off] split::fold_safe_normalization | mode=none
[2026-05-29 19:23:27] Source extract dir: /home/vegorov/Repos/eeg_jepa_research/liu2024_data/liu2024_figshare/sourcedata
[2026-05-29 19:23:27] Found 50 .mat files
[2026-05-29 19:23:27] MAT structure preview saved to: /home/vegorov/Repos/eeg_jepa_research/artifacts/liu2024-source-mat-sjepa-prelocal/20260529_1923_23de2b79/mat_structure_preview_first_subject.csv
[2026-05-29 19:23:33] Subjects loaded: [1, 2, 3, 4, 5, 6, 7, 8, 9, 10, 11, 12, 13, 14, 15, 16, 17, 18, 19, 20, 21, 22, 23, 24, 25, 26, 27, 28, 29, 30, 31, 32, 33, 34, 35, 36, 37, 38, 39, 40, 41, 42, 43, 44, 45, 46, 47, 48, 49, 50]
[2026-05-29 19:23:33] Subject inventory saved to: /home/vegorov/Repos/eeg_jepa_research/artifacts/liu2024-source-mat-sjepa-prelocal/20260529_1923_23de2b79/subject_inventory.csv
[2026-05-29 19:23:58] Runtime Environment:
[2026-05-29 19:23:58]   - Python: 3.11.15 (main, Mar 24 2026, 22:50:29) [Clang 22.1.1 ]
[2026-05-29 19:23:58]   - Platform: Linux-6.14.0-37-generic-x86_64-with-glibc2.41

[2026-05-29 19:23:58] Working directory: /home/vegorov/Repos/eeg_jepa_research
[2026-05-29 19:23:58] Effective Liu2024 Source MAT settings:
[2026-05-29 19:23:58]   Experiment:                        baseline_sjepa_prelocal
[2026-05-29 19:23:58]   Note:                              Clean MNE-style preprocessing pipeline builder + S-JEPA hyperparameter controls.
[2026-05-29 19:23:58]   Channels:                          29
[2026-05-29 19:23:58]   Channel names:                     ['Fp1', 'Fp2', 'Fz', 'F3', 'F4', 'F7', 'F8', 'FCz', 'FC3', 'FC4', 'FT7', 'FT8', 'Cz', 'C3', 'C4', 'T3', 'T4', 'CP3', 'CP4', 'TP7', 'TP8', 'Pz', 'P3', 'P4', 'T5', 'T6', 'Oz', 'O1', 'O2']
[2026-05-29 19:23:58]   Source sfreq:                      500 Hz
[2026-05-29 19:23:58]   Effective sfreq:                   128.0 Hz
[2026-05-29 19:23:58]   MI window start / samples:         0 s / 537
[2026-05-29 19:23:58]   Effective window duration:         4.1953 s
[2026-05-29 19:23:58]   Evaluation mode:                   stratified_kfold
[2026-05-29 19:23:58]   Fixed seed:                        base=2026 | cv=2026 | split=2026 | val=2026

[2026-05-29 19:23:58] Preprocessing config:
[2026-05-29 19:23:58]   source_unit                       : microvolts
[2026-05-29 19:23:58]   final_model_unit                  : microvolts
[2026-05-29 19:23:58]   demean_mode                       : none
[2026-05-29 19:23:58]   baseline_window_s                 : [0.0, 4.0]
[2026-05-29 19:23:58]   detrend_mode                      : none
[2026-05-29 19:23:58]   eog_correction                    : none
[2026-05-29 19:23:58]   artifact_clip_mode                : none
[2026-05-29 19:23:58]   artifact_clip_abs_value           : None
[2026-05-29 19:23:58]   artifact_clip_percentile          : 99.5
[2026-05-29 19:23:58]   reference_mode                    : average
[2026-05-29 19:23:58]   reference_timing                  : before_resample_filter
[2026-05-29 19:23:58]   resample                          : True
[2026-05-29 19:23:58]   resample_sfreq                    : 128
[2026-05-29 19:23:58]   effective_sfreq                   : 128.0
[2026-05-29 19:23:58]   filter_enabled                    : True
[2026-05-29 19:23:58]   filter_low                        : 0.5
[2026-05-29 19:23:58]   filter_high                       : 40.0
[2026-05-29 19:23:58]   filter_method                     : fir
[2026-05-29 19:23:58]   filter_phase                      : zero
[2026-05-29 19:23:58]   filter_fir_design                 : firwin
[2026-05-29 19:23:58]   filter_l_trans_bandwidth          : auto
[2026-05-29 19:23:58]   filter_h_trans_bandwidth          : auto
[2026-05-29 19:23:58]   filter_iir_params                 : None
[2026-05-29 19:23:58]   notch_freqs                       : None
[2026-05-29 19:23:58]   notch_before_bandpass             : False
[2026-05-29 19:23:58]   mi_window_start_s                 : 0
[2026-05-29 19:23:58]   target_window_s                   : 4.2
[2026-05-29 19:23:58]   target_window_samples             : 537
[2026-05-29 19:23:58]   reject_bad_trials                 : False
[2026-05-29 19:23:58]   reject_peak_to_peak_threshold     : None
[2026-05-29 19:23:58]   reject_abs_threshold              : None
[2026-05-29 19:23:58]   normalization_mode                : none
[2026-05-29 19:23:58]   normalization_eps                 : 1e-06

[2026-05-29 19:23:58] Training config:
[2026-05-29 19:23:58]   strategy                          : new
[2026-05-29 19:23:58]   batch_size                        : 4
[2026-05-29 19:23:58]   learning_rate                     : 0.0004
[2026-05-29 19:23:58]   optimizer_name                    : adam
[2026-05-29 19:23:58]   weight_decay                      : 0.0
[2026-05-29 19:23:58]   val_split                         : 0.2
[2026-05-29 19:23:58]   early_stopping_patience           : 10
[2026-05-29 19:23:58]   n_epochs                          : 50
[2026-05-29 19:23:58]   augmentation_noise_fraction       : 0.0
[2026-05-29 19:23:58]   augmentation_time_shift_samples   : 0
[2026-05-29 19:23:58]   augmentation_channel_dropout_prob : 0.0

[2026-05-29 19:23:58] Evaluation config:
[2026-05-29 19:23:58]   evaluation_mode                   : stratified_kfold
[2026-05-29 19:23:58]   cv_folds                          : 5
[2026-05-29 19:23:58]   n_repeats                         : 10
[2026-05-29 19:23:58]   test_size                         : 0.2
[2026-05-29 19:23:58]   cv_random_state                   : 2026
[2026-05-29 19:23:58]   split_random_state                : 2026
[2026-05-29 19:23:58]   val_split_random_state            : 2026
