[2026-07-13 00:52:54] Run ID:     20260713_005254_206429_9bbef9d8
[2026-07-13 00:52:54] Artifacts:  /Users/vadim/Documents/School/Spring 2026/CSCE A698 Individual Research/EEG_JEPA/artifacts/liu2024-cohort-selection-sensitivity/20260713_005254_206429_9bbef9d8
[2026-07-13 00:52:54] Config:     /Users/vadim/Documents/School/Spring 2026/CSCE A698 Individual Research/EEG_JEPA/artifacts/liu2024-cohort-selection-sensitivity/20260713_005254_206429_9bbef9d8/config.json
[2026-07-13 00:52:54] Using device: mps (analysis is CPU-oriented)
[2026-07-13 00:52:54] Seed initialized: 20260713
[2026-07-13 00:52:54] Full CONFIG banner:
{
  "artifact_dir": "/Users/vadim/Documents/School/Spring 2026/CSCE A698 Individual Research/EEG_JEPA/artifacts/liu2024-cohort-selection-sensitivity",
  "analysis_artifact": "artifacts/liu2024-compact-mi-models/20260712_165746_790145_fd8ab986",
  "analysis_role": "locked_primary",
  "experiment_name": "cohort_selection_locked_shallow_primary",
  "config_note": "Locked Shallow OOF cohort-selection sensitivity; outcome-ranked oracle is invalid.",
  "source_extract_dir": "/Users/vadim/Documents/School/Spring 2026/CSCE A698 Individual Research/EEG_JEPA/liu2024_data/liu2024_figshare/sourcedata",
  "participants_tsv": "/Users/vadim/Documents/School/Spring 2026/CSCE A698 Individual Research/Liu2024/participants.tsv",
  "enabled": true,
  "expected_subjects": [
    "sub-01",
    "sub-02",
    "sub-03",
    "sub-04",
    "sub-05",
    "sub-06",
    "sub-07",
    "sub-08",
    "sub-09",
    "sub-10",
    "sub-11",
    "sub-12",
    "sub-13",
    "sub-14",
    "sub-15",
    "sub-16",
    "sub-17",
    "sub-18",
    "sub-19",
    "sub-20",
    "sub-21",
    "sub-22",
    "sub-23",
    "sub-24",
    "sub-25",
    "sub-26",
    "sub-27",
    "sub-28",
    "sub-29",
    "sub-30",
    "sub-31",
    "sub-32",
    "sub-33",
    "sub-34",
    "sub-35",
    "sub-36",
    "sub-37",
    "sub-38",
    "sub-39",
    "sub-40",
    "sub-41",
    "sub-42",
    "sub-43",
    "sub-44",
    "sub-45",
    "sub-46",
    "sub-47",
    "sub-48",
    "sub-49",
    "sub-50"
  ],
  "expected_trials_per_subject": 40,
  "lv14_subjects": [
    "sub-01",
    "sub-03",
    "sub-07",
    "sub-09",
    "sub-10",
    "sub-11",
    "sub-14",
    "sub-15",
    "sub-17",
    "sub-29",
    "sub-31",
    "sub-32",
    "sub-37",
    "sub-41"
  ],
  "native_sfreq": 500,
  "marker_channel_index": 32,
  "onset_marker_value": 2,
  "onset_plausible_range": [
    800,
    1300
  ],
  "window_seconds": 4.0,
  "liu29_indices": [
    0,
    1,
    2,
    3,
    4,
    5,
    6,
    7,
    8,
    9,
    10,
    11,
    12,
    13,
    14,
    15,
    16,
    18,
    19,
    20,
    21,
    22,
    23,
    24,
    25,
    26,
    27,
    28,
    29
  ],
  "liu29_names": [
    "Fp1",
    "Fp2",
    "Fz",
    "F3",
    "F4",
    "F7",
    "F8",
    "FCz",
    "FC3",
    "FC4",
    "FT7",
    "FT8",
    "Cz",
    "C3",
    "C4",
    "T3",
    "T4",
    "CP3",
    "CP4",
    "TP7",
    "TP8",
    "Pz",
    "P3",
    "P4",
    "T5",
    "T6",
    "Oz",
    "O1",
    "O2"
  ],
  "motor13_names": [
    "F3",
    "F4",
    "FCz",
    "FC3",
    "FC4",
    "Cz",
    "C3",
    "C4",
    "CP3",
    "CP4",
    "Pz",
    "P3",
    "P4"
  ],
  "age_edges": [
    -1,
    44,
    64,
    200
  ],
  "age_labels": [
    "<45",
    "45-64",
    ">=65"
  ],
  "duration_edges": [
    -1,
    3,
    7,
    14,
    100000
  ],
  "duration_labels": [
    "1-3",
    "4-7",
    "8-14",
    ">=15"
  ],
  "nihss_edges": [
    -1,
    0,
    4,
    15,
    20,
    42
  ],
  "nihss_labels": [
    "0_none",
    "1-4_minor",
    "5-15_moderate",
    "16-20_moderate_severe",
    "21-42_severe"
  ],
  "mbi_edges": [
    -1,
    20,
    60,
    90,
    99,
    100
  ],
  "mbi_labels": [
    "0-20_total",
    "21-60_severe",
    "61-90_moderate",
    "91-99_slight",
    "100_independent"
  ],
  "mrs_labels": [
    "0",
    "1",
    "2",
    "3",
    "4",
    "5"
  ],
  "qc_version": "liu2024_label_blind_qc_v1",
  "qc_bandpass_hz": [
    8.0,
    30.0
  ],
  "qc_welch_nperseg": 1000,
  "flat_scale_min": 0.05,
  "robust_scale_range": [
    0.1,
    1000.0
  ],
  "peak_to_peak_max": 5000.0,
  "extreme_robust_z": 20.0,
  "extreme_fraction_max": 0.01,
  "adc_centered_rail": 32760.0,
  "clipped_fraction_max": 0.001,
  "marker_valid_fraction_min": 0.95,
  "marker_fallback_max": 2,
  "cov_condition_max": 100000000.0,
  "cov_effective_rank_min": 2.0,
  "minimum_policy_coverage": 0.7,
  "selector_features": [
    "marker_fallback_count",
    "robust_sd_median",
    "peak_to_peak_median",
    "extreme_fraction",
    "flat_channel_count",
    "line_50hz_ratio",
    "hf_30_40_to_8_30_ratio",
    "split_half_log_bandpower_reliability"
  ],
  "selector_outer_folds": 5,
  "selector_inner_folds": 5,
  "ridge_alphas": [
    0.01,
    0.1,
    1.0,
    10.0,
    100.0
  ],
  "coverage_levels": [
    1.0,
    0.9,
    0.8,
    0.7,
    0.6,
    0.5
  ],
  "oracle_coverage_levels": [
    1.0,
    0.9,
    0.8,
    0.7,
    0.6,
    0.5,
    0.4,
    0.3,
    0.2,
    0.1
  ],
  "trial_abstention_levels": [
    1.0,
    0.9,
    0.8,
    0.7,
    0.6,
    0.5,
    0.4,
    0.3,
    0.2,
    0.1
  ],
  "oracle_demonstration_target_ba": 0.75,
  "bootstrap_iterations": 10000,
  "seed": 20260713,
  "set_seed": true
}
[2026-07-13 00:52:54] Validated 50 subjects and 2000 exactly-once OOF trial predictions
[2026-07-13 00:53:22] Created QC cache: /Users/vadim/Documents/School/Spring 2026/CSCE A698 Individual Research/EEG_JEPA/artifacts/liu2024-cohort-selection-sensitivity/qc_cache/qc_36b61eb313b2e037/qc_features.csv
[2026-07-13 00:53:22] {
  "marker_valid": {
    "pass": 47,
    "fail": 3
  },
  "all_finite": {
    "pass": 50,
    "fail": 0
  },
  "robust_scale_plausible": {
    "pass": 50,
    "fail": 0
  },
  "no_flat_channels": {
    "pass": 50,
    "fail": 0
  },
  "peak_to_peak_plausible": {
    "pass": 50,
    "fail": 0
  },
  "extreme_fraction_plausible": {
    "pass": 50,
    "fail": 0
  },
  "clipped_fraction_plausible": {
    "pass": 50,
    "fail": 0
  },
  "covariance_numerically_valid": {
    "pass": 49,
    "fail": 1
  },
  "combined_fixed": {
    "pass": 46,
    "fail": 4
  }
}
[2026-07-13 00:53:22] Held-out selector scores written before evaluation: /Users/vadim/Documents/School/Spring 2026/CSCE A698 Individual Research/EEG_JEPA/artifacts/liu2024-cohort-selection-sensitivity/20260713_005254_206429_9bbef9d8/selector_scores_pre_evaluation.csv sha256=aacd5c5130cfd56d51d03405d06700840502c30c9a275c8479d7a1a7eee6f494
[2026-07-13 00:53:22] INVALID ORACLE ONLY: largest top-ranked prefix at or above 75% BA retains 7/50 patients
[2026-07-13 00:53:23] {
  "analysis_role": "locked_primary",
  "source_artifact": "/Users/vadim/Documents/School/Spring 2026/CSCE A698 Individual Research/EEG_JEPA/artifacts/liu2024-compact-mi-models/20260712_165746_790145_fd8ab986",
  "validation": {
    "subject_ids_exact": true,
    "n_subjects": 50,
    "trials_per_subject": 40,
    "n_exactly_once_oof_predictions": 2000
  },
  "cohorts": {
    "Full50": {
      "analysis_role": "locked_primary",
      "n_subjects": 50,
      "coverage_fraction": 1.0,
      "mean_subject_ba": 0.5745,
      "ci95_low": 0.5415,
      "ci95_high": 0.607,
      "selection_status": "fixed_outcome_blind"
    },
    "Lv14_fixed": {
      "analysis_role": "locked_primary",
      "n_subjects": 14,
      "coverage_fraction": 0.28,
      "mean_subject_ba": 0.5285714285714287,
      "ci95_low": 0.47142857142857153,
      "ci95_high": 0.5946428571428573,
      "selection_status": "fixed_outcome_blind"
    },
    "non_Lv36": {
      "analysis_role": "locked_primary",
      "n_subjects": 36,
      "coverage_fraction": 0.72,
      "mean_subject_ba": 0.5923611111111112,
      "ci95_low": 0.5555555555555558,
      "ci95_high": 0.6291666666666665,
      "selection_status": "fixed_outcome_blind"
    }
  },
  "qc": {
    "scope": "full_recording_transductive_label_blind_not_fold_local",
    "signature": "36b61eb313b2e037",
    "cache_dir": "/Users/vadim/Documents/School/Spring 2026/CSCE A698 Individual Research/EEG_JEPA/artifacts/liu2024-cohort-selection-sensitivity/qc_cache/qc_36b61eb313b2e037",
    "policy_counts": {
      "marker_valid": {
        "pass": 47,
        "fail": 3
      },
      "all_finite": {
        "pass": 50,
        "fail": 0
      },
      "robust_scale_plausible": {
        "pass": 50,
        "fail": 0
      },
      "no_flat_channels": {
        "pass": 50,
        "fail": 0
      },
      "peak_to_peak_plausible": {
        "pass": 50,
        "fail": 0
      },
      "extreme_fraction_plausible": {
        "pass": 50,
        "fail": 0
      },
      "clipped_fraction_plausible": {
        "pass": 50,
        "fail": 0
      },
      "covariance_numerically_valid": {
        "pass": 49,
        "fail": 1
      },
      "combined_fixed": {
        "pass": 46,
        "fail": 4
      }
    },
    "combined_coverage": 0.92
  },
  "clinical_holm_family": [
    {
      "clinical_family": "paralysis_side",
      "kruskal_statistic": 0.06481453072745902,
      "p_value": 0.7990421158415313,
      "holm_p": 1.0
    },
    {
      "clinical_family": "nihss",
      "kruskal_statistic": 2.400476344313053,
      "p_value": 0.12129831019721711,
      "holm_p": 0.6064915509860855
    },
    {
      "clinical_family": "age",
      "kruskal_statistic": 3.044022233812984,
      "p_value": 0.2182724737824456,
      "holm_p": 0.7239926114046777
    },
    {
      "clinical_family": "duration",
      "kruskal_statistic": 6.478219022262212,
      "p_value": 0.09052546106745428,
      "holm_p": 0.5431527664047257
    },
    {
      "clinical_family": "mRS",
      "kruskal_statistic": 7.579268810276213,
      "p_value": 0.18099815285116944,
      "holm_p": 0.7239926114046777
    },
    {
      "clinical_family": "MBI",
      "kruskal_statistic": 2.288930700866227,
      "p_value": 0.5146448070853515,
      "holm_p": 1.0
    }
  ],
  "selector": {
    "r2": -0.051381768419275664,
    "mae": 0.09854499335850857,
    "spearman_rho": 0.17966644010911134,
    "spearman_p": 0.21185187082917523,
    "calibration_slope": 0.22835884484064212,
    "calibration_intercept": 0.4442943090647156,
    "pre_evaluation_scores_sha256": "aacd5c5130cfd56d51d03405d06700840502c30c9a275c8479d7a1a7eee6f494"
  },
  "oracle_invalid": {
    "status": "INVALID_CIRCULAR_NOT_DEPLOYABLE",
    "target_ba": 0.75,
    "largest_prefix_at_or_above_target_n": 7
  },
  "trial_abstention_status": "POSTHOC_DESCRIPTIVE_UNCALIBRATED_CONFIDENCE"
}
[2026-07-13 00:53:23] Global metrics saved to:  /Users/vadim/Documents/School/Spring 2026/CSCE A698 Individual Research/EEG_JEPA/artifacts/liu2024-cohort-selection-sensitivity/20260713_005254_206429_9bbef9d8/global_metrics.json
[2026-07-13 00:53:23] Run metadata saved to:    /Users/vadim/Documents/School/Spring 2026/CSCE A698 Individual Research/EEG_JEPA/artifacts/liu2024-cohort-selection-sensitivity/20260713_005254_206429_9bbef9d8/run_metadata.json
[2026-07-13 00:53:23] 
All artifacts in: /Users/vadim/Documents/School/Spring 2026/CSCE A698 Individual Research/EEG_JEPA/artifacts/liu2024-cohort-selection-sensitivity/20260713_005254_206429_9bbef9d8
