[2026-07-12 17:27:35] Run ID:     20260712_172735_615232_9daf3bd5
[2026-07-12 17:27:35] Artifacts:  /Users/vadim/Documents/School/Spring 2026/CSCE A698 Individual Research/EEG_JEPA/artifacts/liu2024-compact-mi-loso-transfer/20260712_172735_615232_9daf3bd5
[2026-07-12 17:27:35] Config:     /Users/vadim/Documents/School/Spring 2026/CSCE A698 Individual Research/EEG_JEPA/artifacts/liu2024-compact-mi-loso-transfer/20260712_172735_615232_9daf3bd5/config.json
[2026-07-12 17:27:35] Using device: mps
[2026-07-12 17:27:36] Seed initialized: 2026
[2026-07-12 17:27:36] Full CONFIG banner:
{
  "artifact_dir": "/Users/vadim/Documents/School/Spring 2026/CSCE A698 Individual Research/EEG_JEPA/artifacts/liu2024-compact-mi-loso-transfer",
  "source_extract_dir": "/Users/vadim/Documents/School/Spring 2026/CSCE A698 Individual Research/EEG_JEPA/liu2024_data/liu2024_figshare/sourcedata",
  "experiment_name": "compact_loso_pilot_eegtcnet_full_finetune",
  "config_note": "LOSO source pretraining and target adaptation pilot.",
  "subjects_to_use": [
    1,
    3,
    7,
    9
  ],
  "target_subjects": [
    1,
    3
  ],
  "channel_set": "liu29",
  "native_sfreq": 500,
  "target_sfreq": 128,
  "marker_channel_index": 32,
  "onset_marker_value": 2,
  "onset_plausible_range": [
    800,
    1300
  ],
  "window_seconds": 4.0,
  "bandpass_hz": [
    4.0,
    40.0
  ],
  "filter_order": 4,
  "normalization_mode": "channel_standardize",
  "normalization_eps": 1e-06,
  "model_name": "EEGTCNet",
  "allow_optional_models": false,
  "adaptation_mode": "full_finetune",
  "source_epochs": 1,
  "adaptation_epochs": 5,
  "finetune_learning_rate": 3e-05,
  "checkpoint_cache_dir": "/Users/vadim/Documents/School/Spring 2026/CSCE A698 Individual Research/EEG_JEPA/artifacts/checkpoint_cache/compact-mi-loso",
  "evaluation_mode": "stratified_5fold",
  "cv_folds": 5,
  "cv_random_state": 2026,
  "persist_splits": true,
  "epoch_selection": "fixed_source_locked",
  "source_locked_epochs": 20,
  "batch_size": 8,
  "n_epochs": 20,
  "learning_rate": 0.0003,
  "weight_decay": 0.01,
  "gradient_clip_norm": 1.0,
  "seeds": [
    2026
  ],
  "seed": 2026,
  "set_seed": true,
  "bootstrap_iterations": 10000,
  "collapse_threshold": 0.9,
  "classical_reference_artifact": "/Users/vadim/Documents/School/Spring 2026/CSCE A698 Individual Research/EEG_JEPA/artifacts/liu2024-multiscale-riemann-fusion/20260712_145032_844360_89d4f1fc/subject_results.csv"
}
[2026-07-12 17:27:46] {
  "mean_subject_balanced_accuracy": 0.5,
  "subject_bootstrap_95_ci": [
    0.5,
    0.5
  ],
  "n_subjects": 2,
  "n_folds_total": 10,
  "collapse_rate": 1.0,
  "mean_training_seconds": 0.711651337496005
}
[2026-07-12 17:27:46] CV results saved to:      /Users/vadim/Documents/School/Spring 2026/CSCE A698 Individual Research/EEG_JEPA/artifacts/liu2024-compact-mi-loso-transfer/20260712_172735_615232_9daf3bd5/cv_results.json
[2026-07-12 17:27:46] Subject metrics saved to: /Users/vadim/Documents/School/Spring 2026/CSCE A698 Individual Research/EEG_JEPA/artifacts/liu2024-compact-mi-loso-transfer/20260712_172735_615232_9daf3bd5/subject_metrics.json
[2026-07-12 17:27:46] Global metrics saved to:  /Users/vadim/Documents/School/Spring 2026/CSCE A698 Individual Research/EEG_JEPA/artifacts/liu2024-compact-mi-loso-transfer/20260712_172735_615232_9daf3bd5/global_metrics.json
[2026-07-12 17:27:46] Run metadata saved to:    /Users/vadim/Documents/School/Spring 2026/CSCE A698 Individual Research/EEG_JEPA/artifacts/liu2024-compact-mi-loso-transfer/20260712_172735_615232_9daf3bd5/run_metadata.json
[2026-07-12 17:27:46] 
All artifacts in: /Users/vadim/Documents/School/Spring 2026/CSCE A698 Individual Research/EEG_JEPA/artifacts/liu2024-compact-mi-loso-transfer/20260712_172735_615232_9daf3bd5
