Notebook:       /Users/vadim/Documents/School/Spring 2026/CSCE A698 Individual Research/EEG_JEPA/src/liu2024/liu2024_source_mat_sjepa_prelocal_clean_pipeline.ipynb
Configurations: /Users/vadim/Documents/School/Spring 2026/CSCE A698 Individual Research/EEG_JEPA/src/utils/experiments/configs/liu2024_sjepa_hp_optimizer_weight_decay.json
Total configs:  16

[1/16] Running config override:
{
  "optimizer_name": "adam",
  "weight_decay": 0.0,
  "experiment_name": "hpopt_001_adam_wd0",
  "sweep_group": "HP_optimizer_weight_decay"
}
  status:       completed
  elapsed_sec:  254.944
  run_id:       20260528_1755_68ce693d
  artifact_dir: /Users/vadim/Documents/School/Spring 2026/CSCE A698 Individual Research/EEG_JEPA/artifacts/liu2024-source-mat-sjepa-prelocal/20260528_1755_68ce693d

[2/16] Running config override:
{
  "optimizer_name": "adam",
  "weight_decay": 1e-06,
  "experiment_name": "hpopt_002_adam_wd1em06",
  "sweep_group": "HP_optimizer_weight_decay"
}
  status:       completed
  elapsed_sec:  269.851
  run_id:       20260528_1800_dd139883
  artifact_dir: /Users/vadim/Documents/School/Spring 2026/CSCE A698 Individual Research/EEG_JEPA/artifacts/liu2024-source-mat-sjepa-prelocal/20260528_1800_dd139883

[3/16] Running config override:
{
  "optimizer_name": "adam",
  "weight_decay": 3e-06,
  "experiment_name": "hpopt_003_adam_wd3em06",
  "sweep_group": "HP_optimizer_weight_decay"
}
  status:       completed
  elapsed_sec:  289.334
  run_id:       20260528_1804_d9568515
  artifact_dir: /Users/vadim/Documents/School/Spring 2026/CSCE A698 Individual Research/EEG_JEPA/artifacts/liu2024-source-mat-sjepa-prelocal/20260528_1804_d9568515

[4/16] Running config override:
{
  "optimizer_name": "adam",
  "weight_decay": 1e-05,
  "experiment_name": "hpopt_004_adam_wd1em05",
  "sweep_group": "HP_optimizer_weight_decay"
}
  status:       completed
  elapsed_sec:  277.625
  run_id:       20260528_1809_5d45b0a0
  artifact_dir: /Users/vadim/Documents/School/Spring 2026/CSCE A698 Individual Research/EEG_JEPA/artifacts/liu2024-source-mat-sjepa-prelocal/20260528_1809_5d45b0a0

[5/16] Running config override:
{
  "optimizer_name": "adam",
  "weight_decay": 3e-05,
  "experiment_name": "hpopt_005_adam_wd3em05",
  "sweep_group": "HP_optimizer_weight_decay"
}
  status:       completed
  elapsed_sec:  253.211
  run_id:       20260528_1814_47b2ce44
  artifact_dir: /Users/vadim/Documents/School/Spring 2026/CSCE A698 Individual Research/EEG_JEPA/artifacts/liu2024-source-mat-sjepa-prelocal/20260528_1814_47b2ce44

[6/16] Running config override:
{
  "optimizer_name": "adam",
  "weight_decay": 0.0001,
  "experiment_name": "hpopt_006_adam_wd0p0001",
  "sweep_group": "HP_optimizer_weight_decay"
}
  status:       completed
  elapsed_sec:  257.746
  run_id:       20260528_1818_883231e9
  artifact_dir: /Users/vadim/Documents/School/Spring 2026/CSCE A698 Individual Research/EEG_JEPA/artifacts/liu2024-source-mat-sjepa-prelocal/20260528_1818_883231e9

[7/16] Running config override:
{
  "optimizer_name": "adam",
  "weight_decay": 0.0003,
  "experiment_name": "hpopt_007_adam_wd0p0003",
  "sweep_group": "HP_optimizer_weight_decay"
}
  status:       completed
  elapsed_sec:  291.062
  run_id:       20260528_1822_3c0561cf
  artifact_dir: /Users/vadim/Documents/School/Spring 2026/CSCE A698 Individual Research/EEG_JEPA/artifacts/liu2024-source-mat-sjepa-prelocal/20260528_1822_3c0561cf

[8/16] Running config override:
{
  "optimizer_name": "adam",
  "weight_decay": 0.001,
  "experiment_name": "hpopt_008_adam_wd0p001",
  "sweep_group": "HP_optimizer_weight_decay"
}
  status:       completed
  elapsed_sec:  280.476
  run_id:       20260528_1827_596406e3
  artifact_dir: /Users/vadim/Documents/School/Spring 2026/CSCE A698 Individual Research/EEG_JEPA/artifacts/liu2024-source-mat-sjepa-prelocal/20260528_1827_596406e3

[9/16] Running config override:
{
  "optimizer_name": "adamw",
  "weight_decay": 0.0,
  "experiment_name": "hpopt_009_adamw_wd0",
  "sweep_group": "HP_optimizer_weight_decay"
}
  status:       completed
  elapsed_sec:  260.044
  run_id:       20260528_1832_b0805018
  artifact_dir: /Users/vadim/Documents/School/Spring 2026/CSCE A698 Individual Research/EEG_JEPA/artifacts/liu2024-source-mat-sjepa-prelocal/20260528_1832_b0805018

[10/16] Running config override:
{
  "optimizer_name": "adamw",
  "weight_decay": 1e-06,
  "experiment_name": "hpopt_010_adamw_wd1em06",
  "sweep_group": "HP_optimizer_weight_decay"
}
  status:       completed
  elapsed_sec:  260.379
  run_id:       20260528_1836_2113e1e1
  artifact_dir: /Users/vadim/Documents/School/Spring 2026/CSCE A698 Individual Research/EEG_JEPA/artifacts/liu2024-source-mat-sjepa-prelocal/20260528_1836_2113e1e1

[11/16] Running config override:
{
  "optimizer_name": "adamw",
  "weight_decay": 3e-06,
  "experiment_name": "hpopt_011_adamw_wd3em06",
  "sweep_group": "HP_optimizer_weight_decay"
}
  status:       completed
  elapsed_sec:  264.713
  run_id:       20260528_1840_9d1ab9ff
  artifact_dir: /Users/vadim/Documents/School/Spring 2026/CSCE A698 Individual Research/EEG_JEPA/artifacts/liu2024-source-mat-sjepa-prelocal/20260528_1840_9d1ab9ff

[12/16] Running config override:
{
  "optimizer_name": "adamw",
  "weight_decay": 1e-05,
  "experiment_name": "hpopt_012_adamw_wd1em05",
  "sweep_group": "HP_optimizer_weight_decay"
}
  status:       completed
  elapsed_sec:  265.888
  run_id:       20260528_1845_db1d6bc5
  artifact_dir: /Users/vadim/Documents/School/Spring 2026/CSCE A698 Individual Research/EEG_JEPA/artifacts/liu2024-source-mat-sjepa-prelocal/20260528_1845_db1d6bc5

[13/16] Running config override:
{
  "optimizer_name": "adamw",
  "weight_decay": 3e-05,
  "experiment_name": "hpopt_013_adamw_wd3em05",
  "sweep_group": "HP_optimizer_weight_decay"
}
  status:       completed
  elapsed_sec:  261.793
  run_id:       20260528_1849_0dedd775
  artifact_dir: /Users/vadim/Documents/School/Spring 2026/CSCE A698 Individual Research/EEG_JEPA/artifacts/liu2024-source-mat-sjepa-prelocal/20260528_1849_0dedd775

[14/16] Running config override:
{
  "optimizer_name": "adamw",
  "weight_decay": 0.0001,
  "experiment_name": "hpopt_014_adamw_wd0p0001",
  "sweep_group": "HP_optimizer_weight_decay"
}
  status:       completed
  elapsed_sec:  268.139
  run_id:       20260528_1854_1e36e213
  artifact_dir: /Users/vadim/Documents/School/Spring 2026/CSCE A698 Individual Research/EEG_JEPA/artifacts/liu2024-source-mat-sjepa-prelocal/20260528_1854_1e36e213

[15/16] Running config override:
{
  "optimizer_name": "adamw",
  "weight_decay": 0.0003,
  "experiment_name": "hpopt_015_adamw_wd0p0003",
  "sweep_group": "HP_optimizer_weight_decay"
}
  status:       completed
  elapsed_sec:  265.697
  run_id:       20260528_1858_369a7986
  artifact_dir: /Users/vadim/Documents/School/Spring 2026/CSCE A698 Individual Research/EEG_JEPA/artifacts/liu2024-source-mat-sjepa-prelocal/20260528_1858_369a7986

[16/16] Running config override:
{
  "optimizer_name": "adamw",
  "weight_decay": 0.001,
  "experiment_name": "hpopt_016_adamw_wd0p001",
  "sweep_group": "HP_optimizer_weight_decay"
}
  status:       completed
  elapsed_sec:  259.942
  run_id:       20260528_1902_c45c2430
  artifact_dir: /Users/vadim/Documents/School/Spring 2026/CSCE A698 Individual Research/EEG_JEPA/artifacts/liu2024-source-mat-sjepa-prelocal/20260528_1902_c45c2430

Finished.
Results dir:    experiment_results/20260528_1755_liu2024_sjepa_hp_optimizer_weight_decay_ee9ce79b
Summary JSON:   experiment_results/20260528_1755_liu2024_sjepa_hp_optimizer_weight_decay_ee9ce79b/results.json
Artifact list:  experiment_results/20260528_1755_liu2024_sjepa_hp_optimizer_weight_decay_ee9ce79b/artifact_ids.json
