[2026-05-19 13:04:09] Run ID:     20260519_1304_0ab59bc8
[2026-05-19 13:04:09] Artifacts:  /Users/vadim/Documents/School/Spring 2026/CSCE A698 Individual Research/EEG_JEPA/artifacts/liu2024-source-mat-sjepa-prelocal/Liu2024_SourceMAT/20260519_1304_0ab59bc8
[2026-05-19 13:04:09] Using device: mps
[2026-05-19 13:04:10] Seed initialized: 12
[2026-05-19 13:04:10] Source extract dir: /Users/vadim/Documents/School/Spring 2026/CSCE A698 Individual Research/EEG_JEPA/liu2024_figshare/sourcedata
[2026-05-19 13:04:10] Found 50 .mat files
[2026-05-19 13:04:15] Subjects loaded: [1, 2, 3, 4, 5, 6, 7, 8, 9, 10, 11, 12, 13, 14, 15, 16, 17, 18, 19, 20, 21, 22, 23, 24, 25, 26, 27, 28, 29, 30, 31, 32, 33, 34, 35, 36, 37, 38, 39, 40, 41, 42, 43, 44, 45, 46, 47, 48, 49, 50]
[2026-05-19 13:04:29] X_ALL shape: (2000, 29, 537) | Y_ALL counts: [1000, 1000]
[2026-05-19 13:04:29] ======================================================================
[2026-05-19 13:04:29] STARTING WITHIN-SUBJECT CV (full fine-tuning + augmentation)
[2026-05-19 13:04:29] ======================================================================
[2026-05-19 13:04:29] Dataset:    Liu2024_SourceMAT
[2026-05-19 13:04:29] Strategy:   new  (warmup=10, total=100 epochs)
[2026-05-19 13:04:29] Optimizer:  AdamW  lr=0.0005  wd=0.0001
[2026-05-19 13:04:29] Noise aug:  fraction=0.05
[2026-05-19 13:04:29] Device:     mps
[2026-05-19 13:04:29] ======================================================================
[2026-05-19 13:04:29] 
Subject 1: 40 windows | class_counts=[20, 20]
[2026-05-19 13:04:30] 
Fold 1/5 | subject=1
[2026-05-19 13:04:30]     Train: 32 | Test: 8 | Strategy: new
[2026-05-19 13:04:30]     Result | best_epoch=12 | stop=20 | acc=0.3750 | bal_acc=0.3750 | collapse=False
[2026-05-19 13:04:30]     Spatial update | delta_l2=0.01896255 | relative_delta=0.01622712 | changed=True
[2026-05-19 13:04:31] 
Fold 2/5 | subject=1
[2026-05-19 13:04:31]     Train: 32 | Test: 8 | Strategy: new
[2026-05-19 13:04:32]     Result | best_epoch=74 | stop=89 | acc=0.3750 | bal_acc=0.3750 | collapse=False
[2026-05-19 13:04:32]     Spatial update | delta_l2=0.14758858 | relative_delta=0.12629828 | changed=True
[2026-05-19 13:04:33] 
Fold 3/5 | subject=1
[2026-05-19 13:04:33]     Train: 32 | Test: 8 | Strategy: new
[2026-05-19 13:04:34]     Result | best_epoch=32 | stop=47 | acc=0.6250 | bal_acc=0.6250 | collapse=False
[2026-05-19 13:04:34]     Spatial update | delta_l2=0.09836765 | relative_delta=0.08417769 | changed=True
[2026-05-19 13:04:34] 
Fold 4/5 | subject=1
[2026-05-19 13:04:34]     Train: 32 | Test: 8 | Strategy: new
[2026-05-19 13:04:35]     Result | best_epoch=1 | stop=16 | acc=0.3750 | bal_acc=0.3750 | collapse=False
[2026-05-19 13:04:35]     Spatial update | delta_l2=0.00538481 | relative_delta=0.00460803 | changed=True
[2026-05-19 13:04:35] 
Fold 5/5 | subject=1
[2026-05-19 13:04:35]     Train: 32 | Test: 8 | Strategy: new
[2026-05-19 13:04:37]     Result | best_epoch=82 | stop=97 | acc=0.3750 | bal_acc=0.3750 | collapse=False
[2026-05-19 13:04:37]     Spatial update | delta_l2=0.15990655 | relative_delta=0.13683934 | changed=True
[2026-05-19 13:04:37]   Subject 1: acc=0.4250±0.1000  bal_acc=0.4250±0.1000
[2026-05-19 13:04:37] 
Subject 2: 40 windows | class_counts=[20, 20]
[2026-05-19 13:04:37] 
Fold 1/5 | subject=2
[2026-05-19 13:04:37]     Train: 32 | Test: 8 | Strategy: new
[2026-05-19 13:04:39]     Result | best_epoch=85 | stop=100 | acc=0.6250 | bal_acc=0.6250 | collapse=False
[2026-05-19 13:04:39]     Spatial update | delta_l2=0.15044364 | relative_delta=0.12874149 | changed=True
[2026-05-19 13:04:40] 
Fold 2/5 | subject=2
[2026-05-19 13:04:40]     Train: 32 | Test: 8 | Strategy: new
[2026-05-19 13:04:41]     Result | best_epoch=96 | stop=100 | acc=0.6250 | bal_acc=0.6250 | collapse=False
[2026-05-19 13:04:41]     Spatial update | delta_l2=0.14464689 | relative_delta=0.12378095 | changed=True
[2026-05-19 13:04:42] 
Fold 3/5 | subject=2
[2026-05-19 13:04:42]     Train: 32 | Test: 8 | Strategy: new
[2026-05-19 13:04:44]     Result | best_epoch=96 | stop=100 | acc=0.6250 | bal_acc=0.6250 | collapse=False
[2026-05-19 13:04:44]     Spatial update | delta_l2=0.15977009 | relative_delta=0.13672256 | changed=True
[2026-05-19 13:04:44] 
Fold 4/5 | subject=2
[2026-05-19 13:04:44]     Train: 32 | Test: 8 | Strategy: new
[2026-05-19 13:04:46]     Result | best_epoch=96 | stop=100 | acc=0.6250 | bal_acc=0.6250 | collapse=False
[2026-05-19 13:04:46]     Spatial update | delta_l2=0.14442765 | relative_delta=0.12359333 | changed=True
[2026-05-19 13:04:47] 
Fold 5/5 | subject=2
[2026-05-19 13:04:47]     Train: 32 | Test: 8 | Strategy: new
[2026-05-19 13:04:48]     Result | best_epoch=83 | stop=98 | acc=0.6250 | bal_acc=0.6250 | collapse=False
[2026-05-19 13:04:48]     Spatial update | delta_l2=0.14969798 | relative_delta=0.12810339 | changed=True
[2026-05-19 13:04:48]   Subject 2: acc=0.6250±0.0000  bal_acc=0.6250±0.0000
[2026-05-19 13:04:48] 
Subject 3: 40 windows | class_counts=[20, 20]
[2026-05-19 13:04:49] 
Fold 1/5 | subject=3
[2026-05-19 13:04:49]     Train: 32 | Test: 8 | Strategy: new
[2026-05-19 13:04:49]     Result | best_epoch=1 | stop=16 | acc=0.2500 | bal_acc=0.2500 | collapse=False
[2026-05-19 13:04:49]     Spatial update | delta_l2=0.00538503 | relative_delta=0.00460822 | changed=True
[2026-05-19 13:04:50] 
Fold 2/5 | subject=3
[2026-05-19 13:04:50]     Train: 32 | Test: 8 | Strategy: new
[2026-05-19 13:04:52]     Result | best_epoch=99 | stop=100 | acc=0.6250 | bal_acc=0.6250 | collapse=False
[2026-05-19 13:04:52]     Spatial update | delta_l2=0.16620923 | relative_delta=0.14223283 | changed=True
[2026-05-19 13:04:52] 
Fold 3/5 | subject=3
[2026-05-19 13:04:52]     Train: 32 | Test: 8 | Strategy: new
[2026-05-19 13:04:54]     Result | best_epoch=66 | stop=81 | acc=0.6250 | bal_acc=0.6250 | collapse=False
[2026-05-19 13:04:54]     Spatial update | delta_l2=0.16996717 | relative_delta=0.14544867 | changed=True
[2026-05-19 13:04:54] 
Fold 4/5 | subject=3
[2026-05-19 13:04:54]     Train: 32 | Test: 8 | Strategy: new
[2026-05-19 13:04:56]     Result | best_epoch=93 | stop=100 | acc=0.5000 | bal_acc=0.5000 | collapse=False
[2026-05-19 13:04:56]     Spatial update | delta_l2=0.17297803 | relative_delta=0.1480252 | changed=True
[2026-05-19 13:04:56] 
Fold 5/5 | subject=3
[2026-05-19 13:04:56]     Train: 32 | Test: 8 | Strategy: new
[2026-05-19 13:04:58]     Result | best_epoch=74 | stop=87 | acc=0.5000 | bal_acc=0.5000 | collapse=False
[2026-05-19 13:04:58]     Spatial update | delta_l2=0.17172601 | relative_delta=0.14695379 | changed=True
[2026-05-19 13:04:58]   Subject 3: acc=0.5000±0.1369  bal_acc=0.5000±0.1369
[2026-05-19 13:04:58] 
Subject 4: 40 windows | class_counts=[20, 20]
[2026-05-19 13:04:58] 
Fold 1/5 | subject=4
[2026-05-19 13:04:58]     Train: 32 | Test: 8 | Strategy: new
[2026-05-19 13:05:00]     Result | best_epoch=85 | stop=100 | acc=0.6250 | bal_acc=0.6250 | collapse=False
[2026-05-19 13:05:00]     Spatial update | delta_l2=0.17322023 | relative_delta=0.14823246 | changed=True
[2026-05-19 13:05:01] 
Fold 2/5 | subject=4
[2026-05-19 13:05:01]     Train: 32 | Test: 8 | Strategy: new
[2026-05-19 13:05:02]     Result | best_epoch=80 | stop=95 | acc=0.6250 | bal_acc=0.6250 | collapse=False
[2026-05-19 13:05:02]     Spatial update | delta_l2=0.17990015 | relative_delta=0.15394877 | changed=True
[2026-05-19 13:05:03] 
Fold 3/5 | subject=4
[2026-05-19 13:05:03]     Train: 32 | Test: 8 | Strategy: new
[2026-05-19 13:05:04]     Result | best_epoch=60 | stop=75 | acc=0.7500 | bal_acc=0.7500 | collapse=False
[2026-05-19 13:05:04]     Spatial update | delta_l2=0.14940915 | relative_delta=0.12785623 | changed=True
[2026-05-19 13:05:05] 
Fold 4/5 | subject=4
[2026-05-19 13:05:05]     Train: 32 | Test: 8 | Strategy: new
[2026-05-19 13:05:05]     Result | best_epoch=1 | stop=16 | acc=0.8750 | bal_acc=0.8750 | collapse=False
[2026-05-19 13:05:05]     Spatial update | delta_l2=0.00538492 | relative_delta=0.00460812 | changed=True
[2026-05-19 13:05:06] 
Fold 5/5 | subject=4
[2026-05-19 13:05:06]     Train: 32 | Test: 8 | Strategy: new
[2026-05-19 13:05:06]     Result | best_epoch=2 | stop=17 | acc=0.3750 | bal_acc=0.3750 | collapse=False
[2026-05-19 13:05:06]     Spatial update | delta_l2=0.00919946 | relative_delta=0.0078724 | changed=True
[2026-05-19 13:05:06]   Subject 4: acc=0.6500±0.1658  bal_acc=0.6500±0.1658
[2026-05-19 13:05:06] 
Subject 5: 40 windows | class_counts=[20, 20]
[2026-05-19 13:05:07] 
Fold 1/5 | subject=5
[2026-05-19 13:05:07]     Train: 32 | Test: 8 | Strategy: new
[2026-05-19 13:05:07]     Result | best_epoch=24 | stop=39 | acc=0.3750 | bal_acc=0.3750 | collapse=False
[2026-05-19 13:05:07]     Spatial update | delta_l2=0.08344758 | relative_delta=0.0714099 | changed=True
[2026-05-19 13:05:08] 
Fold 2/5 | subject=5
[2026-05-19 13:05:08]     Train: 32 | Test: 8 | Strategy: new
[2026-05-19 13:05:08]     Result | best_epoch=1 | stop=16 | acc=0.7500 | bal_acc=0.7500 | collapse=False
[2026-05-19 13:05:08]     Spatial update | delta_l2=0.00538491 | relative_delta=0.00460812 | changed=True
[2026-05-19 13:05:09] 
Fold 3/5 | subject=5
[2026-05-19 13:05:09]     Train: 32 | Test: 8 | Strategy: new
[2026-05-19 13:05:09]     Result | best_epoch=1 | stop=16 | acc=0.6250 | bal_acc=0.6250 | collapse=False
[2026-05-19 13:05:09]     Spatial update | delta_l2=0.00538497 | relative_delta=0.00460817 | changed=True
[2026-05-19 13:05:10] 
Fold 4/5 | subject=5
[2026-05-19 13:05:10]     Train: 32 | Test: 8 | Strategy: new
[2026-05-19 13:05:11]     Result | best_epoch=83 | stop=98 | acc=0.3750 | bal_acc=0.3750 | collapse=False
[2026-05-19 13:05:11]     Spatial update | delta_l2=0.17572228 | relative_delta=0.15037358 | changed=True
[2026-05-19 13:05:12] 
Fold 5/5 | subject=5
[2026-05-19 13:05:12]     Train: 32 | Test: 8 | Strategy: new
[2026-05-19 13:05:12]     Result | best_epoch=1 | stop=16 | acc=0.3750 | bal_acc=0.3750 | collapse=False
[2026-05-19 13:05:12]     Spatial update | delta_l2=0.00538416 | relative_delta=0.00460747 | changed=True
[2026-05-19 13:05:12]   Subject 5: acc=0.5000±0.1581  bal_acc=0.5000±0.1581
[2026-05-19 13:05:12] 
Subject 6: 40 windows | class_counts=[20, 20]
[2026-05-19 13:05:13] 
Fold 1/5 | subject=6
[2026-05-19 13:05:13]     Train: 32 | Test: 8 | Strategy: new
[2026-05-19 13:05:15]     Result | best_epoch=94 | stop=100 | acc=0.5000 | bal_acc=0.5000 | collapse=False
[2026-05-19 13:05:15]     Spatial update | delta_l2=0.1640005 | relative_delta=0.14034271 | changed=True
[2026-05-19 13:05:15] 
Fold 2/5 | subject=6
[2026-05-19 13:05:15]     Train: 32 | Test: 8 | Strategy: new
[2026-05-19 13:05:16]     Result | best_epoch=1 | stop=16 | acc=0.5000 | bal_acc=0.5000 | collapse=False
[2026-05-19 13:05:16]     Spatial update | delta_l2=0.00538481 | relative_delta=0.00460803 | changed=True
[2026-05-19 13:05:16] 
Fold 3/5 | subject=6
[2026-05-19 13:05:16]     Train: 32 | Test: 8 | Strategy: new
[2026-05-19 13:05:16]     Result | best_epoch=1 | stop=16 | acc=0.5000 | bal_acc=0.5000 | collapse=False
[2026-05-19 13:05:16]     Spatial update | delta_l2=0.0053848 | relative_delta=0.00460802 | changed=True
[2026-05-19 13:05:17] 
Fold 4/5 | subject=6
[2026-05-19 13:05:17]     Train: 32 | Test: 8 | Strategy: new
[2026-05-19 13:05:19]     Result | best_epoch=92 | stop=100 | acc=0.3750 | bal_acc=0.3750 | collapse=False
[2026-05-19 13:05:19]     Spatial update | delta_l2=0.16557995 | relative_delta=0.14169432 | changed=True
[2026-05-19 13:05:19] 
Fold 5/5 | subject=6
[2026-05-19 13:05:19]     Train: 32 | Test: 8 | Strategy: new
[2026-05-19 13:05:20]     Result | best_epoch=42 | stop=57 | acc=0.6250 | bal_acc=0.6250 | collapse=False
[2026-05-19 13:05:20]     Spatial update | delta_l2=0.10626035 | relative_delta=0.09093183 | changed=True
[2026-05-19 13:05:20]   Subject 6: acc=0.5000±0.0791  bal_acc=0.5000±0.0791
[2026-05-19 13:05:20] 
Subject 7: 40 windows | class_counts=[20, 20]
[2026-05-19 13:05:21] 
Fold 1/5 | subject=7
[2026-05-19 13:05:21]     Train: 32 | Test: 8 | Strategy: new
[2026-05-19 13:05:21]     Result | best_epoch=1 | stop=16 | acc=0.3750 | bal_acc=0.3750 | collapse=False
[2026-05-19 13:05:21]     Spatial update | delta_l2=0.00538453 | relative_delta=0.00460778 | changed=True
[2026-05-19 13:05:22] 
Fold 2/5 | subject=7
[2026-05-19 13:05:22]     Train: 32 | Test: 8 | Strategy: new
[2026-05-19 13:05:22]     Result | best_epoch=1 | stop=16 | acc=0.5000 | bal_acc=0.5000 | collapse=False
[2026-05-19 13:05:22]     Spatial update | delta_l2=0.00538491 | relative_delta=0.00460812 | changed=True
[2026-05-19 13:05:23] 
Fold 3/5 | subject=7
[2026-05-19 13:05:23]     Train: 32 | Test: 8 | Strategy: new
[2026-05-19 13:05:24]     Result | best_epoch=98 | stop=100 | acc=0.6250 | bal_acc=0.6250 | collapse=False
[2026-05-19 13:05:24]     Spatial update | delta_l2=0.18424416 | relative_delta=0.15766614 | changed=True
[2026-05-19 13:05:25] 
Fold 4/5 | subject=7
[2026-05-19 13:05:25]     Train: 32 | Test: 8 | Strategy: new
[2026-05-19 13:05:25]     Result | best_epoch=1 | stop=16 | acc=0.2500 | bal_acc=0.2500 | collapse=False
[2026-05-19 13:05:25]     Spatial update | delta_l2=0.00538493 | relative_delta=0.00460813 | changed=True
[2026-05-19 13:05:26] 
Fold 5/5 | subject=7
[2026-05-19 13:05:26]     Train: 32 | Test: 8 | Strategy: new
[2026-05-19 13:05:26]     Result | best_epoch=1 | stop=16 | acc=0.3750 | bal_acc=0.3750 | collapse=False
[2026-05-19 13:05:26]     Spatial update | delta_l2=0.00538499 | relative_delta=0.00460818 | changed=True
[2026-05-19 13:05:26]   Subject 7: acc=0.4250±0.1275  bal_acc=0.4250±0.1275
[2026-05-19 13:05:26] 
Subject 8: 40 windows | class_counts=[20, 20]
[2026-05-19 13:05:27] 
Fold 1/5 | subject=8
[2026-05-19 13:05:27]     Train: 32 | Test: 8 | Strategy: new
[2026-05-19 13:05:28]     Result | best_epoch=66 | stop=81 | acc=0.7500 | bal_acc=0.7500 | collapse=False
[2026-05-19 13:05:28]     Spatial update | delta_l2=0.14083671 | relative_delta=0.1205204 | changed=True
[2026-05-19 13:05:29] 
Fold 2/5 | subject=8
[2026-05-19 13:05:29]     Train: 32 | Test: 8 | Strategy: new
[2026-05-19 13:05:31]     Result | best_epoch=86 | stop=100 | acc=0.8750 | bal_acc=0.8750 | collapse=False
[2026-05-19 13:05:31]     Spatial update | delta_l2=0.12211629 | relative_delta=0.10450049 | changed=True
[2026-05-19 13:05:31] 
Fold 3/5 | subject=8
[2026-05-19 13:05:31]     Train: 32 | Test: 8 | Strategy: new
[2026-05-19 13:05:32]     Result | best_epoch=59 | stop=74 | acc=0.7500 | bal_acc=0.7500 | collapse=False
[2026-05-19 13:05:32]     Spatial update | delta_l2=0.121237 | relative_delta=0.10374804 | changed=True
[2026-05-19 13:05:33] 
Fold 4/5 | subject=8
[2026-05-19 13:05:33]     Train: 32 | Test: 8 | Strategy: new
[2026-05-19 13:05:35]     Result | best_epoch=85 | stop=100 | acc=0.6250 | bal_acc=0.6250 | collapse=False
[2026-05-19 13:05:35]     Spatial update | delta_l2=0.1612449 | relative_delta=0.13798462 | changed=True
[2026-05-19 13:05:35] 
Fold 5/5 | subject=8
[2026-05-19 13:05:35]     Train: 32 | Test: 8 | Strategy: new
[2026-05-19 13:05:37]     Result | best_epoch=83 | stop=98 | acc=0.6250 | bal_acc=0.6250 | collapse=False
[2026-05-19 13:05:37]     Spatial update | delta_l2=0.14712991 | relative_delta=0.12590578 | changed=True
[2026-05-19 13:05:37]   Subject 8: acc=0.7250±0.0935  bal_acc=0.7250±0.0935
[2026-05-19 13:05:37] 
Subject 9: 40 windows | class_counts=[20, 20]
[2026-05-19 13:05:37] 
Fold 1/5 | subject=9
[2026-05-19 13:05:37]     Train: 32 | Test: 8 | Strategy: new
[2026-05-19 13:05:39]     Result | best_epoch=89 | stop=90 | acc=0.6250 | bal_acc=0.6250 | collapse=False
[2026-05-19 13:05:39]     Spatial update | delta_l2=0.16683442 | relative_delta=0.14276783 | changed=True
[2026-05-19 13:05:39] 
Fold 2/5 | subject=9
[2026-05-19 13:05:39]     Train: 32 | Test: 8 | Strategy: new
[2026-05-19 13:05:41]     Result | best_epoch=68 | stop=83 | acc=0.6250 | bal_acc=0.6250 | collapse=False
[2026-05-19 13:05:41]     Spatial update | delta_l2=0.16366496 | relative_delta=0.14005558 | changed=True
[2026-05-19 13:05:41] 
Fold 3/5 | subject=9
[2026-05-19 13:05:41]     Train: 32 | Test: 8 | Strategy: new
[2026-05-19 13:05:42]     Result | best_epoch=1 | stop=16 | acc=0.3750 | bal_acc=0.3750 | collapse=False
[2026-05-19 13:05:42]     Spatial update | delta_l2=0.00538478 | relative_delta=0.004608 | changed=True
[2026-05-19 13:05:42] 
Fold 4/5 | subject=9
[2026-05-19 13:05:42]     Train: 32 | Test: 8 | Strategy: new
[2026-05-19 13:05:43]     Result | best_epoch=13 | stop=28 | acc=0.7500 | bal_acc=0.7500 | collapse=False
[2026-05-19 13:05:43]     Spatial update | delta_l2=0.04482863 | relative_delta=0.0383619 | changed=True
[2026-05-19 13:05:43] 
Fold 5/5 | subject=9
[2026-05-19 13:05:43]     Train: 32 | Test: 8 | Strategy: new
[2026-05-19 13:05:44]     Result | best_epoch=1 | stop=16 | acc=0.6250 | bal_acc=0.6250 | collapse=False
[2026-05-19 13:05:44]     Spatial update | delta_l2=0.00538482 | relative_delta=0.00460804 | changed=True
[2026-05-19 13:05:44]   Subject 9: acc=0.6000±0.1225  bal_acc=0.6000±0.1225
[2026-05-19 13:05:44] 
Subject 10: 40 windows | class_counts=[20, 20]
[2026-05-19 13:05:44] 
Fold 1/5 | subject=10
[2026-05-19 13:05:44]     Train: 32 | Test: 8 | Strategy: new
[2026-05-19 13:05:46]     Result | best_epoch=79 | stop=94 | acc=0.3750 | bal_acc=0.3750 | collapse=False
[2026-05-19 13:05:46]     Spatial update | delta_l2=0.18608402 | relative_delta=0.15924059 | changed=True
[2026-05-19 13:05:46] 
Fold 2/5 | subject=10
[2026-05-19 13:05:46]     Train: 32 | Test: 8 | Strategy: new
[2026-05-19 13:05:47]     Result | best_epoch=4 | stop=19 | acc=0.5000 | bal_acc=0.5000 | collapse=False
[2026-05-19 13:05:47]     Spatial update | delta_l2=0.0166465 | relative_delta=0.01424517 | changed=True
[2026-05-19 13:05:47] 
Fold 3/5 | subject=10
[2026-05-19 13:05:47]     Train: 32 | Test: 8 | Strategy: new
[2026-05-19 13:05:47]     Result | best_epoch=1 | stop=16 | acc=0.3750 | bal_acc=0.3750 | collapse=False
[2026-05-19 13:05:47]     Spatial update | delta_l2=0.00538492 | relative_delta=0.00460813 | changed=True
[2026-05-19 13:05:48] 
Fold 4/5 | subject=10
[2026-05-19 13:05:48]     Train: 32 | Test: 8 | Strategy: new
[2026-05-19 13:05:48]     Result | best_epoch=1 | stop=16 | acc=0.5000 | bal_acc=0.5000 | collapse=False
[2026-05-19 13:05:48]     Spatial update | delta_l2=0.00538469 | relative_delta=0.00460792 | changed=True
[2026-05-19 13:05:49] 
Fold 5/5 | subject=10
[2026-05-19 13:05:49]     Train: 32 | Test: 8 | Strategy: new
[2026-05-19 13:05:49]     Result | best_epoch=1 | stop=16 | acc=0.5000 | bal_acc=0.5000 | collapse=False
[2026-05-19 13:05:49]     Spatial update | delta_l2=0.00538503 | relative_delta=0.00460822 | changed=True
[2026-05-19 13:05:49]   Subject 10: acc=0.4500±0.0612  bal_acc=0.4500±0.0612
[2026-05-19 13:05:49] 
Subject 11: 40 windows | class_counts=[20, 20]
[2026-05-19 13:05:50] 
Fold 1/5 | subject=11
[2026-05-19 13:05:50]     Train: 32 | Test: 8 | Strategy: new
[2026-05-19 13:05:51]     Result | best_epoch=70 | stop=81 | acc=0.7500 | bal_acc=0.7500 | collapse=False
[2026-05-19 13:05:51]     Spatial update | delta_l2=0.14810983 | relative_delta=0.12674434 | changed=True
[2026-05-19 13:05:52] 
Fold 2/5 | subject=11
[2026-05-19 13:05:52]     Train: 32 | Test: 8 | Strategy: new
[2026-05-19 13:05:52]     Result | best_epoch=1 | stop=16 | acc=0.5000 | bal_acc=0.5000 | collapse=False
[2026-05-19 13:05:52]     Spatial update | delta_l2=0.00538498 | relative_delta=0.00460818 | changed=True
[2026-05-19 13:05:53] 
Fold 3/5 | subject=11
[2026-05-19 13:05:53]     Train: 32 | Test: 8 | Strategy: new
[2026-05-19 13:05:53]     Result | best_epoch=5 | stop=16 | acc=0.2500 | bal_acc=0.2500 | collapse=False
[2026-05-19 13:05:53]     Spatial update | delta_l2=0.00538493 | relative_delta=0.00460813 | changed=True
[2026-05-19 13:05:54] 
Fold 4/5 | subject=11
[2026-05-19 13:05:54]     Train: 32 | Test: 8 | Strategy: new
[2026-05-19 13:05:55]     Result | best_epoch=79 | stop=86 | acc=0.3750 | bal_acc=0.3750 | collapse=False
[2026-05-19 13:05:55]     Spatial update | delta_l2=0.14744327 | relative_delta=0.12617394 | changed=True
[2026-05-19 13:05:56] 
Fold 5/5 | subject=11
[2026-05-19 13:05:56]     Train: 32 | Test: 8 | Strategy: new
[2026-05-19 13:05:57]     Result | best_epoch=80 | stop=89 | acc=0.2500 | bal_acc=0.2500 | collapse=False
[2026-05-19 13:05:57]     Spatial update | delta_l2=0.15035457 | relative_delta=0.12866527 | changed=True
[2026-05-19 13:05:57]   Subject 11: acc=0.4250±0.1871  bal_acc=0.4250±0.1871
[2026-05-19 13:05:57] 
Subject 12: 40 windows | class_counts=[20, 20]
[2026-05-19 13:05:58] 
Fold 1/5 | subject=12
[2026-05-19 13:05:58]     Train: 32 | Test: 8 | Strategy: new
[2026-05-19 13:05:58]     Result | best_epoch=1 | stop=16 | acc=0.3750 | bal_acc=0.3750 | collapse=False
[2026-05-19 13:05:58]     Spatial update | delta_l2=0.00538508 | relative_delta=0.00460826 | changed=True
[2026-05-19 13:05:59] 
Fold 2/5 | subject=12
[2026-05-19 13:05:59]     Train: 32 | Test: 8 | Strategy: new
[2026-05-19 13:06:00]     Result | best_epoch=71 | stop=86 | acc=0.7500 | bal_acc=0.7500 | collapse=False
[2026-05-19 13:06:00]     Spatial update | delta_l2=0.15048812 | relative_delta=0.12877956 | changed=True
[2026-05-19 13:06:01] 
Fold 3/5 | subject=12
[2026-05-19 13:06:01]     Train: 32 | Test: 8 | Strategy: new
[2026-05-19 13:06:02]     Result | best_epoch=71 | stop=86 | acc=0.8750 | bal_acc=0.8750 | collapse=False
[2026-05-19 13:06:02]     Spatial update | delta_l2=0.14895479 | relative_delta=0.12746741 | changed=True
[2026-05-19 13:06:03] 
Fold 4/5 | subject=12
[2026-05-19 13:06:03]     Train: 32 | Test: 8 | Strategy: new
[2026-05-19 13:06:04]     Result | best_epoch=66 | stop=76 | acc=0.2500 | bal_acc=0.2500 | collapse=False
[2026-05-19 13:06:04]     Spatial update | delta_l2=0.15535772 | relative_delta=0.13294669 | changed=True
[2026-05-19 13:06:05] 
Fold 5/5 | subject=12
[2026-05-19 13:06:05]     Train: 32 | Test: 8 | Strategy: new
[2026-05-19 13:06:06]     Result | best_epoch=90 | stop=100 | acc=0.5000 | bal_acc=0.5000 | collapse=False
[2026-05-19 13:06:06]     Spatial update | delta_l2=0.18176377 | relative_delta=0.15554355 | changed=True
[2026-05-19 13:06:06]   Subject 12: acc=0.5500±0.2318  bal_acc=0.5500±0.2318
[2026-05-19 13:06:06] 
Subject 13: 40 windows | class_counts=[20, 20]
[2026-05-19 13:06:07] 
Fold 1/5 | subject=13
[2026-05-19 13:06:07]     Train: 32 | Test: 8 | Strategy: new
[2026-05-19 13:06:07]     Result | best_epoch=1 | stop=16 | acc=0.6250 | bal_acc=0.6250 | collapse=False
[2026-05-19 13:06:07]     Spatial update | delta_l2=0.00538482 | relative_delta=0.00460803 | changed=True
[2026-05-19 13:06:08] 
Fold 2/5 | subject=13
[2026-05-19 13:06:08]     Train: 32 | Test: 8 | Strategy: new
[2026-05-19 13:06:09]     Result | best_epoch=98 | stop=100 | acc=0.8750 | bal_acc=0.8750 | collapse=False
[2026-05-19 13:06:09]     Spatial update | delta_l2=0.16430328 | relative_delta=0.14060181 | changed=True
[2026-05-19 13:06:10] 
Fold 3/5 | subject=13
[2026-05-19 13:06:10]     Train: 32 | Test: 8 | Strategy: new
[2026-05-19 13:06:11]     Result | best_epoch=67 | stop=82 | acc=0.5000 | bal_acc=0.5000 | collapse=False
[2026-05-19 13:06:11]     Spatial update | delta_l2=0.17974054 | relative_delta=0.15381219 | changed=True
[2026-05-19 13:06:12] 
Fold 4/5 | subject=13
[2026-05-19 13:06:12]     Train: 32 | Test: 8 | Strategy: new
[2026-05-19 13:06:14]     Result | best_epoch=100 | stop=100 | acc=0.3750 | bal_acc=0.3750 | collapse=False
[2026-05-19 13:06:14]     Spatial update | delta_l2=0.23793413 | relative_delta=0.2036111 | changed=True
[2026-05-19 13:06:14] 
Fold 5/5 | subject=13
[2026-05-19 13:06:14]     Train: 32 | Test: 8 | Strategy: new
[2026-05-19 13:06:16]     Result | best_epoch=98 | stop=100 | acc=0.7500 | bal_acc=0.7500 | collapse=False
[2026-05-19 13:06:16]     Spatial update | delta_l2=0.20571221 | relative_delta=0.17603733 | changed=True
[2026-05-19 13:06:16]   Subject 13: acc=0.6250±0.1768  bal_acc=0.6250±0.1768
[2026-05-19 13:06:16] 
Subject 14: 40 windows | class_counts=[20, 20]
[2026-05-19 13:06:17] 
Fold 1/5 | subject=14
[2026-05-19 13:06:17]     Train: 32 | Test: 8 | Strategy: new
[2026-05-19 13:06:17]     Result | best_epoch=45 | stop=47 | acc=0.7500 | bal_acc=0.7500 | collapse=False
[2026-05-19 13:06:17]     Spatial update | delta_l2=0.10755421 | relative_delta=0.09203905 | changed=True
[2026-05-19 13:06:18] 
Fold 2/5 | subject=14
[2026-05-19 13:06:18]     Train: 32 | Test: 8 | Strategy: new
[2026-05-19 13:06:18]     Result | best_epoch=1 | stop=16 | acc=0.3750 | bal_acc=0.3750 | collapse=False
[2026-05-19 13:06:18]     Spatial update | delta_l2=0.0053847 | relative_delta=0.00460793 | changed=True
[2026-05-19 13:06:19] 
Fold 3/5 | subject=14
[2026-05-19 13:06:19]     Train: 32 | Test: 8 | Strategy: new
[2026-05-19 13:06:19]     Result | best_epoch=14 | stop=29 | acc=0.5000 | bal_acc=0.5000 | collapse=True
[2026-05-19 13:06:19]     Spatial update | delta_l2=0.04399181 | relative_delta=0.0376458 | changed=True
[2026-05-19 13:06:20] 
Fold 4/5 | subject=14
[2026-05-19 13:06:20]     Train: 32 | Test: 8 | Strategy: new
[2026-05-19 13:06:20]     Result | best_epoch=1 | stop=16 | acc=0.2500 | bal_acc=0.2500 | collapse=False
[2026-05-19 13:06:20]     Spatial update | delta_l2=0.00538503 | relative_delta=0.00460821 | changed=True
[2026-05-19 13:06:21] 
Fold 5/5 | subject=14
[2026-05-19 13:06:21]     Train: 32 | Test: 8 | Strategy: new
[2026-05-19 13:06:22]     Result | best_epoch=86 | stop=87 | acc=0.8750 | bal_acc=0.8750 | collapse=False
[2026-05-19 13:06:22]     Spatial update | delta_l2=0.16186552 | relative_delta=0.13851572 | changed=True
[2026-05-19 13:06:22]   Subject 14: acc=0.5500±0.2318  bal_acc=0.5500±0.2318
[2026-05-19 13:06:22] 
Subject 15: 40 windows | class_counts=[20, 20]
[2026-05-19 13:06:23] 
Fold 1/5 | subject=15
[2026-05-19 13:06:23]     Train: 32 | Test: 8 | Strategy: new
[2026-05-19 13:06:23]     Result | best_epoch=1 | stop=16 | acc=0.3750 | bal_acc=0.3750 | collapse=False
[2026-05-19 13:06:23]     Spatial update | delta_l2=0.0053847 | relative_delta=0.00460793 | changed=True
[2026-05-19 13:06:24] 
Fold 2/5 | subject=15
[2026-05-19 13:06:24]     Train: 32 | Test: 8 | Strategy: new
[2026-05-19 13:06:24]     Result | best_epoch=1 | stop=16 | acc=0.1250 | bal_acc=0.1250 | collapse=False
[2026-05-19 13:06:24]     Spatial update | delta_l2=0.00538504 | relative_delta=0.00460823 | changed=True
[2026-05-19 13:06:25] 
Fold 3/5 | subject=15
[2026-05-19 13:06:25]     Train: 32 | Test: 8 | Strategy: new
[2026-05-19 13:06:25]     Result | best_epoch=1 | stop=16 | acc=0.2500 | bal_acc=0.2500 | collapse=False
[2026-05-19 13:06:25]     Spatial update | delta_l2=0.00538493 | relative_delta=0.00460813 | changed=True
[2026-05-19 13:06:26] 
Fold 4/5 | subject=15
[2026-05-19 13:06:26]     Train: 32 | Test: 8 | Strategy: new
[2026-05-19 13:06:26]     Result | best_epoch=1 | stop=16 | acc=0.7500 | bal_acc=0.7500 | collapse=False
[2026-05-19 13:06:26]     Spatial update | delta_l2=0.00538501 | relative_delta=0.0046082 | changed=True
[2026-05-19 13:06:26] 
Fold 5/5 | subject=15
[2026-05-19 13:06:26]     Train: 32 | Test: 8 | Strategy: new
[2026-05-19 13:06:27]     Result | best_epoch=1 | stop=16 | acc=0.6250 | bal_acc=0.6250 | collapse=False
[2026-05-19 13:06:27]     Spatial update | delta_l2=0.00538502 | relative_delta=0.00460821 | changed=True
[2026-05-19 13:06:27]   Subject 15: acc=0.4250±0.2318  bal_acc=0.4250±0.2318
[2026-05-19 13:06:27] 
Subject 16: 40 windows | class_counts=[20, 20]
[2026-05-19 13:06:27] 
Fold 1/5 | subject=16
[2026-05-19 13:06:27]     Train: 32 | Test: 8 | Strategy: new
[2026-05-19 13:06:29]     Result | best_epoch=64 | stop=79 | acc=0.6250 | bal_acc=0.6250 | collapse=False
[2026-05-19 13:06:29]     Spatial update | delta_l2=0.12840429 | relative_delta=0.10988141 | changed=True
[2026-05-19 13:06:29] 
Fold 2/5 | subject=16
[2026-05-19 13:06:29]     Train: 32 | Test: 8 | Strategy: new
[2026-05-19 13:06:30]     Result | best_epoch=1 | stop=16 | acc=0.6250 | bal_acc=0.6250 | collapse=False
[2026-05-19 13:06:30]     Spatial update | delta_l2=0.00538406 | relative_delta=0.00460739 | changed=True
[2026-05-19 13:06:30] 
Fold 3/5 | subject=16
[2026-05-19 13:06:30]     Train: 32 | Test: 8 | Strategy: new
[2026-05-19 13:06:31]     Result | best_epoch=1 | stop=16 | acc=0.5000 | bal_acc=0.5000 | collapse=False
[2026-05-19 13:06:31]     Spatial update | delta_l2=0.00538453 | relative_delta=0.00460779 | changed=True
[2026-05-19 13:06:31] 
Fold 4/5 | subject=16
[2026-05-19 13:06:31]     Train: 32 | Test: 8 | Strategy: new
[2026-05-19 13:06:32]     Result | best_epoch=1 | stop=16 | acc=0.7500 | bal_acc=0.7500 | collapse=False
[2026-05-19 13:06:32]     Spatial update | delta_l2=0.00538466 | relative_delta=0.0046079 | changed=True
[2026-05-19 13:06:32] 
Fold 5/5 | subject=16
[2026-05-19 13:06:32]     Train: 32 | Test: 8 | Strategy: new
[2026-05-19 13:06:33]     Result | best_epoch=1 | stop=16 | acc=0.3750 | bal_acc=0.3750 | collapse=False
[2026-05-19 13:06:33]     Spatial update | delta_l2=0.00538498 | relative_delta=0.00460817 | changed=True
[2026-05-19 13:06:33]   Subject 16: acc=0.5750±0.1275  bal_acc=0.5750±0.1275
[2026-05-19 13:06:33] 
Subject 17: 40 windows | class_counts=[20, 20]
[2026-05-19 13:06:33] 
Fold 1/5 | subject=17
[2026-05-19 13:06:33]     Train: 32 | Test: 8 | Strategy: new
[2026-05-19 13:06:34]     Result | best_epoch=20 | stop=35 | acc=0.3750 | bal_acc=0.3750 | collapse=False
[2026-05-19 13:06:34]     Spatial update | delta_l2=0.07092142 | relative_delta=0.0606907 | changed=True
[2026-05-19 13:06:34] 
Fold 2/5 | subject=17
[2026-05-19 13:06:34]     Train: 32 | Test: 8 | Strategy: new
[2026-05-19 13:06:35]     Result | best_epoch=1 | stop=16 | acc=0.3750 | bal_acc=0.3750 | collapse=False
[2026-05-19 13:06:35]     Spatial update | delta_l2=0.00538505 | relative_delta=0.00460823 | changed=True
[2026-05-19 13:06:35] 
Fold 3/5 | subject=17
[2026-05-19 13:06:35]     Train: 32 | Test: 8 | Strategy: new
[2026-05-19 13:06:37]     Result | best_epoch=66 | stop=81 | acc=0.6250 | bal_acc=0.6250 | collapse=False
[2026-05-19 13:06:37]     Spatial update | delta_l2=0.15157324 | relative_delta=0.12970814 | changed=True
[2026-05-19 13:06:37] 
Fold 4/5 | subject=17
[2026-05-19 13:06:37]     Train: 32 | Test: 8 | Strategy: new
[2026-05-19 13:06:37]     Result | best_epoch=2 | stop=17 | acc=0.7500 | bal_acc=0.7500 | collapse=False
[2026-05-19 13:06:37]     Spatial update | delta_l2=0.00925179 | relative_delta=0.00791718 | changed=True
[2026-05-19 13:06:38] 
Fold 5/5 | subject=17
[2026-05-19 13:06:38]     Train: 32 | Test: 8 | Strategy: new
[2026-05-19 13:06:39]     Result | best_epoch=32 | stop=47 | acc=0.5000 | bal_acc=0.5000 | collapse=False
[2026-05-19 13:06:39]     Spatial update | delta_l2=0.09986247 | relative_delta=0.08545688 | changed=True
[2026-05-19 13:06:39]   Subject 17: acc=0.5250±0.1458  bal_acc=0.5250±0.1458
[2026-05-19 13:06:39] 
Subject 18: 40 windows | class_counts=[20, 20]
[2026-05-19 13:06:39] 
Fold 1/5 | subject=18
[2026-05-19 13:06:39]     Train: 32 | Test: 8 | Strategy: new
[2026-05-19 13:06:41]     Result | best_epoch=99 | stop=100 | acc=0.8750 | bal_acc=0.8750 | collapse=False
[2026-05-19 13:06:41]     Spatial update | delta_l2=0.16895179 | relative_delta=0.14457976 | changed=True
[2026-05-19 13:06:42] 
Fold 2/5 | subject=18
[2026-05-19 13:06:42]     Train: 32 | Test: 8 | Strategy: new
[2026-05-19 13:06:43]     Result | best_epoch=93 | stop=100 | acc=0.5000 | bal_acc=0.5000 | collapse=True
[2026-05-19 13:06:43]     Spatial update | delta_l2=0.17127392 | relative_delta=0.14656691 | changed=True
[2026-05-19 13:06:44] 
Fold 3/5 | subject=18
[2026-05-19 13:06:44]     Train: 32 | Test: 8 | Strategy: new
[2026-05-19 13:06:46]     Result | best_epoch=93 | stop=100 | acc=0.7500 | bal_acc=0.7500 | collapse=False
[2026-05-19 13:06:46]     Spatial update | delta_l2=0.18917779 | relative_delta=0.16188807 | changed=True
[2026-05-19 13:06:46] 
Fold 4/5 | subject=18
[2026-05-19 13:06:46]     Train: 32 | Test: 8 | Strategy: new
[2026-05-19 13:06:48]     Result | best_epoch=93 | stop=100 | acc=0.7500 | bal_acc=0.7500 | collapse=False
[2026-05-19 13:06:48]     Spatial update | delta_l2=0.17917865 | relative_delta=0.15333135 | changed=True
[2026-05-19 13:06:48] 
Fold 5/5 | subject=18
[2026-05-19 13:06:48]     Train: 32 | Test: 8 | Strategy: new
[2026-05-19 13:06:50]     Result | best_epoch=99 | stop=100 | acc=0.7500 | bal_acc=0.7500 | collapse=False
[2026-05-19 13:06:50]     Spatial update | delta_l2=0.18869194 | relative_delta=0.16147231 | changed=True
[2026-05-19 13:06:50]   Subject 18: acc=0.7250±0.1225  bal_acc=0.7250±0.1225
[2026-05-19 13:06:50] 
Subject 19: 40 windows | class_counts=[20, 20]
[2026-05-19 13:06:51] 
Fold 1/5 | subject=19
[2026-05-19 13:06:51]     Train: 32 | Test: 8 | Strategy: new
[2026-05-19 13:06:52]     Result | best_epoch=72 | stop=87 | acc=0.3750 | bal_acc=0.3750 | collapse=False
[2026-05-19 13:06:52]     Spatial update | delta_l2=0.16338337 | relative_delta=0.13981461 | changed=True
[2026-05-19 13:06:53] 
Fold 2/5 | subject=19
[2026-05-19 13:06:53]     Train: 32 | Test: 8 | Strategy: new
[2026-05-19 13:06:53]     Result | best_epoch=1 | stop=16 | acc=0.7500 | bal_acc=0.7500 | collapse=False
[2026-05-19 13:06:53]     Spatial update | delta_l2=0.00538481 | relative_delta=0.00460803 | changed=True
[2026-05-19 13:06:54] 
Fold 3/5 | subject=19
[2026-05-19 13:06:54]     Train: 32 | Test: 8 | Strategy: new
[2026-05-19 13:06:55]     Result | best_epoch=72 | stop=87 | acc=0.1250 | bal_acc=0.1250 | collapse=False
[2026-05-19 13:06:55]     Spatial update | delta_l2=0.13406908 | relative_delta=0.11472903 | changed=True
[2026-05-19 13:06:56] 
Fold 4/5 | subject=19
[2026-05-19 13:06:56]     Train: 32 | Test: 8 | Strategy: new
[2026-05-19 13:06:56]     Result | best_epoch=1 | stop=16 | acc=0.5000 | bal_acc=0.5000 | collapse=False
[2026-05-19 13:06:56]     Spatial update | delta_l2=0.00538484 | relative_delta=0.00460806 | changed=True
[2026-05-19 13:06:57] 
Fold 5/5 | subject=19
[2026-05-19 13:06:57]     Train: 32 | Test: 8 | Strategy: new
[2026-05-19 13:06:57]     Result | best_epoch=2 | stop=17 | acc=0.6250 | bal_acc=0.6250 | collapse=False
[2026-05-19 13:06:57]     Spatial update | delta_l2=0.00894685 | relative_delta=0.00765623 | changed=True
[2026-05-19 13:06:57]   Subject 19: acc=0.4750±0.2151  bal_acc=0.4750±0.2151
[2026-05-19 13:06:57] 
Subject 20: 40 windows | class_counts=[20, 20]
[2026-05-19 13:06:58] 
Fold 1/5 | subject=20
[2026-05-19 13:06:58]     Train: 32 | Test: 8 | Strategy: new
[2026-05-19 13:06:59]     Result | best_epoch=74 | stop=89 | acc=0.7500 | bal_acc=0.7500 | collapse=False
[2026-05-19 13:06:59]     Spatial update | delta_l2=0.15071827 | relative_delta=0.1289765 | changed=True
[2026-05-19 13:07:00] 
Fold 2/5 | subject=20
[2026-05-19 13:07:00]     Train: 32 | Test: 8 | Strategy: new
[2026-05-19 13:07:01]     Result | best_epoch=83 | stop=98 | acc=0.6250 | bal_acc=0.6250 | collapse=False
[2026-05-19 13:07:01]     Spatial update | delta_l2=0.20209328 | relative_delta=0.17294044 | changed=True
[2026-05-19 13:07:02] 
Fold 3/5 | subject=20
[2026-05-19 13:07:02]     Train: 32 | Test: 8 | Strategy: new
[2026-05-19 13:07:04]     Result | best_epoch=83 | stop=98 | acc=0.7500 | bal_acc=0.7500 | collapse=False
[2026-05-19 13:07:04]     Spatial update | delta_l2=0.18441694 | relative_delta=0.157814 | changed=True
[2026-05-19 13:07:04] 
Fold 4/5 | subject=20
[2026-05-19 13:07:04]     Train: 32 | Test: 8 | Strategy: new
[2026-05-19 13:07:06]     Result | best_epoch=85 | stop=100 | acc=0.6250 | bal_acc=0.6250 | collapse=False
[2026-05-19 13:07:06]     Spatial update | delta_l2=0.17581756 | relative_delta=0.15045511 | changed=True
[2026-05-19 13:07:07] 
Fold 5/5 | subject=20
[2026-05-19 13:07:07]     Train: 32 | Test: 8 | Strategy: new
[2026-05-19 13:07:07]     Result | best_epoch=2 | stop=17 | acc=0.8750 | bal_acc=0.8750 | collapse=False
[2026-05-19 13:07:07]     Spatial update | delta_l2=0.0098044 | relative_delta=0.00839007 | changed=True
[2026-05-19 13:07:07]   Subject 20: acc=0.7250±0.0935  bal_acc=0.7250±0.0935
[2026-05-19 13:07:07] 
Subject 21: 40 windows | class_counts=[20, 20]
[2026-05-19 13:07:07] 
Fold 1/5 | subject=21
[2026-05-19 13:07:07]     Train: 32 | Test: 8 | Strategy: new
[2026-05-19 13:07:08]     Result | best_epoch=1 | stop=16 | acc=0.5000 | bal_acc=0.5000 | collapse=False
[2026-05-19 13:07:08]     Spatial update | delta_l2=0.00538497 | relative_delta=0.00460816 | changed=True
[2026-05-19 13:07:08] 
Fold 2/5 | subject=21
[2026-05-19 13:07:08]     Train: 32 | Test: 8 | Strategy: new
[2026-05-19 13:07:09]     Result | best_epoch=1 | stop=16 | acc=0.2500 | bal_acc=0.2500 | collapse=False
[2026-05-19 13:07:09]     Spatial update | delta_l2=0.00538504 | relative_delta=0.00460823 | changed=True
[2026-05-19 13:07:09] 
Fold 3/5 | subject=21
[2026-05-19 13:07:09]     Train: 32 | Test: 8 | Strategy: new
[2026-05-19 13:07:11]     Result | best_epoch=83 | stop=98 | acc=0.3750 | bal_acc=0.3750 | collapse=False
[2026-05-19 13:07:11]     Spatial update | delta_l2=0.14121171 | relative_delta=0.12084131 | changed=True
[2026-05-19 13:07:11] 
Fold 4/5 | subject=21
[2026-05-19 13:07:11]     Train: 32 | Test: 8 | Strategy: new
[2026-05-19 13:07:12]     Result | best_epoch=1 | stop=16 | acc=0.5000 | bal_acc=0.5000 | collapse=False
[2026-05-19 13:07:12]     Spatial update | delta_l2=0.00538358 | relative_delta=0.00460697 | changed=True
[2026-05-19 13:07:12] 
Fold 5/5 | subject=21
[2026-05-19 13:07:12]     Train: 32 | Test: 8 | Strategy: new
[2026-05-19 13:07:13]     Result | best_epoch=2 | stop=16 | acc=0.3750 | bal_acc=0.3750 | collapse=False
[2026-05-19 13:07:13]     Spatial update | delta_l2=0.00538482 | relative_delta=0.00460804 | changed=True
[2026-05-19 13:07:13]   Subject 21: acc=0.4000±0.0935  bal_acc=0.4000±0.0935
[2026-05-19 13:07:13] 
Subject 22: 40 windows | class_counts=[20, 20]
[2026-05-19 13:07:13] 
Fold 1/5 | subject=22
[2026-05-19 13:07:13]     Train: 32 | Test: 8 | Strategy: new
[2026-05-19 13:07:15]     Result | best_epoch=93 | stop=100 | acc=0.6250 | bal_acc=0.6250 | collapse=False
[2026-05-19 13:07:15]     Spatial update | delta_l2=0.14909871 | relative_delta=0.12759058 | changed=True
[2026-05-19 13:07:15] 
Fold 2/5 | subject=22
[2026-05-19 13:07:15]     Train: 32 | Test: 8 | Strategy: new
[2026-05-19 13:07:17]     Result | best_epoch=91 | stop=100 | acc=0.3750 | bal_acc=0.3750 | collapse=False
[2026-05-19 13:07:17]     Spatial update | delta_l2=0.13336495 | relative_delta=0.11412648 | changed=True
[2026-05-19 13:07:18] 
Fold 3/5 | subject=22
[2026-05-19 13:07:18]     Train: 32 | Test: 8 | Strategy: new
[2026-05-19 13:07:19]     Result | best_epoch=75 | stop=90 | acc=0.3750 | bal_acc=0.3750 | collapse=False
[2026-05-19 13:07:19]     Spatial update | delta_l2=0.15372101 | relative_delta=0.13154608 | changed=True
[2026-05-19 13:07:20] 
Fold 4/5 | subject=22
[2026-05-19 13:07:20]     Train: 32 | Test: 8 | Strategy: new
[2026-05-19 13:07:20]     Result | best_epoch=1 | stop=16 | acc=0.5000 | bal_acc=0.5000 | collapse=False
[2026-05-19 13:07:20]     Spatial update | delta_l2=0.00538464 | relative_delta=0.00460788 | changed=True
[2026-05-19 13:07:21] 
Fold 5/5 | subject=22
[2026-05-19 13:07:21]     Train: 32 | Test: 8 | Strategy: new
[2026-05-19 13:07:22]     Result | best_epoch=91 | stop=100 | acc=0.3750 | bal_acc=0.3750 | collapse=False
[2026-05-19 13:07:22]     Spatial update | delta_l2=0.15249472 | relative_delta=0.13049669 | changed=True
[2026-05-19 13:07:22]   Subject 22: acc=0.4500±0.1000  bal_acc=0.4500±0.1000
[2026-05-19 13:07:22] 
Subject 23: 40 windows | class_counts=[20, 20]
[2026-05-19 13:07:23] 
Fold 1/5 | subject=23
[2026-05-19 13:07:23]     Train: 32 | Test: 8 | Strategy: new
[2026-05-19 13:07:23]     Result | best_epoch=1 | stop=16 | acc=0.5000 | bal_acc=0.5000 | collapse=False
[2026-05-19 13:07:23]     Spatial update | delta_l2=0.00538473 | relative_delta=0.00460796 | changed=True
[2026-05-19 13:07:24] 
Fold 2/5 | subject=23
[2026-05-19 13:07:24]     Train: 32 | Test: 8 | Strategy: new
[2026-05-19 13:07:26]     Result | best_epoch=95 | stop=100 | acc=0.6250 | bal_acc=0.6250 | collapse=False
[2026-05-19 13:07:26]     Spatial update | delta_l2=0.15228141 | relative_delta=0.13031415 | changed=True
[2026-05-19 13:07:26] 
Fold 3/5 | subject=23
[2026-05-19 13:07:26]     Train: 32 | Test: 8 | Strategy: new
[2026-05-19 13:07:27]     Result | best_epoch=33 | stop=40 | acc=0.7500 | bal_acc=0.7500 | collapse=False
[2026-05-19 13:07:27]     Spatial update | delta_l2=0.07368 | relative_delta=0.06305134 | changed=True
[2026-05-19 13:07:27] 
Fold 4/5 | subject=23
[2026-05-19 13:07:27]     Train: 32 | Test: 8 | Strategy: new
[2026-05-19 13:07:28]     Result | best_epoch=1 | stop=16 | acc=0.5000 | bal_acc=0.5000 | collapse=False
[2026-05-19 13:07:28]     Spatial update | delta_l2=0.00538403 | relative_delta=0.00460736 | changed=True
[2026-05-19 13:07:28] 
Fold 5/5 | subject=23
[2026-05-19 13:07:28]     Train: 32 | Test: 8 | Strategy: new
[2026-05-19 13:07:30]     Result | best_epoch=84 | stop=99 | acc=0.2500 | bal_acc=0.2500 | collapse=False
[2026-05-19 13:07:30]     Spatial update | delta_l2=0.1428292 | relative_delta=0.12222546 | changed=True
[2026-05-19 13:07:30]   Subject 23: acc=0.5250±0.1658  bal_acc=0.5250±0.1658
[2026-05-19 13:07:30] 
Subject 24: 40 windows | class_counts=[20, 20]
[2026-05-19 13:07:30] 
Fold 1/5 | subject=24
[2026-05-19 13:07:30]     Train: 32 | Test: 8 | Strategy: new
[2026-05-19 13:07:31]     Result | best_epoch=1 | stop=16 | acc=0.7500 | bal_acc=0.7500 | collapse=False
[2026-05-19 13:07:31]     Spatial update | delta_l2=0.00538497 | relative_delta=0.00460816 | changed=True
[2026-05-19 13:07:31] 
Fold 2/5 | subject=24
[2026-05-19 13:07:31]     Train: 32 | Test: 8 | Strategy: new
[2026-05-19 13:07:32]     Result | best_epoch=1 | stop=16 | acc=0.5000 | bal_acc=0.5000 | collapse=False
[2026-05-19 13:07:32]     Spatial update | delta_l2=0.00538491 | relative_delta=0.00460812 | changed=True
[2026-05-19 13:07:32] 
Fold 3/5 | subject=24
[2026-05-19 13:07:32]     Train: 32 | Test: 8 | Strategy: new
[2026-05-19 13:07:32]     Result | best_epoch=1 | stop=16 | acc=0.7500 | bal_acc=0.7500 | collapse=False
[2026-05-19 13:07:32]     Spatial update | delta_l2=0.00538502 | relative_delta=0.00460821 | changed=True
[2026-05-19 13:07:33] 
Fold 4/5 | subject=24
[2026-05-19 13:07:33]     Train: 32 | Test: 8 | Strategy: new
[2026-05-19 13:07:35]     Result | best_epoch=85 | stop=100 | acc=0.2500 | bal_acc=0.2500 | collapse=False
[2026-05-19 13:07:35]     Spatial update | delta_l2=0.18243924 | relative_delta=0.15612159 | changed=True
[2026-05-19 13:07:35] 
Fold 5/5 | subject=24
[2026-05-19 13:07:35]     Train: 32 | Test: 8 | Strategy: new
[2026-05-19 13:07:37]     Result | best_epoch=69 | stop=84 | acc=0.5000 | bal_acc=0.5000 | collapse=False
[2026-05-19 13:07:37]     Spatial update | delta_l2=0.15435584 | relative_delta=0.13208934 | changed=True
[2026-05-19 13:07:37]   Subject 24: acc=0.5500±0.1871  bal_acc=0.5500±0.1871
[2026-05-19 13:07:37] 
Subject 25: 40 windows | class_counts=[20, 20]
[2026-05-19 13:07:38] 
Fold 1/5 | subject=25
[2026-05-19 13:07:38]     Train: 32 | Test: 8 | Strategy: new
[2026-05-19 13:07:39]     Result | best_epoch=66 | stop=81 | acc=0.7500 | bal_acc=0.7500 | collapse=False
[2026-05-19 13:07:39]     Spatial update | delta_l2=0.14491869 | relative_delta=0.12401354 | changed=True
[2026-05-19 13:07:39] 
Fold 2/5 | subject=25
[2026-05-19 13:07:39]     Train: 32 | Test: 8 | Strategy: new
[2026-05-19 13:07:40]     Result | best_epoch=30 | stop=45 | acc=0.6250 | bal_acc=0.6250 | collapse=False
[2026-05-19 13:07:40]     Spatial update | delta_l2=0.08876089 | relative_delta=0.07595674 | changed=True
[2026-05-19 13:07:41] 
Fold 3/5 | subject=25
[2026-05-19 13:07:41]     Train: 32 | Test: 8 | Strategy: new
[2026-05-19 13:07:42]     Result | best_epoch=81 | stop=96 | acc=0.7500 | bal_acc=0.7500 | collapse=False
[2026-05-19 13:07:42]     Spatial update | delta_l2=0.13872897 | relative_delta=0.11871671 | changed=True
[2026-05-19 13:07:43] 
Fold 4/5 | subject=25
[2026-05-19 13:07:43]     Train: 32 | Test: 8 | Strategy: new
[2026-05-19 13:07:45]     Result | best_epoch=81 | stop=96 | acc=0.5000 | bal_acc=0.5000 | collapse=False
[2026-05-19 13:07:45]     Spatial update | delta_l2=0.15081924 | relative_delta=0.12906291 | changed=True
[2026-05-19 13:07:45] 
Fold 5/5 | subject=25
[2026-05-19 13:07:45]     Train: 32 | Test: 8 | Strategy: new
[2026-05-19 13:07:45]     Result | best_epoch=1 | stop=16 | acc=0.3750 | bal_acc=0.3750 | collapse=False
[2026-05-19 13:07:45]     Spatial update | delta_l2=0.00538457 | relative_delta=0.00460782 | changed=True
[2026-05-19 13:07:45]   Subject 25: acc=0.6000±0.1458  bal_acc=0.6000±0.1458
[2026-05-19 13:07:45] 
Subject 26: 40 windows | class_counts=[20, 20]
[2026-05-19 13:07:46] 
Fold 1/5 | subject=26
[2026-05-19 13:07:46]     Train: 32 | Test: 8 | Strategy: new
[2026-05-19 13:07:46]     Result | best_epoch=1 | stop=16 | acc=0.5000 | bal_acc=0.5000 | collapse=False
[2026-05-19 13:07:46]     Spatial update | delta_l2=0.00538489 | relative_delta=0.00460809 | changed=True
[2026-05-19 13:07:47] 
Fold 2/5 | subject=26
[2026-05-19 13:07:47]     Train: 32 | Test: 8 | Strategy: new
[2026-05-19 13:07:47]     Result | best_epoch=1 | stop=16 | acc=0.5000 | bal_acc=0.5000 | collapse=False
[2026-05-19 13:07:47]     Spatial update | delta_l2=0.00538465 | relative_delta=0.00460789 | changed=True
[2026-05-19 13:07:48] 
Fold 3/5 | subject=26
[2026-05-19 13:07:48]     Train: 32 | Test: 8 | Strategy: new
[2026-05-19 13:07:48]     Result | best_epoch=1 | stop=16 | acc=0.3750 | bal_acc=0.3750 | collapse=False
[2026-05-19 13:07:48]     Spatial update | delta_l2=0.00538439 | relative_delta=0.00460766 | changed=True
[2026-05-19 13:07:49] 
Fold 4/5 | subject=26
[2026-05-19 13:07:49]     Train: 32 | Test: 8 | Strategy: new
[2026-05-19 13:07:49]     Result | best_epoch=1 | stop=16 | acc=0.5000 | bal_acc=0.5000 | collapse=False
[2026-05-19 13:07:49]     Spatial update | delta_l2=0.0053821 | relative_delta=0.00460571 | changed=True
[2026-05-19 13:07:50] 
Fold 5/5 | subject=26
[2026-05-19 13:07:50]     Train: 32 | Test: 8 | Strategy: new
[2026-05-19 13:07:50]     Result | best_epoch=1 | stop=16 | acc=0.5000 | bal_acc=0.5000 | collapse=False
[2026-05-19 13:07:50]     Spatial update | delta_l2=0.00538368 | relative_delta=0.00460706 | changed=True
[2026-05-19 13:07:50]   Subject 26: acc=0.4750±0.0500  bal_acc=0.4750±0.0500
[2026-05-19 13:07:50] 
Subject 27: 40 windows | class_counts=[20, 20]
[2026-05-19 13:07:50] 
Fold 1/5 | subject=27
[2026-05-19 13:07:50]     Train: 32 | Test: 8 | Strategy: new
[2026-05-19 13:07:51]     Result | best_epoch=23 | stop=37 | acc=0.2500 | bal_acc=0.2500 | collapse=False
[2026-05-19 13:07:51]     Spatial update | delta_l2=0.06590631 | relative_delta=0.05639904 | changed=True
[2026-05-19 13:07:52] 
Fold 2/5 | subject=27
[2026-05-19 13:07:52]     Train: 32 | Test: 8 | Strategy: new
[2026-05-19 13:07:52]     Result | best_epoch=1 | stop=16 | acc=0.8750 | bal_acc=0.8750 | collapse=False
[2026-05-19 13:07:52]     Spatial update | delta_l2=0.00538511 | relative_delta=0.00460828 | changed=True
[2026-05-19 13:07:52] 
Fold 3/5 | subject=27
[2026-05-19 13:07:52]     Train: 32 | Test: 8 | Strategy: new
[2026-05-19 13:07:53]     Result | best_epoch=1 | stop=16 | acc=0.5000 | bal_acc=0.5000 | collapse=False
[2026-05-19 13:07:53]     Spatial update | delta_l2=0.00538511 | relative_delta=0.00460828 | changed=True
[2026-05-19 13:07:53] 
Fold 4/5 | subject=27
[2026-05-19 13:07:53]     Train: 32 | Test: 8 | Strategy: new
[2026-05-19 13:07:54]     Result | best_epoch=21 | stop=36 | acc=0.6250 | bal_acc=0.6250 | collapse=False
[2026-05-19 13:07:54]     Spatial update | delta_l2=0.05944364 | relative_delta=0.05086863 | changed=True
[2026-05-19 13:07:55] 
Fold 5/5 | subject=27
[2026-05-19 13:07:55]     Train: 32 | Test: 8 | Strategy: new
[2026-05-19 13:07:56]     Result | best_epoch=74 | stop=89 | acc=0.3750 | bal_acc=0.3750 | collapse=False
[2026-05-19 13:07:56]     Spatial update | delta_l2=0.12435396 | relative_delta=0.10641536 | changed=True
[2026-05-19 13:07:56]   Subject 27: acc=0.5250±0.2151  bal_acc=0.5250±0.2151
[2026-05-19 13:07:56] 
Subject 28: 40 windows | class_counts=[20, 20]
[2026-05-19 13:07:57] 
Fold 1/5 | subject=28
[2026-05-19 13:07:57]     Train: 32 | Test: 8 | Strategy: new
[2026-05-19 13:07:58]     Result | best_epoch=91 | stop=100 | acc=0.5000 | bal_acc=0.5000 | collapse=False
[2026-05-19 13:07:58]     Spatial update | delta_l2=0.16598602 | relative_delta=0.14204181 | changed=True
[2026-05-19 13:07:59] 
Fold 2/5 | subject=28
[2026-05-19 13:07:59]     Train: 32 | Test: 8 | Strategy: new
[2026-05-19 13:08:01]     Result | best_epoch=79 | stop=94 | acc=0.6250 | bal_acc=0.6250 | collapse=False
[2026-05-19 13:08:01]     Spatial update | delta_l2=0.15809981 | relative_delta=0.13529322 | changed=True
[2026-05-19 13:08:01] 
Fold 3/5 | subject=28
[2026-05-19 13:08:01]     Train: 32 | Test: 8 | Strategy: new
[2026-05-19 13:08:02]     Result | best_epoch=27 | stop=42 | acc=0.6250 | bal_acc=0.6250 | collapse=False
[2026-05-19 13:08:02]     Spatial update | delta_l2=0.09171081 | relative_delta=0.07848113 | changed=True
[2026-05-19 13:08:02] 
Fold 4/5 | subject=28
[2026-05-19 13:08:02]     Train: 32 | Test: 8 | Strategy: new
[2026-05-19 13:08:04]     Result | best_epoch=72 | stop=79 | acc=0.5000 | bal_acc=0.5000 | collapse=False
[2026-05-19 13:08:04]     Spatial update | delta_l2=0.15114894 | relative_delta=0.12934505 | changed=True
[2026-05-19 13:08:04] 
Fold 5/5 | subject=28
[2026-05-19 13:08:04]     Train: 32 | Test: 8 | Strategy: new
[2026-05-19 13:08:06]     Result | best_epoch=91 | stop=100 | acc=0.3750 | bal_acc=0.3750 | collapse=False
[2026-05-19 13:08:06]     Spatial update | delta_l2=0.16744681 | relative_delta=0.14329188 | changed=True
[2026-05-19 13:08:06]   Subject 28: acc=0.5250±0.0935  bal_acc=0.5250±0.0935
[2026-05-19 13:08:06] 
Subject 29: 40 windows | class_counts=[20, 20]
[2026-05-19 13:08:07] 
Fold 1/5 | subject=29
[2026-05-19 13:08:07]     Train: 32 | Test: 8 | Strategy: new
[2026-05-19 13:08:07]     Result | best_epoch=1 | stop=16 | acc=0.5000 | bal_acc=0.5000 | collapse=False
[2026-05-19 13:08:07]     Spatial update | delta_l2=0.00538506 | relative_delta=0.00460824 | changed=True
[2026-05-19 13:08:07] 
Fold 2/5 | subject=29
[2026-05-19 13:08:07]     Train: 32 | Test: 8 | Strategy: new
[2026-05-19 13:08:08]     Result | best_epoch=1 | stop=16 | acc=0.2500 | bal_acc=0.2500 | collapse=False
[2026-05-19 13:08:08]     Spatial update | delta_l2=0.00538498 | relative_delta=0.00460817 | changed=True
[2026-05-19 13:08:08] 
Fold 3/5 | subject=29
[2026-05-19 13:08:08]     Train: 32 | Test: 8 | Strategy: new
[2026-05-19 13:08:09]     Result | best_epoch=1 | stop=16 | acc=0.2500 | bal_acc=0.2500 | collapse=False
[2026-05-19 13:08:09]     Spatial update | delta_l2=0.00538495 | relative_delta=0.00460815 | changed=True
[2026-05-19 13:08:09] 
Fold 4/5 | subject=29
[2026-05-19 13:08:09]     Train: 32 | Test: 8 | Strategy: new
[2026-05-19 13:08:10]     Result | best_epoch=1 | stop=16 | acc=0.7500 | bal_acc=0.7500 | collapse=False
[2026-05-19 13:08:10]     Spatial update | delta_l2=0.00538487 | relative_delta=0.00460808 | changed=True
[2026-05-19 13:08:10] 
Fold 5/5 | subject=29
[2026-05-19 13:08:10]     Train: 32 | Test: 8 | Strategy: new
[2026-05-19 13:08:10]     Result | best_epoch=1 | stop=16 | acc=0.5000 | bal_acc=0.5000 | collapse=False
[2026-05-19 13:08:10]     Spatial update | delta_l2=0.00538485 | relative_delta=0.00460807 | changed=True
[2026-05-19 13:08:10]   Subject 29: acc=0.4500±0.1871  bal_acc=0.4500±0.1871
[2026-05-19 13:08:10] 
Subject 30: 40 windows | class_counts=[20, 20]
[2026-05-19 13:08:11] 
Fold 1/5 | subject=30
[2026-05-19 13:08:11]     Train: 32 | Test: 8 | Strategy: new
[2026-05-19 13:08:11]     Result | best_epoch=12 | stop=27 | acc=0.6250 | bal_acc=0.6250 | collapse=False
[2026-05-19 13:08:11]     Spatial update | delta_l2=0.04360092 | relative_delta=0.0373113 | changed=True
[2026-05-19 13:08:12] 
Fold 2/5 | subject=30
[2026-05-19 13:08:12]     Train: 32 | Test: 8 | Strategy: new
[2026-05-19 13:08:14]     Result | best_epoch=80 | stop=95 | acc=0.7500 | bal_acc=0.7500 | collapse=False
[2026-05-19 13:08:14]     Spatial update | delta_l2=0.17483734 | relative_delta=0.1496163 | changed=True
[2026-05-19 13:08:14] 
Fold 3/5 | subject=30
[2026-05-19 13:08:14]     Train: 32 | Test: 8 | Strategy: new
[2026-05-19 13:08:15]     Result | best_epoch=1 | stop=16 | acc=0.6250 | bal_acc=0.6250 | collapse=False
[2026-05-19 13:08:15]     Spatial update | delta_l2=0.00538482 | relative_delta=0.00460803 | changed=True
[2026-05-19 13:08:15] 
Fold 4/5 | subject=30
[2026-05-19 13:08:15]     Train: 32 | Test: 8 | Strategy: new
[2026-05-19 13:08:17]     Result | best_epoch=91 | stop=100 | acc=0.6250 | bal_acc=0.6250 | collapse=False
[2026-05-19 13:08:17]     Spatial update | delta_l2=0.19441448 | relative_delta=0.16636935 | changed=True
[2026-05-19 13:08:17] 
Fold 5/5 | subject=30
[2026-05-19 13:08:17]     Train: 32 | Test: 8 | Strategy: new
[2026-05-19 13:08:19]     Result | best_epoch=78 | stop=93 | acc=0.6250 | bal_acc=0.6250 | collapse=False
[2026-05-19 13:08:19]     Spatial update | delta_l2=0.17473875 | relative_delta=0.14953192 | changed=True
[2026-05-19 13:08:19]   Subject 30: acc=0.6500±0.0500  bal_acc=0.6500±0.0500
[2026-05-19 13:08:19] 
Subject 31: 40 windows | class_counts=[20, 20]
[2026-05-19 13:08:20] 
Fold 1/5 | subject=31
[2026-05-19 13:08:20]     Train: 32 | Test: 8 | Strategy: new
[2026-05-19 13:08:20]     Result | best_epoch=2 | stop=16 | acc=0.3750 | bal_acc=0.3750 | collapse=False
[2026-05-19 13:08:20]     Spatial update | delta_l2=0.00538481 | relative_delta=0.00460803 | changed=True
[2026-05-19 13:08:20] 
Fold 2/5 | subject=31
[2026-05-19 13:08:20]     Train: 32 | Test: 8 | Strategy: new
[2026-05-19 13:08:21]     Result | best_epoch=1 | stop=16 | acc=0.5000 | bal_acc=0.5000 | collapse=False
[2026-05-19 13:08:21]     Spatial update | delta_l2=0.00538494 | relative_delta=0.00460814 | changed=True
[2026-05-19 13:08:21] 
Fold 3/5 | subject=31
[2026-05-19 13:08:21]     Train: 32 | Test: 8 | Strategy: new
[2026-05-19 13:08:22]     Result | best_epoch=1 | stop=16 | acc=0.5000 | bal_acc=0.5000 | collapse=False
[2026-05-19 13:08:22]     Spatial update | delta_l2=0.00538503 | relative_delta=0.00460822 | changed=True
[2026-05-19 13:08:22] 
Fold 4/5 | subject=31
[2026-05-19 13:08:22]     Train: 32 | Test: 8 | Strategy: new
[2026-05-19 13:08:22]     Result | best_epoch=1 | stop=16 | acc=0.3750 | bal_acc=0.3750 | collapse=False
[2026-05-19 13:08:22]     Spatial update | delta_l2=0.0053839 | relative_delta=0.00460725 | changed=True
[2026-05-19 13:08:23] 
Fold 5/5 | subject=31
[2026-05-19 13:08:23]     Train: 32 | Test: 8 | Strategy: new
[2026-05-19 13:08:23]     Result | best_epoch=1 | stop=16 | acc=0.5000 | bal_acc=0.5000 | collapse=False
[2026-05-19 13:08:23]     Spatial update | delta_l2=0.00538497 | relative_delta=0.00460817 | changed=True
[2026-05-19 13:08:23]   Subject 31: acc=0.4500±0.0612  bal_acc=0.4500±0.0612
[2026-05-19 13:08:23] 
Subject 32: 40 windows | class_counts=[20, 20]
[2026-05-19 13:08:24] 
Fold 1/5 | subject=32
[2026-05-19 13:08:24]     Train: 32 | Test: 8 | Strategy: new
[2026-05-19 13:08:24]     Result | best_epoch=12 | stop=16 | acc=0.6250 | bal_acc=0.6250 | collapse=False
[2026-05-19 13:08:24]     Spatial update | delta_l2=0.00538492 | relative_delta=0.00460813 | changed=True
[2026-05-19 13:08:25] 
Fold 2/5 | subject=32
[2026-05-19 13:08:25]     Train: 32 | Test: 8 | Strategy: new
[2026-05-19 13:08:25]     Result | best_epoch=12 | stop=27 | acc=0.6250 | bal_acc=0.6250 | collapse=False
[2026-05-19 13:08:25]     Spatial update | delta_l2=0.0396295 | relative_delta=0.03391278 | changed=True
[2026-05-19 13:08:26] 
Fold 3/5 | subject=32
[2026-05-19 13:08:26]     Train: 32 | Test: 8 | Strategy: new
[2026-05-19 13:08:27]     Result | best_epoch=69 | stop=84 | acc=0.7500 | bal_acc=0.7500 | collapse=False
[2026-05-19 13:08:27]     Spatial update | delta_l2=0.16472285 | relative_delta=0.14096086 | changed=True
[2026-05-19 13:08:28] 
Fold 4/5 | subject=32
[2026-05-19 13:08:28]     Train: 32 | Test: 8 | Strategy: new
[2026-05-19 13:08:30]     Result | best_epoch=81 | stop=96 | acc=0.3750 | bal_acc=0.3750 | collapse=False
[2026-05-19 13:08:30]     Spatial update | delta_l2=0.15639844 | relative_delta=0.13383728 | changed=True
[2026-05-19 13:08:30] 
Fold 5/5 | subject=32
[2026-05-19 13:08:30]     Train: 32 | Test: 8 | Strategy: new
[2026-05-19 13:08:31]     Result | best_epoch=22 | stop=37 | acc=0.5000 | bal_acc=0.5000 | collapse=False
[2026-05-19 13:08:31]     Spatial update | delta_l2=0.07301542 | relative_delta=0.06248263 | changed=True
[2026-05-19 13:08:31]   Subject 32: acc=0.5750±0.1275  bal_acc=0.5750±0.1275
[2026-05-19 13:08:31] 
Subject 33: 40 windows | class_counts=[20, 20]
[2026-05-19 13:08:31] 
Fold 1/5 | subject=33
[2026-05-19 13:08:31]     Train: 32 | Test: 8 | Strategy: new
[2026-05-19 13:08:33]     Result | best_epoch=66 | stop=79 | acc=0.6250 | bal_acc=0.6250 | collapse=False
[2026-05-19 13:08:33]     Spatial update | delta_l2=0.15681328 | relative_delta=0.13419228 | changed=True
[2026-05-19 13:08:34] 
Fold 2/5 | subject=33
[2026-05-19 13:08:34]     Train: 32 | Test: 8 | Strategy: new
[2026-05-19 13:08:34]     Result | best_epoch=1 | stop=16 | acc=0.6250 | bal_acc=0.6250 | collapse=False
[2026-05-19 13:08:34]     Spatial update | delta_l2=0.00538482 | relative_delta=0.00460804 | changed=True
[2026-05-19 13:08:34] 
Fold 3/5 | subject=33
[2026-05-19 13:08:34]     Train: 32 | Test: 8 | Strategy: new
[2026-05-19 13:08:35]     Result | best_epoch=1 | stop=16 | acc=0.8750 | bal_acc=0.8750 | collapse=False
[2026-05-19 13:08:35]     Spatial update | delta_l2=0.00538506 | relative_delta=0.00460824 | changed=True
[2026-05-19 13:08:35] 
Fold 4/5 | subject=33
[2026-05-19 13:08:35]     Train: 32 | Test: 8 | Strategy: new
[2026-05-19 13:08:37]     Result | best_epoch=77 | stop=92 | acc=0.2500 | bal_acc=0.2500 | collapse=False
[2026-05-19 13:08:37]     Spatial update | delta_l2=0.15836806 | relative_delta=0.13552278 | changed=True
[2026-05-19 13:08:37] 
Fold 5/5 | subject=33
[2026-05-19 13:08:37]     Train: 32 | Test: 8 | Strategy: new
[2026-05-19 13:08:39]     Result | best_epoch=82 | stop=97 | acc=0.6250 | bal_acc=0.6250 | collapse=False
[2026-05-19 13:08:39]     Spatial update | delta_l2=0.14959838 | relative_delta=0.12801816 | changed=True
[2026-05-19 13:08:39]   Subject 33: acc=0.6000±0.2000  bal_acc=0.6000±0.2000
[2026-05-19 13:08:39] 
Subject 34: 40 windows | class_counts=[20, 20]
[2026-05-19 13:08:40] 
Fold 1/5 | subject=34
[2026-05-19 13:08:40]     Train: 32 | Test: 8 | Strategy: new
[2026-05-19 13:08:41]     Result | best_epoch=91 | stop=100 | acc=0.8750 | bal_acc=0.8750 | collapse=False
[2026-05-19 13:08:41]     Spatial update | delta_l2=0.16882944 | relative_delta=0.14447506 | changed=True
[2026-05-19 13:08:42] 
Fold 2/5 | subject=34
[2026-05-19 13:08:42]     Train: 32 | Test: 8 | Strategy: new
[2026-05-19 13:08:44]     Result | best_epoch=94 | stop=100 | acc=0.7500 | bal_acc=0.7500 | collapse=False
[2026-05-19 13:08:44]     Spatial update | delta_l2=0.17749126 | relative_delta=0.15188737 | changed=True
[2026-05-19 13:08:44] 
Fold 3/5 | subject=34
[2026-05-19 13:08:44]     Train: 32 | Test: 8 | Strategy: new
[2026-05-19 13:08:46]     Result | best_epoch=85 | stop=100 | acc=0.6250 | bal_acc=0.6250 | collapse=False
[2026-05-19 13:08:46]     Spatial update | delta_l2=0.17715476 | relative_delta=0.15159941 | changed=True
[2026-05-19 13:08:46] 
Fold 4/5 | subject=34
[2026-05-19 13:08:46]     Train: 32 | Test: 8 | Strategy: new
[2026-05-19 13:08:48]     Result | best_epoch=94 | stop=100 | acc=0.8750 | bal_acc=0.8750 | collapse=False
[2026-05-19 13:08:48]     Spatial update | delta_l2=0.18191322 | relative_delta=0.15567145 | changed=True
[2026-05-19 13:08:49] 
Fold 5/5 | subject=34
[2026-05-19 13:08:49]     Train: 32 | Test: 8 | Strategy: new
[2026-05-19 13:08:51]     Result | best_epoch=94 | stop=100 | acc=0.8750 | bal_acc=0.8750 | collapse=False
[2026-05-19 13:08:51]     Spatial update | delta_l2=0.15194206 | relative_delta=0.13002376 | changed=True
[2026-05-19 13:08:51]   Subject 34: acc=0.8000±0.1000  bal_acc=0.8000±0.1000
[2026-05-19 13:08:51] 
Subject 35: 40 windows | class_counts=[20, 20]
[2026-05-19 13:08:51] 
Fold 1/5 | subject=35
[2026-05-19 13:08:51]     Train: 32 | Test: 8 | Strategy: new
[2026-05-19 13:08:51]     Result | best_epoch=1 | stop=16 | acc=0.5000 | bal_acc=0.5000 | collapse=False
[2026-05-19 13:08:51]     Spatial update | delta_l2=0.00538508 | relative_delta=0.00460826 | changed=True
[2026-05-19 13:08:52] 
Fold 2/5 | subject=35
[2026-05-19 13:08:52]     Train: 32 | Test: 8 | Strategy: new
[2026-05-19 13:08:54]     Result | best_epoch=85 | stop=100 | acc=0.7500 | bal_acc=0.7500 | collapse=False
[2026-05-19 13:08:54]     Spatial update | delta_l2=0.16275316 | relative_delta=0.13927531 | changed=True
[2026-05-19 13:08:54] 
Fold 3/5 | subject=35
[2026-05-19 13:08:54]     Train: 32 | Test: 8 | Strategy: new
[2026-05-19 13:08:56]     Result | best_epoch=83 | stop=98 | acc=0.7500 | bal_acc=0.7500 | collapse=False
[2026-05-19 13:08:56]     Spatial update | delta_l2=0.17113645 | relative_delta=0.14644927 | changed=True
[2026-05-19 13:08:56] 
Fold 4/5 | subject=35
[2026-05-19 13:08:56]     Train: 32 | Test: 8 | Strategy: new
[2026-05-19 13:08:57]     Result | best_epoch=1 | stop=16 | acc=0.3750 | bal_acc=0.3750 | collapse=False
[2026-05-19 13:08:57]     Spatial update | delta_l2=0.00538501 | relative_delta=0.0046082 | changed=True
[2026-05-19 13:08:57] 
Fold 5/5 | subject=35
[2026-05-19 13:08:57]     Train: 32 | Test: 8 | Strategy: new
[2026-05-19 13:08:59]     Result | best_epoch=85 | stop=100 | acc=0.5000 | bal_acc=0.5000 | collapse=False
[2026-05-19 13:08:59]     Spatial update | delta_l2=0.1862162 | relative_delta=0.1593537 | changed=True
[2026-05-19 13:08:59]   Subject 35: acc=0.5750±0.1500  bal_acc=0.5750±0.1500
[2026-05-19 13:08:59] 
Subject 36: 40 windows | class_counts=[20, 20]
[2026-05-19 13:09:00] 
Fold 1/5 | subject=36
[2026-05-19 13:09:00]     Train: 32 | Test: 8 | Strategy: new
[2026-05-19 13:09:00]     Result | best_epoch=1 | stop=16 | acc=0.2500 | bal_acc=0.2500 | collapse=False
[2026-05-19 13:09:00]     Spatial update | delta_l2=0.00538496 | relative_delta=0.00460816 | changed=True
[2026-05-19 13:09:01] 
Fold 2/5 | subject=36
[2026-05-19 13:09:01]     Train: 32 | Test: 8 | Strategy: new
[2026-05-19 13:09:02]     Result | best_epoch=49 | stop=64 | acc=0.5000 | bal_acc=0.5000 | collapse=False
[2026-05-19 13:09:02]     Spatial update | delta_l2=0.14514217 | relative_delta=0.12420478 | changed=True
[2026-05-19 13:09:02] 
Fold 3/5 | subject=36
[2026-05-19 13:09:02]     Train: 32 | Test: 8 | Strategy: new
[2026-05-19 13:09:03]     Result | best_epoch=1 | stop=16 | acc=0.2500 | bal_acc=0.2500 | collapse=False
[2026-05-19 13:09:03]     Spatial update | delta_l2=0.00538505 | relative_delta=0.00460824 | changed=True
[2026-05-19 13:09:03] 
Fold 4/5 | subject=36
[2026-05-19 13:09:03]     Train: 32 | Test: 8 | Strategy: new
[2026-05-19 13:09:05]     Result | best_epoch=70 | stop=85 | acc=0.2500 | bal_acc=0.2500 | collapse=False
[2026-05-19 13:09:05]     Spatial update | delta_l2=0.15452415 | relative_delta=0.13223337 | changed=True
[2026-05-19 13:09:05] 
Fold 5/5 | subject=36
[2026-05-19 13:09:05]     Train: 32 | Test: 8 | Strategy: new
[2026-05-19 13:09:05]     Result | best_epoch=1 | stop=16 | acc=0.2500 | bal_acc=0.2500 | collapse=False
[2026-05-19 13:09:05]     Spatial update | delta_l2=0.00538477 | relative_delta=0.00460799 | changed=True
[2026-05-19 13:09:05]   Subject 36: acc=0.3000±0.1000  bal_acc=0.3000±0.1000
[2026-05-19 13:09:05] 
Subject 37: 40 windows | class_counts=[20, 20]
[2026-05-19 13:09:06] 
Fold 1/5 | subject=37
[2026-05-19 13:09:06]     Train: 32 | Test: 8 | Strategy: new
[2026-05-19 13:09:08]     Result | best_epoch=92 | stop=100 | acc=0.2500 | bal_acc=0.2500 | collapse=False
[2026-05-19 13:09:08]     Spatial update | delta_l2=0.15937689 | relative_delta=0.13638608 | changed=True
[2026-05-19 13:09:08] 
Fold 2/5 | subject=37
[2026-05-19 13:09:08]     Train: 32 | Test: 8 | Strategy: new
[2026-05-19 13:09:09]     Result | best_epoch=1 | stop=16 | acc=0.7500 | bal_acc=0.7500 | collapse=False
[2026-05-19 13:09:09]     Spatial update | delta_l2=0.00538483 | relative_delta=0.00460804 | changed=True
[2026-05-19 13:09:09] 
Fold 3/5 | subject=37
[2026-05-19 13:09:09]     Train: 32 | Test: 8 | Strategy: new
[2026-05-19 13:09:11]     Result | best_epoch=94 | stop=100 | acc=0.6250 | bal_acc=0.6250 | collapse=False
[2026-05-19 13:09:11]     Spatial update | delta_l2=0.14804916 | relative_delta=0.12669243 | changed=True
[2026-05-19 13:09:11] 
Fold 4/5 | subject=37
[2026-05-19 13:09:11]     Train: 32 | Test: 8 | Strategy: new
[2026-05-19 13:09:12]     Result | best_epoch=1 | stop=16 | acc=0.3750 | bal_acc=0.3750 | collapse=False
[2026-05-19 13:09:12]     Spatial update | delta_l2=0.00538476 | relative_delta=0.00460799 | changed=True
[2026-05-19 13:09:12] 
Fold 5/5 | subject=37
[2026-05-19 13:09:12]     Train: 32 | Test: 8 | Strategy: new
[2026-05-19 13:09:14]     Result | best_epoch=71 | stop=75 | acc=0.6250 | bal_acc=0.6250 | collapse=False
[2026-05-19 13:09:14]     Spatial update | delta_l2=0.14834284 | relative_delta=0.12694374 | changed=True
[2026-05-19 13:09:14]   Subject 37: acc=0.5250±0.1837  bal_acc=0.5250±0.1837
[2026-05-19 13:09:14] 
Subject 38: 40 windows | class_counts=[20, 20]
[2026-05-19 13:09:14] 
Fold 1/5 | subject=38
[2026-05-19 13:09:14]     Train: 32 | Test: 8 | Strategy: new
[2026-05-19 13:09:15]     Result | best_epoch=1 | stop=16 | acc=0.3750 | bal_acc=0.3750 | collapse=False
[2026-05-19 13:09:15]     Spatial update | delta_l2=0.00538497 | relative_delta=0.00460816 | changed=True
[2026-05-19 13:09:15] 
Fold 2/5 | subject=38
[2026-05-19 13:09:15]     Train: 32 | Test: 8 | Strategy: new
[2026-05-19 13:09:17]     Result | best_epoch=70 | stop=85 | acc=0.6250 | bal_acc=0.6250 | collapse=False
[2026-05-19 13:09:17]     Spatial update | delta_l2=0.15002205 | relative_delta=0.12838072 | changed=True
[2026-05-19 13:09:17] 
Fold 3/5 | subject=38
[2026-05-19 13:09:17]     Train: 32 | Test: 8 | Strategy: new
[2026-05-19 13:09:19]     Result | best_epoch=72 | stop=87 | acc=0.6250 | bal_acc=0.6250 | collapse=False
[2026-05-19 13:09:19]     Spatial update | delta_l2=0.17672526 | relative_delta=0.15123187 | changed=True
[2026-05-19 13:09:19] 
Fold 4/5 | subject=38
[2026-05-19 13:09:19]     Train: 32 | Test: 8 | Strategy: new
[2026-05-19 13:09:20]     Result | best_epoch=1 | stop=16 | acc=0.6250 | bal_acc=0.6250 | collapse=False
[2026-05-19 13:09:20]     Spatial update | delta_l2=0.00538487 | relative_delta=0.00460808 | changed=True
[2026-05-19 13:09:20] 
Fold 5/5 | subject=38
[2026-05-19 13:09:20]     Train: 32 | Test: 8 | Strategy: new
[2026-05-19 13:09:22]     Result | best_epoch=85 | stop=94 | acc=0.6250 | bal_acc=0.6250 | collapse=False
[2026-05-19 13:09:22]     Spatial update | delta_l2=0.17244668 | relative_delta=0.1475705 | changed=True
[2026-05-19 13:09:22]   Subject 38: acc=0.5750±0.1000  bal_acc=0.5750±0.1000
[2026-05-19 13:09:22] 
Subject 39: 40 windows | class_counts=[20, 20]
[2026-05-19 13:09:22] 
Fold 1/5 | subject=39
[2026-05-19 13:09:22]     Train: 32 | Test: 8 | Strategy: new
[2026-05-19 13:09:23]     Result | best_epoch=1 | stop=16 | acc=0.6250 | bal_acc=0.6250 | collapse=False
[2026-05-19 13:09:23]     Spatial update | delta_l2=0.00538486 | relative_delta=0.00460807 | changed=True
[2026-05-19 13:09:23] 
Fold 2/5 | subject=39
[2026-05-19 13:09:23]     Train: 32 | Test: 8 | Strategy: new
[2026-05-19 13:09:24]     Result | best_epoch=49 | stop=64 | acc=0.2500 | bal_acc=0.2500 | collapse=False
[2026-05-19 13:09:24]     Spatial update | delta_l2=0.11761017 | relative_delta=0.10064439 | changed=True
[2026-05-19 13:09:25] 
Fold 3/5 | subject=39
[2026-05-19 13:09:25]     Train: 32 | Test: 8 | Strategy: new
[2026-05-19 13:09:25]     Result | best_epoch=1 | stop=16 | acc=0.7500 | bal_acc=0.7500 | collapse=False
[2026-05-19 13:09:25]     Spatial update | delta_l2=0.00538503 | relative_delta=0.00460822 | changed=True
[2026-05-19 13:09:26] 
Fold 4/5 | subject=39
[2026-05-19 13:09:26]     Train: 32 | Test: 8 | Strategy: new
[2026-05-19 13:09:26]     Result | best_epoch=1 | stop=16 | acc=0.1250 | bal_acc=0.1250 | collapse=False
[2026-05-19 13:09:26]     Spatial update | delta_l2=0.005385 | relative_delta=0.00460819 | changed=True
[2026-05-19 13:09:26] 
Fold 5/5 | subject=39
[2026-05-19 13:09:26]     Train: 32 | Test: 8 | Strategy: new
[2026-05-19 13:09:28]     Result | best_epoch=46 | stop=61 | acc=0.3750 | bal_acc=0.3750 | collapse=False
[2026-05-19 13:09:28]     Spatial update | delta_l2=0.10876279 | relative_delta=0.09307328 | changed=True
[2026-05-19 13:09:28]   Subject 39: acc=0.4250±0.2318  bal_acc=0.4250±0.2318
[2026-05-19 13:09:28] 
Subject 40: 40 windows | class_counts=[20, 20]
[2026-05-19 13:09:28] 
Fold 1/5 | subject=40
[2026-05-19 13:09:28]     Train: 32 | Test: 8 | Strategy: new
[2026-05-19 13:09:28]     Result | best_epoch=1 | stop=16 | acc=0.5000 | bal_acc=0.5000 | collapse=False
[2026-05-19 13:09:28]     Spatial update | delta_l2=0.00538502 | relative_delta=0.00460821 | changed=True
[2026-05-19 13:09:29] 
Fold 2/5 | subject=40
[2026-05-19 13:09:29]     Train: 32 | Test: 8 | Strategy: new
[2026-05-19 13:09:30]     Result | best_epoch=70 | stop=85 | acc=0.6250 | bal_acc=0.6250 | collapse=False
[2026-05-19 13:09:30]     Spatial update | delta_l2=0.1288505 | relative_delta=0.11026326 | changed=True
[2026-05-19 13:09:31] 
Fold 3/5 | subject=40
[2026-05-19 13:09:31]     Train: 32 | Test: 8 | Strategy: new
[2026-05-19 13:09:31]     Result | best_epoch=2 | stop=17 | acc=0.3750 | bal_acc=0.3750 | collapse=False
[2026-05-19 13:09:31]     Spatial update | delta_l2=0.0096017 | relative_delta=0.00821662 | changed=True
[2026-05-19 13:09:32] 
Fold 4/5 | subject=40
[2026-05-19 13:09:32]     Train: 32 | Test: 8 | Strategy: new
[2026-05-19 13:09:34]     Result | best_epoch=93 | stop=100 | acc=0.3750 | bal_acc=0.3750 | collapse=False
[2026-05-19 13:09:34]     Spatial update | delta_l2=0.14132257 | relative_delta=0.12093618 | changed=True
[2026-05-19 13:09:34] 
Fold 5/5 | subject=40
[2026-05-19 13:09:34]     Train: 32 | Test: 8 | Strategy: new
[2026-05-19 13:09:36]     Result | best_epoch=85 | stop=100 | acc=0.5000 | bal_acc=0.5000 | collapse=False
[2026-05-19 13:09:36]     Spatial update | delta_l2=0.14610692 | relative_delta=0.12503036 | changed=True
[2026-05-19 13:09:36]   Subject 40: acc=0.4750±0.0935  bal_acc=0.4750±0.0935
[2026-05-19 13:09:36] 
Subject 41: 40 windows | class_counts=[20, 20]
[2026-05-19 13:09:36] 
Fold 1/5 | subject=41
[2026-05-19 13:09:36]     Train: 32 | Test: 8 | Strategy: new
[2026-05-19 13:09:37]     Result | best_epoch=17 | stop=27 | acc=0.5000 | bal_acc=0.5000 | collapse=False
[2026-05-19 13:09:37]     Spatial update | delta_l2=0.04075112 | relative_delta=0.03487259 | changed=True
[2026-05-19 13:09:37] 
Fold 2/5 | subject=41
[2026-05-19 13:09:37]     Train: 32 | Test: 8 | Strategy: new
[2026-05-19 13:09:38]     Result | best_epoch=1 | stop=16 | acc=0.7500 | bal_acc=0.7500 | collapse=False
[2026-05-19 13:09:38]     Spatial update | delta_l2=0.00538493 | relative_delta=0.00460813 | changed=True
[2026-05-19 13:09:38] 
Fold 3/5 | subject=41
[2026-05-19 13:09:38]     Train: 32 | Test: 8 | Strategy: new
[2026-05-19 13:09:39]     Result | best_epoch=1 | stop=16 | acc=0.3750 | bal_acc=0.3750 | collapse=False
[2026-05-19 13:09:39]     Spatial update | delta_l2=0.00538497 | relative_delta=0.00460817 | changed=True
[2026-05-19 13:09:39] 
Fold 4/5 | subject=41
[2026-05-19 13:09:39]     Train: 32 | Test: 8 | Strategy: new
[2026-05-19 13:09:41]     Result | best_epoch=94 | stop=100 | acc=0.7500 | bal_acc=0.7500 | collapse=False
[2026-05-19 13:09:41]     Spatial update | delta_l2=0.16115967 | relative_delta=0.13791169 | changed=True
[2026-05-19 13:09:41] 
Fold 5/5 | subject=41
[2026-05-19 13:09:41]     Train: 32 | Test: 8 | Strategy: new
[2026-05-19 13:09:43]     Result | best_epoch=90 | stop=100 | acc=0.5000 | bal_acc=0.5000 | collapse=False
[2026-05-19 13:09:43]     Spatial update | delta_l2=0.16440288 | relative_delta=0.14068705 | changed=True
[2026-05-19 13:09:43]   Subject 41: acc=0.5750±0.1500  bal_acc=0.5750±0.1500
[2026-05-19 13:09:43] 
Subject 42: 40 windows | class_counts=[20, 20]
[2026-05-19 13:09:44] 
Fold 1/5 | subject=42
[2026-05-19 13:09:44]     Train: 32 | Test: 8 | Strategy: new
[2026-05-19 13:09:46]     Result | best_epoch=96 | stop=100 | acc=0.5000 | bal_acc=0.5000 | collapse=True
[2026-05-19 13:09:46]     Spatial update | delta_l2=0.16621882 | relative_delta=0.14224103 | changed=True
[2026-05-19 13:09:46] 
Fold 2/5 | subject=42
[2026-05-19 13:09:46]     Train: 32 | Test: 8 | Strategy: new
[2026-05-19 13:09:48]     Result | best_epoch=71 | stop=86 | acc=0.5000 | bal_acc=0.5000 | collapse=False
[2026-05-19 13:09:48]     Spatial update | delta_l2=0.16901717 | relative_delta=0.14463571 | changed=True
[2026-05-19 13:09:48] 
Fold 3/5 | subject=42
[2026-05-19 13:09:48]     Train: 32 | Test: 8 | Strategy: new
[2026-05-19 13:09:50]     Result | best_epoch=96 | stop=100 | acc=0.7500 | bal_acc=0.7500 | collapse=False
[2026-05-19 13:09:50]     Spatial update | delta_l2=0.15955219 | relative_delta=0.13653609 | changed=True
[2026-05-19 13:09:50] 
Fold 4/5 | subject=42
[2026-05-19 13:09:50]     Train: 32 | Test: 8 | Strategy: new
[2026-05-19 13:09:52]     Result | best_epoch=96 | stop=97 | acc=0.8750 | bal_acc=0.8750 | collapse=False
[2026-05-19 13:09:52]     Spatial update | delta_l2=0.16406315 | relative_delta=0.14039633 | changed=True
[2026-05-19 13:09:53] 
Fold 5/5 | subject=42
[2026-05-19 13:09:53]     Train: 32 | Test: 8 | Strategy: new
[2026-05-19 13:09:53]     Result | best_epoch=1 | stop=16 | acc=0.3750 | bal_acc=0.3750 | collapse=False
[2026-05-19 13:09:53]     Spatial update | delta_l2=0.00538478 | relative_delta=0.004608 | changed=True
[2026-05-19 13:09:53]   Subject 42: acc=0.6000±0.1837  bal_acc=0.6000±0.1837
[2026-05-19 13:09:53] 
Subject 43: 40 windows | class_counts=[20, 20]
[2026-05-19 13:09:54] 
Fold 1/5 | subject=43
[2026-05-19 13:09:54]     Train: 32 | Test: 8 | Strategy: new
[2026-05-19 13:09:54]     Result | best_epoch=22 | stop=37 | acc=0.6250 | bal_acc=0.6250 | collapse=False
[2026-05-19 13:09:54]     Spatial update | delta_l2=0.07040574 | relative_delta=0.06024941 | changed=True
[2026-05-19 13:09:55] 
Fold 2/5 | subject=43
[2026-05-19 13:09:55]     Train: 32 | Test: 8 | Strategy: new
[2026-05-19 13:09:56]     Result | best_epoch=79 | stop=87 | acc=0.2500 | bal_acc=0.2500 | collapse=False
[2026-05-19 13:09:56]     Spatial update | delta_l2=0.15812341 | relative_delta=0.13531342 | changed=True
[2026-05-19 13:09:57] 
Fold 3/5 | subject=43
[2026-05-19 13:09:57]     Train: 32 | Test: 8 | Strategy: new
[2026-05-19 13:09:57]     Result | best_epoch=1 | stop=16 | acc=0.3750 | bal_acc=0.3750 | collapse=False
[2026-05-19 13:09:57]     Spatial update | delta_l2=0.00538479 | relative_delta=0.00460801 | changed=True
[2026-05-19 13:09:58] 
Fold 4/5 | subject=43
[2026-05-19 13:09:58]     Train: 32 | Test: 8 | Strategy: new
[2026-05-19 13:09:59]     Result | best_epoch=88 | stop=100 | acc=0.5000 | bal_acc=0.5000 | collapse=False
[2026-05-19 13:09:59]     Spatial update | delta_l2=0.17345622 | relative_delta=0.14843441 | changed=True
[2026-05-19 13:10:00] 
Fold 5/5 | subject=43
[2026-05-19 13:10:00]     Train: 32 | Test: 8 | Strategy: new
[2026-05-19 13:10:00]     Result | best_epoch=1 | stop=16 | acc=0.7500 | bal_acc=0.7500 | collapse=False
[2026-05-19 13:10:00]     Spatial update | delta_l2=0.00538401 | relative_delta=0.00460735 | changed=True
[2026-05-19 13:10:00]   Subject 43: acc=0.5000±0.1768  bal_acc=0.5000±0.1768
[2026-05-19 13:10:00] 
Subject 44: 40 windows | class_counts=[20, 20]
[2026-05-19 13:10:01] 
Fold 1/5 | subject=44
[2026-05-19 13:10:01]     Train: 32 | Test: 8 | Strategy: new
[2026-05-19 13:10:01]     Result | best_epoch=1 | stop=16 | acc=0.3750 | bal_acc=0.3750 | collapse=False
[2026-05-19 13:10:01]     Spatial update | delta_l2=0.00538497 | relative_delta=0.00460816 | changed=True
[2026-05-19 13:10:02] 
Fold 2/5 | subject=44
[2026-05-19 13:10:02]     Train: 32 | Test: 8 | Strategy: new
[2026-05-19 13:10:04]     Result | best_epoch=91 | stop=100 | acc=0.3750 | bal_acc=0.3750 | collapse=False
[2026-05-19 13:10:04]     Spatial update | delta_l2=0.17197783 | relative_delta=0.14716928 | changed=True
[2026-05-19 13:10:04] 
Fold 3/5 | subject=44
[2026-05-19 13:10:04]     Train: 32 | Test: 8 | Strategy: new
[2026-05-19 13:10:05]     Result | best_epoch=64 | stop=79 | acc=0.5000 | bal_acc=0.5000 | collapse=False
[2026-05-19 13:10:05]     Spatial update | delta_l2=0.16244239 | relative_delta=0.13900937 | changed=True
[2026-05-19 13:10:06] 
Fold 4/5 | subject=44
[2026-05-19 13:10:06]     Train: 32 | Test: 8 | Strategy: new
[2026-05-19 13:10:06]     Result | best_epoch=1 | stop=16 | acc=0.6250 | bal_acc=0.6250 | collapse=False
[2026-05-19 13:10:06]     Spatial update | delta_l2=0.00538496 | relative_delta=0.00460815 | changed=True
[2026-05-19 13:10:07] 
Fold 5/5 | subject=44
[2026-05-19 13:10:07]     Train: 32 | Test: 8 | Strategy: new
[2026-05-19 13:10:07]     Result | best_epoch=1 | stop=16 | acc=0.7500 | bal_acc=0.7500 | collapse=False
[2026-05-19 13:10:07]     Spatial update | delta_l2=0.00538502 | relative_delta=0.00460821 | changed=True
[2026-05-19 13:10:07]   Subject 44: acc=0.5250±0.1458  bal_acc=0.5250±0.1458
[2026-05-19 13:10:07] 
Subject 45: 40 windows | class_counts=[20, 20]
[2026-05-19 13:10:08] 
Fold 1/5 | subject=45
[2026-05-19 13:10:08]     Train: 32 | Test: 8 | Strategy: new
[2026-05-19 13:10:08]     Result | best_epoch=1 | stop=16 | acc=0.3750 | bal_acc=0.3750 | collapse=False
[2026-05-19 13:10:08]     Spatial update | delta_l2=0.00538501 | relative_delta=0.0046082 | changed=True
[2026-05-19 13:10:09] 
Fold 2/5 | subject=45
[2026-05-19 13:10:09]     Train: 32 | Test: 8 | Strategy: new
[2026-05-19 13:10:09]     Result | best_epoch=1 | stop=16 | acc=0.3750 | bal_acc=0.3750 | collapse=False
[2026-05-19 13:10:09]     Spatial update | delta_l2=0.00538492 | relative_delta=0.00460812 | changed=True
[2026-05-19 13:10:10] 
Fold 3/5 | subject=45
[2026-05-19 13:10:10]     Train: 32 | Test: 8 | Strategy: new
[2026-05-19 13:10:10]     Result | best_epoch=1 | stop=16 | acc=0.2500 | bal_acc=0.2500 | collapse=False
[2026-05-19 13:10:10]     Spatial update | delta_l2=0.00538499 | relative_delta=0.00460818 | changed=True
[2026-05-19 13:10:10] 
Fold 4/5 | subject=45
[2026-05-19 13:10:10]     Train: 32 | Test: 8 | Strategy: new
[2026-05-19 13:10:11]     Result | best_epoch=1 | stop=16 | acc=0.2500 | bal_acc=0.2500 | collapse=False
[2026-05-19 13:10:11]     Spatial update | delta_l2=0.00538504 | relative_delta=0.00460823 | changed=True
[2026-05-19 13:10:11] 
Fold 5/5 | subject=45
[2026-05-19 13:10:11]     Train: 32 | Test: 8 | Strategy: new
[2026-05-19 13:10:12]     Result | best_epoch=1 | stop=16 | acc=0.7500 | bal_acc=0.7500 | collapse=False
[2026-05-19 13:10:12]     Spatial update | delta_l2=0.00538501 | relative_delta=0.0046082 | changed=True
[2026-05-19 13:10:12]   Subject 45: acc=0.4000±0.1837  bal_acc=0.4000±0.1837
[2026-05-19 13:10:12] 
Subject 46: 40 windows | class_counts=[20, 20]
[2026-05-19 13:10:12] 
Fold 1/5 | subject=46
[2026-05-19 13:10:12]     Train: 32 | Test: 8 | Strategy: new
[2026-05-19 13:10:14]     Result | best_epoch=82 | stop=86 | acc=0.5000 | bal_acc=0.5000 | collapse=False
[2026-05-19 13:10:14]     Spatial update | delta_l2=0.17252771 | relative_delta=0.14763983 | changed=True
[2026-05-19 13:10:14] 
Fold 2/5 | subject=46
[2026-05-19 13:10:14]     Train: 32 | Test: 8 | Strategy: new
[2026-05-19 13:10:15]     Result | best_epoch=22 | stop=34 | acc=0.5000 | bal_acc=0.5000 | collapse=False
[2026-05-19 13:10:15]     Spatial update | delta_l2=0.06655614 | relative_delta=0.05695512 | changed=True
[2026-05-19 13:10:15] 
Fold 3/5 | subject=46
[2026-05-19 13:10:15]     Train: 32 | Test: 8 | Strategy: new
[2026-05-19 13:10:17]     Result | best_epoch=89 | stop=100 | acc=0.7500 | bal_acc=0.7500 | collapse=False
[2026-05-19 13:10:17]     Spatial update | delta_l2=0.1637241 | relative_delta=0.14010618 | changed=True
[2026-05-19 13:10:18] 
Fold 4/5 | subject=46
[2026-05-19 13:10:18]     Train: 32 | Test: 8 | Strategy: new
[2026-05-19 13:10:18]     Result | best_epoch=1 | stop=16 | acc=0.5000 | bal_acc=0.5000 | collapse=False
[2026-05-19 13:10:18]     Spatial update | delta_l2=0.00538484 | relative_delta=0.00460805 | changed=True
[2026-05-19 13:10:19] 
Fold 5/5 | subject=46
[2026-05-19 13:10:19]     Train: 32 | Test: 8 | Strategy: new
[2026-05-19 13:10:19]     Result | best_epoch=1 | stop=16 | acc=0.2500 | bal_acc=0.2500 | collapse=False
[2026-05-19 13:10:19]     Spatial update | delta_l2=0.00538497 | relative_delta=0.00460816 | changed=True
[2026-05-19 13:10:19]   Subject 46: acc=0.5000±0.1581  bal_acc=0.5000±0.1581
[2026-05-19 13:10:19] 
Subject 47: 40 windows | class_counts=[20, 20]
[2026-05-19 13:10:20] 
Fold 1/5 | subject=47
[2026-05-19 13:10:20]     Train: 32 | Test: 8 | Strategy: new
[2026-05-19 13:10:21]     Result | best_epoch=69 | stop=84 | acc=0.2500 | bal_acc=0.2500 | collapse=False
[2026-05-19 13:10:21]     Spatial update | delta_l2=0.17359805 | relative_delta=0.14855578 | changed=True
[2026-05-19 13:10:22] 
Fold 2/5 | subject=47
[2026-05-19 13:10:22]     Train: 32 | Test: 8 | Strategy: new
[2026-05-19 13:10:22]     Result | best_epoch=1 | stop=16 | acc=0.6250 | bal_acc=0.6250 | collapse=False
[2026-05-19 13:10:22]     Spatial update | delta_l2=0.00538287 | relative_delta=0.00460636 | changed=True
[2026-05-19 13:10:22] 
Fold 3/5 | subject=47
[2026-05-19 13:10:22]     Train: 32 | Test: 8 | Strategy: new
[2026-05-19 13:10:23]     Result | best_epoch=2 | stop=16 | acc=0.3750 | bal_acc=0.3750 | collapse=False
[2026-05-19 13:10:23]     Spatial update | delta_l2=0.005385 | relative_delta=0.00460819 | changed=True
[2026-05-19 13:10:23] 
Fold 4/5 | subject=47
[2026-05-19 13:10:23]     Train: 32 | Test: 8 | Strategy: new
[2026-05-19 13:10:24]     Result | best_epoch=2 | stop=17 | acc=0.3750 | bal_acc=0.3750 | collapse=False
[2026-05-19 13:10:24]     Spatial update | delta_l2=0.00956982 | relative_delta=0.00818933 | changed=True
[2026-05-19 13:10:24] 
Fold 5/5 | subject=47
[2026-05-19 13:10:24]     Train: 32 | Test: 8 | Strategy: new
[2026-05-19 13:10:24]     Result | best_epoch=1 | stop=16 | acc=0.6250 | bal_acc=0.6250 | collapse=False
[2026-05-19 13:10:24]     Spatial update | delta_l2=0.00538488 | relative_delta=0.00460809 | changed=True
[2026-05-19 13:10:24]   Subject 47: acc=0.4500±0.1500  bal_acc=0.4500±0.1500
[2026-05-19 13:10:24] 
Subject 48: 40 windows | class_counts=[20, 20]
[2026-05-19 13:10:25] 
Fold 1/5 | subject=48
[2026-05-19 13:10:25]     Train: 32 | Test: 8 | Strategy: new
[2026-05-19 13:10:26]     Result | best_epoch=64 | stop=79 | acc=0.6250 | bal_acc=0.6250 | collapse=False
[2026-05-19 13:10:26]     Spatial update | delta_l2=0.16036015 | relative_delta=0.1372275 | changed=True
[2026-05-19 13:10:27] 
Fold 2/5 | subject=48
[2026-05-19 13:10:27]     Train: 32 | Test: 8 | Strategy: new
[2026-05-19 13:10:27]     Result | best_epoch=6 | stop=16 | acc=0.7500 | bal_acc=0.7500 | collapse=False
[2026-05-19 13:10:27]     Spatial update | delta_l2=0.00538491 | relative_delta=0.00460811 | changed=True
[2026-05-19 13:10:28] 
Fold 3/5 | subject=48
[2026-05-19 13:10:28]     Train: 32 | Test: 8 | Strategy: new
[2026-05-19 13:10:29]     Result | best_epoch=73 | stop=88 | acc=0.3750 | bal_acc=0.3750 | collapse=False
[2026-05-19 13:10:29]     Spatial update | delta_l2=0.17310608 | relative_delta=0.14813477 | changed=True
[2026-05-19 13:10:30] 
Fold 4/5 | subject=48
[2026-05-19 13:10:30]     Train: 32 | Test: 8 | Strategy: new
[2026-05-19 13:10:30]     Result | best_epoch=1 | stop=16 | acc=0.3750 | bal_acc=0.3750 | collapse=False
[2026-05-19 13:10:30]     Spatial update | delta_l2=0.00538365 | relative_delta=0.00460704 | changed=True
[2026-05-19 13:10:31] 
Fold 5/5 | subject=48
[2026-05-19 13:10:31]     Train: 32 | Test: 8 | Strategy: new
[2026-05-19 13:10:32]     Result | best_epoch=46 | stop=49 | acc=0.6250 | bal_acc=0.6250 | collapse=False
[2026-05-19 13:10:32]     Spatial update | delta_l2=0.10344523 | relative_delta=0.0885228 | changed=True
[2026-05-19 13:10:32]   Subject 48: acc=0.5500±0.1500  bal_acc=0.5500±0.1500
[2026-05-19 13:10:32] 
Subject 49: 40 windows | class_counts=[20, 20]
[2026-05-19 13:10:32] 
Fold 1/5 | subject=49
[2026-05-19 13:10:32]     Train: 32 | Test: 8 | Strategy: new
[2026-05-19 13:10:33]     Result | best_epoch=1 | stop=16 | acc=0.3750 | bal_acc=0.3750 | collapse=False
[2026-05-19 13:10:33]     Spatial update | delta_l2=0.00538502 | relative_delta=0.00460821 | changed=True
[2026-05-19 13:10:33] 
Fold 2/5 | subject=49
[2026-05-19 13:10:33]     Train: 32 | Test: 8 | Strategy: new
[2026-05-19 13:10:34]     Result | best_epoch=65 | stop=78 | acc=0.5000 | bal_acc=0.5000 | collapse=True
[2026-05-19 13:10:34]     Spatial update | delta_l2=0.16367111 | relative_delta=0.14006084 | changed=True
[2026-05-19 13:10:35] 
Fold 3/5 | subject=49
[2026-05-19 13:10:35]     Train: 32 | Test: 8 | Strategy: new
[2026-05-19 13:10:35]     Result | best_epoch=1 | stop=16 | acc=0.3750 | bal_acc=0.3750 | collapse=False
[2026-05-19 13:10:35]     Spatial update | delta_l2=0.00538491 | relative_delta=0.00460811 | changed=True
[2026-05-19 13:10:36] 
Fold 4/5 | subject=49
[2026-05-19 13:10:36]     Train: 32 | Test: 8 | Strategy: new
[2026-05-19 13:10:36]     Result | best_epoch=1 | stop=16 | acc=0.6250 | bal_acc=0.6250 | collapse=False
[2026-05-19 13:10:36]     Spatial update | delta_l2=0.005385 | relative_delta=0.00460819 | changed=True
[2026-05-19 13:10:37] 
Fold 5/5 | subject=49
[2026-05-19 13:10:37]     Train: 32 | Test: 8 | Strategy: new
[2026-05-19 13:10:37]     Result | best_epoch=1 | stop=16 | acc=0.5000 | bal_acc=0.5000 | collapse=False
[2026-05-19 13:10:37]     Spatial update | delta_l2=0.00538504 | relative_delta=0.00460822 | changed=True
[2026-05-19 13:10:37]   Subject 49: acc=0.4750±0.0935  bal_acc=0.4750±0.0935
[2026-05-19 13:10:37] 
Subject 50: 40 windows | class_counts=[20, 20]
[2026-05-19 13:10:38] 
Fold 1/5 | subject=50
[2026-05-19 13:10:38]     Train: 32 | Test: 8 | Strategy: new
[2026-05-19 13:10:38]     Result | best_epoch=1 | stop=16 | acc=0.5000 | bal_acc=0.5000 | collapse=False
[2026-05-19 13:10:38]     Spatial update | delta_l2=0.00538501 | relative_delta=0.0046082 | changed=True
[2026-05-19 13:10:38] 
Fold 2/5 | subject=50
[2026-05-19 13:10:38]     Train: 32 | Test: 8 | Strategy: new
[2026-05-19 13:10:40]     Result | best_epoch=86 | stop=96 | acc=0.3750 | bal_acc=0.3750 | collapse=False
[2026-05-19 13:10:40]     Spatial update | delta_l2=0.1598106 | relative_delta=0.13675723 | changed=True
[2026-05-19 13:10:41] 
Fold 3/5 | subject=50
[2026-05-19 13:10:41]     Train: 32 | Test: 8 | Strategy: new
[2026-05-19 13:10:41]     Result | best_epoch=1 | stop=16 | acc=0.3750 | bal_acc=0.3750 | collapse=False
[2026-05-19 13:10:41]     Spatial update | delta_l2=0.00538492 | relative_delta=0.00460812 | changed=True
[2026-05-19 13:10:42] 
Fold 4/5 | subject=50
[2026-05-19 13:10:42]     Train: 32 | Test: 8 | Strategy: new
[2026-05-19 13:10:42]     Result | best_epoch=1 | stop=16 | acc=0.3750 | bal_acc=0.3750 | collapse=False
[2026-05-19 13:10:42]     Spatial update | delta_l2=0.00538476 | relative_delta=0.00460799 | changed=True
[2026-05-19 13:10:43] 
Fold 5/5 | subject=50
[2026-05-19 13:10:43]     Train: 32 | Test: 8 | Strategy: new
[2026-05-19 13:10:44]     Result | best_epoch=1 | stop=16 | acc=0.2500 | bal_acc=0.2500 | collapse=False
[2026-05-19 13:10:44]     Spatial update | delta_l2=0.00538343 | relative_delta=0.00460685 | changed=True
[2026-05-19 13:10:44]   Subject 50: acc=0.3750±0.0791  bal_acc=0.3750±0.0791
[2026-05-19 13:10:44] 
======================================================================
[2026-05-19 13:10:44] AGGREGATED RESULTS
[2026-05-19 13:10:44] ======================================================================
[2026-05-19 13:10:44]   1: acc=0.4250±0.1000  bal_acc=0.4250±0.1000
[2026-05-19 13:10:44]   2: acc=0.6250±0.0000  bal_acc=0.6250±0.0000
[2026-05-19 13:10:44]   3: acc=0.5000±0.1369  bal_acc=0.5000±0.1369
[2026-05-19 13:10:44]   4: acc=0.6500±0.1658  bal_acc=0.6500±0.1658
[2026-05-19 13:10:44]   5: acc=0.5000±0.1581  bal_acc=0.5000±0.1581
[2026-05-19 13:10:44]   6: acc=0.5000±0.0791  bal_acc=0.5000±0.0791
[2026-05-19 13:10:44]   7: acc=0.4250±0.1275  bal_acc=0.4250±0.1275
[2026-05-19 13:10:44]   8: acc=0.7250±0.0935  bal_acc=0.7250±0.0935
[2026-05-19 13:10:44]   9: acc=0.6000±0.1225  bal_acc=0.6000±0.1225
[2026-05-19 13:10:44]   10: acc=0.4500±0.0612  bal_acc=0.4500±0.0612
[2026-05-19 13:10:44]   11: acc=0.4250±0.1871  bal_acc=0.4250±0.1871
[2026-05-19 13:10:44]   12: acc=0.5500±0.2318  bal_acc=0.5500±0.2318
[2026-05-19 13:10:44]   13: acc=0.6250±0.1768  bal_acc=0.6250±0.1768
[2026-05-19 13:10:44]   14: acc=0.5500±0.2318  bal_acc=0.5500±0.2318
[2026-05-19 13:10:44]   15: acc=0.4250±0.2318  bal_acc=0.4250±0.2318
[2026-05-19 13:10:44]   16: acc=0.5750±0.1275  bal_acc=0.5750±0.1275
[2026-05-19 13:10:44]   17: acc=0.5250±0.1458  bal_acc=0.5250±0.1458
[2026-05-19 13:10:44]   18: acc=0.7250±0.1225  bal_acc=0.7250±0.1225
[2026-05-19 13:10:44]   19: acc=0.4750±0.2151  bal_acc=0.4750±0.2151
[2026-05-19 13:10:44]   20: acc=0.7250±0.0935  bal_acc=0.7250±0.0935
[2026-05-19 13:10:44]   21: acc=0.4000±0.0935  bal_acc=0.4000±0.0935
[2026-05-19 13:10:44]   22: acc=0.4500±0.1000  bal_acc=0.4500±0.1000
[2026-05-19 13:10:44]   23: acc=0.5250±0.1658  bal_acc=0.5250±0.1658
[2026-05-19 13:10:44]   24: acc=0.5500±0.1871  bal_acc=0.5500±0.1871
[2026-05-19 13:10:44]   25: acc=0.6000±0.1458  bal_acc=0.6000±0.1458
[2026-05-19 13:10:44]   26: acc=0.4750±0.0500  bal_acc=0.4750±0.0500
[2026-05-19 13:10:44]   27: acc=0.5250±0.2151  bal_acc=0.5250±0.2151
[2026-05-19 13:10:44]   28: acc=0.5250±0.0935  bal_acc=0.5250±0.0935
[2026-05-19 13:10:44]   29: acc=0.4500±0.1871  bal_acc=0.4500±0.1871
[2026-05-19 13:10:44]   30: acc=0.6500±0.0500  bal_acc=0.6500±0.0500
[2026-05-19 13:10:44]   31: acc=0.4500±0.0612  bal_acc=0.4500±0.0612
[2026-05-19 13:10:44]   32: acc=0.5750±0.1275  bal_acc=0.5750±0.1275
[2026-05-19 13:10:44]   33: acc=0.6000±0.2000  bal_acc=0.6000±0.2000
[2026-05-19 13:10:44]   34: acc=0.8000±0.1000  bal_acc=0.8000±0.1000
[2026-05-19 13:10:44]   35: acc=0.5750±0.1500  bal_acc=0.5750±0.1500
[2026-05-19 13:10:44]   36: acc=0.3000±0.1000  bal_acc=0.3000±0.1000
[2026-05-19 13:10:44]   37: acc=0.5250±0.1837  bal_acc=0.5250±0.1837
[2026-05-19 13:10:44]   38: acc=0.5750±0.1000  bal_acc=0.5750±0.1000
[2026-05-19 13:10:44]   39: acc=0.4250±0.2318  bal_acc=0.4250±0.2318
[2026-05-19 13:10:44]   40: acc=0.4750±0.0935  bal_acc=0.4750±0.0935
[2026-05-19 13:10:44]   41: acc=0.5750±0.1500  bal_acc=0.5750±0.1500
[2026-05-19 13:10:44]   42: acc=0.6000±0.1837  bal_acc=0.6000±0.1837
[2026-05-19 13:10:44]   43: acc=0.5000±0.1768  bal_acc=0.5000±0.1768
[2026-05-19 13:10:44]   44: acc=0.5250±0.1458  bal_acc=0.5250±0.1458
[2026-05-19 13:10:44]   45: acc=0.4000±0.1837  bal_acc=0.4000±0.1837
[2026-05-19 13:10:44]   46: acc=0.5000±0.1581  bal_acc=0.5000±0.1581
[2026-05-19 13:10:44]   47: acc=0.4500±0.1500  bal_acc=0.4500±0.1500
[2026-05-19 13:10:44]   48: acc=0.5500±0.1500  bal_acc=0.5500±0.1500
[2026-05-19 13:10:44]   49: acc=0.4750±0.0935  bal_acc=0.4750±0.0935
[2026-05-19 13:10:44]   50: acc=0.3750±0.0791  bal_acc=0.3750±0.0791
[2026-05-19 13:10:44] ----------------------------------------------------------------------
[2026-05-19 13:10:44]   OVERALL: acc=0.5280±0.1777  bal_acc=0.5280±0.1777
[2026-05-19 13:10:44] CV results saved to: /Users/vadim/Documents/School/Spring 2026/CSCE A698 Individual Research/EEG_JEPA/artifacts/liu2024-source-mat-sjepa-prelocal/Liu2024_SourceMAT/20260519_1304_0ab59bc8/cv_results.json
