[2026-06-19 02:01:17] ======================================================================
[2026-06-19 02:01:17] Experiment: PV2_honest_fgmdm_full
[2026-06-19 02:01:17] Note:       paper 19x7 + LTSA + LDA; leaky+honest; FgMDM on covariance (no LTSA reading)
[2026-06-19 02:01:17] Run ID:     20260619_0201_2a456860
[2026-06-19 02:01:17] Artifacts:  /home/vegorov/Repos/eeg_jepa_research/artifacts/liu2024-twfb-dgfmdm-paper-faithful-v2/20260619_0201_2a456860
[2026-06-19 02:01:17] Cov cache:  /home/vegorov/Repos/eeg_jepa_research/artifacts/covariance_cache/cov_90b378e769  (mode=auto, sig=90b378e769)
[2026-06-19 02:01:17] ======================================================================
[2026-06-19 02:01:18] Loader defined.
[2026-06-19 02:01:18] Covariance builder + cache I/O defined.
[2026-06-19 02:01:18] Paper pipeline (TangentSpace -> LTSA -> LDA) + leaky/honest protocols defined.
[2026-06-19 02:01:18] using source root: /home/vegorov/Repos/eeg_jepa_research/liu2024_data/liu2024_figshare/sourcedata  (50 subjects)
[2026-06-19 02:01:18] ======================================================================
[2026-06-19 02:12:27]   sub-01 [cache   ]: twfb_leaky= 85.0  twfb_honest= 45.0   (669.6s)
[2026-06-19 02:23:36]   sub-02 [cache   ]: twfb_leaky= 75.0  twfb_honest= 43.8   (1338.6s)
[2026-06-19 02:34:46]   sub-03 [cache   ]: twfb_leaky= 77.5  twfb_honest= 61.3   (2008.7s)
[2026-06-19 02:45:55]   sub-04 [cache   ]: twfb_leaky= 78.8  twfb_honest= 52.5   (2677.8s)
[2026-06-19 02:57:05]   sub-05 [cache   ]: twfb_leaky= 83.8  twfb_honest= 47.5   (3347.7s)
[2026-06-19 03:08:16]   sub-06 [cache   ]: twfb_leaky= 76.2  twfb_honest= 51.2   (4018.4s)
[2026-06-19 03:19:28]   sub-07 [cache   ]: twfb_leaky= 82.5  twfb_honest= 52.5   (4690.1s)
[2026-06-19 03:30:38]   sub-08 [cache   ]: twfb_leaky= 78.8  twfb_honest= 51.2   (5360.9s)
[2026-06-19 03:41:50]   sub-09 [cache   ]: twfb_leaky= 78.8  twfb_honest= 50.0   (6032.0s)
[2026-06-19 03:52:59]   sub-10 [cache   ]: twfb_leaky= 80.0  twfb_honest= 47.5   (6701.6s)
[2026-06-19 04:04:10]   sub-11 [cache   ]: twfb_leaky= 76.2  twfb_honest= 51.2   (7372.3s)
[2026-06-19 04:15:21]   sub-12 [cache   ]: twfb_leaky= 76.2  twfb_honest= 47.5   (8043.3s)
[2026-06-19 04:26:30]   sub-13 [cache   ]: twfb_leaky= 82.5  twfb_honest= 47.5   (8712.3s)
[2026-06-19 04:37:41]   sub-14 [cache   ]: twfb_leaky= 76.2  twfb_honest= 45.0   (9383.4s)
[2026-06-19 04:48:51]   sub-15 [cache   ]: twfb_leaky= 77.5  twfb_honest= 55.0   (10053.1s)
[2026-06-19 05:00:02]   sub-16 [cache   ]: twfb_leaky= 75.0  twfb_honest= 50.0   (10724.1s)
[2026-06-19 05:11:13]   sub-17 [cache   ]: twfb_leaky= 77.5  twfb_honest= 45.0   (11395.0s)
[2026-06-19 05:22:23]   sub-18 [cache   ]: twfb_leaky= 83.8  twfb_honest= 63.7   (12065.5s)
[2026-06-19 05:33:33]   sub-19 [cache   ]: twfb_leaky= 75.0  twfb_honest= 42.5   (12735.5s)
[2026-06-19 05:44:43]   sub-20 [cache   ]: twfb_leaky= 95.0  twfb_honest= 70.0   (13405.6s)
[2026-06-19 05:55:54]   sub-21 [cache   ]: twfb_leaky= 75.0  twfb_honest= 42.5   (14076.2s)
[2026-06-19 06:07:04]   sub-22 [cache   ]: twfb_leaky= 83.8  twfb_honest= 57.5   (14746.7s)
[2026-06-19 06:18:16]   sub-23 [cache   ]: twfb_leaky= 85.0  twfb_honest= 63.7   (15418.3s)
[2026-06-19 06:29:23]   sub-24 [cache   ]: twfb_leaky= 72.5  twfb_honest= 36.2   (16085.3s)
[2026-06-19 06:40:32]   sub-25 [cache   ]: twfb_leaky= 81.2  twfb_honest= 47.5   (16754.9s)
[2026-06-19 06:51:40]   sub-26 [cache   ]: twfb_leaky= 81.2  twfb_honest= 50.0   (17422.8s)
[2026-06-19 07:02:51]   sub-27 [cache   ]: twfb_leaky= 77.5  twfb_honest= 48.8   (18093.8s)
[2026-06-19 07:14:01]   sub-28 [cache   ]: twfb_leaky= 80.0  twfb_honest= 47.5   (18763.9s)
[2026-06-19 07:25:12]   sub-29 [cache   ]: twfb_leaky= 77.5  twfb_honest= 61.3   (19434.7s)
[2026-06-19 07:36:23]   sub-30 [cache   ]: twfb_leaky= 82.5  twfb_honest= 53.8   (20105.7s)
[2026-06-19 07:47:35]   sub-31 [cache   ]: twfb_leaky= 77.5  twfb_honest= 57.5   (20777.1s)
[2026-06-19 07:58:46]   sub-32 [cache   ]: twfb_leaky= 78.8  twfb_honest= 52.5   (21448.9s)
[2026-06-19 08:09:57]   sub-33 [cache   ]: twfb_leaky= 77.5  twfb_honest= 50.0   (22119.9s)
[2026-06-19 08:21:06]   sub-34 [cache   ]: twfb_leaky= 72.5  twfb_honest= 48.8   (22788.3s)
[2026-06-19 08:32:14]   sub-35 [cache   ]: twfb_leaky= 77.5  twfb_honest= 50.0   (23456.9s)
[2026-06-19 08:43:24]   sub-36 [cache   ]: twfb_leaky= 80.0  twfb_honest= 55.0   (24126.6s)
[2026-06-19 08:54:33]   sub-37 [cache   ]: twfb_leaky= 85.0  twfb_honest= 52.5   (24795.6s)
[2026-06-19 09:05:45]   sub-38 [cache   ]: twfb_leaky= 81.2  twfb_honest= 47.5   (25467.2s)
[2026-06-19 09:16:53]   sub-39 [cache   ]: twfb_leaky= 73.8  twfb_honest= 53.8   (26135.6s)
[2026-06-19 09:28:04]   sub-40 [cache   ]: twfb_leaky= 81.2  twfb_honest= 60.0   (26806.3s)
[2026-06-19 09:39:14]   sub-41 [cache   ]: twfb_leaky= 82.5  twfb_honest= 48.8   (27476.3s)
[2026-06-19 09:50:26]   sub-42 [cache   ]: twfb_leaky= 82.5  twfb_honest= 58.8   (28148.3s)
[2026-06-19 10:01:35]   sub-43 [cache   ]: twfb_leaky= 78.8  twfb_honest= 43.8   (28817.2s)
[2026-06-19 10:12:43]   sub-44 [cache   ]: twfb_leaky= 82.5  twfb_honest= 52.5   (29485.4s)
[2026-06-19 10:23:53]   sub-45 [cache   ]: twfb_leaky= 83.8  twfb_honest= 57.5   (30155.2s)
[2026-06-19 10:35:03]   sub-46 [cache   ]: twfb_leaky= 82.5  twfb_honest= 63.7   (30825.8s)
[2026-06-19 10:46:13]   sub-47 [cache   ]: twfb_leaky= 77.5  twfb_honest= 51.2   (31495.1s)
[2026-06-19 10:57:23]   sub-48 [cache   ]: twfb_leaky= 77.5  twfb_honest= 40.0   (32165.1s)
[2026-06-19 11:08:32]   sub-49 [cache   ]: twfb_leaky= 82.5  twfb_honest= 58.8   (32834.4s)
[2026-06-19 11:19:41]   sub-50 [cache   ]: twfb_leaky= 81.2  twfb_honest= 48.8   (33503.8s)
[2026-06-19 11:19:41] ======================================================================
[2026-06-19 11:19:41] cov source: 50 from cache, 0 computed
[2026-06-19 11:19:41] ======================================================================
[2026-06-19 11:19:41] Paper-faithful TWFB-DGFMDM + LTSA — Liu2024, n=50  [clf=fgmdm use_ltsa=True]
[2026-06-19 11:19:41]   Paper TWFB+LTSA (leaky max-on-test)         : 79.68%  ± 4.01
[2026-06-19 11:19:41]   Paper TWFB+LTSA honest nested-CV (bal.acc)  : 51.60%  ± 6.75
[2026-06-19 11:19:41]   Liu2024 Table 4 TWFB+DGFMDRM (reported)     : 72.21%
[2026-06-19 11:19:41]   >>> LEAKAGE GAP (leaky - honest): 28.1 pts
[2026-06-19 11:19:41]   honest vs chance: mean=51.60%  wilcoxon p=0.203  (25/50 > 0.5)
[2026-06-19 11:19:41] ======================================================================
[2026-06-19 11:19:42] Saved subject_results.csv, summary.json, global_metrics.json, subject_metrics.json, run_metadata.json + PNG
[2026-06-19 11:19:42] Artifacts: /home/vegorov/Repos/eeg_jepa_research/artifacts/liu2024-twfb-dgfmdm-paper-faithful-v2/20260619_0201_2a456860
