[2026-06-17 23:59:28] ======================================================================
[2026-06-17 23:59:28] Experiment: B_twfb_canonical_fast
[2026-06-17 23:59:28] Note:       fast sanity: 3 windows x 3 bands, FgMDM
[2026-06-17 23:59:28] Run ID:     20260617_2359_7c295dbb
[2026-06-17 23:59:28] Artifacts:  ../../artifacts/liu2024_twfb_dgfmdm_sjepa_hybrid/20260617_2359_7c295dbb
[2026-06-17 23:59:28] Device:     cpu | seed=2026
[2026-06-17 23:59:28] ======================================================================
[2026-06-17 23:59:28] N channels: 29 | first 5: ['Fp1', 'Fp2', 'Fz', 'F3', 'F4']
[2026-06-17 23:59:28] Raw loader defined.
[2026-06-17 23:59:28] TWFB honest branch defined.
[2026-06-17 23:59:28] S-JEPA branch defined.
[2026-06-17 23:59:28] Fusion + decorrelation helpers defined.
[2026-06-17 23:59:28] Nested subject runner defined.
[2026-06-17 23:59:28] Found 50 .mat files | using 50 subjects
[2026-06-17 23:59:28] ======================================================================
[2026-06-18 00:00:13]   Sub 01: bal_acc= 67.5% ± 17.0%  collapse=0/5
[2026-06-18 00:00:59]   Sub 02: bal_acc= 30.0% ± 10.0%  collapse=0/5
[2026-06-18 00:01:45]   Sub 03: bal_acc= 40.0% ± 12.2%  collapse=0/5
[2026-06-18 00:02:30]   Sub 04: bal_acc= 30.0% ± 12.7%  collapse=0/5
[2026-06-18 00:03:15]   Sub 05: bal_acc= 65.0% ± 12.2%  collapse=0/5
[2026-06-18 00:04:02]   Sub 06: bal_acc= 42.5% ± 12.7%  collapse=0/5
[2026-06-18 00:04:47]   Sub 07: bal_acc= 72.5% ±  5.0%  collapse=0/5
[2026-06-18 00:05:33]   Sub 08: bal_acc= 30.0% ± 21.8%  collapse=0/5
[2026-06-18 00:06:18]   Sub 09: bal_acc= 50.0% ± 20.9%  collapse=0/5
[2026-06-18 00:07:04]   Sub 10: bal_acc= 50.0% ± 17.7%  collapse=0/5
[2026-06-18 00:07:50]   Sub 11: bal_acc= 80.0% ± 12.7%  collapse=0/5
[2026-06-18 00:08:35]   Sub 12: bal_acc= 52.5% ±  9.4%  collapse=0/5
[2026-06-18 00:09:21]   Sub 13: bal_acc= 65.0% ±  9.4%  collapse=0/5
[2026-06-18 00:10:06]   Sub 14: bal_acc= 62.5% ± 15.8%  collapse=0/5
[2026-06-18 00:10:51]   Sub 15: bal_acc= 47.5% ± 21.5%  collapse=0/5
[2026-06-18 00:11:37]   Sub 16: bal_acc= 45.0% ± 17.0%  collapse=0/5
[2026-06-18 00:12:22]   Sub 17: bal_acc= 52.5% ±  9.4%  collapse=0/5
[2026-06-18 00:13:08]   Sub 18: bal_acc= 52.5% ± 12.2%  collapse=0/5
[2026-06-18 00:13:55]   Sub 19: bal_acc= 50.0% ±  7.9%  collapse=0/5
[2026-06-18 00:14:40]   Sub 20: bal_acc= 70.0% ± 10.0%  collapse=0/5
[2026-06-18 00:15:26]   Sub 21: bal_acc= 37.5% ± 13.7%  collapse=0/5
[2026-06-18 00:16:12]   Sub 22: bal_acc= 77.5% ±  9.4%  collapse=0/5
[2026-06-18 00:16:57]   Sub 23: bal_acc= 80.0% ± 10.0%  collapse=0/5
[2026-06-18 00:17:43]   Sub 24: bal_acc= 65.0% ± 14.6%  collapse=0/5
[2026-06-18 00:18:29]   Sub 25: bal_acc= 70.0% ± 12.7%  collapse=0/5
[2026-06-18 00:19:15]   Sub 26: bal_acc= 70.0% ± 23.2%  collapse=0/5
[2026-06-18 00:20:01]   Sub 27: bal_acc= 45.0% ±  6.1%  collapse=0/5
[2026-06-18 00:20:46]   Sub 28: bal_acc= 62.5% ± 17.7%  collapse=0/5
[2026-06-18 00:21:32]   Sub 29: bal_acc= 42.5% ± 12.7%  collapse=0/5
[2026-06-18 00:22:18]   Sub 30: bal_acc= 50.0% ±  7.9%  collapse=0/5
[2026-06-18 00:23:03]   Sub 31: bal_acc= 42.5% ±  6.1%  collapse=0/5
[2026-06-18 00:23:49]   Sub 32: bal_acc= 35.0% ± 18.4%  collapse=0/5
[2026-06-18 00:24:34]   Sub 33: bal_acc= 45.0% ± 12.7%  collapse=0/5
[2026-06-18 00:25:20]   Sub 34: bal_acc= 35.0% ± 12.2%  collapse=0/5
[2026-06-18 00:26:05]   Sub 35: bal_acc= 42.5% ± 21.8%  collapse=0/5
[2026-06-18 00:26:52]   Sub 36: bal_acc= 52.5% ± 33.0%  collapse=0/5
[2026-06-18 00:27:37]   Sub 37: bal_acc= 70.0% ± 12.7%  collapse=0/5
[2026-06-18 00:28:23]   Sub 38: bal_acc= 60.0% ± 18.4%  collapse=0/5
[2026-06-18 00:29:09]   Sub 39: bal_acc= 37.5% ± 13.7%  collapse=0/5
[2026-06-18 00:29:54]   Sub 40: bal_acc= 67.5% ± 17.0%  collapse=0/5
[2026-06-18 00:30:39]   Sub 41: bal_acc= 42.5% ± 18.7%  collapse=0/5
[2026-06-18 00:31:25]   Sub 42: bal_acc= 40.0% ±  9.4%  collapse=0/5
[2026-06-18 00:32:11]   Sub 43: bal_acc= 42.5% ± 12.7%  collapse=0/5
[2026-06-18 00:32:57]   Sub 44: bal_acc= 67.5% ± 17.0%  collapse=0/5
[2026-06-18 00:33:43]   Sub 45: bal_acc= 57.5% ± 17.0%  collapse=0/5
[2026-06-18 00:34:29]   Sub 46: bal_acc= 50.0% ± 26.2%  collapse=0/5
[2026-06-18 00:35:14]   Sub 47: bal_acc= 50.0% ± 13.7%  collapse=0/5
[2026-06-18 00:36:00]   Sub 48: bal_acc= 42.5% ± 18.7%  collapse=0/5
[2026-06-18 00:36:46]   Sub 49: bal_acc= 52.5% ± 21.5%  collapse=0/5
[2026-06-18 00:37:32]   Sub 50: bal_acc= 40.0% ± 16.6%  collapse=0/5
[2026-06-18 00:37:32] ======================================================================
[2026-06-18 00:37:32] Done. Total folds: 250
[2026-06-18 00:37:32] ======================================================================
[2026-06-18 00:37:32] GLOBAL — TWFB×S-JEPA [twfb | fusion=weighted | twfb=fgmdm]
[2026-06-18 00:37:32]   Balanced accuracy: 52.55% ± 20.73%
[2026-06-18 00:37:32]   Accuracy:          52.55% ± 20.73%
[2026-06-18 00:37:32]   Left/Right recall: 52.8% / 52.3%
[2026-06-18 00:37:32]   Collapsed folds:   0/250 (0.0%)
[2026-06-18 00:37:32]   Artifacts: ../../artifacts/liu2024_twfb_dgfmdm_sjepa_hybrid/20260617_2359_7c295dbb
[2026-06-18 00:37:32] ======================================================================
[2026-06-18 00:37:32] Saved CSV/JSON artifacts + confusion_matrix.png + subject_performance.png
