Liu2024 source-mat S-JEPA-style preprocessing CSP/FBCSP run
Artifacts: /Users/vadim/Documents/School/Spring 2026/CSCE A698 Individual Research/EEG_JEPA/artifacts/liu2024-source-mat-sjepa-preprocess-csp-fbcsp/20260520_142048
Target window samples: 537
Effective target duration: 4.195312s
Source extract dir: /Users/vadim/Documents/School/Spring 2026/CSCE A698 Individual Research/EEG_JEPA/liu2024_data/liu2024_figshare/sourcedata
Found 50 .mat files
First 5 files:
  /Users/vadim/Documents/School/Spring 2026/CSCE A698 Individual Research/EEG_JEPA/liu2024_data/liu2024_figshare/sourcedata/sourcedata/sub-01/sub-01_task-motor-imagery_eeg.mat
  /Users/vadim/Documents/School/Spring 2026/CSCE A698 Individual Research/EEG_JEPA/liu2024_data/liu2024_figshare/sourcedata/sourcedata/sub-02/sub-02_task-motor-imagery_eeg.mat
  /Users/vadim/Documents/School/Spring 2026/CSCE A698 Individual Research/EEG_JEPA/liu2024_data/liu2024_figshare/sourcedata/sourcedata/sub-03/sub-03_task-motor-imagery_eeg.mat
  /Users/vadim/Documents/School/Spring 2026/CSCE A698 Individual Research/EEG_JEPA/liu2024_data/liu2024_figshare/sourcedata/sourcedata/sub-04/sub-04_task-motor-imagery_eeg.mat
  /Users/vadim/Documents/School/Spring 2026/CSCE A698 Individual Research/EEG_JEPA/liu2024_data/liu2024_figshare/sourcedata/sourcedata/sub-05/sub-05_task-motor-imagery_eeg.mat
Wrote MAT structure preview: /Users/vadim/Documents/School/Spring 2026/CSCE A698 Individual Research/EEG_JEPA/artifacts/liu2024-source-mat-sjepa-preprocess-csp-fbcsp/20260520_142048/mat_structure_subject_01.csv
Wrote source summary: /Users/vadim/Documents/School/Spring 2026/CSCE A698 Individual Research/EEG_JEPA/artifacts/liu2024-source-mat-sjepa-preprocess-csp-fbcsp/20260520_142048/source_mat_summary.csv
 subject_id  rawdata_shape labels_shape label_counts_raw   raw_field label_field
          1 (40, 33, 4000)        (40,)      [0, 20, 20] eeg.rawdata   eeg.label
          2 (40, 33, 4000)        (40,)      [0, 20, 20] eeg.rawdata   eeg.label
          3 (40, 33, 4000)        (40,)      [0, 20, 20] eeg.rawdata   eeg.label
          4 (40, 33, 4000)        (40,)      [0, 20, 20] eeg.rawdata   eeg.label
          5 (40, 33, 4000)        (40,)      [0, 20, 20] eeg.rawdata   eeg.label
X_all shape: (2000, 29, 537)
y_all counts: [1000, 1000]
subjects_arr shape: (2000,)
Wrote window summary: /Users/vadim/Documents/School/Spring 2026/CSCE A698 Individual Research/EEG_JEPA/artifacts/liu2024-source-mat-sjepa-preprocess-csp-fbcsp/20260520_142048/window_counts_by_subject.csv
Subject 1: X=(40, 29, 537), class_counts=[20, 20]
Subject 2: X=(40, 29, 537), class_counts=[20, 20]
Subject 3: X=(40, 29, 537), class_counts=[20, 20]
Subject 4: X=(40, 29, 537), class_counts=[20, 20]
Subject 5: X=(40, 29, 537), class_counts=[20, 20]
Subject 6: X=(40, 29, 537), class_counts=[20, 20]
Subject 7: X=(40, 29, 537), class_counts=[20, 20]
Subject 8: X=(40, 29, 537), class_counts=[20, 20]
Subject 9: X=(40, 29, 537), class_counts=[20, 20]
Subject 10: X=(40, 29, 537), class_counts=[20, 20]
Subject 11: X=(40, 29, 537), class_counts=[20, 20]
Subject 12: X=(40, 29, 537), class_counts=[20, 20]
Subject 13: X=(40, 29, 537), class_counts=[20, 20]
Subject 14: X=(40, 29, 537), class_counts=[20, 20]
Subject 15: X=(40, 29, 537), class_counts=[20, 20]
Subject 16: X=(40, 29, 537), class_counts=[20, 20]
Subject 17: X=(40, 29, 537), class_counts=[20, 20]
Subject 18: X=(40, 29, 537), class_counts=[20, 20]
Subject 19: X=(40, 29, 537), class_counts=[20, 20]
Subject 20: X=(40, 29, 537), class_counts=[20, 20]
Subject 21: X=(40, 29, 537), class_counts=[20, 20]
Subject 22: X=(40, 29, 537), class_counts=[20, 20]
Subject 23: X=(40, 29, 537), class_counts=[20, 20]
Subject 24: X=(40, 29, 537), class_counts=[20, 20]
Subject 25: X=(40, 29, 537), class_counts=[20, 20]
Subject 26: X=(40, 29, 537), class_counts=[20, 20]
Subject 27: X=(40, 29, 537), class_counts=[20, 20]
Subject 28: X=(40, 29, 537), class_counts=[20, 20]
Subject 29: X=(40, 29, 537), class_counts=[20, 20]
Subject 30: X=(40, 29, 537), class_counts=[20, 20]
Subject 31: X=(40, 29, 537), class_counts=[20, 20]
Subject 32: X=(40, 29, 537), class_counts=[20, 20]
Subject 33: X=(40, 29, 537), class_counts=[20, 20]
Subject 34: X=(40, 29, 537), class_counts=[20, 20]
Subject 35: X=(40, 29, 537), class_counts=[20, 20]
Subject 36: X=(40, 29, 537), class_counts=[20, 20]
Subject 37: X=(40, 29, 537), class_counts=[20, 20]
Subject 38: X=(40, 29, 537), class_counts=[20, 20]
Subject 39: X=(40, 29, 537), class_counts=[20, 20]
Subject 40: X=(40, 29, 537), class_counts=[20, 20]
Subject 41: X=(40, 29, 537), class_counts=[20, 20]
Subject 42: X=(40, 29, 537), class_counts=[20, 20]
Subject 43: X=(40, 29, 537), class_counts=[20, 20]
Subject 44: X=(40, 29, 537), class_counts=[20, 20]
Subject 45: X=(40, 29, 537), class_counts=[20, 20]
Subject 46: X=(40, 29, 537), class_counts=[20, 20]
Subject 47: X=(40, 29, 537), class_counts=[20, 20]
Subject 48: X=(40, 29, 537), class_counts=[20, 20]
Subject 49: X=(40, 29, 537), class_counts=[20, 20]
Subject 50: X=(40, 29, 537), class_counts=[20, 20]
Wrote fold results: /Users/vadim/Documents/School/Spring 2026/CSCE A698 Individual Research/EEG_JEPA/artifacts/liu2024-source-mat-sjepa-preprocess-csp-fbcsp/20260520_142048/cv_results.csv
Global metrics:
model_name  mean_accuracy  std_accuracy  mean_balanced_accuracy  std_balanced_accuracy  mean_roc_auc  std_roc_auc  n_folds_total  n_subjects  paper_target_accuracy  mean_accuracy_percent  delta_vs_paper_percent
   CSP_LDA         0.5140      0.196426                  0.5140               0.196426       0.51375     0.253022            250          50                  55.57                  51.40                   -4.17
 FBCSP_SVM         0.5235      0.196634                  0.5235               0.196634       0.50700     0.266135            250          50                  57.57                  52.35                   -5.22
Collapse diagnostics:
model_name  n_folds  n_collapsed_single_class  collapsed_fraction single_class_prediction_counts
   CSP_LDA      250                         6               0.024                   {0: 2, 1: 4}
 FBCSP_SVM      250                         8               0.032                   {0: 6, 1: 2}
Wrote S-JEPA CV confusion matrix plot: /Users/vadim/Documents/School/Spring 2026/CSCE A698 Individual Research/EEG_JEPA/artifacts/liu2024-source-mat-sjepa-preprocess-csp-fbcsp/20260520_142048/sjepa_cv_confusion_matrices_csp_fbcsp.png
Wrote S-JEPA CV confusion metrics: /Users/vadim/Documents/School/Spring 2026/CSCE A698 Individual Research/EEG_JEPA/artifacts/liu2024-source-mat-sjepa-preprocess-csp-fbcsp/20260520_142048/sjepa_cv_confusion_metrics.csv
Wrote subject-level S-JEPA-style plot: /Users/vadim/Documents/School/Spring 2026/CSCE A698 Individual Research/EEG_JEPA/artifacts/liu2024-source-mat-sjepa-preprocess-csp-fbcsp/20260520_142048/liu2024_csp_fbcsp_subject_bars_sjepa_style.png
Wrote global accuracy summary plot: /Users/vadim/Documents/School/Spring 2026/CSCE A698 Individual Research/EEG_JEPA/artifacts/liu2024-source-mat-sjepa-preprocess-csp-fbcsp/20260520_142048/csp_fbcsp_global_accuracy_summary.png
Wrote subject accuracy with means plot: /Users/vadim/Documents/School/Spring 2026/CSCE A698 Individual Research/EEG_JEPA/artifacts/liu2024-source-mat-sjepa-preprocess-csp-fbcsp/20260520_142048/csp_fbcsp_subject_accuracy_with_means.png
Wrote subject accuracy distribution plot: /Users/vadim/Documents/School/Spring 2026/CSCE A698 Individual Research/EEG_JEPA/artifacts/liu2024-source-mat-sjepa-preprocess-csp-fbcsp/20260520_142048/csp_fbcsp_subject_accuracy_distribution.png
Wrote metadata: /Users/vadim/Documents/School/Spring 2026/CSCE A698 Individual Research/EEG_JEPA/artifacts/liu2024-source-mat-sjepa-preprocess-csp-fbcsp/20260520_142048/run_metadata.json
Done.
