[2026-06-17 00:01:17] ======================================================================
[2026-06-17 00:01:17] Experiment: B_twfb_fgmdm_full_honest
[2026-06-17 00:01:17] Note:       honest TWFB ceiling: 7x19 grid, in-fold selection, FgMDM
[2026-06-17 00:01:17] Run ID:     20260617_0001_a443cb6f
[2026-06-17 00:01:17] Artifacts:  ../../artifacts/liu2024_twfb_dgfmdm_sjepa_hybrid/20260617_0001_a443cb6f
[2026-06-17 00:01:17] Device:     mps | seed=2026
[2026-06-17 00:01:17] ======================================================================
[2026-06-17 00:01:17] N channels: 29 | first 5: ['Fp1', 'Fp2', 'Fz', 'F3', 'F4']
[2026-06-17 00:01:18] Raw loader defined.
[2026-06-17 00:01:18] TWFB honest branch defined.
[2026-06-17 00:01:18] S-JEPA branch defined.
[2026-06-17 00:01:18] Fusion + decorrelation helpers defined.
[2026-06-17 00:01:18] Nested subject runner defined.
[2026-06-17 00:01:18] Found 50 .mat files | using 50 subjects
[2026-06-17 00:01:18] ======================================================================
[2026-06-17 00:03:56]   Sub 01: bal_acc= 60.0% ±  5.0%  collapse=0/5
[2026-06-17 00:06:29]   Sub 02: bal_acc= 40.0% ± 16.6%  collapse=0/5
[2026-06-17 00:09:02]   Sub 03: bal_acc= 55.0% ± 12.7%  collapse=0/5
[2026-06-17 00:11:33]   Sub 04: bal_acc= 57.5% ± 10.0%  collapse=0/5
[2026-06-17 00:14:06]   Sub 05: bal_acc= 72.5% ± 12.2%  collapse=0/5
[2026-06-17 00:16:43]   Sub 06: bal_acc= 62.5% ± 11.2%  collapse=0/5
[2026-06-17 00:19:29]   Sub 07: bal_acc= 77.5% ± 12.2%  collapse=0/5
[2026-06-17 00:22:05]   Sub 08: bal_acc= 45.0% ± 18.7%  collapse=0/5
[2026-06-17 00:24:39]   Sub 09: bal_acc= 65.0% ±  9.4%  collapse=0/5
[2026-06-17 00:27:03]   Sub 10: bal_acc= 47.5% ± 25.5%  collapse=0/5
[2026-06-17 00:29:29]   Sub 11: bal_acc= 37.5% ± 11.2%  collapse=0/5
[2026-06-17 00:31:54]   Sub 12: bal_acc= 67.5% ± 12.7%  collapse=0/5
[2026-06-17 00:34:06]   Sub 13: bal_acc= 60.0% ±  5.0%  collapse=1/5
[2026-06-17 00:36:32]   Sub 14: bal_acc= 55.0% ± 12.7%  collapse=0/5
[2026-06-17 00:38:57]   Sub 15: bal_acc= 55.0% ± 12.7%  collapse=0/5
[2026-06-17 00:41:23]   Sub 16: bal_acc= 45.0% ± 10.0%  collapse=0/5
[2026-06-17 00:43:51]   Sub 17: bal_acc= 37.5% ±  7.9%  collapse=0/5
[2026-06-17 00:46:16]   Sub 18: bal_acc= 60.0% ± 21.5%  collapse=0/5
[2026-06-17 00:48:39]   Sub 19: bal_acc= 45.0% ±  6.1%  collapse=0/5
[2026-06-17 00:51:04]   Sub 20: bal_acc= 85.0% ± 12.2%  collapse=0/5
[2026-06-17 00:53:31]   Sub 21: bal_acc= 55.0% ± 20.3%  collapse=0/5
[2026-06-17 00:55:57]   Sub 22: bal_acc= 55.0% ± 10.0%  collapse=0/5
[2026-06-17 00:58:21]   Sub 23: bal_acc= 55.0% ± 12.7%  collapse=0/5
[2026-06-17 01:00:50]   Sub 24: bal_acc= 50.0% ± 13.7%  collapse=0/5
[2026-06-17 01:03:17]   Sub 25: bal_acc= 50.0% ± 15.8%  collapse=0/5
[2026-06-17 01:05:42]   Sub 26: bal_acc= 45.0% ±  6.1%  collapse=0/5
[2026-06-17 01:08:09]   Sub 27: bal_acc= 42.5% ± 17.0%  collapse=0/5
[2026-06-17 01:10:30]   Sub 28: bal_acc= 60.0% ± 12.2%  collapse=0/5
[2026-06-17 01:12:55]   Sub 29: bal_acc= 40.0% ±  9.4%  collapse=0/5
[2026-06-17 01:15:21]   Sub 30: bal_acc= 65.0% ± 14.6%  collapse=0/5
[2026-06-17 01:17:46]   Sub 31: bal_acc= 42.5% ± 17.0%  collapse=0/5
[2026-06-17 01:20:11]   Sub 32: bal_acc= 40.0% ±  9.4%  collapse=0/5
[2026-06-17 01:22:38]   Sub 33: bal_acc= 50.0% ± 23.7%  collapse=0/5
[2026-06-17 01:25:06]   Sub 34: bal_acc= 32.5% ±  6.1%  collapse=0/5
[2026-06-17 01:27:33]   Sub 35: bal_acc= 37.5% ± 17.7%  collapse=0/5
[2026-06-17 01:30:00]   Sub 36: bal_acc= 42.5% ± 12.7%  collapse=0/5
[2026-06-17 01:32:25]   Sub 37: bal_acc= 55.0% ± 12.7%  collapse=0/5
[2026-06-17 01:34:51]   Sub 38: bal_acc= 50.0% ± 11.2%  collapse=0/5
[2026-06-17 01:37:18]   Sub 39: bal_acc= 50.0% ± 13.7%  collapse=0/5
[2026-06-17 01:39:42]   Sub 40: bal_acc= 60.0% ±  9.4%  collapse=0/5
[2026-06-17 01:42:06]   Sub 41: bal_acc= 57.5% ±  6.1%  collapse=0/5
[2026-06-17 01:44:30]   Sub 42: bal_acc= 67.5% ±  6.1%  collapse=0/5
[2026-06-17 01:46:55]   Sub 43: bal_acc= 37.5% ± 13.7%  collapse=0/5
[2026-06-17 01:49:19]   Sub 44: bal_acc= 62.5% ± 20.9%  collapse=1/5
[2026-06-17 01:51:47]   Sub 45: bal_acc= 47.5% ±  5.0%  collapse=1/5
[2026-06-17 01:54:13]   Sub 46: bal_acc= 65.0% ± 14.6%  collapse=0/5
[2026-06-17 01:56:40]   Sub 47: bal_acc= 35.0% ± 12.2%  collapse=0/5
[2026-06-17 01:59:07]   Sub 48: bal_acc= 45.0% ± 15.0%  collapse=0/5
[2026-06-17 02:01:33]   Sub 49: bal_acc= 47.5% ± 16.6%  collapse=0/5
[2026-06-17 02:03:59]   Sub 50: bal_acc= 52.5% ± 18.4%  collapse=0/5
[2026-06-17 02:03:59] ======================================================================
[2026-06-17 02:03:59] Done. Total folds: 250
[2026-06-17 02:03:59] ======================================================================
[2026-06-17 02:03:59] GLOBAL — TWFB×S-JEPA [twfb | fusion=weighted | twfb=fgmdm]
[2026-06-17 02:03:59]   Balanced accuracy: 52.50% ± 17.75%
[2026-06-17 02:03:59]   Accuracy:          52.50% ± 17.75%
[2026-06-17 02:03:59]   Left/Right recall: 52.6% / 52.4%
[2026-06-17 02:03:59]   Collapsed folds:   3/250 (1.2%)
[2026-06-17 02:03:59]   Artifacts: ../../artifacts/liu2024_twfb_dgfmdm_sjepa_hybrid/20260617_0001_a443cb6f
[2026-06-17 02:03:59] ======================================================================
[2026-06-17 02:03:59] Saved CSV/JSON artifacts + confusion_matrix.png + subject_performance.png
