[2026-06-17 13:16:34] ======================================================================
[2026-06-17 13:16:34] Experiment: twfb_dgfmdm_paper_faithful
[2026-06-17 13:16:34] Note:       paper Table-3: 19 bands x 7 windows + real LTSA; leaky/honest/fixed
[2026-06-17 13:16:34] Run ID:     20260617_1316_94a20d83
[2026-06-17 13:16:34] Artifacts:  ../../artifacts/liu2024_twfb_dgfmdm_paper_faithful/20260617_1316_94a20d83
[2026-06-17 13:16:34] ======================================================================
[2026-06-17 13:16:34] N channels: 29 (CPz dropped) | first 5 ['Fp1', 'Fp2', 'Fz', 'F3', 'F4']
[2026-06-17 13:16:34] Loader defined.
[2026-06-17 13:16:34] Paper-faithful TWFB pipeline (TangentSpace -> LTSA -> LDA) defined.
[2026-06-17 13:16:34] Subject runner defined.
[2026-06-17 13:16:34] Found 50 .mat files | using 50 subjects | grid 7x19
[2026-06-17 13:16:34] ======================================================================
[2026-06-17 13:34:23]   Sub 01: leaky= 76.2% honest= 51.2%
[2026-06-17 13:52:11]   Sub 02: leaky= 79.4% honest= 48.1%
[2026-06-17 14:09:57]   Sub 03: leaky= 80.6% honest= 52.5%
[2026-06-17 14:27:45]   Sub 04: leaky= 78.1% honest= 56.9%
[2026-06-17 14:45:22]   Sub 05: leaky= 80.6% honest= 49.4%
[2026-06-17 15:03:10]   Sub 06: leaky= 76.2% honest= 43.1%
[2026-06-17 15:21:00]   Sub 07: leaky= 81.9% honest= 53.8%
[2026-06-17 15:38:41]   Sub 08: leaky= 82.5% honest= 46.2%
[2026-06-17 15:56:26]   Sub 09: leaky= 81.9% honest= 50.0%
[2026-06-17 16:14:11]   Sub 10: leaky= 80.0% honest= 56.2%
[2026-06-17 16:31:54]   Sub 11: leaky= 83.1% honest= 48.8%
[2026-06-17 16:49:39]   Sub 12: leaky= 78.8% honest= 52.5%
[2026-06-17 17:07:03]   Sub 13: leaky= 77.5% honest= 48.1%
[2026-06-17 17:24:46]   Sub 14: leaky= 81.2% honest= 56.9%
[2026-06-17 17:42:18]   Sub 15: leaky= 79.4% honest= 50.0%
[2026-06-17 18:00:03]   Sub 16: leaky= 79.4% honest= 50.0%
[2026-06-17 18:17:52]   Sub 17: leaky= 78.8% honest= 44.4%
[2026-06-17 18:35:35]   Sub 18: leaky= 80.6% honest= 52.5%
[2026-06-17 18:53:16]   Sub 19: leaky= 78.8% honest= 49.4%
[2026-06-17 19:10:56]   Sub 20: leaky= 89.4% honest= 66.2%
[2026-06-17 19:28:41]   Sub 21: leaky= 78.8% honest= 49.4%
[2026-06-17 19:46:19]   Sub 22: leaky= 82.5% honest= 50.6%
[2026-06-17 20:04:03]   Sub 23: leaky= 84.4% honest= 55.6%
[2026-06-17 20:21:45]   Sub 24: leaky= 75.0% honest= 53.8%
[2026-06-17 20:39:30]   Sub 25: leaky= 83.8% honest= 59.4%
[2026-06-17 20:57:13]   Sub 26: leaky= 80.0% honest= 46.9%
[2026-06-17 21:14:53]   Sub 27: leaky= 78.8% honest= 56.9%
[2026-06-17 21:32:37]   Sub 28: leaky= 81.2% honest= 50.6%
[2026-06-17 21:50:20]   Sub 29: leaky= 78.8% honest= 44.4%
[2026-06-17 22:08:02]   Sub 30: leaky= 86.2% honest= 56.9%
[2026-06-17 22:25:44]   Sub 31: leaky= 76.9% honest= 45.6%
[2026-06-17 22:43:30]   Sub 32: leaky= 79.4% honest= 44.4%
[2026-06-17 23:01:17]   Sub 33: leaky= 78.8% honest= 55.0%
[2026-06-17 23:19:00]   Sub 34: leaky= 73.8% honest= 46.9%
[2026-06-17 23:36:47]   Sub 35: leaky= 81.2% honest= 55.0%
[2026-06-17 23:54:36]   Sub 36: leaky= 78.8% honest= 49.4%
[2026-06-18 00:12:22]   Sub 37: leaky= 83.8% honest= 56.2%
[2026-06-18 00:30:07]   Sub 38: leaky= 78.8% honest= 51.2%
[2026-06-18 00:47:55]   Sub 39: leaky= 83.1% honest= 48.1%
[2026-06-18 01:05:40]   Sub 40: leaky= 86.2% honest= 61.3%
[2026-06-18 01:23:25]   Sub 41: leaky= 80.6% honest= 46.9%
[2026-06-18 01:41:14]   Sub 42: leaky= 83.1% honest= 58.1%
[2026-06-18 01:58:57]   Sub 43: leaky= 77.5% honest= 47.5%
[2026-06-18 02:16:43]   Sub 44: leaky= 81.9% honest= 55.6%
[2026-06-18 02:34:32]   Sub 45: leaky= 80.0% honest= 58.1%
[2026-06-18 02:52:19]   Sub 46: leaky= 81.2% honest= 49.4%
[2026-06-18 03:10:04]   Sub 47: leaky= 75.6% honest= 43.1%
[2026-06-18 03:27:50]   Sub 48: leaky= 78.8% honest= 45.0%
[2026-06-18 03:45:26]   Sub 49: leaky= 79.4% honest= 56.2%
[2026-06-18 04:03:15]   Sub 50: leaky= 84.4% honest= 59.4%
[2026-06-18 04:03:15] ======================================================================
[2026-06-18 04:03:15] Done. 50 subjects.
[2026-06-18 04:03:15] ======================================================================
[2026-06-18 04:03:15] GLOBAL — paper-faithful TWFB-DGFMDM [lda_ltsa | grid 7x19]
[2026-06-18 04:03:15]   twfb_leaky         80.34% ± 3.00
[2026-06-18 04:03:15]   twfb_honest_acc    51.66% ± 5.21
[2026-06-18 04:03:15]   twfb_honest_bacc   51.66% ± 5.21
[2026-06-18 04:03:15]   best_fixed_band    ['fixed_9_13', 0.5092500000000001]
[2026-06-18 04:03:15]   mean_fixed_band    0.4962105263157895
[2026-06-18 04:03:15]   honest vs chance: wilcoxon p=0.047 | 26/50 subj > 0.5
[2026-06-18 04:03:15]   >>> LEAKAGE GAP: leaky 80.3% -> honest 51.7% = 28.7 pts
[2026-06-18 04:03:15]   Artifacts: ../../artifacts/liu2024_twfb_dgfmdm_paper_faithful/20260617_1316_94a20d83
[2026-06-18 04:03:15] ======================================================================
[2026-06-18 04:03:15] Saved subject_results.csv, summary.json, global_metrics.json, run_metadata.json, leaky_vs_honest.png
