Notebook:       /Users/vadim/Documents/School/Spring 2026/CSCE A698 Individual Research/EEG_JEPA/src/liu2024/liu2024_compact_mi_models.ipynb
Configurations: /Users/vadim/Documents/School/Spring 2026/CSCE A698 Individual Research/EEG_JEPA/src/utils/experiments/configs/sweep_compact_mi_models_locked.json
Total configs:  6

[1/6] Running config override:
{
  "experiment_name": "compact_mi_locked_fbcnet",
  "model_name": "FBCNet"
}
  status:       completed
  elapsed_sec:  576.252
  run_id:       20260712_152445_040475_07bbb7c0
  artifact_dir: /Users/vadim/Documents/School/Spring 2026/CSCE A698 Individual Research/EEG_JEPA/artifacts/liu2024-compact-mi-models/20260712_152445_040475_07bbb7c0

[2/6] Running config override:
{
  "experiment_name": "compact_mi_locked_eegtcnet",
  "model_name": "EEGTCNet"
}
  status:       completed
  elapsed_sec:  868.007
  run_id:       20260712_153421_569587_eabbd737
  artifact_dir: /Users/vadim/Documents/School/Spring 2026/CSCE A698 Individual Research/EEG_JEPA/artifacts/liu2024-compact-mi-models/20260712_153421_569587_eabbd737

[3/6] Running config override:
{
  "experiment_name": "compact_mi_locked_ifnet",
  "model_name": "IFNet"
}
  status:       completed
  elapsed_sec:  331.068
  run_id:       20260712_154849_319559_a13227b7
  artifact_dir: /Users/vadim/Documents/School/Spring 2026/CSCE A698 Individual Research/EEG_JEPA/artifacts/liu2024-compact-mi-models/20260712_154849_319559_a13227b7

[4/6] Running config override:
{
  "experiment_name": "compact_mi_locked_fbmsnet",
  "model_name": "FBMSNet"
}
  status:       completed
  elapsed_sec:  3540.262
  run_id:       20260712_155420_204470_85397e63
  artifact_dir: /Users/vadim/Documents/School/Spring 2026/CSCE A698 Individual Research/EEG_JEPA/artifacts/liu2024-compact-mi-models/20260712_155420_204470_85397e63

[5/6] Running config override:
{
  "experiment_name": "compact_mi_locked_eegnet",
  "model_name": "EEGNet"
}
  status:       completed
  elapsed_sec:  266.42
  run_id:       20260712_165320_889869_62765f8c
  artifact_dir: /Users/vadim/Documents/School/Spring 2026/CSCE A698 Individual Research/EEG_JEPA/artifacts/liu2024-compact-mi-models/20260712_165320_889869_62765f8c

[6/6] Running config override:
{
  "experiment_name": "compact_mi_locked_shallowfbcspnet",
  "model_name": "ShallowFBCSPNet"
}
  status:       completed
  elapsed_sec:  1078.817
  run_id:       20260712_165746_790145_fd8ab986
  artifact_dir: /Users/vadim/Documents/School/Spring 2026/CSCE A698 Individual Research/EEG_JEPA/artifacts/liu2024-compact-mi-models/20260712_165746_790145_fd8ab986

Finished.
Results dir:    experiment_results/20260712_1524_sweep_compact_mi_models_locked_f3374a85
Summary JSON:   experiment_results/20260712_1524_sweep_compact_mi_models_locked_f3374a85/results.json
Artifact list:  experiment_results/20260712_1524_sweep_compact_mi_models_locked_f3374a85/artifact_ids.json
