[2026-07-12 18:18:55] Run ID:     20260712_181855_586304_de5be280
[2026-07-12 18:18:55] Artifacts:  /Users/vadim/Documents/School/Spring 2026/CSCE A698 Individual Research/EEG_JEPA/artifacts/liu2024-cropped-shallow-fusion/20260712_181855_586304_de5be280
[2026-07-12 18:18:55] Config:     /Users/vadim/Documents/School/Spring 2026/CSCE A698 Individual Research/EEG_JEPA/artifacts/liu2024-cropped-shallow-fusion/20260712_181855_586304_de5be280/config.json
[2026-07-12 18:18:56] Using device: mps
[2026-07-12 18:18:56] Full CONFIG banner:
{
  "artifact_dir": "/Users/vadim/Documents/School/Spring 2026/CSCE A698 Individual Research/EEG_JEPA/artifacts/liu2024-cropped-shallow-fusion",
  "source_extract_dir": "/Users/vadim/Documents/School/Spring 2026/CSCE A698 Individual Research/EEG_JEPA/liu2024_data/liu2024_figshare/sourcedata",
  "experiment_name": "cropped_shallow_20epoch_primary",
  "config_note": "Exploratory development; not independent confirmation.",
  "subjects_to_use": null,
  "channel_set": "liu29",
  "native_sfreq": 500,
  "target_sfreq": 128,
  "marker_channel_index": 32,
  "onset_marker_value": 2,
  "onset_plausible_range": [
    800,
    1300
  ],
  "window_seconds": 4.0,
  "bandpass_hz": [
    4.0,
    40.0
  ],
  "filter_order": 4,
  "normalization_mode": "channel_standardize",
  "normalization_eps": 1e-06,
  "strategy": "cropped_raw",
  "crop_seconds": 2.0,
  "crop_starts_seconds": [
    0.0,
    0.5,
    1.0,
    1.5,
    2.0
  ],
  "dense_prediction_alternative": false,
  "cv_folds": 5,
  "cv_random_state": 2026,
  "expected_global_split_hash": "801ec1d2c981335f",
  "n_filters_time": 40,
  "n_filters_spat": 40,
  "batch_size": 8,
  "n_epochs": 20,
  "learning_rate": 0.0003,
  "weight_decay": 0.01,
  "gradient_clip_norm": 1.0,
  "seed": 2026,
  "set_seed": true,
  "bootstrap_iterations": 10000,
  "collapse_threshold": 0.9,
  "enable_riemann_fusion": false,
  "fusion_implementation": "disabled_neural_only",
  "fusion_weight_neural": 0.5,
  "fusion_weight_riemann": 0.5
}
[2026-07-12 18:59:26] {
  "mean_subject_balanced_accuracy": 0.55,
  "subject_bootstrap_95_ci": [
    0.5045000000000001,
    0.5965
  ],
  "n_subjects": 50,
  "n_folds_total": 250,
  "collapse_rate": 0.04,
  "global_split_hash": "801ec1d2c981335f",
  "strategy": "cropped_raw",
  "inference_unit": "original_trial",
  "development_status": "exploratory_not_independent_confirmation",
  "riemann_fusion_enabled": false
}
[2026-07-12 18:59:26] CV results saved to:      /Users/vadim/Documents/School/Spring 2026/CSCE A698 Individual Research/EEG_JEPA/artifacts/liu2024-cropped-shallow-fusion/20260712_181855_586304_de5be280/cv_results.json
[2026-07-12 18:59:26] Subject metrics saved to: /Users/vadim/Documents/School/Spring 2026/CSCE A698 Individual Research/EEG_JEPA/artifacts/liu2024-cropped-shallow-fusion/20260712_181855_586304_de5be280/subject_metrics.json
[2026-07-12 18:59:26] Global metrics saved to:  /Users/vadim/Documents/School/Spring 2026/CSCE A698 Individual Research/EEG_JEPA/artifacts/liu2024-cropped-shallow-fusion/20260712_181855_586304_de5be280/global_metrics.json
[2026-07-12 18:59:26] Run metadata saved to:    /Users/vadim/Documents/School/Spring 2026/CSCE A698 Individual Research/EEG_JEPA/artifacts/liu2024-cropped-shallow-fusion/20260712_181855_586304_de5be280/run_metadata.json
[2026-07-12 18:59:26] 
All artifacts in: /Users/vadim/Documents/School/Spring 2026/CSCE A698 Individual Research/EEG_JEPA/artifacts/liu2024-cropped-shallow-fusion/20260712_181855_586304_de5be280
