[2026-06-17 16:49:15] ======================================================================
[2026-06-17 16:49:15] Experiment: B_twfb_tslda_full
[2026-06-17 16:49:15] Note:       TWFB ceiling, TangentSpace+PCA+LDA reading
[2026-06-17 16:49:15] Run ID:     20260617_1649_166bdf24
[2026-06-17 16:49:15] Artifacts:  ../../artifacts/liu2024_twfb_dgfmdm_sjepa_hybrid/20260617_1649_166bdf24
[2026-06-17 16:49:15] Device:     cpu | seed=2026
[2026-06-17 16:49:15] ======================================================================
[2026-06-17 16:49:15] N channels: 29 | first 5: ['Fp1', 'Fp2', 'Fz', 'F3', 'F4']
[2026-06-17 16:49:15] Raw loader defined.
[2026-06-17 16:49:15] TWFB honest branch defined.
[2026-06-17 16:49:15] S-JEPA branch defined.
[2026-06-17 16:49:15] Fusion + decorrelation helpers defined.
[2026-06-17 16:49:15] Nested subject runner defined.
[2026-06-17 16:49:15] Found 50 .mat files | using 50 subjects
[2026-06-17 16:49:15] ======================================================================
[2026-06-17 16:57:51]   Sub 01: bal_acc= 57.5% ± 17.0%  collapse=0/5
[2026-06-17 17:06:29]   Sub 02: bal_acc= 45.0% ± 12.7%  collapse=0/5
[2026-06-17 17:15:09]   Sub 03: bal_acc= 50.0% ±  7.9%  collapse=0/5
[2026-06-17 17:23:46]   Sub 04: bal_acc= 52.5% ± 26.7%  collapse=0/5
[2026-06-17 17:32:18]   Sub 05: bal_acc= 67.5% ± 15.0%  collapse=0/5
[2026-06-17 17:40:58]   Sub 06: bal_acc= 37.5% ± 11.2%  collapse=0/5
[2026-06-17 17:49:35]   Sub 07: bal_acc= 75.0% ± 17.7%  collapse=1/5
[2026-06-17 17:58:12]   Sub 08: bal_acc= 40.0% ± 14.6%  collapse=0/5
[2026-06-17 18:06:48]   Sub 09: bal_acc= 57.5% ± 15.0%  collapse=0/5
[2026-06-17 18:15:22]   Sub 10: bal_acc= 45.0% ± 17.0%  collapse=0/5
[2026-06-17 18:23:59]   Sub 11: bal_acc= 70.0% ± 17.0%  collapse=0/5
[2026-06-17 18:32:34]   Sub 12: bal_acc= 62.5% ± 26.2%  collapse=0/5
[2026-06-17 18:40:57]   Sub 13: bal_acc= 45.0% ± 10.0%  collapse=1/5
[2026-06-17 18:49:32]   Sub 14: bal_acc= 55.0% ± 18.7%  collapse=0/5
[2026-06-17 18:58:04]   Sub 15: bal_acc= 57.5% ± 10.0%  collapse=0/5
[2026-06-17 19:06:39]   Sub 16: bal_acc= 57.5% ± 18.7%  collapse=0/5
[2026-06-17 19:15:18]   Sub 17: bal_acc= 40.0% ±  5.0%  collapse=0/5
[2026-06-17 19:23:56]   Sub 18: bal_acc= 80.0% ± 18.7%  collapse=0/5
[2026-06-17 19:32:32]   Sub 19: bal_acc= 57.5% ± 15.0%  collapse=1/5
[2026-06-17 19:41:12]   Sub 20: bal_acc= 75.0% ± 15.8%  collapse=0/5
[2026-06-17 19:49:51]   Sub 21: bal_acc= 37.5% ± 15.8%  collapse=0/5
[2026-06-17 19:58:26]   Sub 22: bal_acc= 42.5% ± 18.7%  collapse=0/5
[2026-06-17 20:06:58]   Sub 23: bal_acc= 52.5% ±  5.0%  collapse=0/5
[2026-06-17 20:15:35]   Sub 24: bal_acc= 37.5% ± 17.7%  collapse=0/5
[2026-06-17 20:24:11]   Sub 25: bal_acc= 62.5% ±  7.9%  collapse=0/5
[2026-06-17 20:32:48]   Sub 26: bal_acc= 52.5% ±  5.0%  collapse=0/5
[2026-06-17 20:41:24]   Sub 27: bal_acc= 60.0% ± 12.2%  collapse=0/5
[2026-06-17 20:49:54]   Sub 28: bal_acc= 50.0% ± 11.2%  collapse=0/5
[2026-06-17 20:58:27]   Sub 29: bal_acc= 42.5% ± 10.0%  collapse=0/5
[2026-06-17 21:07:01]   Sub 30: bal_acc= 47.5% ±  9.4%  collapse=0/5
[2026-06-17 21:15:35]   Sub 31: bal_acc= 40.0% ± 20.0%  collapse=0/5
[2026-06-17 21:24:10]   Sub 32: bal_acc= 47.5% ± 21.5%  collapse=0/5
[2026-06-17 21:32:50]   Sub 33: bal_acc= 30.0% ± 25.7%  collapse=0/5
[2026-06-17 21:41:30]   Sub 34: bal_acc= 62.5% ± 11.2%  collapse=0/5
[2026-06-17 21:50:11]   Sub 35: bal_acc= 42.5% ± 18.7%  collapse=0/5
[2026-06-17 21:58:52]   Sub 36: bal_acc= 47.5% ± 14.6%  collapse=0/5
[2026-06-17 22:07:27]   Sub 37: bal_acc= 55.0% ± 20.3%  collapse=0/5
[2026-06-17 22:16:02]   Sub 38: bal_acc= 52.5% ± 22.9%  collapse=1/5
[2026-06-17 22:24:40]   Sub 39: bal_acc= 52.5% ± 21.5%  collapse=0/5
[2026-06-17 22:33:16]   Sub 40: bal_acc= 80.0% ± 10.0%  collapse=0/5
[2026-06-17 22:41:53]   Sub 41: bal_acc= 55.0% ± 10.0%  collapse=0/5
[2026-06-17 22:50:29]   Sub 42: bal_acc= 65.0% ±  9.4%  collapse=0/5
[2026-06-17 22:59:05]   Sub 43: bal_acc= 37.5% ± 26.2%  collapse=0/5
[2026-06-17 23:07:43]   Sub 44: bal_acc= 50.0% ± 13.7%  collapse=0/5
[2026-06-17 23:16:22]   Sub 45: bal_acc= 60.0% ± 14.6%  collapse=0/5
[2026-06-17 23:25:02]   Sub 46: bal_acc= 42.5% ± 20.3%  collapse=0/5
[2026-06-17 23:33:39]   Sub 47: bal_acc= 57.5% ± 20.3%  collapse=0/5
[2026-06-17 23:42:15]   Sub 48: bal_acc= 70.0% ± 17.0%  collapse=0/5
[2026-06-17 23:50:47]   Sub 49: bal_acc= 65.0% ± 14.6%  collapse=0/5
[2026-06-17 23:59:24]   Sub 50: bal_acc= 50.0% ± 15.8%  collapse=0/5
[2026-06-17 23:59:24] ======================================================================
[2026-06-17 23:59:24] Done. Total folds: 250
[2026-06-17 23:59:24] ======================================================================
[2026-06-17 23:59:24] GLOBAL — TWFB×S-JEPA [twfb | fusion=weighted | twfb=ts_lda]
[2026-06-17 23:59:24]   Balanced accuracy: 53.50% ± 20.11%
[2026-06-17 23:59:24]   Accuracy:          53.50% ± 20.11%
[2026-06-17 23:59:24]   Left/Right recall: 54.5% / 52.5%
[2026-06-17 23:59:24]   Collapsed folds:   4/250 (1.6%)
[2026-06-17 23:59:24]   Artifacts: ../../artifacts/liu2024_twfb_dgfmdm_sjepa_hybrid/20260617_1649_166bdf24
[2026-06-17 23:59:24] ======================================================================
[2026-06-17 23:59:24] Saved CSV/JSON artifacts + confusion_matrix.png + subject_performance.png
