[2026-06-17 00:11:56] ======================================================================
[2026-06-17 00:11:56] Experiment: A_fusion_lda_liu_holdout
[2026-06-17 00:11:56] Note:       fusion under Liu 60/40 repeated holdout protocol
[2026-06-17 00:11:56] Run ID:     20260617_0011_bc898169
[2026-06-17 00:11:56] Artifacts:  ../../artifacts/liu2024_sjepa_embed_probe_fusion/20260617_0011_bc898169
[2026-06-17 00:11:56] Device:     mps | seed=2026
[2026-06-17 00:11:56] ======================================================================
[2026-06-17 00:11:56] N channels: 29 | first 5: ['Fp1', 'Fp2', 'Fz', 'F3', 'F4']
[2026-06-17 00:11:56] Riemannian feature builder defined.
[2026-06-17 00:11:56] Feature assembly + subject runner defined.
[2026-06-17 00:11:56] Found 50 .mat files | using 50 subjects
[2026-06-17 00:11:56] S-JEPA: from_pretrained braindecode/signal-jepa_without-chans
[2026-06-17 00:11:57]   params total=16,010 trainable=2,170 (spatial_conv+final_layer)
[2026-06-17 00:11:57] ======================================================================
[2026-06-17 00:11:57]   [hook=feature_encoder pool=mean] embedding matrix: (40, 64)
[2026-06-17 00:11:59]   Sub 01: bal_acc= 63.1% ± 15.7%  collapse=0/10
[2026-06-17 00:12:00]   Sub 02: bal_acc= 45.0% ± 11.5%  collapse=0/10
[2026-06-17 00:12:02]   Sub 03: bal_acc= 51.2% ±  6.1%  collapse=0/10
[2026-06-17 00:12:04]   Sub 04: bal_acc= 50.6% ± 14.6%  collapse=0/10
[2026-06-17 00:12:05]   Sub 05: bal_acc= 51.9% ±  6.9%  collapse=0/10
[2026-06-17 00:12:07]   Sub 06: bal_acc= 42.5% ±  6.1%  collapse=0/10
[2026-06-17 00:12:09]   Sub 07: bal_acc= 70.6% ±  7.4%  collapse=0/10
[2026-06-17 00:12:10]   Sub 08: bal_acc= 45.6% ± 10.1%  collapse=0/10
[2026-06-17 00:12:12]   Sub 09: bal_acc= 42.5% ±  7.3%  collapse=0/10
[2026-06-17 00:12:13]   Sub 10: bal_acc= 60.6% ±  8.9%  collapse=0/10
[2026-06-17 00:12:15]   Sub 11: bal_acc= 56.2% ±  8.4%  collapse=0/10
[2026-06-17 00:12:16]   Sub 12: bal_acc= 42.5% ±  9.2%  collapse=0/10
[2026-06-17 00:12:18]   Sub 13: bal_acc= 46.9% ±  7.0%  collapse=0/10
[2026-06-17 00:12:20]   Sub 14: bal_acc= 46.9% ± 10.2%  collapse=0/10
[2026-06-17 00:12:21]   Sub 15: bal_acc= 40.6% ± 11.6%  collapse=0/10
[2026-06-17 00:12:23]   Sub 16: bal_acc= 46.2% ±  8.0%  collapse=0/10
[2026-06-17 00:12:24]   Sub 17: bal_acc= 55.0% ± 11.8%  collapse=0/10
[2026-06-17 00:12:26]   Sub 18: bal_acc= 50.0% ±  6.8%  collapse=0/10
[2026-06-17 00:12:28]   Sub 19: bal_acc= 37.5% ± 12.5%  collapse=0/10
[2026-06-17 00:12:29]   Sub 20: bal_acc= 68.1% ±  6.5%  collapse=0/10
[2026-06-17 00:12:31]   Sub 21: bal_acc= 50.6% ±  6.5%  collapse=0/10
[2026-06-17 00:12:32]   Sub 22: bal_acc= 65.0% ±  7.5%  collapse=0/10
[2026-06-17 00:12:34]   Sub 23: bal_acc= 68.8% ±  8.8%  collapse=0/10
[2026-06-17 00:12:36]   Sub 24: bal_acc= 48.8% ± 11.1%  collapse=0/10
[2026-06-17 00:12:37]   Sub 25: bal_acc= 45.6% ±  5.6%  collapse=0/10
[2026-06-17 00:12:39]   Sub 26: bal_acc= 45.0% ±  8.3%  collapse=0/10
[2026-06-17 00:12:41]   Sub 27: bal_acc= 36.2% ± 11.1%  collapse=0/10
[2026-06-17 00:12:42]   Sub 28: bal_acc= 58.8% ±  9.4%  collapse=0/10
[2026-06-17 00:12:44]   Sub 29: bal_acc= 55.0% ± 12.1%  collapse=0/10
[2026-06-17 00:12:46]   Sub 30: bal_acc= 61.3% ± 10.4%  collapse=0/10
[2026-06-17 00:12:47]   Sub 31: bal_acc= 64.4% ± 12.8%  collapse=0/10
[2026-06-17 00:12:49]   Sub 32: bal_acc= 58.1% ±  4.0%  collapse=0/10
[2026-06-17 00:12:50]   Sub 33: bal_acc= 39.4% ± 10.1%  collapse=0/10
[2026-06-17 00:12:52]   Sub 34: bal_acc= 66.2% ±  5.0%  collapse=0/10
[2026-06-17 00:12:54]   Sub 35: bal_acc= 51.9% ±  9.7%  collapse=0/10
[2026-06-17 00:12:55]   Sub 36: bal_acc= 52.5% ±  7.5%  collapse=0/10
[2026-06-17 00:12:57]   Sub 37: bal_acc= 46.9% ± 10.9%  collapse=0/10
[2026-06-17 00:12:59]   Sub 38: bal_acc= 59.4% ±  7.5%  collapse=0/10
[2026-06-17 00:13:00]   Sub 39: bal_acc= 41.9% ± 10.8%  collapse=0/10
[2026-06-17 00:13:02]   Sub 40: bal_acc= 63.1% ± 14.1%  collapse=0/10
[2026-06-17 00:13:03]   Sub 41: bal_acc= 41.9% ±  8.9%  collapse=0/10
[2026-06-17 00:13:05]   Sub 42: bal_acc= 46.9% ±  8.9%  collapse=0/10
[2026-06-17 00:13:06]   Sub 43: bal_acc= 56.2% ± 10.8%  collapse=0/10
[2026-06-17 00:13:08]   Sub 44: bal_acc= 58.8% ±  7.0%  collapse=0/10
[2026-06-17 00:13:10]   Sub 45: bal_acc= 53.1% ±  9.8%  collapse=0/10
[2026-06-17 00:13:11]   Sub 46: bal_acc= 51.9% ±  9.7%  collapse=0/10
[2026-06-17 00:13:13]   Sub 47: bal_acc= 55.6% ± 12.0%  collapse=0/10
[2026-06-17 00:13:15]   Sub 48: bal_acc= 44.4% ±  7.1%  collapse=0/10
[2026-06-17 00:13:16]   Sub 49: bal_acc= 51.2% ±  9.2%  collapse=0/10
[2026-06-17 00:13:18]   Sub 50: bal_acc= 58.1% ± 11.5%  collapse=0/10
[2026-06-17 00:13:18] ======================================================================
[2026-06-17 00:13:18] Done. Total folds: 500
[2026-06-17 00:13:18] ======================================================================
[2026-06-17 00:13:18] GLOBAL — S-JEPA probe/fusion [sjepa+riemann | shrinkage_lda]
[2026-06-17 00:13:18]   Balanced accuracy: 52.21% ± 12.94%
[2026-06-17 00:13:18]   Accuracy:          52.21% ± 12.94%
[2026-06-17 00:13:18]   Left/Right recall: 52.4% / 52.0%
[2026-06-17 00:13:18]   Collapsed folds:   0/500 (0.0%)
[2026-06-17 00:13:18]   Artifacts: ../../artifacts/liu2024_sjepa_embed_probe_fusion/20260617_0011_bc898169
[2026-06-17 00:13:18] ======================================================================
[2026-06-17 00:13:18] Saved CSV/JSON artifacts + confusion_matrix.png + subject_performance.png
