[2026-06-18 18:49:23] ======================================================================
[2026-06-18 18:49:23] Experiment: PV2_honest_lda_ltsa_full
[2026-06-18 18:49:23] Note:       paper 19x7 + LTSA + LDA; leaky+honest
[2026-06-18 18:49:23] Run ID:     20260618_1849_ee9e0099
[2026-06-18 18:49:23] Artifacts:  /home/vegorov/Repos/eeg_jepa_research/artifacts/liu2024-twfb-dgfmdm-paper-faithful-v2/20260618_1849_ee9e0099
[2026-06-18 18:49:23] Cov cache:  /home/vegorov/Repos/eeg_jepa_research/artifacts/covariance_cache/cov_90b378e769  (mode=auto, sig=90b378e769)
[2026-06-18 18:49:23] ======================================================================
[2026-06-18 18:49:23] Loader defined.
[2026-06-18 18:49:23] Covariance builder + cache I/O defined.
[2026-06-18 18:49:23] Paper pipeline (TangentSpace -> LTSA -> LDA) + leaky/honest protocols defined.
[2026-06-18 18:49:23] using source root: /home/vegorov/Repos/eeg_jepa_research/liu2024_data/liu2024_figshare/sourcedata  (50 subjects)
[2026-06-18 18:49:23] ======================================================================
[2026-06-18 18:58:00]   sub-01 [cache   ]: twfb_leaky= 71.2  twfb_honest= 50.0   (516.4s)
[2026-06-18 19:06:40]   sub-02 [computed]: twfb_leaky= 76.2  twfb_honest= 52.5   (1036.5s)
[2026-06-18 19:15:21]   sub-03 [computed]: twfb_leaky= 77.5  twfb_honest= 56.2   (1557.3s)
[2026-06-18 19:24:00]   sub-04 [computed]: twfb_leaky= 75.0  twfb_honest= 52.5   (2076.5s)
[2026-06-18 19:32:34]   sub-05 [computed]: twfb_leaky= 75.0  twfb_honest= 53.8   (2590.6s)
[2026-06-18 19:41:15]   sub-06 [computed]: twfb_leaky= 73.8  twfb_honest= 43.8   (3111.9s)
[2026-06-18 19:49:52]   sub-07 [computed]: twfb_leaky= 83.8  twfb_honest= 60.0   (3628.8s)
[2026-06-18 19:58:30]   sub-08 [computed]: twfb_leaky= 76.2  twfb_honest= 45.0   (4146.7s)
[2026-06-18 20:07:09]   sub-09 [computed]: twfb_leaky= 81.2  twfb_honest= 57.5   (4665.7s)
[2026-06-18 20:15:49]   sub-10 [computed]: twfb_leaky= 82.5  twfb_honest= 52.5   (5185.1s)
[2026-06-18 20:24:25]   sub-11 [computed]: twfb_leaky= 75.0  twfb_honest= 65.0   (5701.6s)
[2026-06-18 20:33:01]   sub-12 [computed]: twfb_leaky= 77.5  twfb_honest= 55.0   (6217.3s)
[2026-06-18 20:41:40]   sub-13 [computed]: twfb_leaky= 75.0  twfb_honest= 36.2   (6737.0s)
[2026-06-18 20:50:19]   sub-14 [computed]: twfb_leaky= 73.8  twfb_honest= 41.2   (7255.7s)
[2026-06-18 20:58:53]   sub-15 [computed]: twfb_leaky= 80.0  twfb_honest= 43.8   (7769.9s)
[2026-06-18 21:07:32]   sub-16 [computed]: twfb_leaky= 77.5  twfb_honest= 50.0   (8288.4s)
[2026-06-18 21:16:09]   sub-17 [computed]: twfb_leaky= 75.0  twfb_honest= 51.2   (8805.9s)
[2026-06-18 21:24:50]   sub-18 [computed]: twfb_leaky= 76.2  twfb_honest= 48.8   (9326.6s)
[2026-06-18 21:33:31]   sub-19 [computed]: twfb_leaky= 76.2  twfb_honest= 45.0   (9847.3s)
[2026-06-18 21:42:11]   sub-20 [computed]: twfb_leaky= 87.5  twfb_honest= 60.0   (10367.0s)
[2026-06-18 21:50:50]   sub-21 [computed]: twfb_leaky= 70.0  twfb_honest= 48.8   (10886.8s)
[2026-06-18 21:59:27]   sub-22 [computed]: twfb_leaky= 73.8  twfb_honest= 61.3   (11403.2s)
[2026-06-18 22:08:07]   sub-23 [computed]: twfb_leaky= 78.8  twfb_honest= 55.0   (11923.3s)
[2026-06-18 22:16:42]   sub-24 [computed]: twfb_leaky= 70.0  twfb_honest= 46.2   (12438.5s)
[2026-06-18 22:25:21]   sub-25 [computed]: twfb_leaky= 75.0  twfb_honest= 51.2   (12957.6s)
[2026-06-18 22:34:00]   sub-26 [computed]: twfb_leaky= 75.0  twfb_honest= 51.2   (13476.8s)
[2026-06-18 22:42:37]   sub-27 [computed]: twfb_leaky= 76.2  twfb_honest= 38.8   (13993.7s)
[2026-06-18 22:51:17]   sub-28 [computed]: twfb_leaky= 75.0  twfb_honest= 45.0   (14513.2s)
[2026-06-18 22:59:55]   sub-29 [computed]: twfb_leaky= 73.8  twfb_honest= 51.2   (15031.5s)
[2026-06-18 23:08:33]   sub-30 [computed]: twfb_leaky= 76.2  twfb_honest= 52.5   (15549.2s)
[2026-06-18 23:17:12]   sub-31 [computed]: twfb_leaky= 71.2  twfb_honest= 42.5   (16069.0s)
[2026-06-18 23:25:52]   sub-32 [computed]: twfb_leaky= 76.2  twfb_honest= 55.0   (16588.2s)
[2026-06-18 23:34:32]   sub-33 [computed]: twfb_leaky= 72.5  twfb_honest= 56.2   (17108.8s)
[2026-06-18 23:43:11]   sub-34 [computed]: twfb_leaky= 70.0  twfb_honest= 43.8   (17627.4s)
[2026-06-18 23:51:51]   sub-35 [computed]: twfb_leaky= 75.0  twfb_honest= 37.5   (18147.1s)
[2026-06-19 00:00:28]   sub-36 [computed]: twfb_leaky= 71.2  twfb_honest= 40.0   (18664.8s)
[2026-06-19 00:09:07]   sub-37 [computed]: twfb_leaky= 82.5  twfb_honest= 48.8   (19183.3s)
[2026-06-19 00:17:44]   sub-38 [computed]: twfb_leaky= 80.0  twfb_honest= 46.2   (19701.0s)
[2026-06-19 00:26:22]   sub-39 [computed]: twfb_leaky= 76.2  twfb_honest= 42.5   (20218.6s)
[2026-06-19 00:34:59]   sub-40 [computed]: twfb_leaky= 85.0  twfb_honest= 75.0   (20735.5s)
[2026-06-19 00:43:39]   sub-41 [computed]: twfb_leaky= 72.5  twfb_honest= 47.5   (21255.6s)
[2026-06-19 00:52:19]   sub-42 [computed]: twfb_leaky= 76.2  twfb_honest= 57.5   (21775.4s)
[2026-06-19 01:00:55]   sub-43 [computed]: twfb_leaky= 75.0  twfb_honest= 47.5   (22291.9s)
[2026-06-19 01:09:33]   sub-44 [computed]: twfb_leaky= 82.5  twfb_honest= 62.5   (22809.8s)
[2026-06-19 01:18:11]   sub-45 [computed]: twfb_leaky= 73.8  twfb_honest= 48.8   (23327.8s)
[2026-06-19 01:26:50]   sub-46 [computed]: twfb_leaky= 71.2  twfb_honest= 48.8   (23846.4s)
[2026-06-19 01:35:29]   sub-47 [computed]: twfb_leaky= 78.8  twfb_honest= 50.0   (24365.8s)
[2026-06-19 01:44:06]   sub-48 [computed]: twfb_leaky= 76.2  twfb_honest= 48.8   (24882.5s)
[2026-06-19 01:52:38]   sub-49 [computed]: twfb_leaky= 78.8  twfb_honest= 50.0   (25395.0s)
[2026-06-19 02:01:16]   sub-50 [computed]: twfb_leaky= 76.2  twfb_honest= 47.5   (25912.2s)
[2026-06-19 02:01:16] ======================================================================
[2026-06-19 02:01:16] cov source: 1 from cache, 49 computed
[2026-06-19 02:01:16] ======================================================================
[2026-06-19 02:01:16] Paper-faithful TWFB-DGFMDM + LTSA — Liu2024, n=50  [clf=lda_ltsa use_ltsa=True]
[2026-06-19 02:01:16]   Paper TWFB+LTSA (leaky max-on-test)         : 76.23%  ± 3.90
[2026-06-19 02:01:16]   Paper TWFB+LTSA honest nested-CV (bal.acc)  : 50.35%  ± 7.35
[2026-06-19 02:01:16]   Liu2024 Table 4 TWFB+DGFMDRM (reported)     : 72.21%
[2026-06-19 02:01:16]   >>> LEAKAGE GAP (leaky - honest): 25.9 pts
[2026-06-19 02:01:16]   honest vs chance: mean=50.35%  wilcoxon p=0.939  (22/50 > 0.5)
[2026-06-19 02:01:16] ======================================================================
[2026-06-19 02:01:16] Saved subject_results.csv, summary.json, global_metrics.json, subject_metrics.json, run_metadata.json + PNG
[2026-06-19 02:01:16] Artifacts: /home/vegorov/Repos/eeg_jepa_research/artifacts/liu2024-twfb-dgfmdm-paper-faithful-v2/20260618_1849_ee9e0099
