[2026-07-12 13:55:44] Run ID:     20260712_135544_692661_31ae0572
[2026-07-12 13:55:44] Artifacts:  /Users/vadim/Documents/School/Spring 2026/CSCE A698 Individual Research/EEG_JEPA/artifacts/liu2024-multiscale-riemann-fusion/20260712_135544_692661_31ae0572
[2026-07-12 13:55:44] Config:     /Users/vadim/Documents/School/Spring 2026/CSCE A698 Individual Research/EEG_JEPA/artifacts/liu2024-multiscale-riemann-fusion/20260712_135544_692661_31ae0572/config.json
[2026-07-12 13:55:44] Seed initialized: 2026
[2026-07-12 13:55:44] ========================================================================
[2026-07-12 13:55:44] {
  "artifact_dir": "/Users/vadim/Documents/School/Spring 2026/CSCE A698 Individual Research/EEG_JEPA/artifacts/liu2024-multiscale-riemann-fusion",
  "asymmetry_pairs": [
    [
      "C3",
      "C4"
    ],
    [
      "FC3",
      "FC4"
    ],
    [
      "CP3",
      "CP4"
    ],
    [
      "P3",
      "P4"
    ]
  ],
  "average_reference": true,
  "bands_hz": [
    [
      8,
      12
    ],
    [
      13,
      20
    ],
    [
      20,
      30
    ],
    [
      8,
      30
    ]
  ],
  "base_classifier": "mdm_riemann_prototype",
  "bootstrap_iterations": 10000,
  "bootstrap_seed": 202607,
  "channel_indices": [
    0,
    1,
    2,
    3,
    4,
    5,
    6,
    7,
    8,
    9,
    10,
    11,
    12,
    13,
    14,
    15,
    16,
    18,
    19,
    20,
    21,
    22,
    23,
    24,
    25,
    26,
    27,
    28,
    29
  ],
  "channel_names": [
    "Fp1",
    "Fp2",
    "Fz",
    "F3",
    "F4",
    "F7",
    "F8",
    "FCz",
    "FC3",
    "FC4",
    "FT7",
    "FT8",
    "Cz",
    "C3",
    "C4",
    "T3",
    "T4",
    "CP3",
    "CP4",
    "TP7",
    "TP8",
    "Pz",
    "P3",
    "P4",
    "T5",
    "T6",
    "Oz",
    "O1",
    "O2"
  ],
  "collapse_threshold": 0.95,
  "config_note": "Target-only prototype shrinkage: class means shrink 25% toward the unlabeled outer-training Riemannian mean.",
  "covariance_block_samples": 250,
  "covariance_cache_dir": "/Users/vadim/Documents/School/Spring 2026/CSCE A698 Individual Research/EEG_JEPA/artifacts/covariance_cache/multiscale_riemann_fusion",
  "covariance_downsample_factor": 4,
  "covariance_estimator": "oas",
  "device": "auto",
  "enable_learned_stack": true,
  "enable_sjepa": false,
  "experiment_name": "multiscale_development_motor8_fulltrial_oas_mdm_target_shrink",
  "filter_context": "full_trial_then_crop",
  "filter_order": 4,
  "fixed_shrinkage": 0.05,
  "fixed_single_view": {
    "band_hz": [
      8,
      30
    ],
    "scale": "4s",
    "start_s": 0.0
  },
  "inner_folds": 4,
  "lv14_subject_ids": [
    1,
    3,
    7,
    9,
    10,
    11,
    14,
    15,
    17,
    29,
    31,
    32,
    37,
    41
  ],
  "marker_channel_index": 32,
  "mi_window_s": [
    0.0,
    4.0
  ],
  "onset_fallback_sample": 1003,
  "onset_marker_value": 2,
  "onset_plausible_range": [
    800,
    1300
  ],
  "outer_folds": 5,
  "outer_protocol": "stratified_5fold",
  "prototype_shrinkage": 0.25,
  "ridge_logistic_C": 0.1,
  "seed": 2026,
  "selection_stability_lambda": 0.25,
  "sensitivity_repeats": 10,
  "sensitivity_test_size": 0.4,
  "set_seed": true,
  "sfreq": 500,
  "sjepa_bandpass_hz": [
    0.5,
    40.0
  ],
  "sjepa_batch_size": 32,
  "sjepa_cache_dir": "/Users/vadim/Documents/School/Spring 2026/CSCE A698 Individual Research/EEG_JEPA/artifacts/sjepa_embedding_cache/multiscale_riemann_fusion",
  "sjepa_cache_policy": "refuse",
  "sjepa_checkpoint_path": null,
  "sjepa_hook": "feature_encoder",
  "sjepa_model_id": "braindecode/signal-jepa_without-chans",
  "sjepa_model_revision": null,
  "sjepa_pooling": "mean",
  "sjepa_sfreq": 128,
  "sjepa_window_s": [
    0.0,
    4.0
  ],
  "source_extract_dir": "/Users/vadim/Documents/School/Spring 2026/CSCE A698 Individual Research/EEG_JEPA/liu2024_data/liu2024_figshare/sourcedata",
  "spatial_mode": "motor8",
  "split_random_state": 2026,
  "stack_C": 0.05,
  "stack_l1_ratio": 0.5,
  "subjects_to_use": null,
  "tangent_metric": "riemann",
  "tangent_pca_max_components": 8,
  "temporal_scales": {
    "1s": {
      "length_s": 1.0,
      "starts_s": [
        0.0,
        1.0,
        2.0,
        3.0
      ]
    },
    "2s": {
      "length_s": 2.0,
      "starts_s": [
        0.0,
        1.0,
        2.0
      ]
    },
    "4s": {
      "length_s": 4.0,
      "starts_s": [
        0.0
      ]
    }
  },
  "top_k_views": 5,
  "trace_normalize": true
}
[2026-07-12 13:55:44] ========================================================================
[2026-07-12 13:55:49] sub-01: completed 5 outer splits
[2026-07-12 13:55:54] sub-02: completed 5 outer splits
[2026-07-12 13:55:59] sub-03: completed 5 outer splits
[2026-07-12 13:56:04] sub-04: completed 5 outer splits
[2026-07-12 13:56:09] sub-05: completed 5 outer splits
[2026-07-12 13:56:14] sub-06: completed 5 outer splits
[2026-07-12 13:56:19] sub-07: completed 5 outer splits
[2026-07-12 13:56:24] sub-08: completed 5 outer splits
[2026-07-12 13:56:29] sub-09: completed 5 outer splits
[2026-07-12 13:56:34] sub-10: completed 5 outer splits
[2026-07-12 13:56:38] sub-11: completed 5 outer splits
[2026-07-12 13:56:43] sub-12: completed 5 outer splits
[2026-07-12 13:56:49] sub-13: completed 5 outer splits
[2026-07-12 13:56:53] sub-14: completed 5 outer splits
[2026-07-12 13:56:58] sub-15: completed 5 outer splits
[2026-07-12 13:57:03] sub-16: completed 5 outer splits
[2026-07-12 13:57:08] sub-17: completed 5 outer splits
[2026-07-12 13:57:13] sub-18: completed 5 outer splits
[2026-07-12 13:57:18] sub-19: completed 5 outer splits
[2026-07-12 13:57:23] sub-20: completed 5 outer splits
[2026-07-12 13:57:28] sub-21: completed 5 outer splits
[2026-07-12 13:57:33] sub-22: completed 5 outer splits
[2026-07-12 13:57:38] sub-23: completed 5 outer splits
[2026-07-12 13:57:43] sub-24: completed 5 outer splits
[2026-07-12 13:57:48] sub-25: completed 5 outer splits
[2026-07-12 13:57:54] sub-26: completed 5 outer splits
[2026-07-12 13:57:59] sub-27: completed 5 outer splits
[2026-07-12 13:58:03] sub-28: completed 5 outer splits
[2026-07-12 13:58:08] sub-29: completed 5 outer splits
[2026-07-12 13:58:14] sub-30: completed 5 outer splits
[2026-07-12 13:58:19] sub-31: completed 5 outer splits
[2026-07-12 13:58:24] sub-32: completed 5 outer splits
[2026-07-12 13:58:29] sub-33: completed 5 outer splits
[2026-07-12 13:58:34] sub-34: completed 5 outer splits
[2026-07-12 13:58:39] sub-35: completed 5 outer splits
[2026-07-12 13:58:44] sub-36: completed 5 outer splits
[2026-07-12 13:58:49] sub-37: completed 5 outer splits
[2026-07-12 13:58:54] sub-38: completed 5 outer splits
[2026-07-12 13:58:59] sub-39: completed 5 outer splits
[2026-07-12 13:59:04] sub-40: completed 5 outer splits
[2026-07-12 13:59:09] sub-41: completed 5 outer splits
[2026-07-12 13:59:14] sub-42: completed 5 outer splits
[2026-07-12 13:59:19] sub-43: completed 5 outer splits
[2026-07-12 13:59:24] sub-44: completed 5 outer splits
[2026-07-12 13:59:29] sub-45: completed 5 outer splits
[2026-07-12 13:59:34] sub-46: completed 5 outer splits
[2026-07-12 13:59:39] sub-47: completed 5 outer splits
[2026-07-12 13:59:43] sub-48: completed 5 outer splits
[2026-07-12 13:59:48] sub-49: completed 5 outer splits
[2026-07-12 13:59:53] sub-50: completed 5 outer splits
[2026-07-12 13:59:54] Primary metric: subject-level pooled outer-OOF BA, then mean across subjects
[2026-07-12 13:59:54] asymmetry: 49.00%
[2026-07-12 13:59:54] asymmetry_scale_1s: 49.60%
[2026-07-12 13:59:54] asymmetry_scale_2s: 49.70%
[2026-07-12 13:59:54] asymmetry_scale_4s: 48.45%
[2026-07-12 13:59:54] fixed_single_view: 48.10%
[2026-07-12 13:59:54] hierarchical_elastic_net_stack: 51.95%
[2026-07-12 13:59:54] nested_best_single_view: 51.15%
[2026-07-12 13:59:54] riemann_asymmetry_fusion: 50.10%
[2026-07-12 13:59:54] riemann_equal_multiscale: 51.90%
[2026-07-12 13:59:54] riemann_scale_1s: 53.20%
[2026-07-12 13:59:54] riemann_scale_2s: 51.80%
[2026-07-12 13:59:54] riemann_scale_4s: 49.90%
[2026-07-12 13:59:54] riemann_stable_topk: 52.40%
[2026-07-12 13:59:54] Planned subject-level comparisons: {
  "fusion_vs_riemann": {
    "method_a": "riemann_asymmetry_fusion",
    "method_b": "riemann_stable_topk",
    "n_subjects": 50,
    "mean_paired_delta": -0.023000000000000003,
    "bootstrap_95_ci": [
      -0.0475,
      0.0015000000000000057
    ],
    "wilcoxon_statistic": 295.5,
    "wilcoxon_pvalue": 0.05090841639951087,
    "inference_unit": "subject"
  },
  "fusion_vs_sjepa": null
}
[2026-07-12 13:59:54] Fold failures: 0 (never replaced by constant or fallback models)
[2026-07-12 13:59:57] CV results saved to:      /Users/vadim/Documents/School/Spring 2026/CSCE A698 Individual Research/EEG_JEPA/artifacts/liu2024-multiscale-riemann-fusion/20260712_135544_692661_31ae0572/cv_results.json
[2026-07-12 13:59:57] Subject metrics saved to: /Users/vadim/Documents/School/Spring 2026/CSCE A698 Individual Research/EEG_JEPA/artifacts/liu2024-multiscale-riemann-fusion/20260712_135544_692661_31ae0572/subject_metrics.json
[2026-07-12 13:59:57] Global metrics saved to:  /Users/vadim/Documents/School/Spring 2026/CSCE A698 Individual Research/EEG_JEPA/artifacts/liu2024-multiscale-riemann-fusion/20260712_135544_692661_31ae0572/global_metrics.json
[2026-07-12 13:59:57] Run metadata saved to:    /Users/vadim/Documents/School/Spring 2026/CSCE A698 Individual Research/EEG_JEPA/artifacts/liu2024-multiscale-riemann-fusion/20260712_135544_692661_31ae0572/run_metadata.json
[2026-07-12 13:59:57] 
All artifacts in: /Users/vadim/Documents/School/Spring 2026/CSCE A698 Individual Research/EEG_JEPA/artifacts/liu2024-multiscale-riemann-fusion/20260712_135544_692661_31ae0572
