[2026-06-04 19:04:41] Run ID:     20260604_1904_52d0d5f1
[2026-06-04 19:04:41] Artifacts:  /Users/vadim/Documents/School/Spring 2026/CSCE A698 Individual Research/EEG_JEPA/artifacts/liu2024-source-mat-autoencoder-representation/20260604_1904_52d0d5f1
[2026-06-04 19:04:41] Config:     /Users/vadim/Documents/School/Spring 2026/CSCE A698 Individual Research/EEG_JEPA/artifacts/liu2024-source-mat-autoencoder-representation/20260604_1904_52d0d5f1/config.json
[2026-06-04 19:04:41] Using device: mps
[2026-06-04 19:04:42] Seed initialized: 2026
[2026-06-04 19:04:42] Configured preprocessing pipeline:
[2026-06-04 19:04:42]   - [ON] source::select_eeg_channels | - select Liu EEG channels, drop CPz reference, EOG, and marker before model input
[2026-06-04 19:04:42]   - [off] source::demean | mode=none | baseline_window_s=[0.0, 2.0]
[2026-06-04 19:04:42]   - [off] source::detrend | mode=none
[2026-06-04 19:04:42]   - [off] source::eog_correction | mode=none
[2026-06-04 19:04:42]   - [off] source::artifact_clipping | mode=none | percentile=99.5
[2026-06-04 19:04:42]   - [ON] mne_raw::reference | timing=before_resample_filter | mode=average
[2026-06-04 19:04:42]   - [ON] mne_raw::resample | sfreq=128
[2026-06-04 19:04:42]   - [ON] mne_raw::bandpass_filter | l_freq=0.5 | h_freq=40.0 | method=fir | phase=zero | fir_design=firwin
[2026-06-04 19:04:42]   - [off] mne_raw::notch_filter | timing=after_bandpass
[2026-06-04 19:04:42]   - [ON] window::crop_fixed_mi_window | start_s=1.5 | target_window_samples=537
[2026-06-04 19:04:42]   - [off] window::bad_trial_rejection
[2026-06-04 19:04:42]   - [off] split::fold_safe_normalization | mode=none
[2026-06-04 19:04:42] Source extract dir: /Users/vadim/Documents/School/Spring 2026/CSCE A698 Individual Research/EEG_JEPA/liu2024_data/liu2024_figshare/sourcedata
[2026-06-04 19:04:42] Found 50 .mat files
[2026-06-04 19:04:42] MAT structure preview saved to: /Users/vadim/Documents/School/Spring 2026/CSCE A698 Individual Research/EEG_JEPA/artifacts/liu2024-source-mat-autoencoder-representation/20260604_1904_52d0d5f1/mat_structure_preview_first_subject.csv
[2026-06-04 19:04:48] Subjects loaded: [1, 2, 3, 4, 5, 6, 7, 8, 9, 10, 11, 12, 13, 14, 15, 16, 17, 18, 19, 20, 21, 22, 23, 24, 25, 26, 27, 28, 29, 30, 31, 32, 33, 34, 35, 36, 37, 38, 39, 40, 41, 42, 43, 44, 45, 46, 47, 48, 49, 50]
[2026-06-04 19:04:48] Subject inventory saved to: /Users/vadim/Documents/School/Spring 2026/CSCE A698 Individual Research/EEG_JEPA/artifacts/liu2024-source-mat-autoencoder-representation/20260604_1904_52d0d5f1/subject_inventory.csv
[2026-06-04 19:05:01] X_ALL shape: (2000, 29, 537) | Y_ALL counts: [1000, 1000]
[2026-06-04 19:05:01] Preprocessing steps used:
[2026-06-04 19:05:01]   - select 29 EEG channels; drop CPz source reference, EOG, and marker
[2026-06-04 19:05:01]   - source demean skipped
[2026-06-04 19:05:01]   - source detrend skipped
[2026-06-04 19:05:01]   - EOG correction skipped
[2026-06-04 19:05:01]   - source artifact clipping skipped
[2026-06-04 19:05:01]   - convert source microvolts to MNE volts
[2026-06-04 19:05:01]   - average reference at before resample/filter
[2026-06-04 19:05:01]   - resample to 128 Hz
[2026-06-04 19:05:01]   - FIR bandpass 0.5–40.0 Hz | phase=zero | fir_design=firwin
[2026-06-04 19:05:01]   - convert MNE volts to model microvolts
[2026-06-04 19:05:01]   - crop fixed window samples [192:729]
[2026-06-04 19:05:01]   - bad-trial rejection skipped
[2026-06-04 19:05:01] Window summary saved to: /Users/vadim/Documents/School/Spring 2026/CSCE A698 Individual Research/EEG_JEPA/artifacts/liu2024-source-mat-autoencoder-representation/20260604_1904_52d0d5f1/window_counts_by_subject.csv
[2026-06-04 19:05:02] ======================================================================
[2026-06-04 19:05:02] STARTING AUTOENCODER REPRESENTATION BASELINE
[2026-06-04 19:05:02] ======================================================================
[2026-06-04 19:05:02] Experiment:    liu2024_autoencoder_representation_baseline
[2026-06-04 19:05:02] Subjects:      ['1', '2', '3', '4', '5', '6', '7', '8', '9', '10', '11', '12', '13', '14', '15', '16', '17', '18', '19', '20', '21', '22', '23', '24', '25', '26', '27', '28', '29', '30', '31', '32', '33', '34', '35', '36', '37', '38', '39', '40', '41', '42', '43', '44', '45', '46', '47', '48', '49', '50']
[2026-06-04 19:05:02] Preprocessing: demean=none | ref=average@before_resample_filter | resample=True->128 | filter=True 0.5–40.0 fir
[2026-06-04 19:05:02] Evaluation:    stratified_kfold | cv_folds=5
[2026-06-04 19:05:02] Window:        start=1.5s | samples=537 | duration=4.1953s | effective sfreq=128.0
[2026-06-04 19:05:02] Autoencoder:   latent_dim=128 | batch=8 | lr=0.001
[2026-06-04 19:05:02] Device:        mps
[2026-06-04 19:05:02] ======================================================================

[2026-06-04 19:05:02] Fold 1/5 | subject=1
[2026-06-04 19:05:02]     Train: 32 | counts=[16, 16]
[2026-06-04 19:05:02]     Test:  8 | counts=[4, 4]
[2026-06-04 19:05:02]     AE latent_dim=128 | Normalization=none
