[2026-05-18 11:45:09] Logging to: /Users/vadim/Documents/School/Spring 2026/CSCE A698 Individual Research/EEG_JEPA/artifacts/liu2024-csp-fbcsp-baselines/MI/20260518_1145_3cbd1937/run.log
[2026-05-18 11:45:09] Seed control disabled (CONFIG['set_seed'] = False)
[2026-05-18 11:45:09] ======================================================================
[2026-05-18 11:45:09] CONFIGURATION
[2026-05-18 11:45:09] ======================================================================
[2026-05-18 11:45:09] {
  "artifact_dir": "/Users/vadim/Documents/School/Spring 2026/CSCE A698 Individual Research/EEG_JEPA/artifacts/liu2024-csp-fbcsp-baselines",
  "dataset_source": "auto",
  "dataset_name": "Liu2024",
  "preprocessed_concat_dir": null,
  "labels_to_keep": [
    "right_hand",
    "left_hand"
  ],
  "exclude_subjects": [],
  "subjects_to_use": null,
  "moabb_dataset_kwargs": {},
  "seed": null,
  "set_seed": false,
  "sfreq": 128,
  "bandpass_low": 0.5,
  "bandpass_high": 40.0,
  "paradigm": "MI",
  "base_trial_duration_s": 8.0,
  "target_window_duration_s": 4.2,
  "on_overlapping_events": "warn",
  "cv_folds": 5,
  "run_models": [
    "CSP_LDA",
    "FBCSP_LDA"
  ],
  "csp": {
    "apply_feature_filter": true,
    "l_freq": 8.0,
    "h_freq": 30.0,
    "n_components": 4,
    "reg": "ledoit_wolf",
    "log": true,
    "norm_trace": false
  },
  "fbcsp": {
    "bands": [
      [
        4.0,
        8.0
      ],
      [
        8.0,
        12.0
      ],
      [
        12.0,
        16.0
      ],
      [
        16.0,
        20.0
      ],
      [
        20.0,
        24.0
      ],
      [
        24.0,
        28.0
      ],
      [
        28.0,
        32.0
      ],
      [
        32.0,
        36.0
      ],
      [
        36.0,
        40.0
      ]
    ],
    "n_components": 4,
    "reg": "ledoit_wolf",
    "log": true,
    "norm_trace": false
  },
  "classifier": "lda",
  "linear_svm_C": 1.0,
  "feature_filter_method": "iir",
  "feature_iir_params": {
    "order": 5,
    "ftype": "butter"
  }
}
[2026-05-18 11:45:09] Saved config to: /Users/vadim/Documents/School/Spring 2026/CSCE A698 Individual Research/EEG_JEPA/artifacts/liu2024-csp-fbcsp-baselines/MI/20260518_1145_3cbd1937/config.json
[2026-05-18 11:45:09] Epoch window configuration:
[2026-05-18 11:45:09]   Target sfreq:                128 Hz
[2026-05-18 11:45:09]   Requested duration:          4.200 s
[2026-05-18 11:45:09]   Window samples:              537
[2026-05-18 11:45:09]   Effective duration:          4.195312 s

[2026-05-18 11:45:09] Provided concat dir:              None
[2026-05-18 11:45:09] Default concat dir:               /Users/vadim/Documents/School/Spring 2026/CSCE A698 Individual Research/EEG_JEPA/preprocessed_concat_datasets/Liu2024_MI_2307ecd4_subjects_66243829
[2026-05-18 11:45:09] Selected concat dir:              /Users/vadim/Documents/School/Spring 2026/CSCE A698 Individual Research/EEG_JEPA/preprocessed_concat_datasets/Liu2024_MI_2307ecd4_subjects_66243829
[2026-05-18 11:45:09] Preprocessed concat exists:       False
[2026-05-18 11:45:09] Effective dataset source:         moabb

[2026-05-18 11:45:09] Building MOABBDataset for Liu2024...
[2026-05-18 11:45:09]   Paradigm:              MI
[2026-05-18 11:45:09]   Subject IDs:           [1, 2, 3, 4, 5, 6, 7, 8, 9, 10, 11, 12, 13, 14, 15, 16, 17, 18, 19, 20, 21, 22, 23, 24, 25, 26, 27, 28, 29, 30, 31, 32, 33, 34, 35, 36, 37, 38, 39, 40, 41, 42, 43, 44, 45, 46, 47, 48, 49, 50]
[2026-05-18 11:45:09]   Dataset kwargs:        {}
[2026-05-18 11:45:09]   Labels to keep:        ['right_hand', 'left_hand']
[2026-05-18 11:45:09]   Excluded subject IDs:  []
[2026-05-18 11:45:09] 1.4.3
[2026-05-18 11:45:36]   Recordings loaded:     50
[2026-05-18 11:45:36]   Raw labels detected:   ['left_hand', 'right_hand']
[2026-05-18 11:45:36] Applying Braindecode preprocessors to MOABBDataset...
[2026-05-18 11:45:44] Saved preprocessed raw concat dataset to: /Users/vadim/Documents/School/Spring 2026/CSCE A698 Individual Research/EEG_JEPA/preprocessed_concat_datasets/Liu2024_MI_2307ecd4_subjects_66243829
[2026-05-18 11:45:45] Loaded raw concat dataset from: /Users/vadim/Documents/School/Spring 2026/CSCE A698 Individual Research/EEG_JEPA/preprocessed_concat_datasets/Liu2024_MI_2307ecd4_subjects_66243829

[2026-05-18 11:45:45] Post-load raw validation
[2026-05-18 11:45:45]   Recordings in LOADED_DATASET:   50
[2026-05-18 11:45:45]   Unique subject IDs:             ['1', '10', '11', '12', '13', '14', '15', '16', '17', '18', '19', '2', '20', '21', '22', '23', '24', '25', '26', '27', '28', '29', '3', '30', '31', '32', '33', '34', '35', '36', '37', '38', '39', '4', '40', '41', '42', '43', '44', '45', '46', '47', '48', '49', '5', '50', '6', '7', '8', '9']
[2026-05-18 11:45:45]   sfreq (first rec):              128.0 Hz
[2026-05-18 11:45:45]   EEG channel count:              29
[2026-05-18 11:45:45]   Annotation labels present:      ['left_hand', 'right_hand']
[2026-05-18 11:45:45]   Labels selected for training:   ['right_hand', 'left_hand']
[2026-05-18 11:45:45] Annotation counts before filtering: {np.str_('left_hand'): 1000, np.str_('right_hand'): 950}
[2026-05-18 11:45:45] Filtered annotations: kept 1950 / 1950
[2026-05-18 11:45:45] Annotation counts after filtering:  {np.str_('left_hand'): 1000, np.str_('right_hand'): 950}
[2026-05-18 11:45:45] Annotation timing diagnostic after label filtering:
[2026-05-18 11:45:45]   Selected events:             1950
[2026-05-18 11:45:45]   Duration min/median/max:     3.999996 / 4.000000 / 4.000004 s
[2026-05-18 11:45:45]   Requested analysis samples:  537
[2026-05-18 11:45:45]   Effective analysis duration: 4.195312 s
[2026-05-18 11:45:45]   Onset gap min/median/max:    0.001999 / 2.006001 / 4.004005 s
[2026-05-18 11:45:45]   Potential 4.195312s overlaps: 1900
[2026-05-18 11:45:45]     overlap example recording=0, left_hand@4.006s -> right_hand@8.010s, gap=4.004s
[2026-05-18 11:45:45]     overlap example recording=0, right_hand@8.010s -> left_hand@10.000s, gap=1.990s
[2026-05-18 11:45:45]     overlap example recording=0, left_hand@10.000s -> right_hand@12.004s, gap=2.004s
[2026-05-18 11:45:45]     overlap example recording=0, right_hand@12.004s -> left_hand@16.006s, gap=4.002s
[2026-05-18 11:45:45]     overlap example recording=0, left_hand@16.006s -> right_hand@18.000s, gap=1.994s
[2026-05-18 11:45:45]     overlap example recording=0, right_hand@18.000s -> left_hand@20.004s, gap=2.004s
[2026-05-18 11:45:45]     overlap example recording=0, left_hand@20.004s -> right_hand@24.004s, gap=4.000s
[2026-05-18 11:45:45]     overlap example recording=0, right_hand@24.004s -> left_hand@26.000s, gap=1.996s
[2026-05-18 11:45:45]     overlap example recording=0, left_hand@26.000s -> right_hand@28.006s, gap=2.006s
[2026-05-18 11:45:45]     overlap example recording=0, right_hand@28.006s -> left_hand@32.008s, gap=4.002s
[2026-05-18 11:45:45] Windowing offset configuration:
[2026-05-18 11:45:45]   Min annotation samples:      511
[2026-05-18 11:45:45]   Median annotation samples:   512
[2026-05-18 11:45:45]   Max annotation samples:      512
[2026-05-18 11:45:45]   Target window samples:       537
[2026-05-18 11:45:45]   trial_start_offset_samples:  0
[2026-05-18 11:45:45]   trial_stop_offset_samples:   26
[2026-05-18 11:45:45]   on_overlapping_events:       warn
[2026-05-18 11:45:45] Window shape: (29, 537)
[2026-05-18 11:45:45] Window sample length expected=537, got=537
[2026-05-18 11:45:45] Class mapping: {'right_hand': 0, 'left_hand': 1}
[2026-05-18 11:45:45] Global class counts: [950, 1000]
[2026-05-18 11:45:45] Chance level (2-class): 0.50
[2026-05-18 11:45:45] Summarizing per-subject windows...
[2026-05-18 11:45:45]   Subject 1: n_windows=39, window_shape=(29, 537), class_counts=[19, 20]
[2026-05-18 11:45:45]   Subject 2: n_windows=39, window_shape=(29, 537), class_counts=[19, 20]
[2026-05-18 11:45:45]   Subject 3: n_windows=39, window_shape=(29, 537), class_counts=[19, 20]
[2026-05-18 11:45:45]   Subject 4: n_windows=39, window_shape=(29, 537), class_counts=[19, 20]
[2026-05-18 11:45:45]   Subject 5: n_windows=39, window_shape=(29, 537), class_counts=[19, 20]
[2026-05-18 11:45:45]   Subject 6: n_windows=39, window_shape=(29, 537), class_counts=[19, 20]
[2026-05-18 11:45:45]   Subject 7: n_windows=39, window_shape=(29, 537), class_counts=[19, 20]
[2026-05-18 11:45:45]   Subject 8: n_windows=39, window_shape=(29, 537), class_counts=[19, 20]
[2026-05-18 11:45:45]   Subject 9: n_windows=39, window_shape=(29, 537), class_counts=[19, 20]
[2026-05-18 11:45:46]   Subject 10: n_windows=39, window_shape=(29, 537), class_counts=[19, 20]
[2026-05-18 11:45:46]   Subject 11: n_windows=39, window_shape=(29, 537), class_counts=[19, 20]
[2026-05-18 11:45:46]   Subject 12: n_windows=39, window_shape=(29, 537), class_counts=[19, 20]
[2026-05-18 11:45:46]   Subject 13: n_windows=39, window_shape=(29, 537), class_counts=[19, 20]
[2026-05-18 11:45:46]   Subject 14: n_windows=39, window_shape=(29, 537), class_counts=[19, 20]
[2026-05-18 11:45:46]   Subject 15: n_windows=39, window_shape=(29, 537), class_counts=[19, 20]
[2026-05-18 11:45:46]   Subject 16: n_windows=39, window_shape=(29, 537), class_counts=[19, 20]
[2026-05-18 11:45:46]   Subject 17: n_windows=39, window_shape=(29, 537), class_counts=[19, 20]
[2026-05-18 11:45:46]   Subject 18: n_windows=39, window_shape=(29, 537), class_counts=[19, 20]
[2026-05-18 11:45:46]   Subject 19: n_windows=39, window_shape=(29, 537), class_counts=[19, 20]
[2026-05-18 11:45:46]   Subject 20: n_windows=39, window_shape=(29, 537), class_counts=[19, 20]
[2026-05-18 11:45:46]   Subject 21: n_windows=39, window_shape=(29, 537), class_counts=[19, 20]
[2026-05-18 11:45:46]   Subject 22: n_windows=39, window_shape=(29, 537), class_counts=[19, 20]
[2026-05-18 11:45:46]   Subject 23: n_windows=39, window_shape=(29, 537), class_counts=[19, 20]
[2026-05-18 11:45:46]   Subject 24: n_windows=39, window_shape=(29, 537), class_counts=[19, 20]
[2026-05-18 11:45:46]   Subject 25: n_windows=39, window_shape=(29, 537), class_counts=[19, 20]
[2026-05-18 11:45:46]   Subject 26: n_windows=39, window_shape=(29, 537), class_counts=[19, 20]
[2026-05-18 11:45:46]   Subject 27: n_windows=39, window_shape=(29, 537), class_counts=[19, 20]
[2026-05-18 11:45:46]   Subject 28: n_windows=39, window_shape=(29, 537), class_counts=[19, 20]
[2026-05-18 11:45:46]   Subject 29: n_windows=39, window_shape=(29, 537), class_counts=[19, 20]
[2026-05-18 11:45:46]   Subject 30: n_windows=39, window_shape=(29, 537), class_counts=[19, 20]
[2026-05-18 11:45:46]   Subject 31: n_windows=39, window_shape=(29, 537), class_counts=[19, 20]
[2026-05-18 11:45:46]   Subject 32: n_windows=39, window_shape=(29, 537), class_counts=[19, 20]
[2026-05-18 11:45:46]   Subject 33: n_windows=39, window_shape=(29, 537), class_counts=[19, 20]
[2026-05-18 11:45:46]   Subject 34: n_windows=39, window_shape=(29, 537), class_counts=[19, 20]
[2026-05-18 11:45:46]   Subject 35: n_windows=39, window_shape=(29, 537), class_counts=[19, 20]
[2026-05-18 11:45:46]   Subject 36: n_windows=39, window_shape=(29, 537), class_counts=[19, 20]
[2026-05-18 11:45:46]   Subject 37: n_windows=39, window_shape=(29, 537), class_counts=[19, 20]
[2026-05-18 11:45:46]   Subject 38: n_windows=39, window_shape=(29, 537), class_counts=[19, 20]
[2026-05-18 11:45:46]   Subject 39: n_windows=39, window_shape=(29, 537), class_counts=[19, 20]
[2026-05-18 11:45:46]   Subject 40: n_windows=39, window_shape=(29, 537), class_counts=[19, 20]
[2026-05-18 11:45:46]   Subject 41: n_windows=39, window_shape=(29, 537), class_counts=[19, 20]
[2026-05-18 11:45:46]   Subject 42: n_windows=39, window_shape=(29, 537), class_counts=[19, 20]
[2026-05-18 11:45:46]   Subject 43: n_windows=39, window_shape=(29, 537), class_counts=[19, 20]
[2026-05-18 11:45:46]   Subject 44: n_windows=39, window_shape=(29, 537), class_counts=[19, 20]
[2026-05-18 11:45:46]   Subject 45: n_windows=39, window_shape=(29, 537), class_counts=[19, 20]
[2026-05-18 11:45:46]   Subject 46: n_windows=39, window_shape=(29, 537), class_counts=[19, 20]
[2026-05-18 11:45:46]   Subject 47: n_windows=39, window_shape=(29, 537), class_counts=[19, 20]
[2026-05-18 11:45:46]   Subject 48: n_windows=39, window_shape=(29, 537), class_counts=[19, 20]
[2026-05-18 11:45:46]   Subject 49: n_windows=39, window_shape=(29, 537), class_counts=[19, 20]
[2026-05-18 11:45:46]   Subject 50: n_windows=39, window_shape=(29, 537), class_counts=[19, 20]
[2026-05-18 11:45:46] ======================================================================
[2026-05-18 11:45:46] STARTING CSP/FBCSP CROSS-VALIDATION
[2026-05-18 11:45:46] ======================================================================
[2026-05-18 11:45:46] Models: ['CSP_LDA', 'FBCSP_LDA']
[2026-05-18 11:45:46] Subjects: 50
[2026-05-18 11:45:46] CV folds: 5

[2026-05-18 11:45:46] ======================================================================
[2026-05-18 11:45:46] RUNNING MODEL: CSP_LDA
[2026-05-18 11:45:46] ======================================================================

[2026-05-18 11:45:46] [CSP_LDA] Subject 1: 39 windows | class_counts=[19, 20]
[2026-05-18 11:45:47]   Subject 1 summary: acc=0.4357±0.1251  bal_acc=0.4333±0.1253  roc_auc=0.3208±0.1622

[2026-05-18 11:45:47] [CSP_LDA] Subject 2: 39 windows | class_counts=[19, 20]
[2026-05-18 11:45:48]   Subject 2 summary: acc=0.3571±0.0867  bal_acc=0.3667±0.0808  roc_auc=0.3375±0.1090

[2026-05-18 11:45:48] [CSP_LDA] Subject 3: 39 windows | class_counts=[19, 20]
[2026-05-18 11:45:50]   Subject 3 summary: acc=0.3286±0.1453  bal_acc=0.3250±0.1500  roc_auc=0.3250±0.1275

[2026-05-18 11:45:50] [CSP_LDA] Subject 4: 39 windows | class_counts=[19, 20]
[2026-05-18 11:45:51]   Subject 4 summary: acc=0.1786±0.1263  bal_acc=0.1750±0.1275  roc_auc=0.0875±0.0935

[2026-05-18 11:45:51] [CSP_LDA] Subject 5: 39 windows | class_counts=[19, 20]
[2026-05-18 11:45:52]   Subject 5 summary: acc=0.2536±0.1080  bal_acc=0.2500±0.1118  roc_auc=0.1583±0.0486

[2026-05-18 11:45:52] [CSP_LDA] Subject 6: 39 windows | class_counts=[19, 20]
[2026-05-18 11:45:54]   Subject 6 summary: acc=0.2786±0.1182  bal_acc=0.2833±0.1130  roc_auc=0.2250±0.1159

[2026-05-18 11:45:54] [CSP_LDA] Subject 7: 39 windows | class_counts=[19, 20]
[2026-05-18 11:45:55]   Subject 7 summary: acc=0.4857±0.1399  bal_acc=0.4917±0.1379  roc_auc=0.4208±0.0998

[2026-05-18 11:45:55] [CSP_LDA] Subject 8: 39 windows | class_counts=[19, 20]
[2026-05-18 11:45:57]   Subject 8 summary: acc=0.2679±0.2284  bal_acc=0.2583±0.2098  roc_auc=0.2417±0.1819

[2026-05-18 11:45:57] [CSP_LDA] Subject 9: 39 windows | class_counts=[19, 20]
[2026-05-18 11:45:58]   Subject 9 summary: acc=0.3250±0.1871  bal_acc=0.3250±0.1871  roc_auc=0.3750±0.2054

[2026-05-18 11:45:58] [CSP_LDA] Subject 10: 39 windows | class_counts=[19, 20]
[2026-05-18 11:45:59]   Subject 10 summary: acc=0.1286±0.1120  bal_acc=0.1333±0.1130  roc_auc=0.0917±0.0928

[2026-05-18 11:45:59] [CSP_LDA] Subject 11: 39 windows | class_counts=[19, 20]
[2026-05-18 11:46:00]   Subject 11 summary: acc=0.2536±0.1338  bal_acc=0.2500±0.1369  roc_auc=0.1875±0.1854

[2026-05-18 11:46:01] [CSP_LDA] Subject 12: 39 windows | class_counts=[19, 20]
[2026-05-18 11:46:02]   Subject 12 summary: acc=0.2286±0.0899  bal_acc=0.2333±0.0858  roc_auc=0.2042±0.1372

[2026-05-18 11:46:02] [CSP_LDA] Subject 13: 39 windows | class_counts=[19, 20]
[2026-05-18 11:46:03]   Subject 13 summary: acc=0.4071±0.1143  bal_acc=0.4000±0.1225  roc_auc=0.3917±0.1679

[2026-05-18 11:46:03] [CSP_LDA] Subject 14: 39 windows | class_counts=[19, 20]
[2026-05-18 11:46:04]   Subject 14 summary: acc=0.1786±0.0985  bal_acc=0.1750±0.1000  roc_auc=0.0875±0.1090

[2026-05-18 11:46:04] [CSP_LDA] Subject 15: 39 windows | class_counts=[19, 20]
[2026-05-18 11:46:06]   Subject 15 summary: acc=0.2321±0.0965  bal_acc=0.2333±0.0972  roc_auc=0.1333±0.1059

[2026-05-18 11:46:06] [CSP_LDA] Subject 16: 39 windows | class_counts=[19, 20]
[2026-05-18 11:46:07]   Subject 16 summary: acc=0.2286±0.0899  bal_acc=0.2333±0.0858  roc_auc=0.1042±0.1079

[2026-05-18 11:46:07] [CSP_LDA] Subject 17: 39 windows | class_counts=[19, 20]
[2026-05-18 11:46:08]   Subject 17 summary: acc=0.1821±0.0709  bal_acc=0.1750±0.0612  roc_auc=0.0542±0.0486

[2026-05-18 11:46:08] [CSP_LDA] Subject 18: 39 windows | class_counts=[19, 20]
[2026-05-18 11:46:10]   Subject 18 summary: acc=0.3321±0.0537  bal_acc=0.3250±0.0612  roc_auc=0.2750±0.1458

[2026-05-18 11:46:10] [CSP_LDA] Subject 19: 39 windows | class_counts=[19, 20]
[2026-05-18 11:46:11]   Subject 19 summary: acc=0.3821±0.1530  bal_acc=0.3833±0.1523  roc_auc=0.3167±0.1842

[2026-05-18 11:46:11] [CSP_LDA] Subject 20: 39 windows | class_counts=[19, 20]
[2026-05-18 11:46:13]   Subject 20 summary: acc=0.4893±0.1014  bal_acc=0.4833±0.0972  roc_auc=0.4917±0.1701

[2026-05-18 11:46:13] [CSP_LDA] Subject 21: 39 windows | class_counts=[19, 20]
[2026-05-18 11:46:14]   Subject 21 summary: acc=0.2786±0.1422  bal_acc=0.2750±0.1458  roc_auc=0.2792±0.1557

[2026-05-18 11:46:14] [CSP_LDA] Subject 22: 39 windows | class_counts=[19, 20]
[2026-05-18 11:46:15]   Subject 22 summary: acc=0.2821±0.1218  bal_acc=0.2917±0.1236  roc_auc=0.2542±0.1273

[2026-05-18 11:46:15] [CSP_LDA] Subject 23: 39 windows | class_counts=[19, 20]
[2026-05-18 11:46:17]   Subject 23 summary: acc=0.2571±0.0143  bal_acc=0.2667±0.0333  roc_auc=0.2167±0.1875

[2026-05-18 11:46:17] [CSP_LDA] Subject 24: 39 windows | class_counts=[19, 20]
[2026-05-18 11:46:19]   Subject 24 summary: acc=0.3571±0.1415  bal_acc=0.3583±0.1409  roc_auc=0.2958±0.1372

[2026-05-18 11:46:19] [CSP_LDA] Subject 25: 39 windows | class_counts=[19, 20]
[2026-05-18 11:46:20]   Subject 25 summary: acc=0.2607±0.0969  bal_acc=0.2583±0.0928  roc_auc=0.2375±0.1649

[2026-05-18 11:46:20] [CSP_LDA] Subject 26: 39 windows | class_counts=[19, 20]
[2026-05-18 11:46:21]   Subject 26 summary: acc=0.3000±0.2031  bal_acc=0.3000±0.2031  roc_auc=0.3250±0.2834

[2026-05-18 11:46:21] [CSP_LDA] Subject 27: 39 windows | class_counts=[19, 20]
[2026-05-18 11:46:23]   Subject 27 summary: acc=0.3286±0.2289  bal_acc=0.3333±0.2252  roc_auc=0.2792±0.2123

[2026-05-18 11:46:23] [CSP_LDA] Subject 28: 39 windows | class_counts=[19, 20]
[2026-05-18 11:46:24]   Subject 28 summary: acc=0.2321±0.1247  bal_acc=0.2333±0.1253  roc_auc=0.1208±0.0858

[2026-05-18 11:46:24] [CSP_LDA] Subject 29: 39 windows | class_counts=[19, 20]
[2026-05-18 11:46:26]   Subject 29 summary: acc=0.2286±0.0429  bal_acc=0.2333±0.0333  roc_auc=0.1729±0.0610

[2026-05-18 11:46:26] [CSP_LDA] Subject 30: 39 windows | class_counts=[19, 20]
[2026-05-18 11:46:27]   Subject 30 summary: acc=0.4071±0.1390  bal_acc=0.4000±0.1458  roc_auc=0.2250±0.1458

[2026-05-18 11:46:27] [CSP_LDA] Subject 31: 39 windows | class_counts=[19, 20]
[2026-05-18 11:46:29]   Subject 31 summary: acc=0.3607±0.0591  bal_acc=0.3500±0.0500  roc_auc=0.3083±0.0827

[2026-05-18 11:46:29] [CSP_LDA] Subject 32: 39 windows | class_counts=[19, 20]
[2026-05-18 11:46:30]   Subject 32 summary: acc=0.2857±0.1907  bal_acc=0.2833±0.1889  roc_auc=0.1875±0.1250

[2026-05-18 11:46:30] [CSP_LDA] Subject 33: 39 windows | class_counts=[19, 20]
[2026-05-18 11:46:31]   Subject 33 summary: acc=0.3286±0.1220  bal_acc=0.3333±0.1149  roc_auc=0.2042±0.0651

[2026-05-18 11:46:31] [CSP_LDA] Subject 34: 39 windows | class_counts=[19, 20]
[2026-05-18 11:46:33]   Subject 34 summary: acc=0.4107±0.0931  bal_acc=0.4000±0.0935  roc_auc=0.4333±0.1049

[2026-05-18 11:46:33] [CSP_LDA] Subject 35: 39 windows | class_counts=[19, 20]
[2026-05-18 11:46:34]   Subject 35 summary: acc=0.2321±0.1477  bal_acc=0.2333±0.1481  roc_auc=0.2542±0.1870

[2026-05-18 11:46:34] [CSP_LDA] Subject 36: 39 windows | class_counts=[19, 20]
[2026-05-18 11:46:35]   Subject 36 summary: acc=0.2357±0.1579  bal_acc=0.2250±0.1458  roc_auc=0.1875±0.1250

[2026-05-18 11:46:35] [CSP_LDA] Subject 37: 39 windows | class_counts=[19, 20]
[2026-05-18 11:46:37]   Subject 37 summary: acc=0.3821±0.1530  bal_acc=0.3917±0.1481  roc_auc=0.2667±0.1695

[2026-05-18 11:46:37] [CSP_LDA] Subject 38: 39 windows | class_counts=[19, 20]
[2026-05-18 11:46:38]   Subject 38 summary: acc=0.3321±0.1670  bal_acc=0.3333±0.1667  roc_auc=0.2458±0.0726

[2026-05-18 11:46:38] [CSP_LDA] Subject 39: 39 windows | class_counts=[19, 20]
[2026-05-18 11:46:40]   Subject 39 summary: acc=0.3679±0.2395  bal_acc=0.3750±0.2500  roc_auc=0.4083±0.2927

[2026-05-18 11:46:40] [CSP_LDA] Subject 40: 39 windows | class_counts=[19, 20]
[2026-05-18 11:46:41]   Subject 40 summary: acc=0.1000±0.0935  bal_acc=0.1000±0.0935  roc_auc=0.0625±0.0559

[2026-05-18 11:46:41] [CSP_LDA] Subject 41: 39 windows | class_counts=[19, 20]
[2026-05-18 11:46:42]   Subject 41 summary: acc=0.3071±0.0569  bal_acc=0.3083±0.0565  roc_auc=0.2708±0.0864

[2026-05-18 11:46:42] [CSP_LDA] Subject 42: 39 windows | class_counts=[19, 20]
[2026-05-18 11:46:44]   Subject 42 summary: acc=0.3571±0.1174  bal_acc=0.3583±0.1167  roc_auc=0.3125±0.1723

[2026-05-18 11:46:44] [CSP_LDA] Subject 43: 39 windows | class_counts=[19, 20]
[2026-05-18 11:46:45]   Subject 43 summary: acc=0.3321±0.0956  bal_acc=0.3333±0.0950  roc_auc=0.3458±0.1398

[2026-05-18 11:46:45] [CSP_LDA] Subject 44: 39 windows | class_counts=[19, 20]
[2026-05-18 11:46:46]   Subject 44 summary: acc=0.3036±0.1459  bal_acc=0.3000±0.1500  roc_auc=0.1500±0.1287

[2026-05-18 11:46:46] [CSP_LDA] Subject 45: 39 windows | class_counts=[19, 20]
[2026-05-18 11:46:48]   Subject 45 summary: acc=0.4179±0.1919  bal_acc=0.4167±0.1900  roc_auc=0.3125±0.1186

[2026-05-18 11:46:48] [CSP_LDA] Subject 46: 39 windows | class_counts=[19, 20]
[2026-05-18 11:46:49]   Subject 46 summary: acc=0.1250±0.1369  bal_acc=0.1250±0.1369  roc_auc=0.0250±0.0500

[2026-05-18 11:46:49] [CSP_LDA] Subject 47: 39 windows | class_counts=[19, 20]
[2026-05-18 11:46:50]   Subject 47 summary: acc=0.1786±0.0587  bal_acc=0.1750±0.0612  roc_auc=0.0500±0.1000

[2026-05-18 11:46:50] [CSP_LDA] Subject 48: 39 windows | class_counts=[19, 20]
[2026-05-18 11:46:52]   Subject 48 summary: acc=0.3107±0.1098  bal_acc=0.3083±0.1074  roc_auc=0.1542±0.1153

[2026-05-18 11:46:52] [CSP_LDA] Subject 49: 39 windows | class_counts=[19, 20]
[2026-05-18 11:46:53]   Subject 49 summary: acc=0.1286±0.0794  bal_acc=0.1250±0.0791  roc_auc=0.0000±0.0000

[2026-05-18 11:46:53] [CSP_LDA] Subject 50: 39 windows | class_counts=[19, 20]
[2026-05-18 11:46:54]   Subject 50 summary: acc=0.2571±0.1127  bal_acc=0.2583±0.1130  roc_auc=0.1667±0.1376

[2026-05-18 11:46:54] Completed CSP_LDA: 250 folds

[2026-05-18 11:46:54] ======================================================================
[2026-05-18 11:46:54] RUNNING MODEL: FBCSP_LDA
[2026-05-18 11:46:54] ======================================================================

[2026-05-18 11:46:54] [FBCSP_LDA] Subject 1: 39 windows | class_counts=[19, 20]
[2026-05-18 11:47:07]   Subject 1 summary: acc=0.1786±0.1263  bal_acc=0.1750±0.1275  roc_auc=0.0750±0.0729

[2026-05-18 11:47:07] [FBCSP_LDA] Subject 2: 39 windows | class_counts=[19, 20]
[2026-05-18 11:47:19]   Subject 2 summary: acc=0.1536±0.0487  bal_acc=0.1583±0.0486  roc_auc=0.0333±0.0667

[2026-05-18 11:47:19] [FBCSP_LDA] Subject 3: 39 windows | class_counts=[19, 20]
[2026-05-18 11:47:31]   Subject 3 summary: acc=0.1036±0.0948  bal_acc=0.1000±0.0935  roc_auc=0.0500±0.0612

[2026-05-18 11:47:31] [FBCSP_LDA] Subject 4: 39 windows | class_counts=[19, 20]
[2026-05-18 11:47:44]   Subject 4 summary: acc=0.1286±0.0794  bal_acc=0.1250±0.0791  roc_auc=0.0375±0.0500

[2026-05-18 11:47:44] [FBCSP_LDA] Subject 5: 39 windows | class_counts=[19, 20]
[2026-05-18 11:47:56]   Subject 5 summary: acc=0.1286±0.0794  bal_acc=0.1250±0.0791  roc_auc=0.1042±0.1003

[2026-05-18 11:47:56] [FBCSP_LDA] Subject 6: 39 windows | class_counts=[19, 20]
[2026-05-18 11:48:08]   Subject 6 summary: acc=0.2857±0.0714  bal_acc=0.2917±0.0833  roc_auc=0.1542±0.1219

[2026-05-18 11:48:08] [FBCSP_LDA] Subject 7: 39 windows | class_counts=[19, 20]
[2026-05-18 11:48:21]   Subject 7 summary: acc=0.1321±0.1204  bal_acc=0.1333±0.1219  roc_auc=0.0417±0.0349

[2026-05-18 11:48:21] [FBCSP_LDA] Subject 8: 39 windows | class_counts=[19, 20]
[2026-05-18 11:48:33]   Subject 8 summary: acc=0.2250±0.1837  bal_acc=0.2250±0.1837  roc_auc=0.1875±0.2236

[2026-05-18 11:48:33] [FBCSP_LDA] Subject 9: 39 windows | class_counts=[19, 20]
[2026-05-18 11:48:45]   Subject 9 summary: acc=0.0786±0.0645  bal_acc=0.0833±0.0697  roc_auc=0.0000±0.0000

[2026-05-18 11:48:45] [FBCSP_LDA] Subject 10: 39 windows | class_counts=[19, 20]
[2026-05-18 11:48:57]   Subject 10 summary: acc=0.0250±0.0500  bal_acc=0.0250±0.0500  roc_auc=0.0000±0.0000

[2026-05-18 11:48:57] [FBCSP_LDA] Subject 11: 39 windows | class_counts=[19, 20]
[2026-05-18 11:49:09]   Subject 11 summary: acc=0.0786±0.0645  bal_acc=0.0833±0.0697  roc_auc=0.0167±0.0333

[2026-05-18 11:49:09] [FBCSP_LDA] Subject 12: 39 windows | class_counts=[19, 20]
[2026-05-18 11:49:22]   Subject 12 summary: acc=0.0536±0.0659  bal_acc=0.0583±0.0726  roc_auc=0.0000±0.0000

[2026-05-18 11:49:22] [FBCSP_LDA] Subject 13: 39 windows | class_counts=[19, 20]
[2026-05-18 11:49:34]   Subject 13 summary: acc=0.2571±0.0803  bal_acc=0.2583±0.0808  roc_auc=0.1917±0.0998

[2026-05-18 11:49:34] [FBCSP_LDA] Subject 14: 39 windows | class_counts=[19, 20]
[2026-05-18 11:49:46]   Subject 14 summary: acc=0.0286±0.0571  bal_acc=0.0333±0.0667  roc_auc=0.0167±0.0333

[2026-05-18 11:49:46] [FBCSP_LDA] Subject 15: 39 windows | class_counts=[19, 20]
[2026-05-18 11:49:59]   Subject 15 summary: acc=0.0750±0.0612  bal_acc=0.0750±0.0612  roc_auc=0.0000±0.0000

[2026-05-18 11:49:59] [FBCSP_LDA] Subject 16: 39 windows | class_counts=[19, 20]
[2026-05-18 11:50:11]   Subject 16 summary: acc=0.1036±0.0948  bal_acc=0.1083±0.0972  roc_auc=0.0125±0.0250

[2026-05-18 11:50:11] [FBCSP_LDA] Subject 17: 39 windows | class_counts=[19, 20]
[2026-05-18 11:50:23]   Subject 17 summary: acc=0.1000±0.0935  bal_acc=0.1000±0.0935  roc_auc=0.0000±0.0000

[2026-05-18 11:50:23] [FBCSP_LDA] Subject 18: 39 windows | class_counts=[19, 20]
[2026-05-18 11:50:35]   Subject 18 summary: acc=0.1250±0.0791  bal_acc=0.1250±0.0791  roc_auc=0.0375±0.0500

[2026-05-18 11:50:35] [FBCSP_LDA] Subject 19: 39 windows | class_counts=[19, 20]
[2026-05-18 11:50:48]   Subject 19 summary: acc=0.0750±0.0612  bal_acc=0.0750±0.0612  roc_auc=0.0000±0.0000

[2026-05-18 11:50:48] [FBCSP_LDA] Subject 20: 39 windows | class_counts=[19, 20]
[2026-05-18 11:51:01]   Subject 20 summary: acc=0.3286±0.1654  bal_acc=0.3333±0.1603  roc_auc=0.3333±0.1603

[2026-05-18 11:51:01] [FBCSP_LDA] Subject 21: 39 windows | class_counts=[19, 20]
[2026-05-18 11:51:14]   Subject 21 summary: acc=0.2393±0.1902  bal_acc=0.2417±0.1944  roc_auc=0.1458±0.2615

[2026-05-18 11:51:14] [FBCSP_LDA] Subject 22: 39 windows | class_counts=[19, 20]
[2026-05-18 11:51:27]   Subject 22 summary: acc=0.1286±0.0794  bal_acc=0.1333±0.0808  roc_auc=0.0875±0.0935

[2026-05-18 11:51:27] [FBCSP_LDA] Subject 23: 39 windows | class_counts=[19, 20]
[2026-05-18 11:51:39]   Subject 23 summary: acc=0.1500±0.1225  bal_acc=0.1500±0.1225  roc_auc=0.0375±0.0500

[2026-05-18 11:51:39] [FBCSP_LDA] Subject 24: 39 windows | class_counts=[19, 20]
[2026-05-18 11:51:52]   Subject 24 summary: acc=0.1500±0.1225  bal_acc=0.1500±0.1225  roc_auc=0.0875±0.1225

[2026-05-18 11:51:52] [FBCSP_LDA] Subject 25: 39 windows | class_counts=[19, 20]
[2026-05-18 11:52:05]   Subject 25 summary: acc=0.1000±0.0935  bal_acc=0.1000±0.0935  roc_auc=0.0125±0.0250

[2026-05-18 11:52:05] [FBCSP_LDA] Subject 26: 39 windows | class_counts=[19, 20]
[2026-05-18 11:52:17]   Subject 26 summary: acc=0.1250±0.0791  bal_acc=0.1250±0.0791  roc_auc=0.0875±0.0935

[2026-05-18 11:52:17] [FBCSP_LDA] Subject 27: 39 windows | class_counts=[19, 20]
[2026-05-18 11:52:30]   Subject 27 summary: acc=0.3071±0.1680  bal_acc=0.3000±0.1696  roc_auc=0.2083±0.2121

[2026-05-18 11:52:30] [FBCSP_LDA] Subject 28: 39 windows | class_counts=[19, 20]
[2026-05-18 11:52:43]   Subject 28 summary: acc=0.1036±0.0948  bal_acc=0.1000±0.0935  roc_auc=0.0292±0.0363

[2026-05-18 11:52:43] [FBCSP_LDA] Subject 29: 39 windows | class_counts=[19, 20]
[2026-05-18 11:52:56]   Subject 29 summary: acc=0.2000±0.1275  bal_acc=0.2000±0.1275  roc_auc=0.1187±0.1016

[2026-05-18 11:52:56] [FBCSP_LDA] Subject 30: 39 windows | class_counts=[19, 20]
[2026-05-18 11:53:08]   Subject 30 summary: acc=0.0500±0.0612  bal_acc=0.0500±0.0612  roc_auc=0.0125±0.0250

[2026-05-18 11:53:08] [FBCSP_LDA] Subject 31: 39 windows | class_counts=[19, 20]
[2026-05-18 11:53:21]   Subject 31 summary: acc=0.1286±0.0071  bal_acc=0.1250±0.0000  roc_auc=0.0292±0.0363

[2026-05-18 11:53:21] [FBCSP_LDA] Subject 32: 39 windows | class_counts=[19, 20]
[2026-05-18 11:53:34]   Subject 32 summary: acc=0.1036±0.1466  bal_acc=0.1083±0.1481  roc_auc=0.0250±0.0500

[2026-05-18 11:53:34] [FBCSP_LDA] Subject 33: 39 windows | class_counts=[19, 20]
[2026-05-18 11:53:47]   Subject 33 summary: acc=0.1321±0.1204  bal_acc=0.1250±0.1118  roc_auc=0.0292±0.0363

[2026-05-18 11:53:47] [FBCSP_LDA] Subject 34: 39 windows | class_counts=[19, 20]
[2026-05-18 11:53:59]   Subject 34 summary: acc=0.2036±0.0975  bal_acc=0.2000±0.1000  roc_auc=0.0750±0.1000

[2026-05-18 11:53:59] [FBCSP_LDA] Subject 35: 39 windows | class_counts=[19, 20]
[2026-05-18 11:54:12]   Subject 35 summary: acc=0.2036±0.0975  bal_acc=0.2083±0.0950  roc_auc=0.0750±0.0729

[2026-05-18 11:54:12] [FBCSP_LDA] Subject 36: 39 windows | class_counts=[19, 20]
[2026-05-18 11:54:24]   Subject 36 summary: acc=0.1000±0.0935  bal_acc=0.1000±0.0935  roc_auc=0.0250±0.0306

[2026-05-18 11:54:24] [FBCSP_LDA] Subject 37: 39 windows | class_counts=[19, 20]
[2026-05-18 11:54:36]   Subject 37 summary: acc=0.0500±0.0612  bal_acc=0.0500±0.0612  roc_auc=0.0375±0.0750

[2026-05-18 11:54:36] [FBCSP_LDA] Subject 38: 39 windows | class_counts=[19, 20]
[2026-05-18 11:54:49]   Subject 38 summary: acc=0.0250±0.0500  bal_acc=0.0250±0.0500  roc_auc=0.0375±0.0750

[2026-05-18 11:54:49] [FBCSP_LDA] Subject 39: 39 windows | class_counts=[19, 20]
[2026-05-18 11:55:01]   Subject 39 summary: acc=0.2036±0.0571  bal_acc=0.2083±0.0527  roc_auc=0.1250±0.0884

[2026-05-18 11:55:01] [FBCSP_LDA] Subject 40: 39 windows | class_counts=[19, 20]
[2026-05-18 11:55:13]   Subject 40 summary: acc=0.1571±0.1019  bal_acc=0.1583±0.1034  roc_auc=0.1083±0.1481

[2026-05-18 11:55:13] [FBCSP_LDA] Subject 41: 39 windows | class_counts=[19, 20]
[2026-05-18 11:55:26]   Subject 41 summary: acc=0.1286±0.0794  bal_acc=0.1333±0.0808  roc_auc=0.0125±0.0250

[2026-05-18 11:55:26] [FBCSP_LDA] Subject 42: 39 windows | class_counts=[19, 20]
[2026-05-18 11:55:38]   Subject 42 summary: acc=0.1821±0.0709  bal_acc=0.1833±0.0726  roc_auc=0.1833±0.0690

[2026-05-18 11:55:38] [FBCSP_LDA] Subject 43: 39 windows | class_counts=[19, 20]
[2026-05-18 11:55:50]   Subject 43 summary: acc=0.1250±0.1369  bal_acc=0.1250±0.1369  roc_auc=0.0750±0.1000

[2026-05-18 11:55:50] [FBCSP_LDA] Subject 44: 39 windows | class_counts=[19, 20]
[2026-05-18 11:56:03]   Subject 44 summary: acc=0.1571±0.1019  bal_acc=0.1667±0.1149  roc_auc=0.0875±0.0750

[2026-05-18 11:56:03] [FBCSP_LDA] Subject 45: 39 windows | class_counts=[19, 20]
[2026-05-18 11:56:15]   Subject 45 summary: acc=0.1036±0.0948  bal_acc=0.1000±0.0935  roc_auc=0.0375±0.0750

[2026-05-18 11:56:15] [FBCSP_LDA] Subject 46: 39 windows | class_counts=[19, 20]
[2026-05-18 11:56:27]   Subject 46 summary: acc=0.1000±0.0500  bal_acc=0.1000±0.0500  roc_auc=0.0000±0.0000

[2026-05-18 11:56:27] [FBCSP_LDA] Subject 47: 39 windows | class_counts=[19, 20]
[2026-05-18 11:56:40]   Subject 47 summary: acc=0.1036±0.0522  bal_acc=0.1000±0.0500  roc_auc=0.0500±0.0468

[2026-05-18 11:56:40] [FBCSP_LDA] Subject 48: 39 windows | class_counts=[19, 20]
[2026-05-18 11:56:53]   Subject 48 summary: acc=0.1000±0.0935  bal_acc=0.1000±0.0935  roc_auc=0.0250±0.0306

[2026-05-18 11:56:53] [FBCSP_LDA] Subject 49: 39 windows | class_counts=[19, 20]
[2026-05-18 11:57:05]   Subject 49 summary: acc=0.0750±0.0612  bal_acc=0.0750±0.0612  roc_auc=0.0000±0.0000

[2026-05-18 11:57:05] [FBCSP_LDA] Subject 50: 39 windows | class_counts=[19, 20]
[2026-05-18 11:57:18]   Subject 50 summary: acc=0.0500±0.0612  bal_acc=0.0500±0.0612  roc_auc=0.0000±0.0000

[2026-05-18 11:57:18] Completed FBCSP_LDA: 250 folds

[2026-05-18 11:57:18] All requested CSP/FBCSP models completed.
[2026-05-18 11:57:18] ======================================================================
[2026-05-18 11:57:18] AGGREGATED RESULTS
[2026-05-18 11:57:18] ======================================================================
[2026-05-18 11:57:18]   CSP_LDA: acc=0.2928±0.1599  bal_acc=0.2923±0.1593  roc_auc=0.2316±0.1807  folds=250
[2026-05-18 11:57:18]   FBCSP_LDA: acc=0.1330±0.1198  bal_acc=0.1337±0.1206  roc_auc=0.0631±0.1113  folds=250
[2026-05-18 11:57:18] ======================================================================
[2026-05-18 11:57:18] Prediction collapse diagnostics
[2026-05-18 11:57:18] {
  "CSP_LDA": {
    "n_folds": 250,
    "n_collapsed_single_class": 0,
    "collapsed_fraction": 0.0,
    "single_class_prediction_counts": {
      "0": 0,
      "1": 0
    }
  },
  "FBCSP_LDA": {
    "n_folds": 250,
    "n_collapsed_single_class": 1,
    "collapsed_fraction": 0.004,
    "single_class_prediction_counts": {
      "0": 0,
      "1": 1
    }
  }
}
[2026-05-18 11:57:18] CV results saved to:      /Users/vadim/Documents/School/Spring 2026/CSCE A698 Individual Research/EEG_JEPA/artifacts/liu2024-csp-fbcsp-baselines/MI/20260518_1145_3cbd1937/cv_results.json
[2026-05-18 11:57:18] Subject metrics saved to: /Users/vadim/Documents/School/Spring 2026/CSCE A698 Individual Research/EEG_JEPA/artifacts/liu2024-csp-fbcsp-baselines/MI/20260518_1145_3cbd1937/subject_metrics.json
[2026-05-18 11:57:18] Global metrics saved to:  /Users/vadim/Documents/School/Spring 2026/CSCE A698 Individual Research/EEG_JEPA/artifacts/liu2024-csp-fbcsp-baselines/MI/20260518_1145_3cbd1937/global_metrics.json
[2026-05-18 11:57:18] Collapse diagnostics saved to: /Users/vadim/Documents/School/Spring 2026/CSCE A698 Individual Research/EEG_JEPA/artifacts/liu2024-csp-fbcsp-baselines/MI/20260518_1145_3cbd1937/collapse_diagnostics.json
[2026-05-18 11:57:18] Run metadata saved to:    /Users/vadim/Documents/School/Spring 2026/CSCE A698 Individual Research/EEG_JEPA/artifacts/liu2024-csp-fbcsp-baselines/MI/20260518_1145_3cbd1937/run_metadata.json

[2026-05-18 11:57:18] All artifacts in: /Users/vadim/Documents/School/Spring 2026/CSCE A698 Individual Research/EEG_JEPA/artifacts/liu2024-csp-fbcsp-baselines/MI/20260518_1145_3cbd1937

[2026-05-18 11:57:18] ======================================================================
[2026-05-18 11:57:18] EXPERIMENT SUMMARY
[2026-05-18 11:57:18] ======================================================================
[2026-05-18 11:57:18] Run ID:    20260518_1145_3cbd1937
[2026-05-18 11:57:18] Artifacts: /Users/vadim/Documents/School/Spring 2026/CSCE A698 Individual Research/EEG_JEPA/artifacts/liu2024-csp-fbcsp-baselines/MI/20260518_1145_3cbd1937

[2026-05-18 11:57:18] Configuration:
[2026-05-18 11:57:18]   Dataset name:           Liu2024
[2026-05-18 11:57:18]   Dataset source:         auto -> moabb
[2026-05-18 11:57:18]   Subjects:               50 subjects
[2026-05-18 11:57:18]   Excluded subjects:      []
[2026-05-18 11:57:18]   Labels kept:            ['right_hand', 'left_hand']
[2026-05-18 11:57:18]   Paradigm:               MI
[2026-05-18 11:57:18]   Bandpass:               0.5-40.0 Hz
[2026-05-18 11:57:18]   Resample:               128 Hz
[2026-05-18 11:57:18]   Window duration:        4.2 s
[2026-05-18 11:57:18]   CV folds:               5
[2026-05-18 11:57:18]   Classifier:             lda

[2026-05-18 11:57:18] Results:
[2026-05-18 11:57:18]   CSP_LDA:
[2026-05-18 11:57:18]     Mean Accuracy:          0.2928 ± 0.1599
[2026-05-18 11:57:18]     Mean Balanced Accuracy: 0.2923 ± 0.1593
[2026-05-18 11:57:18]     Mean ROC-AUC:           0.2316 ± 0.1807
[2026-05-18 11:57:18]     Single-class folds:     0 / 250 (0.000)
[2026-05-18 11:57:18]   FBCSP_LDA:
[2026-05-18 11:57:18]     Mean Accuracy:          0.1330 ± 0.1198
[2026-05-18 11:57:18]     Mean Balanced Accuracy: 0.1337 ± 0.1206
[2026-05-18 11:57:18]     Mean ROC-AUC:           0.0631 ± 0.1113
[2026-05-18 11:57:18]     Single-class folds:     1 / 250 (0.004)
[2026-05-18 11:57:18] ======================================================================
