[2026-05-18 10:47:26] Logging to: /Users/vadim/Documents/School/Spring 2026/CSCE A698 Individual Research/EEG_JEPA/artifacts/liu2024-csp-fbcsp-baselines/MI/20260518_1047_df5548ab/run.log
[2026-05-18 10:47:26] Seed control disabled (CONFIG['set_seed'] = False)
[2026-05-18 10:47:26] ======================================================================
[2026-05-18 10:47:26] CONFIGURATION
[2026-05-18 10:47:26] ======================================================================
[2026-05-18 10:47:26] {
  "artifact_dir": "/Users/vadim/Documents/School/Spring 2026/CSCE A698 Individual Research/EEG_JEPA/artifacts/liu2024-csp-fbcsp-baselines",
  "dataset_source": "auto",
  "dataset_name": "Liu2024",
  "preprocessed_concat_dir": null,
  "labels_to_keep": [
    "left_hand",
    "right_hand"
  ],
  "exclude_subjects": [],
  "subjects_to_use": null,
  "moabb_dataset_kwargs": {},
  "seed": null,
  "set_seed": false,
  "sfreq": 128,
  "bandpass_low": 0.5,
  "bandpass_high": 40.0,
  "paradigm": "MI",
  "base_trial_duration_s": 8.0,
  "target_window_duration_s": 4.2,
  "on_overlapping_events": "raise",
  "cv_folds": 5,
  "run_models": [
    "CSP_LDA",
    "FBCSP_LDA"
  ],
  "csp": {
    "apply_feature_filter": true,
    "l_freq": 8.0,
    "h_freq": 30.0,
    "n_components": 4,
    "reg": "ledoit_wolf",
    "log": true,
    "norm_trace": false
  },
  "fbcsp": {
    "bands": [
      [
        4.0,
        8.0
      ],
      [
        8.0,
        12.0
      ],
      [
        12.0,
        16.0
      ],
      [
        16.0,
        20.0
      ],
      [
        20.0,
        24.0
      ],
      [
        24.0,
        28.0
      ],
      [
        28.0,
        32.0
      ],
      [
        32.0,
        36.0
      ],
      [
        36.0,
        40.0
      ]
    ],
    "n_components": 4,
    "reg": "ledoit_wolf",
    "log": true,
    "norm_trace": false
  },
  "classifier": "lda",
  "linear_svm_C": 1.0,
  "feature_filter_method": "iir",
  "feature_iir_params": {
    "order": 5,
    "ftype": "butter"
  }
}
[2026-05-18 10:47:26] Saved config to: /Users/vadim/Documents/School/Spring 2026/CSCE A698 Individual Research/EEG_JEPA/artifacts/liu2024-csp-fbcsp-baselines/MI/20260518_1047_df5548ab/config.json
[2026-05-18 10:47:26] Epoch window configuration:
[2026-05-18 10:47:26]   Target sfreq:                128 Hz
[2026-05-18 10:47:26]   Requested duration:          4.200 s
[2026-05-18 10:47:26]   Window samples:              537
[2026-05-18 10:47:26]   Effective duration:          4.195312 s

[2026-05-18 10:47:26] Provided concat dir:              None
[2026-05-18 10:47:26] Default concat dir:               /Users/vadim/Documents/School/Spring 2026/CSCE A698 Individual Research/EEG_JEPA/preprocessed_concat_datasets/Liu2024_MI_048eba1d_subjects_66243829
[2026-05-18 10:47:26] Selected concat dir:              /Users/vadim/Documents/School/Spring 2026/CSCE A698 Individual Research/EEG_JEPA/preprocessed_concat_datasets/Liu2024_MI_048eba1d_subjects_66243829
[2026-05-18 10:47:26] Preprocessed concat exists:       True
[2026-05-18 10:47:26] Effective dataset source:         concat

[2026-05-18 10:47:26] Using existing preprocessed concat dataset only.
[2026-05-18 10:47:26]   Concat dir:            /Users/vadim/Documents/School/Spring 2026/CSCE A698 Individual Research/EEG_JEPA/preprocessed_concat_datasets/Liu2024_MI_048eba1d_subjects_66243829
[2026-05-18 10:47:26]   Subject IDs:           [1, 2, 3, 4, 5, 6, 7, 8, 9, 10, 11, 12, 13, 14, 15, 16, 17, 18, 19, 20, 21, 22, 23, 24, 25, 26, 27, 28, 29, 30, 31, 32, 33, 34, 35, 36, 37, 38, 39, 40, 41, 42, 43, 44, 45, 46, 47, 48, 49, 50]
[2026-05-18 10:47:26]   Labels to keep:        ['left_hand', 'right_hand']
[2026-05-18 10:47:27] Loaded raw concat dataset from: /Users/vadim/Documents/School/Spring 2026/CSCE A698 Individual Research/EEG_JEPA/preprocessed_concat_datasets/Liu2024_MI_048eba1d_subjects_66243829

[2026-05-18 10:47:27] Post-load raw validation
[2026-05-18 10:47:27]   Recordings in LOADED_DATASET:   50
[2026-05-18 10:47:27]   Unique subject IDs:             ['1', '10', '11', '12', '13', '14', '15', '16', '17', '18', '19', '2', '20', '21', '22', '23', '24', '25', '26', '27', '28', '29', '3', '30', '31', '32', '33', '34', '35', '36', '37', '38', '39', '4', '40', '41', '42', '43', '44', '45', '46', '47', '48', '49', '5', '50', '6', '7', '8', '9']
[2026-05-18 10:47:27]   sfreq (first rec):              128.0 Hz
[2026-05-18 10:47:27]   EEG channel count:              29
[2026-05-18 10:47:27]   Annotation labels present:      ['left_hand', 'right_hand']
[2026-05-18 10:47:27]   Labels selected for training:   ['left_hand', 'right_hand']
[2026-05-18 10:47:27] Annotation counts before filtering: {np.str_('left_hand'): 1000, np.str_('right_hand'): 950}
[2026-05-18 10:47:27] Filtered annotations: kept 1950 / 1950
[2026-05-18 10:47:27] Annotation counts after filtering:  {np.str_('left_hand'): 1000, np.str_('right_hand'): 950}
[2026-05-18 10:47:27] Annotation timing diagnostic after label filtering:
[2026-05-18 10:47:27]   Selected events:             1950
[2026-05-18 10:47:27]   Duration min/median/max:     3.999996 / 4.000000 / 4.000004 s
[2026-05-18 10:47:27]   Requested analysis samples:  537
[2026-05-18 10:47:27]   Effective analysis duration: 4.195312 s
[2026-05-18 10:47:27]   Onset gap min/median/max:    0.001999 / 2.006001 / 4.004005 s
[2026-05-18 10:47:27]   Potential 4.195312s overlaps: 1900
[2026-05-18 10:47:27]     overlap example recording=0, left_hand@4.006s -> right_hand@8.010s, gap=4.004s
[2026-05-18 10:47:27]     overlap example recording=0, right_hand@8.010s -> left_hand@10.000s, gap=1.990s
[2026-05-18 10:47:27]     overlap example recording=0, left_hand@10.000s -> right_hand@12.004s, gap=2.004s
[2026-05-18 10:47:27]     overlap example recording=0, right_hand@12.004s -> left_hand@16.006s, gap=4.002s
[2026-05-18 10:47:27]     overlap example recording=0, left_hand@16.006s -> right_hand@18.000s, gap=1.994s
[2026-05-18 10:47:27]     overlap example recording=0, right_hand@18.000s -> left_hand@20.004s, gap=2.004s
[2026-05-18 10:47:27]     overlap example recording=0, left_hand@20.004s -> right_hand@24.004s, gap=4.000s
[2026-05-18 10:47:27]     overlap example recording=0, right_hand@24.004s -> left_hand@26.000s, gap=1.996s
[2026-05-18 10:47:27]     overlap example recording=0, left_hand@26.000s -> right_hand@28.006s, gap=2.006s
[2026-05-18 10:47:27]     overlap example recording=0, right_hand@28.006s -> left_hand@32.008s, gap=4.002s
[2026-05-18 10:47:27] Windowing offset configuration:
[2026-05-18 10:47:27]   Median annotation samples:   512
[2026-05-18 10:47:27]   Target window samples:       537
[2026-05-18 10:47:27]   trial_start_offset_samples:  0
[2026-05-18 10:47:27]   trial_stop_offset_samples:   25
[2026-05-18 10:47:27]   on_overlapping_events:       raise
[2026-05-18 10:47:27] WARNING: The selected target duration is longer than at least one onset-to-onset gap. Braindecode will raise unless you shorten the window or deliberately set CONFIG['on_overlapping_events'] to 'warn' or 'ignore'.
[2026-05-18 11:25:23] Annotation counts before filtering: {np.str_('left_hand'): 1000, np.str_('right_hand'): 950}
[2026-05-18 11:25:23] Filtered annotations: kept 1950 / 1950
[2026-05-18 11:25:23] Annotation counts after filtering:  {np.str_('left_hand'): 1000, np.str_('right_hand'): 950}
[2026-05-18 11:25:23] 537
[2026-05-18 11:25:23] Annotation timing diagnostic after label filtering:
[2026-05-18 11:25:23]   Selected events:             1950
[2026-05-18 11:25:23]   Duration min/median/max:     3.999996 / 4.000000 / 4.000004 s
[2026-05-18 11:25:23]   Requested analysis samples:  537
[2026-05-18 11:25:23]   Effective analysis duration: 4.195312 s
[2026-05-18 11:25:23]   Onset gap min/median/max:    0.001999 / 2.006001 / 4.004005 s
[2026-05-18 11:25:23]   Potential 4.195312s overlaps: 1900
[2026-05-18 11:25:23]     overlap example recording=0, left_hand@4.006s -> right_hand@8.010s, gap=4.004s
[2026-05-18 11:25:23]     overlap example recording=0, right_hand@8.010s -> left_hand@10.000s, gap=1.990s
[2026-05-18 11:25:23]     overlap example recording=0, left_hand@10.000s -> right_hand@12.004s, gap=2.004s
[2026-05-18 11:25:23]     overlap example recording=0, right_hand@12.004s -> left_hand@16.006s, gap=4.002s
[2026-05-18 11:25:23]     overlap example recording=0, left_hand@16.006s -> right_hand@18.000s, gap=1.994s
[2026-05-18 11:25:23]     overlap example recording=0, right_hand@18.000s -> left_hand@20.004s, gap=2.004s
[2026-05-18 11:25:23]     overlap example recording=0, left_hand@20.004s -> right_hand@24.004s, gap=4.000s
[2026-05-18 11:25:23]     overlap example recording=0, right_hand@24.004s -> left_hand@26.000s, gap=1.996s
[2026-05-18 11:25:23]     overlap example recording=0, left_hand@26.000s -> right_hand@28.006s, gap=2.006s
[2026-05-18 11:25:23]     overlap example recording=0, right_hand@28.006s -> left_hand@32.008s, gap=4.002s
[2026-05-18 11:25:23] Windowing offset configuration:
[2026-05-18 11:25:23]   Min annotation samples:      511
[2026-05-18 11:25:23]   Median annotation samples:   512
[2026-05-18 11:25:23]   Max annotation samples:      512
[2026-05-18 11:25:23]   Target window samples:       537
[2026-05-18 11:25:23]   trial_start_offset_samples:  0
[2026-05-18 11:25:23]   trial_stop_offset_samples:   26
[2026-05-18 11:25:23]   on_overlapping_events:       raise
[2026-05-18 11:25:23] WARNING: The selected target duration overlaps nearby events. Set CONFIG['on_overlapping_events'] to 'warn' or 'ignore' if this is intentional.
