[2026-07-23 12:35:32] Run ID:     20260723_123532_967384_582a9559
[2026-07-23 12:35:32] Artifacts:  /Users/vadim/Documents/School/Spring 2026/CSCE A698 Individual Research/EEG_JEPA/artifacts/liu2024-sjepa-prelocal-clean-gacl-full50/20260723_123532_967384_582a9559
[2026-07-23 12:35:32] Config:     /Users/vadim/Documents/School/Spring 2026/CSCE A698 Individual Research/EEG_JEPA/artifacts/liu2024-sjepa-prelocal-clean-gacl-full50/20260723_123532_967384_582a9559/config.json
[2026-07-23 12:35:33] Using device: mps | seed: 2026
[2026-07-23 12:36:16] Loaded 50 subjects and 2000 exact-marker trials
[2026-07-23 12:36:16] Preflight passed: trainable={'spatial_conv.1.weight': 116, 'spatial_conv.1.bias': 4, 'final_layer.1.weight': 1536, 'final_layer.1.bias': 2} initial_hash=467025269a9a
[2026-07-23 12:36:16] Subject 1 fold 1/5 condition=control
[2026-07-23 12:36:20]   BA=0.500 best_epoch=74 pred=[8, 0]
[2026-07-23 12:36:20] Subject 1 fold 1/5 condition=gacl_rotation_noise
[2026-07-23 12:36:29]   BA=0.500 best_epoch=138 pred=[8, 0]
[2026-07-23 12:36:29] Subject 1 fold 2/5 condition=control
[2026-07-23 12:36:30]   BA=0.625 best_epoch=1 pred=[5, 3]
[2026-07-23 12:36:30] Subject 1 fold 2/5 condition=gacl_rotation_noise
[2026-07-23 12:36:33]   BA=0.625 best_epoch=1 pred=[5, 3]
[2026-07-23 12:36:33] Subject 1 fold 3/5 condition=control
[2026-07-23 12:36:38]   BA=0.375 best_epoch=206 pred=[3, 5]
[2026-07-23 12:36:38] Subject 1 fold 3/5 condition=gacl_rotation_noise
[2026-07-23 12:37:06]   BA=0.375 best_epoch=500 pred=[3, 5]
[2026-07-23 12:37:06] Subject 1 fold 4/5 condition=control
[2026-07-23 12:37:20]   BA=0.500 best_epoch=678 pred=[6, 2]
[2026-07-23 12:37:20] Subject 1 fold 4/5 condition=gacl_rotation_noise
[2026-07-23 12:37:33]   BA=0.625 best_epoch=190 pred=[7, 1]
[2026-07-23 12:37:33] Subject 1 fold 5/5 condition=control
[2026-07-23 12:37:34]   BA=0.500 best_epoch=1 pred=[0, 8]
[2026-07-23 12:37:34] Subject 1 fold 5/5 condition=gacl_rotation_noise
[2026-07-23 12:37:36]   BA=0.500 best_epoch=1 pred=[0, 8]
[2026-07-23 12:37:36] Subject 2 fold 1/5 condition=control
[2026-07-23 12:37:40]   BA=0.375 best_epoch=125 pred=[3, 5]
[2026-07-23 12:37:40] Subject 2 fold 1/5 condition=gacl_rotation_noise
[2026-07-23 12:37:52]   BA=0.375 best_epoch=177 pred=[5, 3]
[2026-07-23 12:37:52] Subject 2 fold 2/5 condition=control
[2026-07-23 12:38:09]   BA=0.625 best_epoch=861 pred=[5, 3]
[2026-07-23 12:38:09] Subject 2 fold 2/5 condition=gacl_rotation_noise
[2026-07-23 12:38:34]   BA=0.750 best_epoch=477 pred=[6, 2]
[2026-07-23 12:38:34] Subject 2 fold 3/5 condition=control
[2026-07-23 12:38:35]   BA=0.625 best_epoch=1 pred=[1, 7]
[2026-07-23 12:38:35] Subject 2 fold 3/5 condition=gacl_rotation_noise
[2026-07-23 12:38:37]   BA=0.625 best_epoch=1 pred=[1, 7]
[2026-07-23 12:38:37] Subject 2 fold 4/5 condition=control
[2026-07-23 12:38:40]   BA=0.625 best_epoch=130 pred=[5, 3]
[2026-07-23 12:38:40] Subject 2 fold 4/5 condition=gacl_rotation_noise
[2026-07-23 12:39:03]   BA=0.750 best_epoch=409 pred=[6, 2]
[2026-07-23 12:39:03] Subject 2 fold 5/5 condition=control
[2026-07-23 12:39:18]   BA=0.750 best_epoch=741 pred=[4, 4]
[2026-07-23 12:39:18] Subject 2 fold 5/5 condition=gacl_rotation_noise
[2026-07-23 12:39:38]   BA=0.750 best_epoch=336 pred=[6, 2]
[2026-07-23 12:39:38] Subject 3 fold 1/5 condition=control
[2026-07-23 12:39:40]   BA=0.500 best_epoch=26 pred=[4, 4]
[2026-07-23 12:39:40] Subject 3 fold 1/5 condition=gacl_rotation_noise
[2026-07-23 12:39:42]   BA=0.625 best_epoch=1 pred=[1, 7]
[2026-07-23 12:39:42] Subject 3 fold 2/5 condition=control
[2026-07-23 12:39:46]   BA=0.750 best_epoch=157 pred=[4, 4]
[2026-07-23 12:39:46] Subject 3 fold 2/5 condition=gacl_rotation_noise
[2026-07-23 12:40:05]   BA=0.750 best_epoch=364 pred=[6, 2]
[2026-07-23 12:40:05] Subject 3 fold 3/5 condition=control
[2026-07-23 12:40:09]   BA=0.375 best_epoch=117 pred=[5, 3]
[2026-07-23 12:40:09] Subject 3 fold 3/5 condition=gacl_rotation_noise
[2026-07-23 12:40:13]   BA=0.375 best_epoch=36 pred=[7, 1]
[2026-07-23 12:40:13] Subject 3 fold 4/5 condition=control
[2026-07-23 12:40:15]   BA=0.750 best_epoch=69 pred=[6, 2]
[2026-07-23 12:40:15] Subject 3 fold 4/5 condition=gacl_rotation_noise
[2026-07-23 12:40:22]   BA=0.875 best_epoch=112 pred=[5, 3]
[2026-07-23 12:40:22] Subject 3 fold 5/5 condition=control
[2026-07-23 12:40:23]   BA=0.500 best_epoch=1 pred=[8, 0]
[2026-07-23 12:40:23] Subject 3 fold 5/5 condition=gacl_rotation_noise
[2026-07-23 12:40:26]   BA=0.500 best_epoch=1 pred=[8, 0]
[2026-07-23 12:40:26] Subject 4 fold 1/5 condition=control
[2026-07-23 12:40:31]   BA=0.625 best_epoch=230 pred=[3, 5]
[2026-07-23 12:40:31] Subject 4 fold 1/5 condition=gacl_rotation_noise
[2026-07-23 12:40:47]   BA=0.625 best_epoch=277 pred=[3, 5]
[2026-07-23 12:40:47] Subject 4 fold 2/5 condition=control
[2026-07-23 12:40:53]   BA=0.625 best_epoch=267 pred=[3, 5]
[2026-07-23 12:40:53] Subject 4 fold 2/5 condition=gacl_rotation_noise
[2026-07-23 12:40:55]   BA=0.375 best_epoch=2 pred=[3, 5]
[2026-07-23 12:40:55] Subject 4 fold 3/5 condition=control
[2026-07-23 12:40:56]   BA=0.500 best_epoch=1 pred=[0, 8]
[2026-07-23 12:40:56] Subject 4 fold 3/5 condition=gacl_rotation_noise
[2026-07-23 12:40:58]   BA=0.500 best_epoch=1 pred=[0, 8]
[2026-07-23 12:40:58] Subject 4 fold 4/5 condition=control
[2026-07-23 12:41:04]   BA=0.875 best_epoch=269 pred=[5, 3]
[2026-07-23 12:41:04] Subject 4 fold 4/5 condition=gacl_rotation_noise
[2026-07-23 12:41:18]   BA=0.875 best_epoch=233 pred=[5, 3]
[2026-07-23 12:41:18] Subject 4 fold 5/5 condition=control
[2026-07-23 12:41:24]   BA=0.750 best_epoch=268 pred=[4, 4]
[2026-07-23 12:41:24] Subject 4 fold 5/5 condition=gacl_rotation_noise
[2026-07-23 12:41:38]   BA=0.750 best_epoch=248 pred=[4, 4]
[2026-07-23 12:41:38] Subject 5 fold 1/5 condition=control
[2026-07-23 12:41:39]   BA=0.750 best_epoch=1 pred=[4, 4]
[2026-07-23 12:41:39] Subject 5 fold 1/5 condition=gacl_rotation_noise
[2026-07-23 12:41:41]   BA=0.750 best_epoch=1 pred=[4, 4]
[2026-07-23 12:41:41] Subject 5 fold 2/5 condition=control
[2026-07-23 12:41:42]   BA=0.625 best_epoch=8 pred=[1, 7]
[2026-07-23 12:41:42] Subject 5 fold 2/5 condition=gacl_rotation_noise
[2026-07-23 12:41:54]   BA=0.625 best_epoch=200 pred=[3, 5]
[2026-07-23 12:41:54] Subject 5 fold 3/5 condition=control
[2026-07-23 12:41:55]   BA=0.375 best_epoch=1 pred=[5, 3]
[2026-07-23 12:41:55] Subject 5 fold 3/5 condition=gacl_rotation_noise
[2026-07-23 12:41:57]   BA=0.375 best_epoch=1 pred=[5, 3]
[2026-07-23 12:41:57] Subject 5 fold 4/5 condition=control
[2026-07-23 12:41:58]   BA=0.500 best_epoch=1 pred=[0, 8]
[2026-07-23 12:41:58] Subject 5 fold 4/5 condition=gacl_rotation_noise
[2026-07-23 12:42:01]   BA=0.500 best_epoch=1 pred=[0, 8]
[2026-07-23 12:42:01] Subject 5 fold 5/5 condition=control
[2026-07-23 12:42:09]   BA=0.875 best_epoch=386 pred=[3, 5]
[2026-07-23 12:42:09] Subject 5 fold 5/5 condition=gacl_rotation_noise
[2026-07-23 12:42:35]   BA=0.375 best_epoch=502 pred=[3, 5]
[2026-07-23 12:42:35] Subject 6 fold 1/5 condition=control
[2026-07-23 12:42:38]   BA=0.625 best_epoch=119 pred=[5, 3]
[2026-07-23 12:42:38] Subject 6 fold 1/5 condition=gacl_rotation_noise
[2026-07-23 12:42:51]   BA=0.625 best_epoch=230 pred=[7, 1]
[2026-07-23 12:42:51] Subject 6 fold 2/5 condition=control
[2026-07-23 12:42:52]   BA=0.500 best_epoch=2 pred=[8, 0]
[2026-07-23 12:42:52] Subject 6 fold 2/5 condition=gacl_rotation_noise
[2026-07-23 12:42:55]   BA=0.500 best_epoch=1 pred=[8, 0]
[2026-07-23 12:42:55] Subject 6 fold 3/5 condition=control
[2026-07-23 12:42:58]   BA=0.625 best_epoch=119 pred=[5, 3]
[2026-07-23 12:42:58] Subject 6 fold 3/5 condition=gacl_rotation_noise
[2026-07-23 12:43:06]   BA=0.625 best_epoch=125 pred=[5, 3]
[2026-07-23 12:43:06] Subject 6 fold 4/5 condition=control
[2026-07-23 12:43:11]   BA=0.500 best_epoch=197 pred=[4, 4]
[2026-07-23 12:43:11] Subject 6 fold 4/5 condition=gacl_rotation_noise
[2026-07-23 12:43:18]   BA=0.500 best_epoch=94 pred=[4, 4]
[2026-07-23 12:43:18] Subject 6 fold 5/5 condition=control
[2026-07-23 12:43:24]   BA=0.625 best_epoch=268 pred=[5, 3]
[2026-07-23 12:43:24] Subject 6 fold 5/5 condition=gacl_rotation_noise
[2026-07-23 12:43:39]   BA=0.500 best_epoch=261 pred=[4, 4]
[2026-07-23 12:43:39] Subject 7 fold 1/5 condition=control
[2026-07-23 12:43:43]   BA=0.625 best_epoch=159 pred=[1, 7]
[2026-07-23 12:43:43] Subject 7 fold 1/5 condition=gacl_rotation_noise
[2026-07-23 12:44:01]   BA=0.625 best_epoch=316 pred=[3, 5]
[2026-07-23 12:44:01] Subject 7 fold 2/5 condition=control
[2026-07-23 12:44:01]   BA=0.375 best_epoch=1 pred=[1, 7]
[2026-07-23 12:44:01] Subject 7 fold 2/5 condition=gacl_rotation_noise
[2026-07-23 12:44:04]   BA=0.375 best_epoch=1 pred=[1, 7]
[2026-07-23 12:44:04] Subject 7 fold 3/5 condition=control
[2026-07-23 12:44:24]   BA=0.750 best_epoch=1088 pred=[4, 4]
[2026-07-23 12:44:24] Subject 7 fold 3/5 condition=gacl_rotation_noise
[2026-07-23 12:45:07]   BA=0.750 best_epoch=835 pred=[4, 4]
[2026-07-23 12:45:07] Subject 7 fold 4/5 condition=control
[2026-07-23 12:45:15]   BA=0.500 best_epoch=415 pred=[4, 4]
[2026-07-23 12:45:15] Subject 7 fold 4/5 condition=gacl_rotation_noise
[2026-07-23 12:45:36]   BA=0.375 best_epoch=387 pred=[3, 5]
[2026-07-23 12:45:36] Subject 7 fold 5/5 condition=control
[2026-07-23 12:45:42]   BA=0.375 best_epoch=309 pred=[5, 3]
[2026-07-23 12:45:42] Subject 7 fold 5/5 condition=gacl_rotation_noise
[2026-07-23 12:45:50]   BA=0.625 best_epoch=124 pred=[1, 7]
[2026-07-23 12:45:50] Subject 8 fold 1/5 condition=control
[2026-07-23 12:45:55]   BA=0.750 best_epoch=219 pred=[4, 4]
[2026-07-23 12:45:55] Subject 8 fold 1/5 condition=gacl_rotation_noise
[2026-07-23 12:46:23]   BA=0.750 best_epoch=564 pred=[4, 4]
[2026-07-23 12:46:23] Subject 8 fold 2/5 condition=control
[2026-07-23 12:46:33]   BA=0.750 best_epoch=523 pred=[2, 6]
[2026-07-23 12:46:33] Subject 8 fold 2/5 condition=gacl_rotation_noise
[2026-07-23 12:47:03]   BA=0.750 best_epoch=590 pred=[2, 6]
[2026-07-23 12:47:03] Subject 8 fold 3/5 condition=control
[2026-07-23 12:47:19]   BA=0.625 best_epoch=887 pred=[7, 1]
[2026-07-23 12:47:19] Subject 8 fold 3/5 condition=gacl_rotation_noise
[2026-07-23 12:47:38]   BA=0.625 best_epoch=353 pred=[5, 3]
[2026-07-23 12:47:38] Subject 8 fold 4/5 condition=control
[2026-07-23 12:47:42]   BA=0.625 best_epoch=141 pred=[3, 5]
[2026-07-23 12:47:42] Subject 8 fold 4/5 condition=gacl_rotation_noise
[2026-07-23 12:47:54]   BA=0.625 best_epoch=202 pred=[3, 5]
[2026-07-23 12:47:54] Subject 8 fold 5/5 condition=control
[2026-07-23 12:48:13]   BA=0.625 best_epoch=1071 pred=[5, 3]
[2026-07-23 12:48:13] Subject 8 fold 5/5 condition=gacl_rotation_noise
[2026-07-23 12:48:42]   BA=0.625 best_epoch=590 pred=[5, 3]
[2026-07-23 12:48:42] Subject 9 fold 1/5 condition=control
[2026-07-23 12:48:46]   BA=0.500 best_epoch=132 pred=[4, 4]
[2026-07-23 12:48:46] Subject 9 fold 1/5 condition=gacl_rotation_noise
[2026-07-23 12:49:05]   BA=0.375 best_epoch=364 pred=[3, 5]
[2026-07-23 12:49:05] Subject 9 fold 2/5 condition=control
[2026-07-23 12:49:10]   BA=0.500 best_epoch=216 pred=[4, 4]
[2026-07-23 12:49:10] Subject 9 fold 2/5 condition=gacl_rotation_noise
[2026-07-23 12:49:15]   BA=0.625 best_epoch=54 pred=[3, 5]
[2026-07-23 12:49:15] Subject 9 fold 3/5 condition=control
[2026-07-23 12:49:37]   BA=0.375 best_epoch=1214 pred=[5, 3]
[2026-07-23 12:49:37] Subject 9 fold 3/5 condition=gacl_rotation_noise
[2026-07-23 12:50:39]   BA=0.500 best_epoch=1267 pred=[6, 2]
[2026-07-23 12:50:39] Subject 9 fold 4/5 condition=control
[2026-07-23 12:50:40]   BA=0.000 best_epoch=7 pred=[4, 4]
[2026-07-23 12:50:40] Subject 9 fold 4/5 condition=gacl_rotation_noise
[2026-07-23 12:50:43]   BA=0.125 best_epoch=7 pred=[5, 3]
[2026-07-23 12:50:43] Subject 9 fold 5/5 condition=control
[2026-07-23 12:50:44]   BA=0.500 best_epoch=1 pred=[8, 0]
[2026-07-23 12:50:44] Subject 9 fold 5/5 condition=gacl_rotation_noise
[2026-07-23 12:50:46]   BA=0.500 best_epoch=1 pred=[8, 0]
[2026-07-23 12:50:46] Subject 10 fold 1/5 condition=control
[2026-07-23 12:50:47]   BA=0.375 best_epoch=3 pred=[5, 3]
[2026-07-23 12:50:47] Subject 10 fold 1/5 condition=gacl_rotation_noise
[2026-07-23 12:50:50]   BA=0.250 best_epoch=3 pred=[6, 2]
[2026-07-23 12:50:50] Subject 10 fold 2/5 condition=control
[2026-07-23 12:50:51]   BA=0.500 best_epoch=9 pred=[0, 8]
[2026-07-23 12:50:51] Subject 10 fold 2/5 condition=gacl_rotation_noise
[2026-07-23 12:50:54]   BA=0.625 best_epoch=12 pred=[1, 7]
[2026-07-23 12:50:54] Subject 10 fold 3/5 condition=control
[2026-07-23 12:50:58]   BA=0.250 best_epoch=181 pred=[2, 6]
[2026-07-23 12:50:58] Subject 10 fold 3/5 condition=gacl_rotation_noise
[2026-07-23 12:51:07]   BA=0.125 best_epoch=144 pred=[3, 5]
[2026-07-23 12:51:07] Subject 10 fold 4/5 condition=control
[2026-07-23 12:51:08]   BA=0.500 best_epoch=1 pred=[2, 6]
[2026-07-23 12:51:08] Subject 10 fold 4/5 condition=gacl_rotation_noise
[2026-07-23 12:51:11]   BA=0.625 best_epoch=6 pred=[7, 1]
[2026-07-23 12:51:11] Subject 10 fold 5/5 condition=control
[2026-07-23 12:51:11]   BA=0.500 best_epoch=1 pred=[0, 8]
[2026-07-23 12:51:11] Subject 10 fold 5/5 condition=gacl_rotation_noise
[2026-07-23 12:51:14]   BA=0.500 best_epoch=1 pred=[0, 8]
[2026-07-23 12:51:14] Subject 11 fold 1/5 condition=control
[2026-07-23 12:51:24]   BA=0.125 best_epoch=506 pred=[5, 3]
[2026-07-23 12:51:24] Subject 11 fold 1/5 condition=gacl_rotation_noise
[2026-07-23 12:51:57]   BA=0.375 best_epoch=641 pred=[3, 5]
[2026-07-23 12:51:57] Subject 11 fold 2/5 condition=control
[2026-07-23 12:51:58]   BA=0.625 best_epoch=1 pred=[7, 1]
[2026-07-23 12:51:58] Subject 11 fold 2/5 condition=gacl_rotation_noise
[2026-07-23 12:52:00]   BA=0.625 best_epoch=1 pred=[7, 1]
[2026-07-23 12:52:00] Subject 11 fold 3/5 condition=control
[2026-07-23 12:52:15]   BA=0.375 best_epoch=749 pred=[5, 3]
[2026-07-23 12:52:15] Subject 11 fold 3/5 condition=gacl_rotation_noise
[2026-07-23 12:52:33]   BA=0.500 best_epoch=326 pred=[2, 6]
[2026-07-23 12:52:33] Subject 11 fold 4/5 condition=control
[2026-07-23 12:52:40]   BA=0.500 best_epoch=343 pred=[6, 2]
[2026-07-23 12:52:40] Subject 11 fold 4/5 condition=gacl_rotation_noise
[2026-07-23 12:53:10]   BA=0.625 best_epoch=605 pred=[5, 3]
[2026-07-23 12:53:11] Subject 11 fold 5/5 condition=control
[2026-07-23 12:53:32]   BA=0.375 best_epoch=1120 pred=[3, 5]
[2026-07-23 12:53:32] Subject 11 fold 5/5 condition=gacl_rotation_noise
[2026-07-23 12:53:55]   BA=0.500 best_epoch=440 pred=[2, 6]
[2026-07-23 12:53:55] Subject 12 fold 1/5 condition=control
[2026-07-23 12:53:57]   BA=0.625 best_epoch=39 pred=[5, 3]
[2026-07-23 12:53:57] Subject 12 fold 1/5 condition=gacl_rotation_noise
[2026-07-23 12:54:05]   BA=0.625 best_epoch=120 pred=[5, 3]
[2026-07-23 12:54:05] Subject 12 fold 2/5 condition=control
[2026-07-23 12:54:09]   BA=0.750 best_epoch=145 pred=[2, 6]
[2026-07-23 12:54:09] Subject 12 fold 2/5 condition=gacl_rotation_noise
[2026-07-23 12:54:33]   BA=0.875 best_epoch=468 pred=[3, 5]
[2026-07-23 12:54:33] Subject 12 fold 3/5 condition=control
[2026-07-23 12:54:36]   BA=0.750 best_epoch=91 pred=[2, 6]
[2026-07-23 12:54:36] Subject 12 fold 3/5 condition=gacl_rotation_noise
[2026-07-23 12:54:40]   BA=0.625 best_epoch=28 pred=[1, 7]
[2026-07-23 12:54:40] Subject 12 fold 4/5 condition=control
[2026-07-23 12:54:52]   BA=0.625 best_epoch=631 pred=[1, 7]
[2026-07-23 12:54:52] Subject 12 fold 4/5 condition=gacl_rotation_noise
[2026-07-23 12:55:15]   BA=0.625 best_epoch=460 pred=[3, 5]
[2026-07-23 12:55:15] Subject 12 fold 5/5 condition=control
[2026-07-23 12:55:21]   BA=0.375 best_epoch=235 pred=[7, 1]
[2026-07-23 12:55:21] Subject 12 fold 5/5 condition=gacl_rotation_noise
[2026-07-23 12:55:36]   BA=0.500 best_epoch=286 pred=[6, 2]
[2026-07-23 12:55:36] Subject 13 fold 1/5 condition=control
[2026-07-23 12:55:42]   BA=0.750 best_epoch=237 pred=[6, 2]
[2026-07-23 12:55:42] Subject 13 fold 1/5 condition=gacl_rotation_noise
[2026-07-23 12:55:57]   BA=0.750 best_epoch=288 pred=[6, 2]
[2026-07-23 12:55:57] Subject 13 fold 2/5 condition=control
[2026-07-23 12:56:01]   BA=0.625 best_epoch=140 pred=[5, 3]
[2026-07-23 12:56:01] Subject 13 fold 2/5 condition=gacl_rotation_noise
[2026-07-23 12:56:10]   BA=0.625 best_epoch=145 pred=[5, 3]
[2026-07-23 12:56:10] Subject 13 fold 3/5 condition=control
[2026-07-23 12:56:32]   BA=0.625 best_epoch=1208 pred=[3, 5]
[2026-07-23 12:56:32] Subject 13 fold 3/5 condition=gacl_rotation_noise
[2026-07-23 12:57:16]   BA=0.875 best_epoch=896 pred=[5, 3]
[2026-07-23 12:57:16] Subject 13 fold 4/5 condition=control
[2026-07-23 12:57:27]   BA=0.750 best_epoch=552 pred=[2, 6]
[2026-07-23 12:57:27] Subject 13 fold 4/5 condition=gacl_rotation_noise
[2026-07-23 12:58:00]   BA=0.875 best_epoch=640 pred=[3, 5]
[2026-07-23 12:58:00] Subject 13 fold 5/5 condition=control
[2026-07-23 12:58:06]   BA=0.875 best_epoch=295 pred=[5, 3]
[2026-07-23 12:58:06] Subject 13 fold 5/5 condition=gacl_rotation_noise
[2026-07-23 12:58:19]   BA=0.875 best_epoch=215 pred=[5, 3]
[2026-07-23 12:58:19] Subject 14 fold 1/5 condition=control
[2026-07-23 12:58:21]   BA=0.750 best_epoch=66 pred=[4, 4]
[2026-07-23 12:58:21] Subject 14 fold 1/5 condition=gacl_rotation_noise
[2026-07-23 12:58:30]   BA=0.750 best_epoch=137 pred=[4, 4]
[2026-07-23 12:58:30] Subject 14 fold 2/5 condition=control
[2026-07-23 12:58:34]   BA=0.375 best_epoch=159 pred=[3, 5]
[2026-07-23 12:58:34] Subject 14 fold 2/5 condition=gacl_rotation_noise
[2026-07-23 12:58:50]   BA=0.625 best_epoch=292 pred=[5, 3]
[2026-07-23 12:58:50] Subject 14 fold 3/5 condition=control
[2026-07-23 12:58:51]   BA=0.625 best_epoch=1 pred=[1, 7]
[2026-07-23 12:58:51] Subject 14 fold 3/5 condition=gacl_rotation_noise
[2026-07-23 12:58:53]   BA=0.625 best_epoch=1 pred=[1, 7]
[2026-07-23 12:58:53] Subject 14 fold 4/5 condition=control
[2026-07-23 12:59:04]   BA=0.625 best_epoch=565 pred=[7, 1]
[2026-07-23 12:59:04] Subject 14 fold 4/5 condition=gacl_rotation_noise
[2026-07-23 12:59:40]   BA=0.625 best_epoch=697 pred=[7, 1]
[2026-07-23 12:59:40] Subject 14 fold 5/5 condition=control
[2026-07-23 12:59:55]   BA=0.625 best_epoch=846 pred=[3, 5]
[2026-07-23 12:59:55] Subject 14 fold 5/5 condition=gacl_rotation_noise
[2026-07-23 13:00:20]   BA=0.750 best_epoch=477 pred=[2, 6]
[2026-07-23 13:00:20] Subject 15 fold 1/5 condition=control
[2026-07-23 13:00:21]   BA=0.375 best_epoch=1 pred=[3, 5]
[2026-07-23 13:00:21] Subject 15 fold 1/5 condition=gacl_rotation_noise
[2026-07-23 13:00:24]   BA=0.375 best_epoch=1 pred=[3, 5]
[2026-07-23 13:00:24] Subject 15 fold 2/5 condition=control
[2026-07-23 13:00:24]   BA=0.500 best_epoch=1 pred=[0, 8]
[2026-07-23 13:00:24] Subject 15 fold 2/5 condition=gacl_rotation_noise
[2026-07-23 13:00:27]   BA=0.500 best_epoch=1 pred=[0, 8]
[2026-07-23 13:00:27] Subject 15 fold 3/5 condition=control
[2026-07-23 13:00:28]   BA=0.625 best_epoch=1 pred=[3, 5]
[2026-07-23 13:00:28] Subject 15 fold 3/5 condition=gacl_rotation_noise
[2026-07-23 13:00:30]   BA=0.625 best_epoch=1 pred=[3, 5]
[2026-07-23 13:00:30] Subject 15 fold 4/5 condition=control
[2026-07-23 13:00:31]   BA=0.500 best_epoch=1 pred=[8, 0]
[2026-07-23 13:00:31] Subject 15 fold 4/5 condition=gacl_rotation_noise
[2026-07-23 13:00:33]   BA=0.500 best_epoch=1 pred=[8, 0]
[2026-07-23 13:00:33] Subject 15 fold 5/5 condition=control
[2026-07-23 13:00:34]   BA=0.500 best_epoch=2 pred=[0, 8]
[2026-07-23 13:00:34] Subject 15 fold 5/5 condition=gacl_rotation_noise
[2026-07-23 13:00:37]   BA=0.500 best_epoch=1 pred=[0, 8]
[2026-07-23 13:00:37] Subject 16 fold 1/5 condition=control
[2026-07-23 13:00:38]   BA=0.250 best_epoch=40 pred=[6, 2]
[2026-07-23 13:00:38] Subject 16 fold 1/5 condition=gacl_rotation_noise
[2026-07-23 13:00:44]   BA=0.250 best_epoch=68 pred=[6, 2]
[2026-07-23 13:00:44] Subject 16 fold 2/5 condition=control
[2026-07-23 13:00:45]   BA=0.500 best_epoch=3 pred=[8, 0]
[2026-07-23 13:00:45] Subject 16 fold 2/5 condition=gacl_rotation_noise
[2026-07-23 13:00:47]   BA=0.500 best_epoch=5 pred=[8, 0]
[2026-07-23 13:00:47] Subject 16 fold 3/5 condition=control
[2026-07-23 13:00:48]   BA=0.500 best_epoch=1 pred=[0, 8]
[2026-07-23 13:00:48] Subject 16 fold 3/5 condition=gacl_rotation_noise
[2026-07-23 13:00:51]   BA=0.500 best_epoch=1 pred=[0, 8]
[2026-07-23 13:00:51] Subject 16 fold 4/5 condition=control
[2026-07-23 13:00:51]   BA=0.500 best_epoch=1 pred=[8, 0]
[2026-07-23 13:00:51] Subject 16 fold 4/5 condition=gacl_rotation_noise
[2026-07-23 13:00:54]   BA=0.500 best_epoch=1 pred=[8, 0]
[2026-07-23 13:00:54] Subject 16 fold 5/5 condition=control
[2026-07-23 13:00:55]   BA=0.625 best_epoch=1 pred=[1, 7]
[2026-07-23 13:00:55] Subject 16 fold 5/5 condition=gacl_rotation_noise
[2026-07-23 13:00:57]   BA=0.625 best_epoch=1 pred=[1, 7]
[2026-07-23 13:00:57] Subject 17 fold 1/5 condition=control
[2026-07-23 13:01:00]   BA=0.250 best_epoch=117 pred=[4, 4]
[2026-07-23 13:01:00] Subject 17 fold 1/5 condition=gacl_rotation_noise
[2026-07-23 13:01:07]   BA=0.500 best_epoch=90 pred=[6, 2]
[2026-07-23 13:01:07] Subject 17 fold 2/5 condition=control
[2026-07-23 13:01:14]   BA=0.750 best_epoch=341 pred=[2, 6]
[2026-07-23 13:01:14] Subject 17 fold 2/5 condition=gacl_rotation_noise
[2026-07-23 13:02:31]   BA=0.625 best_epoch=1596 pred=[3, 5]
[2026-07-23 13:02:31] Subject 17 fold 3/5 condition=control
[2026-07-23 13:02:36]   BA=0.750 best_epoch=175 pred=[2, 6]
[2026-07-23 13:02:36] Subject 17 fold 3/5 condition=gacl_rotation_noise
[2026-07-23 13:02:44]   BA=0.625 best_epoch=119 pred=[1, 7]
[2026-07-23 13:02:44] Subject 17 fold 4/5 condition=control
[2026-07-23 13:02:45]   BA=0.500 best_epoch=1 pred=[8, 0]
[2026-07-23 13:02:45] Subject 17 fold 4/5 condition=gacl_rotation_noise
[2026-07-23 13:02:47]   BA=0.500 best_epoch=4 pred=[8, 0]
[2026-07-23 13:02:47] Subject 17 fold 5/5 condition=control
[2026-07-23 13:02:48]   BA=0.375 best_epoch=23 pred=[3, 5]
[2026-07-23 13:02:48] Subject 17 fold 5/5 condition=gacl_rotation_noise
[2026-07-23 13:02:52]   BA=0.375 best_epoch=23 pred=[3, 5]
[2026-07-23 13:02:52] Subject 18 fold 1/5 condition=control
[2026-07-23 13:03:41]   BA=1.000 best_epoch=2638 pred=[4, 4]
[2026-07-23 13:03:41] Subject 18 fold 1/5 condition=gacl_rotation_noise
[2026-07-23 13:04:51]   BA=1.000 best_epoch=1436 pred=[4, 4]
[2026-07-23 13:04:51] Subject 18 fold 2/5 condition=control
[2026-07-23 13:05:25]   BA=0.875 best_epoch=1826 pred=[3, 5]
[2026-07-23 13:05:25] Subject 18 fold 2/5 condition=gacl_rotation_noise
[2026-07-23 13:06:23]   BA=0.750 best_epoch=1187 pred=[4, 4]
[2026-07-23 13:06:23] Subject 18 fold 3/5 condition=control
[2026-07-23 13:06:29]   BA=1.000 best_epoch=272 pred=[4, 4]
[2026-07-23 13:06:29] Subject 18 fold 3/5 condition=gacl_rotation_noise
[2026-07-23 13:06:43]   BA=1.000 best_epoch=240 pred=[4, 4]
[2026-07-23 13:06:43] Subject 18 fold 4/5 condition=control
[2026-07-23 13:07:00]   BA=1.000 best_epoch=874 pred=[4, 4]
[2026-07-23 13:07:00] Subject 18 fold 4/5 condition=gacl_rotation_noise
[2026-07-23 13:07:42]   BA=1.000 best_epoch=846 pred=[4, 4]
[2026-07-23 13:07:42] Subject 18 fold 5/5 condition=control
[2026-07-23 13:09:13]   BA=1.000 best_epoch=5000 pred=[4, 4]
[2026-07-23 13:09:13] Subject 18 fold 5/5 condition=gacl_rotation_noise
[2026-07-23 13:10:34]   BA=0.875 best_epoch=1647 pred=[5, 3]
[2026-07-23 13:10:34] Subject 19 fold 1/5 condition=control
[2026-07-23 13:10:42]   BA=0.375 best_epoch=440 pred=[5, 3]
[2026-07-23 13:10:42] Subject 19 fold 1/5 condition=gacl_rotation_noise
[2026-07-23 13:11:06]   BA=0.375 best_epoch=462 pred=[3, 5]
[2026-07-23 13:11:06] Subject 19 fold 2/5 condition=control
[2026-07-23 13:11:11]   BA=0.375 best_epoch=236 pred=[3, 5]
[2026-07-23 13:11:11] Subject 19 fold 2/5 condition=gacl_rotation_noise
[2026-07-23 13:11:26]   BA=0.375 best_epoch=280 pred=[3, 5]
[2026-07-23 13:11:26] Subject 19 fold 3/5 condition=control
[2026-07-23 13:11:27]   BA=0.500 best_epoch=1 pred=[8, 0]
[2026-07-23 13:11:27] Subject 19 fold 3/5 condition=gacl_rotation_noise
[2026-07-23 13:11:30]   BA=0.500 best_epoch=1 pred=[8, 0]
[2026-07-23 13:11:30] Subject 19 fold 4/5 condition=control
[2026-07-23 13:11:31]   BA=0.500 best_epoch=1 pred=[8, 0]
[2026-07-23 13:11:31] Subject 19 fold 4/5 condition=gacl_rotation_noise
[2026-07-23 13:11:33]   BA=0.500 best_epoch=1 pred=[8, 0]
[2026-07-23 13:11:33] Subject 19 fold 5/5 condition=control
[2026-07-23 13:11:34]   BA=0.500 best_epoch=1 pred=[0, 8]
[2026-07-23 13:11:34] Subject 19 fold 5/5 condition=gacl_rotation_noise
[2026-07-23 13:11:36]   BA=0.500 best_epoch=1 pred=[0, 8]
[2026-07-23 13:11:36] Subject 20 fold 1/5 condition=control
[2026-07-23 13:11:38]   BA=0.750 best_epoch=76 pred=[4, 4]
[2026-07-23 13:11:38] Subject 20 fold 1/5 condition=gacl_rotation_noise
[2026-07-23 13:11:44]   BA=0.625 best_epoch=81 pred=[3, 5]
[2026-07-23 13:11:44] Subject 20 fold 2/5 condition=control
[2026-07-23 13:11:45]   BA=0.500 best_epoch=1 pred=[0, 8]
[2026-07-23 13:11:45] Subject 20 fold 2/5 condition=gacl_rotation_noise
[2026-07-23 13:11:49]   BA=0.500 best_epoch=28 pred=[0, 8]
[2026-07-23 13:11:49] Subject 20 fold 3/5 condition=control
[2026-07-23 13:11:55]   BA=0.750 best_epoch=339 pred=[2, 6]
[2026-07-23 13:11:55] Subject 20 fold 3/5 condition=gacl_rotation_noise
[2026-07-23 13:12:22]   BA=0.750 best_epoch=512 pred=[2, 6]
[2026-07-23 13:12:22] Subject 20 fold 4/5 condition=control
[2026-07-23 13:12:27]   BA=0.625 best_epoch=244 pred=[5, 3]
[2026-07-23 13:12:27] Subject 20 fold 4/5 condition=gacl_rotation_noise
[2026-07-23 13:12:42]   BA=0.625 best_epoch=277 pred=[7, 1]
[2026-07-23 13:12:42] Subject 20 fold 5/5 condition=control
[2026-07-23 13:12:44]   BA=0.500 best_epoch=55 pred=[2, 6]
[2026-07-23 13:12:44] Subject 20 fold 5/5 condition=gacl_rotation_noise
[2026-07-23 13:12:49]   BA=0.500 best_epoch=67 pred=[2, 6]
[2026-07-23 13:12:49] Subject 21 fold 1/5 condition=control
[2026-07-23 13:12:56]   BA=0.500 best_epoch=351 pred=[8, 0]
[2026-07-23 13:12:56] Subject 21 fold 1/5 condition=gacl_rotation_noise
[2026-07-23 13:13:05]   BA=0.500 best_epoch=136 pred=[6, 2]
[2026-07-23 13:13:05] Subject 21 fold 2/5 condition=control
[2026-07-23 13:13:06]   BA=0.500 best_epoch=1 pred=[8, 0]
[2026-07-23 13:13:06] Subject 21 fold 2/5 condition=gacl_rotation_noise
[2026-07-23 13:13:08]   BA=0.500 best_epoch=1 pred=[8, 0]
[2026-07-23 13:13:08] Subject 21 fold 3/5 condition=control
[2026-07-23 13:13:17]   BA=0.375 best_epoch=454 pred=[5, 3]
[2026-07-23 13:13:17] Subject 21 fold 3/5 condition=gacl_rotation_noise
[2026-07-23 13:13:49]   BA=0.625 best_epoch=648 pred=[5, 3]
[2026-07-23 13:13:49] Subject 21 fold 4/5 condition=control
[2026-07-23 13:13:50]   BA=0.500 best_epoch=1 pred=[8, 0]
[2026-07-23 13:13:50] Subject 21 fold 4/5 condition=gacl_rotation_noise
[2026-07-23 13:13:52]   BA=0.500 best_epoch=1 pred=[8, 0]
[2026-07-23 13:13:52] Subject 21 fold 5/5 condition=control
[2026-07-23 13:13:53]   BA=0.500 best_epoch=1 pred=[8, 0]
[2026-07-23 13:13:53] Subject 21 fold 5/5 condition=gacl_rotation_noise
[2026-07-23 13:13:55]   BA=0.500 best_epoch=1 pred=[8, 0]
[2026-07-23 13:13:55] Subject 22 fold 1/5 condition=control
[2026-07-23 13:14:20]   BA=0.875 best_epoch=1366 pred=[5, 3]
[2026-07-23 13:14:20] Subject 22 fold 1/5 condition=gacl_rotation_noise
[2026-07-23 13:15:10]   BA=0.875 best_epoch=1028 pred=[5, 3]
[2026-07-23 13:15:10] Subject 22 fold 2/5 condition=control
[2026-07-23 13:15:18]   BA=0.750 best_epoch=398 pred=[4, 4]
[2026-07-23 13:15:18] Subject 22 fold 2/5 condition=gacl_rotation_noise
[2026-07-23 13:15:40]   BA=0.750 best_epoch=427 pred=[4, 4]
[2026-07-23 13:15:40] Subject 22 fold 3/5 condition=control
[2026-07-23 13:16:14]   BA=0.875 best_epoch=1917 pred=[3, 5]
[2026-07-23 13:16:14] Subject 22 fold 3/5 condition=gacl_rotation_noise
[2026-07-23 13:17:00]   BA=0.750 best_epoch=935 pred=[2, 6]
[2026-07-23 13:17:00] Subject 22 fold 4/5 condition=control
[2026-07-23 13:17:02]   BA=0.875 best_epoch=99 pred=[5, 3]
[2026-07-23 13:17:02] Subject 22 fold 4/5 condition=gacl_rotation_noise
[2026-07-23 13:17:11]   BA=0.875 best_epoch=139 pred=[5, 3]
[2026-07-23 13:17:11] Subject 22 fold 5/5 condition=control
[2026-07-23 13:17:17]   BA=1.000 best_epoch=260 pred=[4, 4]
[2026-07-23 13:17:17] Subject 22 fold 5/5 condition=gacl_rotation_noise
[2026-07-23 13:17:28]   BA=0.875 best_epoch=195 pred=[5, 3]
[2026-07-23 13:17:28] Subject 23 fold 1/5 condition=control
[2026-07-23 13:17:41]   BA=0.500 best_epoch=719 pred=[6, 2]
[2026-07-23 13:17:41] Subject 23 fold 1/5 condition=gacl_rotation_noise
[2026-07-23 13:18:11]   BA=0.500 best_epoch=601 pred=[6, 2]
[2026-07-23 13:18:11] Subject 23 fold 2/5 condition=control
[2026-07-23 13:18:12]   BA=0.625 best_epoch=1 pred=[1, 7]
[2026-07-23 13:18:12] Subject 23 fold 2/5 condition=gacl_rotation_noise
[2026-07-23 13:18:14]   BA=0.625 best_epoch=1 pred=[1, 7]
[2026-07-23 13:18:14] Subject 23 fold 3/5 condition=control
[2026-07-23 13:18:19]   BA=0.625 best_epoch=193 pred=[5, 3]
[2026-07-23 13:18:19] Subject 23 fold 3/5 condition=gacl_rotation_noise
[2026-07-23 13:18:27]   BA=0.250 best_epoch=139 pred=[6, 2]
[2026-07-23 13:18:27] Subject 23 fold 4/5 condition=control
[2026-07-23 13:18:28]   BA=0.500 best_epoch=1 pred=[0, 8]
[2026-07-23 13:18:28] Subject 23 fold 4/5 condition=gacl_rotation_noise
[2026-07-23 13:18:30]   BA=0.500 best_epoch=1 pred=[0, 8]
[2026-07-23 13:18:30] Subject 23 fold 5/5 condition=control
[2026-07-23 13:18:40]   BA=0.250 best_epoch=530 pred=[4, 4]
[2026-07-23 13:18:40] Subject 23 fold 5/5 condition=gacl_rotation_noise
[2026-07-23 13:19:03]   BA=0.375 best_epoch=425 pred=[3, 5]
[2026-07-23 13:19:03] Subject 24 fold 1/5 condition=control
[2026-07-23 13:19:10]   BA=0.250 best_epoch=369 pred=[4, 4]
[2026-07-23 13:19:10] Subject 24 fold 1/5 condition=gacl_rotation_noise
[2026-07-23 13:19:35]   BA=0.250 best_epoch=494 pred=[4, 4]
[2026-07-23 13:19:35] Subject 24 fold 2/5 condition=control
[2026-07-23 13:19:36]   BA=0.625 best_epoch=1 pred=[3, 5]
[2026-07-23 13:19:36] Subject 24 fold 2/5 condition=gacl_rotation_noise
[2026-07-23 13:19:38]   BA=0.625 best_epoch=1 pred=[3, 5]
[2026-07-23 13:19:38] Subject 24 fold 3/5 condition=control
[2026-07-23 13:19:39]   BA=0.875 best_epoch=1 pred=[5, 3]
[2026-07-23 13:19:39] Subject 24 fold 3/5 condition=gacl_rotation_noise
[2026-07-23 13:19:41]   BA=0.875 best_epoch=1 pred=[5, 3]
[2026-07-23 13:19:41] Subject 24 fold 4/5 condition=control
[2026-07-23 13:19:42]   BA=0.500 best_epoch=1 pred=[0, 8]
[2026-07-23 13:19:42] Subject 24 fold 4/5 condition=gacl_rotation_noise
[2026-07-23 13:19:45]   BA=0.500 best_epoch=1 pred=[0, 8]
[2026-07-23 13:19:45] Subject 24 fold 5/5 condition=control
[2026-07-23 13:19:45]   BA=0.500 best_epoch=1 pred=[8, 0]
[2026-07-23 13:19:45] Subject 24 fold 5/5 condition=gacl_rotation_noise
[2026-07-23 13:19:48]   BA=0.500 best_epoch=1 pred=[8, 0]
[2026-07-23 13:19:48] Subject 25 fold 1/5 condition=control
[2026-07-23 13:19:58]   BA=0.500 best_epoch=540 pred=[6, 2]
[2026-07-23 13:19:58] Subject 25 fold 1/5 condition=gacl_rotation_noise
[2026-07-23 13:20:19]   BA=0.375 best_epoch=388 pred=[5, 3]
[2026-07-23 13:20:19] Subject 25 fold 2/5 condition=control
[2026-07-23 13:20:30]   BA=0.875 best_epoch=615 pred=[5, 3]
[2026-07-23 13:20:30] Subject 25 fold 2/5 condition=gacl_rotation_noise
[2026-07-23 13:20:47]   BA=0.500 best_epoch=314 pred=[6, 2]
[2026-07-23 13:20:47] Subject 25 fold 3/5 condition=control
[2026-07-23 13:20:50]   BA=0.750 best_epoch=102 pred=[4, 4]
[2026-07-23 13:20:50] Subject 25 fold 3/5 condition=gacl_rotation_noise
[2026-07-23 13:20:57]   BA=0.750 best_epoch=104 pred=[4, 4]
[2026-07-23 13:20:57] Subject 25 fold 4/5 condition=control
[2026-07-23 13:20:58]   BA=0.500 best_epoch=1 pred=[8, 0]
[2026-07-23 13:20:58] Subject 25 fold 4/5 condition=gacl_rotation_noise
[2026-07-23 13:21:00]   BA=0.500 best_epoch=1 pred=[8, 0]
[2026-07-23 13:21:00] Subject 25 fold 5/5 condition=control
[2026-07-23 13:21:06]   BA=0.875 best_epoch=299 pred=[5, 3]
[2026-07-23 13:21:06] Subject 25 fold 5/5 condition=gacl_rotation_noise
[2026-07-23 13:21:08]   BA=0.500 best_epoch=1 pred=[0, 8]
[2026-07-23 13:21:08] Subject 26 fold 1/5 condition=control
[2026-07-23 13:21:09]   BA=0.500 best_epoch=1 pred=[8, 0]
[2026-07-23 13:21:09] Subject 26 fold 1/5 condition=gacl_rotation_noise
[2026-07-23 13:21:11]   BA=0.500 best_epoch=1 pred=[8, 0]
[2026-07-23 13:21:11] Subject 26 fold 2/5 condition=control
[2026-07-23 13:21:12]   BA=0.500 best_epoch=1 pred=[0, 8]
[2026-07-23 13:21:12] Subject 26 fold 2/5 condition=gacl_rotation_noise
[2026-07-23 13:21:15]   BA=0.500 best_epoch=1 pred=[0, 8]
[2026-07-23 13:21:15] Subject 26 fold 3/5 condition=control
[2026-07-23 13:21:15]   BA=0.500 best_epoch=1 pred=[6, 2]
[2026-07-23 13:21:15] Subject 26 fold 3/5 condition=gacl_rotation_noise
[2026-07-23 13:21:18]   BA=0.500 best_epoch=1 pred=[6, 2]
[2026-07-23 13:21:18] Subject 26 fold 4/5 condition=control
[2026-07-23 13:21:28]   BA=0.500 best_epoch=550 pred=[4, 4]
[2026-07-23 13:21:28] Subject 26 fold 4/5 condition=gacl_rotation_noise
[2026-07-23 13:22:07]   BA=0.500 best_epoch=773 pred=[6, 2]
[2026-07-23 13:22:07] Subject 26 fold 5/5 condition=control
[2026-07-23 13:22:12]   BA=0.875 best_epoch=273 pred=[5, 3]
[2026-07-23 13:22:12] Subject 26 fold 5/5 condition=gacl_rotation_noise
[2026-07-23 13:22:44]   BA=0.625 best_epoch=632 pred=[3, 5]
[2026-07-23 13:22:44] Subject 27 fold 1/5 condition=control
[2026-07-23 13:22:46]   BA=0.250 best_epoch=62 pred=[2, 6]
[2026-07-23 13:22:46] Subject 27 fold 1/5 condition=gacl_rotation_noise
[2026-07-23 13:22:52]   BA=0.250 best_epoch=74 pred=[2, 6]
[2026-07-23 13:22:52] Subject 27 fold 2/5 condition=control
[2026-07-23 13:22:53]   BA=0.375 best_epoch=1 pred=[1, 7]
[2026-07-23 13:22:53] Subject 27 fold 2/5 condition=gacl_rotation_noise
[2026-07-23 13:22:55]   BA=0.375 best_epoch=1 pred=[1, 7]
[2026-07-23 13:22:55] Subject 27 fold 3/5 condition=control
[2026-07-23 13:22:56]   BA=0.250 best_epoch=1 pred=[6, 2]
[2026-07-23 13:22:56] Subject 27 fold 3/5 condition=gacl_rotation_noise
[2026-07-23 13:22:58]   BA=0.375 best_epoch=1 pred=[7, 1]
[2026-07-23 13:22:58] Subject 27 fold 4/5 condition=control
[2026-07-23 13:22:59]   BA=0.125 best_epoch=1 pred=[3, 5]
[2026-07-23 13:22:59] Subject 27 fold 4/5 condition=gacl_rotation_noise
[2026-07-23 13:23:01]   BA=0.125 best_epoch=1 pred=[3, 5]
[2026-07-23 13:23:01] Subject 27 fold 5/5 condition=control
[2026-07-23 13:23:03]   BA=0.625 best_epoch=71 pred=[5, 3]
[2026-07-23 13:23:03] Subject 27 fold 5/5 condition=gacl_rotation_noise
[2026-07-23 13:23:18]   BA=0.500 best_epoch=265 pred=[4, 4]
[2026-07-23 13:23:18] Subject 28 fold 1/5 condition=control
[2026-07-23 13:23:20]   BA=0.875 best_epoch=48 pred=[3, 5]
[2026-07-23 13:23:20] Subject 28 fold 1/5 condition=gacl_rotation_noise
[2026-07-23 13:23:24]   BA=0.875 best_epoch=47 pred=[5, 3]
[2026-07-23 13:23:24] Subject 28 fold 2/5 condition=control
[2026-07-23 13:23:47]   BA=0.500 best_epoch=1197 pred=[4, 4]
[2026-07-23 13:23:47] Subject 28 fold 2/5 condition=gacl_rotation_noise
[2026-07-23 13:24:29]   BA=0.625 best_epoch=837 pred=[3, 5]
[2026-07-23 13:24:29] Subject 28 fold 3/5 condition=control
[2026-07-23 13:24:30]   BA=0.500 best_epoch=1 pred=[0, 8]
[2026-07-23 13:24:30] Subject 28 fold 3/5 condition=gacl_rotation_noise
[2026-07-23 13:24:33]   BA=0.500 best_epoch=1 pred=[0, 8]
[2026-07-23 13:24:33] Subject 28 fold 4/5 condition=control
[2026-07-23 13:24:40]   BA=0.750 best_epoch=355 pred=[4, 4]
[2026-07-23 13:24:40] Subject 28 fold 4/5 condition=gacl_rotation_noise
[2026-07-23 13:25:09]   BA=0.750 best_epoch=567 pred=[4, 4]
[2026-07-23 13:25:09] Subject 28 fold 5/5 condition=control
[2026-07-23 13:25:20]   BA=0.625 best_epoch=594 pred=[5, 3]
[2026-07-23 13:25:20] Subject 28 fold 5/5 condition=gacl_rotation_noise
[2026-07-23 13:25:34]   BA=0.625 best_epoch=244 pred=[3, 5]
[2026-07-23 13:25:34] Subject 29 fold 1/5 condition=control
[2026-07-23 13:25:45]   BA=0.625 best_epoch=537 pred=[3, 5]
[2026-07-23 13:25:45] Subject 29 fold 1/5 condition=gacl_rotation_noise
[2026-07-23 13:25:47]   BA=0.750 best_epoch=1 pred=[4, 4]
[2026-07-23 13:25:47] Subject 29 fold 2/5 condition=control
[2026-07-23 13:25:56]   BA=0.375 best_epoch=444 pred=[3, 5]
[2026-07-23 13:25:56] Subject 29 fold 2/5 condition=gacl_rotation_noise
[2026-07-23 13:26:48]   BA=0.625 best_epoch=1074 pred=[3, 5]
[2026-07-23 13:26:48] Subject 29 fold 3/5 condition=control
[2026-07-23 13:27:04]   BA=0.500 best_epoch=816 pred=[2, 6]
[2026-07-23 13:27:04] Subject 29 fold 3/5 condition=gacl_rotation_noise
[2026-07-23 13:27:22]   BA=0.750 best_epoch=343 pred=[2, 6]
[2026-07-23 13:27:22] Subject 29 fold 4/5 condition=control
[2026-07-23 13:27:23]   BA=0.625 best_epoch=44 pred=[7, 1]
[2026-07-23 13:27:23] Subject 29 fold 4/5 condition=gacl_rotation_noise
[2026-07-23 13:27:29]   BA=0.500 best_epoch=67 pred=[6, 2]
[2026-07-23 13:27:29] Subject 29 fold 5/5 condition=control
[2026-07-23 13:27:29]   BA=0.375 best_epoch=1 pred=[1, 7]
[2026-07-23 13:27:29] Subject 29 fold 5/5 condition=gacl_rotation_noise
[2026-07-23 13:27:47]   BA=0.375 best_epoch=329 pred=[5, 3]
[2026-07-23 13:27:47] Subject 30 fold 1/5 condition=control
[2026-07-23 13:27:51]   BA=0.750 best_epoch=188 pred=[6, 2]
[2026-07-23 13:27:51] Subject 30 fold 1/5 condition=gacl_rotation_noise
[2026-07-23 13:28:06]   BA=0.750 best_epoch=274 pred=[6, 2]
[2026-07-23 13:28:06] Subject 30 fold 2/5 condition=control
[2026-07-23 13:28:39]   BA=0.875 best_epoch=1827 pred=[5, 3]
[2026-07-23 13:28:39] Subject 30 fold 2/5 condition=gacl_rotation_noise
[2026-07-23 13:29:03]   BA=0.750 best_epoch=484 pred=[4, 4]
[2026-07-23 13:29:03] Subject 30 fold 3/5 condition=control
[2026-07-23 13:29:13]   BA=0.875 best_epoch=500 pred=[3, 5]
[2026-07-23 13:29:13] Subject 30 fold 3/5 condition=gacl_rotation_noise
[2026-07-23 13:29:27]   BA=0.500 best_epoch=254 pred=[4, 4]
[2026-07-23 13:29:27] Subject 30 fold 4/5 condition=control
[2026-07-23 13:29:41]   BA=0.625 best_epoch=800 pred=[5, 3]
[2026-07-23 13:29:41] Subject 30 fold 4/5 condition=gacl_rotation_noise
[2026-07-23 13:29:53]   BA=0.875 best_epoch=204 pred=[5, 3]
[2026-07-23 13:29:53] Subject 30 fold 5/5 condition=control
[2026-07-23 13:29:58]   BA=1.000 best_epoch=206 pred=[4, 4]
[2026-07-23 13:29:58] Subject 30 fold 5/5 condition=gacl_rotation_noise
[2026-07-23 13:30:20]   BA=0.875 best_epoch=429 pred=[5, 3]
[2026-07-23 13:30:20] Subject 31 fold 1/5 condition=control
[2026-07-23 13:30:23]   BA=0.375 best_epoch=92 pred=[3, 5]
[2026-07-23 13:30:23] Subject 31 fold 1/5 condition=gacl_rotation_noise
[2026-07-23 13:30:25]   BA=0.500 best_epoch=1 pred=[0, 8]
[2026-07-23 13:30:25] Subject 31 fold 2/5 condition=control
[2026-07-23 13:30:26]   BA=0.625 best_epoch=5 pred=[1, 7]
[2026-07-23 13:30:26] Subject 31 fold 2/5 condition=gacl_rotation_noise
[2026-07-23 13:30:29]   BA=0.750 best_epoch=10 pred=[2, 6]
[2026-07-23 13:30:29] Subject 31 fold 3/5 condition=control
[2026-07-23 13:30:31]   BA=0.500 best_epoch=51 pred=[4, 4]
[2026-07-23 13:30:31] Subject 31 fold 3/5 condition=gacl_rotation_noise
[2026-07-23 13:30:40]   BA=0.375 best_epoch=148 pred=[5, 3]
[2026-07-23 13:30:40] Subject 31 fold 4/5 condition=control
[2026-07-23 13:30:41]   BA=0.500 best_epoch=1 pred=[2, 6]
[2026-07-23 13:30:41] Subject 31 fold 4/5 condition=gacl_rotation_noise
[2026-07-23 13:30:43]   BA=0.625 best_epoch=1 pred=[3, 5]
[2026-07-23 13:30:43] Subject 31 fold 5/5 condition=control
[2026-07-23 13:30:44]   BA=0.625 best_epoch=1 pred=[1, 7]
[2026-07-23 13:30:44] Subject 31 fold 5/5 condition=gacl_rotation_noise
[2026-07-23 13:30:46]   BA=0.625 best_epoch=1 pred=[1, 7]
[2026-07-23 13:30:46] Subject 32 fold 1/5 condition=control
[2026-07-23 13:31:09]   BA=0.375 best_epoch=1263 pred=[5, 3]
[2026-07-23 13:31:09] Subject 32 fold 1/5 condition=gacl_rotation_noise
[2026-07-23 13:31:42]   BA=0.500 best_epoch=672 pred=[2, 6]
[2026-07-23 13:31:42] Subject 32 fold 2/5 condition=control
[2026-07-23 13:31:43]   BA=0.500 best_epoch=1 pred=[0, 8]
[2026-07-23 13:31:43] Subject 32 fold 2/5 condition=gacl_rotation_noise
[2026-07-23 13:31:45]   BA=0.375 best_epoch=1 pred=[1, 7]
[2026-07-23 13:31:45] Subject 32 fold 3/5 condition=control
[2026-07-23 13:31:59]   BA=0.375 best_epoch=774 pred=[1, 7]
[2026-07-23 13:31:59] Subject 32 fold 3/5 condition=gacl_rotation_noise
[2026-07-23 13:32:49]   BA=0.500 best_epoch=1013 pred=[0, 8]
[2026-07-23 13:32:49] Subject 32 fold 4/5 condition=control
[2026-07-23 13:32:49]   BA=0.625 best_epoch=1 pred=[5, 3]
[2026-07-23 13:32:49] Subject 32 fold 4/5 condition=gacl_rotation_noise
[2026-07-23 13:32:52]   BA=0.625 best_epoch=1 pred=[5, 3]
[2026-07-23 13:32:52] Subject 32 fold 5/5 condition=control
[2026-07-23 13:32:53]   BA=0.500 best_epoch=1 pred=[8, 0]
[2026-07-23 13:32:53] Subject 32 fold 5/5 condition=gacl_rotation_noise
[2026-07-23 13:32:55]   BA=0.500 best_epoch=1 pred=[8, 0]
[2026-07-23 13:32:55] Subject 33 fold 1/5 condition=control
[2026-07-23 13:32:56]   BA=0.750 best_epoch=1 pred=[2, 6]
[2026-07-23 13:32:56] Subject 33 fold 1/5 condition=gacl_rotation_noise
[2026-07-23 13:32:58]   BA=0.750 best_epoch=1 pred=[2, 6]
[2026-07-23 13:32:58] Subject 33 fold 2/5 condition=control
[2026-07-23 13:33:00]   BA=0.500 best_epoch=66 pred=[4, 4]
[2026-07-23 13:33:00] Subject 33 fold 2/5 condition=gacl_rotation_noise
[2026-07-23 13:33:03]   BA=0.625 best_epoch=13 pred=[1, 7]
[2026-07-23 13:33:03] Subject 33 fold 3/5 condition=control
[2026-07-23 13:33:09]   BA=0.500 best_epoch=299 pred=[2, 6]
[2026-07-23 13:33:09] Subject 33 fold 3/5 condition=gacl_rotation_noise
[2026-07-23 13:33:28]   BA=0.500 best_epoch=347 pred=[4, 4]
[2026-07-23 13:33:28] Subject 33 fold 4/5 condition=control
[2026-07-23 13:33:29]   BA=0.500 best_epoch=12 pred=[0, 8]
[2026-07-23 13:33:29] Subject 33 fold 4/5 condition=gacl_rotation_noise
[2026-07-23 13:33:32]   BA=0.500 best_epoch=1 pred=[0, 8]
[2026-07-23 13:33:32] Subject 33 fold 5/5 condition=control
[2026-07-23 13:33:33]   BA=0.625 best_epoch=16 pred=[1, 7]
[2026-07-23 13:33:33] Subject 33 fold 5/5 condition=gacl_rotation_noise
[2026-07-23 13:33:39]   BA=0.625 best_epoch=77 pred=[3, 5]
[2026-07-23 13:33:39] Subject 34 fold 1/5 condition=control
[2026-07-23 13:33:55]   BA=0.875 best_epoch=886 pred=[5, 3]
[2026-07-23 13:33:55] Subject 34 fold 1/5 condition=gacl_rotation_noise
[2026-07-23 13:34:26]   BA=0.875 best_epoch=599 pred=[5, 3]
[2026-07-23 13:34:26] Subject 34 fold 2/5 condition=control
[2026-07-23 13:34:33]   BA=0.750 best_epoch=311 pred=[6, 2]
[2026-07-23 13:34:33] Subject 34 fold 2/5 condition=gacl_rotation_noise
[2026-07-23 13:36:00]   BA=0.750 best_epoch=1799 pred=[6, 2]
[2026-07-23 13:36:00] Subject 34 fold 3/5 condition=control
[2026-07-23 13:36:06]   BA=0.625 best_epoch=283 pred=[3, 5]
[2026-07-23 13:36:06] Subject 34 fold 3/5 condition=gacl_rotation_noise
[2026-07-23 13:36:38]   BA=0.750 best_epoch=613 pred=[2, 6]
[2026-07-23 13:36:38] Subject 34 fold 4/5 condition=control
[2026-07-23 13:37:27]   BA=0.625 best_epoch=2840 pred=[5, 3]
[2026-07-23 13:37:27] Subject 34 fold 4/5 condition=gacl_rotation_noise
[2026-07-23 13:38:11]   BA=0.750 best_epoch=863 pred=[6, 2]
[2026-07-23 13:38:11] Subject 34 fold 5/5 condition=control
[2026-07-23 13:38:37]   BA=0.875 best_epoch=1493 pred=[3, 5]
[2026-07-23 13:38:37] Subject 34 fold 5/5 condition=gacl_rotation_noise
[2026-07-23 13:39:12]   BA=0.875 best_epoch=680 pred=[3, 5]
[2026-07-23 13:39:12] Subject 35 fold 1/5 condition=control
[2026-07-23 13:39:14]   BA=0.750 best_epoch=56 pred=[4, 4]
[2026-07-23 13:39:14] Subject 35 fold 1/5 condition=gacl_rotation_noise
[2026-07-23 13:39:19]   BA=0.750 best_epoch=46 pred=[4, 4]
[2026-07-23 13:39:19] Subject 35 fold 2/5 condition=control
[2026-07-23 13:39:23]   BA=0.500 best_epoch=181 pred=[2, 6]
[2026-07-23 13:39:23] Subject 35 fold 2/5 condition=gacl_rotation_noise
[2026-07-23 13:39:31]   BA=0.500 best_epoch=118 pred=[2, 6]
[2026-07-23 13:39:31] Subject 35 fold 3/5 condition=control
[2026-07-23 13:39:32]   BA=0.375 best_epoch=1 pred=[3, 5]
[2026-07-23 13:39:32] Subject 35 fold 3/5 condition=gacl_rotation_noise
[2026-07-23 13:39:34]   BA=0.375 best_epoch=1 pred=[3, 5]
[2026-07-23 13:39:34] Subject 35 fold 4/5 condition=control
[2026-07-23 13:39:36]   BA=0.500 best_epoch=63 pred=[4, 4]
[2026-07-23 13:39:36] Subject 35 fold 4/5 condition=gacl_rotation_noise
[2026-07-23 13:39:44]   BA=0.625 best_epoch=121 pred=[5, 3]
[2026-07-23 13:39:44] Subject 35 fold 5/5 condition=control
[2026-07-23 13:39:53]   BA=0.500 best_epoch=402 pred=[4, 4]
[2026-07-23 13:39:53] Subject 35 fold 5/5 condition=gacl_rotation_noise
[2026-07-23 13:40:12]   BA=0.500 best_epoch=314 pred=[4, 4]
[2026-07-23 13:40:12] Subject 36 fold 1/5 condition=control
[2026-07-23 13:40:22]   BA=0.500 best_epoch=392 pred=[4, 4]
[2026-07-23 13:40:22] Subject 36 fold 1/5 condition=gacl_rotation_noise
[2026-07-23 13:41:01]   BA=0.500 best_epoch=731 pred=[6, 2]
[2026-07-23 13:41:01] Subject 36 fold 2/5 condition=control
[2026-07-23 13:43:05]   BA=0.500 best_epoch=4978 pred=[6, 2]
[2026-07-23 13:43:05] Subject 36 fold 2/5 condition=gacl_rotation_noise
[2026-07-23 13:43:49]   BA=0.625 best_epoch=661 pred=[5, 3]
[2026-07-23 13:43:49] Subject 36 fold 3/5 condition=control
[2026-07-23 13:43:54]   BA=0.625 best_epoch=67 pred=[3, 5]
[2026-07-23 13:43:54] Subject 36 fold 3/5 condition=gacl_rotation_noise
[2026-07-23 13:44:04]   BA=0.625 best_epoch=123 pred=[3, 5]
[2026-07-23 13:44:04] Subject 36 fold 4/5 condition=control
[2026-07-23 13:44:10]   BA=0.375 best_epoch=135 pred=[5, 3]
[2026-07-23 13:44:10] Subject 36 fold 4/5 condition=gacl_rotation_noise
[2026-07-23 13:44:20]   BA=0.500 best_epoch=114 pred=[2, 6]
[2026-07-23 13:44:20] Subject 36 fold 5/5 condition=control
[2026-07-23 13:44:21]   BA=0.625 best_epoch=1 pred=[7, 1]
[2026-07-23 13:44:21] Subject 36 fold 5/5 condition=gacl_rotation_noise
[2026-07-23 13:44:24]   BA=0.625 best_epoch=1 pred=[7, 1]
[2026-07-23 13:44:24] Subject 37 fold 1/5 condition=control
[2026-07-23 13:44:33]   BA=0.625 best_epoch=209 pred=[1, 7]
[2026-07-23 13:44:33] Subject 37 fold 1/5 condition=gacl_rotation_noise
[2026-07-23 13:44:56]   BA=0.625 best_epoch=354 pred=[1, 7]
[2026-07-23 13:44:56] Subject 37 fold 2/5 condition=control
[2026-07-23 13:44:57]   BA=0.500 best_epoch=1 pred=[0, 8]
[2026-07-23 13:44:57] Subject 37 fold 2/5 condition=gacl_rotation_noise
[2026-07-23 13:45:00]   BA=0.500 best_epoch=1 pred=[0, 8]
[2026-07-23 13:45:00] Subject 37 fold 3/5 condition=control
[2026-07-23 13:45:02]   BA=0.500 best_epoch=9 pred=[8, 0]
[2026-07-23 13:45:02] Subject 37 fold 3/5 condition=gacl_rotation_noise
[2026-07-23 13:45:05]   BA=0.500 best_epoch=7 pred=[8, 0]
[2026-07-23 13:45:05] Subject 37 fold 4/5 condition=control
[2026-07-23 13:45:07]   BA=0.375 best_epoch=7 pred=[3, 5]
[2026-07-23 13:45:07] Subject 37 fold 4/5 condition=gacl_rotation_noise
[2026-07-23 13:45:10]   BA=0.500 best_epoch=1 pred=[8, 0]
[2026-07-23 13:45:10] Subject 37 fold 5/5 condition=control
[2026-07-23 13:45:11]   BA=0.500 best_epoch=1 pred=[0, 8]
[2026-07-23 13:45:11] Subject 37 fold 5/5 condition=gacl_rotation_noise
[2026-07-23 13:45:14]   BA=0.500 best_epoch=1 pred=[0, 8]
[2026-07-23 13:45:14] Subject 38 fold 1/5 condition=control
[2026-07-23 13:45:28]   BA=0.500 best_epoch=353 pred=[6, 2]
[2026-07-23 13:45:28] Subject 38 fold 1/5 condition=gacl_rotation_noise
[2026-07-23 13:46:12]   BA=0.375 best_epoch=700 pred=[5, 3]
[2026-07-23 13:46:12] Subject 38 fold 2/5 condition=control
[2026-07-23 13:46:16]   BA=0.875 best_epoch=77 pred=[3, 5]
[2026-07-23 13:46:16] Subject 38 fold 2/5 condition=gacl_rotation_noise
[2026-07-23 13:46:25]   BA=0.750 best_epoch=106 pred=[4, 4]
[2026-07-23 13:46:25] Subject 38 fold 3/5 condition=control
[2026-07-23 13:46:47]   BA=0.375 best_epoch=645 pred=[3, 5]
[2026-07-23 13:46:47] Subject 38 fold 3/5 condition=gacl_rotation_noise
[2026-07-23 13:46:51]   BA=0.500 best_epoch=13 pred=[0, 8]
[2026-07-23 13:46:51] Subject 38 fold 4/5 condition=control
[2026-07-23 13:46:54]   BA=0.625 best_epoch=44 pred=[5, 3]
[2026-07-23 13:46:54] Subject 38 fold 4/5 condition=gacl_rotation_noise
[2026-07-23 13:47:06]   BA=0.750 best_epoch=162 pred=[4, 4]
[2026-07-23 13:47:06] Subject 38 fold 5/5 condition=control
[2026-07-23 13:47:12]   BA=0.750 best_epoch=121 pred=[4, 4]
[2026-07-23 13:47:12] Subject 38 fold 5/5 condition=gacl_rotation_noise
[2026-07-23 13:47:24]   BA=0.750 best_epoch=150 pred=[4, 4]
[2026-07-23 13:47:24] Subject 39 fold 1/5 condition=control
[2026-07-23 13:47:35]   BA=0.625 best_epoch=273 pred=[1, 7]
[2026-07-23 13:47:35] Subject 39 fold 1/5 condition=gacl_rotation_noise
[2026-07-23 13:48:07]   BA=0.375 best_epoch=510 pred=[1, 7]
[2026-07-23 13:48:07] Subject 39 fold 2/5 condition=control
[2026-07-23 13:48:09]   BA=0.250 best_epoch=1 pred=[4, 4]
[2026-07-23 13:48:09] Subject 39 fold 2/5 condition=gacl_rotation_noise
[2026-07-23 13:48:12]   BA=0.250 best_epoch=1 pred=[4, 4]
[2026-07-23 13:48:12] Subject 39 fold 3/5 condition=control
[2026-07-23 13:48:13]   BA=0.500 best_epoch=1 pred=[8, 0]
[2026-07-23 13:48:13] Subject 39 fold 3/5 condition=gacl_rotation_noise
[2026-07-23 13:48:16]   BA=0.500 best_epoch=1 pred=[8, 0]
[2026-07-23 13:48:16] Subject 39 fold 4/5 condition=control
[2026-07-23 13:48:18]   BA=0.500 best_epoch=1 pred=[8, 0]
[2026-07-23 13:48:18] Subject 39 fold 4/5 condition=gacl_rotation_noise
[2026-07-23 13:48:21]   BA=0.500 best_epoch=1 pred=[8, 0]
[2026-07-23 13:48:21] Subject 39 fold 5/5 condition=control
[2026-07-23 13:48:23]   BA=0.625 best_epoch=24 pred=[3, 5]
[2026-07-23 13:48:23] Subject 39 fold 5/5 condition=gacl_rotation_noise
[2026-07-23 13:48:28]   BA=0.625 best_epoch=25 pred=[3, 5]
[2026-07-23 13:48:28] Subject 40 fold 1/5 condition=control
[2026-07-23 13:48:29]   BA=0.750 best_epoch=1 pred=[2, 6]
[2026-07-23 13:48:29] Subject 40 fold 1/5 condition=gacl_rotation_noise
[2026-07-23 13:48:32]   BA=0.750 best_epoch=1 pred=[2, 6]
[2026-07-23 13:48:32] Subject 40 fold 2/5 condition=control
[2026-07-23 13:49:20]   BA=1.000 best_epoch=1450 pred=[4, 4]
[2026-07-23 13:49:20] Subject 40 fold 2/5 condition=gacl_rotation_noise
[2026-07-23 13:49:41]   BA=0.875 best_epoch=319 pred=[5, 3]
[2026-07-23 13:49:41] Subject 40 fold 3/5 condition=control
[2026-07-23 13:49:53]   BA=0.500 best_epoch=314 pred=[4, 4]
[2026-07-23 13:49:53] Subject 40 fold 3/5 condition=gacl_rotation_noise
[2026-07-23 13:50:12]   BA=0.250 best_epoch=275 pred=[2, 6]
[2026-07-23 13:50:12] Subject 40 fold 4/5 condition=control
[2026-07-23 13:50:31]   BA=0.750 best_epoch=509 pred=[4, 4]
[2026-07-23 13:50:31] Subject 40 fold 4/5 condition=gacl_rotation_noise
[2026-07-23 13:51:35]   BA=0.875 best_epoch=1064 pred=[3, 5]
[2026-07-23 13:51:35] Subject 40 fold 5/5 condition=control
[2026-07-23 13:51:42]   BA=0.625 best_epoch=169 pred=[3, 5]
[2026-07-23 13:51:42] Subject 40 fold 5/5 condition=gacl_rotation_noise
[2026-07-23 13:51:54]   BA=0.625 best_epoch=155 pred=[3, 5]
[2026-07-23 13:51:54] Subject 41 fold 1/5 condition=control
[2026-07-23 13:51:56]   BA=0.500 best_epoch=1 pred=[0, 8]
[2026-07-23 13:51:56] Subject 41 fold 1/5 condition=gacl_rotation_noise
[2026-07-23 13:51:58]   BA=0.500 best_epoch=1 pred=[0, 8]
[2026-07-23 13:51:58] Subject 41 fold 2/5 condition=control
[2026-07-23 13:52:00]   BA=0.500 best_epoch=1 pred=[8, 0]
[2026-07-23 13:52:00] Subject 41 fold 2/5 condition=gacl_rotation_noise
[2026-07-23 13:52:03]   BA=0.500 best_epoch=1 pred=[8, 0]
[2026-07-23 13:52:03] Subject 41 fold 3/5 condition=control
[2026-07-23 13:52:32]   BA=0.750 best_epoch=793 pred=[4, 4]
[2026-07-23 13:52:32] Subject 41 fold 3/5 condition=gacl_rotation_noise
[2026-07-23 13:53:15]   BA=0.625 best_epoch=688 pred=[5, 3]
[2026-07-23 13:53:15] Subject 41 fold 4/5 condition=control
[2026-07-23 13:53:24]   BA=0.750 best_epoch=200 pred=[4, 4]
[2026-07-23 13:53:24] Subject 41 fold 4/5 condition=gacl_rotation_noise
[2026-07-23 13:53:44]   BA=0.750 best_epoch=280 pred=[4, 4]
[2026-07-23 13:53:44] Subject 41 fold 5/5 condition=control
[2026-07-23 13:53:56]   BA=0.375 best_epoch=317 pred=[5, 3]
[2026-07-23 13:53:56] Subject 41 fold 5/5 condition=gacl_rotation_noise
[2026-07-23 13:55:00]   BA=0.625 best_epoch=1038 pred=[5, 3]
[2026-07-23 13:55:00] Subject 42 fold 1/5 condition=control
[2026-07-23 13:55:14]   BA=0.625 best_epoch=345 pred=[3, 5]
[2026-07-23 13:55:14] Subject 42 fold 1/5 condition=gacl_rotation_noise
[2026-07-23 13:56:22]   BA=0.500 best_epoch=1117 pred=[2, 6]
[2026-07-23 13:56:22] Subject 42 fold 2/5 condition=control
[2026-07-23 13:56:35]   BA=0.625 best_epoch=324 pred=[5, 3]
[2026-07-23 13:56:35] Subject 42 fold 2/5 condition=gacl_rotation_noise
[2026-07-23 13:57:18]   BA=0.500 best_epoch=592 pred=[4, 4]
[2026-07-23 13:57:18] Subject 42 fold 3/5 condition=control
[2026-07-23 13:57:24]   BA=0.500 best_epoch=98 pred=[4, 4]
[2026-07-23 13:57:24] Subject 42 fold 3/5 condition=gacl_rotation_noise
[2026-07-23 13:57:42]   BA=0.375 best_epoch=238 pred=[5, 3]
[2026-07-23 13:57:42] Subject 42 fold 4/5 condition=control
[2026-07-23 13:57:44]   BA=0.375 best_epoch=1 pred=[5, 3]
[2026-07-23 13:57:44] Subject 42 fold 4/5 condition=gacl_rotation_noise
[2026-07-23 13:57:47]   BA=0.375 best_epoch=1 pred=[5, 3]
[2026-07-23 13:57:47] Subject 42 fold 5/5 condition=control
[2026-07-23 13:57:57]   BA=1.000 best_epoch=265 pred=[4, 4]
[2026-07-23 13:57:57] Subject 42 fold 5/5 condition=gacl_rotation_noise
[2026-07-23 13:58:19]   BA=1.000 best_epoch=312 pred=[4, 4]
[2026-07-23 13:58:19] Subject 43 fold 1/5 condition=control
[2026-07-23 13:58:21]   BA=0.500 best_epoch=1 pred=[0, 8]
[2026-07-23 13:58:21] Subject 43 fold 1/5 condition=gacl_rotation_noise
[2026-07-23 13:58:24]   BA=0.500 best_epoch=1 pred=[0, 8]
[2026-07-23 13:58:24] Subject 43 fold 2/5 condition=control
[2026-07-23 13:58:26]   BA=0.500 best_epoch=1 pred=[8, 0]
[2026-07-23 13:58:26] Subject 43 fold 2/5 condition=gacl_rotation_noise
[2026-07-23 13:58:37]   BA=0.250 best_epoch=131 pred=[4, 4]
[2026-07-23 13:58:37] Subject 43 fold 3/5 condition=control
[2026-07-23 13:58:39]   BA=0.500 best_epoch=1 pred=[8, 0]
[2026-07-23 13:58:39] Subject 43 fold 3/5 condition=gacl_rotation_noise
[2026-07-23 13:58:42]   BA=0.500 best_epoch=1 pred=[8, 0]
[2026-07-23 13:58:42] Subject 43 fold 4/5 condition=control
[2026-07-23 13:58:43]   BA=0.500 best_epoch=1 pred=[8, 0]
[2026-07-23 13:58:43] Subject 43 fold 4/5 condition=gacl_rotation_noise
[2026-07-23 13:58:47]   BA=0.500 best_epoch=1 pred=[8, 0]
[2026-07-23 13:58:47] Subject 43 fold 5/5 condition=control
[2026-07-23 13:58:50]   BA=0.500 best_epoch=7 pred=[8, 0]
[2026-07-23 13:58:50] Subject 43 fold 5/5 condition=gacl_rotation_noise
[2026-07-23 13:58:54]   BA=0.500 best_epoch=12 pred=[8, 0]
[2026-07-23 13:58:54] Subject 44 fold 1/5 condition=control
[2026-07-23 13:59:12]   BA=0.375 best_epoch=461 pred=[5, 3]
[2026-07-23 13:59:12] Subject 44 fold 1/5 condition=gacl_rotation_noise
[2026-07-23 14:00:25]   BA=0.625 best_epoch=1097 pred=[7, 1]
[2026-07-23 14:00:25] Subject 44 fold 2/5 condition=control
[2026-07-23 14:00:32]   BA=0.625 best_epoch=154 pred=[1, 7]
[2026-07-23 14:00:32] Subject 44 fold 2/5 condition=gacl_rotation_noise
[2026-07-23 14:01:04]   BA=0.625 best_epoch=442 pred=[3, 5]
[2026-07-23 14:01:04] Subject 44 fold 3/5 condition=control
[2026-07-23 14:01:18]   BA=0.375 best_epoch=334 pred=[3, 5]
[2026-07-23 14:01:18] Subject 44 fold 3/5 condition=gacl_rotation_noise
[2026-07-23 14:01:53]   BA=0.500 best_epoch=492 pred=[2, 6]
[2026-07-23 14:01:53] Subject 44 fold 4/5 condition=control
[2026-07-23 14:02:02]   BA=0.375 best_epoch=180 pred=[5, 3]
[2026-07-23 14:02:02] Subject 44 fold 4/5 condition=gacl_rotation_noise
[2026-07-23 14:02:20]   BA=0.625 best_epoch=221 pred=[7, 1]
[2026-07-23 14:02:20] Subject 44 fold 5/5 condition=control
[2026-07-23 14:02:22]   BA=0.625 best_epoch=1 pred=[7, 1]
[2026-07-23 14:02:22] Subject 44 fold 5/5 condition=gacl_rotation_noise
[2026-07-23 14:02:25]   BA=0.625 best_epoch=1 pred=[7, 1]
[2026-07-23 14:02:25] Subject 45 fold 1/5 condition=control
[2026-07-23 14:02:42]   BA=0.250 best_epoch=403 pred=[6, 2]
[2026-07-23 14:02:42] Subject 45 fold 1/5 condition=gacl_rotation_noise
[2026-07-23 14:03:22]   BA=0.250 best_epoch=571 pred=[6, 2]
[2026-07-23 14:03:22] Subject 45 fold 2/5 condition=control
[2026-07-23 14:03:24]   BA=0.500 best_epoch=1 pred=[0, 8]
[2026-07-23 14:03:24] Subject 45 fold 2/5 condition=gacl_rotation_noise
[2026-07-23 14:03:27]   BA=0.500 best_epoch=1 pred=[0, 8]
[2026-07-23 14:03:27] Subject 45 fold 3/5 condition=control
[2026-07-23 14:03:32]   BA=0.375 best_epoch=75 pred=[5, 3]
[2026-07-23 14:03:32] Subject 45 fold 3/5 condition=gacl_rotation_noise
[2026-07-23 14:03:50]   BA=0.625 best_epoch=218 pred=[5, 3]
[2026-07-23 14:03:50] Subject 45 fold 4/5 condition=control
[2026-07-23 14:03:53]   BA=0.500 best_epoch=23 pred=[0, 8]
[2026-07-23 14:03:53] Subject 45 fold 4/5 condition=gacl_rotation_noise
[2026-07-23 14:03:58]   BA=0.500 best_epoch=23 pred=[0, 8]
[2026-07-23 14:03:58] Subject 45 fold 5/5 condition=control
[2026-07-23 14:04:10]   BA=0.250 best_epoch=276 pred=[6, 2]
[2026-07-23 14:04:10] Subject 45 fold 5/5 condition=gacl_rotation_noise
[2026-07-23 14:04:24]   BA=0.500 best_epoch=166 pred=[6, 2]
[2026-07-23 14:04:24] Subject 46 fold 1/5 condition=control
[2026-07-23 14:04:26]   BA=0.500 best_epoch=1 pred=[8, 0]
[2026-07-23 14:04:26] Subject 46 fold 1/5 condition=gacl_rotation_noise
[2026-07-23 14:04:30]   BA=0.500 best_epoch=1 pred=[8, 0]
[2026-07-23 14:04:30] Subject 46 fold 2/5 condition=control
[2026-07-23 14:04:32]   BA=0.500 best_epoch=1 pred=[8, 0]
[2026-07-23 14:04:32] Subject 46 fold 2/5 condition=gacl_rotation_noise
[2026-07-23 14:04:35]   BA=0.500 best_epoch=1 pred=[8, 0]
[2026-07-23 14:04:35] Subject 46 fold 3/5 condition=control
[2026-07-23 14:04:39]   BA=0.375 best_epoch=59 pred=[3, 5]
[2026-07-23 14:04:39] Subject 46 fold 3/5 condition=gacl_rotation_noise
[2026-07-23 14:04:46]   BA=0.375 best_epoch=58 pred=[3, 5]
[2026-07-23 14:04:46] Subject 46 fold 4/5 condition=control
[2026-07-23 14:05:04]   BA=0.750 best_epoch=443 pred=[4, 4]
[2026-07-23 14:05:04] Subject 46 fold 4/5 condition=gacl_rotation_noise
[2026-07-23 14:05:26]   BA=0.500 best_epoch=282 pred=[4, 4]
[2026-07-23 14:05:26] Subject 46 fold 5/5 condition=control
[2026-07-23 14:05:41]   BA=0.500 best_epoch=385 pred=[4, 4]
[2026-07-23 14:05:41] Subject 46 fold 5/5 condition=gacl_rotation_noise
[2026-07-23 14:06:14]   BA=0.375 best_epoch=439 pred=[3, 5]
[2026-07-23 14:06:14] Subject 47 fold 1/5 condition=control
[2026-07-23 14:06:16]   BA=0.500 best_epoch=1 pred=[4, 4]
[2026-07-23 14:06:16] Subject 47 fold 1/5 condition=gacl_rotation_noise
[2026-07-23 14:06:20]   BA=0.500 best_epoch=1 pred=[4, 4]
[2026-07-23 14:06:20] Subject 47 fold 2/5 condition=control
[2026-07-23 14:06:21]   BA=0.500 best_epoch=1 pred=[0, 8]
[2026-07-23 14:06:21] Subject 47 fold 2/5 condition=gacl_rotation_noise
[2026-07-23 14:06:25]   BA=0.500 best_epoch=1 pred=[0, 8]
[2026-07-23 14:06:25] Subject 47 fold 3/5 condition=control
[2026-07-23 14:06:27]   BA=0.625 best_epoch=1 pred=[5, 3]
[2026-07-23 14:06:27] Subject 47 fold 3/5 condition=gacl_rotation_noise
[2026-07-23 14:06:30]   BA=0.625 best_epoch=1 pred=[5, 3]
[2026-07-23 14:06:30] Subject 47 fold 4/5 condition=control
[2026-07-23 14:06:32]   BA=0.625 best_epoch=1 pred=[5, 3]
[2026-07-23 14:06:32] Subject 47 fold 4/5 condition=gacl_rotation_noise
[2026-07-23 14:06:35]   BA=0.625 best_epoch=1 pred=[5, 3]
[2026-07-23 14:06:35] Subject 47 fold 5/5 condition=control
[2026-07-23 14:06:37]   BA=0.500 best_epoch=1 pred=[8, 0]
[2026-07-23 14:06:37] Subject 47 fold 5/5 condition=gacl_rotation_noise
[2026-07-23 14:06:41]   BA=0.500 best_epoch=1 pred=[8, 0]
[2026-07-23 14:06:41] Subject 48 fold 1/5 condition=control
[2026-07-23 14:06:45]   BA=0.750 best_epoch=68 pred=[4, 4]
[2026-07-23 14:06:45] Subject 48 fold 1/5 condition=gacl_rotation_noise
[2026-07-23 14:07:47]   BA=0.500 best_epoch=894 pred=[2, 6]
[2026-07-23 14:07:47] Subject 48 fold 2/5 condition=control
[2026-07-23 14:07:49]   BA=0.500 best_epoch=1 pred=[0, 8]
[2026-07-23 14:07:49] Subject 48 fold 2/5 condition=gacl_rotation_noise
[2026-07-23 14:07:52]   BA=0.500 best_epoch=1 pred=[0, 8]
[2026-07-23 14:07:52] Subject 48 fold 3/5 condition=control
[2026-07-23 14:07:58]   BA=0.375 best_epoch=101 pred=[1, 7]
[2026-07-23 14:07:58] Subject 48 fold 3/5 condition=gacl_rotation_noise
[2026-07-23 14:08:02]   BA=0.500 best_epoch=1 pred=[0, 8]
[2026-07-23 14:08:02] Subject 48 fold 4/5 condition=control
[2026-07-23 14:08:25]   BA=0.750 best_epoch=576 pred=[2, 6]
[2026-07-23 14:08:25] Subject 48 fold 4/5 condition=gacl_rotation_noise
[2026-07-23 14:41:02]   BA=0.875 best_epoch=2231 pred=[3, 5]
[2026-07-23 14:41:02] Subject 48 fold 5/5 condition=control
[2026-07-23 15:40:46]   BA=0.500 best_epoch=1135 pred=[4, 4]
[2026-07-23 15:40:46] Subject 48 fold 5/5 condition=gacl_rotation_noise
[2026-07-23 15:41:27]   BA=0.375 best_epoch=380 pred=[5, 3]
[2026-07-23 15:41:27] Subject 49 fold 1/5 condition=control
[2026-07-23 15:41:29]   BA=0.500 best_epoch=1 pred=[8, 0]
[2026-07-23 15:41:29] Subject 49 fold 1/5 condition=gacl_rotation_noise
[2026-07-23 15:41:34]   BA=0.500 best_epoch=1 pred=[8, 0]
[2026-07-23 15:41:34] Subject 49 fold 2/5 condition=control
[2026-07-23 15:41:44]   BA=0.500 best_epoch=236 pred=[2, 6]
[2026-07-23 15:41:44] Subject 49 fold 2/5 condition=gacl_rotation_noise
[2026-07-23 16:11:46]   BA=0.500 best_epoch=344 pred=[4, 4]
[2026-07-23 16:11:46] Subject 49 fold 3/5 condition=control
[2026-07-23 16:11:47]   BA=0.500 best_epoch=1 pred=[8, 0]
[2026-07-23 16:11:47] Subject 49 fold 3/5 condition=gacl_rotation_noise
[2026-07-23 16:11:53]   BA=0.500 best_epoch=1 pred=[8, 0]
[2026-07-23 16:11:53] Subject 49 fold 4/5 condition=control
[2026-07-23 16:11:55]   BA=0.500 best_epoch=1 pred=[8, 0]
[2026-07-23 16:11:55] Subject 49 fold 4/5 condition=gacl_rotation_noise
[2026-07-23 16:12:01]   BA=0.500 best_epoch=1 pred=[8, 0]
[2026-07-23 16:12:01] Subject 49 fold 5/5 condition=control
[2026-07-23 16:12:02]   BA=0.500 best_epoch=1 pred=[0, 8]
[2026-07-23 16:12:02] Subject 49 fold 5/5 condition=gacl_rotation_noise
[2026-07-23 16:12:06]   BA=0.500 best_epoch=3 pred=[0, 8]
[2026-07-23 16:12:06] Subject 50 fold 1/5 condition=control
[2026-07-23 16:12:08]   BA=0.500 best_epoch=1 pred=[8, 0]
[2026-07-23 16:12:08] Subject 50 fold 1/5 condition=gacl_rotation_noise
[2026-07-23 16:12:10]   BA=0.500 best_epoch=1 pred=[8, 0]
[2026-07-23 16:12:10] Subject 50 fold 2/5 condition=control
[2026-07-23 16:12:11]   BA=0.500 best_epoch=1 pred=[4, 4]
[2026-07-23 16:12:11] Subject 50 fold 2/5 condition=gacl_rotation_noise
[2026-07-23 16:42:19]   BA=0.375 best_epoch=143 pred=[5, 3]
[2026-07-23 16:42:19] Subject 50 fold 3/5 condition=control
[2026-07-23 16:42:21]   BA=0.375 best_epoch=66 pred=[5, 3]
[2026-07-23 16:42:21] Subject 50 fold 3/5 condition=gacl_rotation_noise
[2026-07-23 16:42:36]   BA=0.500 best_epoch=66 pred=[4, 4]
[2026-07-23 16:42:36] Subject 50 fold 4/5 condition=control
[2026-07-23 16:42:38]   BA=0.500 best_epoch=1 pred=[0, 8]
[2026-07-23 16:42:38] Subject 50 fold 4/5 condition=gacl_rotation_noise
[2026-07-23 16:42:44]   BA=0.500 best_epoch=1 pred=[0, 8]
[2026-07-23 16:42:44] Subject 50 fold 5/5 condition=control
[2026-07-23 16:42:47]   BA=0.500 best_epoch=1 pred=[0, 8]
[2026-07-23 16:42:47] Subject 50 fold 5/5 condition=gacl_rotation_noise
[2026-07-23 16:42:52]   BA=0.500 best_epoch=1 pred=[0, 8]
[2026-07-23 16:42:52] {
  "methods": {
    "control": {
      "mean_subject_balanced_accuracy": 0.5665,
      "std_subject_balanced_accuracy": 0.12345140744438679,
      "n_subjects": 50,
      "n_original_trial_predictions": 2000,
      "exact_once_oof_all_subjects": true,
      "split_hash": "c53f9dd359cdadf310773f6aec197f9f0681863e100b28dd71b9fc969b0b6fca",
      "single_class_folds": 60,
      "near_collapse_folds": 85,
      "predicted_class_1_fraction": 0.5025
    },
    "gacl_rotation_noise": {
      "mean_subject_balanced_accuracy": 0.5705,
      "std_subject_balanced_accuracy": 0.11265988638375239,
      "n_subjects": 50,
      "n_original_trial_predictions": 2000,
      "exact_once_oof_all_subjects": true,
      "split_hash": "c53f9dd359cdadf310773f6aec197f9f0681863e100b28dd71b9fc969b0b6fca",
      "single_class_folds": 62,
      "near_collapse_folds": 90,
      "predicted_class_1_fraction": 0.4985
    }
  },
  "paired_augmented_minus_control": {
    "control_mean_subject_balanced_accuracy": 0.5665,
    "control_subject_bootstrap_95_ci": [
      0.5339875,
      0.6015
    ],
    "augmented_mean_subject_balanced_accuracy": 0.5705,
    "augmented_subject_bootstrap_95_ci": [
      0.5409999999999999,
      0.6025
    ],
    "mean_paired_delta": 0.004000000000000011,
    "median_paired_delta": 0.0,
    "paired_subject_bootstrap_95_ci": [
      -0.012499999999999973,
      0.020000000000000007
    ],
    "wilcoxon_p": 0.5907484201118801,
    "wins_ties_losses": {
      "wins": 22,
      "ties": 12,
      "losses": 16
    }
  },
  "n_subjects": 50,
  "n_predictions_per_condition": 2000,
  "exact_once_oof": true
}
[2026-07-23 16:42:55] Run metadata saved to: /Users/vadim/Documents/School/Spring 2026/CSCE A698 Individual Research/EEG_JEPA/artifacts/liu2024-sjepa-prelocal-clean-gacl-full50/20260723_123532_967384_582a9559/run_metadata.json
[2026-07-23 16:42:55] 
All artifacts in: /Users/vadim/Documents/School/Spring 2026/CSCE A698 Individual Research/EEG_JEPA/artifacts/liu2024-sjepa-prelocal-clean-gacl-full50/20260723_123532_967384_582a9559
