[2026-05-24 09:51:44] Run ID:     20260524_0951_71d6d6b5
[2026-05-24 09:51:44] Artifacts:  /home/vegorov/Repos/eeg_jepa_research/artifacts/liu2024-source-mat-sjepa-prelocal/20260524_0951_71d6d6b5
[2026-05-24 09:51:44] Config:     /home/vegorov/Repos/eeg_jepa_research/artifacts/liu2024-source-mat-sjepa-prelocal/20260524_0951_71d6d6b5/config.json
[2026-05-24 09:51:44] Using device: cpu
[2026-05-24 09:51:44] Seed initialized: 2026
[2026-05-24 09:51:44] Source extract dir: /home/vegorov/Repos/eeg_jepa_research/liu2024_data/liu2024_figshare/sourcedata
[2026-05-24 09:51:44] Found 50 .mat files
[2026-05-24 09:51:44] MAT structure preview saved to: /home/vegorov/Repos/eeg_jepa_research/artifacts/liu2024-source-mat-sjepa-prelocal/20260524_0951_71d6d6b5/mat_structure_preview_first_subject.csv
[2026-05-24 09:51:50] Subjects loaded: [1, 2, 3, 4, 5, 6, 7, 8, 9, 10, 11, 12, 13, 14, 15, 16, 17, 18, 19, 20, 21, 22, 23, 24, 25, 26, 27, 28, 29, 30, 31, 32, 33, 34, 35, 36, 37, 38, 39, 40, 41, 42, 43, 44, 45, 46, 47, 48, 49, 50]
[2026-05-24 09:51:50] Subject inventory saved to: /home/vegorov/Repos/eeg_jepa_research/artifacts/liu2024-source-mat-sjepa-prelocal/20260524_0951_71d6d6b5/subject_inventory.csv
[2026-05-24 09:52:03] X_ALL shape: (2000, 29, 537) | Y_ALL counts: [1000, 1000]
[2026-05-24 09:52:03] Preprocessing steps used:
[2026-05-24 09:52:03]   - select 29 EEG channels; drop CPz source reference, EOG, and marker
[2026-05-24 09:52:03]   - source-domain demean mode: none
[2026-05-24 09:52:03]   - EOG correction skipped
[2026-05-24 09:52:03]   - source artifact clipping skipped
[2026-05-24 09:52:03]   - convert source microvolts to MNE volts
[2026-05-24 09:52:03]   - average reference at before resample/filter
[2026-05-24 09:52:03]   - resample to 128 Hz
[2026-05-24 09:52:03]   - FIR bandpass 0.5–40.0 Hz
[2026-05-24 09:52:03]   - convert MNE volts to model microvolts
[2026-05-24 09:52:03]   - crop fixed window samples [256:793]
[2026-05-24 09:52:03]   - bad-trial rejection skipped
[2026-05-24 09:52:03] Window summary saved to: /home/vegorov/Repos/eeg_jepa_research/artifacts/liu2024-source-mat-sjepa-prelocal/20260524_0951_71d6d6b5/window_counts_by_subject.csv
[2026-05-24 09:52:03] ======================================================================
[2026-05-24 09:52:03] STARTING WITHIN-SUBJECT CROSS-VALIDATION
[2026-05-24 09:52:03] ======================================================================
[2026-05-24 09:52:03] Experiment:    c000_core128_0p5_40p0_none_none_w2
[2026-05-24 09:52:03] Subjects:      ['1', '2', '3', '4', '5', '6', '7', '8', '9', '10', '11', '12', '13', '14', '15', '16', '17', '18', '19', '20', '21', '22', '23', '24', '25', '26', '27', '28', '29', '30', '31', '32', '33', '34', '35', '36', '37', '38', '39', '40', '41', '42', '43', '44', '45', '46', '47', '48', '49', '50']
[2026-05-24 09:52:03] Model:         SignalJEPA_PreLocal
[2026-05-24 09:52:03] Pretrained:    from_pretrained
[2026-05-24 09:52:03] Strategy:      new
[2026-05-24 09:52:03] Preprocessing: demean=none | eog=none | clip=none | ref=average | resample=True->128 | filter=True 0.5–40.0 fir
[2026-05-24 09:52:03] Normalization: none | reject_bad_trials=False
[2026-05-24 09:52:03] Seed:          base=2026 | cv=2026 | val=2026
[2026-05-24 09:52:03] Window:        start=2.0s | samples=537 | duration=4.1953s | effective sfreq=128.0
[2026-05-24 09:52:03] Optimizer:     Adam | lr=0.0005
[2026-05-24 09:52:03] Noise aug:     0
[2026-05-24 09:52:03] CV folds:      5
[2026-05-24 09:52:03] Val split:     0.2
[2026-05-24 09:52:03] Max epochs:    5000
[2026-05-24 09:52:03] Device:        cpu
[2026-05-24 09:52:03] ======================================================================

[2026-05-24 09:52:03] Subject 1: 40 windows | class_counts=[20, 20]

[2026-05-24 09:52:04] Fold 1/5 | subject=1
[2026-05-24 09:52:04]     Train: 32 | counts=[16, 16]
[2026-05-24 09:52:04]     Test:  8 | counts=[4, 4]
[2026-05-24 09:52:04]     Model: SignalJEPA_PreLocal | Pretrained: from_pretrained | Strategy: new
[2026-05-24 09:52:04]     Normalization: none | fit_scope=none
[2026-05-24 09:52:04]     Phase 1 (new): 2,170/16,010 params
[2026-05-24 09:52:05]     Result | best_epoch=94 | stop=143 | final_phase_epochs=143 | acc=0.5000 | bal_acc=0.5000 | pred_hist=[4, 4] | collapse=False
[2026-05-24 09:52:05]     spatial_conv=[4, 29] top_abs_channels=[('O1', 0.16189748), ('Pz', 0.15706636), ('O2', 0.13323054), ('CP3', 0.12904139), ('Fp1', 0.12715173), ('T4', 0.11828658), ('T3', 0.11792148), ('C3', 0.11547652)]
[2026-05-24 09:52:05]     spatial_update=delta_l2=0.28839806 max_abs=0.05229065 relative=0.24164481 changed=True

[2026-05-24 09:52:05] Fold 2/5 | subject=1
[2026-05-24 09:52:05]     Train: 32 | counts=[16, 16]
[2026-05-24 09:52:05]     Test:  8 | counts=[4, 4]
[2026-05-24 09:52:05]     Model: SignalJEPA_PreLocal | Pretrained: from_pretrained | Strategy: new
[2026-05-24 09:52:05]     Normalization: none | fit_scope=none
[2026-05-24 09:52:05]     Phase 1 (new): 2,170/16,010 params
[2026-05-24 09:52:06]     Result | best_epoch=66 | stop=113 | final_phase_epochs=113 | acc=0.3750 | bal_acc=0.3750 | pred_hist=[1, 7] | collapse=False
[2026-05-24 09:52:06]     spatial_conv=[4, 29] top_abs_channels=[('O2', 0.14455743), ('O1', 0.14436851), ('Pz', 0.13591841), ('Fp1', 0.12764515), ('C3', 0.12524246), ('CP3', 0.11961323), ('T3', 0.11930711), ('T4', 0.11655547)]
[2026-05-24 09:52:06]     spatial_update=delta_l2=0.19404776 max_abs=0.03158560 relative=0.16258998 changed=True

[2026-05-24 09:52:06] Fold 3/5 | subject=1
[2026-05-24 09:52:06]     Train: 32 | counts=[16, 16]
[2026-05-24 09:52:06]     Test:  8 | counts=[4, 4]
[2026-05-24 09:52:06]     Model: SignalJEPA_PreLocal | Pretrained: from_pretrained | Strategy: new
[2026-05-24 09:52:06]     Normalization: none | fit_scope=none
[2026-05-24 09:52:06]     Phase 1 (new): 2,170/16,010 params
[2026-05-24 09:52:06]     Result | best_epoch=3 | stop=53 | final_phase_epochs=53 | acc=0.3750 | bal_acc=0.3750 | pred_hist=[1, 7] | collapse=False
[2026-05-24 09:52:06]     spatial_conv=[4, 29] top_abs_channels=[('Pz', 0.15257505), ('O2', 0.14397301), ('T3', 0.12657002), ('T4', 0.12203279), ('O1', 0.12169716), ('CP3', 0.12108691), ('C3', 0.11455835), ('CP4', 0.1112332)]
[2026-05-24 09:52:06]     spatial_update=delta_l2=0.01202087 max_abs=0.00150208 relative=0.01007213 changed=True

[2026-05-24 09:52:07] Fold 4/5 | subject=1
[2026-05-24 09:52:07]     Train: 32 | counts=[16, 16]
[2026-05-24 09:52:07]     Test:  8 | counts=[4, 4]
[2026-05-24 09:52:07]     Model: SignalJEPA_PreLocal | Pretrained: from_pretrained | Strategy: new
[2026-05-24 09:52:07]     Normalization: none | fit_scope=none
[2026-05-24 09:52:07]     Phase 1 (new): 2,170/16,010 params
[2026-05-24 09:52:08]     Result | best_epoch=288 | stop=337 | final_phase_epochs=337 | acc=0.5000 | bal_acc=0.5000 | pred_hist=[6, 2] | collapse=False
[2026-05-24 09:52:08]     spatial_conv=[4, 29] top_abs_channels=[('C3', 0.15522942), ('C4', 0.13641179), ('F4', 0.13259274), ('T3', 0.12916616), ('O1', 0.12819736), ('Pz', 0.12605204), ('Fp1', 0.1229512), ('T4', 0.1200202)]
[2026-05-24 09:52:08]     spatial_update=delta_l2=0.69359918 max_abs=0.15233980 relative=0.58115732 changed=True

[2026-05-24 09:52:08] Fold 5/5 | subject=1
[2026-05-24 09:52:08]     Train: 32 | counts=[16, 16]
[2026-05-24 09:52:08]     Test:  8 | counts=[4, 4]
[2026-05-24 09:52:08]     Model: SignalJEPA_PreLocal | Pretrained: from_pretrained | Strategy: new
[2026-05-24 09:52:08]     Normalization: none | fit_scope=none
[2026-05-24 09:52:08]     Phase 1 (new): 2,170/16,010 params
[2026-05-24 09:52:08]     Result | best_epoch=1 | stop=51 | final_phase_epochs=51 | acc=0.5000 | bal_acc=0.5000 | pred_hist=[0, 8] | collapse=True
[2026-05-24 09:52:08]     spatial_conv=[4, 29] top_abs_channels=[('Pz', 0.15278901), ('O2', 0.14439137), ('T3', 0.1264848), ('O1', 0.12236211), ('T4', 0.12208758), ('CP3', 0.12112439), ('C3', 0.1157309), ('CP4', 0.11093313)]
[2026-05-24 09:52:08]     spatial_update=delta_l2=0.00538506 max_abs=0.00050000 relative=0.00451207 changed=True
[2026-05-24 09:52:08]   Subject 1: acc=0.4500±0.0612  bal_acc=0.4500±0.0612

[2026-05-24 09:52:08] Subject 2: 40 windows | class_counts=[20, 20]

[2026-05-24 09:52:09] Fold 1/5 | subject=2
[2026-05-24 09:52:09]     Train: 32 | counts=[16, 16]
[2026-05-24 09:52:09]     Test:  8 | counts=[4, 4]
[2026-05-24 09:52:09]     Model: SignalJEPA_PreLocal | Pretrained: from_pretrained | Strategy: new
[2026-05-24 09:52:09]     Normalization: none | fit_scope=none
[2026-05-24 09:52:09]     Phase 1 (new): 2,170/16,010 params
