[2026-07-20 17:06:23] Using device: mps
[2026-07-20 17:06:23] Seed set to: 42
[2026-07-20 17:06:23] Run ID:     20260720_170623_325060_a0ca4b03
[2026-07-20 17:06:23] Artifacts:  artifacts/liu2024-s-jepa-pretraining-gacl-aug-smoke/20260720_170623_325060_a0ca4b03
[2026-07-20 17:06:23] [setup] config saved: artifacts/liu2024-s-jepa-pretraining-gacl-aug-smoke/20260720_170623_325060_a0ca4b03/config.json  seed=42  device=mps  log_verbosity=compact
[2026-07-20 17:06:23] Liu2024 S-JEPA pretraining split (Lv14 held out as downstream-only):
[2026-07-20 17:06:23]   Train subjects (1):             [2]
[2026-07-20 17:06:23]   Validation subjects (1):        [4]
[2026-07-20 17:06:23]   Downstream-only Lv14 (14):    [1, 3, 7, 9, 10, 11, 14, 15, 17, 29, 31, 32, 37, 41]
[2026-07-20 17:06:23]   Train chunk size:               1
[2026-07-20 17:06:23]   Validation chunk size:          1
[2026-07-20 17:06:23]   Chunk shuffle (train):          False
[2026-07-20 17:06:23]   Window preload:                 True

[2026-07-20 17:06:23] Reference chunk prepared for geometry/model sanity setup.
[2026-07-20 17:06:23]   Reference subjects:             [2]
[2026-07-20 17:06:23]   Reference recordings (trials):  40
[2026-07-20 17:06:23] Pretraining window parameters:
[2026-07-20 17:06:23]   sfreq:                      128 Hz
[2026-07-20 17:06:23]   pretrain_duration_s:        4.0 s
[2026-07-20 17:06:23]   sampling_interval_s:        1.0 s
[2026-07-20 17:06:23]   window_size_samples:        512
[2026-07-20 17:06:23]   sampling_interval_samples:  128
[2026-07-20 17:06:23] Preprocessors ready for chunked train/validation streaming.

[2026-07-20 17:06:24] Reference chunk windows ready:
[2026-07-20 17:06:24]   Subjects:                    [2]
[2026-07-20 17:06:24]   Recordings by paradigm:      {'MI': 40}
[2026-07-20 17:06:24]   Window count:                200
[2026-07-20 17:06:24] Geometry summary:
[2026-07-20 17:06:24]   Montage present:          True
[2026-07-20 17:06:24]   Montage kind:             DigMontage
[2026-07-20 17:06:24]   EEG channels:             29
[2026-07-20 17:06:24]   Valid EEG positions:      29
[2026-07-20 17:06:24]   Valid position ratio:     1.000
[2026-07-20 17:06:24]   Any all-zero channels:    False
[2026-07-20 17:06:24]   Valid xyz min/max:        x[-0.0868, 0.0836] y[-0.0828, 0.1153] z[0.0251, 0.1402]
[2026-07-20 17:06:24]   First channel xyz preview:
[2026-07-20 17:06:24]        Fp1: (-0.0309,  0.1146,  0.0279) valid=True
[2026-07-20 17:06:24]        Fp2: ( 0.0284,  0.1153,  0.0277) valid=True
[2026-07-20 17:06:24]         Fz: (-0.0012,  0.0933,  0.1026) valid=True
[2026-07-20 17:06:24]         F3: (-0.0518,  0.0867,  0.0787) valid=True
[2026-07-20 17:06:24]         F4: ( 0.0503,  0.0874,  0.0773) valid=True
[2026-07-20 17:06:24]         F7: (-0.0719,  0.0731,  0.0258) valid=True
[2026-07-20 17:06:24]         F8: ( 0.0714,  0.0745,  0.0251) valid=True
[2026-07-20 17:06:24]        FCz: (-0.0013,  0.0635,  0.1266) valid=True
[2026-07-20 17:06:24] Sanitized SignalJEPA channel metadata:
[2026-07-20 17:06:24]   EEG channels:             29
[2026-07-20 17:06:24]   Valid xyz channels:       29
[2026-07-20 17:06:24]   Sanitized xyz min/max:    x[-0.0868, 0.0836] y[-0.0828, 0.1153] z[0.0251, 0.1402]

[2026-07-20 17:06:24] EEG channel geometry summary:
[2026-07-20 17:06:24]   N_CHANNELS:               29
[2026-07-20 17:06:24]   CH_POSITIONS shape:       (29, 3)
[2026-07-20 17:06:24]   Sanitized CHS_INFO count: 29
[2026-07-20 17:06:24] Training-only augmentation: gacl_inspired_sensor_rotation_noise (2 transforms); validation remains clean.
[2026-07-20 17:06:24] Window sanity checks (reference-train-chunk):
[2026-07-20 17:06:24]   Total windows:          200
[2026-07-20 17:06:24]   Window shape (C, T):    (29, 512)
[2026-07-20 17:06:24]   Mean:                   1.0110e+01
[2026-07-20 17:06:24]   Std(signal) (microvolts): 1.5919e+01
[2026-07-20 17:06:24]   Max:                    1.9792e+02
[2026-07-20 17:06:25] Window sanity checks (validation-preview-chunk):
[2026-07-20 17:06:25]   Total windows:          200
[2026-07-20 17:06:25]   Window shape (C, T):    (29, 512)
[2026-07-20 17:06:25]   Mean:                   2.1637e+01
[2026-07-20 17:06:25]   Std(signal) (microvolts): 3.1626e+01
[2026-07-20 17:06:25]   Max:                    1.8789e+02
[2026-07-20 17:06:25] Feature encoder token geometry:
[2026-07-20 17:06:25]   WINDOW_SIZE_SAMPLES:  512
[2026-07-20 17:06:25]   N_TOK_PER_CHANNEL:    3
[2026-07-20 17:06:25]   EMB_DIM:              64
[2026-07-20 17:06:25]   TOTAL_TOKENS:         87
[2026-07-20 17:06:26] Student / teacher backbone summary:
[2026-07-20 17:06:26]   Student parameters:           3,455,862
[2026-07-20 17:06:26]   Feature encoder parameters:   13,840
[2026-07-20 17:06:26]   Positional encoder params:    870
[2026-07-20 17:06:26]   Transformer parameters:       3,441,152
[2026-07-20 17:06:26]   Teacher trainable parameters: 0
[2026-07-20 17:06:28] Backbone finite probe: OK
[2026-07-20 17:06:28] Radius-based random spatial block mask sampler:
[2026-07-20 17:06:28]   n_channels:               29
[2026-07-20 17:06:28]   n_valid_channels:         29
[2026-07-20 17:06:28]   head_diameter (valid):    0.206672
[2026-07-20 17:06:28]   mask_diameter_percent:    60
[2026-07-20 17:06:28]   mask_diameter:            0.124003
[2026-07-20 17:06:28]   mask_radius:              0.062002
[2026-07-20 17:06:28]   n_tok_per_channel:        3
[2026-07-20 17:06:28] Mask check: Cz
[2026-07-20 17:06:28]   radius: 0.062002
[2026-07-20 17:06:28]   masked channels: 2
[2026-07-20 17:06:28]   masked tokens: 6
[2026-07-20 17:06:28]   masked names: ['FCz', 'Cz']
[2026-07-20 17:06:28] 40% mask around Cz:
[2026-07-20 17:06:28]   radius: 0.041334
[2026-07-20 17:06:28]   masked channels (2): ['FCz', 'Cz']

[2026-07-20 17:06:28] 60% mask around Cz:
[2026-07-20 17:06:28]   radius: 0.062002
[2026-07-20 17:06:28]   masked channels (2): ['FCz', 'Cz']

[2026-07-20 17:06:28] 80% mask around Cz:
[2026-07-20 17:06:28]   radius: 0.082669
[2026-07-20 17:06:28]   masked channels (8): ['Fz', 'FCz', 'FC3', 'Cz', 'C3', 'C4', 'CP3', 'Pz']

[2026-07-20 17:06:28] 40% mask around C4:
[2026-07-20 17:06:28]   radius: 0.041334
[2026-07-20 17:06:28]   masked channels (3): ['FC4', 'C4', 'CP4']

[2026-07-20 17:06:28] 60% mask around C4:
[2026-07-20 17:06:28]   radius: 0.062002
[2026-07-20 17:06:28]   masked channels (3): ['FC4', 'C4', 'CP4']

[2026-07-20 17:06:28] 80% mask around C4:
[2026-07-20 17:06:28]   radius: 0.082669
[2026-07-20 17:06:28]   masked channels (10): ['F4', 'FCz', 'FC4', 'FT8', 'Cz', 'C4', 'T4', 'CP4', 'TP8', 'P4']

[2026-07-20 17:06:28] 40% mask around Oz:
[2026-07-20 17:06:28]   radius: 0.041334
[2026-07-20 17:06:28]   masked channels (3): ['Oz', 'O1', 'O2']

[2026-07-20 17:06:28] 60% mask around Oz:
[2026-07-20 17:06:28]   radius: 0.062002
[2026-07-20 17:06:28]   masked channels (3): ['Oz', 'O1', 'O2']

[2026-07-20 17:06:28] 80% mask around Oz:
[2026-07-20 17:06:28]   radius: 0.082669
[2026-07-20 17:06:28]   masked channels (6): ['Pz', 'P3', 'P4', 'Oz', 'O1', 'O2']

[2026-07-20 17:06:29] 40% mask around Cz:
[2026-07-20 17:06:29]   radius: 0.041334
[2026-07-20 17:06:29]   masked channels (2): ['FCz', 'Cz']

[2026-07-20 17:06:29] 60% mask around Cz:
[2026-07-20 17:06:29]   radius: 0.062002
[2026-07-20 17:06:29]   masked channels (2): ['FCz', 'Cz']

[2026-07-20 17:06:29] 80% mask around Cz:
[2026-07-20 17:06:29]   radius: 0.082669
[2026-07-20 17:06:29]   masked channels (8): ['Fz', 'FCz', 'FC3', 'Cz', 'C3', 'C4', 'CP3', 'Pz']

[2026-07-20 17:06:29] Token-routing:
[2026-07-20 17:06:29]   Full token shape:         (87, 64)
[2026-07-20 17:06:29]   Visible token shape:      (75, 64)
[2026-07-20 17:06:29]   Masked token shape:       (12, 64)
[2026-07-20 17:06:29]   Sample masked channels:   4
[2026-07-20 17:06:29] Single-sample token routing validated OK.
[2026-07-20 17:06:29] MaskedTokenPredictor initialized:
[2026-07-20 17:06:29]   d_model:          64
[2026-07-20 17:06:29]   nhead:            8
[2026-07-20 17:06:29]   num_layers:       4
[2026-07-20 17:06:29]   dim_feedforward:  256
[2026-07-20 17:06:29]   Total parameters: 267,136

[2026-07-20 17:06:30] Predictor shape test: OK
[2026-07-20 17:06:30]   student_context: (1, 75, 64)
[2026-07-20 17:06:30]   masked_pos_enc:  (1, 12, 64)
[2026-07-20 17:06:30]   prediction:      (1, 12, 64)
[2026-07-20 17:06:30] Augmentation boundary check: training=augmented, validation=clean
[2026-07-20 17:06:30] Optimizer: Adam
[2026-07-20 17:06:30] Learning rate:             0.001
[2026-07-20 17:06:30] Weight decay:              0.0
[2026-07-20 17:06:30] Debug train chunk subjects: [2]
[2026-07-20 17:06:30] Debug train windows:        200
[2026-07-20 17:06:30] Debug val chunk subjects:   [4]
[2026-07-20 17:06:30] Debug val windows:          200

[2026-07-20 17:06:30] Running first-batch verification without an optimizer step...
[2026-07-20 17:06:33]   [debug] first-sample training path:
[2026-07-20 17:06:33]     x_single:             (1, 29, 512)
[2026-07-20 17:06:33]     teacher_full_tokens:  (1, 87, 64)
[2026-07-20 17:06:33]     student_visible:      (1, 78, 64)
[2026-07-20 17:06:33]     masked_queries:       (1, 9, 64)
[2026-07-20 17:06:33]     predicted_masked:     (1, 9, 64)
[2026-07-20 17:06:33]     teacher_masked:       (1, 9, 64)
[2026-07-20 17:06:33]     center_channel:       26
[2026-07-20 17:06:33]     masked_channels:      3
[2026-07-20 17:06:33]     masked_tokens:        9
[2026-07-20 17:06:33]     visible_tokens:       78
[2026-07-20 17:06:33]     sample_loss:          1.077238
[2026-07-20 17:06:40]   Backward/gradient finite check:           OK
[2026-07-20 17:06:40]   First training-batch loss:              1.099076
[2026-07-20 17:06:40]   Mean masked channels:               3.50
[2026-07-20 17:06:40]   Mean masked tokens:                 10.50
[2026-07-20 17:06:41]   First validation-batch loss: 1.155641
[2026-07-20 17:06:42] Atomic checkpoint and student-export round-trip: OK
[2026-07-20 17:06:42] ======================================================================
[2026-07-20 17:06:42] [setup] STARTING LIU2024 S-JEPA PRETRAINING
[2026-07-20 17:06:42] ======================================================================
[2026-07-20 17:06:42] [setup] run_id:                  20260720_170623_325060_a0ca4b03
[2026-07-20 17:06:42] [setup] seed:                    42
[2026-07-20 17:06:42] [setup] device:                  mps
[2026-07-20 17:06:42] [setup] paradigms:               ['MI']
[2026-07-20 17:06:42] [setup] train_subjects:          1  [2]
[2026-07-20 17:06:42] [setup] val_subjects:            1  [4]
[2026-07-20 17:06:42] [setup] excluded_subjects:       [1, 3, 7, 9, 10, 11, 14, 15, 17, 29, 31, 32, 37, 41]
[2026-07-20 17:06:42] [setup] train_chunk_size:        1
[2026-07-20 17:06:42] [setup] val_chunk_size:          1
[2026-07-20 17:06:42] [setup] train_chunks_per_epoch:  1
[2026-07-20 17:06:42] [setup] val_chunks_per_epoch:    1
[2026-07-20 17:06:42] [setup] batch_size:              8
[2026-07-20 17:06:42] [setup] early_stopping_patience: 1
[2026-07-20 17:06:42] [setup] window_preload:          True
[2026-07-20 17:06:42] [setup] pretrain_duration:       4.0 s
[2026-07-20 17:06:42] [setup] sampling_interval:       1.0 s
[2026-07-20 17:06:42] [setup] mask_diameter:           60%
[2026-07-20 17:06:42] [setup] ema_decay:               0.996
[2026-07-20 17:06:42] [setup] epoch_limit:             1
[2026-07-20 17:06:42] [setup] log_verbosity:           compact
[2026-07-20 17:06:42] ======================================================================
[2026-07-20 17:06:42] ======================================================================
[2026-07-20 17:06:42] [epoch] verification-only mode: no optimizer updates or epochs were run.
[2026-07-20 17:06:42] [epoch] stop reason: verification_only
[2026-07-20 17:06:42] ======================================================================
[2026-07-20 17:06:42] ======================================================================
[2026-07-20 17:06:42] LOSS HISTORY SUMMARY
[2026-07-20 17:06:42] ======================================================================
[2026-07-20 17:06:42]   No epoch metrics recorded.
[2026-07-20 17:06:42] Mask coverage statistics:
[2026-07-20 17:06:42]   n_channels: 29
[2026-07-20 17:06:42]   n_tok_per_channel: 3
[2026-07-20 17:06:42]   head_diameter: 0.20667175948619843
[2026-07-20 17:06:42]   mask_diameter_percent: 60.0
[2026-07-20 17:06:42]   mask_diameter: 0.12400305569171904
[2026-07-20 17:06:42]   mask_radius: 0.06200152784585952
[2026-07-20 17:06:42]   masked_channels_mean: 3.805
[2026-07-20 17:06:42]   masked_channels_min: 2
[2026-07-20 17:06:42]   masked_channels_max: 5
[2026-07-20 17:06:42]   masked_tokens_mean: 11.415
[2026-07-20 17:06:42]   masked_tokens_min: 6
[2026-07-20 17:06:42]   masked_tokens_max: 15
[2026-07-20 17:06:42]   n_samples: 200

[2026-07-20 17:06:42] Mask stats saved to: artifacts/liu2024-s-jepa-pretraining-gacl-aug-smoke/20260720_170623_325060_a0ca4b03/mask_stats.json
[2026-07-20 17:06:42] ======================================================================
[2026-07-20 17:06:42] ONE-BATCH END-TO-END INSPECTION
[2026-07-20 17:06:42] ======================================================================
[2026-07-20 17:06:42]   x_single:            (1, 29, 512)
[2026-07-20 17:06:42]   teacher_full:        (1, 87, 64)
[2026-07-20 17:06:42]   student_visible:     (1, 81, 64)
[2026-07-20 17:06:42]   masked_queries:      (1, 6, 64)
[2026-07-20 17:06:42]   predicted_masked:    (1, 6, 64)
[2026-07-20 17:06:42]   teacher_masked:      (1, 6, 64)
[2026-07-20 17:06:42]   center_channel:      12
[2026-07-20 17:06:42]   masked_channels:     2
[2026-07-20 17:06:42]   masked_tokens:       6
[2026-07-20 17:06:42]   inspection_loss:     1.153426
[2026-07-20 17:06:42] ======================================================================
[2026-07-20 17:06:42] Epoch metrics saved to:           artifacts/liu2024-s-jepa-pretraining-gacl-aug-smoke/20260720_170623_325060_a0ca4b03/metrics.json
[2026-07-20 17:06:42] Run metadata saved to:            artifacts/liu2024-s-jepa-pretraining-gacl-aug-smoke/20260720_170623_325060_a0ca4b03/run_metadata.json

[2026-07-20 17:06:42] ======================================================================
[2026-07-20 17:06:42] EXPERIMENT SUMMARY
[2026-07-20 17:06:42] ======================================================================
[2026-07-20 17:06:42] Run ID:            20260720_170623_325060_a0ca4b03
[2026-07-20 17:06:42] Artifacts:         artifacts/liu2024-s-jepa-pretraining-gacl-aug-smoke/20260720_170623_325060_a0ca4b03

[2026-07-20 17:06:42] Subject split:
[2026-07-20 17:06:42]   Train:           [2]
[2026-07-20 17:06:42]   Validation:      [4]
[2026-07-20 17:06:42]   Excluded:        [1, 3, 7, 9, 10, 11, 14, 15, 17, 29, 31, 32, 37, 41]

[2026-07-20 17:06:42] Data streaming:
[2026-07-20 17:06:42]   Paradigms:       ['MI']
[2026-07-20 17:06:42]   Train chunk size:1
[2026-07-20 17:06:42]   Val chunk size:  1
[2026-07-20 17:06:42]   Train chunks:    1
[2026-07-20 17:06:42]   Val chunks:      1
[2026-07-20 17:06:42]   Preload windows: True
[2026-07-20 17:06:42]   Window seconds:  4.0
[2026-07-20 17:06:42]   Interval secs:   1.0

[2026-07-20 17:06:42] Masking:
[2026-07-20 17:06:42]   Diameter %:      60
[2026-07-20 17:06:42]   Radius:          0.062002

[2026-07-20 17:06:42] Results:
[2026-07-20 17:06:42]   No training epochs recorded.

[2026-07-20 17:06:42] Artifact files:
[2026-07-20 17:06:42]   config: artifacts/liu2024-s-jepa-pretraining-gacl-aug-smoke/20260720_170623_325060_a0ca4b03/config.json
[2026-07-20 17:06:42]   run_log: artifacts/liu2024-s-jepa-pretraining-gacl-aug-smoke/20260720_170623_325060_a0ca4b03/run.log
[2026-07-20 17:06:42]   metrics: artifacts/liu2024-s-jepa-pretraining-gacl-aug-smoke/20260720_170623_325060_a0ca4b03/metrics.json
[2026-07-20 17:06:42]   epoch_metrics_jsonl: artifacts/liu2024-s-jepa-pretraining-gacl-aug-smoke/20260720_170623_325060_a0ca4b03/epoch_metrics.jsonl
[2026-07-20 17:06:42]   checkpoint_latest: artifacts/liu2024-s-jepa-pretraining-gacl-aug-smoke/20260720_170623_325060_a0ca4b03/checkpoint_latest.pt
[2026-07-20 17:06:42]   checkpoint_best: artifacts/liu2024-s-jepa-pretraining-gacl-aug-smoke/20260720_170623_325060_a0ca4b03/checkpoint_best.pt
[2026-07-20 17:06:42]   student_backbone_latest: artifacts/liu2024-s-jepa-pretraining-gacl-aug-smoke/20260720_170623_325060_a0ca4b03/student_backbone_latest.pt
[2026-07-20 17:06:42]   student_backbone_best: artifacts/liu2024-s-jepa-pretraining-gacl-aug-smoke/20260720_170623_325060_a0ca4b03/student_backbone_best.pt
[2026-07-20 17:06:42]   mask_stats: artifacts/liu2024-s-jepa-pretraining-gacl-aug-smoke/20260720_170623_325060_a0ca4b03/mask_stats.json
[2026-07-20 17:06:42] ======================================================================

[2026-07-20 17:06:42] All artifacts in: artifacts/liu2024-s-jepa-pretraining-gacl-aug-smoke/20260720_170623_325060_a0ca4b03
