Liu2024 paper-match tuning run
Artifacts: /Users/vadim/Documents/School/Spring 2026/CSCE A698 Individual Research/EEG_JEPA/src/artifacts/liu2024-paper-match-tuning/20260518_153657
RUN_PROFILE: focused
Using existing extracted source dir: /Users/vadim/Documents/School/Spring 2026/CSCE A698 Individual Research/EEG_JEPA/src/liu2024_figshare/sourcedata
Total .mat files found: 50
  preview: /Users/vadim/Documents/School/Spring 2026/CSCE A698 Individual Research/EEG_JEPA/src/liu2024_figshare/sourcedata/sourcedata/sub-01/sub-01_task-motor-imagery_eeg.mat
  preview: /Users/vadim/Documents/School/Spring 2026/CSCE A698 Individual Research/EEG_JEPA/src/liu2024_figshare/sourcedata/sourcedata/sub-02/sub-02_task-motor-imagery_eeg.mat
  preview: /Users/vadim/Documents/School/Spring 2026/CSCE A698 Individual Research/EEG_JEPA/src/liu2024_figshare/sourcedata/sourcedata/sub-03/sub-03_task-motor-imagery_eeg.mat
  preview: /Users/vadim/Documents/School/Spring 2026/CSCE A698 Individual Research/EEG_JEPA/src/liu2024_figshare/sourcedata/sourcedata/sub-04/sub-04_task-motor-imagery_eeg.mat
  preview: /Users/vadim/Documents/School/Spring 2026/CSCE A698 Individual Research/EEG_JEPA/src/liu2024_figshare/sourcedata/sourcedata/sub-05/sub-05_task-motor-imagery_eeg.mat
Selected raw data: eeg.rawdata, shape=(40, 33, 4000)
Selected labels:   eeg.label, shape=(40,), counts={np.int64(1): np.int64(20), np.int64(2): np.int64(20)}
 subject_id  rawdata_shape   label_values
          1 (40, 33, 4000) {1: 20, 2: 20}
          2 (40, 33, 4000) {1: 20, 2: 20}
          3 (40, 33, 4000) {1: 20, 2: 20}
          4 (40, 33, 4000) {1: 20, 2: 20}
          5 (40, 33, 4000) {1: 20, 2: 20}
          6 (40, 33, 4000) {1: 20, 2: 20}
          7 (40, 33, 4000) {1: 20, 2: 20}
          8 (40, 33, 4000) {1: 20, 2: 20}
          9 (40, 33, 4000) {1: 20, 2: 20}
         10 (40, 33, 4000) {1: 20, 2: 20}
         11 (40, 33, 4000) {1: 20, 2: 20}
         12 (40, 33, 4000) {1: 20, 2: 20}
         13 (40, 33, 4000) {1: 20, 2: 20}
         14 (40, 33, 4000) {1: 20, 2: 20}
         15 (40, 33, 4000) {1: 20, 2: 20}
         16 (40, 33, 4000) {1: 20, 2: 20}
         17 (40, 33, 4000) {1: 20, 2: 20}
         18 (40, 33, 4000) {1: 20, 2: 20}
         19 (40, 33, 4000) {1: 20, 2: 20}
         20 (40, 33, 4000) {1: 20, 2: 20}
         21 (40, 33, 4000) {1: 20, 2: 20}
         22 (40, 33, 4000) {1: 20, 2: 20}
         23 (40, 33, 4000) {1: 20, 2: 20}
         24 (40, 33, 4000) {1: 20, 2: 20}
         25 (40, 33, 4000) {1: 20, 2: 20}
         26 (40, 33, 4000) {1: 20, 2: 20}
         27 (40, 33, 4000) {1: 20, 2: 20}
         28 (40, 33, 4000) {1: 20, 2: 20}
         29 (40, 33, 4000) {1: 20, 2: 20}
         30 (40, 33, 4000) {1: 20, 2: 20}
         31 (40, 33, 4000) {1: 20, 2: 20}
         32 (40, 33, 4000) {1: 20, 2: 20}
         33 (40, 33, 4000) {1: 20, 2: 20}
         34 (40, 33, 4000) {1: 20, 2: 20}
         35 (40, 33, 4000) {1: 20, 2: 20}
         36 (40, 33, 4000) {1: 20, 2: 20}
         37 (40, 33, 4000) {1: 20, 2: 20}
         38 (40, 33, 4000) {1: 20, 2: 20}
         39 (40, 33, 4000) {1: 20, 2: 20}
         40 (40, 33, 4000) {1: 20, 2: 20}
         41 (40, 33, 4000) {1: 20, 2: 20}
         42 (40, 33, 4000) {1: 20, 2: 20}
         43 (40, 33, 4000) {1: 20, 2: 20}
         44 (40, 33, 4000) {1: 20, 2: 20}
         45 (40, 33, 4000) {1: 20, 2: 20}
         46 (40, 33, 4000) {1: 20, 2: 20}
         47 (40, 33, 4000) {1: 20, 2: 20}
         48 (40, 33, 4000) {1: 20, 2: 20}
         49 (40, 33, 4000) {1: 20, 2: 20}
         50 (40, 33, 4000) {1: 20, 2: 20}
Preprocessing variants: 10
CSP model variants:     5
FBCSP model variants:   7
Example raw subject 1: X=(40, 33, 4000), labels={np.int64(1): np.int64(20), np.int64(2): np.int64(20)}
[CSP 1/10 | 1/5] paper_0to4_no_ref_unreg + csp_unreg_4comp
  -> acc=0.5049, distance_to_paper=0.0508
[CSP 1/10 | 2/5] paper_0to4_no_ref_unreg + csp_unreg_6comp
  -> acc=0.5144, distance_to_paper=0.0413
[CSP 1/10 | 3/5] paper_0to4_no_ref_unreg + csp_unreg_8comp
  -> acc=0.5102, distance_to_paper=0.0454
[CSP 1/10 | 4/5] paper_0to4_no_ref_unreg + csp_ledoit_4comp
  -> acc=0.4975, distance_to_paper=0.0582
[CSP 1/10 | 5/5] paper_0to4_no_ref_unreg + csp_unreg_4comp_lda_shrink
  -> acc=0.4975, distance_to_paper=0.0582
[CSP 2/10 | 1/5] paper_0to4_avg_after + csp_unreg_4comp
  -> acc=0.5049, distance_to_paper=0.0508
[CSP 2/10 | 2/5] paper_0to4_avg_after + csp_unreg_6comp
  -> acc=0.5144, distance_to_paper=0.0413
[CSP 2/10 | 3/5] paper_0to4_avg_after + csp_unreg_8comp
  -> acc=0.5102, distance_to_paper=0.0454
[CSP 2/10 | 4/5] paper_0to4_avg_after + csp_ledoit_4comp
  -> acc=0.4975, distance_to_paper=0.0582
[CSP 2/10 | 5/5] paper_0to4_avg_after + csp_unreg_4comp_lda_shrink
  -> acc=0.4975, distance_to_paper=0.0582
[CSP 3/10 | 1/5] paper_0to4_avg_before + csp_unreg_4comp
  -> acc=0.5052, distance_to_paper=0.0505
[CSP 3/10 | 2/5] paper_0to4_avg_before + csp_unreg_6comp
  -> acc=0.5050, distance_to_paper=0.0507
[CSP 3/10 | 3/5] paper_0to4_avg_before + csp_unreg_8comp
  -> acc=0.5061, distance_to_paper=0.0496
[CSP 3/10 | 4/5] paper_0to4_avg_before + csp_ledoit_4comp
  -> acc=0.5052, distance_to_paper=0.0504
[CSP 3/10 | 5/5] paper_0to4_avg_before + csp_unreg_4comp_lda_shrink
  -> acc=0.4948, distance_to_paper=0.0609
[CSP 4/10 | 1/5] paper_0to4_no_baseline + csp_unreg_4comp
  -> acc=0.5049, distance_to_paper=0.0508
[CSP 4/10 | 2/5] paper_0to4_no_baseline + csp_unreg_6comp
  -> acc=0.5144, distance_to_paper=0.0413
[CSP 4/10 | 3/5] paper_0to4_no_baseline + csp_unreg_8comp
  -> acc=0.5102, distance_to_paper=0.0454
[CSP 4/10 | 4/5] paper_0to4_no_baseline + csp_ledoit_4comp
  -> acc=0.4975, distance_to_paper=0.0582
[CSP 4/10 | 5/5] paper_0to4_no_baseline + csp_unreg_4comp_lda_shrink
  -> acc=0.4975, distance_to_paper=0.0582
[CSP 5/10 | 1/5] paper_0to4_window_mean + csp_unreg_4comp
  -> acc=0.5049, distance_to_paper=0.0508
[CSP 5/10 | 2/5] paper_0to4_window_mean + csp_unreg_6comp
  -> acc=0.5145, distance_to_paper=0.0412
[CSP 5/10 | 3/5] paper_0to4_window_mean + csp_unreg_8comp
  -> acc=0.5105, distance_to_paper=0.0452
[CSP 5/10 | 4/5] paper_0to4_window_mean + csp_ledoit_4comp
  -> acc=0.4975, distance_to_paper=0.0582
[CSP 5/10 | 5/5] paper_0to4_window_mean + csp_unreg_4comp_lda_shrink
  -> acc=0.4975, distance_to_paper=0.0582
[CSP 6/10 | 1/5] paper_0to4_first2s_mean + csp_unreg_4comp
  -> acc=0.5049, distance_to_paper=0.0508
[CSP 6/10 | 2/5] paper_0to4_first2s_mean + csp_unreg_6comp
  -> acc=0.5144, distance_to_paper=0.0413
[CSP 6/10 | 3/5] paper_0to4_first2s_mean + csp_unreg_8comp
  -> acc=0.5102, distance_to_paper=0.0454
[CSP 6/10 | 4/5] paper_0to4_first2s_mean + csp_ledoit_4comp
  -> acc=0.4975, distance_to_paper=0.0582
[CSP 6/10 | 5/5] paper_0to4_first2s_mean + csp_unreg_4comp_lda_shrink
  -> acc=0.4975, distance_to_paper=0.0582
[CSP 7/10 | 1/5] paper_0to4_30eeg + csp_unreg_4comp
  -> acc=0.5038, distance_to_paper=0.0519
[CSP 7/10 | 2/5] paper_0to4_30eeg + csp_unreg_6comp
  -> acc=0.5156, distance_to_paper=0.0401
[CSP 7/10 | 3/5] paper_0to4_30eeg + csp_unreg_8comp
  -> acc=0.5116, distance_to_paper=0.0441
[CSP 7/10 | 4/5] paper_0to4_30eeg + csp_ledoit_4comp
  -> acc=0.4976, distance_to_paper=0.0581
[CSP 7/10 | 5/5] paper_0to4_30eeg + csp_unreg_4comp_lda_shrink
  -> acc=0.4955, distance_to_paper=0.0602
[CSP 8/10 | 1/5] moabb_2to6_no_ref + csp_unreg_4comp
  -> acc=0.5084, distance_to_paper=0.0473
[CSP 8/10 | 2/5] moabb_2to6_no_ref + csp_unreg_6comp
  -> acc=0.5121, distance_to_paper=0.0436
[CSP 8/10 | 3/5] moabb_2to6_no_ref + csp_unreg_8comp
  -> acc=0.5130, distance_to_paper=0.0427
[CSP 8/10 | 4/5] moabb_2to6_no_ref + csp_ledoit_4comp
  -> acc=0.5138, distance_to_paper=0.0419
[CSP 8/10 | 5/5] moabb_2to6_no_ref + csp_unreg_4comp_lda_shrink
  -> acc=0.4986, distance_to_paper=0.0571
[CSP 9/10 | 1/5] shift_1to5_no_ref + csp_unreg_4comp
  -> acc=0.5071, distance_to_paper=0.0486
[CSP 9/10 | 2/5] shift_1to5_no_ref + csp_unreg_6comp
  -> acc=0.5130, distance_to_paper=0.0427
[CSP 9/10 | 3/5] shift_1to5_no_ref + csp_unreg_8comp
  -> acc=0.5129, distance_to_paper=0.0428
[CSP 9/10 | 4/5] shift_1to5_no_ref + csp_ledoit_4comp
  -> acc=0.5056, distance_to_paper=0.0501
[CSP 9/10 | 5/5] shift_1to5_no_ref + csp_unreg_4comp_lda_shrink
  -> acc=0.5058, distance_to_paper=0.0499
[CSP 10/10 | 1/5] paper_0to4_preband_0p5_40 + csp_unreg_4comp
  -> acc=0.5018, distance_to_paper=0.0539
[CSP 10/10 | 2/5] paper_0to4_preband_0p5_40 + csp_unreg_6comp
  -> acc=0.5172, distance_to_paper=0.0384
[CSP 10/10 | 3/5] paper_0to4_preband_0p5_40 + csp_unreg_8comp
  -> acc=0.5184, distance_to_paper=0.0373
[CSP 10/10 | 4/5] paper_0to4_preband_0p5_40 + csp_ledoit_4comp
  -> acc=0.4995, distance_to_paper=0.0562
[CSP 10/10 | 5/5] paper_0to4_preband_0p5_40 + csp_unreg_4comp_lda_shrink
  -> acc=0.4975, distance_to_paper=0.0582
[FBCSP 1/10 | 1/7] paper_0to4_no_ref_unreg + fbcsp_coarse_unreg_no_fs
  -> acc=0.5094, distance_to_paper=0.0663
[FBCSP 1/10 | 2/7] paper_0to4_no_ref_unreg + fbcsp_dense_unreg_no_fs
  -> acc=0.5190, distance_to_paper=0.0567
[FBCSP 1/10 | 3/7] paper_0to4_no_ref_unreg + fbcsp_dense_unreg_fclassif_k12
  -> acc=0.5184, distance_to_paper=0.0573
[FBCSP 1/10 | 4/7] paper_0to4_no_ref_unreg + fbcsp_dense_unreg_fclassif_k24
  -> acc=0.5166, distance_to_paper=0.0591
[FBCSP 1/10 | 5/7] paper_0to4_no_ref_unreg + fbcsp_dense_ledoit_fclassif_k12
  -> acc=0.5156, distance_to_paper=0.0601
[FBCSP 1/10 | 6/7] paper_0to4_no_ref_unreg + fbcsp_coarse_unreg_C0p1
  -> acc=0.5019, distance_to_paper=0.0738
[FBCSP 1/10 | 7/7] paper_0to4_no_ref_unreg + fbcsp_coarse_unreg_C10
  -> acc=0.5108, distance_to_paper=0.0649
[FBCSP 2/10 | 1/7] paper_0to4_avg_after + fbcsp_coarse_unreg_no_fs
