[2026-07-05 18:57:15] ======================================================================
[2026-07-05 18:57:15] Experiment: multiwindow_riemann_sjepa_stacking
[2026-07-05 18:57:15] Note:       Honest nested-CV: multi-window Riemannian probability ensemble (no test-visible window selection) fused with frozen S-JEPA embeddings via inner-CV-fit logistic stacking. SMOKE-TEST CONFIG BY DEFAULT -- see the 'Scaling up' section near the end of the notebook before a full run.
[2026-07-05 18:57:15] Run ID:     20260705_1857_0f9e9f3c
[2026-07-05 18:57:15] Artifacts:  /Users/vadim/Documents/School/Spring 2026/CSCE A698 Individual Research/EEG_JEPA/artifacts/liu2024-multiwindow-riemann-sjepa-stacking/20260705_1857_0f9e9f3c
[2026-07-05 18:57:15] ======================================================================
[2026-07-05 18:57:15] data loader defined
[2026-07-05 18:57:15] Branch A (multi-window Riemannian ensemble) defined
[2026-07-05 18:57:15] Branch B (frozen S-JEPA embeddings) defined
[2026-07-05 18:57:15] Sanity-check helpers defined: assert_no_overlap, label_balance, collapse_flag
[2026-07-05 18:57:15] source: /Users/vadim/Documents/School/Spring 2026/CSCE A698 Individual Research/EEG_JEPA/liu2024_data/liu2024_figshare/sourcedata (50 subjects)
[2026-07-05 18:57:18] sub-01: riemann=68.8 sjepa=62.5 fusion=37.5  (  2.3s)
[2026-07-05 18:57:19] sub-03: riemann=37.5 sjepa=62.5 fusion=37.5  (  3.5s)
[2026-07-05 18:57:19] Train/test overlap check: PASS on all 2 folds across 2 subject(s)
[2026-07-05 18:57:19]   sub-01 fold0: train n=24 balance={'0': 12, '1': 12}  test n=16 balance={'0': 8, '1': 8}
[2026-07-05 18:57:19]   sub-03 fold0: train n=24 balance={'0': 12, '1': 12}  test n=16 balance={'0': 8, '1': 8}
[2026-07-05 18:57:19] Collapse rate (fold predicts >95% one class): {'riemann': np.float64(0.0), 'sjepa': np.float64(0.0), 'fusion': np.float64(0.0)}
[2026-07-05 18:57:19] ======================================================================
[2026-07-05 18:57:19] Multi-window Riemannian ensemble x frozen S-JEPA stacking -- Liu2024, n=2 subject(s)
[2026-07-05 18:57:19]   riemann : bal-acc 53.12% +/- 15.62  acc 53.12%  collapse   0%
[2026-07-05 18:57:19]   sjepa   : bal-acc 62.50% +/- 0.00  acc 62.50%  collapse   0%
[2026-07-05 18:57:19]   fusion  : bal-acc 37.50% +/- 0.00  acc 37.50%  collapse   0%
[2026-07-05 18:57:19]   Wilcoxon fusion vs riemann: dMean=-15.62pp p=1.0000
[2026-07-05 18:57:19]   Wilcoxon fusion vs sjepa  : dMean=-25.00pp p=0.5000
[2026-07-05 18:57:19] ======================================================================
[2026-07-05 18:57:19] riemann confusion matrix (rows=true[left,right], cols=pred[left,right]):
[[10  6]
 [ 9  7]]

[2026-07-05 18:57:19] sjepa confusion matrix (rows=true[left,right], cols=pred[left,right]):
[[ 9  7]
 [ 5 11]]

[2026-07-05 18:57:19] fusion confusion matrix (rows=true[left,right], cols=pred[left,right]):
[[ 6 10]
 [10  6]]

[2026-07-05 18:57:19] Saved: fold_results.csv, subject_summary.csv, comparison_vs_baselines.csv, confusion_matrix_*.csv,
[2026-07-05 18:57:19]        global_metrics.json, subject_metrics.json, branch_balacc.png
[2026-07-05 18:57:19] Artifacts: /Users/vadim/Documents/School/Spring 2026/CSCE A698 Individual Research/EEG_JEPA/artifacts/liu2024-multiwindow-riemann-sjepa-stacking/20260705_1857_0f9e9f3c
