Notebook:       /Users/vadim/Documents/School/Spring 2026/CSCE A698 Individual Research/EEG_JEPA/src/liu2024/liu2024_source_mat_sjepa_prelocal_clean_pipeline.ipynb
Configurations: /Users/vadim/Documents/School/Spring 2026/CSCE A698 Individual Research/EEG_JEPA/src/utils/experiments/configs/liu2024_sjepa_hp_best_3.json
Total configs:  6

[1/6] Running config override:
{
  "learning_rate": 0.0004,
  "batch_size": 8,
  "augmentation_noise_fraction": 0.02,
  "experiment_name": "hpbest_013",
  "sweep_group": "HP_best"
}
  status:       completed
  elapsed_sec:  2230.815
  run_id:       20260528_2007_3fabfa3f
  artifact_dir: /Users/vadim/Documents/School/Spring 2026/CSCE A698 Individual Research/EEG_JEPA/artifacts/liu2024-source-mat-sjepa-prelocal/20260528_2007_3fabfa3f

[2/6] Running config override:
{
  "learning_rate": 0.0003,
  "batch_size": 4,
  "augmentation_noise_fraction": 0.02,
  "experiment_name": "hpbest_014",
  "sweep_group": "HP_best"
}
  status:       completed
  elapsed_sec:  3899.975
  run_id:       20260528_2044_dd33a2da
  artifact_dir: /Users/vadim/Documents/School/Spring 2026/CSCE A698 Individual Research/EEG_JEPA/artifacts/liu2024-source-mat-sjepa-prelocal/20260528_2044_dd33a2da

[3/6] Running config override:
{
  "learning_rate": 0.0003,
  "batch_size": 8,
  "augmentation_noise_fraction": 0.02,
  "experiment_name": "hpbest_015",
  "sweep_group": "HP_best"
}
  status:       completed
  elapsed_sec:  2220.032
  run_id:       20260528_2149_81dcb431
  artifact_dir: /Users/vadim/Documents/School/Spring 2026/CSCE A698 Individual Research/EEG_JEPA/artifacts/liu2024-source-mat-sjepa-prelocal/20260528_2149_81dcb431

[4/6] Running config override:
{
  "learning_rate": 0.0004,
  "batch_size": 4,
  "augmentation_noise_fraction": 0.02,
  "experiment_name": "hpbest_016",
  "sweep_group": "HP_best"
}
  status:       completed
  elapsed_sec:  3177.055
  run_id:       20260528_2226_cc190127
  artifact_dir: /Users/vadim/Documents/School/Spring 2026/CSCE A698 Individual Research/EEG_JEPA/artifacts/liu2024-source-mat-sjepa-prelocal/20260528_2226_cc190127

[5/6] Running config override:
{
  "learning_rate": 0.0004,
  "batch_size": 8,
  "gradient_clip_norm": 1.0,
  "augmentation_noise_fraction": 0.02,
  "experiment_name": "hpbest_017",
  "sweep_group": "HP_best"
}
  status:       completed
  elapsed_sec:  2436.906
  run_id:       20260528_2319_99a83c75
  artifact_dir: /Users/vadim/Documents/School/Spring 2026/CSCE A698 Individual Research/EEG_JEPA/artifacts/liu2024-source-mat-sjepa-prelocal/20260528_2319_99a83c75

[6/6] Running config override:
{
  "learning_rate": 0.0003,
  "batch_size": 4,
  "gradient_clip_norm": 1.0,
  "augmentation_noise_fraction": 0.02,
  "experiment_name": "hpbest_018",
  "sweep_group": "HP_best"
}
  status:       completed
  elapsed_sec:  3895.108
  run_id:       20260529_0000_4916290a
  artifact_dir: /Users/vadim/Documents/School/Spring 2026/CSCE A698 Individual Research/EEG_JEPA/artifacts/liu2024-source-mat-sjepa-prelocal/20260529_0000_4916290a

Finished.
Results dir:    experiment_results/20260528_2007_liu2024_sjepa_hp_best_3_6ec91e86
Summary JSON:   experiment_results/20260528_2007_liu2024_sjepa_hp_best_3_6ec91e86/results.json
Artifact list:  experiment_results/20260528_2007_liu2024_sjepa_hp_best_3_6ec91e86/artifact_ids.json
