[2026-07-23 12:34:14] Run ID:     20260723_123414_647570_040d62b9
[2026-07-23 12:34:14] Artifacts:  /Users/vadim/Documents/School/Spring 2026/CSCE A698 Individual Research/EEG_JEPA/artifacts/liu2024-sjepa-prelocal-clean-gacl-full50/20260723_123414_647570_040d62b9
[2026-07-23 12:34:14] Config:     /Users/vadim/Documents/School/Spring 2026/CSCE A698 Individual Research/EEG_JEPA/artifacts/liu2024-sjepa-prelocal-clean-gacl-full50/20260723_123414_647570_040d62b9/config.json
[2026-07-23 12:34:15] Using device: mps | seed: 2026
[2026-07-23 12:34:16] Loaded 1 subjects and 40 exact-marker trials
[2026-07-23 12:34:16] Preflight passed: trainable={'spatial_conv.1.weight': 116, 'spatial_conv.1.bias': 4, 'final_layer.1.weight': 1536, 'final_layer.1.bias': 2} initial_hash=467025269a9a
[2026-07-23 12:34:16] Subject 1 fold 1/5 condition=control
[2026-07-23 12:34:17]   BA=0.500 best_epoch=1 pred=[4, 4]
[2026-07-23 12:34:17] Subject 1 fold 1/5 condition=gacl_rotation_noise
[2026-07-23 12:34:17]   BA=0.625 best_epoch=2 pred=[5, 3]
[2026-07-23 12:34:17] Subject 1 fold 2/5 condition=control
[2026-07-23 12:34:17]   BA=0.625 best_epoch=1 pred=[5, 3]
[2026-07-23 12:34:17] Subject 1 fold 2/5 condition=gacl_rotation_noise
[2026-07-23 12:34:17]   BA=0.625 best_epoch=1 pred=[5, 3]
[2026-07-23 12:34:17] Subject 1 fold 3/5 condition=control
[2026-07-23 12:34:18]   BA=0.500 best_epoch=1 pred=[0, 8]
[2026-07-23 12:34:18] Subject 1 fold 3/5 condition=gacl_rotation_noise
[2026-07-23 12:34:18]   BA=0.500 best_epoch=2 pred=[0, 8]
[2026-07-23 12:34:18] Subject 1 fold 4/5 condition=control
[2026-07-23 12:34:18]   BA=0.375 best_epoch=2 pred=[5, 3]
[2026-07-23 12:34:18] Subject 1 fold 4/5 condition=gacl_rotation_noise
[2026-07-23 12:34:18]   BA=0.375 best_epoch=2 pred=[5, 3]
[2026-07-23 12:34:18] Subject 1 fold 5/5 condition=control
[2026-07-23 12:34:18]   BA=0.500 best_epoch=1 pred=[0, 8]
[2026-07-23 12:34:18] Subject 1 fold 5/5 condition=gacl_rotation_noise
[2026-07-23 12:34:18]   BA=0.500 best_epoch=1 pred=[0, 8]
[2026-07-23 12:34:18] {
  "methods": {
    "control": {
      "mean_subject_balanced_accuracy": 0.5,
      "std_subject_balanced_accuracy": 0.0,
      "n_subjects": 1,
      "n_original_trial_predictions": 40,
      "exact_once_oof_all_subjects": true,
      "split_hash": "7acb0067d74b3c2db26a88d15a9d80083357d3de5e42a9b357328cf80abbddf0",
      "single_class_folds": 2,
      "near_collapse_folds": 2,
      "predicted_class_1_fraction": 0.65
    },
    "gacl_rotation_noise": {
      "mean_subject_balanced_accuracy": 0.525,
      "std_subject_balanced_accuracy": 0.0,
      "n_subjects": 1,
      "n_original_trial_predictions": 40,
      "exact_once_oof_all_subjects": true,
      "split_hash": "7acb0067d74b3c2db26a88d15a9d80083357d3de5e42a9b357328cf80abbddf0",
      "single_class_folds": 2,
      "near_collapse_folds": 2,
      "predicted_class_1_fraction": 0.625
    }
  },
  "paired_augmented_minus_control": {
    "control_mean_subject_balanced_accuracy": 0.5,
    "control_subject_bootstrap_95_ci": [
      0.5,
      0.5
    ],
    "augmented_mean_subject_balanced_accuracy": 0.525,
    "augmented_subject_bootstrap_95_ci": [
      0.525,
      0.525
    ],
    "mean_paired_delta": 0.025000000000000022,
    "median_paired_delta": 0.025000000000000022,
    "paired_subject_bootstrap_95_ci": [
      0.025000000000000022,
      0.025000000000000022
    ],
    "wilcoxon_p": 1.0,
    "wins_ties_losses": {
      "wins": 1,
      "ties": 0,
      "losses": 0
    }
  },
  "n_subjects": 1,
  "n_predictions_per_condition": 40,
  "exact_once_oof": true
}
[2026-07-23 12:34:18] Run metadata saved to: /Users/vadim/Documents/School/Spring 2026/CSCE A698 Individual Research/EEG_JEPA/artifacts/liu2024-sjepa-prelocal-clean-gacl-full50/20260723_123414_647570_040d62b9/run_metadata.json
[2026-07-23 12:34:18] 
All artifacts in: /Users/vadim/Documents/School/Spring 2026/CSCE A698 Individual Research/EEG_JEPA/artifacts/liu2024-sjepa-prelocal-clean-gacl-full50/20260723_123414_647570_040d62b9
