Notebook:       /Users/vadim/Documents/School/Spring 2026/CSCE A698 Individual Research/EEG_JEPA/src/liu2024/liu2024_source_mat_sjepa_prelocal_clean_pipeline.ipynb
Configurations: /Users/vadim/Documents/School/Spring 2026/CSCE A698 Individual Research/EEG_JEPA/src/utils/experiments/configs/liu2024_sjepa_hp_augmentation.json
Total configs:  25

[1/25] Running config override:
{
  "augmentation_noise_fraction": 0.0,
  "augmentation_time_shift_samples": 0,
  "augmentation_channel_dropout_prob": 0.0,
  "experiment_name": "hpaug_001_noise0p0",
  "sweep_group": "HP_augmentation"
}
  status:       completed
  elapsed_sec:  258.294
  run_id:       20260528_1757_ce5de488
  artifact_dir: /Users/vadim/Documents/School/Spring 2026/CSCE A698 Individual Research/EEG_JEPA/artifacts/liu2024-source-mat-sjepa-prelocal/20260528_1757_ce5de488

[2/25] Running config override:
{
  "augmentation_noise_fraction": 0.0025,
  "augmentation_time_shift_samples": 0,
  "augmentation_channel_dropout_prob": 0.0,
  "experiment_name": "hpaug_002_noise0p0025",
  "sweep_group": "HP_augmentation"
}
  status:       completed
  elapsed_sec:  332.713
  run_id:       20260528_1801_12bb354e
  artifact_dir: /Users/vadim/Documents/School/Spring 2026/CSCE A698 Individual Research/EEG_JEPA/artifacts/liu2024-source-mat-sjepa-prelocal/20260528_1801_12bb354e

[3/25] Running config override:
{
  "augmentation_noise_fraction": 0.005,
  "augmentation_time_shift_samples": 0,
  "augmentation_channel_dropout_prob": 0.0,
  "experiment_name": "hpaug_003_noise0p005",
  "sweep_group": "HP_augmentation"
}
  status:       completed
  elapsed_sec:  331.65
  run_id:       20260528_1807_b048349a
  artifact_dir: /Users/vadim/Documents/School/Spring 2026/CSCE A698 Individual Research/EEG_JEPA/artifacts/liu2024-source-mat-sjepa-prelocal/20260528_1807_b048349a

[4/25] Running config override:
{
  "augmentation_noise_fraction": 0.01,
  "augmentation_time_shift_samples": 0,
  "augmentation_channel_dropout_prob": 0.0,
  "experiment_name": "hpaug_004_noise0p01",
  "sweep_group": "HP_augmentation"
}
  status:       completed
  elapsed_sec:  300.937
  run_id:       20260528_1813_08832fd0
  artifact_dir: /Users/vadim/Documents/School/Spring 2026/CSCE A698 Individual Research/EEG_JEPA/artifacts/liu2024-source-mat-sjepa-prelocal/20260528_1813_08832fd0

[5/25] Running config override:
{
  "augmentation_noise_fraction": 0.02,
  "augmentation_time_shift_samples": 0,
  "augmentation_channel_dropout_prob": 0.0,
  "experiment_name": "hpaug_005_noise0p02",
  "sweep_group": "HP_augmentation"
}
  status:       completed
  elapsed_sec:  305.121
  run_id:       20260528_1818_991cbaa1
  artifact_dir: /Users/vadim/Documents/School/Spring 2026/CSCE A698 Individual Research/EEG_JEPA/artifacts/liu2024-source-mat-sjepa-prelocal/20260528_1818_991cbaa1

[6/25] Running config override:
{
  "augmentation_noise_fraction": 0.05,
  "augmentation_time_shift_samples": 0,
  "augmentation_channel_dropout_prob": 0.0,
  "experiment_name": "hpaug_006_noise0p05",
  "sweep_group": "HP_augmentation"
}
  status:       completed
  elapsed_sec:  340.461
  run_id:       20260528_1823_b4d78da3
  artifact_dir: /Users/vadim/Documents/School/Spring 2026/CSCE A698 Individual Research/EEG_JEPA/artifacts/liu2024-source-mat-sjepa-prelocal/20260528_1823_b4d78da3

[7/25] Running config override:
{
  "augmentation_noise_fraction": 0.0,
  "augmentation_time_shift_samples": 0,
  "augmentation_channel_dropout_prob": 0.0,
  "experiment_name": "hpaug_007_shift0",
  "sweep_group": "HP_augmentation"
}
  status:       completed
  elapsed_sec:  260.381
  run_id:       20260528_1828_228e1ad6
  artifact_dir: /Users/vadim/Documents/School/Spring 2026/CSCE A698 Individual Research/EEG_JEPA/artifacts/liu2024-source-mat-sjepa-prelocal/20260528_1828_228e1ad6

[8/25] Running config override:
{
  "augmentation_noise_fraction": 0.0,
  "augmentation_time_shift_samples": 2,
  "augmentation_channel_dropout_prob": 0.0,
  "experiment_name": "hpaug_008_shift2",
  "sweep_group": "HP_augmentation"
}
  status:       completed
  elapsed_sec:  255.08
  run_id:       20260528_1833_e36f999d
  artifact_dir: /Users/vadim/Documents/School/Spring 2026/CSCE A698 Individual Research/EEG_JEPA/artifacts/liu2024-source-mat-sjepa-prelocal/20260528_1833_e36f999d

[9/25] Running config override:
{
  "augmentation_noise_fraction": 0.0,
  "augmentation_time_shift_samples": 4,
  "augmentation_channel_dropout_prob": 0.0,
  "experiment_name": "hpaug_009_shift4",
  "sweep_group": "HP_augmentation"
}
  status:       completed
  elapsed_sec:  255.52
  run_id:       20260528_1837_6bc3914c
  artifact_dir: /Users/vadim/Documents/School/Spring 2026/CSCE A698 Individual Research/EEG_JEPA/artifacts/liu2024-source-mat-sjepa-prelocal/20260528_1837_6bc3914c

[10/25] Running config override:
{
  "augmentation_noise_fraction": 0.0,
  "augmentation_time_shift_samples": 8,
  "augmentation_channel_dropout_prob": 0.0,
  "experiment_name": "hpaug_010_shift8",
  "sweep_group": "HP_augmentation"
}
  status:       completed
  elapsed_sec:  250.287
  run_id:       20260528_1841_ca618a91
  artifact_dir: /Users/vadim/Documents/School/Spring 2026/CSCE A698 Individual Research/EEG_JEPA/artifacts/liu2024-source-mat-sjepa-prelocal/20260528_1841_ca618a91

[11/25] Running config override:
{
  "augmentation_noise_fraction": 0.0,
  "augmentation_time_shift_samples": 12,
  "augmentation_channel_dropout_prob": 0.0,
  "experiment_name": "hpaug_011_shift12",
  "sweep_group": "HP_augmentation"
}
  status:       completed
  elapsed_sec:  246.607
  run_id:       20260528_1845_c8440479
  artifact_dir: /Users/vadim/Documents/School/Spring 2026/CSCE A698 Individual Research/EEG_JEPA/artifacts/liu2024-source-mat-sjepa-prelocal/20260528_1845_c8440479

[12/25] Running config override:
{
  "augmentation_noise_fraction": 0.0,
  "augmentation_time_shift_samples": 16,
  "augmentation_channel_dropout_prob": 0.0,
  "experiment_name": "hpaug_012_shift16",
  "sweep_group": "HP_augmentation"
}
  status:       completed
  elapsed_sec:  255.062
  run_id:       20260528_1849_b7490bdc
  artifact_dir: /Users/vadim/Documents/School/Spring 2026/CSCE A698 Individual Research/EEG_JEPA/artifacts/liu2024-source-mat-sjepa-prelocal/20260528_1849_b7490bdc

[13/25] Running config override:
{
  "augmentation_noise_fraction": 0.0,
  "augmentation_time_shift_samples": 0,
  "augmentation_channel_dropout_prob": 0.0,
  "experiment_name": "hpaug_013_chdrop0p0",
  "sweep_group": "HP_augmentation"
}
  status:       completed
  elapsed_sec:  269.774
  run_id:       20260528_1854_1c08c9ea
  artifact_dir: /Users/vadim/Documents/School/Spring 2026/CSCE A698 Individual Research/EEG_JEPA/artifacts/liu2024-source-mat-sjepa-prelocal/20260528_1854_1c08c9ea

[14/25] Running config override:
{
  "augmentation_noise_fraction": 0.0,
  "augmentation_time_shift_samples": 0,
  "augmentation_channel_dropout_prob": 0.025,
  "experiment_name": "hpaug_014_chdrop0p025",
  "sweep_group": "HP_augmentation"
}
  status:       completed
  elapsed_sec:  261.473
  run_id:       20260528_1858_939eb73c
  artifact_dir: /Users/vadim/Documents/School/Spring 2026/CSCE A698 Individual Research/EEG_JEPA/artifacts/liu2024-source-mat-sjepa-prelocal/20260528_1858_939eb73c

[15/25] Running config override:
{
  "augmentation_noise_fraction": 0.0,
  "augmentation_time_shift_samples": 0,
  "augmentation_channel_dropout_prob": 0.05,
  "experiment_name": "hpaug_015_chdrop0p05",
  "sweep_group": "HP_augmentation"
}
  status:       completed
  elapsed_sec:  254.997
  run_id:       20260528_1903_f076fe0f
  artifact_dir: /Users/vadim/Documents/School/Spring 2026/CSCE A698 Individual Research/EEG_JEPA/artifacts/liu2024-source-mat-sjepa-prelocal/20260528_1903_f076fe0f

[16/25] Running config override:
{
  "augmentation_noise_fraction": 0.0,
  "augmentation_time_shift_samples": 0,
  "augmentation_channel_dropout_prob": 0.075,
  "experiment_name": "hpaug_016_chdrop0p075",
  "sweep_group": "HP_augmentation"
}
  status:       completed
  elapsed_sec:  267.003
  run_id:       20260528_1907_29afa51a
  artifact_dir: /Users/vadim/Documents/School/Spring 2026/CSCE A698 Individual Research/EEG_JEPA/artifacts/liu2024-source-mat-sjepa-prelocal/20260528_1907_29afa51a

[17/25] Running config override:
{
  "augmentation_noise_fraction": 0.0,
  "augmentation_time_shift_samples": 0,
  "augmentation_channel_dropout_prob": 0.1,
  "experiment_name": "hpaug_017_chdrop0p1",
  "sweep_group": "HP_augmentation"
}
  status:       completed
  elapsed_sec:  265.928
  run_id:       20260528_1911_3fdfa361
  artifact_dir: /Users/vadim/Documents/School/Spring 2026/CSCE A698 Individual Research/EEG_JEPA/artifacts/liu2024-source-mat-sjepa-prelocal/20260528_1911_3fdfa361

[18/25] Running config override:
{
  "augmentation_noise_fraction": 0.0,
  "augmentation_time_shift_samples": 0,
  "augmentation_channel_dropout_prob": 0.15,
  "experiment_name": "hpaug_018_chdrop0p15",
  "sweep_group": "HP_augmentation"
}
  status:       completed
  elapsed_sec:  251.395
  run_id:       20260528_1916_98e12897
  artifact_dir: /Users/vadim/Documents/School/Spring 2026/CSCE A698 Individual Research/EEG_JEPA/artifacts/liu2024-source-mat-sjepa-prelocal/20260528_1916_98e12897

[19/25] Running config override:
{
  "augmentation_noise_fraction": 0.0,
  "augmentation_time_shift_samples": 0,
  "augmentation_channel_dropout_prob": 0.2,
  "experiment_name": "hpaug_019_chdrop0p2",
  "sweep_group": "HP_augmentation"
}
  status:       completed
  elapsed_sec:  245.458
  run_id:       20260528_1920_f3f9ab8f
  artifact_dir: /Users/vadim/Documents/School/Spring 2026/CSCE A698 Individual Research/EEG_JEPA/artifacts/liu2024-source-mat-sjepa-prelocal/20260528_1920_f3f9ab8f

[20/25] Running config override:
{
  "augmentation_noise_fraction": 0.0025,
  "augmentation_time_shift_samples": 2,
  "augmentation_channel_dropout_prob": 0.025,
  "experiment_name": "hpaug_020_noise0p0025_shift2_chdrop0p025",
  "sweep_group": "HP_augmentation"
}
  status:       completed
  elapsed_sec:  289.486
  run_id:       20260528_1924_e3ece0ca
  artifact_dir: /Users/vadim/Documents/School/Spring 2026/CSCE A698 Individual Research/EEG_JEPA/artifacts/liu2024-source-mat-sjepa-prelocal/20260528_1924_e3ece0ca

[21/25] Running config override:
{
  "augmentation_noise_fraction": 0.005,
  "augmentation_time_shift_samples": 4,
  "augmentation_channel_dropout_prob": 0.025,
  "experiment_name": "hpaug_021_noise0p005_shift4_chdrop0p025",
  "sweep_group": "HP_augmentation"
}
  status:       completed
  elapsed_sec:  282.996
  run_id:       20260528_1929_47b7447c
  artifact_dir: /Users/vadim/Documents/School/Spring 2026/CSCE A698 Individual Research/EEG_JEPA/artifacts/liu2024-source-mat-sjepa-prelocal/20260528_1929_47b7447c

[22/25] Running config override:
{
  "augmentation_noise_fraction": 0.005,
  "augmentation_time_shift_samples": 4,
  "augmentation_channel_dropout_prob": 0.05,
  "experiment_name": "hpaug_022_noise0p005_shift4_chdrop0p05",
  "sweep_group": "HP_augmentation"
}
  status:       completed
  elapsed_sec:  285.56
  run_id:       20260528_1934_4a19927f
  artifact_dir: /Users/vadim/Documents/School/Spring 2026/CSCE A698 Individual Research/EEG_JEPA/artifacts/liu2024-source-mat-sjepa-prelocal/20260528_1934_4a19927f

[23/25] Running config override:
{
  "augmentation_noise_fraction": 0.01,
  "augmentation_time_shift_samples": 4,
  "augmentation_channel_dropout_prob": 0.05,
  "experiment_name": "hpaug_023_noise0p01_shift4_chdrop0p05",
  "sweep_group": "HP_augmentation"
}
  status:       completed
  elapsed_sec:  283.814
  run_id:       20260528_1938_afb3fd7f
  artifact_dir: /Users/vadim/Documents/School/Spring 2026/CSCE A698 Individual Research/EEG_JEPA/artifacts/liu2024-source-mat-sjepa-prelocal/20260528_1938_afb3fd7f

[24/25] Running config override:
{
  "augmentation_noise_fraction": 0.01,
  "augmentation_time_shift_samples": 8,
  "augmentation_channel_dropout_prob": 0.05,
  "experiment_name": "hpaug_024_noise0p01_shift8_chdrop0p05",
  "sweep_group": "HP_augmentation"
}
  status:       completed
  elapsed_sec:  325.571
  run_id:       20260528_1943_8330261f
  artifact_dir: /Users/vadim/Documents/School/Spring 2026/CSCE A698 Individual Research/EEG_JEPA/artifacts/liu2024-source-mat-sjepa-prelocal/20260528_1943_8330261f

[25/25] Running config override:
{
  "augmentation_noise_fraction": 0.02,
  "augmentation_time_shift_samples": 8,
  "augmentation_channel_dropout_prob": 0.075,
  "experiment_name": "hpaug_025_noise0p02_shift8_chdrop0p075",
  "sweep_group": "HP_augmentation"
}
  status:       completed
  elapsed_sec:  315.338
  run_id:       20260528_1948_f0d01e1a
  artifact_dir: /Users/vadim/Documents/School/Spring 2026/CSCE A698 Individual Research/EEG_JEPA/artifacts/liu2024-source-mat-sjepa-prelocal/20260528_1948_f0d01e1a

Finished.
Results dir:    experiment_results/20260528_1757_liu2024_sjepa_hp_augmentation_8aafce3e
Summary JSON:   experiment_results/20260528_1757_liu2024_sjepa_hp_augmentation_8aafce3e/results.json
Artifact list:  experiment_results/20260528_1757_liu2024_sjepa_hp_augmentation_8aafce3e/artifact_ids.json
