Notebook:       /Users/vadim/Documents/School/Spring 2026/CSCE A698 Individual Research/EEG_JEPA/src/liu2024/liu2024_source_mat_sjepa_prelocal_clean_pipeline.ipynb
Configurations: /Users/vadim/Documents/School/Spring 2026/CSCE A698 Individual Research/EEG_JEPA/src/utils/experiments/configs/liu2024_sjepa_learning_rate.json
Total configs:  18

[1/18] Running config override:
{
  "experiment_name": "s039",
  "mi_window_start_s": 2.0,
  "learning_rate": 2e-05
}
  status:       completed
  elapsed_sec:  232.581
  run_id:       20260528_1505_a51918d4
  artifact_dir: /Users/vadim/Documents/School/Spring 2026/CSCE A698 Individual Research/EEG_JEPA/artifacts/liu2024-source-mat-sjepa-prelocal/20260528_1505_a51918d4

[2/18] Running config override:
{
  "experiment_name": "s040",
  "mi_window_start_s": 2.0,
  "learning_rate": 3e-05
}
  status:       completed
  elapsed_sec:  233.697
  run_id:       20260528_1509_d0f1b15c
  artifact_dir: /Users/vadim/Documents/School/Spring 2026/CSCE A698 Individual Research/EEG_JEPA/artifacts/liu2024-source-mat-sjepa-prelocal/20260528_1509_d0f1b15c

[3/18] Running config override:
{
  "experiment_name": "s041",
  "mi_window_start_s": 2.0,
  "learning_rate": 4e-05
}
  status:       completed
  elapsed_sec:  240.974
  run_id:       20260528_1513_d93a5b4c
  artifact_dir: /Users/vadim/Documents/School/Spring 2026/CSCE A698 Individual Research/EEG_JEPA/artifacts/liu2024-source-mat-sjepa-prelocal/20260528_1513_d93a5b4c

[4/18] Running config override:
{
  "experiment_name": "s042",
  "mi_window_start_s": 2.0,
  "learning_rate": 5e-05
}
  status:       completed
  elapsed_sec:  238.863
  run_id:       20260528_1517_a6e25d01
  artifact_dir: /Users/vadim/Documents/School/Spring 2026/CSCE A698 Individual Research/EEG_JEPA/artifacts/liu2024-source-mat-sjepa-prelocal/20260528_1517_a6e25d01

[5/18] Running config override:
{
  "experiment_name": "s043",
  "mi_window_start_s": 2.0,
  "learning_rate": 6e-05
}
  status:       completed
  elapsed_sec:  240.874
  run_id:       20260528_1521_72b24daa
  artifact_dir: /Users/vadim/Documents/School/Spring 2026/CSCE A698 Individual Research/EEG_JEPA/artifacts/liu2024-source-mat-sjepa-prelocal/20260528_1521_72b24daa

[6/18] Running config override:
{
  "experiment_name": "s044",
  "mi_window_start_s": 2.0,
  "learning_rate": 7e-05
}
  status:       completed
  elapsed_sec:  249.192
  run_id:       20260528_1525_46b3e474
  artifact_dir: /Users/vadim/Documents/School/Spring 2026/CSCE A698 Individual Research/EEG_JEPA/artifacts/liu2024-source-mat-sjepa-prelocal/20260528_1525_46b3e474

[7/18] Running config override:
{
  "experiment_name": "s045",
  "mi_window_start_s": 2.0,
  "learning_rate": 8e-05
}
  status:       completed
  elapsed_sec:  245.17
  run_id:       20260528_1529_2a185b41
  artifact_dir: /Users/vadim/Documents/School/Spring 2026/CSCE A698 Individual Research/EEG_JEPA/artifacts/liu2024-source-mat-sjepa-prelocal/20260528_1529_2a185b41

[8/18] Running config override:
{
  "experiment_name": "s046",
  "mi_window_start_s": 2.0,
  "learning_rate": 9e-05
}
  status:       completed
  elapsed_sec:  247.797
  run_id:       20260528_1533_d9e28a35
  artifact_dir: /Users/vadim/Documents/School/Spring 2026/CSCE A698 Individual Research/EEG_JEPA/artifacts/liu2024-source-mat-sjepa-prelocal/20260528_1533_d9e28a35

[9/18] Running config override:
{
  "experiment_name": "s047",
  "mi_window_start_s": 2.0,
  "learning_rate": 0.0001
}
  status:       completed
  elapsed_sec:  247.728
  run_id:       20260528_1537_27f31057
  artifact_dir: /Users/vadim/Documents/School/Spring 2026/CSCE A698 Individual Research/EEG_JEPA/artifacts/liu2024-source-mat-sjepa-prelocal/20260528_1537_27f31057

[10/18] Running config override:
{
  "experiment_name": "s048",
  "mi_window_start_s": 2.0,
  "learning_rate": 0.0002
}
  status:       completed
  elapsed_sec:  253.851
  run_id:       20260528_1541_9692da2d
  artifact_dir: /Users/vadim/Documents/School/Spring 2026/CSCE A698 Individual Research/EEG_JEPA/artifacts/liu2024-source-mat-sjepa-prelocal/20260528_1541_9692da2d

[11/18] Running config override:
{
  "experiment_name": "s049",
  "mi_window_start_s": 2.0,
  "learning_rate": 0.0003
}
  status:       completed
  elapsed_sec:  250.397
  run_id:       20260528_1545_c3f2b895
  artifact_dir: /Users/vadim/Documents/School/Spring 2026/CSCE A698 Individual Research/EEG_JEPA/artifacts/liu2024-source-mat-sjepa-prelocal/20260528_1545_c3f2b895

[12/18] Running config override:
{
  "experiment_name": "s050",
  "mi_window_start_s": 2.0,
  "learning_rate": 0.0004
}
  status:       completed
  elapsed_sec:  254.268
  run_id:       20260528_1550_fcf73e26
  artifact_dir: /Users/vadim/Documents/School/Spring 2026/CSCE A698 Individual Research/EEG_JEPA/artifacts/liu2024-source-mat-sjepa-prelocal/20260528_1550_fcf73e26

[13/18] Running config override:
{
  "experiment_name": "s051",
  "mi_window_start_s": 2.0,
  "learning_rate": 0.0005
}
  status:       completed
  elapsed_sec:  253.908
  run_id:       20260528_1554_12e0f22f
  artifact_dir: /Users/vadim/Documents/School/Spring 2026/CSCE A698 Individual Research/EEG_JEPA/artifacts/liu2024-source-mat-sjepa-prelocal/20260528_1554_12e0f22f

[14/18] Running config override:
{
  "experiment_name": "s052",
  "mi_window_start_s": 2.0,
  "learning_rate": 0.0006
}
  status:       completed
  elapsed_sec:  253.812
  run_id:       20260528_1558_d97355ed
  artifact_dir: /Users/vadim/Documents/School/Spring 2026/CSCE A698 Individual Research/EEG_JEPA/artifacts/liu2024-source-mat-sjepa-prelocal/20260528_1558_d97355ed

[15/18] Running config override:
{
  "experiment_name": "s053",
  "mi_window_start_s": 2.0,
  "learning_rate": 0.0007
}
  status:       completed
  elapsed_sec:  251.595
  run_id:       20260528_1602_7ec2f3d6
  artifact_dir: /Users/vadim/Documents/School/Spring 2026/CSCE A698 Individual Research/EEG_JEPA/artifacts/liu2024-source-mat-sjepa-prelocal/20260528_1602_7ec2f3d6

[16/18] Running config override:
{
  "experiment_name": "s054",
  "mi_window_start_s": 2.0,
  "learning_rate": 0.0008
}
  status:       completed
  elapsed_sec:  251.2
  run_id:       20260528_1607_86a92600
  artifact_dir: /Users/vadim/Documents/School/Spring 2026/CSCE A698 Individual Research/EEG_JEPA/artifacts/liu2024-source-mat-sjepa-prelocal/20260528_1607_86a92600

[17/18] Running config override:
{
  "experiment_name": "s055",
  "mi_window_start_s": 2.0,
  "learning_rate": 0.0009
}
  status:       completed
  elapsed_sec:  258.482
  run_id:       20260528_1611_9c2514d6
  artifact_dir: /Users/vadim/Documents/School/Spring 2026/CSCE A698 Individual Research/EEG_JEPA/artifacts/liu2024-source-mat-sjepa-prelocal/20260528_1611_9c2514d6

[18/18] Running config override:
{
  "experiment_name": "s056",
  "mi_window_start_s": 2.0,
  "learning_rate": 0.001
}
  status:       completed
  elapsed_sec:  255.679
  run_id:       20260528_1615_41d14c71
  artifact_dir: /Users/vadim/Documents/School/Spring 2026/CSCE A698 Individual Research/EEG_JEPA/artifacts/liu2024-source-mat-sjepa-prelocal/20260528_1615_41d14c71

Finished.
Results dir:    experiment_results/20260528_1505_liu2024_sjepa_learning_rate_bc4d733e
Summary JSON:   experiment_results/20260528_1505_liu2024_sjepa_learning_rate_bc4d733e/results.json
Artifact list:  experiment_results/20260528_1505_liu2024_sjepa_learning_rate_bc4d733e/artifact_ids.json
