Notebook:       /Users/vadim/Documents/School/Spring 2026/CSCE A698 Individual Research/EEG_JEPA/src/liu2024/liu2024_source_mat_sjepa_prelocal.ipynb
Configurations: /Users/vadim/Documents/School/Spring 2026/CSCE A698 Individual Research/EEG_JEPA/src/utils/experiments/configs/liu2024_prelocal_screening_50epoch.json
Total configs:  12

[1/12] Running config override:
{
  "pretrained_mode": "from_pretrained",
  "strategy": "full",
  "warmup_epochs": 10,
  "batch_size": 16,
  "n_epochs": 50,
  "early_stopping_patience": 10,
  "learning_rate": 0.0002,
  "optimizer_weight_decay": 0.0001,
  "use_lr_scheduler": true,
  "lr_min": 1e-06,
  "augmentation_noise_fraction": 0.05,
  "seed": 12,
  "set_seed": true
}
  status:       completed
  elapsed_sec:  432.557
  run_id:       20260519_1509_05a50fbf
  artifact_dir: /Users/vadim/Documents/School/Spring 2026/CSCE A698 Individual Research/EEG_JEPA/artifacts/liu2024-source-mat-sjepa-prelocal/20260519_1509_05a50fbf

[2/12] Running config override:
{
  "pretrained_mode": "random",
  "strategy": "full",
  "warmup_epochs": 10,
  "batch_size": 16,
  "n_epochs": 50,
  "early_stopping_patience": 10,
  "learning_rate": 0.0002,
  "optimizer_weight_decay": 0.0001,
  "use_lr_scheduler": true,
  "lr_min": 1e-06,
  "augmentation_noise_fraction": 0.05,
  "seed": 12,
  "set_seed": true
}
  status:       completed
  elapsed_sec:  267.984
  run_id:       20260519_1516_b34870d5
  artifact_dir: /Users/vadim/Documents/School/Spring 2026/CSCE A698 Individual Research/EEG_JEPA/artifacts/liu2024-source-mat-sjepa-prelocal/20260519_1516_b34870d5

[3/12] Running config override:
{
  "pretrained_mode": "from_pretrained",
  "strategy": "full",
  "warmup_epochs": 10,
  "batch_size": 16,
  "n_epochs": 50,
  "early_stopping_patience": 10,
  "learning_rate": 0.0005,
  "optimizer_weight_decay": 0.0001,
  "use_lr_scheduler": true,
  "lr_min": 1e-06,
  "augmentation_noise_fraction": 0.0,
  "seed": 12,
  "set_seed": true
}
  status:       completed
  elapsed_sec:  338.468
  run_id:       20260519_1521_630ab974
  artifact_dir: /Users/vadim/Documents/School/Spring 2026/CSCE A698 Individual Research/EEG_JEPA/artifacts/liu2024-source-mat-sjepa-prelocal/20260519_1521_630ab974

[4/12] Running config override:
{
  "pretrained_mode": "random",
  "strategy": "full",
  "warmup_epochs": 10,
  "batch_size": 16,
  "n_epochs": 50,
  "early_stopping_patience": 10,
  "learning_rate": 0.0005,
  "optimizer_weight_decay": 0.0001,
  "use_lr_scheduler": true,
  "lr_min": 1e-06,
  "augmentation_noise_fraction": 0.0,
  "seed": 12,
  "set_seed": true
}
  status:       completed
  elapsed_sec:  178.69
  run_id:       20260519_1526_3e394a21
  artifact_dir: /Users/vadim/Documents/School/Spring 2026/CSCE A698 Individual Research/EEG_JEPA/artifacts/liu2024-source-mat-sjepa-prelocal/20260519_1526_3e394a21

[5/12] Running config override:
{
  "pretrained_mode": "from_pretrained",
  "strategy": "full",
  "warmup_epochs": 10,
  "batch_size": 16,
  "n_epochs": 50,
  "early_stopping_patience": 10,
  "learning_rate": 0.0005,
  "optimizer_weight_decay": 0.0001,
  "use_lr_scheduler": true,
  "lr_min": 1e-06,
  "augmentation_noise_fraction": 0.05,
  "seed": 12,
  "set_seed": true
}
  status:       completed
  elapsed_sec:  424.04
  run_id:       20260519_1529_9944c155
  artifact_dir: /Users/vadim/Documents/School/Spring 2026/CSCE A698 Individual Research/EEG_JEPA/artifacts/liu2024-source-mat-sjepa-prelocal/20260519_1529_9944c155

[6/12] Running config override:
{
  "pretrained_mode": "random",
  "strategy": "full",
  "warmup_epochs": 10,
  "batch_size": 16,
  "n_epochs": 50,
  "early_stopping_patience": 10,
  "learning_rate": 0.0005,
  "optimizer_weight_decay": 0.0001,
  "use_lr_scheduler": true,
  "lr_min": 1e-06,
  "augmentation_noise_fraction": 0.05,
  "seed": 12,
  "set_seed": true
}
  status:       completed
  elapsed_sec:  264.322
  run_id:       20260519_1536_fae3698f
  artifact_dir: /Users/vadim/Documents/School/Spring 2026/CSCE A698 Individual Research/EEG_JEPA/artifacts/liu2024-source-mat-sjepa-prelocal/20260519_1536_fae3698f

[7/12] Running config override:
{
  "pretrained_mode": "from_pretrained",
  "strategy": "full",
  "warmup_epochs": 5,
  "batch_size": 16,
  "n_epochs": 50,
  "early_stopping_patience": 10,
  "learning_rate": 0.0005,
  "optimizer_weight_decay": 0.0001,
  "use_lr_scheduler": true,
  "lr_min": 1e-06,
  "augmentation_noise_fraction": 0.05,
  "seed": 12,
  "set_seed": true
}
  status:       completed
  elapsed_sec:  425.647
  run_id:       20260519_1541_bac3ae9a
  artifact_dir: /Users/vadim/Documents/School/Spring 2026/CSCE A698 Individual Research/EEG_JEPA/artifacts/liu2024-source-mat-sjepa-prelocal/20260519_1541_bac3ae9a

[8/12] Running config override:
{
  "pretrained_mode": "from_pretrained",
  "strategy": "full",
  "warmup_epochs": 15,
  "batch_size": 16,
  "n_epochs": 50,
  "early_stopping_patience": 10,
  "learning_rate": 0.0005,
  "optimizer_weight_decay": 0.0001,
  "use_lr_scheduler": true,
  "lr_min": 1e-06,
  "augmentation_noise_fraction": 0.05,
  "seed": 12,
  "set_seed": true
}
  status:       completed
  elapsed_sec:  426.74
  run_id:       20260519_1548_25198321
  artifact_dir: /Users/vadim/Documents/School/Spring 2026/CSCE A698 Individual Research/EEG_JEPA/artifacts/liu2024-source-mat-sjepa-prelocal/20260519_1548_25198321

[9/12] Running config override:
{
  "pretrained_mode": "from_pretrained",
  "strategy": "new",
  "batch_size": 16,
  "n_epochs": 50,
  "early_stopping_patience": 10,
  "learning_rate": 0.0005,
  "optimizer_weight_decay": 0.0001,
  "use_lr_scheduler": true,
  "lr_min": 1e-06,
  "augmentation_noise_fraction": 0.05,
  "seed": 12,
  "set_seed": true
}
  status:       completed
  elapsed_sec:  322.89
  run_id:       20260519_1555_a5f916a7
  artifact_dir: /Users/vadim/Documents/School/Spring 2026/CSCE A698 Individual Research/EEG_JEPA/artifacts/liu2024-source-mat-sjepa-prelocal/20260519_1555_a5f916a7

[10/12] Running config override:
{
  "pretrained_mode": "random",
  "strategy": "new",
  "batch_size": 16,
  "n_epochs": 50,
  "early_stopping_patience": 10,
  "learning_rate": 0.0005,
  "optimizer_weight_decay": 0.0001,
  "use_lr_scheduler": true,
  "lr_min": 1e-06,
  "augmentation_noise_fraction": 0.05,
  "seed": 12,
  "set_seed": true
}
  status:       completed
  elapsed_sec:  150.592
  run_id:       20260519_1600_7e7324b3
  artifact_dir: /Users/vadim/Documents/School/Spring 2026/CSCE A698 Individual Research/EEG_JEPA/artifacts/liu2024-source-mat-sjepa-prelocal/20260519_1600_7e7324b3

[11/12] Running config override:
{
  "pretrained_mode": "from_pretrained",
  "strategy": "new",
  "batch_size": 16,
  "n_epochs": 50,
  "early_stopping_patience": 10,
  "learning_rate": 0.0002,
  "optimizer_weight_decay": 0.0001,
  "use_lr_scheduler": true,
  "lr_min": 1e-06,
  "augmentation_noise_fraction": 0.05,
  "seed": 12,
  "set_seed": true
}
  status:       completed
  elapsed_sec:  306.17
  run_id:       20260519_1603_8716f539
  artifact_dir: /Users/vadim/Documents/School/Spring 2026/CSCE A698 Individual Research/EEG_JEPA/artifacts/liu2024-source-mat-sjepa-prelocal/20260519_1603_8716f539

[12/12] Running config override:
{
  "pretrained_mode": "random",
  "strategy": "new",
  "batch_size": 16,
  "n_epochs": 50,
  "early_stopping_patience": 10,
  "learning_rate": 0.0002,
  "optimizer_weight_decay": 0.0001,
  "use_lr_scheduler": true,
  "lr_min": 1e-06,
  "augmentation_noise_fraction": 0.05,
  "seed": 12,
  "set_seed": true
}
  status:       completed
  elapsed_sec:  139.072
  run_id:       20260519_1608_a42866e5
  artifact_dir: /Users/vadim/Documents/School/Spring 2026/CSCE A698 Individual Research/EEG_JEPA/artifacts/liu2024-source-mat-sjepa-prelocal/20260519_1608_a42866e5

Finished.
Results dir:    experiment_results/20260519_1509_liu2024_prelocal_screening_50epoch_c07780f8
Summary JSON:   experiment_results/20260519_1509_liu2024_prelocal_screening_50epoch_c07780f8/results.json
Artifact list:  experiment_results/20260519_1509_liu2024_prelocal_screening_50epoch_c07780f8/artifact_ids.json
