
====================================================================================================
[2026-05-18 12:54:29] Notebook started
====================================================================================================
[2026-05-18 12:54:29] Artifact dir: /Users/vadim/Documents/School/Spring 2026/CSCE A698 Individual Research/EEG_JEPA/src/liu2024_raw_inspection_artifacts/20260518_125429
[2026-05-18 12:54:29] Log path:     /Users/vadim/Documents/School/Spring 2026/CSCE A698 Individual Research/EEG_JEPA/src/liu2024_raw_inspection_artifacts/20260518_125429/liu2024_raw_inspection.log
[2026-05-18 12:54:29] Python:       3.11.15 (main, Apr  9 2026, 01:18:52) [Clang 21.0.0 (clang-2100.0.123.102)]
[2026-05-18 12:54:29] Platform:     macOS-26.2-arm64-arm-64bit

====================================================================================================
[2026-05-18 12:54:29] Imports and package versions
====================================================================================================
[2026-05-18 12:54:29] mne version:        1.11.0
/Users/vadim/Documents/School/Spring 2026/CSCE A698 Individual Research/EEG_JEPA/.venv/lib/python3.11/site-packages/tqdm/auto.py:21: TqdmWarning: IProgress not found. Please update jupyter and ipywidgets. See https://ipywidgets.readthedocs.io/en/stable/user_install.html
  from .autonotebook import tqdm as notebook_tqdm
[2026-05-18 12:54:30] moabb version:      1.4.3
[2026-05-18 12:54:32] braindecode version:1.4.0

====================================================================================================
[2026-05-18 12:54:32] Create Liu2024 dataset object directly from MOABB
====================================================================================================
[2026-05-18 12:54:32] Dataset class:      <class 'moabb.datasets.liu2024.Liu2024'>
[2026-05-18 12:54:32] Dataset repr:       <moabb.datasets.liu2024.Liu2024 object at 0x122a93450>
[2026-05-18 12:54:32] code: Liu2024
[2026-05-18 12:54:32] paradigm: imagery
[2026-05-18 12:54:32] interval: (2, 6)
[2026-05-18 12:54:32] event_id: {'left_hand': 1, 'right_hand': 2}
[2026-05-18 12:54:32] events: {'left_hand': 1, 'right_hand': 2}
[2026-05-18 12:54:32] unit_factor: 1000000.0
[2026-05-18 12:54:32] doi: 10.1038/s41597-023-02787-8
[2026-05-18 12:54:32] subject_list: n=50 values=[1, 2, 3, 4, 5, 6, 7, 8, 9, 10, 11, 12, 13, 14, 15, 16, 17, 18, 19, 20, 21, 22, 23, 24, 25, 26, 27, 28, 29, 30, 31, 32, 33, 34, 35, 36, 37, 38, 39, 40, 41, 42, 43, 44, 45, 46, 47, 48, 49, 50]
[2026-05-18 12:54:32] sessions_per_subject: <missing>
[2026-05-18 12:54:32] Constructor signature: (break_events=False, instr_events=False)
[2026-05-18 12:54:32] Dataset class module: moabb.datasets.liu2024
[2026-05-18 12:54:32] Dataset class file:   /Users/vadim/Documents/School/Spring 2026/CSCE A698 Individual Research/EEG_JEPA/.venv/lib/python3.11/site-packages/moabb/datasets/liu2024.py

====================================================================================================
[2026-05-18 12:54:32] Load raw data using dataset.get_data()
====================================================================================================
[2026-05-18 12:54:32] Subjects to inspect: n=50
[2026-05-18 12:54:32] Subjects: [1, 2, 3, 4, 5, 6, 7, 8, 9, 10, 11, 12, 13, 14, 15, 16, 17, 18, 19, 20, 21, 22, 23, 24, 25, 26, 27, 28, 29, 30, 31, 32, 33, 34, 35, 36, 37, 38, 39, 40, 41, 42, 43, 44, 45, 46, 47, 48, 49, 50]
/Users/vadim/Documents/School/Spring 2026/CSCE A698 Individual Research/EEG_JEPA/.venv/lib/python3.11/site-packages/moabb/datasets/liu2024.py:412: RuntimeWarning: The unit for channel(s) STI has changed from NA to V.
  raw.set_channel_types(mapping)
/Users/vadim/Documents/School/Spring 2026/CSCE A698 Individual Research/EEG_JEPA/.venv/lib/python3.11/site-packages/moabb/datasets/liu2024.py:412: RuntimeWarning: The unit for channel(s) STI has changed from NA to V.
  raw.set_channel_types(mapping)
/Users/vadim/Documents/School/Spring 2026/CSCE A698 Individual Research/EEG_JEPA/.venv/lib/python3.11/site-packages/moabb/datasets/liu2024.py:412: RuntimeWarning: The unit for channel(s) STI has changed from NA to V.
  raw.set_channel_types(mapping)
/Users/vadim/Documents/School/Spring 2026/CSCE A698 Individual Research/EEG_JEPA/.venv/lib/python3.11/site-packages/moabb/datasets/liu2024.py:412: RuntimeWarning: The unit for channel(s) STI has changed from NA to V.
  raw.set_channel_types(mapping)
/Users/vadim/Documents/School/Spring 2026/CSCE A698 Individual Research/EEG_JEPA/.venv/lib/python3.11/site-packages/moabb/datasets/liu2024.py:412: RuntimeWarning: The unit for channel(s) STI has changed from NA to V.
  raw.set_channel_types(mapping)
/Users/vadim/Documents/School/Spring 2026/CSCE A698 Individual Research/EEG_JEPA/.venv/lib/python3.11/site-packages/moabb/datasets/liu2024.py:412: RuntimeWarning: The unit for channel(s) STI has changed from NA to V.
  raw.set_channel_types(mapping)
/Users/vadim/Documents/School/Spring 2026/CSCE A698 Individual Research/EEG_JEPA/.venv/lib/python3.11/site-packages/moabb/datasets/liu2024.py:412: RuntimeWarning: The unit for channel(s) STI has changed from NA to V.
  raw.set_channel_types(mapping)
/Users/vadim/Documents/School/Spring 2026/CSCE A698 Individual Research/EEG_JEPA/.venv/lib/python3.11/site-packages/moabb/datasets/liu2024.py:412: RuntimeWarning: The unit for channel(s) STI has changed from NA to V.
  raw.set_channel_types(mapping)
/Users/vadim/Documents/School/Spring 2026/CSCE A698 Individual Research/EEG_JEPA/.venv/lib/python3.11/site-packages/moabb/datasets/liu2024.py:412: RuntimeWarning: The unit for channel(s) STI has changed from NA to V.
  raw.set_channel_types(mapping)
/Users/vadim/Documents/School/Spring 2026/CSCE A698 Individual Research/EEG_JEPA/.venv/lib/python3.11/site-packages/moabb/datasets/liu2024.py:412: RuntimeWarning: The unit for channel(s) STI has changed from NA to V.
  raw.set_channel_types(mapping)
/Users/vadim/Documents/School/Spring 2026/CSCE A698 Individual Research/EEG_JEPA/.venv/lib/python3.11/site-packages/moabb/datasets/liu2024.py:412: RuntimeWarning: The unit for channel(s) STI has changed from NA to V.
  raw.set_channel_types(mapping)
/Users/vadim/Documents/School/Spring 2026/CSCE A698 Individual Research/EEG_JEPA/.venv/lib/python3.11/site-packages/moabb/datasets/liu2024.py:412: RuntimeWarning: The unit for channel(s) STI has changed from NA to V.
  raw.set_channel_types(mapping)
/Users/vadim/Documents/School/Spring 2026/CSCE A698 Individual Research/EEG_JEPA/.venv/lib/python3.11/site-packages/moabb/datasets/liu2024.py:412: RuntimeWarning: The unit for channel(s) STI has changed from NA to V.
  raw.set_channel_types(mapping)
/Users/vadim/Documents/School/Spring 2026/CSCE A698 Individual Research/EEG_JEPA/.venv/lib/python3.11/site-packages/moabb/datasets/liu2024.py:412: RuntimeWarning: The unit for channel(s) STI has changed from NA to V.
  raw.set_channel_types(mapping)
/Users/vadim/Documents/School/Spring 2026/CSCE A698 Individual Research/EEG_JEPA/.venv/lib/python3.11/site-packages/moabb/datasets/liu2024.py:412: RuntimeWarning: The unit for channel(s) STI has changed from NA to V.
  raw.set_channel_types(mapping)
/Users/vadim/Documents/School/Spring 2026/CSCE A698 Individual Research/EEG_JEPA/.venv/lib/python3.11/site-packages/moabb/datasets/liu2024.py:412: RuntimeWarning: The unit for channel(s) STI has changed from NA to V.
  raw.set_channel_types(mapping)
/Users/vadim/Documents/School/Spring 2026/CSCE A698 Individual Research/EEG_JEPA/.venv/lib/python3.11/site-packages/moabb/datasets/liu2024.py:412: RuntimeWarning: The unit for channel(s) STI has changed from NA to V.
  raw.set_channel_types(mapping)
/Users/vadim/Documents/School/Spring 2026/CSCE A698 Individual Research/EEG_JEPA/.venv/lib/python3.11/site-packages/moabb/datasets/liu2024.py:412: RuntimeWarning: The unit for channel(s) STI has changed from NA to V.
  raw.set_channel_types(mapping)
/Users/vadim/Documents/School/Spring 2026/CSCE A698 Individual Research/EEG_JEPA/.venv/lib/python3.11/site-packages/moabb/datasets/liu2024.py:412: RuntimeWarning: The unit for channel(s) STI has changed from NA to V.
  raw.set_channel_types(mapping)
/Users/vadim/Documents/School/Spring 2026/CSCE A698 Individual Research/EEG_JEPA/.venv/lib/python3.11/site-packages/moabb/datasets/liu2024.py:412: RuntimeWarning: The unit for channel(s) STI has changed from NA to V.
  raw.set_channel_types(mapping)
/Users/vadim/Documents/School/Spring 2026/CSCE A698 Individual Research/EEG_JEPA/.venv/lib/python3.11/site-packages/moabb/datasets/liu2024.py:412: RuntimeWarning: The unit for channel(s) STI has changed from NA to V.
  raw.set_channel_types(mapping)
/Users/vadim/Documents/School/Spring 2026/CSCE A698 Individual Research/EEG_JEPA/.venv/lib/python3.11/site-packages/moabb/datasets/liu2024.py:412: RuntimeWarning: The unit for channel(s) STI has changed from NA to V.
  raw.set_channel_types(mapping)
/Users/vadim/Documents/School/Spring 2026/CSCE A698 Individual Research/EEG_JEPA/.venv/lib/python3.11/site-packages/moabb/datasets/liu2024.py:412: RuntimeWarning: The unit for channel(s) STI has changed from NA to V.
  raw.set_channel_types(mapping)
/Users/vadim/Documents/School/Spring 2026/CSCE A698 Individual Research/EEG_JEPA/.venv/lib/python3.11/site-packages/moabb/datasets/liu2024.py:412: RuntimeWarning: The unit for channel(s) STI has changed from NA to V.
  raw.set_channel_types(mapping)
/Users/vadim/Documents/School/Spring 2026/CSCE A698 Individual Research/EEG_JEPA/.venv/lib/python3.11/site-packages/moabb/datasets/liu2024.py:412: RuntimeWarning: The unit for channel(s) STI has changed from NA to V.
  raw.set_channel_types(mapping)
/Users/vadim/Documents/School/Spring 2026/CSCE A698 Individual Research/EEG_JEPA/.venv/lib/python3.11/site-packages/moabb/datasets/liu2024.py:412: RuntimeWarning: The unit for channel(s) STI has changed from NA to V.
  raw.set_channel_types(mapping)
/Users/vadim/Documents/School/Spring 2026/CSCE A698 Individual Research/EEG_JEPA/.venv/lib/python3.11/site-packages/moabb/datasets/liu2024.py:412: RuntimeWarning: The unit for channel(s) STI has changed from NA to V.
  raw.set_channel_types(mapping)
/Users/vadim/Documents/School/Spring 2026/CSCE A698 Individual Research/EEG_JEPA/.venv/lib/python3.11/site-packages/moabb/datasets/liu2024.py:412: RuntimeWarning: The unit for channel(s) STI has changed from NA to V.
  raw.set_channel_types(mapping)
/Users/vadim/Documents/School/Spring 2026/CSCE A698 Individual Research/EEG_JEPA/.venv/lib/python3.11/site-packages/moabb/datasets/liu2024.py:412: RuntimeWarning: The unit for channel(s) STI has changed from NA to V.
  raw.set_channel_types(mapping)
/Users/vadim/Documents/School/Spring 2026/CSCE A698 Individual Research/EEG_JEPA/.venv/lib/python3.11/site-packages/moabb/datasets/liu2024.py:412: RuntimeWarning: The unit for channel(s) STI has changed from NA to V.
  raw.set_channel_types(mapping)
/Users/vadim/Documents/School/Spring 2026/CSCE A698 Individual Research/EEG_JEPA/.venv/lib/python3.11/site-packages/moabb/datasets/liu2024.py:412: RuntimeWarning: The unit for channel(s) STI has changed from NA to V.
  raw.set_channel_types(mapping)
/Users/vadim/Documents/School/Spring 2026/CSCE A698 Individual Research/EEG_JEPA/.venv/lib/python3.11/site-packages/moabb/datasets/liu2024.py:412: RuntimeWarning: The unit for channel(s) STI has changed from NA to V.
  raw.set_channel_types(mapping)
/Users/vadim/Documents/School/Spring 2026/CSCE A698 Individual Research/EEG_JEPA/.venv/lib/python3.11/site-packages/moabb/datasets/liu2024.py:412: RuntimeWarning: The unit for channel(s) STI has changed from NA to V.
  raw.set_channel_types(mapping)
/Users/vadim/Documents/School/Spring 2026/CSCE A698 Individual Research/EEG_JEPA/.venv/lib/python3.11/site-packages/moabb/datasets/liu2024.py:412: RuntimeWarning: The unit for channel(s) STI has changed from NA to V.
  raw.set_channel_types(mapping)
/Users/vadim/Documents/School/Spring 2026/CSCE A698 Individual Research/EEG_JEPA/.venv/lib/python3.11/site-packages/moabb/datasets/liu2024.py:412: RuntimeWarning: The unit for channel(s) STI has changed from NA to V.
  raw.set_channel_types(mapping)
/Users/vadim/Documents/School/Spring 2026/CSCE A698 Individual Research/EEG_JEPA/.venv/lib/python3.11/site-packages/moabb/datasets/liu2024.py:412: RuntimeWarning: The unit for channel(s) STI has changed from NA to V.
  raw.set_channel_types(mapping)
/Users/vadim/Documents/School/Spring 2026/CSCE A698 Individual Research/EEG_JEPA/.venv/lib/python3.11/site-packages/moabb/datasets/liu2024.py:412: RuntimeWarning: The unit for channel(s) STI has changed from NA to V.
  raw.set_channel_types(mapping)
/Users/vadim/Documents/School/Spring 2026/CSCE A698 Individual Research/EEG_JEPA/.venv/lib/python3.11/site-packages/moabb/datasets/liu2024.py:412: RuntimeWarning: The unit for channel(s) STI has changed from NA to V.
  raw.set_channel_types(mapping)
/Users/vadim/Documents/School/Spring 2026/CSCE A698 Individual Research/EEG_JEPA/.venv/lib/python3.11/site-packages/moabb/datasets/liu2024.py:412: RuntimeWarning: The unit for channel(s) STI has changed from NA to V.
  raw.set_channel_types(mapping)
/Users/vadim/Documents/School/Spring 2026/CSCE A698 Individual Research/EEG_JEPA/.venv/lib/python3.11/site-packages/moabb/datasets/liu2024.py:412: RuntimeWarning: The unit for channel(s) STI has changed from NA to V.
  raw.set_channel_types(mapping)
/Users/vadim/Documents/School/Spring 2026/CSCE A698 Individual Research/EEG_JEPA/.venv/lib/python3.11/site-packages/moabb/datasets/liu2024.py:412: RuntimeWarning: The unit for channel(s) STI has changed from NA to V.
  raw.set_channel_types(mapping)
/Users/vadim/Documents/School/Spring 2026/CSCE A698 Individual Research/EEG_JEPA/.venv/lib/python3.11/site-packages/moabb/datasets/liu2024.py:412: RuntimeWarning: The unit for channel(s) STI has changed from NA to V.
  raw.set_channel_types(mapping)
/Users/vadim/Documents/School/Spring 2026/CSCE A698 Individual Research/EEG_JEPA/.venv/lib/python3.11/site-packages/moabb/datasets/liu2024.py:412: RuntimeWarning: The unit for channel(s) STI has changed from NA to V.
  raw.set_channel_types(mapping)
/Users/vadim/Documents/School/Spring 2026/CSCE A698 Individual Research/EEG_JEPA/.venv/lib/python3.11/site-packages/moabb/datasets/liu2024.py:412: RuntimeWarning: The unit for channel(s) STI has changed from NA to V.
  raw.set_channel_types(mapping)
/Users/vadim/Documents/School/Spring 2026/CSCE A698 Individual Research/EEG_JEPA/.venv/lib/python3.11/site-packages/moabb/datasets/liu2024.py:412: RuntimeWarning: The unit for channel(s) STI has changed from NA to V.
  raw.set_channel_types(mapping)
/Users/vadim/Documents/School/Spring 2026/CSCE A698 Individual Research/EEG_JEPA/.venv/lib/python3.11/site-packages/moabb/datasets/liu2024.py:412: RuntimeWarning: The unit for channel(s) STI has changed from NA to V.
  raw.set_channel_types(mapping)
/Users/vadim/Documents/School/Spring 2026/CSCE A698 Individual Research/EEG_JEPA/.venv/lib/python3.11/site-packages/moabb/datasets/liu2024.py:412: RuntimeWarning: The unit for channel(s) STI has changed from NA to V.
  raw.set_channel_types(mapping)
/Users/vadim/Documents/School/Spring 2026/CSCE A698 Individual Research/EEG_JEPA/.venv/lib/python3.11/site-packages/moabb/datasets/liu2024.py:412: RuntimeWarning: The unit for channel(s) STI has changed from NA to V.
  raw.set_channel_types(mapping)
/Users/vadim/Documents/School/Spring 2026/CSCE A698 Individual Research/EEG_JEPA/.venv/lib/python3.11/site-packages/moabb/datasets/liu2024.py:412: RuntimeWarning: The unit for channel(s) STI has changed from NA to V.
  raw.set_channel_types(mapping)
/Users/vadim/Documents/School/Spring 2026/CSCE A698 Individual Research/EEG_JEPA/.venv/lib/python3.11/site-packages/moabb/datasets/liu2024.py:412: RuntimeWarning: The unit for channel(s) STI has changed from NA to V.
  raw.set_channel_types(mapping)
[2026-05-18 12:54:58] Loaded data object from MOABB.
[2026-05-18 12:54:58] Top-level type: <class 'dict'>
[2026-05-18 12:54:58] Top-level keys/sample: [1, 2, 3, 4, 5, 6, 7, 8, 9, 10]

====================================================================================================
[2026-05-18 12:54:58] Flatten subject/session/run/raw structure
====================================================================================================
[2026-05-18 12:54:58] Flattened recordings/runs: n=50
[2026-05-18 12:54:58] Example raw[0]: subject=1, session=0, run=0, type=<class 'mne.io.edf.edf.RawEDF'>, n_times=160000, sfreq=500.0
[2026-05-18 12:54:58] Example raw[1]: subject=2, session=0, run=0, type=<class 'mne.io.edf.edf.RawEDF'>, n_times=160000, sfreq=500.0
[2026-05-18 12:54:58] Example raw[2]: subject=3, session=0, run=0, type=<class 'mne.io.edf.edf.RawEDF'>, n_times=160000, sfreq=500.0
[2026-05-18 12:54:58] Example raw[3]: subject=4, session=0, run=0, type=<class 'mne.io.edf.edf.RawEDF'>, n_times=160000, sfreq=500.0
[2026-05-18 12:54:58] Example raw[4]: subject=5, session=0, run=0, type=<class 'mne.io.edf.edf.RawEDF'>, n_times=160000, sfreq=500.0
[2026-05-18 12:54:58] Example raw[5]: subject=6, session=0, run=0, type=<class 'mne.io.edf.edf.RawEDF'>, n_times=160000, sfreq=500.0
[2026-05-18 12:54:58] Example raw[6]: subject=7, session=0, run=0, type=<class 'mne.io.edf.edf.RawEDF'>, n_times=160000, sfreq=500.0
[2026-05-18 12:54:58] Example raw[7]: subject=8, session=0, run=0, type=<class 'mne.io.edf.edf.RawEDF'>, n_times=160000, sfreq=500.0
[2026-05-18 12:54:58] Example raw[8]: subject=9, session=0, run=0, type=<class 'mne.io.edf.edf.RawEDF'>, n_times=160000, sfreq=500.0
[2026-05-18 12:54:58] Example raw[9]: subject=10, session=0, run=0, type=<class 'mne.io.edf.edf.RawEDF'>, n_times=160000, sfreq=500.0

====================================================================================================
[2026-05-18 12:54:58] Raw recording summary: sampling rate, duration, channels, annotations
====================================================================================================
[2026-05-18 12:54:58] Recording summary saved to recording_summary.csv
[2026-05-18 12:54:58] 
subject session run  sfreq  n_times  duration_s  n_channels                   ch_type_counts  n_annotations annotation_descriptions  first_time                 meas_date line_freq  highpass  lowpass
      1       0   0  500.0   160000       320.0          32 {'eeg': 29, 'eog': 2, 'stim': 1}             39 [left_hand, right_hand]         0.0 2022-12-01 18:58:12+00:00      None       0.0    250.0
      2       0   0  500.0   160000       320.0          32 {'eeg': 29, 'eog': 2, 'stim': 1}             39 [left_hand, right_hand]         0.0 2022-12-01 18:58:15+00:00      None       0.0    250.0
      3       0   0  500.0   160000       320.0          32 {'eeg': 29, 'eog': 2, 'stim': 1}             39 [left_hand, right_hand]         0.0 2022-12-01 18:58:18+00:00      None       0.0    250.0
      4       0   0  500.0   160000       320.0          32 {'eeg': 29, 'eog': 2, 'stim': 1}             39 [left_hand, right_hand]         0.0 2022-12-01 18:58:21+00:00      None       0.0    250.0
      5       0   0  500.0   160000       320.0          32 {'eeg': 29, 'eog': 2, 'stim': 1}             39 [left_hand, right_hand]         0.0 2022-12-01 18:58:23+00:00      None       0.0    250.0
      6       0   0  500.0   160000       320.0          32 {'eeg': 29, 'eog': 2, 'stim': 1}             39 [left_hand, right_hand]         0.0 2022-12-01 18:58:26+00:00      None       0.0    250.0
      7       0   0  500.0   160000       320.0          32 {'eeg': 29, 'eog': 2, 'stim': 1}             39 [left_hand, right_hand]         0.0 2022-12-01 18:58:29+00:00      None       0.0    250.0
      8       0   0  500.0   160000       320.0          32 {'eeg': 29, 'eog': 2, 'stim': 1}             39 [left_hand, right_hand]         0.0 2022-12-01 18:58:31+00:00      None       0.0    250.0
      9       0   0  500.0   160000       320.0          32 {'eeg': 29, 'eog': 2, 'stim': 1}             39 [left_hand, right_hand]         0.0 2022-12-01 18:58:35+00:00      None       0.0    250.0
     10       0   0  500.0   160000       320.0          32 {'eeg': 29, 'eog': 2, 'stim': 1}             39 [left_hand, right_hand]         0.0 2022-12-01 18:58:38+00:00      None       0.0    250.0
     11       0   0  500.0   160000       320.0          32 {'eeg': 29, 'eog': 2, 'stim': 1}             39 [left_hand, right_hand]         0.0 2022-12-01 18:58:41+00:00      None       0.0    250.0
     12       0   0  500.0   160000       320.0          32 {'eeg': 29, 'eog': 2, 'stim': 1}             39 [left_hand, right_hand]         0.0 2022-12-01 18:58:43+00:00      None       0.0    250.0
     13       0   0  500.0   160000       320.0          32 {'eeg': 29, 'eog': 2, 'stim': 1}             39 [left_hand, right_hand]         0.0 2022-12-01 18:58:46+00:00      None       0.0    250.0
     14       0   0  500.0   160000       320.0          32 {'eeg': 29, 'eog': 2, 'stim': 1}             39 [left_hand, right_hand]         0.0 2022-12-01 18:58:48+00:00      None       0.0    250.0
     15       0   0  500.0   160000       320.0          32 {'eeg': 29, 'eog': 2, 'stim': 1}             39 [left_hand, right_hand]         0.0 2022-12-01 18:58:51+00:00      None       0.0    250.0
     16       0   0  500.0   160000       320.0          32 {'eeg': 29, 'eog': 2, 'stim': 1}             39 [left_hand, right_hand]         0.0 2022-12-01 18:58:54+00:00      None       0.0    250.0
     17       0   0  500.0   160000       320.0          32 {'eeg': 29, 'eog': 2, 'stim': 1}             39 [left_hand, right_hand]         0.0 2022-12-01 18:58:56+00:00      None       0.0    250.0
     18       0   0  500.0   160000       320.0          32 {'eeg': 29, 'eog': 2, 'stim': 1}             39 [left_hand, right_hand]         0.0 2022-12-01 18:58:59+00:00      None       0.0    250.0
     19       0   0  500.0   160000       320.0          32 {'eeg': 29, 'eog': 2, 'stim': 1}             39 [left_hand, right_hand]         0.0 2022-12-01 18:59:02+00:00      None       0.0    250.0
     20       0   0  500.0   160000       320.0          32 {'eeg': 29, 'eog': 2, 'stim': 1}             39 [left_hand, right_hand]         0.0 2022-12-01 18:59:05+00:00      None       0.0    250.0
[2026-05-18 12:54:58] 
Summary by subject:
[2026-05-18 12:54:58] 
subject  n_recordings  min_sfreq  max_sfreq  min_channels  max_channels  total_annotations  total_duration_s
      1             1      500.0      500.0            32            32                 39             320.0
     10             1      500.0      500.0            32            32                 39             320.0
     11             1      500.0      500.0            32            32                 39             320.0
     12             1      500.0      500.0            32            32                 39             320.0
     13             1      500.0      500.0            32            32                 39             320.0
     14             1      500.0      500.0            32            32                 39             320.0
     15             1      500.0      500.0            32            32                 39             320.0
     16             1      500.0      500.0            32            32                 39             320.0
     17             1      500.0      500.0            32            32                 39             320.0
     18             1      500.0      500.0            32            32                 39             320.0
     19             1      500.0      500.0            32            32                 39             320.0
      2             1      500.0      500.0            32            32                 39             320.0
     20             1      500.0      500.0            32            32                 39             320.0
     21             1      500.0      500.0            32            32                 39             320.0
     22             1      500.0      500.0            32            32                 39             320.0
     23             1      500.0      500.0            32            32                 39             320.0
     24             1      500.0      500.0            32            32                 39             320.0
     25             1      500.0      500.0            32            32                 39             320.0
     26             1      500.0      500.0            32            32                 39             320.0
     27             1      500.0      500.0            32            32                 39             320.0
     28             1      500.0      500.0            32            32                 39             320.0
     29             1      500.0      500.0            32            32                 39             320.0
      3             1      500.0      500.0            32            32                 39             320.0
     30             1      500.0      500.0            32            32                 39             320.0
     31             1      500.0      500.0            32            32                 39             320.0
     32             1      500.0      500.0            32            32                 39             320.0
     33             1      500.0      500.0            32            32                 39             320.0
     34             1      500.0      500.0            32            32                 39             320.0
     35             1      500.0      500.0            32            32                 39             320.0
     36             1      500.0      500.0            32            32                 39             320.0
     37             1      500.0      500.0            32            32                 39             320.0
     38             1      500.0      500.0            32            32                 39             320.0
     39             1      500.0      500.0            32            32                 39             320.0
      4             1      500.0      500.0            32            32                 39             320.0
     40             1      500.0      500.0            32            32                 39             320.0
     41             1      500.0      500.0            32            32                 39             320.0
     42             1      500.0      500.0            32            32                 39             320.0
     43             1      500.0      500.0            32            32                 39             320.0
     44             1      500.0      500.0            32            32                 39             320.0
     45             1      500.0      500.0            32            32                 39             320.0
     46             1      500.0      500.0            32            32                 39             320.0
     47             1      500.0      500.0            32            32                 39             320.0
     48             1      500.0      500.0            32            32                 39             320.0
     49             1      500.0      500.0            32            32                 39             320.0
      5             1      500.0      500.0            32            32                 39             320.0
     50             1      500.0      500.0            32            32                 39             320.0
      6             1      500.0      500.0            32            32                 39             320.0
      7             1      500.0      500.0            32            32                 39             320.0
      8             1      500.0      500.0            32            32                 39             320.0
      9             1      500.0      500.0            32            32                 39             320.0

====================================================================================================
[2026-05-18 12:54:58] Channel inspection
====================================================================================================
[2026-05-18 12:54:58] First raw subject/session/run: 1 / 0 / 0
[2026-05-18 12:54:58] Number of channels: 32
[2026-05-18 12:54:58] Channel names:
['FP1', 'FP2', 'Fz', 'F3', 'F4', 'F7', 'F8', 'FCz', 'FC3', 'FC4', 'FT7', 'FT8', 'Cz', 'C3', 'C4', 'T3', 'T4', 'CP3', 'CP4', 'TP7', 'TP8', 'Pz', 'P3', 'P4', 'T5', 'T6', 'Oz', 'O1', 'O2', 'HEOL', 'VEOR', 'STIM']
[2026-05-18 12:54:58] 
Channel types:
Counter({'eeg': 29, 'eog': 2, 'stim': 1})
[2026-05-18 12:54:58] 
Digitization points present: True, n=32
[2026-05-18 12:54:58] Montage from raw.get_montage(): <DigMontage | 0 extras (headshape), 0 HPIs, 3 fiducials, 29 channels>
[2026-05-18 12:54:58] Montage channel positions: n=29
['FP1', 'FP2', 'Fz', 'F3', 'F4', 'F7', 'F8', 'FCz', 'FC3', 'FC4', 'FT7', 'FT8', 'Cz', 'C3', 'C4', 'T3', 'T4', 'CP3', 'CP4', 'TP7', 'TP8', 'Pz', 'P3', 'P4', 'T5', 'T6', 'Oz', 'O1', 'O2']
[2026-05-18 12:54:58] 
Unique channel-name/order layouts: 1
[2026-05-18 12:54:58] Layout 1: count=50, n_channels=32
['FP1', 'FP2', 'Fz', 'F3', 'F4', 'F7', 'F8', 'FCz', 'FC3', 'FC4', 'FT7', 'FT8', 'Cz', 'C3', 'C4', 'T3', 'T4', 'CP3', 'CP4', 'TP7', 'TP8', 'Pz', 'P3', 'P4', 'T5', 'T6', 'Oz', 'O1', 'O2', 'HEOL', 'VEOR', 'STIM']

====================================================================================================
[2026-05-18 12:54:58] Annotation table: every annotation from every raw recording
====================================================================================================
[2026-05-18 12:54:58] Total annotations: 1950
[2026-05-18 12:54:58] Annotation descriptions and counts:
description
left_hand     1000
right_hand     950
[2026-05-18 12:54:58] 
Annotation duration summary by description:
description    n  min_duration_s  median_duration_s  max_duration_s  min_duration_samples_floor  median_duration_samples_floor  max_duration_samples_floor  min_duration_samples_round  median_duration_samples_round  max_duration_samples_round
  left_hand 1000             4.0                4.0             4.0                        2000                         2000.0                        2000                        2000                         2000.0                        2000
 right_hand  950             4.0                4.0             4.0                        2000                         2000.0                        2000                        2000                         2000.0                        2000
[2026-05-18 12:54:58] 
First 50 annotations sorted by subject/session/run/onset:
subject session run recording_key  annotation_index description  onset_s  duration_s  onset_sample_floor  onset_sample_round  duration_samples_floor  duration_samples_round  sfreq
      1       0   0       1::0::0                 0   left_hand    4.006         4.0                2003                2003                    2000                    2000  500.0
      1       0   0       1::0::0                 1  right_hand    8.010         4.0                4005                4005                    2000                    2000  500.0
      1       0   0       1::0::0                 2   left_hand   10.000         4.0                5000                5000                    2000                    2000  500.0
      1       0   0       1::0::0                 3  right_hand   12.004         4.0                6002                6002                    2000                    2000  500.0
      1       0   0       1::0::0                 4   left_hand   16.006         4.0                8003                8003                    2000                    2000  500.0
      1       0   0       1::0::0                 5  right_hand   18.000         4.0                9000                9000                    2000                    2000  500.0
      1       0   0       1::0::0                 6   left_hand   20.004         4.0               10002               10002                    2000                    2000  500.0
      1       0   0       1::0::0                 7  right_hand   24.004         4.0               12002               12002                    2000                    2000  500.0
      1       0   0       1::0::0                 8   left_hand   26.000         4.0               13000               13000                    2000                    2000  500.0
      1       0   0       1::0::0                 9  right_hand   28.006         4.0               14003               14003                    2000                    2000  500.0
      1       0   0       1::0::0                10   left_hand   32.008         4.0               16004               16004                    2000                    2000  500.0
      1       0   0       1::0::0                11  right_hand   34.000         4.0               17000               17000                    2000                    2000  500.0
      1       0   0       1::0::0                12   left_hand   36.006         4.0               18003               18003                    2000                    2000  500.0
      1       0   0       1::0::0                13  right_hand   40.010         4.0               20005               20005                    2000                    2000  500.0
      1       0   0       1::0::0                14   left_hand   42.000         4.0               21000               21000                    2000                    2000  500.0
      1       0   0       1::0::0                15  right_hand   44.006         4.0               22003               22003                    2000                    2000  500.0
      1       0   0       1::0::0                16   left_hand   48.010         4.0               24005               24005                    2000                    2000  500.0
      1       0   0       1::0::0                17  right_hand   50.000         4.0               25000               25000                    2000                    2000  500.0
      1       0   0       1::0::0                18   left_hand   52.006         4.0               26003               26003                    2000                    2000  500.0
      1       0   0       1::0::0                19  right_hand   56.006         4.0               28003               28003                    2000                    2000  500.0
      1       0   0       1::0::0                20   left_hand   58.000         4.0               29000               29000                    2000                    2000  500.0
      1       0   0       1::0::0                21  right_hand   60.006         4.0               30003               30003                    2000                    2000  500.0
      1       0   0       1::0::0                22   left_hand   64.006         4.0               32003               32003                    2000                    2000  500.0
      1       0   0       1::0::0                23  right_hand   66.000         4.0               33000               33000                    2000                    2000  500.0
      1       0   0       1::0::0                24   left_hand   68.006         4.0               34003               34003                    2000                    2000  500.0
      1       0   0       1::0::0                25  right_hand   72.010         4.0               36005               36005                    2000                    2000  500.0
      1       0   0       1::0::0                26   left_hand   74.000         4.0               37000               37000                    2000                    2000  500.0
      1       0   0       1::0::0                27  right_hand   76.006         4.0               38003               38003                    2000                    2000  500.0
      1       0   0       1::0::0                28   left_hand   80.010         4.0               40005               40005                    2000                    2000  500.0
      1       0   0       1::0::0                29  right_hand   82.000         4.0               41000               41000                    2000                    2000  500.0
      1       0   0       1::0::0                30   left_hand   84.008         4.0               42004               42004                    2000                    2000  500.0
      1       0   0       1::0::0                31  right_hand   88.012         4.0               44006               44006                    2000                    2000  500.0
      1       0   0       1::0::0                32   left_hand   90.000         4.0               45000               45000                    2000                    2000  500.0
      1       0   0       1::0::0                33  right_hand   92.006         4.0               46003               46003                    2000                    2000  500.0
      1       0   0       1::0::0                34   left_hand   96.006         4.0               48003               48003                    2000                    2000  500.0
      1       0   0       1::0::0                35  right_hand   98.000         4.0               49000               49000                    2000                    2000  500.0
      1       0   0       1::0::0                36   left_hand  100.006         4.0               50003               50003                    2000                    2000  500.0
      1       0   0       1::0::0                37  right_hand  104.006         4.0               52003               52003                    2000                    2000  500.0
      1       0   0       1::0::0                38   left_hand  106.000         4.0               53000               53000                    2000                    2000  500.0
     10       0   0      10::0::0                 0   left_hand    4.008         4.0                2004                2004                    2000                    2000  500.0
     10       0   0      10::0::0                 1  right_hand    8.008         4.0                4003                4004                    2000                    2000  500.0
     10       0   0      10::0::0                 2   left_hand   10.000         4.0                5000                5000                    2000                    2000  500.0
     10       0   0      10::0::0                 3  right_hand   12.004         4.0                6002                6002                    2000                    2000  500.0
     10       0   0      10::0::0                 4   left_hand   16.006         4.0                8003                8003                    2000                    2000  500.0
     10       0   0      10::0::0                 5  right_hand   18.000         4.0                9000                9000                    2000                    2000  500.0
     10       0   0      10::0::0                 6   left_hand   20.006         4.0               10003               10003                    2000                    2000  500.0
     10       0   0      10::0::0                 7  right_hand   24.006         4.0               12003               12003                    2000                    2000  500.0
     10       0   0      10::0::0                 8   left_hand   26.000         4.0               13000               13000                    2000                    2000  500.0
     10       0   0      10::0::0                 9  right_hand   28.006         4.0               14003               14003                    2000                    2000  500.0
     10       0   0      10::0::0                10   left_hand   32.008         4.0               16004               16004                    2000                    2000  500.0

====================================================================================================
[2026-05-18 12:54:59] Annotation onset-gap inspection
====================================================================================================
[2026-05-18 12:54:59] Total consecutive annotation gaps: 1900
[2026-05-18 12:54:59] Overall onset-gap summary:
count    1900.000000
mean        2.679716
std         0.960889
min         0.002000
1%          1.976000
5%          1.978000
10%         1.980000
25%         1.992000
50%         2.006000
75%         4.000000
90%         4.004000
95%         4.004000
99%         4.004000
max         4.004000
[2026-05-18 12:54:59] 
Gap summary by transition description:
from_description to_description   n  min_gap_s  median_gap_s  max_gap_s  n_annotation_overlaps  median_annotation_overlap_s  max_annotation_overlap_s
       left_hand     right_hand 950      0.002         2.016      4.004                    602                        1.984                     3.998
      right_hand      left_hand 950      0.040         2.006      4.004                    657                        1.994                     3.960
[2026-05-18 12:54:59] 
Shortest 50 gaps:
recording_key subject session run from_description to_description  from_onset_s  to_onset_s  gap_s  from_duration_s  from_end_s  annotation_overlap_s
     29::0::0      29       0   0        left_hand     right_hand        66.000      66.002  0.002              4.0      70.000                 3.998
     29::0::0      29       0   0        left_hand     right_hand        42.000      42.002  0.002              4.0      46.000                 3.998
     20::0::0      20       0   0       right_hand      left_hand        40.004      40.044  0.040              4.0      44.004                 3.960
      6::0::0       6       0   0       right_hand      left_hand        40.936      42.000  1.064              4.0      44.936                 2.936
      6::0::0       6       0   0        left_hand     right_hand        64.914      66.000  1.086              4.0      68.914                 2.914
      6::0::0       6       0   0        left_hand     right_hand        96.902      98.000  1.098              4.0     100.902                 2.902
      6::0::0       6       0   0       right_hand      left_hand        24.896      26.000  1.104              4.0      28.896                 2.896
      6::0::0       6       0   0       right_hand      left_hand        72.896      74.000  1.104              4.0      76.896                 2.896
      6::0::0       6       0   0       right_hand      left_hand       104.884     106.000  1.116              4.0     108.884                 2.884
      6::0::0       6       0   0       right_hand      left_hand        88.852      90.000  1.148              4.0      92.852                 2.852
      6::0::0       6       0   0        left_hand     right_hand        32.852      34.000  1.148              4.0      36.852                 2.852
      6::0::0       6       0   0       right_hand      left_hand        56.826      58.000  1.174              4.0      60.826                 2.826
      6::0::0       6       0   0        left_hand     right_hand        80.826      82.000  1.174              4.0      84.826                 2.826
      6::0::0       6       0   0        left_hand     right_hand        48.820      50.000  1.180              4.0      52.820                 2.820
      6::0::0       6       0   0        left_hand     right_hand        16.716      18.000  1.284              4.0      20.716                 2.716
     20::0::0      20       0   0        left_hand     right_hand        40.044      42.000  1.956              4.0      44.044                 2.044
     28::0::0      28       0   0        left_hand     right_hand        16.024      18.000  1.976              4.0      20.024                 2.024
     41::0::0      41       0   0       right_hand      left_hand        88.024      90.000  1.976              4.0      92.024                 2.024
     41::0::0      41       0   0       right_hand      left_hand        24.024      26.000  1.976              4.0      28.024                 2.024
     28::0::0      28       0   0       right_hand      left_hand        72.024      74.000  1.976              4.0      76.024                 2.024
     16::0::0      16       0   0        left_hand     right_hand        96.024      98.000  1.976              4.0     100.024                 2.024
     16::0::0      16       0   0        left_hand     right_hand        80.024      82.000  1.976              4.0      84.024                 2.024
     38::0::0      38       0   0       right_hand      left_hand        88.024      90.000  1.976              4.0      92.024                 2.024
     41::0::0      41       0   0       right_hand      left_hand        40.024      42.000  1.976              4.0      44.024                 2.024
     41::0::0      41       0   0        left_hand     right_hand        96.024      98.000  1.976              4.0     100.024                 2.024
     36::0::0      36       0   0       right_hand      left_hand        56.024      58.000  1.976              4.0      60.024                 2.024
     26::0::0      26       0   0        left_hand     right_hand        96.024      98.000  1.976              4.0     100.024                 2.024
     47::0::0      47       0   0        left_hand     right_hand        96.024      98.000  1.976              4.0     100.024                 2.024
     47::0::0      47       0   0        left_hand     right_hand        64.024      66.000  1.976              4.0      68.024                 2.024
     47::0::0      47       0   0       right_hand      left_hand        56.024      58.000  1.976              4.0      60.024                 2.024
     47::0::0      47       0   0        left_hand     right_hand        32.024      34.000  1.976              4.0      36.024                 2.024
     47::0::0      47       0   0       right_hand      left_hand        24.024      26.000  1.976              4.0      28.024                 2.024
     26::0::0      26       0   0       right_hand      left_hand        40.024      42.000  1.976              4.0      44.024                 2.024
     26::0::0      26       0   0        left_hand     right_hand        48.024      50.000  1.976              4.0      52.024                 2.024
     42::0::0      42       0   0       right_hand      left_hand       104.024     106.000  1.976              4.0     108.024                 2.024
     42::0::0      42       0   0        left_hand     right_hand        96.024      98.000  1.976              4.0     100.024                 2.024
     26::0::0      26       0   0        left_hand     right_hand        80.024      82.000  1.976              4.0      84.024                 2.024
     42::0::0      42       0   0       right_hand      left_hand        72.024      74.000  1.976              4.0      76.024                 2.024
     42::0::0      42       0   0       right_hand      left_hand        56.024      58.000  1.976              4.0      60.024                 2.024
     42::0::0      42       0   0       right_hand      left_hand        40.024      42.000  1.976              4.0      44.024                 2.024
     42::0::0      42       0   0        left_hand     right_hand        32.024      34.000  1.976              4.0      36.024                 2.024
     42::0::0      42       0   0        left_hand     right_hand        16.024      18.000  1.976              4.0      20.024                 2.024
     41::0::0      41       0   0       right_hand      left_hand       104.024     106.000  1.976              4.0     108.024                 2.024
     38::0::0      38       0   0        left_hand     right_hand        80.024      82.000  1.976              4.0      84.024                 2.024
     36::0::0      36       0   0       right_hand      left_hand        88.024      90.000  1.976              4.0      92.024                 2.024
     37::0::0      37       0   0       right_hand      left_hand        88.024      90.000  1.976              4.0      92.024                 2.024
     31::0::0      31       0   0       right_hand      left_hand        24.024      26.000  1.976              4.0      28.024                 2.024
     31::0::0      31       0   0        left_hand     right_hand        16.024      18.000  1.976              4.0      20.024                 2.024
     31::0::0      31       0   0        left_hand     right_hand        96.024      98.000  1.976              4.0     100.024                 2.024
     30::0::0      30       0   0        left_hand     right_hand        96.024      98.000  1.976              4.0     100.024                 2.024

====================================================================================================
[2026-05-18 12:54:59] Motor-label focused timing inspection
====================================================================================================
[2026-05-18 12:54:59] Candidate motor labels: ['left_hand', 'right_hand']
[2026-05-18 12:54:59] Motor-candidate annotations: 1950
[2026-05-18 12:54:59] Motor-candidate counts:
description
left_hand     1000
right_hand     950
[2026-05-18 12:54:59] 
Subject x motor-label counts:
subject  left_hand  right_hand
      1         20          19
     10         20          19
     11         20          19
     12         20          19
     13         20          19
     14         20          19
     15         20          19
     16         20          19
     17         20          19
     18         20          19
     19         20          19
      2         20          19
     20         20          19
     21         20          19
     22         20          19
     23         20          19
     24         20          19
     25         20          19
     26         20          19
     27         20          19
     28         20          19
     29         20          19
      3         20          19
     30         20          19
     31         20          19
     32         20          19
     33         20          19
     34         20          19
     35         20          19
     36         20          19
     37         20          19
     38         20          19
     39         20          19
      4         20          19
     40         20          19
     41         20          19
     42         20          19
     43         20          19
     44         20          19
     45         20          19
     46         20          19
     47         20          19
     48         20          19
     49         20          19
      5         20          19
     50         20          19
      6         20          19
      7         20          19
      8         20          19
      9         20          19

====================================================================================================
[2026-05-18 12:54:59] Would 512 / 536 / 537-sample windows overlap neighboring motor annotations?
====================================================================================================
[2026-05-18 12:54:59] Window overlap summary:
 window_samples  n_pairs  n_any_overlap  frac_any_overlap  n_major_overlap_25pct  frac_major_overlap_25pct  n_major_overlap_50pct  frac_major_overlap_50pct  min_gap_s  median_gap_s  max_gap_s  median_overlap_s  max_overlap_s  median_overlap_fraction  max_overlap_fraction
            512     1900              3          0.001579                      3                  0.001579                      3                  0.001579      0.002         2.006      4.004               0.0          1.022                      0.0              0.998047
            536     1900              4          0.002105                      3                  0.001579                      3                  0.001579      0.002         2.006      4.004               0.0          1.070                      0.0              0.998134
            537     1900              4          0.002105                      3                  0.001579                      3                  0.001579      0.002         2.006      4.004               0.0          1.072                      0.0              0.998138
[2026-05-18 12:54:59] 
Worst overlaps for window_samples=512:
recording_key subject session run  window_samples  window_s from_description to_description  from_onset_s  to_onset_s  gap_s  overlap_s  overlap_samples  overlap_fraction_of_window  is_any_overlap  is_major_overlap_25pct  is_major_overlap_50pct
     29::0::0      29       0   0             512     1.024        left_hand     right_hand        66.000      66.002  0.002      1.022              512                    0.998047            True                    True                    True
     29::0::0      29       0   0             512     1.024        left_hand     right_hand        42.000      42.002  0.002      1.022              511                    0.998047            True                    True                    True
     20::0::0      20       0   0             512     1.024       right_hand      left_hand        40.004      40.044  0.040      0.984              493                    0.960938            True                    True                    True
     10::0::0      10       0   0             512     1.024        left_hand     right_hand         4.008       8.008  4.000      0.000                0                    0.000000           False                   False                   False
     10::0::0      10       0   0             512     1.024       right_hand      left_hand         8.008      10.000  1.992      0.000                0                    0.000000           False                   False                   False
     10::0::0      10       0   0             512     1.024        left_hand     right_hand        10.000      12.004  2.004      0.000                0                    0.000000           False                   False                   False
     10::0::0      10       0   0             512     1.024       right_hand      left_hand        12.004      16.006  4.002      0.000                0                    0.000000           False                   False                   False
     10::0::0      10       0   0             512     1.024        left_hand     right_hand        16.006      18.000  1.994      0.000                0                    0.000000           False                   False                   False
     10::0::0      10       0   0             512     1.024       right_hand      left_hand        18.000      20.006  2.006      0.000                0                    0.000000           False                   False                   False
     10::0::0      10       0   0             512     1.024        left_hand     right_hand        20.006      24.006  4.000      0.000                0                    0.000000           False                   False                   False
     10::0::0      10       0   0             512     1.024       right_hand      left_hand        24.006      26.000  1.994      0.000                0                    0.000000           False                   False                   False
     10::0::0      10       0   0             512     1.024        left_hand     right_hand        26.000      28.006  2.006      0.000                0                    0.000000           False                   False                   False
     10::0::0      10       0   0             512     1.024       right_hand      left_hand        28.006      32.008  4.002      0.000                0                    0.000000           False                   False                   False
     10::0::0      10       0   0             512     1.024        left_hand     right_hand        32.008      34.000  1.992      0.000                0                    0.000000           False                   False                   False
     10::0::0      10       0   0             512     1.024       right_hand      left_hand        34.000      36.006  2.006      0.000                0                    0.000000           False                   False                   False
     10::0::0      10       0   0             512     1.024        left_hand     right_hand        36.006      40.010  4.004      0.000                0                    0.000000           False                   False                   False
     10::0::0      10       0   0             512     1.024       right_hand      left_hand        40.010      42.000  1.990      0.000                0                    0.000000           False                   False                   False
     10::0::0      10       0   0             512     1.024        left_hand     right_hand        42.000      44.008  2.008      0.000                0                    0.000000           False                   False                   False
     10::0::0      10       0   0             512     1.024       right_hand      left_hand        44.008      48.012  4.004      0.000                0                    0.000000           False                   False                   False
     10::0::0      10       0   0             512     1.024        left_hand     right_hand        48.012      50.000  1.988      0.000                0                    0.000000           False                   False                   False
     10::0::0      10       0   0             512     1.024       right_hand      left_hand        50.000      52.008  2.008      0.000                0                    0.000000           False                   False                   False
     10::0::0      10       0   0             512     1.024        left_hand     right_hand        52.008      56.012  4.004      0.000                0                    0.000000           False                   False                   False
     10::0::0      10       0   0             512     1.024       right_hand      left_hand        56.012      58.000  1.988      0.000                0                    0.000000           False                   False                   False
     10::0::0      10       0   0             512     1.024        left_hand     right_hand        58.000      60.004  2.004      0.000                0                    0.000000           False                   False                   False
     10::0::0      10       0   0             512     1.024       right_hand      left_hand        60.004      64.006  4.002      0.000                0                    0.000000           False                   False                   False
     10::0::0      10       0   0             512     1.024        left_hand     right_hand        64.006      66.000  1.994      0.000                0                    0.000000           False                   False                   False
     10::0::0      10       0   0             512     1.024       right_hand      left_hand        66.000      68.008  2.008      0.000                0                    0.000000           False                   False                   False
     10::0::0      10       0   0             512     1.024        left_hand     right_hand        68.008      72.012  4.004      0.000                0                    0.000000           False                   False                   False
     10::0::0      10       0   0             512     1.024       right_hand      left_hand        72.012      74.000  1.988      0.000                0                    0.000000           False                   False                   False
     10::0::0      10       0   0             512     1.024        left_hand     right_hand        74.000      76.006  2.006      0.000                0                    0.000000           False                   False                   False
[2026-05-18 12:54:59] 
Worst overlaps for window_samples=536:
recording_key subject session run  window_samples  window_s from_description to_description  from_onset_s  to_onset_s  gap_s  overlap_s  overlap_samples  overlap_fraction_of_window  is_any_overlap  is_major_overlap_25pct  is_major_overlap_50pct
     29::0::0      29       0   0             536     1.072        left_hand     right_hand        66.000      66.002  0.002      1.070              536                    0.998134            True                    True                    True
     29::0::0      29       0   0             536     1.072        left_hand     right_hand        42.000      42.002  0.002      1.070              536                    0.998134            True                    True                    True
     20::0::0      20       0   0             536     1.072       right_hand      left_hand        40.004      40.044  0.040      1.032              517                    0.962687            True                    True                    True
      6::0::0       6       0   0             536     1.072       right_hand      left_hand        40.936      42.000  1.064      0.008                5                    0.007463            True                   False                   False
     10::0::0      10       0   0             536     1.072        left_hand     right_hand         4.008       8.008  4.000      0.000                0                    0.000000           False                   False                   False
     10::0::0      10       0   0             536     1.072       right_hand      left_hand         8.008      10.000  1.992      0.000                0                    0.000000           False                   False                   False
     10::0::0      10       0   0             536     1.072        left_hand     right_hand        10.000      12.004  2.004      0.000                0                    0.000000           False                   False                   False
     10::0::0      10       0   0             536     1.072       right_hand      left_hand        12.004      16.006  4.002      0.000                0                    0.000000           False                   False                   False
     10::0::0      10       0   0             536     1.072        left_hand     right_hand        16.006      18.000  1.994      0.000                0                    0.000000           False                   False                   False
     10::0::0      10       0   0             536     1.072       right_hand      left_hand        18.000      20.006  2.006      0.000                0                    0.000000           False                   False                   False
     10::0::0      10       0   0             536     1.072        left_hand     right_hand        20.006      24.006  4.000      0.000                0                    0.000000           False                   False                   False
     10::0::0      10       0   0             536     1.072       right_hand      left_hand        24.006      26.000  1.994      0.000                0                    0.000000           False                   False                   False
     10::0::0      10       0   0             536     1.072        left_hand     right_hand        26.000      28.006  2.006      0.000                0                    0.000000           False                   False                   False
     10::0::0      10       0   0             536     1.072       right_hand      left_hand        28.006      32.008  4.002      0.000                0                    0.000000           False                   False                   False
     10::0::0      10       0   0             536     1.072        left_hand     right_hand        32.008      34.000  1.992      0.000                0                    0.000000           False                   False                   False
     10::0::0      10       0   0             536     1.072       right_hand      left_hand        34.000      36.006  2.006      0.000                0                    0.000000           False                   False                   False
     10::0::0      10       0   0             536     1.072        left_hand     right_hand        36.006      40.010  4.004      0.000                0                    0.000000           False                   False                   False
     10::0::0      10       0   0             536     1.072       right_hand      left_hand        40.010      42.000  1.990      0.000                0                    0.000000           False                   False                   False
     10::0::0      10       0   0             536     1.072        left_hand     right_hand        42.000      44.008  2.008      0.000                0                    0.000000           False                   False                   False
     10::0::0      10       0   0             536     1.072       right_hand      left_hand        44.008      48.012  4.004      0.000                0                    0.000000           False                   False                   False
     10::0::0      10       0   0             536     1.072        left_hand     right_hand        48.012      50.000  1.988      0.000                0                    0.000000           False                   False                   False
     10::0::0      10       0   0             536     1.072       right_hand      left_hand        50.000      52.008  2.008      0.000                0                    0.000000           False                   False                   False
     10::0::0      10       0   0             536     1.072        left_hand     right_hand        52.008      56.012  4.004      0.000                0                    0.000000           False                   False                   False
     10::0::0      10       0   0             536     1.072       right_hand      left_hand        56.012      58.000  1.988      0.000                0                    0.000000           False                   False                   False
     10::0::0      10       0   0             536     1.072        left_hand     right_hand        58.000      60.004  2.004      0.000                0                    0.000000           False                   False                   False
     10::0::0      10       0   0             536     1.072       right_hand      left_hand        60.004      64.006  4.002      0.000                0                    0.000000           False                   False                   False
     10::0::0      10       0   0             536     1.072        left_hand     right_hand        64.006      66.000  1.994      0.000                0                    0.000000           False                   False                   False
     10::0::0      10       0   0             536     1.072       right_hand      left_hand        66.000      68.008  2.008      0.000                0                    0.000000           False                   False                   False
     10::0::0      10       0   0             536     1.072        left_hand     right_hand        68.008      72.012  4.004      0.000                0                    0.000000           False                   False                   False
     10::0::0      10       0   0             536     1.072       right_hand      left_hand        72.012      74.000  1.988      0.000                0                    0.000000           False                   False                   False
[2026-05-18 12:54:59] 
Worst overlaps for window_samples=537:
recording_key subject session run  window_samples  window_s from_description to_description  from_onset_s  to_onset_s  gap_s  overlap_s  overlap_samples  overlap_fraction_of_window  is_any_overlap  is_major_overlap_25pct  is_major_overlap_50pct
     29::0::0      29       0   0             537     1.074        left_hand     right_hand        66.000      66.002  0.002      1.072              537                    0.998138            True                    True                    True
     29::0::0      29       0   0             537     1.074        left_hand     right_hand        42.000      42.002  0.002      1.072              536                    0.998138            True                    True                    True
     20::0::0      20       0   0             537     1.074       right_hand      left_hand        40.004      40.044  0.040      1.034              517                    0.962756            True                    True                    True
      6::0::0       6       0   0             537     1.074       right_hand      left_hand        40.936      42.000  1.064      0.010                5                    0.009311            True                   False                   False
     10::0::0      10       0   0             537     1.074        left_hand     right_hand         4.008       8.008  4.000      0.000                0                    0.000000           False                   False                   False
     10::0::0      10       0   0             537     1.074       right_hand      left_hand         8.008      10.000  1.992      0.000                0                    0.000000           False                   False                   False
     10::0::0      10       0   0             537     1.074        left_hand     right_hand        10.000      12.004  2.004      0.000                0                    0.000000           False                   False                   False
     10::0::0      10       0   0             537     1.074       right_hand      left_hand        12.004      16.006  4.002      0.000                0                    0.000000           False                   False                   False
     10::0::0      10       0   0             537     1.074        left_hand     right_hand        16.006      18.000  1.994      0.000                0                    0.000000           False                   False                   False
     10::0::0      10       0   0             537     1.074       right_hand      left_hand        18.000      20.006  2.006      0.000                0                    0.000000           False                   False                   False
     10::0::0      10       0   0             537     1.074        left_hand     right_hand        20.006      24.006  4.000      0.000                0                    0.000000           False                   False                   False
     10::0::0      10       0   0             537     1.074       right_hand      left_hand        24.006      26.000  1.994      0.000                0                    0.000000           False                   False                   False
     10::0::0      10       0   0             537     1.074        left_hand     right_hand        26.000      28.006  2.006      0.000                0                    0.000000           False                   False                   False
     10::0::0      10       0   0             537     1.074       right_hand      left_hand        28.006      32.008  4.002      0.000                0                    0.000000           False                   False                   False
     10::0::0      10       0   0             537     1.074        left_hand     right_hand        32.008      34.000  1.992      0.000                0                    0.000000           False                   False                   False
     10::0::0      10       0   0             537     1.074       right_hand      left_hand        34.000      36.006  2.006      0.000                0                    0.000000           False                   False                   False
     10::0::0      10       0   0             537     1.074        left_hand     right_hand        36.006      40.010  4.004      0.000                0                    0.000000           False                   False                   False
     10::0::0      10       0   0             537     1.074       right_hand      left_hand        40.010      42.000  1.990      0.000                0                    0.000000           False                   False                   False
     10::0::0      10       0   0             537     1.074        left_hand     right_hand        42.000      44.008  2.008      0.000                0                    0.000000           False                   False                   False
     10::0::0      10       0   0             537     1.074       right_hand      left_hand        44.008      48.012  4.004      0.000                0                    0.000000           False                   False                   False
     10::0::0      10       0   0             537     1.074        left_hand     right_hand        48.012      50.000  1.988      0.000                0                    0.000000           False                   False                   False
     10::0::0      10       0   0             537     1.074       right_hand      left_hand        50.000      52.008  2.008      0.000                0                    0.000000           False                   False                   False
     10::0::0      10       0   0             537     1.074        left_hand     right_hand        52.008      56.012  4.004      0.000                0                    0.000000           False                   False                   False
     10::0::0      10       0   0             537     1.074       right_hand      left_hand        56.012      58.000  1.988      0.000                0                    0.000000           False                   False                   False
     10::0::0      10       0   0             537     1.074        left_hand     right_hand        58.000      60.004  2.004      0.000                0                    0.000000           False                   False                   False
     10::0::0      10       0   0             537     1.074       right_hand      left_hand        60.004      64.006  4.002      0.000                0                    0.000000           False                   False                   False
     10::0::0      10       0   0             537     1.074        left_hand     right_hand        64.006      66.000  1.994      0.000                0                    0.000000           False                   False                   False
     10::0::0      10       0   0             537     1.074       right_hand      left_hand        66.000      68.008  2.008      0.000                0                    0.000000           False                   False                   False
     10::0::0      10       0   0             537     1.074        left_hand     right_hand        68.008      72.012  4.004      0.000                0                    0.000000           False                   False                   False
     10::0::0      10       0   0             537     1.074       right_hand      left_hand        72.012      74.000  1.988      0.000                0                    0.000000           False                   False                   False

====================================================================================================
[2026-05-18 12:54:59] Equivalent MNE events_from_annotations inspection
====================================================================================================
[2026-05-18 12:54:59] subject=1 session=0 run=0 events.shape=(39, 3), event_id_map={np.str_('left_hand'): 1, np.str_('right_hand'): 2}
[2026-05-18 12:54:59] subject=2 session=0 run=0 events.shape=(39, 3), event_id_map={np.str_('left_hand'): 1, np.str_('right_hand'): 2}
[2026-05-18 12:54:59] subject=3 session=0 run=0 events.shape=(39, 3), event_id_map={np.str_('left_hand'): 1, np.str_('right_hand'): 2}
[2026-05-18 12:54:59] subject=4 session=0 run=0 events.shape=(39, 3), event_id_map={np.str_('left_hand'): 1, np.str_('right_hand'): 2}
[2026-05-18 12:54:59] subject=5 session=0 run=0 events.shape=(39, 3), event_id_map={np.str_('left_hand'): 1, np.str_('right_hand'): 2}
[2026-05-18 12:54:59] subject=6 session=0 run=0 events.shape=(39, 3), event_id_map={np.str_('left_hand'): 1, np.str_('right_hand'): 2}
[2026-05-18 12:54:59] subject=7 session=0 run=0 events.shape=(39, 3), event_id_map={np.str_('left_hand'): 1, np.str_('right_hand'): 2}
[2026-05-18 12:54:59] subject=8 session=0 run=0 events.shape=(39, 3), event_id_map={np.str_('left_hand'): 1, np.str_('right_hand'): 2}
[2026-05-18 12:54:59] subject=9 session=0 run=0 events.shape=(39, 3), event_id_map={np.str_('left_hand'): 1, np.str_('right_hand'): 2}
[2026-05-18 12:54:59] subject=10 session=0 run=0 events.shape=(39, 3), event_id_map={np.str_('left_hand'): 1, np.str_('right_hand'): 2}
[2026-05-18 12:54:59] 
MNE events preview:
subject session run  event_index  sample  previous_value  event_code
      1       0   0            0    2003               0           1
      1       0   0            1    4005               0           2
      1       0   0            2    5000               0           1
      1       0   0            3    6002               0           2
      1       0   0            4    8003               0           1
      1       0   0            5    9000               0           2
      1       0   0            6   10002               0           1
      1       0   0            7   12002               0           2
      1       0   0            8   13000               0           1
      1       0   0            9   14003               0           2
      1       0   0           10   16004               0           1
      1       0   0           11   17000               0           2
      1       0   0           12   18003               0           1
      1       0   0           13   20005               0           2
      1       0   0           14   21000               0           1
      1       0   0           15   22003               0           2
      1       0   0           16   24005               0           1
      1       0   0           17   25000               0           2
      1       0   0           18   26003               0           1
      1       0   0           19   28003               0           2
      2       0   0            0    2005               0           1
      2       0   0            1    4006               0           2
      2       0   0            2    5000               0           1
      2       0   0            3    6002               0           2
      2       0   0            4    8004               0           1
      2       0   0            5    9000               0           2
      2       0   0            6   10003               0           1
      2       0   0            7   12003               0           2
      2       0   0            8   13000               0           1
      2       0   0            9   14003               0           2
      2       0   0           10   16005               0           1
      2       0   0           11   17000               0           2
      2       0   0           12   18003               0           1
      2       0   0           13   20003               0           2
      2       0   0           14   21000               0           1
      2       0   0           15   22003               0           2
      2       0   0           16   24005               0           1
      2       0   0           17   25000               0           2
      2       0   0           18   26003               0           1
      2       0   0           19   28003               0           2
      3       0   0            0    2008               0           1
      3       0   0            1    4009               0           2
      3       0   0            2    5000               0           1
      3       0   0            3    6003               0           2
      3       0   0            4    8004               0           1
      3       0   0            5    9000               0           2
      3       0   0            6   10003               0           1
      3       0   0            7   12004               0           2
      3       0   0            8   13000               0           1
      3       0   0            9   14003               0           2
      3       0   0           10   16005               0           1
      3       0   0           11   17000               0           2
      3       0   0           12   18003               0           1
      3       0   0           13   20003               0           2
      3       0   0           14   21000               0           1
      3       0   0           15   22003               0           2
      3       0   0           16   24003               0           1
      3       0   0           17   25000               0           2
      3       0   0           18   26004               0           1
      3       0   0           19   28006               0           2
      4       0   0            0    2008               0           1
      4       0   0            1    4009               0           2
      4       0   0            2    5000               0           1
      4       0   0            3    6010               0           2
      4       0   0            4    8011               0           1
      4       0   0            5    9000               0           2
      4       0   0            6   10010               0           1
      4       0   0            7   12010               0           2
      4       0   0            8   13000               0           1
      4       0   0            9   14010               0           2
      4       0   0           10   16011               0           1
      4       0   0           11   17000               0           2
      4       0   0           12   18010               0           1
      4       0   0           13   20010               0           2
      4       0   0           14   21000               0           1
      4       0   0           15   22010               0           2
      4       0   0           16   24011               0           1
      4       0   0           17   25000               0           2
      4       0   0           18   26010               0           1
      4       0   0           19   28010               0           2
      5       0   0            0    2008               0           1
      5       0   0            1    4008               0           2
      5       0   0            2    5000               0           1
      5       0   0            3    6010               0           2
      5       0   0            4    8012               0           1
      5       0   0            5    9000               0           2
      5       0   0            6   10010               0           1
      5       0   0            7   12012               0           2
      5       0   0            8   13000               0           1
      5       0   0            9   14010               0           2
      5       0   0           10   16010               0           1
      5       0   0           11   17000               0           2
      5       0   0           12   18010               0           1
      5       0   0           13   20011               0           2
      5       0   0           14   21000               0           1
      5       0   0           15   22010               0           2
      5       0   0           16   24011               0           1
      5       0   0           17   25000               0           2
      5       0   0           18   26010               0           1
      5       0   0           19   28011               0           2

====================================================================================================
[2026-05-18 12:54:59] Final artifact list
====================================================================================================
[2026-05-18 12:54:59] annotation_duration_summary.csv  (352 bytes)
[2026-05-18 12:54:59] annotation_onset_gaps_all.csv  (180440 bytes)
[2026-05-18 12:54:59] annotation_transition_gap_summary.csv  (389 bytes)
[2026-05-18 12:54:59] annotations_all.csv  (130272 bytes)
[2026-05-18 12:54:59] annotations_motor_candidates.csv  (130272 bytes)
[2026-05-18 12:54:59] liu2024_raw_inspection.log  (84539 bytes)
[2026-05-18 12:54:59] mne_events_preview_first_10_recordings.csv  (3725 bytes)
[2026-05-18 12:54:59] recording_summary.csv  (7048 bytes)
[2026-05-18 12:54:59] subject_motor_label_counts.csv  (470 bytes)
[2026-05-18 12:54:59] subject_recording_summary.csv  (1693 bytes)
[2026-05-18 12:54:59] window_overlap_diagnostics.csv  (593071 bytes)
[2026-05-18 12:54:59] window_overlap_summary_by_window_samples.csv  (810 bytes)
[2026-05-18 12:54:59] 
DONE.
[2026-05-18 12:54:59] Send back this log file if you want me to inspect the output: /Users/vadim/Documents/School/Spring 2026/CSCE A698 Individual Research/EEG_JEPA/src/liu2024_raw_inspection_artifacts/20260518_125429/liu2024_raw_inspection.log
