[2026-07-12 13:41:37] Run ID:     20260712_134137_488391_6d763ea1
[2026-07-12 13:41:37] Artifacts:  /Users/vadim/Documents/School/Spring 2026/CSCE A698 Individual Research/EEG_JEPA/artifacts/liu2024-multiscale-riemann-fusion/20260712_134137_488391_6d763ea1
[2026-07-12 13:41:37] Config:     /Users/vadim/Documents/School/Spring 2026/CSCE A698 Individual Research/EEG_JEPA/artifacts/liu2024-multiscale-riemann-fusion/20260712_134137_488391_6d763ea1/config.json
[2026-07-12 13:41:37] Seed initialized: 2026
[2026-07-12 13:41:37] ========================================================================
[2026-07-12 13:41:37] {
  "artifact_dir": "/Users/vadim/Documents/School/Spring 2026/CSCE A698 Individual Research/EEG_JEPA/artifacts/liu2024-multiscale-riemann-fusion",
  "asymmetry_pairs": [
    [
      "C3",
      "C4"
    ],
    [
      "FC3",
      "FC4"
    ],
    [
      "CP3",
      "CP4"
    ],
    [
      "P3",
      "P4"
    ]
  ],
  "average_reference": true,
  "bands_hz": [
    [
      8,
      12
    ],
    [
      13,
      20
    ],
    [
      20,
      30
    ],
    [
      8,
      30
    ]
  ],
  "base_classifier": "tangent_lda",
  "bootstrap_iterations": 10000,
  "bootstrap_seed": 202607,
  "channel_indices": [
    0,
    1,
    2,
    3,
    4,
    5,
    6,
    7,
    8,
    9,
    10,
    11,
    12,
    13,
    14,
    15,
    16,
    18,
    19,
    20,
    21,
    22,
    23,
    24,
    25,
    26,
    27,
    28,
    29
  ],
  "channel_names": [
    "Fp1",
    "Fp2",
    "Fz",
    "F3",
    "F4",
    "F7",
    "F8",
    "FCz",
    "FC3",
    "FC4",
    "FT7",
    "FT8",
    "Cz",
    "C3",
    "C4",
    "T3",
    "T4",
    "CP3",
    "CP4",
    "TP7",
    "TP8",
    "Pz",
    "P3",
    "P4",
    "T5",
    "T6",
    "Oz",
    "O1",
    "O2"
  ],
  "collapse_threshold": 0.95,
  "config_note": "Low-dimensional motor8 montage with full-trial filtering; compare with full29 full-trial control.",
  "covariance_block_samples": 250,
  "covariance_cache_dir": "/Users/vadim/Documents/School/Spring 2026/CSCE A698 Individual Research/EEG_JEPA/artifacts/covariance_cache/multiscale_riemann_fusion",
  "covariance_downsample_factor": 4,
  "covariance_estimator": "oas",
  "device": "auto",
  "enable_learned_stack": true,
  "enable_sjepa": false,
  "experiment_name": "multiscale_development_motor8_fulltrial_oas_tangent_lda",
  "filter_context": "full_trial_then_crop",
  "filter_order": 4,
  "fixed_shrinkage": 0.05,
  "fixed_single_view": {
    "band_hz": [
      8,
      30
    ],
    "scale": "4s",
    "start_s": 0.0
  },
  "inner_folds": 4,
  "lv14_subject_ids": [
    1,
    3,
    7,
    9,
    10,
    11,
    14,
    15,
    17,
    29,
    31,
    32,
    37,
    41
  ],
  "marker_channel_index": 32,
  "mi_window_s": [
    0.0,
    4.0
  ],
  "onset_fallback_sample": 1003,
  "onset_marker_value": 2,
  "onset_plausible_range": [
    800,
    1300
  ],
  "outer_folds": 5,
  "outer_protocol": "stratified_5fold",
  "prototype_shrinkage": 0.25,
  "ridge_logistic_C": 0.1,
  "seed": 2026,
  "selection_stability_lambda": 0.25,
  "sensitivity_repeats": 10,
  "sensitivity_test_size": 0.4,
  "set_seed": true,
  "sfreq": 500,
  "sjepa_bandpass_hz": [
    0.5,
    40.0
  ],
  "sjepa_batch_size": 32,
  "sjepa_cache_dir": "/Users/vadim/Documents/School/Spring 2026/CSCE A698 Individual Research/EEG_JEPA/artifacts/sjepa_embedding_cache/multiscale_riemann_fusion",
  "sjepa_cache_policy": "refuse",
  "sjepa_checkpoint_path": null,
  "sjepa_hook": "feature_encoder",
  "sjepa_model_id": "braindecode/signal-jepa_without-chans",
  "sjepa_model_revision": null,
  "sjepa_pooling": "mean",
  "sjepa_sfreq": 128,
  "sjepa_window_s": [
    0.0,
    4.0
  ],
  "source_extract_dir": "/Users/vadim/Documents/School/Spring 2026/CSCE A698 Individual Research/EEG_JEPA/liu2024_data/liu2024_figshare/sourcedata",
  "spatial_mode": "motor8",
  "split_random_state": 2026,
  "stack_C": 0.05,
  "stack_l1_ratio": 0.5,
  "subjects_to_use": null,
  "tangent_metric": "riemann",
  "tangent_pca_max_components": 8,
  "temporal_scales": {
    "1s": {
      "length_s": 1.0,
      "starts_s": [
        0.0,
        1.0,
        2.0,
        3.0
      ]
    },
    "2s": {
      "length_s": 2.0,
      "starts_s": [
        0.0,
        1.0,
        2.0
      ]
    },
    "4s": {
      "length_s": 4.0,
      "starts_s": [
        0.0
      ]
    }
  },
  "top_k_views": 5,
  "trace_normalize": true
}
[2026-07-12 13:41:37] ========================================================================
[2026-07-12 13:41:41] sub-01: completed 5 outer splits
[2026-07-12 13:41:44] sub-02: completed 5 outer splits
[2026-07-12 13:41:48] sub-03: completed 5 outer splits
[2026-07-12 13:41:51] sub-04: completed 5 outer splits
[2026-07-12 13:41:55] sub-05: completed 5 outer splits
[2026-07-12 13:41:58] sub-06: completed 5 outer splits
[2026-07-12 13:42:02] sub-07: completed 5 outer splits
[2026-07-12 13:42:05] sub-08: completed 5 outer splits
[2026-07-12 13:42:09] sub-09: completed 5 outer splits
[2026-07-12 13:42:12] sub-10: completed 5 outer splits
[2026-07-12 13:42:16] sub-11: completed 5 outer splits
[2026-07-12 13:42:19] sub-12: completed 5 outer splits
[2026-07-12 13:42:23] sub-13: completed 5 outer splits
[2026-07-12 13:42:26] sub-14: completed 5 outer splits
[2026-07-12 13:42:30] sub-15: completed 5 outer splits
[2026-07-12 13:42:34] sub-16: completed 5 outer splits
[2026-07-12 13:42:37] sub-17: completed 5 outer splits
[2026-07-12 13:42:41] sub-18: completed 5 outer splits
[2026-07-12 13:42:45] sub-19: completed 5 outer splits
[2026-07-12 13:42:49] sub-20: completed 5 outer splits
[2026-07-12 13:42:53] sub-21: completed 5 outer splits
[2026-07-12 13:42:56] sub-22: completed 5 outer splits
[2026-07-12 13:43:00] sub-23: completed 5 outer splits
[2026-07-12 13:43:05] sub-24: completed 5 outer splits
[2026-07-12 13:43:08] sub-25: completed 5 outer splits
[2026-07-12 13:43:13] sub-26: completed 5 outer splits
[2026-07-12 13:43:17] sub-27: completed 5 outer splits
[2026-07-12 13:43:20] sub-28: completed 5 outer splits
[2026-07-12 13:43:24] sub-29: completed 5 outer splits
[2026-07-12 13:43:28] sub-30: completed 5 outer splits
[2026-07-12 13:43:32] sub-31: completed 5 outer splits
[2026-07-12 13:43:36] sub-32: completed 5 outer splits
[2026-07-12 13:43:40] sub-33: completed 5 outer splits
[2026-07-12 13:43:44] sub-34: completed 5 outer splits
[2026-07-12 13:43:48] sub-35: completed 5 outer splits
[2026-07-12 13:43:52] sub-36: completed 5 outer splits
[2026-07-12 13:43:56] sub-37: completed 5 outer splits
[2026-07-12 13:44:00] sub-38: completed 5 outer splits
[2026-07-12 13:44:04] sub-39: completed 5 outer splits
[2026-07-12 13:44:08] sub-40: completed 5 outer splits
[2026-07-12 13:44:12] sub-41: completed 5 outer splits
[2026-07-12 13:44:16] sub-42: completed 5 outer splits
[2026-07-12 13:44:20] sub-43: completed 5 outer splits
[2026-07-12 13:44:24] sub-44: completed 5 outer splits
[2026-07-12 13:44:28] sub-45: completed 5 outer splits
[2026-07-12 13:44:32] sub-46: completed 5 outer splits
[2026-07-12 13:44:36] sub-47: completed 5 outer splits
[2026-07-12 13:44:40] sub-48: completed 5 outer splits
[2026-07-12 13:44:44] sub-49: completed 5 outer splits
[2026-07-12 13:44:47] sub-50: completed 5 outer splits
[2026-07-12 13:44:48] Primary metric: subject-level pooled outer-OOF BA, then mean across subjects
[2026-07-12 13:44:48] asymmetry: 49.00%
[2026-07-12 13:44:48] asymmetry_scale_1s: 49.60%
[2026-07-12 13:44:48] asymmetry_scale_2s: 49.70%
[2026-07-12 13:44:48] asymmetry_scale_4s: 48.45%
[2026-07-12 13:44:48] fixed_single_view: 52.45%
[2026-07-12 13:44:48] hierarchical_elastic_net_stack: 52.60%
[2026-07-12 13:44:48] nested_best_single_view: 52.75%
[2026-07-12 13:44:48] riemann_asymmetry_fusion: 50.55%
[2026-07-12 13:44:48] riemann_equal_multiscale: 53.10%
[2026-07-12 13:44:48] riemann_scale_1s: 55.05%
[2026-07-12 13:44:48] riemann_scale_2s: 53.95%
[2026-07-12 13:44:48] riemann_scale_4s: 51.90%
[2026-07-12 13:44:48] riemann_stable_topk: 54.55%
[2026-07-12 13:44:48] Planned subject-level comparisons: {
  "fusion_vs_riemann": {
    "method_a": "riemann_asymmetry_fusion",
    "method_b": "riemann_stable_topk",
    "n_subjects": 50,
    "mean_paired_delta": -0.03999999999999998,
    "bootstrap_95_ci": [
      -0.06349999999999997,
      -0.017499999999999984
    ],
    "wilcoxon_statistic": 263.5,
    "wilcoxon_pvalue": 0.002450370158706202,
    "inference_unit": "subject"
  },
  "fusion_vs_sjepa": null
}
[2026-07-12 13:44:48] Fold failures: 0 (never replaced by constant or fallback models)
[2026-07-12 13:44:51] CV results saved to:      /Users/vadim/Documents/School/Spring 2026/CSCE A698 Individual Research/EEG_JEPA/artifacts/liu2024-multiscale-riemann-fusion/20260712_134137_488391_6d763ea1/cv_results.json
[2026-07-12 13:44:51] Subject metrics saved to: /Users/vadim/Documents/School/Spring 2026/CSCE A698 Individual Research/EEG_JEPA/artifacts/liu2024-multiscale-riemann-fusion/20260712_134137_488391_6d763ea1/subject_metrics.json
[2026-07-12 13:44:51] Global metrics saved to:  /Users/vadim/Documents/School/Spring 2026/CSCE A698 Individual Research/EEG_JEPA/artifacts/liu2024-multiscale-riemann-fusion/20260712_134137_488391_6d763ea1/global_metrics.json
[2026-07-12 13:44:51] Run metadata saved to:    /Users/vadim/Documents/School/Spring 2026/CSCE A698 Individual Research/EEG_JEPA/artifacts/liu2024-multiscale-riemann-fusion/20260712_134137_488391_6d763ea1/run_metadata.json
[2026-07-12 13:44:51] 
All artifacts in: /Users/vadim/Documents/School/Spring 2026/CSCE A698 Individual Research/EEG_JEPA/artifacts/liu2024-multiscale-riemann-fusion/20260712_134137_488391_6d763ea1
