Notebook:       /Users/vadim/Documents/School/Spring 2026/CSCE A698 Individual Research/EEG_JEPA/src/liu2024/liu2024_source_mat_sjepa_prelocal_clean_pipeline.ipynb
Configurations: /Users/vadim/Documents/School/Spring 2026/CSCE A698 Individual Research/EEG_JEPA/src/utils/experiments/configs/liu2024_sjepa_hp_batch_size.json
Total configs:  8

[1/8] Running config override:
{
  "batch_size": 4,
  "experiment_name": "hpbs_001_bs4",
  "sweep_group": "HP_batch_size"
}
  status:       completed
  elapsed_sec:  532.386
  run_id:       20260528_1736_fe984c3b
  artifact_dir: /Users/vadim/Documents/School/Spring 2026/CSCE A698 Individual Research/EEG_JEPA/artifacts/liu2024-source-mat-sjepa-prelocal/20260528_1736_fe984c3b

[2/8] Running config override:
{
  "batch_size": 8,
  "experiment_name": "hpbs_002_bs8",
  "sweep_group": "HP_batch_size"
}
  status:       completed
  elapsed_sec:  335.925
  run_id:       20260528_1745_6b91b589
  artifact_dir: /Users/vadim/Documents/School/Spring 2026/CSCE A698 Individual Research/EEG_JEPA/artifacts/liu2024-source-mat-sjepa-prelocal/20260528_1745_6b91b589

[3/8] Running config override:
{
  "batch_size": 12,
  "experiment_name": "hpbs_003_bs12",
  "sweep_group": "HP_batch_size"
}
  status:       completed
  elapsed_sec:  298.392
  run_id:       20260528_1751_576c72e2
  artifact_dir: /Users/vadim/Documents/School/Spring 2026/CSCE A698 Individual Research/EEG_JEPA/artifacts/liu2024-source-mat-sjepa-prelocal/20260528_1751_576c72e2

[4/8] Running config override:
{
  "batch_size": 16,
  "experiment_name": "hpbs_004_bs16",
  "sweep_group": "HP_batch_size"
}
  status:       completed
  elapsed_sec:  252.757
  run_id:       20260528_1756_4b8590ef
  artifact_dir: /Users/vadim/Documents/School/Spring 2026/CSCE A698 Individual Research/EEG_JEPA/artifacts/liu2024-source-mat-sjepa-prelocal/20260528_1756_4b8590ef

[5/8] Running config override:
{
  "batch_size": 24,
  "experiment_name": "hpbs_005_bs24",
  "sweep_group": "HP_batch_size"
}
  status:       completed
  elapsed_sec:  266.976
  run_id:       20260528_1800_4a4ff7fc
  artifact_dir: /Users/vadim/Documents/School/Spring 2026/CSCE A698 Individual Research/EEG_JEPA/artifacts/liu2024-source-mat-sjepa-prelocal/20260528_1800_4a4ff7fc

[6/8] Running config override:
{
  "batch_size": 32,
  "experiment_name": "hpbs_006_bs32",
  "sweep_group": "HP_batch_size"
}
  status:       completed
  elapsed_sec:  187.094
  run_id:       20260528_1804_1f044185
  artifact_dir: /Users/vadim/Documents/School/Spring 2026/CSCE A698 Individual Research/EEG_JEPA/artifacts/liu2024-source-mat-sjepa-prelocal/20260528_1804_1f044185

[7/8] Running config override:
{
  "batch_size": 48,
  "experiment_name": "hpbs_007_bs48",
  "sweep_group": "HP_batch_size"
}
  status:       completed
  elapsed_sec:  170.706
  run_id:       20260528_1808_b7369dbb
  artifact_dir: /Users/vadim/Documents/School/Spring 2026/CSCE A698 Individual Research/EEG_JEPA/artifacts/liu2024-source-mat-sjepa-prelocal/20260528_1808_b7369dbb

[8/8] Running config override:
{
  "batch_size": 64,
  "experiment_name": "hpbs_008_bs64",
  "sweep_group": "HP_batch_size"
}
  status:       completed
  elapsed_sec:  188.852
  run_id:       20260528_1810_c40a7443
  artifact_dir: /Users/vadim/Documents/School/Spring 2026/CSCE A698 Individual Research/EEG_JEPA/artifacts/liu2024-source-mat-sjepa-prelocal/20260528_1810_c40a7443

Finished.
Results dir:    experiment_results/20260528_1736_liu2024_sjepa_hp_batch_size_d1dbe312
Summary JSON:   experiment_results/20260528_1736_liu2024_sjepa_hp_batch_size_d1dbe312/results.json
Artifact list:  experiment_results/20260528_1736_liu2024_sjepa_hp_batch_size_d1dbe312/artifact_ids.json
