[2026-06-14 09:41:02] Run ID:     20260614_0941_8720608a
[2026-06-14 09:41:02] Artifacts:  /Users/vadim/Documents/School/Spring 2026/CSCE A698 Individual Research/EEG_JEPA/artifacts/liu2024-twfb-shifting-window-diagnostics/20260614_0941_8720608a
[2026-06-14 09:41:02] Config:     /Users/vadim/Documents/School/Spring 2026/CSCE A698 Individual Research/EEG_JEPA/artifacts/liu2024-twfb-shifting-window-diagnostics/20260614_0941_8720608a/config.json
[2026-06-14 09:41:37] deps: {'mne': True, 'pyriemann': True, 'mpl': True} | MDM backend: pyriemann (affine-invariant)
[2026-06-14 09:41:37] Experiment: twfb_shifting_window_diagnostics
[2026-06-14 09:41:37] window length: 2.0s | starts: [0.0, 0.5, 1.0, 1.5, 2.0]
[2026-06-14 09:41:37] bands: [[8, 12], [10, 14], [12, 16], [14, 18], [16, 20], [18, 22], [20, 24], [22, 26], [24, 28], [26, 30], [8, 30]]
[2026-06-14 09:41:37] Effective Liu2024 Source MAT settings:
[2026-06-14 09:41:37]   Experiment:                        twfb_shifting_window_diagnostics
[2026-06-14 09:41:37]   Note:                              TWFB-style time-window x filter-band sweep with covariance + MDM (MDRM). DGF not implemented. Shorter seconds-first window so it can shift across 0-4 s.
[2026-06-14 09:41:37]   Channels:                          29
[2026-06-14 09:41:37]   Channel names:                     ['Fp1', 'Fp2', 'Fz', 'F3', 'F4', 'F7', 'F8', 'FCz', 'FC3', 'FC4', 'FT7', 'FT8', 'Cz', 'C3', 'C4', 'T3', 'T4', 'CP3', 'CP4', 'TP7', 'TP8', 'Pz', 'P3', 'P4', 'T5', 'T6', 'Oz', 'O1', 'O2']
[2026-06-14 09:41:37]   Source sfreq:                      500 Hz
[2026-06-14 09:41:37]   Effective sfreq:                   128.0 Hz
[2026-06-14 09:41:37]   MI window start / samples:         1.5 s / 256
[2026-06-14 09:41:37]   Effective window duration:         2.0000 s
[2026-06-14 09:41:37]   Evaluation mode:                   stratified_kfold
[2026-06-14 09:41:37]   Fixed seed:                        base=2026 | cv=2026 | split=2026 | val=2026

[2026-06-14 09:41:37] Preprocessing config:
[2026-06-14 09:41:37]   source_unit                       : microvolts
[2026-06-14 09:41:37]   final_model_unit                  : microvolts
[2026-06-14 09:41:37]   demean_mode                       : none
[2026-06-14 09:41:37]   baseline_window_s                 : [0.0, 2.0]
[2026-06-14 09:41:37]   detrend_mode                      : none
[2026-06-14 09:41:37]   eog_correction                    : none
[2026-06-14 09:41:37]   artifact_clip_mode                : none
[2026-06-14 09:41:37]   artifact_clip_abs_value           : None
[2026-06-14 09:41:37]   artifact_clip_percentile          : 99.5
[2026-06-14 09:41:37]   reference_mode                    : average
[2026-06-14 09:41:37]   reference_timing                  : before_resample_filter
[2026-06-14 09:41:37]   resample                          : True
[2026-06-14 09:41:37]   resample_sfreq                    : 128
[2026-06-14 09:41:37]   effective_sfreq                   : 128.0
[2026-06-14 09:41:37]   filter_enabled                    : True
[2026-06-14 09:41:37]   filter_low                        : 0.5
[2026-06-14 09:41:37]   filter_high                       : 40.0
[2026-06-14 09:41:37]   filter_method                     : fir
[2026-06-14 09:41:37]   filter_phase                      : zero
[2026-06-14 09:41:37]   filter_fir_design                 : firwin
[2026-06-14 09:41:37]   filter_l_trans_bandwidth          : auto
[2026-06-14 09:41:37]   filter_h_trans_bandwidth          : auto
[2026-06-14 09:41:37]   filter_iir_params                 : None
[2026-06-14 09:41:37]   notch_freqs                       : None
[2026-06-14 09:41:37]   notch_before_bandpass             : False
[2026-06-14 09:41:37]   mi_window_start_s                 : 1.5
[2026-06-14 09:41:37]   target_window_s                   : 2.0
[2026-06-14 09:41:37]   target_window_samples             : None
[2026-06-14 09:41:37]   reject_bad_trials                 : False
[2026-06-14 09:41:37]   reject_peak_to_peak_threshold     : None
[2026-06-14 09:41:37]   reject_abs_threshold              : None
[2026-06-14 09:41:37]   normalization_mode                : none
[2026-06-14 09:41:37]   normalization_eps                 : 1e-06

[2026-06-14 09:41:37] Training config:
[2026-06-14 09:41:37]   strategy                          : new
[2026-06-14 09:41:37]   batch_size                        : 4
[2026-06-14 09:41:37]   learning_rate                     : 0.0003
[2026-06-14 09:41:37]   optimizer_name                    : adam
[2026-06-14 09:41:37]   weight_decay                      : 0.0
[2026-06-14 09:41:37]   val_split                         : 0.2
[2026-06-14 09:41:37]   early_stopping_patience           : 50
[2026-06-14 09:41:37]   n_epochs                          : 5000
[2026-06-14 09:41:37]   augmentation                      : {'enabled': False, 'name': 'none', 'random_state': 2026, 'transforms': []}

[2026-06-14 09:41:37] Evaluation config:
[2026-06-14 09:41:37]   evaluation_mode                   : stratified_kfold
[2026-06-14 09:41:37]   cv_folds                          : 5
[2026-06-14 09:41:37]   n_repeats                         : 10
[2026-06-14 09:41:37]   test_size                         : 0.4
[2026-06-14 09:41:37]   cv_random_state                   : 2026
[2026-06-14 09:41:37]   split_random_state                : 2026
[2026-06-14 09:41:37]   val_split_random_state            : 2026
[2026-06-14 09:41:37] Run ID:     20260614_0941_8720608a
[2026-06-14 09:41:37] Artifacts:  /Users/vadim/Documents/School/Spring 2026/CSCE A698 Individual Research/EEG_JEPA/artifacts/liu2024-twfb-shifting-window-diagnostics/20260614_0941_8720608a
[2026-06-14 09:41:37] Config:     /Users/vadim/Documents/School/Spring 2026/CSCE A698 Individual Research/EEG_JEPA/artifacts/liu2024-twfb-shifting-window-diagnostics/20260614_0941_8720608a/config.json
[2026-06-14 09:41:37] Using device: mps
[2026-06-14 09:41:38] Seed initialized: 2026
[2026-06-14 09:41:38] Configured preprocessing pipeline:
[2026-06-14 09:41:38]   - [ON] source::select_eeg_channels | - select Liu EEG channels, drop CPz reference, EOG, and marker before model input
[2026-06-14 09:41:38]   - [off] source::demean | mode=none | baseline_window_s=[0.0, 2.0]
[2026-06-14 09:41:38]   - [off] source::detrend | mode=none
[2026-06-14 09:41:38]   - [off] source::eog_correction | mode=none
[2026-06-14 09:41:38]   - [off] source::artifact_clipping | mode=none | percentile=99.5
[2026-06-14 09:41:38]   - [ON] mne_raw::reference | timing=before_resample_filter | mode=average
[2026-06-14 09:41:38]   - [ON] mne_raw::resample | sfreq=128
[2026-06-14 09:41:38]   - [ON] mne_raw::bandpass_filter | l_freq=0.5 | h_freq=40.0 | method=fir | phase=zero | fir_design=firwin
[2026-06-14 09:41:38]   - [off] mne_raw::notch_filter | timing=after_bandpass
[2026-06-14 09:41:38]   - [ON] window::crop_fixed_mi_window | start_s=1.5
[2026-06-14 09:41:38]   - [off] window::bad_trial_rejection
[2026-06-14 09:41:38]   - [off] split::fold_safe_normalization | mode=none
[2026-06-14 09:41:38] Source extract dir: /Users/vadim/Documents/School/Spring 2026/CSCE A698 Individual Research/EEG_JEPA/liu2024_data/liu2024_figshare/sourcedata
[2026-06-14 09:41:38] Found 50 .mat files
[2026-06-14 09:41:38] MAT structure preview saved to: /Users/vadim/Documents/School/Spring 2026/CSCE A698 Individual Research/EEG_JEPA/artifacts/liu2024-twfb-shifting-window-diagnostics/20260614_0941_8720608a/mat_structure_preview_first_subject.csv
[2026-06-14 09:41:44] Subjects loaded: [1, 2, 3, 4, 5, 6, 7, 8, 9, 10, 11, 12, 13, 14, 15, 16, 17, 18, 19, 20, 21, 22, 23, 24, 25, 26, 27, 28, 29, 30, 31, 32, 33, 34, 35, 36, 37, 38, 39, 40, 41, 42, 43, 44, 45, 46, 47, 48, 49, 50]
[2026-06-14 09:41:44] Subject inventory saved to: /Users/vadim/Documents/School/Spring 2026/CSCE A698 Individual Research/EEG_JEPA/artifacts/liu2024-twfb-shifting-window-diagnostics/20260614_0941_8720608a/subject_inventory.csv
[2026-06-14 09:41:59] X_ALL shape: (2000, 29, 256) | Y_ALL counts: [1000, 1000]
[2026-06-14 09:41:59] Preprocessing steps used:
[2026-06-14 09:41:59]   - select 29 EEG channels; drop CPz source reference, EOG, and marker
[2026-06-14 09:41:59]   - source demean skipped
[2026-06-14 09:41:59]   - source detrend skipped
[2026-06-14 09:41:59]   - EOG correction skipped
[2026-06-14 09:41:59]   - source artifact clipping skipped
[2026-06-14 09:41:59]   - convert source microvolts to MNE volts
[2026-06-14 09:41:59]   - average reference at before resample/filter
[2026-06-14 09:41:59]   - resample to 128 Hz
[2026-06-14 09:41:59]   - FIR bandpass 0.5–40.0 Hz | phase=zero | fir_design=firwin
[2026-06-14 09:41:59]   - convert MNE volts to model microvolts
[2026-06-14 09:41:59]   - crop fixed window samples [192:448]
[2026-06-14 09:41:59]   - bad-trial rejection skipped
[2026-06-14 09:41:59] Window summary saved to: /Users/vadim/Documents/School/Spring 2026/CSCE A698 Individual Research/EEG_JEPA/artifacts/liu2024-twfb-shifting-window-diagnostics/20260614_0941_8720608a/window_counts_by_subject.csv
[2026-06-14 09:42:05] Cached raw arrays for 50 subjects.
[2026-06-14 09:42:08]   start=0.0s subject 1: swept 11 bands
[2026-06-14 09:42:10]   start=0.0s subject 2: swept 11 bands
[2026-06-14 09:42:13]   start=0.0s subject 3: swept 11 bands
[2026-06-14 09:42:15]   start=0.0s subject 4: swept 11 bands
[2026-06-14 09:42:18]   start=0.0s subject 5: swept 11 bands
[2026-06-14 09:42:20]   start=0.0s subject 6: swept 11 bands
[2026-06-14 09:42:22]   start=0.0s subject 7: swept 11 bands
[2026-06-14 09:42:25]   start=0.0s subject 8: swept 11 bands
[2026-06-14 09:42:27]   start=0.0s subject 9: swept 11 bands
[2026-06-14 09:42:29]   start=0.0s subject 10: swept 11 bands
[2026-06-14 09:42:32]   start=0.0s subject 11: swept 11 bands
[2026-06-14 09:42:34]   start=0.0s subject 12: swept 11 bands
[2026-06-14 09:42:36]   start=0.0s subject 13: swept 11 bands
[2026-06-14 09:42:38]   start=0.0s subject 14: swept 11 bands
[2026-06-14 09:42:41]   start=0.0s subject 15: swept 11 bands
[2026-06-14 09:42:44]   start=0.0s subject 16: swept 11 bands
[2026-06-14 09:42:46]   start=0.0s subject 17: swept 11 bands
[2026-06-14 09:42:48]   start=0.0s subject 18: swept 11 bands
[2026-06-14 09:42:51]   start=0.0s subject 19: swept 11 bands
[2026-06-14 09:42:53]   start=0.0s subject 20: swept 11 bands
[2026-06-14 09:42:55]   start=0.0s subject 21: swept 11 bands
[2026-06-14 09:42:58]   start=0.0s subject 22: swept 11 bands
[2026-06-14 09:43:00]   start=0.0s subject 23: swept 11 bands
[2026-06-14 09:43:02]   start=0.0s subject 24: swept 11 bands
[2026-06-14 09:43:05]   start=0.0s subject 25: swept 11 bands
[2026-06-14 09:43:07]   start=0.0s subject 26: swept 11 bands
[2026-06-14 09:43:09]   start=0.0s subject 27: swept 11 bands
[2026-06-14 09:43:11]   start=0.0s subject 28: swept 11 bands
[2026-06-14 09:43:14]   start=0.0s subject 29: swept 11 bands
[2026-06-14 09:43:16]   start=0.0s subject 30: swept 11 bands
[2026-06-14 09:43:18]   start=0.0s subject 31: swept 11 bands
[2026-06-14 09:43:21]   start=0.0s subject 32: swept 11 bands
[2026-06-14 09:43:23]   start=0.0s subject 33: swept 11 bands
[2026-06-14 09:43:25]   start=0.0s subject 34: swept 11 bands
[2026-06-14 09:43:28]   start=0.0s subject 35: swept 11 bands
[2026-06-14 09:43:30]   start=0.0s subject 36: swept 11 bands
[2026-06-14 09:43:32]   start=0.0s subject 37: swept 11 bands
[2026-06-14 09:43:34]   start=0.0s subject 38: swept 11 bands
[2026-06-14 09:43:37]   start=0.0s subject 39: swept 11 bands
[2026-06-14 09:43:39]   start=0.0s subject 40: swept 11 bands
[2026-06-14 09:43:42]   start=0.0s subject 41: swept 11 bands
[2026-06-14 09:43:44]   start=0.0s subject 42: swept 11 bands
[2026-06-14 09:43:46]   start=0.0s subject 43: swept 11 bands
[2026-06-14 09:43:49]   start=0.0s subject 44: swept 11 bands
[2026-06-14 09:43:51]   start=0.0s subject 45: swept 11 bands
[2026-06-14 09:43:53]   start=0.0s subject 46: swept 11 bands
[2026-06-14 09:43:55]   start=0.0s subject 47: swept 11 bands
[2026-06-14 09:43:58]   start=0.0s subject 48: swept 11 bands
[2026-06-14 09:44:00]   start=0.0s subject 49: swept 11 bands
[2026-06-14 09:44:02]   start=0.0s subject 50: swept 11 bands
[2026-06-14 09:44:04]   start=0.5s subject 1: swept 11 bands
[2026-06-14 09:44:06]   start=0.5s subject 2: swept 11 bands
[2026-06-14 09:44:09]   start=0.5s subject 3: swept 11 bands
[2026-06-14 09:44:11]   start=0.5s subject 4: swept 11 bands
[2026-06-14 09:44:13]   start=0.5s subject 5: swept 11 bands
[2026-06-14 09:44:15]   start=0.5s subject 6: swept 11 bands
[2026-06-14 09:44:18]   start=0.5s subject 7: swept 11 bands
[2026-06-14 09:44:20]   start=0.5s subject 8: swept 11 bands
[2026-06-14 09:44:22]   start=0.5s subject 9: swept 11 bands
[2026-06-14 09:44:24]   start=0.5s subject 10: swept 11 bands
[2026-06-14 09:44:26]   start=0.5s subject 11: swept 11 bands
[2026-06-14 09:44:28]   start=0.5s subject 12: swept 11 bands
[2026-06-14 09:44:30]   start=0.5s subject 13: swept 11 bands
[2026-06-14 09:44:33]   start=0.5s subject 14: swept 11 bands
[2026-06-14 09:44:35]   start=0.5s subject 15: swept 11 bands
[2026-06-14 09:44:37]   start=0.5s subject 16: swept 11 bands
[2026-06-14 09:44:39]   start=0.5s subject 17: swept 11 bands
[2026-06-14 09:44:41]   start=0.5s subject 18: swept 11 bands
[2026-06-14 09:44:44]   start=0.5s subject 19: swept 11 bands
[2026-06-14 09:44:46]   start=0.5s subject 20: swept 11 bands
[2026-06-14 09:44:48]   start=0.5s subject 21: swept 11 bands
[2026-06-14 09:44:50]   start=0.5s subject 22: swept 11 bands
[2026-06-14 09:44:52]   start=0.5s subject 23: swept 11 bands
[2026-06-14 09:44:55]   start=0.5s subject 24: swept 11 bands
[2026-06-14 09:44:57]   start=0.5s subject 25: swept 11 bands
[2026-06-14 09:44:59]   start=0.5s subject 26: swept 11 bands
[2026-06-14 09:45:02]   start=0.5s subject 27: swept 11 bands
[2026-06-14 09:45:04]   start=0.5s subject 28: swept 11 bands
[2026-06-14 09:45:06]   start=0.5s subject 29: swept 11 bands
[2026-06-14 09:45:08]   start=0.5s subject 30: swept 11 bands
[2026-06-14 09:45:10]   start=0.5s subject 31: swept 11 bands
[2026-06-14 09:45:12]   start=0.5s subject 32: swept 11 bands
[2026-06-14 09:45:15]   start=0.5s subject 33: swept 11 bands
[2026-06-14 09:45:17]   start=0.5s subject 34: swept 11 bands
[2026-06-14 09:45:19]   start=0.5s subject 35: swept 11 bands
[2026-06-14 09:45:21]   start=0.5s subject 36: swept 11 bands
[2026-06-14 09:45:23]   start=0.5s subject 37: swept 11 bands
[2026-06-14 09:45:26]   start=0.5s subject 38: swept 11 bands
[2026-06-14 09:45:28]   start=0.5s subject 39: swept 11 bands
[2026-06-14 09:45:30]   start=0.5s subject 40: swept 11 bands
[2026-06-14 09:45:32]   start=0.5s subject 41: swept 11 bands
[2026-06-14 09:45:34]   start=0.5s subject 42: swept 11 bands
[2026-06-14 09:45:37]   start=0.5s subject 43: swept 11 bands
[2026-06-14 09:45:39]   start=0.5s subject 44: swept 11 bands
[2026-06-14 09:45:41]   start=0.5s subject 45: swept 11 bands
[2026-06-14 09:45:43]   start=0.5s subject 46: swept 11 bands
[2026-06-14 09:45:46]   start=0.5s subject 47: swept 11 bands
[2026-06-14 09:45:48]   start=0.5s subject 48: swept 11 bands
[2026-06-14 09:45:50]   start=0.5s subject 49: swept 11 bands
[2026-06-14 09:45:52]   start=0.5s subject 50: swept 11 bands
[2026-06-14 09:45:54]   start=1.0s subject 1: swept 11 bands
[2026-06-14 09:45:57]   start=1.0s subject 2: swept 11 bands
[2026-06-14 09:45:59]   start=1.0s subject 3: swept 11 bands
[2026-06-14 09:46:01]   start=1.0s subject 4: swept 11 bands
[2026-06-14 09:46:03]   start=1.0s subject 5: swept 11 bands
[2026-06-14 09:46:06]   start=1.0s subject 6: swept 11 bands
[2026-06-14 09:46:08]   start=1.0s subject 7: swept 11 bands
[2026-06-14 09:46:10]   start=1.0s subject 8: swept 11 bands
[2026-06-14 09:46:12]   start=1.0s subject 9: swept 11 bands
[2026-06-14 09:46:14]   start=1.0s subject 10: swept 11 bands
[2026-06-14 09:46:16]   start=1.0s subject 11: swept 11 bands
[2026-06-14 09:46:18]   start=1.0s subject 12: swept 11 bands
[2026-06-14 09:46:20]   start=1.0s subject 13: swept 11 bands
[2026-06-14 09:46:22]   start=1.0s subject 14: swept 11 bands
[2026-06-14 09:46:24]   start=1.0s subject 15: swept 11 bands
[2026-06-14 09:46:26]   start=1.0s subject 16: swept 11 bands
[2026-06-14 09:46:28]   start=1.0s subject 17: swept 11 bands
[2026-06-14 09:46:31]   start=1.0s subject 18: swept 11 bands
[2026-06-14 09:46:33]   start=1.0s subject 19: swept 11 bands
[2026-06-14 09:46:35]   start=1.0s subject 20: swept 11 bands
[2026-06-14 09:46:37]   start=1.0s subject 21: swept 11 bands
[2026-06-14 09:46:39]   start=1.0s subject 22: swept 11 bands
[2026-06-14 09:46:41]   start=1.0s subject 23: swept 11 bands
[2026-06-14 09:46:43]   start=1.0s subject 24: swept 11 bands
[2026-06-14 09:46:45]   start=1.0s subject 25: swept 11 bands
[2026-06-14 09:46:47]   start=1.0s subject 26: swept 11 bands
[2026-06-14 09:46:49]   start=1.0s subject 27: swept 11 bands
[2026-06-14 09:46:51]   start=1.0s subject 28: swept 11 bands
[2026-06-14 09:46:53]   start=1.0s subject 29: swept 11 bands
[2026-06-14 09:46:55]   start=1.0s subject 30: swept 11 bands
[2026-06-14 09:46:57]   start=1.0s subject 31: swept 11 bands
[2026-06-14 09:47:00]   start=1.0s subject 32: swept 11 bands
[2026-06-14 09:47:02]   start=1.0s subject 33: swept 11 bands
[2026-06-14 09:47:04]   start=1.0s subject 34: swept 11 bands
[2026-06-14 09:47:06]   start=1.0s subject 35: swept 11 bands
[2026-06-14 09:47:08]   start=1.0s subject 36: swept 11 bands
[2026-06-14 09:47:10]   start=1.0s subject 37: swept 11 bands
[2026-06-14 09:47:12]   start=1.0s subject 38: swept 11 bands
[2026-06-14 09:47:14]   start=1.0s subject 39: swept 11 bands
[2026-06-14 09:47:16]   start=1.0s subject 40: swept 11 bands
[2026-06-14 09:47:19]   start=1.0s subject 41: swept 11 bands
[2026-06-14 09:47:21]   start=1.0s subject 42: swept 11 bands
[2026-06-14 09:47:23]   start=1.0s subject 43: swept 11 bands
[2026-06-14 09:47:25]   start=1.0s subject 44: swept 11 bands
[2026-06-14 09:47:27]   start=1.0s subject 45: swept 11 bands
[2026-06-14 09:47:29]   start=1.0s subject 46: swept 11 bands
[2026-06-14 09:47:31]   start=1.0s subject 47: swept 11 bands
[2026-06-14 09:47:33]   start=1.0s subject 48: swept 11 bands
[2026-06-14 09:47:35]   start=1.0s subject 49: swept 11 bands
[2026-06-14 09:47:37]   start=1.0s subject 50: swept 11 bands
[2026-06-14 09:47:39]   start=1.5s subject 1: swept 11 bands
[2026-06-14 09:47:41]   start=1.5s subject 2: swept 11 bands
[2026-06-14 09:47:44]   start=1.5s subject 3: swept 11 bands
[2026-06-14 09:47:46]   start=1.5s subject 4: swept 11 bands
[2026-06-14 09:47:48]   start=1.5s subject 5: swept 11 bands
[2026-06-14 09:47:50]   start=1.5s subject 6: swept 11 bands
[2026-06-14 09:47:52]   start=1.5s subject 7: swept 11 bands
[2026-06-14 09:47:54]   start=1.5s subject 8: swept 11 bands
[2026-06-14 09:47:56]   start=1.5s subject 9: swept 11 bands
[2026-06-14 09:47:58]   start=1.5s subject 10: swept 11 bands
[2026-06-14 09:48:00]   start=1.5s subject 11: swept 11 bands
[2026-06-14 09:48:02]   start=1.5s subject 12: swept 11 bands
[2026-06-14 09:48:04]   start=1.5s subject 13: swept 11 bands
[2026-06-14 09:48:06]   start=1.5s subject 14: swept 11 bands
[2026-06-14 09:48:08]   start=1.5s subject 15: swept 11 bands
[2026-06-14 09:48:11]   start=1.5s subject 16: swept 11 bands
[2026-06-14 09:48:13]   start=1.5s subject 17: swept 11 bands
[2026-06-14 09:48:15]   start=1.5s subject 18: swept 11 bands
[2026-06-14 09:48:17]   start=1.5s subject 19: swept 11 bands
[2026-06-14 09:48:19]   start=1.5s subject 20: swept 11 bands
[2026-06-14 09:48:21]   start=1.5s subject 21: swept 11 bands
[2026-06-14 09:48:23]   start=1.5s subject 22: swept 11 bands
[2026-06-14 09:48:25]   start=1.5s subject 23: swept 11 bands
[2026-06-14 09:48:28]   start=1.5s subject 24: swept 11 bands
[2026-06-14 09:48:30]   start=1.5s subject 25: swept 11 bands
[2026-06-14 09:48:32]   start=1.5s subject 26: swept 11 bands
[2026-06-14 09:48:34]   start=1.5s subject 27: swept 11 bands
[2026-06-14 09:48:36]   start=1.5s subject 28: swept 11 bands
[2026-06-14 09:48:38]   start=1.5s subject 29: swept 11 bands
[2026-06-14 09:48:40]   start=1.5s subject 30: swept 11 bands
[2026-06-14 09:48:42]   start=1.5s subject 31: swept 11 bands
[2026-06-14 09:48:44]   start=1.5s subject 32: swept 11 bands
[2026-06-14 09:48:46]   start=1.5s subject 33: swept 11 bands
[2026-06-14 09:48:48]   start=1.5s subject 34: swept 11 bands
[2026-06-14 09:48:50]   start=1.5s subject 35: swept 11 bands
[2026-06-14 09:48:52]   start=1.5s subject 36: swept 11 bands
[2026-06-14 09:48:55]   start=1.5s subject 37: swept 11 bands
[2026-06-14 09:48:57]   start=1.5s subject 38: swept 11 bands
[2026-06-14 09:48:59]   start=1.5s subject 39: swept 11 bands
[2026-06-14 09:49:01]   start=1.5s subject 40: swept 11 bands
[2026-06-14 09:49:03]   start=1.5s subject 41: swept 11 bands
[2026-06-14 09:49:05]   start=1.5s subject 42: swept 11 bands
[2026-06-14 09:49:07]   start=1.5s subject 43: swept 11 bands
[2026-06-14 09:49:09]   start=1.5s subject 44: swept 11 bands
[2026-06-14 09:49:12]   start=1.5s subject 45: swept 11 bands
[2026-06-14 09:49:14]   start=1.5s subject 46: swept 11 bands
[2026-06-14 09:49:16]   start=1.5s subject 47: swept 11 bands
[2026-06-14 09:49:18]   start=1.5s subject 48: swept 11 bands
[2026-06-14 09:49:20]   start=1.5s subject 49: swept 11 bands
[2026-06-14 09:49:22]   start=1.5s subject 50: swept 11 bands
[2026-06-14 09:49:24]   start=2.0s subject 1: swept 11 bands
[2026-06-14 09:49:26]   start=2.0s subject 2: swept 11 bands
[2026-06-14 09:49:29]   start=2.0s subject 3: swept 11 bands
[2026-06-14 09:49:31]   start=2.0s subject 4: swept 11 bands
[2026-06-14 09:49:33]   start=2.0s subject 5: swept 11 bands
[2026-06-14 09:49:35]   start=2.0s subject 6: swept 11 bands
[2026-06-14 09:49:37]   start=2.0s subject 7: swept 11 bands
[2026-06-14 09:49:39]   start=2.0s subject 8: swept 11 bands
[2026-06-14 09:49:42]   start=2.0s subject 9: swept 11 bands
[2026-06-14 09:49:44]   start=2.0s subject 10: swept 11 bands
[2026-06-14 09:49:46]   start=2.0s subject 11: swept 11 bands
[2026-06-14 09:49:48]   start=2.0s subject 12: swept 11 bands
[2026-06-14 09:49:50]   start=2.0s subject 13: swept 11 bands
[2026-06-14 09:49:52]   start=2.0s subject 14: swept 11 bands
[2026-06-14 09:49:54]   start=2.0s subject 15: swept 11 bands
[2026-06-14 09:49:56]   start=2.0s subject 16: swept 11 bands
[2026-06-14 09:49:58]   start=2.0s subject 17: swept 11 bands
[2026-06-14 09:50:00]   start=2.0s subject 18: swept 11 bands
[2026-06-14 09:50:03]   start=2.0s subject 19: swept 11 bands
[2026-06-14 09:50:05]   start=2.0s subject 20: swept 11 bands
[2026-06-14 09:50:07]   start=2.0s subject 21: swept 11 bands
[2026-06-14 09:50:09]   start=2.0s subject 22: swept 11 bands
[2026-06-14 09:50:11]   start=2.0s subject 23: swept 11 bands
[2026-06-14 09:50:13]   start=2.0s subject 24: swept 11 bands
[2026-06-14 09:50:15]   start=2.0s subject 25: swept 11 bands
[2026-06-14 09:50:18]   start=2.0s subject 26: swept 11 bands
[2026-06-14 09:50:20]   start=2.0s subject 27: swept 11 bands
[2026-06-14 09:50:22]   start=2.0s subject 28: swept 11 bands
[2026-06-14 09:50:24]   start=2.0s subject 29: swept 11 bands
[2026-06-14 09:50:26]   start=2.0s subject 30: swept 11 bands
[2026-06-14 09:50:28]   start=2.0s subject 31: swept 11 bands
[2026-06-14 09:50:30]   start=2.0s subject 32: swept 11 bands
[2026-06-14 09:50:32]   start=2.0s subject 33: swept 11 bands
[2026-06-14 09:50:34]   start=2.0s subject 34: swept 11 bands
[2026-06-14 09:50:37]   start=2.0s subject 35: swept 11 bands
[2026-06-14 09:50:39]   start=2.0s subject 36: swept 11 bands
[2026-06-14 09:50:41]   start=2.0s subject 37: swept 11 bands
[2026-06-14 09:50:43]   start=2.0s subject 38: swept 11 bands
[2026-06-14 09:50:45]   start=2.0s subject 39: swept 11 bands
[2026-06-14 09:50:47]   start=2.0s subject 40: swept 11 bands
[2026-06-14 09:50:49]   start=2.0s subject 41: swept 11 bands
[2026-06-14 09:50:51]   start=2.0s subject 42: swept 11 bands
[2026-06-14 09:50:54]   start=2.0s subject 43: swept 11 bands
[2026-06-14 09:50:56]   start=2.0s subject 44: swept 11 bands
[2026-06-14 09:50:58]   start=2.0s subject 45: swept 11 bands
[2026-06-14 09:51:00]   start=2.0s subject 46: swept 11 bands
[2026-06-14 09:51:02]   start=2.0s subject 47: swept 11 bands
[2026-06-14 09:51:04]   start=2.0s subject 48: swept 11 bands
[2026-06-14 09:51:06]   start=2.0s subject 49: swept 11 bands
[2026-06-14 09:51:08]   start=2.0s subject 50: swept 11 bands

[2026-06-14 09:51:08] Grid: 2750 (subject x window x band) cells saved to twfb_grid_long.csv
[2026-06-14 09:51:08] Best (window, band) per subject by balanced accuracy:

[2026-06-14 09:51:09] Group-mean balanced accuracy (window x band):
[2026-06-14 09:51:09] band             8-12  10-14  12-16  14-18  16-20  18-22  20-24  22-26  24-28  26-30   8-30
window_start_s                                                                             
0.0             0.484  0.480  0.462  0.472  0.461  0.456  0.477  0.474  0.461  0.447  0.452
0.5             0.495  0.482  0.490  0.470  0.480  0.480  0.496  0.484  0.464  0.460  0.480
1.0             0.488  0.488  0.476  0.468  0.480  0.475  0.489  0.495  0.455  0.438  0.467
1.5             0.515  0.493  0.477  0.486  0.492  0.467  0.470  0.476  0.470  0.444  0.469
2.0             0.488  0.488  0.490  0.480  0.480  0.472  0.507  0.472  0.482  0.464  0.473
[2026-06-14 09:51:09] Saved: /Users/vadim/Documents/School/Spring 2026/CSCE A698 Individual Research/EEG_JEPA/artifacts/liu2024-twfb-shifting-window-diagnostics/20260614_0941_8720608a/twfb_group_mean_heatmap.png
[2026-06-14 09:51:11] Saved: /Users/vadim/Documents/School/Spring 2026/CSCE A698 Individual Research/EEG_JEPA/artifacts/liu2024-twfb-shifting-window-diagnostics/20260614_0941_8720608a/twfb_subject_sensitivity_maps.png
[2026-06-14 09:51:11] Saved run metadata to: /Users/vadim/Documents/School/Spring 2026/CSCE A698 Individual Research/EEG_JEPA/artifacts/liu2024-twfb-shifting-window-diagnostics/20260614_0941_8720608a/run_metadata.json
[2026-06-14 09:51:11]   - config.json
[2026-06-14 09:51:11]   - mat_structure_preview_first_subject.csv
[2026-06-14 09:51:11]   - run.log
[2026-06-14 09:51:11]   - run_metadata.json
[2026-06-14 09:51:11]   - subject_inventory.csv
[2026-06-14 09:51:11]   - twfb_best_per_subject.csv
[2026-06-14 09:51:11]   - twfb_grid_long.csv
[2026-06-14 09:51:11]   - twfb_group_mean_grid.csv
[2026-06-14 09:51:11]   - twfb_group_mean_heatmap.png
[2026-06-14 09:51:11]   - twfb_subject_sensitivity_maps.png
[2026-06-14 09:51:11]   - window_counts_by_subject.csv
