Notebook:       /home/vegorov/Repos/eeg_jepa_research/src/liu2024/liu2024_source_mat_sjepa_prelocal_clean_pipeline.ipynb
Configurations: /home/vegorov/Repos/eeg_jepa_research/src/utils/experiments/configs/liu2024_sjepa_next_accuracy_stability_timing_sweep.json
Total configs:  18

[1/18] Running config override:
{
  "mi_window_start_s": 2.0,
  "resample": true,
  "resample_sfreq": 128,
  "reference_mode": "average",
  "reference_timing": "before_resample_filter",
  "filter_enabled": true,
  "filter_low": 0.5,
  "filter_high": 40.0,
  "filter_method": "fir",
  "filter_phase": "zero",
  "filter_fir_design": "firwin",
  "filter_iir_params": null,
  "demean_mode": "baseline_window_mean",
  "baseline_window_s": [
    0.0,
    2.0
  ],
  "normalization_mode": "none",
  "pretrained_mode": "from_pretrained",
  "strategy": "new",
  "learning_rate": 0.0004,
  "batch_size": 4,
  "optimizer_name": "adam",
  "weight_decay": 0.0,
  "early_stopping_patience": 50,
  "val_split": 0.2,
  "augmentation_noise_fraction": 0.0,
  "augmentation_time_shift_samples": 0,
  "augmentation_channel_dropout_prob": 0.0,
  "evaluation_mode": "stratified_kfold",
  "cv_folds": 5,
  "experiment_name": "next_confirm_best_accuracy_537_seed2026",
  "config_note": "Seed confirmation for current best accuracy-style setting: 2.0s start, 537 samples, 0.5-40 Hz, average reference, batch 4, lr 0.0004.",
  "seed": 2026,
  "cv_random_state": 2026,
  "val_split_random_state": 2026,
  "split_random_state": 2026,
  "target_window_samples": 537,
  "target_window_s": 4.195312
}
  status:       completed
  elapsed_sec:  931.732
  run_id:       20260529_1255_3dec0ff7
  artifact_dir: /home/vegorov/Repos/eeg_jepa_research/artifacts/liu2024-source-mat-sjepa-prelocal/20260529_1255_3dec0ff7

[2/18] Running config override:
{
  "mi_window_start_s": 2.0,
  "resample": true,
  "resample_sfreq": 128,
  "reference_mode": "average",
  "reference_timing": "before_resample_filter",
  "filter_enabled": true,
  "filter_low": 0.5,
  "filter_high": 40.0,
  "filter_method": "fir",
  "filter_phase": "zero",
  "filter_fir_design": "firwin",
  "filter_iir_params": null,
  "demean_mode": "baseline_window_mean",
  "baseline_window_s": [
    0.0,
    2.0
  ],
  "normalization_mode": "none",
  "pretrained_mode": "from_pretrained",
  "strategy": "new",
  "learning_rate": 0.0004,
  "batch_size": 4,
  "optimizer_name": "adam",
  "weight_decay": 0.0,
  "early_stopping_patience": 50,
  "val_split": 0.2,
  "augmentation_noise_fraction": 0.0,
  "augmentation_time_shift_samples": 0,
  "augmentation_channel_dropout_prob": 0.0,
  "evaluation_mode": "stratified_kfold",
  "cv_folds": 5,
  "experiment_name": "next_confirm_best_accuracy_537_seed2027",
  "config_note": "Seed confirmation for current best accuracy-style setting: 2.0s start, 537 samples, 0.5-40 Hz, average reference, batch 4, lr 0.0004.",
  "seed": 2027,
  "cv_random_state": 2027,
  "val_split_random_state": 2027,
  "split_random_state": 2027,
  "target_window_samples": 537,
  "target_window_s": 4.195312
}
  status:       completed
  elapsed_sec:  1481.1
  run_id:       20260529_1311_93f1ebcb
  artifact_dir: /home/vegorov/Repos/eeg_jepa_research/artifacts/liu2024-source-mat-sjepa-prelocal/20260529_1311_93f1ebcb

[3/18] Running config override:
{
  "mi_window_start_s": 2.0,
  "resample": true,
  "resample_sfreq": 128,
  "reference_mode": "average",
  "reference_timing": "before_resample_filter",
  "filter_enabled": true,
  "filter_low": 0.5,
  "filter_high": 40.0,
  "filter_method": "fir",
  "filter_phase": "zero",
  "filter_fir_design": "firwin",
  "filter_iir_params": null,
  "demean_mode": "baseline_window_mean",
  "baseline_window_s": [
    0.0,
    2.0
  ],
  "normalization_mode": "none",
  "pretrained_mode": "from_pretrained",
  "strategy": "new",
  "learning_rate": 0.0004,
  "batch_size": 4,
  "optimizer_name": "adam",
  "weight_decay": 0.0,
  "early_stopping_patience": 50,
  "val_split": 0.2,
  "augmentation_noise_fraction": 0.0,
  "augmentation_time_shift_samples": 0,
  "augmentation_channel_dropout_prob": 0.0,
  "evaluation_mode": "stratified_kfold",
  "cv_folds": 5,
  "experiment_name": "next_confirm_best_accuracy_537_seed2028",
  "config_note": "Seed confirmation for current best accuracy-style setting: 2.0s start, 537 samples, 0.5-40 Hz, average reference, batch 4, lr 0.0004.",
  "seed": 2028,
  "cv_random_state": 2028,
  "val_split_random_state": 2028,
  "split_random_state": 2028,
  "target_window_samples": 537,
  "target_window_s": 4.195312
}
  status:       completed
  elapsed_sec:  1102.527
  run_id:       20260529_1335_c52a24b8
  artifact_dir: /home/vegorov/Repos/eeg_jepa_research/artifacts/liu2024-source-mat-sjepa-prelocal/20260529_1335_c52a24b8

[4/18] Running config override:
{
  "mi_window_start_s": 2.0,
  "resample": true,
  "resample_sfreq": 128,
  "reference_mode": "average",
  "reference_timing": "before_resample_filter",
  "filter_enabled": true,
  "filter_low": 0.5,
  "filter_high": 40.0,
  "filter_method": "fir",
  "filter_phase": "zero",
  "filter_fir_design": "firwin",
  "filter_iir_params": null,
  "demean_mode": "baseline_window_mean",
  "baseline_window_s": [
    0.0,
    2.0
  ],
  "normalization_mode": "none",
  "pretrained_mode": "from_pretrained",
  "strategy": "new",
  "learning_rate": 0.0004,
  "batch_size": 4,
  "optimizer_name": "adam",
  "weight_decay": 0.0,
  "early_stopping_patience": 50,
  "val_split": 0.2,
  "augmentation_noise_fraction": 0.0,
  "augmentation_time_shift_samples": 0,
  "augmentation_channel_dropout_prob": 0.0,
  "evaluation_mode": "stratified_kfold",
  "cv_folds": 5,
  "experiment_name": "next_confirm_best_accuracy_537_seed2029",
  "config_note": "Seed confirmation for current best accuracy-style setting: 2.0s start, 537 samples, 0.5-40 Hz, average reference, batch 4, lr 0.0004.",
  "seed": 2029,
  "cv_random_state": 2029,
  "val_split_random_state": 2029,
  "split_random_state": 2029,
  "target_window_samples": 537,
  "target_window_s": 4.195312
}
  status:       completed
  elapsed_sec:  1042.737
  run_id:       20260529_1354_84ec5dea
  artifact_dir: /home/vegorov/Repos/eeg_jepa_research/artifacts/liu2024-source-mat-sjepa-prelocal/20260529_1354_84ec5dea

[5/18] Running config override:
{
  "mi_window_start_s": 2.0,
  "resample": true,
  "resample_sfreq": 128,
  "reference_mode": "average",
  "reference_timing": "before_resample_filter",
  "filter_enabled": true,
  "filter_low": 0.5,
  "filter_high": 40.0,
  "filter_method": "fir",
  "filter_phase": "zero",
  "filter_fir_design": "firwin",
  "filter_iir_params": null,
  "demean_mode": "baseline_window_mean",
  "baseline_window_s": [
    0.0,
    2.0
  ],
  "normalization_mode": "none",
  "pretrained_mode": "from_pretrained",
  "strategy": "new",
  "learning_rate": 0.0004,
  "batch_size": 4,
  "optimizer_name": "adam",
  "weight_decay": 0.0,
  "early_stopping_patience": 50,
  "val_split": 0.2,
  "augmentation_noise_fraction": 0.0,
  "augmentation_time_shift_samples": 0,
  "augmentation_channel_dropout_prob": 0.0,
  "evaluation_mode": "stratified_kfold",
  "cv_folds": 5,
  "experiment_name": "next_confirm_best_accuracy_537_seed2030",
  "config_note": "Seed confirmation for current best accuracy-style setting: 2.0s start, 537 samples, 0.5-40 Hz, average reference, batch 4, lr 0.0004.",
  "seed": 2030,
  "cv_random_state": 2030,
  "val_split_random_state": 2030,
  "split_random_state": 2030,
  "target_window_samples": 537,
  "target_window_s": 4.195312
}
  status:       completed
  elapsed_sec:  1021.99
  run_id:       20260529_1411_57ff9f32
  artifact_dir: /home/vegorov/Repos/eeg_jepa_research/artifacts/liu2024-source-mat-sjepa-prelocal/20260529_1411_57ff9f32

[6/18] Running config override:
{
  "mi_window_start_s": 2.0,
  "resample": true,
  "resample_sfreq": 128,
  "reference_mode": "average",
  "reference_timing": "before_resample_filter",
  "filter_enabled": true,
  "filter_low": 0.5,
  "filter_high": 40.0,
  "filter_method": "fir",
  "filter_phase": "zero",
  "filter_fir_design": "firwin",
  "filter_iir_params": null,
  "demean_mode": "baseline_window_mean",
  "baseline_window_s": [
    0.0,
    2.0
  ],
  "normalization_mode": "none",
  "pretrained_mode": "from_pretrained",
  "strategy": "new",
  "learning_rate": 0.0004,
  "batch_size": 4,
  "optimizer_name": "adam",
  "weight_decay": 0.0,
  "early_stopping_patience": 50,
  "val_split": 0.2,
  "augmentation_noise_fraction": 0.0,
  "augmentation_time_shift_samples": 0,
  "augmentation_channel_dropout_prob": 0.0,
  "evaluation_mode": "stratified_kfold",
  "cv_folds": 5,
  "experiment_name": "next_exact4s_best_hp_512_seed2026",
  "config_note": "Exact 4.0s Liu-style MI window with best small-batch hyperparameters: 2.0s start, 512 samples, 0.5-40 Hz, average reference, batch 4, lr 0.0004.",
  "seed": 2026,
  "cv_random_state": 2026,
  "val_split_random_state": 2026,
  "split_random_state": 2026,
  "target_window_samples": 512,
  "target_window_s": 4.0
}
  status:       completed
  elapsed_sec:  952.022
  run_id:       20260529_1428_c83cebb9
  artifact_dir: /home/vegorov/Repos/eeg_jepa_research/artifacts/liu2024-source-mat-sjepa-prelocal/20260529_1428_c83cebb9

[7/18] Running config override:
{
  "mi_window_start_s": 2.0,
  "resample": true,
  "resample_sfreq": 128,
  "reference_mode": "average",
  "reference_timing": "before_resample_filter",
  "filter_enabled": true,
  "filter_low": 0.5,
  "filter_high": 40.0,
  "filter_method": "fir",
  "filter_phase": "zero",
  "filter_fir_design": "firwin",
  "filter_iir_params": null,
  "demean_mode": "baseline_window_mean",
  "baseline_window_s": [
    0.0,
    2.0
  ],
  "normalization_mode": "none",
  "pretrained_mode": "from_pretrained",
  "strategy": "new",
  "learning_rate": 0.0004,
  "batch_size": 4,
  "optimizer_name": "adam",
  "weight_decay": 0.0,
  "early_stopping_patience": 50,
  "val_split": 0.2,
  "augmentation_noise_fraction": 0.0,
  "augmentation_time_shift_samples": 0,
  "augmentation_channel_dropout_prob": 0.0,
  "evaluation_mode": "stratified_kfold",
  "cv_folds": 5,
  "experiment_name": "next_exact4s_best_hp_512_seed2027",
  "config_note": "Exact 4.0s Liu-style MI window with best small-batch hyperparameters: 2.0s start, 512 samples, 0.5-40 Hz, average reference, batch 4, lr 0.0004.",
  "seed": 2027,
  "cv_random_state": 2027,
  "val_split_random_state": 2027,
  "split_random_state": 2027,
  "target_window_samples": 512,
  "target_window_s": 4.0
}
  status:       completed
  elapsed_sec:  1250.005
  run_id:       20260529_1444_59aad1df
  artifact_dir: /home/vegorov/Repos/eeg_jepa_research/artifacts/liu2024-source-mat-sjepa-prelocal/20260529_1444_59aad1df

[8/18] Running config override:
{
  "mi_window_start_s": 2.0,
  "resample": true,
  "resample_sfreq": 128,
  "reference_mode": "average",
  "reference_timing": "before_resample_filter",
  "filter_enabled": true,
  "filter_low": 0.5,
  "filter_high": 40.0,
  "filter_method": "fir",
  "filter_phase": "zero",
  "filter_fir_design": "firwin",
  "filter_iir_params": null,
  "demean_mode": "baseline_window_mean",
  "baseline_window_s": [
    0.0,
    2.0
  ],
  "normalization_mode": "none",
  "pretrained_mode": "from_pretrained",
  "strategy": "new",
  "learning_rate": 0.0004,
  "batch_size": 4,
  "optimizer_name": "adam",
  "weight_decay": 0.0,
  "early_stopping_patience": 50,
  "val_split": 0.2,
  "augmentation_noise_fraction": 0.0,
  "augmentation_time_shift_samples": 0,
  "augmentation_channel_dropout_prob": 0.0,
  "evaluation_mode": "stratified_kfold",
  "cv_folds": 5,
  "experiment_name": "next_exact4s_best_hp_512_seed2028",
  "config_note": "Exact 4.0s Liu-style MI window with best small-batch hyperparameters: 2.0s start, 512 samples, 0.5-40 Hz, average reference, batch 4, lr 0.0004.",
  "seed": 2028,
  "cv_random_state": 2028,
  "val_split_random_state": 2028,
  "split_random_state": 2028,
  "target_window_samples": 512,
  "target_window_s": 4.0
}
  status:       completed
  elapsed_sec:  1155.326
  run_id:       20260529_1505_51102bc5
  artifact_dir: /home/vegorov/Repos/eeg_jepa_research/artifacts/liu2024-source-mat-sjepa-prelocal/20260529_1505_51102bc5

[9/18] Running config override:
{
  "mi_window_start_s": 2.0,
  "resample": true,
  "resample_sfreq": 128,
  "reference_mode": "average",
  "reference_timing": "before_resample_filter",
  "filter_enabled": true,
  "filter_low": 0.5,
  "filter_high": 40.0,
  "filter_method": "fir",
  "filter_phase": "zero",
  "filter_fir_design": "firwin",
  "filter_iir_params": null,
  "demean_mode": "baseline_window_mean",
  "baseline_window_s": [
    0.0,
    2.0
  ],
  "normalization_mode": "none",
  "pretrained_mode": "from_pretrained",
  "strategy": "new",
  "learning_rate": 0.0004,
  "batch_size": 4,
  "optimizer_name": "adam",
  "weight_decay": 0.0,
  "early_stopping_patience": 50,
  "val_split": 0.2,
  "augmentation_noise_fraction": 0.0,
  "augmentation_time_shift_samples": 0,
  "augmentation_channel_dropout_prob": 0.0,
  "evaluation_mode": "stratified_kfold",
  "cv_folds": 5,
  "experiment_name": "next_exact4s_best_hp_512_seed2029",
  "config_note": "Exact 4.0s Liu-style MI window with best small-batch hyperparameters: 2.0s start, 512 samples, 0.5-40 Hz, average reference, batch 4, lr 0.0004.",
  "seed": 2029,
  "cv_random_state": 2029,
  "val_split_random_state": 2029,
  "split_random_state": 2029,
  "target_window_samples": 512,
  "target_window_s": 4.0
}
  status:       completed
  elapsed_sec:  1096.33
  run_id:       20260529_1524_75f83960
  artifact_dir: /home/vegorov/Repos/eeg_jepa_research/artifacts/liu2024-source-mat-sjepa-prelocal/20260529_1524_75f83960

[10/18] Running config override:
{
  "mi_window_start_s": 2.0,
  "resample": true,
  "resample_sfreq": 128,
  "reference_mode": "average",
  "reference_timing": "before_resample_filter",
  "filter_enabled": true,
  "filter_low": 0.5,
  "filter_high": 40.0,
  "filter_method": "fir",
  "filter_phase": "zero",
  "filter_fir_design": "firwin",
  "filter_iir_params": null,
  "demean_mode": "baseline_window_mean",
  "baseline_window_s": [
    0.0,
    2.0
  ],
  "normalization_mode": "none",
  "pretrained_mode": "from_pretrained",
  "strategy": "new",
  "learning_rate": 0.0004,
  "batch_size": 4,
  "optimizer_name": "adam",
  "weight_decay": 0.0,
  "early_stopping_patience": 50,
  "val_split": 0.2,
  "augmentation_noise_fraction": 0.0,
  "augmentation_time_shift_samples": 0,
  "augmentation_channel_dropout_prob": 0.0,
  "evaluation_mode": "stratified_kfold",
  "cv_folds": 5,
  "experiment_name": "next_exact4s_best_hp_512_seed2030",
  "config_note": "Exact 4.0s Liu-style MI window with best small-batch hyperparameters: 2.0s start, 512 samples, 0.5-40 Hz, average reference, batch 4, lr 0.0004.",
  "seed": 2030,
  "cv_random_state": 2030,
  "val_split_random_state": 2030,
  "split_random_state": 2030,
  "target_window_samples": 512,
  "target_window_s": 4.0
}
  status:       completed
  elapsed_sec:  940.178
  run_id:       20260529_1543_c8609176
  artifact_dir: /home/vegorov/Repos/eeg_jepa_research/artifacts/liu2024-source-mat-sjepa-prelocal/20260529_1543_c8609176

[11/18] Running config override:
{
  "mi_window_start_s": 1.5,
  "resample": true,
  "resample_sfreq": 128,
  "reference_mode": "average",
  "reference_timing": "before_resample_filter",
  "filter_enabled": true,
  "filter_low": 0.5,
  "filter_high": 40.0,
  "filter_method": "fir",
  "filter_phase": "zero",
  "filter_fir_design": "firwin",
  "filter_iir_params": null,
  "demean_mode": "baseline_window_mean",
  "baseline_window_s": [
    0.0,
    2.0
  ],
  "normalization_mode": "none",
  "pretrained_mode": "from_pretrained",
  "strategy": "new",
  "learning_rate": 0.0004,
  "batch_size": 4,
  "optimizer_name": "adam",
  "weight_decay": 0.0,
  "early_stopping_patience": 50,
  "val_split": 0.2,
  "augmentation_noise_fraction": 0.0,
  "augmentation_time_shift_samples": 0,
  "augmentation_channel_dropout_prob": 0.0,
  "evaluation_mode": "stratified_kfold",
  "cv_folds": 5,
  "experiment_name": "next_timing_start1p5_samples512_seed2026",
  "config_note": "Small MI timing sweep: only mi_window_start_s and target_window_samples change; all other best S-JEPA settings fixed.",
  "seed": 2026,
  "cv_random_state": 2026,
  "val_split_random_state": 2026,
  "split_random_state": 2026,
  "target_window_samples": 512,
  "target_window_s": 4.0
}
  status:       completed
  elapsed_sec:  937.185
  run_id:       20260529_1558_7f4306a1
  artifact_dir: /home/vegorov/Repos/eeg_jepa_research/artifacts/liu2024-source-mat-sjepa-prelocal/20260529_1558_7f4306a1

[12/18] Running config override:
{
  "mi_window_start_s": 1.5,
  "resample": true,
  "resample_sfreq": 128,
  "reference_mode": "average",
  "reference_timing": "before_resample_filter",
  "filter_enabled": true,
  "filter_low": 0.5,
  "filter_high": 40.0,
  "filter_method": "fir",
  "filter_phase": "zero",
  "filter_fir_design": "firwin",
  "filter_iir_params": null,
  "demean_mode": "baseline_window_mean",
  "baseline_window_s": [
    0.0,
    2.0
  ],
  "normalization_mode": "none",
  "pretrained_mode": "from_pretrained",
  "strategy": "new",
  "learning_rate": 0.0004,
  "batch_size": 4,
  "optimizer_name": "adam",
  "weight_decay": 0.0,
  "early_stopping_patience": 50,
  "val_split": 0.2,
  "augmentation_noise_fraction": 0.0,
  "augmentation_time_shift_samples": 0,
  "augmentation_channel_dropout_prob": 0.0,
  "evaluation_mode": "stratified_kfold",
  "cv_folds": 5,
  "experiment_name": "next_timing_start1p5_samples537_seed2026",
  "config_note": "Small MI timing sweep: only mi_window_start_s and target_window_samples change; all other best S-JEPA settings fixed.",
  "seed": 2026,
  "cv_random_state": 2026,
  "val_split_random_state": 2026,
  "split_random_state": 2026,
  "target_window_samples": 537,
  "target_window_s": 4.195312
}
  status:       completed
  elapsed_sec:  893.153
  run_id:       20260529_1614_fc874af5
  artifact_dir: /home/vegorov/Repos/eeg_jepa_research/artifacts/liu2024-source-mat-sjepa-prelocal/20260529_1614_fc874af5

[13/18] Running config override:
{
  "mi_window_start_s": 2.25,
  "resample": true,
  "resample_sfreq": 128,
  "reference_mode": "average",
  "reference_timing": "before_resample_filter",
  "filter_enabled": true,
  "filter_low": 0.5,
  "filter_high": 40.0,
  "filter_method": "fir",
  "filter_phase": "zero",
  "filter_fir_design": "firwin",
  "filter_iir_params": null,
  "demean_mode": "baseline_window_mean",
  "baseline_window_s": [
    0.0,
    2.0
  ],
  "normalization_mode": "none",
  "pretrained_mode": "from_pretrained",
  "strategy": "new",
  "learning_rate": 0.0004,
  "batch_size": 4,
  "optimizer_name": "adam",
  "weight_decay": 0.0,
  "early_stopping_patience": 50,
  "val_split": 0.2,
  "augmentation_noise_fraction": 0.0,
  "augmentation_time_shift_samples": 0,
  "augmentation_channel_dropout_prob": 0.0,
  "evaluation_mode": "stratified_kfold",
  "cv_folds": 5,
  "experiment_name": "next_timing_start2p25_samples512_seed2026",
  "config_note": "Small MI timing sweep: only mi_window_start_s and target_window_samples change; all other best S-JEPA settings fixed.",
  "seed": 2026,
  "cv_random_state": 2026,
  "val_split_random_state": 2026,
  "split_random_state": 2026,
  "target_window_samples": 512,
  "target_window_s": 4.0
}
  status:       completed
  elapsed_sec:  917.45
  run_id:       20260529_1629_fbbeb70b
  artifact_dir: /home/vegorov/Repos/eeg_jepa_research/artifacts/liu2024-source-mat-sjepa-prelocal/20260529_1629_fbbeb70b

[14/18] Running config override:
{
  "mi_window_start_s": 2.25,
  "resample": true,
  "resample_sfreq": 128,
  "reference_mode": "average",
  "reference_timing": "before_resample_filter",
  "filter_enabled": true,
  "filter_low": 0.5,
  "filter_high": 40.0,
  "filter_method": "fir",
  "filter_phase": "zero",
  "filter_fir_design": "firwin",
  "filter_iir_params": null,
  "demean_mode": "baseline_window_mean",
  "baseline_window_s": [
    0.0,
    2.0
  ],
  "normalization_mode": "none",
  "pretrained_mode": "from_pretrained",
  "strategy": "new",
  "learning_rate": 0.0004,
  "batch_size": 4,
  "optimizer_name": "adam",
  "weight_decay": 0.0,
  "early_stopping_patience": 50,
  "val_split": 0.2,
  "augmentation_noise_fraction": 0.0,
  "augmentation_time_shift_samples": 0,
  "augmentation_channel_dropout_prob": 0.0,
  "evaluation_mode": "stratified_kfold",
  "cv_folds": 5,
  "experiment_name": "next_timing_start2p25_samples537_seed2026",
  "config_note": "Small MI timing sweep: only mi_window_start_s and target_window_samples change; all other best S-JEPA settings fixed.",
  "seed": 2026,
  "cv_random_state": 2026,
  "val_split_random_state": 2026,
  "split_random_state": 2026,
  "target_window_samples": 537,
  "target_window_s": 4.195312
}
  status:       completed
  elapsed_sec:  957.59
  run_id:       20260529_1644_d9be736a
  artifact_dir: /home/vegorov/Repos/eeg_jepa_research/artifacts/liu2024-source-mat-sjepa-prelocal/20260529_1644_d9be736a

[15/18] Running config override:
{
  "mi_window_start_s": 2.5,
  "resample": true,
  "resample_sfreq": 128,
  "reference_mode": "average",
  "reference_timing": "before_resample_filter",
  "filter_enabled": true,
  "filter_low": 0.5,
  "filter_high": 40.0,
  "filter_method": "fir",
  "filter_phase": "zero",
  "filter_fir_design": "firwin",
  "filter_iir_params": null,
  "demean_mode": "baseline_window_mean",
  "baseline_window_s": [
    0.0,
    2.0
  ],
  "normalization_mode": "none",
  "pretrained_mode": "from_pretrained",
  "strategy": "new",
  "learning_rate": 0.0004,
  "batch_size": 4,
  "optimizer_name": "adam",
  "weight_decay": 0.0,
  "early_stopping_patience": 50,
  "val_split": 0.2,
  "augmentation_noise_fraction": 0.0,
  "augmentation_time_shift_samples": 0,
  "augmentation_channel_dropout_prob": 0.0,
  "evaluation_mode": "stratified_kfold",
  "cv_folds": 5,
  "experiment_name": "next_timing_start2p5_samples512_seed2026",
  "config_note": "Small MI timing sweep: only mi_window_start_s and target_window_samples change; all other best S-JEPA settings fixed.",
  "seed": 2026,
  "cv_random_state": 2026,
  "val_split_random_state": 2026,
  "split_random_state": 2026,
  "target_window_samples": 512,
  "target_window_s": 4.0
}
  status:       completed
  elapsed_sec:  1092.704
  run_id:       20260529_1700_3b257731
  artifact_dir: /home/vegorov/Repos/eeg_jepa_research/artifacts/liu2024-source-mat-sjepa-prelocal/20260529_1700_3b257731

[16/18] Running config override:
{
  "mi_window_start_s": 2.5,
  "resample": true,
  "resample_sfreq": 128,
  "reference_mode": "average",
  "reference_timing": "before_resample_filter",
  "filter_enabled": true,
  "filter_low": 0.5,
  "filter_high": 40.0,
  "filter_method": "fir",
  "filter_phase": "zero",
  "filter_fir_design": "firwin",
  "filter_iir_params": null,
  "demean_mode": "baseline_window_mean",
  "baseline_window_s": [
    0.0,
    2.0
  ],
  "normalization_mode": "none",
  "pretrained_mode": "from_pretrained",
  "strategy": "new",
  "learning_rate": 0.0004,
  "batch_size": 4,
  "optimizer_name": "adam",
  "weight_decay": 0.0,
  "early_stopping_patience": 50,
  "val_split": 0.2,
  "augmentation_noise_fraction": 0.0,
  "augmentation_time_shift_samples": 0,
  "augmentation_channel_dropout_prob": 0.0,
  "evaluation_mode": "stratified_kfold",
  "cv_folds": 5,
  "experiment_name": "next_timing_start2p5_samples537_seed2026",
  "config_note": "Small MI timing sweep: only mi_window_start_s and target_window_samples change; all other best S-JEPA settings fixed.",
  "seed": 2026,
  "cv_random_state": 2026,
  "val_split_random_state": 2026,
  "split_random_state": 2026,
  "target_window_samples": 537,
  "target_window_s": 4.195312
}
  status:       completed
  elapsed_sec:  873.676
  run_id:       20260529_1718_d24a43af
  artifact_dir: /home/vegorov/Repos/eeg_jepa_research/artifacts/liu2024-source-mat-sjepa-prelocal/20260529_1718_d24a43af

[17/18] Running config override:
{
  "mi_window_start_s": 2.0,
  "resample": true,
  "resample_sfreq": 128,
  "reference_mode": "average",
  "reference_timing": "before_resample_filter",
  "filter_enabled": true,
  "filter_low": 0.5,
  "filter_high": 40.0,
  "filter_method": "fir",
  "filter_phase": "zero",
  "filter_fir_design": "firwin",
  "filter_iir_params": null,
  "demean_mode": "baseline_window_mean",
  "baseline_window_s": [
    0.0,
    2.0
  ],
  "normalization_mode": "none",
  "pretrained_mode": "from_pretrained",
  "strategy": "new",
  "learning_rate": 0.0003,
  "batch_size": 4,
  "optimizer_name": "adam",
  "weight_decay": 0.0,
  "early_stopping_patience": 50,
  "val_split": 0.2,
  "augmentation_noise_fraction": 0.0,
  "augmentation_time_shift_samples": 0,
  "augmentation_channel_dropout_prob": 0.0,
  "evaluation_mode": "stratified_kfold",
  "cv_folds": 5,
  "experiment_name": "next_lr0p0003_samples512_seed2026",
  "config_note": "Learning-rate stability check using the best small-batch setup; compare lr=0.0003 against lr=0.0004.",
  "seed": 2026,
  "cv_random_state": 2026,
  "val_split_random_state": 2026,
  "split_random_state": 2026,
  "target_window_samples": 512,
  "target_window_s": 4.0
}
  status:       completed
  elapsed_sec:  1087.631
  run_id:       20260529_1733_90a97aa7
  artifact_dir: /home/vegorov/Repos/eeg_jepa_research/artifacts/liu2024-source-mat-sjepa-prelocal/20260529_1733_90a97aa7

[18/18] Running config override:
{
  "mi_window_start_s": 2.0,
  "resample": true,
  "resample_sfreq": 128,
  "reference_mode": "average",
  "reference_timing": "before_resample_filter",
  "filter_enabled": true,
  "filter_low": 0.5,
  "filter_high": 40.0,
  "filter_method": "fir",
  "filter_phase": "zero",
  "filter_fir_design": "firwin",
  "filter_iir_params": null,
  "demean_mode": "baseline_window_mean",
  "baseline_window_s": [
    0.0,
    2.0
  ],
  "normalization_mode": "none",
  "pretrained_mode": "from_pretrained",
  "strategy": "new",
  "learning_rate": 0.0003,
  "batch_size": 4,
  "optimizer_name": "adam",
  "weight_decay": 0.0,
  "early_stopping_patience": 50,
  "val_split": 0.2,
  "augmentation_noise_fraction": 0.0,
  "augmentation_time_shift_samples": 0,
  "augmentation_channel_dropout_prob": 0.0,
  "evaluation_mode": "stratified_kfold",
  "cv_folds": 5,
  "experiment_name": "next_lr0p0003_samples537_seed2026",
  "config_note": "Learning-rate stability check using the best small-batch setup; compare lr=0.0003 against lr=0.0004.",
  "seed": 2026,
  "cv_random_state": 2026,
  "val_split_random_state": 2026,
  "split_random_state": 2026,
  "target_window_samples": 537,
  "target_window_s": 4.195312
}
  status:       completed
  elapsed_sec:  1046.687
  run_id:       20260529_1751_41c114c3
  artifact_dir: /home/vegorov/Repos/eeg_jepa_research/artifacts/liu2024-source-mat-sjepa-prelocal/20260529_1751_41c114c3

Finished.
Results dir:    experiment_results/20260529_1255_liu2024_sjepa_next_accuracy_stability_timing_sweep_ca358405
Summary JSON:   experiment_results/20260529_1255_liu2024_sjepa_next_accuracy_stability_timing_sweep_ca358405/results.json
Artifact list:  experiment_results/20260529_1255_liu2024_sjepa_next_accuracy_stability_timing_sweep_ca358405/artifact_ids.json
