[2026-05-19 13:10:48] Run ID:     20260519_1310_f61bf3f7
[2026-05-19 13:10:48] Artifacts:  /Users/vadim/Documents/School/Spring 2026/CSCE A698 Individual Research/EEG_JEPA/artifacts/liu2024-source-mat-sjepa-prelocal/Liu2024_SourceMAT/20260519_1310_f61bf3f7
[2026-05-19 13:10:48] Using device: mps
[2026-05-19 13:10:49] Seed initialized: 12
[2026-05-19 13:10:49] Source extract dir: /Users/vadim/Documents/School/Spring 2026/CSCE A698 Individual Research/EEG_JEPA/liu2024_figshare/sourcedata
[2026-05-19 13:10:49] Found 50 .mat files
[2026-05-19 13:10:55] Subjects loaded: [1, 2, 3, 4, 5, 6, 7, 8, 9, 10, 11, 12, 13, 14, 15, 16, 17, 18, 19, 20, 21, 22, 23, 24, 25, 26, 27, 28, 29, 30, 31, 32, 33, 34, 35, 36, 37, 38, 39, 40, 41, 42, 43, 44, 45, 46, 47, 48, 49, 50]
[2026-05-19 13:11:08] X_ALL shape: (2000, 29, 537) | Y_ALL counts: [1000, 1000]
[2026-05-19 13:11:08] ======================================================================
[2026-05-19 13:11:08] STARTING WITHIN-SUBJECT CV (full fine-tuning + augmentation)
[2026-05-19 13:11:08] ======================================================================
[2026-05-19 13:11:08] Dataset:    Liu2024_SourceMAT
[2026-05-19 13:11:08] Strategy:   new  (warmup=10, total=120 epochs)
[2026-05-19 13:11:08] Optimizer:  AdamW  lr=0.0005  wd=0.0001
[2026-05-19 13:11:08] Noise aug:  fraction=0.05
[2026-05-19 13:11:08] Device:     mps
[2026-05-19 13:11:08] ======================================================================
[2026-05-19 13:11:08] 
Subject 1: 40 windows | class_counts=[20, 20]
[2026-05-19 13:11:09] 
Fold 1/5 | subject=1
[2026-05-19 13:11:09]     Train: 32 | Test: 8 | Strategy: new
[2026-05-19 13:11:10]     Result | best_epoch=32 | stop=52 | acc=0.6250 | bal_acc=0.6250 | collapse=False
[2026-05-19 13:11:10]     Spatial update | delta_l2=0.0988699 | relative_delta=0.08460749 | changed=True
[2026-05-19 13:11:10] 
Fold 2/5 | subject=1
[2026-05-19 13:11:10]     Train: 32 | Test: 8 | Strategy: new
[2026-05-19 13:11:13]     Result | best_epoch=107 | stop=120 | acc=0.3750 | bal_acc=0.3750 | collapse=False
[2026-05-19 13:11:13]     Spatial update | delta_l2=0.18338236 | relative_delta=0.15692866 | changed=True
[2026-05-19 13:11:13] 
Fold 3/5 | subject=1
[2026-05-19 13:11:13]     Train: 32 | Test: 8 | Strategy: new
[2026-05-19 13:11:14]     Result | best_epoch=32 | stop=52 | acc=0.6250 | bal_acc=0.6250 | collapse=False
[2026-05-19 13:11:14]     Spatial update | delta_l2=0.10050329 | relative_delta=0.08600526 | changed=True
[2026-05-19 13:11:14] 
Fold 4/5 | subject=1
[2026-05-19 13:11:14]     Train: 32 | Test: 8 | Strategy: new
[2026-05-19 13:11:15]     Result | best_epoch=1 | stop=21 | acc=0.3750 | bal_acc=0.3750 | collapse=False
[2026-05-19 13:11:15]     Spatial update | delta_l2=0.00538481 | relative_delta=0.00460803 | changed=True
[2026-05-19 13:11:15] 
Fold 5/5 | subject=1
[2026-05-19 13:11:15]     Train: 32 | Test: 8 | Strategy: new
[2026-05-19 13:11:17]     Result | best_epoch=82 | stop=102 | acc=0.3750 | bal_acc=0.3750 | collapse=False
[2026-05-19 13:11:17]     Spatial update | delta_l2=0.18269744 | relative_delta=0.15634254 | changed=True
[2026-05-19 13:11:17]   Subject 1: acc=0.4750±0.1225  bal_acc=0.4750±0.1225
[2026-05-19 13:11:17] 
Subject 2: 40 windows | class_counts=[20, 20]
[2026-05-19 13:11:18] 
Fold 1/5 | subject=2
[2026-05-19 13:11:18]     Train: 32 | Test: 8 | Strategy: new
[2026-05-19 13:11:20]     Result | best_epoch=96 | stop=116 | acc=0.6250 | bal_acc=0.6250 | collapse=False
[2026-05-19 13:11:20]     Spatial update | delta_l2=0.17895556 | relative_delta=0.15314044 | changed=True
[2026-05-19 13:11:20] 
Fold 2/5 | subject=2
[2026-05-19 13:11:20]     Train: 32 | Test: 8 | Strategy: new
[2026-05-19 13:11:22]     Result | best_epoch=114 | stop=120 | acc=0.6250 | bal_acc=0.6250 | collapse=False
[2026-05-19 13:11:22]     Spatial update | delta_l2=0.17364154 | relative_delta=0.14859299 | changed=True
[2026-05-19 13:11:23] 
Fold 3/5 | subject=2
[2026-05-19 13:11:23]     Train: 32 | Test: 8 | Strategy: new
[2026-05-19 13:11:25]     Result | best_epoch=96 | stop=116 | acc=0.7500 | bal_acc=0.7500 | collapse=False
[2026-05-19 13:11:25]     Spatial update | delta_l2=0.18996452 | relative_delta=0.16256131 | changed=True
[2026-05-19 13:11:26] 
Fold 4/5 | subject=2
[2026-05-19 13:11:26]     Train: 32 | Test: 8 | Strategy: new
[2026-05-19 13:11:28]     Result | best_epoch=114 | stop=120 | acc=0.6250 | bal_acc=0.6250 | collapse=False
[2026-05-19 13:11:28]     Spatial update | delta_l2=0.17031304 | relative_delta=0.14574464 | changed=True
[2026-05-19 13:11:28] 
Fold 5/5 | subject=2
[2026-05-19 13:11:28]     Train: 32 | Test: 8 | Strategy: new
[2026-05-19 13:11:30]     Result | best_epoch=114 | stop=120 | acc=0.6250 | bal_acc=0.6250 | collapse=False
[2026-05-19 13:11:30]     Spatial update | delta_l2=0.17823913 | relative_delta=0.15252736 | changed=True
[2026-05-19 13:11:30]   Subject 2: acc=0.6500±0.0500  bal_acc=0.6500±0.0500
[2026-05-19 13:11:30] 
Subject 3: 40 windows | class_counts=[20, 20]
[2026-05-19 13:11:31] 
Fold 1/5 | subject=3
[2026-05-19 13:11:31]     Train: 32 | Test: 8 | Strategy: new
[2026-05-19 13:11:31]     Result | best_epoch=1 | stop=21 | acc=0.2500 | bal_acc=0.2500 | collapse=False
[2026-05-19 13:11:31]     Spatial update | delta_l2=0.00538503 | relative_delta=0.00460822 | changed=True
[2026-05-19 13:11:32] 
Fold 2/5 | subject=3
[2026-05-19 13:11:32]     Train: 32 | Test: 8 | Strategy: new
[2026-05-19 13:11:34]     Result | best_epoch=117 | stop=120 | acc=0.6250 | bal_acc=0.6250 | collapse=False
[2026-05-19 13:11:34]     Spatial update | delta_l2=0.19326591 | relative_delta=0.16538647 | changed=True
[2026-05-19 13:11:35] 
Fold 3/5 | subject=3
[2026-05-19 13:11:35]     Train: 32 | Test: 8 | Strategy: new
[2026-05-19 13:11:37]     Result | best_epoch=105 | stop=120 | acc=0.5000 | bal_acc=0.5000 | collapse=False
[2026-05-19 13:11:37]     Spatial update | delta_l2=0.21457773 | relative_delta=0.18362396 | changed=True
[2026-05-19 13:11:37] 
Fold 4/5 | subject=3
[2026-05-19 13:11:37]     Train: 32 | Test: 8 | Strategy: new
[2026-05-19 13:11:39]     Result | best_epoch=112 | stop=120 | acc=0.5000 | bal_acc=0.5000 | collapse=False
[2026-05-19 13:11:39]     Spatial update | delta_l2=0.20497137 | relative_delta=0.17540336 | changed=True
[2026-05-19 13:11:40] 
Fold 5/5 | subject=3
[2026-05-19 13:11:40]     Train: 32 | Test: 8 | Strategy: new
[2026-05-19 13:11:42]     Result | best_epoch=74 | stop=94 | acc=0.5000 | bal_acc=0.5000 | collapse=False
[2026-05-19 13:11:42]     Spatial update | delta_l2=0.19345994 | relative_delta=0.1655525 | changed=True
[2026-05-19 13:11:42]   Subject 3: acc=0.4750±0.1225  bal_acc=0.4750±0.1225
[2026-05-19 13:11:42] 
Subject 4: 40 windows | class_counts=[20, 20]
[2026-05-19 13:11:42] 
Fold 1/5 | subject=4
[2026-05-19 13:11:42]     Train: 32 | Test: 8 | Strategy: new
[2026-05-19 13:11:44]     Result | best_epoch=119 | stop=120 | acc=0.6250 | bal_acc=0.6250 | collapse=False
[2026-05-19 13:11:44]     Spatial update | delta_l2=0.20501494 | relative_delta=0.17544065 | changed=True
[2026-05-19 13:11:45] 
Fold 2/5 | subject=4
[2026-05-19 13:11:45]     Train: 32 | Test: 8 | Strategy: new
[2026-05-19 13:11:47]     Result | best_epoch=107 | stop=120 | acc=0.6250 | bal_acc=0.6250 | collapse=False
[2026-05-19 13:11:47]     Spatial update | delta_l2=0.20763929 | relative_delta=0.17768642 | changed=True
[2026-05-19 13:11:48] 
Fold 3/5 | subject=4
[2026-05-19 13:11:48]     Train: 32 | Test: 8 | Strategy: new
[2026-05-19 13:11:50]     Result | best_epoch=107 | stop=107 | acc=0.8750 | bal_acc=0.8750 | collapse=False
[2026-05-19 13:11:50]     Spatial update | delta_l2=0.1922178 | relative_delta=0.16448955 | changed=True
[2026-05-19 13:11:50] 
Fold 4/5 | subject=4
[2026-05-19 13:11:50]     Train: 32 | Test: 8 | Strategy: new
[2026-05-19 13:11:50]     Result | best_epoch=1 | stop=21 | acc=0.8750 | bal_acc=0.8750 | collapse=False
[2026-05-19 13:11:50]     Spatial update | delta_l2=0.00538492 | relative_delta=0.00460812 | changed=True
[2026-05-19 13:11:51] 
Fold 5/5 | subject=4
[2026-05-19 13:11:51]     Train: 32 | Test: 8 | Strategy: new
[2026-05-19 13:11:53]     Result | best_epoch=113 | stop=120 | acc=0.5000 | bal_acc=0.5000 | collapse=False
[2026-05-19 13:11:53]     Spatial update | delta_l2=0.19308763 | relative_delta=0.1652339 | changed=True
[2026-05-19 13:11:53]   Subject 4: acc=0.7000±0.1500  bal_acc=0.7000±0.1500
[2026-05-19 13:11:53] 
Subject 5: 40 windows | class_counts=[20, 20]
[2026-05-19 13:11:54] 
Fold 1/5 | subject=5
[2026-05-19 13:11:54]     Train: 32 | Test: 8 | Strategy: new
[2026-05-19 13:11:54]     Result | best_epoch=24 | stop=44 | acc=0.3750 | bal_acc=0.3750 | collapse=False
[2026-05-19 13:11:54]     Spatial update | delta_l2=0.08454387 | relative_delta=0.07234805 | changed=True
[2026-05-19 13:11:55] 
Fold 2/5 | subject=5
[2026-05-19 13:11:55]     Train: 32 | Test: 8 | Strategy: new
[2026-05-19 13:11:55]     Result | best_epoch=1 | stop=21 | acc=0.7500 | bal_acc=0.7500 | collapse=False
[2026-05-19 13:11:55]     Spatial update | delta_l2=0.00538491 | relative_delta=0.00460812 | changed=True
[2026-05-19 13:11:56] 
Fold 3/5 | subject=5
[2026-05-19 13:11:56]     Train: 32 | Test: 8 | Strategy: new
[2026-05-19 13:11:56]     Result | best_epoch=1 | stop=21 | acc=0.6250 | bal_acc=0.6250 | collapse=False
[2026-05-19 13:11:56]     Spatial update | delta_l2=0.00538497 | relative_delta=0.00460817 | changed=True
[2026-05-19 13:11:57] 
Fold 4/5 | subject=5
[2026-05-19 13:11:57]     Train: 32 | Test: 8 | Strategy: new
[2026-05-19 13:11:59]     Result | best_epoch=95 | stop=103 | acc=0.3750 | bal_acc=0.3750 | collapse=False
[2026-05-19 13:11:59]     Spatial update | delta_l2=0.20320294 | relative_delta=0.17389004 | changed=True
[2026-05-19 13:11:59] 
Fold 5/5 | subject=5
[2026-05-19 13:11:59]     Train: 32 | Test: 8 | Strategy: new
[2026-05-19 13:12:00]     Result | best_epoch=1 | stop=21 | acc=0.3750 | bal_acc=0.3750 | collapse=False
[2026-05-19 13:12:00]     Spatial update | delta_l2=0.00538416 | relative_delta=0.00460747 | changed=True
[2026-05-19 13:12:00]   Subject 5: acc=0.5000±0.1581  bal_acc=0.5000±0.1581
[2026-05-19 13:12:00] 
Subject 6: 40 windows | class_counts=[20, 20]
[2026-05-19 13:12:00] 
Fold 1/5 | subject=6
[2026-05-19 13:12:00]     Train: 32 | Test: 8 | Strategy: new
[2026-05-19 13:12:02]     Result | best_epoch=113 | stop=120 | acc=0.5000 | bal_acc=0.5000 | collapse=False
[2026-05-19 13:12:02]     Spatial update | delta_l2=0.1966161 | relative_delta=0.16825338 | changed=True
[2026-05-19 13:12:03] 
Fold 2/5 | subject=6
[2026-05-19 13:12:03]     Train: 32 | Test: 8 | Strategy: new
[2026-05-19 13:12:03]     Result | best_epoch=1 | stop=21 | acc=0.5000 | bal_acc=0.5000 | collapse=False
[2026-05-19 13:12:03]     Spatial update | delta_l2=0.00538481 | relative_delta=0.00460803 | changed=True
[2026-05-19 13:12:04] 
Fold 3/5 | subject=6
[2026-05-19 13:12:04]     Train: 32 | Test: 8 | Strategy: new
[2026-05-19 13:12:04]     Result | best_epoch=1 | stop=21 | acc=0.5000 | bal_acc=0.5000 | collapse=False
[2026-05-19 13:12:04]     Spatial update | delta_l2=0.0053848 | relative_delta=0.00460802 | changed=True
[2026-05-19 13:12:05] 
Fold 4/5 | subject=6
[2026-05-19 13:12:05]     Train: 32 | Test: 8 | Strategy: new
[2026-05-19 13:12:07]     Result | best_epoch=92 | stop=112 | acc=0.3750 | bal_acc=0.3750 | collapse=False
[2026-05-19 13:12:07]     Spatial update | delta_l2=0.19300456 | relative_delta=0.16516282 | changed=True
[2026-05-19 13:12:07] 
Fold 5/5 | subject=6
[2026-05-19 13:12:07]     Train: 32 | Test: 8 | Strategy: new
[2026-05-19 13:12:08]     Result | best_epoch=60 | stop=62 | acc=0.6250 | bal_acc=0.6250 | collapse=False
[2026-05-19 13:12:08]     Spatial update | delta_l2=0.11106865 | relative_delta=0.09504652 | changed=True
[2026-05-19 13:12:08]   Subject 6: acc=0.5000±0.0791  bal_acc=0.5000±0.0791
[2026-05-19 13:12:08] 
Subject 7: 40 windows | class_counts=[20, 20]
[2026-05-19 13:12:09] 
Fold 1/5 | subject=7
[2026-05-19 13:12:09]     Train: 32 | Test: 8 | Strategy: new
[2026-05-19 13:12:09]     Result | best_epoch=1 | stop=21 | acc=0.3750 | bal_acc=0.3750 | collapse=False
[2026-05-19 13:12:09]     Spatial update | delta_l2=0.00538453 | relative_delta=0.00460778 | changed=True
[2026-05-19 13:12:10] 
Fold 2/5 | subject=7
[2026-05-19 13:12:10]     Train: 32 | Test: 8 | Strategy: new
[2026-05-19 13:12:10]     Result | best_epoch=1 | stop=21 | acc=0.5000 | bal_acc=0.5000 | collapse=False
[2026-05-19 13:12:10]     Spatial update | delta_l2=0.00538491 | relative_delta=0.00460812 | changed=True
[2026-05-19 13:12:10] 
Fold 3/5 | subject=7
[2026-05-19 13:12:10]     Train: 32 | Test: 8 | Strategy: new
[2026-05-19 13:12:12]     Result | best_epoch=112 | stop=120 | acc=0.6250 | bal_acc=0.6250 | collapse=False
[2026-05-19 13:12:12]     Spatial update | delta_l2=0.21976052 | relative_delta=0.18805911 | changed=True
[2026-05-19 13:12:13] 
Fold 4/5 | subject=7
[2026-05-19 13:12:13]     Train: 32 | Test: 8 | Strategy: new
[2026-05-19 13:12:13]     Result | best_epoch=1 | stop=21 | acc=0.2500 | bal_acc=0.2500 | collapse=False
[2026-05-19 13:12:13]     Spatial update | delta_l2=0.00538493 | relative_delta=0.00460813 | changed=True
[2026-05-19 13:12:14] 
Fold 5/5 | subject=7
[2026-05-19 13:12:14]     Train: 32 | Test: 8 | Strategy: new
[2026-05-19 13:12:14]     Result | best_epoch=1 | stop=21 | acc=0.3750 | bal_acc=0.3750 | collapse=False
[2026-05-19 13:12:14]     Spatial update | delta_l2=0.00538499 | relative_delta=0.00460818 | changed=True
[2026-05-19 13:12:14]   Subject 7: acc=0.4250±0.1275  bal_acc=0.4250±0.1275
[2026-05-19 13:12:14] 
Subject 8: 40 windows | class_counts=[20, 20]
[2026-05-19 13:12:15] 
Fold 1/5 | subject=8
[2026-05-19 13:12:15]     Train: 32 | Test: 8 | Strategy: new
[2026-05-19 13:12:17]     Result | best_epoch=113 | stop=120 | acc=0.7500 | bal_acc=0.7500 | collapse=False
[2026-05-19 13:12:17]     Spatial update | delta_l2=0.17677553 | relative_delta=0.15127489 | changed=True
[2026-05-19 13:12:18] 
Fold 2/5 | subject=8
[2026-05-19 13:12:18]     Train: 32 | Test: 8 | Strategy: new
[2026-05-19 13:12:20]     Result | best_epoch=118 | stop=120 | acc=0.8750 | bal_acc=0.8750 | collapse=False
[2026-05-19 13:12:20]     Spatial update | delta_l2=0.14688496 | relative_delta=0.12569617 | changed=True
[2026-05-19 13:12:21] 
Fold 3/5 | subject=8
[2026-05-19 13:12:21]     Train: 32 | Test: 8 | Strategy: new
[2026-05-19 13:12:22]     Result | best_epoch=50 | stop=70 | acc=0.7500 | bal_acc=0.7500 | collapse=False
[2026-05-19 13:12:22]     Spatial update | delta_l2=0.11679293 | relative_delta=0.09994505 | changed=True
[2026-05-19 13:12:22] 
Fold 4/5 | subject=8
[2026-05-19 13:12:22]     Train: 32 | Test: 8 | Strategy: new
[2026-05-19 13:12:24]     Result | best_epoch=117 | stop=120 | acc=0.6250 | bal_acc=0.6250 | collapse=False
[2026-05-19 13:12:24]     Spatial update | delta_l2=0.18840173 | relative_delta=0.16122397 | changed=True
[2026-05-19 13:12:25] 
Fold 5/5 | subject=8
[2026-05-19 13:12:25]     Train: 32 | Test: 8 | Strategy: new
[2026-05-19 13:12:27]     Result | best_epoch=115 | stop=120 | acc=0.6250 | bal_acc=0.6250 | collapse=False
[2026-05-19 13:12:27]     Spatial update | delta_l2=0.17765329 | relative_delta=0.15202603 | changed=True
[2026-05-19 13:12:27]   Subject 8: acc=0.7250±0.0935  bal_acc=0.7250±0.0935
[2026-05-19 13:12:27] 
Subject 9: 40 windows | class_counts=[20, 20]
[2026-05-19 13:12:28] 
Fold 1/5 | subject=9
[2026-05-19 13:12:28]     Train: 32 | Test: 8 | Strategy: new
[2026-05-19 13:12:30]     Result | best_epoch=117 | stop=120 | acc=0.6250 | bal_acc=0.6250 | collapse=False
[2026-05-19 13:12:30]     Spatial update | delta_l2=0.20458806 | relative_delta=0.17507534 | changed=True
[2026-05-19 13:12:30] 
Fold 2/5 | subject=9
[2026-05-19 13:12:30]     Train: 32 | Test: 8 | Strategy: new
[2026-05-19 13:12:32]     Result | best_epoch=109 | stop=120 | acc=0.6250 | bal_acc=0.6250 | collapse=False
[2026-05-19 13:12:32]     Spatial update | delta_l2=0.20135086 | relative_delta=0.17230512 | changed=True
[2026-05-19 13:12:33] 
Fold 3/5 | subject=9
[2026-05-19 13:12:33]     Train: 32 | Test: 8 | Strategy: new
[2026-05-19 13:12:33]     Result | best_epoch=1 | stop=21 | acc=0.3750 | bal_acc=0.3750 | collapse=False
[2026-05-19 13:12:33]     Spatial update | delta_l2=0.00538478 | relative_delta=0.004608 | changed=True
[2026-05-19 13:12:34] 
Fold 4/5 | subject=9
[2026-05-19 13:12:34]     Train: 32 | Test: 8 | Strategy: new
[2026-05-19 13:12:35]     Result | best_epoch=32 | stop=52 | acc=0.8750 | bal_acc=0.8750 | collapse=False
[2026-05-19 13:12:35]     Spatial update | delta_l2=0.09591159 | relative_delta=0.08207593 | changed=True
[2026-05-19 13:12:35] 
Fold 5/5 | subject=9
[2026-05-19 13:12:35]     Train: 32 | Test: 8 | Strategy: new
[2026-05-19 13:12:36]     Result | best_epoch=1 | stop=21 | acc=0.6250 | bal_acc=0.6250 | collapse=False
[2026-05-19 13:12:36]     Spatial update | delta_l2=0.00538482 | relative_delta=0.00460804 | changed=True
[2026-05-19 13:12:36]   Subject 9: acc=0.6250±0.1581  bal_acc=0.6250±0.1581
[2026-05-19 13:12:36] 
Subject 10: 40 windows | class_counts=[20, 20]
[2026-05-19 13:12:36] 
Fold 1/5 | subject=10
[2026-05-19 13:12:36]     Train: 32 | Test: 8 | Strategy: new
[2026-05-19 13:12:38]     Result | best_epoch=79 | stop=99 | acc=0.3750 | bal_acc=0.3750 | collapse=False
[2026-05-19 13:12:38]     Spatial update | delta_l2=0.21132356 | relative_delta=0.18083922 | changed=True
[2026-05-19 13:12:39] 
Fold 2/5 | subject=10
[2026-05-19 13:12:39]     Train: 32 | Test: 8 | Strategy: new
[2026-05-19 13:12:39]     Result | best_epoch=4 | stop=24 | acc=0.5000 | bal_acc=0.5000 | collapse=False
[2026-05-19 13:12:39]     Spatial update | delta_l2=0.01665026 | relative_delta=0.01424839 | changed=True
[2026-05-19 13:12:40] 
Fold 3/5 | subject=10
[2026-05-19 13:12:40]     Train: 32 | Test: 8 | Strategy: new
[2026-05-19 13:12:40]     Result | best_epoch=1 | stop=21 | acc=0.3750 | bal_acc=0.3750 | collapse=False
[2026-05-19 13:12:40]     Spatial update | delta_l2=0.00538492 | relative_delta=0.00460813 | changed=True
[2026-05-19 13:12:41] 
Fold 4/5 | subject=10
[2026-05-19 13:12:41]     Train: 32 | Test: 8 | Strategy: new
[2026-05-19 13:12:41]     Result | best_epoch=1 | stop=21 | acc=0.5000 | bal_acc=0.5000 | collapse=False
[2026-05-19 13:12:41]     Spatial update | delta_l2=0.00538469 | relative_delta=0.00460792 | changed=True
[2026-05-19 13:12:41] 
Fold 5/5 | subject=10
[2026-05-19 13:12:41]     Train: 32 | Test: 8 | Strategy: new
[2026-05-19 13:12:42]     Result | best_epoch=1 | stop=21 | acc=0.5000 | bal_acc=0.5000 | collapse=False
[2026-05-19 13:12:42]     Spatial update | delta_l2=0.00538503 | relative_delta=0.00460822 | changed=True
[2026-05-19 13:12:42]   Subject 10: acc=0.4500±0.0612  bal_acc=0.4500±0.0612
[2026-05-19 13:12:42] 
Subject 11: 40 windows | class_counts=[20, 20]
[2026-05-19 13:12:42] 
Fold 1/5 | subject=11
[2026-05-19 13:12:42]     Train: 32 | Test: 8 | Strategy: new
[2026-05-19 13:12:44]     Result | best_epoch=103 | stop=120 | acc=0.7500 | bal_acc=0.7500 | collapse=False
[2026-05-19 13:12:44]     Spatial update | delta_l2=0.18545445 | relative_delta=0.15870184 | changed=True
[2026-05-19 13:12:45] 
Fold 2/5 | subject=11
[2026-05-19 13:12:45]     Train: 32 | Test: 8 | Strategy: new
[2026-05-19 13:12:45]     Result | best_epoch=1 | stop=21 | acc=0.5000 | bal_acc=0.5000 | collapse=False
[2026-05-19 13:12:45]     Spatial update | delta_l2=0.00538498 | relative_delta=0.00460818 | changed=True
[2026-05-19 13:12:46] 
Fold 3/5 | subject=11
[2026-05-19 13:12:46]     Train: 32 | Test: 8 | Strategy: new
[2026-05-19 13:12:46]     Result | best_epoch=5 | stop=21 | acc=0.2500 | bal_acc=0.2500 | collapse=False
[2026-05-19 13:12:46]     Spatial update | delta_l2=0.00538493 | relative_delta=0.00460813 | changed=True
[2026-05-19 13:12:47] 
Fold 4/5 | subject=11
[2026-05-19 13:12:47]     Train: 32 | Test: 8 | Strategy: new
[2026-05-19 13:12:49]     Result | best_epoch=99 | stop=119 | acc=0.3750 | bal_acc=0.3750 | collapse=False
[2026-05-19 13:12:49]     Spatial update | delta_l2=0.1775694 | relative_delta=0.15195424 | changed=True
[2026-05-19 13:12:50] 
Fold 5/5 | subject=11
[2026-05-19 13:12:50]     Train: 32 | Test: 8 | Strategy: new
[2026-05-19 13:12:52]     Result | best_epoch=112 | stop=120 | acc=0.2500 | bal_acc=0.2500 | collapse=False
[2026-05-19 13:12:52]     Spatial update | delta_l2=0.18215735 | relative_delta=0.15588037 | changed=True
[2026-05-19 13:12:52]   Subject 11: acc=0.4250±0.1871  bal_acc=0.4250±0.1871
[2026-05-19 13:12:52] 
Subject 12: 40 windows | class_counts=[20, 20]
[2026-05-19 13:12:52] 
Fold 1/5 | subject=12
[2026-05-19 13:12:52]     Train: 32 | Test: 8 | Strategy: new
[2026-05-19 13:12:53]     Result | best_epoch=1 | stop=21 | acc=0.3750 | bal_acc=0.3750 | collapse=False
[2026-05-19 13:12:53]     Spatial update | delta_l2=0.00538508 | relative_delta=0.00460826 | changed=True
[2026-05-19 13:12:53] 
Fold 2/5 | subject=12
[2026-05-19 13:12:53]     Train: 32 | Test: 8 | Strategy: new
[2026-05-19 13:12:55]     Result | best_epoch=113 | stop=120 | acc=0.6250 | bal_acc=0.6250 | collapse=False
[2026-05-19 13:12:55]     Spatial update | delta_l2=0.18532602 | relative_delta=0.15859193 | changed=True
[2026-05-19 13:12:56] 
Fold 3/5 | subject=12
[2026-05-19 13:12:56]     Train: 32 | Test: 8 | Strategy: new
[2026-05-19 13:12:58]     Result | best_epoch=112 | stop=120 | acc=0.8750 | bal_acc=0.8750 | collapse=False
[2026-05-19 13:12:58]     Spatial update | delta_l2=0.17979273 | relative_delta=0.15385685 | changed=True
[2026-05-19 13:12:58] 
Fold 4/5 | subject=12
[2026-05-19 13:12:58]     Train: 32 | Test: 8 | Strategy: new
[2026-05-19 13:13:00]     Result | best_epoch=83 | stop=103 | acc=0.2500 | bal_acc=0.2500 | collapse=False
[2026-05-19 13:13:00]     Spatial update | delta_l2=0.18830584 | relative_delta=0.1611419 | changed=True
[2026-05-19 13:13:01] 
Fold 5/5 | subject=12
[2026-05-19 13:13:01]     Train: 32 | Test: 8 | Strategy: new
[2026-05-19 13:13:02]     Result | best_epoch=90 | stop=110 | acc=0.5000 | bal_acc=0.5000 | collapse=False
[2026-05-19 13:13:02]     Spatial update | delta_l2=0.21031538 | relative_delta=0.17997648 | changed=True
[2026-05-19 13:13:02]   Subject 12: acc=0.5250±0.2151  bal_acc=0.5250±0.2151
[2026-05-19 13:13:02] 
Subject 13: 40 windows | class_counts=[20, 20]
[2026-05-19 13:13:03] 
Fold 1/5 | subject=13
[2026-05-19 13:13:03]     Train: 32 | Test: 8 | Strategy: new
[2026-05-19 13:13:03]     Result | best_epoch=1 | stop=21 | acc=0.6250 | bal_acc=0.6250 | collapse=False
[2026-05-19 13:13:03]     Spatial update | delta_l2=0.00538482 | relative_delta=0.00460803 | changed=True
[2026-05-19 13:13:04] 
Fold 2/5 | subject=13
[2026-05-19 13:13:04]     Train: 32 | Test: 8 | Strategy: new
[2026-05-19 13:13:06]     Result | best_epoch=104 | stop=120 | acc=0.8750 | bal_acc=0.8750 | collapse=False
[2026-05-19 13:13:06]     Spatial update | delta_l2=0.1990576 | relative_delta=0.17034268 | changed=True
[2026-05-19 13:13:07] 
Fold 3/5 | subject=13
[2026-05-19 13:13:07]     Train: 32 | Test: 8 | Strategy: new
[2026-05-19 13:13:08]     Result | best_epoch=67 | stop=87 | acc=0.5000 | bal_acc=0.5000 | collapse=False
[2026-05-19 13:13:08]     Spatial update | delta_l2=0.20263266 | relative_delta=0.17340202 | changed=True
[2026-05-19 13:13:09] 
Fold 4/5 | subject=13
[2026-05-19 13:13:09]     Train: 32 | Test: 8 | Strategy: new
[2026-05-19 13:13:11]     Result | best_epoch=111 | stop=120 | acc=0.3750 | bal_acc=0.3750 | collapse=False
[2026-05-19 13:13:11]     Spatial update | delta_l2=0.28717665 | relative_delta=0.24575017 | changed=True
[2026-05-19 13:13:11] 
Fold 5/5 | subject=13
[2026-05-19 13:13:11]     Train: 32 | Test: 8 | Strategy: new
[2026-05-19 13:13:13]     Result | best_epoch=110 | stop=120 | acc=0.8750 | bal_acc=0.8750 | collapse=False
[2026-05-19 13:13:13]     Spatial update | delta_l2=0.23925347 | relative_delta=0.20474012 | changed=True
[2026-05-19 13:13:13]   Subject 13: acc=0.6500±0.2000  bal_acc=0.6500±0.2000
[2026-05-19 13:13:13] 
Subject 14: 40 windows | class_counts=[20, 20]
[2026-05-19 13:13:14] 
Fold 1/5 | subject=14
[2026-05-19 13:13:14]     Train: 32 | Test: 8 | Strategy: new
[2026-05-19 13:13:16]     Result | best_epoch=108 | stop=120 | acc=0.6250 | bal_acc=0.6250 | collapse=False
[2026-05-19 13:13:16]     Spatial update | delta_l2=0.20212491 | relative_delta=0.17296751 | changed=True
[2026-05-19 13:13:16] 
Fold 2/5 | subject=14
[2026-05-19 13:13:16]     Train: 32 | Test: 8 | Strategy: new
[2026-05-19 13:13:17]     Result | best_epoch=1 | stop=21 | acc=0.3750 | bal_acc=0.3750 | collapse=False
[2026-05-19 13:13:17]     Spatial update | delta_l2=0.0053847 | relative_delta=0.00460793 | changed=True
[2026-05-19 13:13:17] 
Fold 3/5 | subject=14
[2026-05-19 13:13:17]     Train: 32 | Test: 8 | Strategy: new
[2026-05-19 13:13:19]     Result | best_epoch=54 | stop=74 | acc=0.5000 | bal_acc=0.5000 | collapse=True
[2026-05-19 13:13:19]     Spatial update | delta_l2=0.1443633 | relative_delta=0.12353827 | changed=True
[2026-05-19 13:13:19] 
Fold 4/5 | subject=14
[2026-05-19 13:13:19]     Train: 32 | Test: 8 | Strategy: new
[2026-05-19 13:13:20]     Result | best_epoch=1 | stop=21 | acc=0.2500 | bal_acc=0.2500 | collapse=False
[2026-05-19 13:13:20]     Spatial update | delta_l2=0.00538503 | relative_delta=0.00460821 | changed=True
[2026-05-19 13:13:20] 
Fold 5/5 | subject=14
[2026-05-19 13:13:20]     Train: 32 | Test: 8 | Strategy: new
[2026-05-19 13:13:22]     Result | best_epoch=89 | stop=92 | acc=0.8750 | bal_acc=0.8750 | collapse=False
[2026-05-19 13:13:22]     Spatial update | delta_l2=0.17965501 | relative_delta=0.15373899 | changed=True
[2026-05-19 13:13:22]   Subject 14: acc=0.5250±0.2151  bal_acc=0.5250±0.2151
[2026-05-19 13:13:22] 
Subject 15: 40 windows | class_counts=[20, 20]
[2026-05-19 13:13:22] 
Fold 1/5 | subject=15
[2026-05-19 13:13:22]     Train: 32 | Test: 8 | Strategy: new
[2026-05-19 13:13:23]     Result | best_epoch=1 | stop=21 | acc=0.3750 | bal_acc=0.3750 | collapse=False
[2026-05-19 13:13:23]     Spatial update | delta_l2=0.0053847 | relative_delta=0.00460793 | changed=True
[2026-05-19 13:13:23] 
Fold 2/5 | subject=15
[2026-05-19 13:13:23]     Train: 32 | Test: 8 | Strategy: new
[2026-05-19 13:13:25]     Result | best_epoch=90 | stop=110 | acc=0.3750 | bal_acc=0.3750 | collapse=False
[2026-05-19 13:13:25]     Spatial update | delta_l2=0.21347448 | relative_delta=0.18267986 | changed=True
[2026-05-19 13:13:26] 
Fold 3/5 | subject=15
[2026-05-19 13:13:26]     Train: 32 | Test: 8 | Strategy: new
[2026-05-19 13:13:26]     Result | best_epoch=1 | stop=21 | acc=0.2500 | bal_acc=0.2500 | collapse=False
[2026-05-19 13:13:26]     Spatial update | delta_l2=0.00538493 | relative_delta=0.00460813 | changed=True
[2026-05-19 13:13:27] 
Fold 4/5 | subject=15
[2026-05-19 13:13:27]     Train: 32 | Test: 8 | Strategy: new
[2026-05-19 13:13:27]     Result | best_epoch=1 | stop=21 | acc=0.7500 | bal_acc=0.7500 | collapse=False
[2026-05-19 13:13:27]     Spatial update | delta_l2=0.00538501 | relative_delta=0.0046082 | changed=True
[2026-05-19 13:13:28] 
Fold 5/5 | subject=15
[2026-05-19 13:13:28]     Train: 32 | Test: 8 | Strategy: new
[2026-05-19 13:13:28]     Result | best_epoch=1 | stop=21 | acc=0.6250 | bal_acc=0.6250 | collapse=False
[2026-05-19 13:13:28]     Spatial update | delta_l2=0.00538502 | relative_delta=0.00460821 | changed=True
[2026-05-19 13:13:28]   Subject 15: acc=0.4750±0.1837  bal_acc=0.4750±0.1837
[2026-05-19 13:13:28] 
Subject 16: 40 windows | class_counts=[20, 20]
[2026-05-19 13:13:29] 
Fold 1/5 | subject=16
[2026-05-19 13:13:29]     Train: 32 | Test: 8 | Strategy: new
[2026-05-19 13:13:30]     Result | best_epoch=73 | stop=93 | acc=0.6250 | bal_acc=0.6250 | collapse=False
[2026-05-19 13:13:30]     Spatial update | delta_l2=0.15202399 | relative_delta=0.13009387 | changed=True
[2026-05-19 13:13:31] 
Fold 2/5 | subject=16
[2026-05-19 13:13:31]     Train: 32 | Test: 8 | Strategy: new
[2026-05-19 13:13:31]     Result | best_epoch=1 | stop=21 | acc=0.6250 | bal_acc=0.6250 | collapse=False
[2026-05-19 13:13:31]     Spatial update | delta_l2=0.00538406 | relative_delta=0.00460739 | changed=True
[2026-05-19 13:13:32] 
Fold 3/5 | subject=16
[2026-05-19 13:13:32]     Train: 32 | Test: 8 | Strategy: new
[2026-05-19 13:13:32]     Result | best_epoch=1 | stop=21 | acc=0.5000 | bal_acc=0.5000 | collapse=False
[2026-05-19 13:13:32]     Spatial update | delta_l2=0.00538453 | relative_delta=0.00460779 | changed=True
[2026-05-19 13:13:33] 
Fold 4/5 | subject=16
[2026-05-19 13:13:33]     Train: 32 | Test: 8 | Strategy: new
[2026-05-19 13:13:33]     Result | best_epoch=1 | stop=21 | acc=0.7500 | bal_acc=0.7500 | collapse=False
[2026-05-19 13:13:33]     Spatial update | delta_l2=0.00538466 | relative_delta=0.0046079 | changed=True
[2026-05-19 13:13:33] 
Fold 5/5 | subject=16
[2026-05-19 13:13:33]     Train: 32 | Test: 8 | Strategy: new
[2026-05-19 13:13:34]     Result | best_epoch=1 | stop=21 | acc=0.3750 | bal_acc=0.3750 | collapse=False
[2026-05-19 13:13:34]     Spatial update | delta_l2=0.00538498 | relative_delta=0.00460817 | changed=True
[2026-05-19 13:13:34]   Subject 16: acc=0.5750±0.1275  bal_acc=0.5750±0.1275
[2026-05-19 13:13:34] 
Subject 17: 40 windows | class_counts=[20, 20]
[2026-05-19 13:13:34] 
Fold 1/5 | subject=17
[2026-05-19 13:13:34]     Train: 32 | Test: 8 | Strategy: new
[2026-05-19 13:13:35]     Result | best_epoch=20 | stop=40 | acc=0.3750 | bal_acc=0.3750 | collapse=False
[2026-05-19 13:13:35]     Spatial update | delta_l2=0.07154814 | relative_delta=0.06122701 | changed=True
[2026-05-19 13:13:36] 
Fold 2/5 | subject=17
[2026-05-19 13:13:36]     Train: 32 | Test: 8 | Strategy: new
[2026-05-19 13:13:36]     Result | best_epoch=1 | stop=21 | acc=0.3750 | bal_acc=0.3750 | collapse=False
[2026-05-19 13:13:36]     Spatial update | delta_l2=0.00538505 | relative_delta=0.00460823 | changed=True
[2026-05-19 13:13:37] 
Fold 3/5 | subject=17
[2026-05-19 13:13:37]     Train: 32 | Test: 8 | Strategy: new
[2026-05-19 13:13:39]     Result | best_epoch=110 | stop=120 | acc=0.6250 | bal_acc=0.6250 | collapse=False
[2026-05-19 13:13:39]     Spatial update | delta_l2=0.19686812 | relative_delta=0.16846904 | changed=True
[2026-05-19 13:13:39] 
Fold 4/5 | subject=17
[2026-05-19 13:13:39]     Train: 32 | Test: 8 | Strategy: new
[2026-05-19 13:13:40]     Result | best_epoch=2 | stop=22 | acc=0.7500 | bal_acc=0.7500 | collapse=False
[2026-05-19 13:13:40]     Spatial update | delta_l2=0.0092521 | relative_delta=0.00791745 | changed=True
[2026-05-19 13:13:40] 
Fold 5/5 | subject=17
[2026-05-19 13:13:40]     Train: 32 | Test: 8 | Strategy: new
[2026-05-19 13:13:41]     Result | best_epoch=32 | stop=52 | acc=0.5000 | bal_acc=0.5000 | collapse=False
[2026-05-19 13:13:41]     Spatial update | delta_l2=0.10211044 | relative_delta=0.08738057 | changed=True
[2026-05-19 13:13:41]   Subject 17: acc=0.5250±0.1458  bal_acc=0.5250±0.1458
[2026-05-19 13:13:41] 
Subject 18: 40 windows | class_counts=[20, 20]
[2026-05-19 13:13:42] 
Fold 1/5 | subject=18
[2026-05-19 13:13:42]     Train: 32 | Test: 8 | Strategy: new
[2026-05-19 13:13:44]     Result | best_epoch=106 | stop=120 | acc=0.8750 | bal_acc=0.8750 | collapse=False
[2026-05-19 13:13:44]     Spatial update | delta_l2=0.20462049 | relative_delta=0.1751031 | changed=True
[2026-05-19 13:13:44] 
Fold 2/5 | subject=18
[2026-05-19 13:13:44]     Train: 32 | Test: 8 | Strategy: new
[2026-05-19 13:13:46]     Result | best_epoch=107 | stop=120 | acc=0.5000 | bal_acc=0.5000 | collapse=True
[2026-05-19 13:13:46]     Spatial update | delta_l2=0.20593804 | relative_delta=0.17623058 | changed=True
[2026-05-19 13:13:47] 
Fold 3/5 | subject=18
[2026-05-19 13:13:47]     Train: 32 | Test: 8 | Strategy: new
[2026-05-19 13:13:49]     Result | best_epoch=111 | stop=120 | acc=0.7500 | bal_acc=0.7500 | collapse=False
[2026-05-19 13:13:49]     Spatial update | delta_l2=0.23148813 | relative_delta=0.19809496 | changed=True
[2026-05-19 13:13:49] 
Fold 4/5 | subject=18
[2026-05-19 13:13:49]     Train: 32 | Test: 8 | Strategy: new
[2026-05-19 13:13:52]     Result | best_epoch=113 | stop=120 | acc=0.8750 | bal_acc=0.8750 | collapse=False
[2026-05-19 13:13:52]     Spatial update | delta_l2=0.21985334 | relative_delta=0.18813854 | changed=True
[2026-05-19 13:13:52] 
Fold 5/5 | subject=18
[2026-05-19 13:13:52]     Train: 32 | Test: 8 | Strategy: new
[2026-05-19 13:13:54]     Result | best_epoch=111 | stop=120 | acc=0.7500 | bal_acc=0.7500 | collapse=False
[2026-05-19 13:13:54]     Spatial update | delta_l2=0.23193984 | relative_delta=0.19848151 | changed=True
[2026-05-19 13:13:54]   Subject 18: acc=0.7500±0.1369  bal_acc=0.7500±0.1369
[2026-05-19 13:13:54] 
Subject 19: 40 windows | class_counts=[20, 20]
[2026-05-19 13:13:55] 
Fold 1/5 | subject=19
[2026-05-19 13:13:55]     Train: 32 | Test: 8 | Strategy: new
[2026-05-19 13:13:57]     Result | best_epoch=105 | stop=120 | acc=0.3750 | bal_acc=0.3750 | collapse=False
[2026-05-19 13:13:57]     Spatial update | delta_l2=0.19733155 | relative_delta=0.16886561 | changed=True
[2026-05-19 13:13:57] 
Fold 2/5 | subject=19
[2026-05-19 13:13:57]     Train: 32 | Test: 8 | Strategy: new
[2026-05-19 13:13:58]     Result | best_epoch=1 | stop=21 | acc=0.7500 | bal_acc=0.7500 | collapse=False
[2026-05-19 13:13:58]     Spatial update | delta_l2=0.00538481 | relative_delta=0.00460803 | changed=True
[2026-05-19 13:13:58] 
Fold 3/5 | subject=19
[2026-05-19 13:13:58]     Train: 32 | Test: 8 | Strategy: new
[2026-05-19 13:14:00]     Result | best_epoch=105 | stop=120 | acc=0.1250 | bal_acc=0.1250 | collapse=False
[2026-05-19 13:14:00]     Spatial update | delta_l2=0.16617985 | relative_delta=0.14220768 | changed=True
[2026-05-19 13:14:01] 
Fold 4/5 | subject=19
[2026-05-19 13:14:01]     Train: 32 | Test: 8 | Strategy: new
[2026-05-19 13:14:01]     Result | best_epoch=1 | stop=21 | acc=0.5000 | bal_acc=0.5000 | collapse=False
[2026-05-19 13:14:01]     Spatial update | delta_l2=0.00538484 | relative_delta=0.00460806 | changed=True
[2026-05-19 13:14:02] 
Fold 5/5 | subject=19
[2026-05-19 13:14:02]     Train: 32 | Test: 8 | Strategy: new
[2026-05-19 13:14:04]     Result | best_epoch=105 | stop=120 | acc=0.5000 | bal_acc=0.5000 | collapse=False
[2026-05-19 13:14:04]     Spatial update | delta_l2=0.18703144 | relative_delta=0.16005134 | changed=True
[2026-05-19 13:14:04]   Subject 19: acc=0.4500±0.2031  bal_acc=0.4500±0.2031
[2026-05-19 13:14:04] 
Subject 20: 40 windows | class_counts=[20, 20]
[2026-05-19 13:14:04] 
Fold 1/5 | subject=20
[2026-05-19 13:14:04]     Train: 32 | Test: 8 | Strategy: new
[2026-05-19 13:14:06]     Result | best_epoch=118 | stop=120 | acc=0.7500 | bal_acc=0.7500 | collapse=False
[2026-05-19 13:14:06]     Spatial update | delta_l2=0.18346831 | relative_delta=0.15700221 | changed=True
[2026-05-19 13:14:07] 
Fold 2/5 | subject=20
[2026-05-19 13:14:07]     Train: 32 | Test: 8 | Strategy: new
[2026-05-19 13:14:09]     Result | best_epoch=115 | stop=120 | acc=0.6250 | bal_acc=0.6250 | collapse=False
[2026-05-19 13:14:09]     Spatial update | delta_l2=0.23118229 | relative_delta=0.19783324 | changed=True
[2026-05-19 13:14:10] 
Fold 3/5 | subject=20
[2026-05-19 13:14:10]     Train: 32 | Test: 8 | Strategy: new
[2026-05-19 13:14:11]     Result | best_epoch=83 | stop=103 | acc=0.7500 | bal_acc=0.7500 | collapse=False
[2026-05-19 13:14:11]     Spatial update | delta_l2=0.21071751 | relative_delta=0.18032059 | changed=True
[2026-05-19 13:14:12] 
Fold 4/5 | subject=20
[2026-05-19 13:14:12]     Train: 32 | Test: 8 | Strategy: new
[2026-05-19 13:14:14]     Result | best_epoch=115 | stop=120 | acc=0.6250 | bal_acc=0.6250 | collapse=False
[2026-05-19 13:14:14]     Spatial update | delta_l2=0.20484238 | relative_delta=0.17529298 | changed=True
[2026-05-19 13:14:15] 
Fold 5/5 | subject=20
[2026-05-19 13:14:15]     Train: 32 | Test: 8 | Strategy: new
[2026-05-19 13:14:15]     Result | best_epoch=2 | stop=22 | acc=0.8750 | bal_acc=0.8750 | collapse=False
[2026-05-19 13:14:15]     Spatial update | delta_l2=0.00980475 | relative_delta=0.00839037 | changed=True
[2026-05-19 13:14:15]   Subject 20: acc=0.7250±0.0935  bal_acc=0.7250±0.0935
[2026-05-19 13:14:15] 
Subject 21: 40 windows | class_counts=[20, 20]
[2026-05-19 13:14:16] 
Fold 1/5 | subject=21
[2026-05-19 13:14:16]     Train: 32 | Test: 8 | Strategy: new
[2026-05-19 13:14:16]     Result | best_epoch=1 | stop=21 | acc=0.5000 | bal_acc=0.5000 | collapse=False
[2026-05-19 13:14:16]     Spatial update | delta_l2=0.00538497 | relative_delta=0.00460816 | changed=True
[2026-05-19 13:14:16] 
Fold 2/5 | subject=21
[2026-05-19 13:14:16]     Train: 32 | Test: 8 | Strategy: new
[2026-05-19 13:14:17]     Result | best_epoch=1 | stop=21 | acc=0.2500 | bal_acc=0.2500 | collapse=False
[2026-05-19 13:14:17]     Spatial update | delta_l2=0.00538504 | relative_delta=0.00460823 | changed=True
[2026-05-19 13:14:17] 
Fold 3/5 | subject=21
[2026-05-19 13:14:17]     Train: 32 | Test: 8 | Strategy: new
[2026-05-19 13:14:19]     Result | best_epoch=101 | stop=120 | acc=0.3750 | bal_acc=0.3750 | collapse=False
[2026-05-19 13:14:19]     Spatial update | delta_l2=0.16101204 | relative_delta=0.13778535 | changed=True
[2026-05-19 13:14:20] 
Fold 4/5 | subject=21
[2026-05-19 13:14:20]     Train: 32 | Test: 8 | Strategy: new
[2026-05-19 13:14:20]     Result | best_epoch=1 | stop=21 | acc=0.5000 | bal_acc=0.5000 | collapse=False
[2026-05-19 13:14:20]     Spatial update | delta_l2=0.00538358 | relative_delta=0.00460697 | changed=True
[2026-05-19 13:14:21] 
Fold 5/5 | subject=21
[2026-05-19 13:14:21]     Train: 32 | Test: 8 | Strategy: new
[2026-05-19 13:14:21]     Result | best_epoch=2 | stop=21 | acc=0.3750 | bal_acc=0.3750 | collapse=False
[2026-05-19 13:14:21]     Spatial update | delta_l2=0.00538482 | relative_delta=0.00460804 | changed=True
[2026-05-19 13:14:21]   Subject 21: acc=0.4000±0.0935  bal_acc=0.4000±0.0935
[2026-05-19 13:14:21] 
Subject 22: 40 windows | class_counts=[20, 20]
[2026-05-19 13:14:22] 
Fold 1/5 | subject=22
[2026-05-19 13:14:22]     Train: 32 | Test: 8 | Strategy: new
[2026-05-19 13:14:24]     Result | best_epoch=117 | stop=120 | acc=0.7500 | bal_acc=0.7500 | collapse=False
[2026-05-19 13:14:24]     Spatial update | delta_l2=0.17547653 | relative_delta=0.15016328 | changed=True
[2026-05-19 13:14:24] 
Fold 2/5 | subject=22
[2026-05-19 13:14:24]     Train: 32 | Test: 8 | Strategy: new
[2026-05-19 13:14:26]     Result | best_epoch=108 | stop=120 | acc=0.5000 | bal_acc=0.5000 | collapse=False
[2026-05-19 13:14:26]     Spatial update | delta_l2=0.15883412 | relative_delta=0.13592161 | changed=True
[2026-05-19 13:14:27] 
Fold 3/5 | subject=22
[2026-05-19 13:14:27]     Train: 32 | Test: 8 | Strategy: new
[2026-05-19 13:14:29]     Result | best_epoch=75 | stop=95 | acc=0.3750 | bal_acc=0.3750 | collapse=False
[2026-05-19 13:14:29]     Spatial update | delta_l2=0.17223468 | relative_delta=0.14738908 | changed=True
[2026-05-19 13:14:29] 
Fold 4/5 | subject=22
[2026-05-19 13:14:29]     Train: 32 | Test: 8 | Strategy: new
[2026-05-19 13:14:30]     Result | best_epoch=1 | stop=21 | acc=0.5000 | bal_acc=0.5000 | collapse=False
[2026-05-19 13:14:30]     Spatial update | delta_l2=0.00538464 | relative_delta=0.00460788 | changed=True
[2026-05-19 13:14:30] 
Fold 5/5 | subject=22
[2026-05-19 13:14:30]     Train: 32 | Test: 8 | Strategy: new
[2026-05-19 13:14:32]     Result | best_epoch=91 | stop=111 | acc=0.3750 | bal_acc=0.3750 | collapse=False
[2026-05-19 13:14:32]     Spatial update | delta_l2=0.17353991 | relative_delta=0.14850602 | changed=True
[2026-05-19 13:14:32]   Subject 22: acc=0.5000±0.1369  bal_acc=0.5000±0.1369
[2026-05-19 13:14:32] 
Subject 23: 40 windows | class_counts=[20, 20]
[2026-05-19 13:14:33] 
Fold 1/5 | subject=23
[2026-05-19 13:14:33]     Train: 32 | Test: 8 | Strategy: new
[2026-05-19 13:14:34]     Result | best_epoch=67 | stop=87 | acc=0.7500 | bal_acc=0.7500 | collapse=False
[2026-05-19 13:14:34]     Spatial update | delta_l2=0.1793227 | relative_delta=0.15345463 | changed=True
[2026-05-19 13:14:35] 
Fold 2/5 | subject=23
[2026-05-19 13:14:35]     Train: 32 | Test: 8 | Strategy: new
[2026-05-19 13:14:37]     Result | best_epoch=95 | stop=115 | acc=0.6250 | bal_acc=0.6250 | collapse=False
[2026-05-19 13:14:37]     Spatial update | delta_l2=0.18438746 | relative_delta=0.15778877 | changed=True
[2026-05-19 13:14:37] 
Fold 3/5 | subject=23
[2026-05-19 13:14:37]     Train: 32 | Test: 8 | Strategy: new
[2026-05-19 13:14:38]     Result | best_epoch=33 | stop=45 | acc=0.7500 | bal_acc=0.7500 | collapse=False
[2026-05-19 13:14:38]     Spatial update | delta_l2=0.07468168 | relative_delta=0.06390852 | changed=True
[2026-05-19 13:14:39] 
Fold 4/5 | subject=23
[2026-05-19 13:14:39]     Train: 32 | Test: 8 | Strategy: new
[2026-05-19 13:14:39]     Result | best_epoch=1 | stop=21 | acc=0.5000 | bal_acc=0.5000 | collapse=False
[2026-05-19 13:14:39]     Spatial update | delta_l2=0.00538403 | relative_delta=0.00460736 | changed=True
[2026-05-19 13:14:39] 
Fold 5/5 | subject=23
[2026-05-19 13:14:39]     Train: 32 | Test: 8 | Strategy: new
[2026-05-19 13:14:41]     Result | best_epoch=92 | stop=112 | acc=0.2500 | bal_acc=0.2500 | collapse=False
[2026-05-19 13:14:41]     Spatial update | delta_l2=0.17004767 | relative_delta=0.14551756 | changed=True
[2026-05-19 13:14:41]   Subject 23: acc=0.5750±0.1871  bal_acc=0.5750±0.1871
[2026-05-19 13:14:41] 
Subject 24: 40 windows | class_counts=[20, 20]
[2026-05-19 13:14:42] 
Fold 1/5 | subject=24
[2026-05-19 13:14:42]     Train: 32 | Test: 8 | Strategy: new
[2026-05-19 13:14:42]     Result | best_epoch=1 | stop=21 | acc=0.7500 | bal_acc=0.7500 | collapse=False
[2026-05-19 13:14:42]     Spatial update | delta_l2=0.00538497 | relative_delta=0.00460816 | changed=True
[2026-05-19 13:14:43] 
Fold 2/5 | subject=24
[2026-05-19 13:14:43]     Train: 32 | Test: 8 | Strategy: new
[2026-05-19 13:14:43]     Result | best_epoch=1 | stop=21 | acc=0.5000 | bal_acc=0.5000 | collapse=False
[2026-05-19 13:14:43]     Spatial update | delta_l2=0.00538491 | relative_delta=0.00460812 | changed=True
[2026-05-19 13:14:44] 
Fold 3/5 | subject=24
[2026-05-19 13:14:44]     Train: 32 | Test: 8 | Strategy: new
[2026-05-19 13:14:44]     Result | best_epoch=1 | stop=21 | acc=0.7500 | bal_acc=0.7500 | collapse=False
[2026-05-19 13:14:44]     Spatial update | delta_l2=0.00538502 | relative_delta=0.00460821 | changed=True
[2026-05-19 13:14:45] 
Fold 4/5 | subject=24
[2026-05-19 13:14:45]     Train: 32 | Test: 8 | Strategy: new
[2026-05-19 13:14:47]     Result | best_epoch=102 | stop=120 | acc=0.2500 | bal_acc=0.2500 | collapse=False
[2026-05-19 13:14:47]     Spatial update | delta_l2=0.22043688 | relative_delta=0.18863791 | changed=True
[2026-05-19 13:14:47] 
Fold 5/5 | subject=24
[2026-05-19 13:14:47]     Train: 32 | Test: 8 | Strategy: new
[2026-05-19 13:14:49]     Result | best_epoch=102 | stop=120 | acc=0.5000 | bal_acc=0.5000 | collapse=False
[2026-05-19 13:14:49]     Spatial update | delta_l2=0.19484926 | relative_delta=0.16674141 | changed=True
[2026-05-19 13:14:49]   Subject 24: acc=0.5500±0.1871  bal_acc=0.5500±0.1871
[2026-05-19 13:14:49] 
Subject 25: 40 windows | class_counts=[20, 20]
[2026-05-19 13:14:50] 
Fold 1/5 | subject=25
[2026-05-19 13:14:50]     Train: 32 | Test: 8 | Strategy: new
[2026-05-19 13:14:51]     Result | best_epoch=66 | stop=86 | acc=0.7500 | bal_acc=0.7500 | collapse=False
[2026-05-19 13:14:51]     Spatial update | delta_l2=0.15864471 | relative_delta=0.13575952 | changed=True
[2026-05-19 13:14:52] 
Fold 2/5 | subject=25
[2026-05-19 13:14:52]     Train: 32 | Test: 8 | Strategy: new
[2026-05-19 13:14:53]     Result | best_epoch=30 | stop=50 | acc=0.6250 | bal_acc=0.6250 | collapse=False
[2026-05-19 13:14:53]     Spatial update | delta_l2=0.0903434 | relative_delta=0.07731097 | changed=True
[2026-05-19 13:14:53] 
Fold 3/5 | subject=25
[2026-05-19 13:14:53]     Train: 32 | Test: 8 | Strategy: new
[2026-05-19 13:14:55]     Result | best_epoch=99 | stop=119 | acc=0.7500 | bal_acc=0.7500 | collapse=False
[2026-05-19 13:14:55]     Spatial update | delta_l2=0.16524772 | relative_delta=0.14141002 | changed=True
[2026-05-19 13:14:56] 
Fold 4/5 | subject=25
[2026-05-19 13:14:56]     Train: 32 | Test: 8 | Strategy: new
[2026-05-19 13:14:58]     Result | best_epoch=81 | stop=101 | acc=0.5000 | bal_acc=0.5000 | collapse=False
[2026-05-19 13:14:58]     Spatial update | delta_l2=0.17513832 | relative_delta=0.14987386 | changed=True
[2026-05-19 13:14:58] 
Fold 5/5 | subject=25
[2026-05-19 13:14:58]     Train: 32 | Test: 8 | Strategy: new
[2026-05-19 13:14:59]     Result | best_epoch=1 | stop=21 | acc=0.3750 | bal_acc=0.3750 | collapse=False
[2026-05-19 13:14:59]     Spatial update | delta_l2=0.00538457 | relative_delta=0.00460782 | changed=True
[2026-05-19 13:14:59]   Subject 25: acc=0.6000±0.1458  bal_acc=0.6000±0.1458
[2026-05-19 13:14:59] 
Subject 26: 40 windows | class_counts=[20, 20]
[2026-05-19 13:14:59] 
Fold 1/5 | subject=26
[2026-05-19 13:14:59]     Train: 32 | Test: 8 | Strategy: new
[2026-05-19 13:15:00]     Result | best_epoch=1 | stop=21 | acc=0.5000 | bal_acc=0.5000 | collapse=False
[2026-05-19 13:15:00]     Spatial update | delta_l2=0.00538489 | relative_delta=0.00460809 | changed=True
[2026-05-19 13:15:00] 
Fold 2/5 | subject=26
[2026-05-19 13:15:00]     Train: 32 | Test: 8 | Strategy: new
[2026-05-19 13:15:01]     Result | best_epoch=1 | stop=21 | acc=0.5000 | bal_acc=0.5000 | collapse=False
[2026-05-19 13:15:01]     Spatial update | delta_l2=0.00538465 | relative_delta=0.00460789 | changed=True
[2026-05-19 13:15:01] 
Fold 3/5 | subject=26
[2026-05-19 13:15:01]     Train: 32 | Test: 8 | Strategy: new
[2026-05-19 13:15:02]     Result | best_epoch=1 | stop=21 | acc=0.3750 | bal_acc=0.3750 | collapse=False
[2026-05-19 13:15:02]     Spatial update | delta_l2=0.00538439 | relative_delta=0.00460766 | changed=True
[2026-05-19 13:15:02] 
Fold 4/5 | subject=26
[2026-05-19 13:15:02]     Train: 32 | Test: 8 | Strategy: new
[2026-05-19 13:15:02]     Result | best_epoch=1 | stop=21 | acc=0.5000 | bal_acc=0.5000 | collapse=False
[2026-05-19 13:15:02]     Spatial update | delta_l2=0.0053821 | relative_delta=0.00460571 | changed=True
[2026-05-19 13:15:03] 
Fold 5/5 | subject=26
[2026-05-19 13:15:03]     Train: 32 | Test: 8 | Strategy: new
[2026-05-19 13:15:03]     Result | best_epoch=1 | stop=21 | acc=0.5000 | bal_acc=0.5000 | collapse=False
[2026-05-19 13:15:03]     Spatial update | delta_l2=0.00538368 | relative_delta=0.00460706 | changed=True
[2026-05-19 13:15:03]   Subject 26: acc=0.4750±0.0500  bal_acc=0.4750±0.0500
[2026-05-19 13:15:03] 
Subject 27: 40 windows | class_counts=[20, 20]
[2026-05-19 13:15:04] 
Fold 1/5 | subject=27
[2026-05-19 13:15:04]     Train: 32 | Test: 8 | Strategy: new
[2026-05-19 13:15:05]     Result | best_epoch=23 | stop=42 | acc=0.2500 | bal_acc=0.2500 | collapse=False
[2026-05-19 13:15:05]     Spatial update | delta_l2=0.06659669 | relative_delta=0.05698983 | changed=True
[2026-05-19 13:15:05] 
Fold 2/5 | subject=27
[2026-05-19 13:15:05]     Train: 32 | Test: 8 | Strategy: new
[2026-05-19 13:15:06]     Result | best_epoch=1 | stop=21 | acc=0.8750 | bal_acc=0.8750 | collapse=False
[2026-05-19 13:15:06]     Spatial update | delta_l2=0.00538511 | relative_delta=0.00460828 | changed=True
[2026-05-19 13:15:06] 
Fold 3/5 | subject=27
[2026-05-19 13:15:06]     Train: 32 | Test: 8 | Strategy: new
[2026-05-19 13:15:07]     Result | best_epoch=1 | stop=21 | acc=0.5000 | bal_acc=0.5000 | collapse=False
[2026-05-19 13:15:07]     Spatial update | delta_l2=0.00538511 | relative_delta=0.00460828 | changed=True
[2026-05-19 13:15:07] 
Fold 4/5 | subject=27
[2026-05-19 13:15:07]     Train: 32 | Test: 8 | Strategy: new
[2026-05-19 13:15:08]     Result | best_epoch=21 | stop=41 | acc=0.6250 | bal_acc=0.6250 | collapse=False
[2026-05-19 13:15:08]     Spatial update | delta_l2=0.05993898 | relative_delta=0.05129252 | changed=True
[2026-05-19 13:15:08] 
Fold 5/5 | subject=27
[2026-05-19 13:15:08]     Train: 32 | Test: 8 | Strategy: new
[2026-05-19 13:15:10]     Result | best_epoch=90 | stop=110 | acc=0.3750 | bal_acc=0.3750 | collapse=False
[2026-05-19 13:15:10]     Spatial update | delta_l2=0.14664446 | relative_delta=0.12549036 | changed=True
[2026-05-19 13:15:10]   Subject 27: acc=0.5250±0.2151  bal_acc=0.5250±0.2151
[2026-05-19 13:15:10] 
Subject 28: 40 windows | class_counts=[20, 20]
[2026-05-19 13:15:11] 
Fold 1/5 | subject=28
[2026-05-19 13:15:11]     Train: 32 | Test: 8 | Strategy: new
[2026-05-19 13:15:13]     Result | best_epoch=117 | stop=120 | acc=0.5000 | bal_acc=0.5000 | collapse=False
[2026-05-19 13:15:13]     Spatial update | delta_l2=0.19392487 | relative_delta=0.16595036 | changed=True
[2026-05-19 13:15:13] 
Fold 2/5 | subject=28
[2026-05-19 13:15:13]     Train: 32 | Test: 8 | Strategy: new
[2026-05-19 13:15:15]     Result | best_epoch=91 | stop=99 | acc=0.6250 | bal_acc=0.6250 | collapse=False
[2026-05-19 13:15:15]     Spatial update | delta_l2=0.17892783 | relative_delta=0.15311671 | changed=True
[2026-05-19 13:15:16] 
Fold 3/5 | subject=28
[2026-05-19 13:15:16]     Train: 32 | Test: 8 | Strategy: new
[2026-05-19 13:15:17]     Result | best_epoch=68 | stop=88 | acc=0.6250 | bal_acc=0.6250 | collapse=False
[2026-05-19 13:15:17]     Spatial update | delta_l2=0.17703064 | relative_delta=0.1514932 | changed=True
[2026-05-19 13:15:18] 
Fold 4/5 | subject=28
[2026-05-19 13:15:18]     Train: 32 | Test: 8 | Strategy: new
[2026-05-19 13:15:20]     Result | best_epoch=117 | stop=120 | acc=0.5000 | bal_acc=0.5000 | collapse=False
[2026-05-19 13:15:20]     Spatial update | delta_l2=0.18548221 | relative_delta=0.1587256 | changed=True
[2026-05-19 13:15:20] 
Fold 5/5 | subject=28
[2026-05-19 13:15:20]     Train: 32 | Test: 8 | Strategy: new
[2026-05-19 13:15:22]     Result | best_epoch=107 | stop=111 | acc=0.3750 | bal_acc=0.3750 | collapse=False
[2026-05-19 13:15:22]     Spatial update | delta_l2=0.19647878 | relative_delta=0.16813586 | changed=True
[2026-05-19 13:15:22]   Subject 28: acc=0.5250±0.0935  bal_acc=0.5250±0.0935
[2026-05-19 13:15:22] 
Subject 29: 40 windows | class_counts=[20, 20]
[2026-05-19 13:15:23] 
Fold 1/5 | subject=29
[2026-05-19 13:15:23]     Train: 32 | Test: 8 | Strategy: new
[2026-05-19 13:15:23]     Result | best_epoch=1 | stop=21 | acc=0.5000 | bal_acc=0.5000 | collapse=False
[2026-05-19 13:15:23]     Spatial update | delta_l2=0.00538506 | relative_delta=0.00460824 | changed=True
[2026-05-19 13:15:24] 
Fold 2/5 | subject=29
[2026-05-19 13:15:24]     Train: 32 | Test: 8 | Strategy: new
[2026-05-19 13:15:24]     Result | best_epoch=1 | stop=21 | acc=0.2500 | bal_acc=0.2500 | collapse=False
[2026-05-19 13:15:24]     Spatial update | delta_l2=0.00538498 | relative_delta=0.00460817 | changed=True
[2026-05-19 13:15:25] 
Fold 3/5 | subject=29
[2026-05-19 13:15:25]     Train: 32 | Test: 8 | Strategy: new
[2026-05-19 13:15:25]     Result | best_epoch=1 | stop=21 | acc=0.2500 | bal_acc=0.2500 | collapse=False
[2026-05-19 13:15:25]     Spatial update | delta_l2=0.00538495 | relative_delta=0.00460815 | changed=True
[2026-05-19 13:15:26] 
Fold 4/5 | subject=29
[2026-05-19 13:15:26]     Train: 32 | Test: 8 | Strategy: new
[2026-05-19 13:15:26]     Result | best_epoch=1 | stop=21 | acc=0.7500 | bal_acc=0.7500 | collapse=False
[2026-05-19 13:15:26]     Spatial update | delta_l2=0.00538487 | relative_delta=0.00460808 | changed=True
[2026-05-19 13:15:27] 
Fold 5/5 | subject=29
[2026-05-19 13:15:27]     Train: 32 | Test: 8 | Strategy: new
[2026-05-19 13:15:27]     Result | best_epoch=1 | stop=21 | acc=0.5000 | bal_acc=0.5000 | collapse=False
[2026-05-19 13:15:27]     Spatial update | delta_l2=0.00538485 | relative_delta=0.00460807 | changed=True
[2026-05-19 13:15:27]   Subject 29: acc=0.4500±0.1871  bal_acc=0.4500±0.1871
[2026-05-19 13:15:27] 
Subject 30: 40 windows | class_counts=[20, 20]
[2026-05-19 13:15:28] 
Fold 1/5 | subject=30
[2026-05-19 13:15:28]     Train: 32 | Test: 8 | Strategy: new
[2026-05-19 13:15:28]     Result | best_epoch=12 | stop=32 | acc=0.6250 | bal_acc=0.6250 | collapse=False
[2026-05-19 13:15:28]     Spatial update | delta_l2=0.04373329 | relative_delta=0.03742458 | changed=True
[2026-05-19 13:15:29] 
Fold 2/5 | subject=30
[2026-05-19 13:15:29]     Train: 32 | Test: 8 | Strategy: new
[2026-05-19 13:15:31]     Result | best_epoch=120 | stop=120 | acc=0.7500 | bal_acc=0.7500 | collapse=False
[2026-05-19 13:15:31]     Spatial update | delta_l2=0.21715342 | relative_delta=0.1858281 | changed=True
[2026-05-19 13:15:31] 
Fold 3/5 | subject=30
[2026-05-19 13:15:31]     Train: 32 | Test: 8 | Strategy: new
[2026-05-19 13:15:32]     Result | best_epoch=1 | stop=21 | acc=0.6250 | bal_acc=0.6250 | collapse=False
[2026-05-19 13:15:32]     Spatial update | delta_l2=0.00538482 | relative_delta=0.00460803 | changed=True
[2026-05-19 13:15:32] 
Fold 4/5 | subject=30
[2026-05-19 13:15:32]     Train: 32 | Test: 8 | Strategy: new
[2026-05-19 13:15:34]     Result | best_epoch=103 | stop=120 | acc=0.6250 | bal_acc=0.6250 | collapse=False
[2026-05-19 13:15:34]     Spatial update | delta_l2=0.2372868 | relative_delta=0.20305715 | changed=True
[2026-05-19 13:15:35] 
Fold 5/5 | subject=30
[2026-05-19 13:15:35]     Train: 32 | Test: 8 | Strategy: new
[2026-05-19 13:15:37]     Result | best_epoch=101 | stop=120 | acc=0.6250 | bal_acc=0.6250 | collapse=False
[2026-05-19 13:15:37]     Spatial update | delta_l2=0.21211476 | relative_delta=0.18151629 | changed=True
[2026-05-19 13:15:37]   Subject 30: acc=0.6500±0.0500  bal_acc=0.6500±0.0500
[2026-05-19 13:15:37] 
Subject 31: 40 windows | class_counts=[20, 20]
[2026-05-19 13:15:38] 
Fold 1/5 | subject=31
[2026-05-19 13:15:38]     Train: 32 | Test: 8 | Strategy: new
[2026-05-19 13:15:38]     Result | best_epoch=2 | stop=21 | acc=0.3750 | bal_acc=0.3750 | collapse=False
[2026-05-19 13:15:38]     Spatial update | delta_l2=0.00538481 | relative_delta=0.00460803 | changed=True
[2026-05-19 13:15:39] 
Fold 2/5 | subject=31
[2026-05-19 13:15:39]     Train: 32 | Test: 8 | Strategy: new
[2026-05-19 13:15:39]     Result | best_epoch=1 | stop=21 | acc=0.5000 | bal_acc=0.5000 | collapse=False
[2026-05-19 13:15:39]     Spatial update | delta_l2=0.00538494 | relative_delta=0.00460814 | changed=True
[2026-05-19 13:15:40] 
Fold 3/5 | subject=31
[2026-05-19 13:15:40]     Train: 32 | Test: 8 | Strategy: new
[2026-05-19 13:15:40]     Result | best_epoch=1 | stop=21 | acc=0.5000 | bal_acc=0.5000 | collapse=False
[2026-05-19 13:15:40]     Spatial update | delta_l2=0.00538503 | relative_delta=0.00460822 | changed=True
[2026-05-19 13:15:41] 
Fold 4/5 | subject=31
[2026-05-19 13:15:41]     Train: 32 | Test: 8 | Strategy: new
[2026-05-19 13:15:41]     Result | best_epoch=1 | stop=21 | acc=0.3750 | bal_acc=0.3750 | collapse=False
[2026-05-19 13:15:41]     Spatial update | delta_l2=0.0053839 | relative_delta=0.00460725 | changed=True
[2026-05-19 13:15:42] 
Fold 5/5 | subject=31
[2026-05-19 13:15:42]     Train: 32 | Test: 8 | Strategy: new
[2026-05-19 13:15:42]     Result | best_epoch=1 | stop=21 | acc=0.5000 | bal_acc=0.5000 | collapse=False
[2026-05-19 13:15:42]     Spatial update | delta_l2=0.00538497 | relative_delta=0.00460817 | changed=True
[2026-05-19 13:15:42]   Subject 31: acc=0.4500±0.0612  bal_acc=0.4500±0.0612
[2026-05-19 13:15:42] 
Subject 32: 40 windows | class_counts=[20, 20]
[2026-05-19 13:15:43] 
Fold 1/5 | subject=32
[2026-05-19 13:15:43]     Train: 32 | Test: 8 | Strategy: new
[2026-05-19 13:15:43]     Result | best_epoch=18 | stop=38 | acc=0.6250 | bal_acc=0.6250 | collapse=False
[2026-05-19 13:15:43]     Spatial update | delta_l2=0.05636235 | relative_delta=0.04823183 | changed=True
[2026-05-19 13:15:44] 
Fold 2/5 | subject=32
[2026-05-19 13:15:44]     Train: 32 | Test: 8 | Strategy: new
[2026-05-19 13:15:45]     Result | best_epoch=12 | stop=32 | acc=0.6250 | bal_acc=0.6250 | collapse=False
[2026-05-19 13:15:45]     Spatial update | delta_l2=0.03973356 | relative_delta=0.03400182 | changed=True
[2026-05-19 13:15:45] 
Fold 3/5 | subject=32
[2026-05-19 13:15:45]     Train: 32 | Test: 8 | Strategy: new
[2026-05-19 13:15:47]     Result | best_epoch=89 | stop=109 | acc=0.7500 | bal_acc=0.7500 | collapse=False
[2026-05-19 13:15:47]     Spatial update | delta_l2=0.19881389 | relative_delta=0.17013412 | changed=True
[2026-05-19 13:15:48] 
Fold 4/5 | subject=32
[2026-05-19 13:15:48]     Train: 32 | Test: 8 | Strategy: new
[2026-05-19 13:15:50]     Result | best_epoch=112 | stop=120 | acc=0.3750 | bal_acc=0.3750 | collapse=False
[2026-05-19 13:15:50]     Spatial update | delta_l2=0.18706883 | relative_delta=0.16008334 | changed=True
[2026-05-19 13:15:50] 
Fold 5/5 | subject=32
[2026-05-19 13:15:50]     Train: 32 | Test: 8 | Strategy: new
[2026-05-19 13:15:52]     Result | best_epoch=63 | stop=83 | acc=0.7500 | bal_acc=0.7500 | collapse=False
[2026-05-19 13:15:52]     Spatial update | delta_l2=0.15839618 | relative_delta=0.13554684 | changed=True
[2026-05-19 13:15:52]   Subject 32: acc=0.6250±0.1369  bal_acc=0.6250±0.1369
[2026-05-19 13:15:52] 
Subject 33: 40 windows | class_counts=[20, 20]
[2026-05-19 13:15:52] 
Fold 1/5 | subject=33
[2026-05-19 13:15:52]     Train: 32 | Test: 8 | Strategy: new
[2026-05-19 13:15:54]     Result | best_epoch=100 | stop=120 | acc=0.6250 | bal_acc=0.6250 | collapse=False
[2026-05-19 13:15:54]     Spatial update | delta_l2=0.19787721 | relative_delta=0.16933256 | changed=True
[2026-05-19 13:15:55] 
Fold 2/5 | subject=33
[2026-05-19 13:15:55]     Train: 32 | Test: 8 | Strategy: new
[2026-05-19 13:15:55]     Result | best_epoch=1 | stop=21 | acc=0.6250 | bal_acc=0.6250 | collapse=False
[2026-05-19 13:15:55]     Spatial update | delta_l2=0.00538482 | relative_delta=0.00460804 | changed=True
[2026-05-19 13:15:56] 
Fold 3/5 | subject=33
[2026-05-19 13:15:56]     Train: 32 | Test: 8 | Strategy: new
[2026-05-19 13:15:56]     Result | best_epoch=1 | stop=21 | acc=0.8750 | bal_acc=0.8750 | collapse=False
[2026-05-19 13:15:56]     Spatial update | delta_l2=0.00538506 | relative_delta=0.00460824 | changed=True
[2026-05-19 13:15:57] 
Fold 4/5 | subject=33
[2026-05-19 13:15:57]     Train: 32 | Test: 8 | Strategy: new
[2026-05-19 13:15:59]     Result | best_epoch=77 | stop=97 | acc=0.2500 | bal_acc=0.2500 | collapse=False
[2026-05-19 13:15:59]     Spatial update | delta_l2=0.17497224 | relative_delta=0.14973174 | changed=True
[2026-05-19 13:15:59] 
Fold 5/5 | subject=33
[2026-05-19 13:15:59]     Train: 32 | Test: 8 | Strategy: new
[2026-05-19 13:16:01]     Result | best_epoch=113 | stop=120 | acc=0.6250 | bal_acc=0.6250 | collapse=False
[2026-05-19 13:16:01]     Spatial update | delta_l2=0.17880171 | relative_delta=0.15300879 | changed=True
[2026-05-19 13:16:01]   Subject 33: acc=0.6000±0.2000  bal_acc=0.6000±0.2000
[2026-05-19 13:16:01] 
Subject 34: 40 windows | class_counts=[20, 20]
[2026-05-19 13:16:02] 
Fold 1/5 | subject=34
[2026-05-19 13:16:02]     Train: 32 | Test: 8 | Strategy: new
[2026-05-19 13:16:04]     Result | best_epoch=91 | stop=111 | acc=0.8750 | bal_acc=0.8750 | collapse=False
[2026-05-19 13:16:04]     Spatial update | delta_l2=0.19713914 | relative_delta=0.16870096 | changed=True
[2026-05-19 13:16:04] 
Fold 2/5 | subject=34
[2026-05-19 13:16:04]     Train: 32 | Test: 8 | Strategy: new
[2026-05-19 13:16:06]     Result | best_epoch=109 | stop=120 | acc=0.7500 | bal_acc=0.7500 | collapse=False
[2026-05-19 13:16:06]     Spatial update | delta_l2=0.21078439 | relative_delta=0.18037782 | changed=True
[2026-05-19 13:16:07] 
Fold 3/5 | subject=34
[2026-05-19 13:16:07]     Train: 32 | Test: 8 | Strategy: new
[2026-05-19 13:16:09]     Result | best_epoch=118 | stop=120 | acc=0.6250 | bal_acc=0.6250 | collapse=False
[2026-05-19 13:16:09]     Spatial update | delta_l2=0.21197396 | relative_delta=0.1813958 | changed=True
[2026-05-19 13:16:09] 
Fold 4/5 | subject=34
[2026-05-19 13:16:09]     Train: 32 | Test: 8 | Strategy: new
[2026-05-19 13:16:12]     Result | best_epoch=114 | stop=120 | acc=0.8750 | bal_acc=0.8750 | collapse=False
[2026-05-19 13:16:12]     Spatial update | delta_l2=0.21895358 | relative_delta=0.18736857 | changed=True
[2026-05-19 13:16:12] 
Fold 5/5 | subject=34
[2026-05-19 13:16:12]     Train: 32 | Test: 8 | Strategy: new
[2026-05-19 13:16:14]     Result | best_epoch=94 | stop=114 | acc=0.8750 | bal_acc=0.8750 | collapse=False
[2026-05-19 13:16:14]     Spatial update | delta_l2=0.17827554 | relative_delta=0.15255852 | changed=True
[2026-05-19 13:16:14]   Subject 34: acc=0.8000±0.1000  bal_acc=0.8000±0.1000
[2026-05-19 13:16:14] 
Subject 35: 40 windows | class_counts=[20, 20]
[2026-05-19 13:16:15] 
Fold 1/5 | subject=35
[2026-05-19 13:16:15]     Train: 32 | Test: 8 | Strategy: new
[2026-05-19 13:16:15]     Result | best_epoch=1 | stop=21 | acc=0.5000 | bal_acc=0.5000 | collapse=False
[2026-05-19 13:16:15]     Spatial update | delta_l2=0.00538508 | relative_delta=0.00460826 | changed=True
[2026-05-19 13:16:15] 
Fold 2/5 | subject=35
[2026-05-19 13:16:15]     Train: 32 | Test: 8 | Strategy: new
[2026-05-19 13:16:17]     Result | best_epoch=85 | stop=105 | acc=0.7500 | bal_acc=0.7500 | collapse=False
[2026-05-19 13:16:17]     Spatial update | delta_l2=0.18779813 | relative_delta=0.16070743 | changed=True
[2026-05-19 13:16:18] 
Fold 3/5 | subject=35
[2026-05-19 13:16:18]     Train: 32 | Test: 8 | Strategy: new
[2026-05-19 13:16:20]     Result | best_epoch=83 | stop=103 | acc=0.8750 | bal_acc=0.8750 | collapse=False
[2026-05-19 13:16:20]     Spatial update | delta_l2=0.19493887 | relative_delta=0.16681809 | changed=True
[2026-05-19 13:16:20] 
Fold 4/5 | subject=35
[2026-05-19 13:16:20]     Train: 32 | Test: 8 | Strategy: new
[2026-05-19 13:16:21]     Result | best_epoch=1 | stop=21 | acc=0.3750 | bal_acc=0.3750 | collapse=False
[2026-05-19 13:16:21]     Spatial update | delta_l2=0.00538501 | relative_delta=0.0046082 | changed=True
[2026-05-19 13:16:21] 
Fold 5/5 | subject=35
[2026-05-19 13:16:21]     Train: 32 | Test: 8 | Strategy: new
[2026-05-19 13:16:23]     Result | best_epoch=85 | stop=105 | acc=0.5000 | bal_acc=0.5000 | collapse=False
[2026-05-19 13:16:23]     Spatial update | delta_l2=0.21342755 | relative_delta=0.1826397 | changed=True
[2026-05-19 13:16:23]   Subject 35: acc=0.6000±0.1837  bal_acc=0.6000±0.1837
[2026-05-19 13:16:23] 
Subject 36: 40 windows | class_counts=[20, 20]
[2026-05-19 13:16:23] 
Fold 1/5 | subject=36
[2026-05-19 13:16:23]     Train: 32 | Test: 8 | Strategy: new
[2026-05-19 13:16:24]     Result | best_epoch=1 | stop=21 | acc=0.2500 | bal_acc=0.2500 | collapse=False
[2026-05-19 13:16:24]     Spatial update | delta_l2=0.00538496 | relative_delta=0.00460816 | changed=True
[2026-05-19 13:16:24] 
Fold 2/5 | subject=36
[2026-05-19 13:16:24]     Train: 32 | Test: 8 | Strategy: new
[2026-05-19 13:16:26]     Result | best_epoch=49 | stop=69 | acc=0.5000 | bal_acc=0.5000 | collapse=False
[2026-05-19 13:16:26]     Spatial update | delta_l2=0.15346253 | relative_delta=0.13132489 | changed=True
[2026-05-19 13:16:27] 
Fold 3/5 | subject=36
[2026-05-19 13:16:27]     Train: 32 | Test: 8 | Strategy: new
[2026-05-19 13:16:27]     Result | best_epoch=1 | stop=21 | acc=0.2500 | bal_acc=0.2500 | collapse=False
[2026-05-19 13:16:27]     Spatial update | delta_l2=0.00538505 | relative_delta=0.00460824 | changed=True
[2026-05-19 13:16:28] 
Fold 4/5 | subject=36
[2026-05-19 13:16:28]     Train: 32 | Test: 8 | Strategy: new
[2026-05-19 13:16:30]     Result | best_epoch=119 | stop=120 | acc=0.2500 | bal_acc=0.2500 | collapse=False
[2026-05-19 13:16:30]     Spatial update | delta_l2=0.18934067 | relative_delta=0.16202745 | changed=True
[2026-05-19 13:16:31] 
Fold 5/5 | subject=36
[2026-05-19 13:16:31]     Train: 32 | Test: 8 | Strategy: new
[2026-05-19 13:16:31]     Result | best_epoch=1 | stop=21 | acc=0.2500 | bal_acc=0.2500 | collapse=False
[2026-05-19 13:16:31]     Spatial update | delta_l2=0.00538477 | relative_delta=0.00460799 | changed=True
[2026-05-19 13:16:31]   Subject 36: acc=0.3000±0.1000  bal_acc=0.3000±0.1000
[2026-05-19 13:16:31] 
Subject 37: 40 windows | class_counts=[20, 20]
[2026-05-19 13:16:33] 
Fold 1/5 | subject=37
[2026-05-19 13:16:33]     Train: 32 | Test: 8 | Strategy: new
[2026-05-19 13:16:35]     Result | best_epoch=105 | stop=120 | acc=0.2500 | bal_acc=0.2500 | collapse=False
[2026-05-19 13:16:35]     Spatial update | delta_l2=0.19102322 | relative_delta=0.16346729 | changed=True
[2026-05-19 13:16:35] 
Fold 2/5 | subject=37
[2026-05-19 13:16:35]     Train: 32 | Test: 8 | Strategy: new
[2026-05-19 13:16:36]     Result | best_epoch=1 | stop=21 | acc=0.7500 | bal_acc=0.7500 | collapse=False
[2026-05-19 13:16:36]     Spatial update | delta_l2=0.00538483 | relative_delta=0.00460804 | changed=True
[2026-05-19 13:16:37] 
Fold 3/5 | subject=37
[2026-05-19 13:16:37]     Train: 32 | Test: 8 | Strategy: new
[2026-05-19 13:16:39]     Result | best_epoch=111 | stop=120 | acc=0.5000 | bal_acc=0.5000 | collapse=False
[2026-05-19 13:16:39]     Spatial update | delta_l2=0.17874927 | relative_delta=0.15296391 | changed=True
[2026-05-19 13:16:39] 
Fold 4/5 | subject=37
[2026-05-19 13:16:39]     Train: 32 | Test: 8 | Strategy: new
[2026-05-19 13:16:40]     Result | best_epoch=1 | stop=21 | acc=0.3750 | bal_acc=0.3750 | collapse=False
[2026-05-19 13:16:40]     Spatial update | delta_l2=0.00538476 | relative_delta=0.00460799 | changed=True
[2026-05-19 13:16:41] 
Fold 5/5 | subject=37
[2026-05-19 13:16:41]     Train: 32 | Test: 8 | Strategy: new
[2026-05-19 13:16:43]     Result | best_epoch=83 | stop=103 | acc=0.6250 | bal_acc=0.6250 | collapse=False
[2026-05-19 13:16:43]     Spatial update | delta_l2=0.18961907 | relative_delta=0.16226569 | changed=True
[2026-05-19 13:16:43]   Subject 37: acc=0.5000±0.1768  bal_acc=0.5000±0.1768
[2026-05-19 13:16:43] 
Subject 38: 40 windows | class_counts=[20, 20]
[2026-05-19 13:16:44] 
Fold 1/5 | subject=38
[2026-05-19 13:16:44]     Train: 32 | Test: 8 | Strategy: new
[2026-05-19 13:16:44]     Result | best_epoch=1 | stop=21 | acc=0.3750 | bal_acc=0.3750 | collapse=False
[2026-05-19 13:16:44]     Spatial update | delta_l2=0.00538497 | relative_delta=0.00460816 | changed=True
[2026-05-19 13:16:45] 
Fold 2/5 | subject=38
[2026-05-19 13:16:45]     Train: 32 | Test: 8 | Strategy: new
[2026-05-19 13:16:46]     Result | best_epoch=70 | stop=90 | acc=0.6250 | bal_acc=0.6250 | collapse=False
[2026-05-19 13:16:46]     Spatial update | delta_l2=0.16800404 | relative_delta=0.14376873 | changed=True
[2026-05-19 13:16:47] 
Fold 3/5 | subject=38
[2026-05-19 13:16:47]     Train: 32 | Test: 8 | Strategy: new
[2026-05-19 13:16:49]     Result | best_epoch=118 | stop=120 | acc=0.6250 | bal_acc=0.6250 | collapse=False
[2026-05-19 13:16:49]     Spatial update | delta_l2=0.22067144 | relative_delta=0.18883862 | changed=True
[2026-05-19 13:16:50] 
Fold 4/5 | subject=38
[2026-05-19 13:16:50]     Train: 32 | Test: 8 | Strategy: new
[2026-05-19 13:16:51]     Result | best_epoch=1 | stop=21 | acc=0.6250 | bal_acc=0.6250 | collapse=False
[2026-05-19 13:16:51]     Spatial update | delta_l2=0.00538487 | relative_delta=0.00460808 | changed=True
[2026-05-19 13:16:52] 
Fold 5/5 | subject=38
[2026-05-19 13:16:52]     Train: 32 | Test: 8 | Strategy: new
[2026-05-19 13:16:54]     Result | best_epoch=104 | stop=120 | acc=0.6250 | bal_acc=0.6250 | collapse=False
[2026-05-19 13:16:54]     Spatial update | delta_l2=0.21250402 | relative_delta=0.1818494 | changed=True
[2026-05-19 13:16:54]   Subject 38: acc=0.5750±0.1000  bal_acc=0.5750±0.1000
[2026-05-19 13:16:54] 
Subject 39: 40 windows | class_counts=[20, 20]
[2026-05-19 13:16:55] 
Fold 1/5 | subject=39
[2026-05-19 13:16:55]     Train: 32 | Test: 8 | Strategy: new
[2026-05-19 13:16:56]     Result | best_epoch=1 | stop=21 | acc=0.6250 | bal_acc=0.6250 | collapse=False
[2026-05-19 13:16:56]     Spatial update | delta_l2=0.00538486 | relative_delta=0.00460807 | changed=True
[2026-05-19 13:16:57] 
Fold 2/5 | subject=39
[2026-05-19 13:16:57]     Train: 32 | Test: 8 | Strategy: new
[2026-05-19 13:16:59]     Result | best_epoch=66 | stop=86 | acc=0.2500 | bal_acc=0.2500 | collapse=False
[2026-05-19 13:16:59]     Spatial update | delta_l2=0.15092085 | relative_delta=0.12914986 | changed=True
[2026-05-19 13:17:00] 
Fold 3/5 | subject=39
[2026-05-19 13:17:00]     Train: 32 | Test: 8 | Strategy: new
[2026-05-19 13:17:01]     Result | best_epoch=1 | stop=21 | acc=0.7500 | bal_acc=0.7500 | collapse=False
[2026-05-19 13:17:01]     Spatial update | delta_l2=0.00538503 | relative_delta=0.00460822 | changed=True
[2026-05-19 13:17:02] 
Fold 4/5 | subject=39
[2026-05-19 13:17:02]     Train: 32 | Test: 8 | Strategy: new
[2026-05-19 13:17:02]     Result | best_epoch=1 | stop=21 | acc=0.1250 | bal_acc=0.1250 | collapse=False
[2026-05-19 13:17:02]     Spatial update | delta_l2=0.005385 | relative_delta=0.00460819 | changed=True
[2026-05-19 13:17:04] 
Fold 5/5 | subject=39
[2026-05-19 13:17:04]     Train: 32 | Test: 8 | Strategy: new
[2026-05-19 13:17:05]     Result | best_epoch=46 | stop=66 | acc=0.3750 | bal_acc=0.3750 | collapse=False
[2026-05-19 13:17:05]     Spatial update | delta_l2=0.11336099 | relative_delta=0.09700817 | changed=True
[2026-05-19 13:17:05]   Subject 39: acc=0.4250±0.2318  bal_acc=0.4250±0.2318
[2026-05-19 13:17:05] 
Subject 40: 40 windows | class_counts=[20, 20]
[2026-05-19 13:17:07] 
Fold 1/5 | subject=40
[2026-05-19 13:17:07]     Train: 32 | Test: 8 | Strategy: new
[2026-05-19 13:17:07]     Result | best_epoch=1 | stop=21 | acc=0.5000 | bal_acc=0.5000 | collapse=False
[2026-05-19 13:17:07]     Spatial update | delta_l2=0.00538502 | relative_delta=0.00460821 | changed=True
[2026-05-19 13:17:08] 
Fold 2/5 | subject=40
[2026-05-19 13:17:08]     Train: 32 | Test: 8 | Strategy: new
[2026-05-19 13:17:10]     Result | best_epoch=107 | stop=120 | acc=0.7500 | bal_acc=0.7500 | collapse=False
[2026-05-19 13:17:10]     Spatial update | delta_l2=0.16319632 | relative_delta=0.13965455 | changed=True
[2026-05-19 13:17:12] 
Fold 3/5 | subject=40
[2026-05-19 13:17:12]     Train: 32 | Test: 8 | Strategy: new
[2026-05-19 13:17:13]     Result | best_epoch=2 | stop=22 | acc=0.3750 | bal_acc=0.3750 | collapse=False
[2026-05-19 13:17:13]     Spatial update | delta_l2=0.00960204 | relative_delta=0.0082169 | changed=True
[2026-05-19 13:17:14] 
Fold 4/5 | subject=40
[2026-05-19 13:17:14]     Train: 32 | Test: 8 | Strategy: new
[2026-05-19 13:17:15]     Result | best_epoch=93 | stop=113 | acc=0.3750 | bal_acc=0.3750 | collapse=False
[2026-05-19 13:17:15]     Spatial update | delta_l2=0.17417957 | relative_delta=0.14905341 | changed=True
[2026-05-19 13:17:17] 
Fold 5/5 | subject=40
[2026-05-19 13:17:17]     Train: 32 | Test: 8 | Strategy: new
[2026-05-19 13:17:19]     Result | best_epoch=96 | stop=116 | acc=0.5000 | bal_acc=0.5000 | collapse=False
[2026-05-19 13:17:19]     Spatial update | delta_l2=0.17727264 | relative_delta=0.15170029 | changed=True
[2026-05-19 13:17:19]   Subject 40: acc=0.5000±0.1369  bal_acc=0.5000±0.1369
[2026-05-19 13:17:19] 
Subject 41: 40 windows | class_counts=[20, 20]
[2026-05-19 13:17:20] 
Fold 1/5 | subject=41
[2026-05-19 13:17:20]     Train: 32 | Test: 8 | Strategy: new
[2026-05-19 13:17:21]     Result | best_epoch=31 | stop=32 | acc=0.5000 | bal_acc=0.5000 | collapse=False
[2026-05-19 13:17:21]     Spatial update | delta_l2=0.04087809 | relative_delta=0.03498125 | changed=True
[2026-05-19 13:17:22] 
Fold 2/5 | subject=41
[2026-05-19 13:17:22]     Train: 32 | Test: 8 | Strategy: new
[2026-05-19 13:17:23]     Result | best_epoch=1 | stop=21 | acc=0.7500 | bal_acc=0.7500 | collapse=False
[2026-05-19 13:17:23]     Spatial update | delta_l2=0.00538493 | relative_delta=0.00460813 | changed=True
[2026-05-19 13:17:23] 
Fold 3/5 | subject=41
[2026-05-19 13:17:23]     Train: 32 | Test: 8 | Strategy: new
[2026-05-19 13:17:24]     Result | best_epoch=1 | stop=21 | acc=0.3750 | bal_acc=0.3750 | collapse=False
[2026-05-19 13:17:24]     Spatial update | delta_l2=0.00538497 | relative_delta=0.00460817 | changed=True
[2026-05-19 13:17:25] 
Fold 4/5 | subject=41
[2026-05-19 13:17:25]     Train: 32 | Test: 8 | Strategy: new
[2026-05-19 13:17:28]     Result | best_epoch=111 | stop=120 | acc=0.7500 | bal_acc=0.7500 | collapse=False
[2026-05-19 13:17:28]     Spatial update | delta_l2=0.18674237 | relative_delta=0.15980397 | changed=True
[2026-05-19 13:17:28] 
Fold 5/5 | subject=41
[2026-05-19 13:17:28]     Train: 32 | Test: 8 | Strategy: new
[2026-05-19 13:17:30]     Result | best_epoch=118 | stop=120 | acc=0.5000 | bal_acc=0.5000 | collapse=False
[2026-05-19 13:17:30]     Spatial update | delta_l2=0.19383518 | relative_delta=0.16587361 | changed=True
[2026-05-19 13:17:30]   Subject 41: acc=0.5750±0.1500  bal_acc=0.5750±0.1500
[2026-05-19 13:17:30] 
Subject 42: 40 windows | class_counts=[20, 20]
[2026-05-19 13:17:32] 
Fold 1/5 | subject=42
[2026-05-19 13:17:32]     Train: 32 | Test: 8 | Strategy: new
[2026-05-19 13:17:34]     Result | best_epoch=108 | stop=120 | acc=0.5000 | bal_acc=0.5000 | collapse=True
[2026-05-19 13:17:34]     Spatial update | delta_l2=0.19905262 | relative_delta=0.17033841 | changed=True
[2026-05-19 13:17:36] 
Fold 2/5 | subject=42
[2026-05-19 13:17:36]     Train: 32 | Test: 8 | Strategy: new
[2026-05-19 13:17:38]     Result | best_epoch=71 | stop=91 | acc=0.5000 | bal_acc=0.5000 | collapse=False
[2026-05-19 13:17:38]     Spatial update | delta_l2=0.19142134 | relative_delta=0.16380798 | changed=True
[2026-05-19 13:17:39] 
Fold 3/5 | subject=42
[2026-05-19 13:17:39]     Train: 32 | Test: 8 | Strategy: new
[2026-05-19 13:17:41]     Result | best_epoch=96 | stop=116 | acc=0.7500 | bal_acc=0.7500 | collapse=False
[2026-05-19 13:17:41]     Spatial update | delta_l2=0.18832652 | relative_delta=0.1611596 | changed=True
[2026-05-19 13:17:43] 
Fold 4/5 | subject=42
[2026-05-19 13:17:43]     Train: 32 | Test: 8 | Strategy: new
[2026-05-19 13:17:45]     Result | best_epoch=96 | stop=116 | acc=0.8750 | bal_acc=0.8750 | collapse=False
[2026-05-19 13:17:45]     Spatial update | delta_l2=0.19574518 | relative_delta=0.16750809 | changed=True
[2026-05-19 13:17:47] 
Fold 5/5 | subject=42
[2026-05-19 13:17:47]     Train: 32 | Test: 8 | Strategy: new
[2026-05-19 13:17:47]     Result | best_epoch=1 | stop=21 | acc=0.3750 | bal_acc=0.3750 | collapse=False
[2026-05-19 13:17:47]     Spatial update | delta_l2=0.00538478 | relative_delta=0.004608 | changed=True
[2026-05-19 13:17:47]   Subject 42: acc=0.6000±0.1837  bal_acc=0.6000±0.1837
[2026-05-19 13:17:47] 
Subject 43: 40 windows | class_counts=[20, 20]
[2026-05-19 13:17:49] 
Fold 1/5 | subject=43
[2026-05-19 13:17:49]     Train: 32 | Test: 8 | Strategy: new
[2026-05-19 13:17:49]     Result | best_epoch=22 | stop=42 | acc=0.6250 | bal_acc=0.6250 | collapse=False
[2026-05-19 13:17:49]     Spatial update | delta_l2=0.07111068 | relative_delta=0.06085266 | changed=True
[2026-05-19 13:17:51] 
Fold 2/5 | subject=43
[2026-05-19 13:17:51]     Train: 32 | Test: 8 | Strategy: new
[2026-05-19 13:17:53]     Result | best_epoch=101 | stop=120 | acc=0.2500 | bal_acc=0.2500 | collapse=False
[2026-05-19 13:17:53]     Spatial update | delta_l2=0.1938257 | relative_delta=0.1658655 | changed=True
[2026-05-19 13:17:55] 
Fold 3/5 | subject=43
[2026-05-19 13:17:55]     Train: 32 | Test: 8 | Strategy: new
[2026-05-19 13:17:56]     Result | best_epoch=1 | stop=21 | acc=0.3750 | bal_acc=0.3750 | collapse=False
[2026-05-19 13:17:56]     Spatial update | delta_l2=0.00538479 | relative_delta=0.00460801 | changed=True
[2026-05-19 13:17:58] 
Fold 4/5 | subject=43
[2026-05-19 13:17:58]     Train: 32 | Test: 8 | Strategy: new
[2026-05-19 13:18:00]     Result | best_epoch=119 | stop=120 | acc=0.5000 | bal_acc=0.5000 | collapse=False
[2026-05-19 13:18:00]     Spatial update | delta_l2=0.21024066 | relative_delta=0.17991253 | changed=True
[2026-05-19 13:18:02] 
Fold 5/5 | subject=43
[2026-05-19 13:18:02]     Train: 32 | Test: 8 | Strategy: new
[2026-05-19 13:18:02]     Result | best_epoch=1 | stop=21 | acc=0.7500 | bal_acc=0.7500 | collapse=False
[2026-05-19 13:18:02]     Spatial update | delta_l2=0.00538401 | relative_delta=0.00460735 | changed=True
[2026-05-19 13:18:02]   Subject 43: acc=0.5000±0.1768  bal_acc=0.5000±0.1768
[2026-05-19 13:18:02] 
Subject 44: 40 windows | class_counts=[20, 20]
[2026-05-19 13:18:04] 
Fold 1/5 | subject=44
[2026-05-19 13:18:04]     Train: 32 | Test: 8 | Strategy: new
[2026-05-19 13:18:04]     Result | best_epoch=1 | stop=21 | acc=0.3750 | bal_acc=0.3750 | collapse=False
[2026-05-19 13:18:04]     Spatial update | delta_l2=0.00538497 | relative_delta=0.00460816 | changed=True
[2026-05-19 13:18:07] 
Fold 2/5 | subject=44
[2026-05-19 13:18:07]     Train: 32 | Test: 8 | Strategy: new
[2026-05-19 13:18:08]     Result | best_epoch=91 | stop=111 | acc=0.3750 | bal_acc=0.3750 | collapse=False
[2026-05-19 13:18:08]     Spatial update | delta_l2=0.19686118 | relative_delta=0.1684631 | changed=True
[2026-05-19 13:18:10] 
Fold 3/5 | subject=44
[2026-05-19 13:18:10]     Train: 32 | Test: 8 | Strategy: new
[2026-05-19 13:18:12]     Result | best_epoch=64 | stop=84 | acc=0.5000 | bal_acc=0.5000 | collapse=False
[2026-05-19 13:18:12]     Spatial update | delta_l2=0.17771249 | relative_delta=0.15207669 | changed=True
[2026-05-19 13:18:13] 
Fold 4/5 | subject=44
[2026-05-19 13:18:13]     Train: 32 | Test: 8 | Strategy: new
[2026-05-19 13:18:14]     Result | best_epoch=1 | stop=21 | acc=0.6250 | bal_acc=0.6250 | collapse=False
[2026-05-19 13:18:14]     Spatial update | delta_l2=0.00538496 | relative_delta=0.00460815 | changed=True
[2026-05-19 13:18:16] 
Fold 5/5 | subject=44
[2026-05-19 13:18:16]     Train: 32 | Test: 8 | Strategy: new
[2026-05-19 13:18:16]     Result | best_epoch=1 | stop=21 | acc=0.7500 | bal_acc=0.7500 | collapse=False
[2026-05-19 13:18:16]     Spatial update | delta_l2=0.00538502 | relative_delta=0.00460821 | changed=True
[2026-05-19 13:18:16]   Subject 44: acc=0.5250±0.1458  bal_acc=0.5250±0.1458
[2026-05-19 13:18:16] 
Subject 45: 40 windows | class_counts=[20, 20]
[2026-05-19 13:18:17] 
Fold 1/5 | subject=45
[2026-05-19 13:18:17]     Train: 32 | Test: 8 | Strategy: new
[2026-05-19 13:18:17]     Result | best_epoch=1 | stop=21 | acc=0.3750 | bal_acc=0.3750 | collapse=False
[2026-05-19 13:18:17]     Spatial update | delta_l2=0.00538501 | relative_delta=0.0046082 | changed=True
[2026-05-19 13:18:19] 
Fold 2/5 | subject=45
[2026-05-19 13:18:19]     Train: 32 | Test: 8 | Strategy: new
[2026-05-19 13:18:19]     Result | best_epoch=1 | stop=21 | acc=0.3750 | bal_acc=0.3750 | collapse=False
[2026-05-19 13:18:19]     Spatial update | delta_l2=0.00538492 | relative_delta=0.00460812 | changed=True
[2026-05-19 13:18:20] 
Fold 3/5 | subject=45
[2026-05-19 13:18:20]     Train: 32 | Test: 8 | Strategy: new
[2026-05-19 13:18:21]     Result | best_epoch=1 | stop=21 | acc=0.2500 | bal_acc=0.2500 | collapse=False
[2026-05-19 13:18:21]     Spatial update | delta_l2=0.00538499 | relative_delta=0.00460818 | changed=True
[2026-05-19 13:18:23] 
Fold 4/5 | subject=45
[2026-05-19 13:18:23]     Train: 32 | Test: 8 | Strategy: new
[2026-05-19 13:18:23]     Result | best_epoch=1 | stop=21 | acc=0.2500 | bal_acc=0.2500 | collapse=False
[2026-05-19 13:18:23]     Spatial update | delta_l2=0.00538504 | relative_delta=0.00460823 | changed=True
[2026-05-19 13:18:24] 
Fold 5/5 | subject=45
[2026-05-19 13:18:24]     Train: 32 | Test: 8 | Strategy: new
[2026-05-19 13:18:25]     Result | best_epoch=1 | stop=21 | acc=0.7500 | bal_acc=0.7500 | collapse=False
[2026-05-19 13:18:25]     Spatial update | delta_l2=0.00538501 | relative_delta=0.0046082 | changed=True
[2026-05-19 13:18:25]   Subject 45: acc=0.4000±0.1837  bal_acc=0.4000±0.1837
[2026-05-19 13:18:25] 
Subject 46: 40 windows | class_counts=[20, 20]
[2026-05-19 13:18:27] 
Fold 1/5 | subject=46
[2026-05-19 13:18:27]     Train: 32 | Test: 8 | Strategy: new
[2026-05-19 13:18:29]     Result | best_epoch=99 | stop=119 | acc=0.5000 | bal_acc=0.5000 | collapse=False
[2026-05-19 13:18:29]     Spatial update | delta_l2=0.21103478 | relative_delta=0.18059209 | changed=True
[2026-05-19 13:18:30] 
Fold 2/5 | subject=46
[2026-05-19 13:18:30]     Train: 32 | Test: 8 | Strategy: new
[2026-05-19 13:18:31]     Result | best_epoch=22 | stop=39 | acc=0.5000 | bal_acc=0.5000 | collapse=False
[2026-05-19 13:18:31]     Spatial update | delta_l2=0.06708255 | relative_delta=0.0574056 | changed=True
[2026-05-19 13:18:32] 
Fold 3/5 | subject=46
[2026-05-19 13:18:32]     Train: 32 | Test: 8 | Strategy: new
[2026-05-19 13:18:34]     Result | best_epoch=89 | stop=109 | acc=0.7500 | bal_acc=0.7500 | collapse=False
[2026-05-19 13:18:34]     Spatial update | delta_l2=0.19236791 | relative_delta=0.16461801 | changed=True
[2026-05-19 13:18:35] 
Fold 4/5 | subject=46
[2026-05-19 13:18:35]     Train: 32 | Test: 8 | Strategy: new
[2026-05-19 13:18:35]     Result | best_epoch=1 | stop=21 | acc=0.5000 | bal_acc=0.5000 | collapse=False
[2026-05-19 13:18:35]     Spatial update | delta_l2=0.00538484 | relative_delta=0.00460805 | changed=True
[2026-05-19 13:18:37] 
Fold 5/5 | subject=46
[2026-05-19 13:18:37]     Train: 32 | Test: 8 | Strategy: new
[2026-05-19 13:18:38]     Result | best_epoch=1 | stop=21 | acc=0.2500 | bal_acc=0.2500 | collapse=False
[2026-05-19 13:18:38]     Spatial update | delta_l2=0.00538497 | relative_delta=0.00460816 | changed=True
[2026-05-19 13:18:38]   Subject 46: acc=0.5000±0.1581  bal_acc=0.5000±0.1581
[2026-05-19 13:18:38] 
Subject 47: 40 windows | class_counts=[20, 20]
[2026-05-19 13:18:39] 
Fold 1/5 | subject=47
[2026-05-19 13:18:39]     Train: 32 | Test: 8 | Strategy: new
[2026-05-19 13:18:41]     Result | best_epoch=69 | stop=89 | acc=0.2500 | bal_acc=0.2500 | collapse=False
[2026-05-19 13:18:41]     Spatial update | delta_l2=0.19346937 | relative_delta=0.16556057 | changed=True
[2026-05-19 13:18:43] 
Fold 2/5 | subject=47
[2026-05-19 13:18:43]     Train: 32 | Test: 8 | Strategy: new
[2026-05-19 13:18:43]     Result | best_epoch=1 | stop=21 | acc=0.6250 | bal_acc=0.6250 | collapse=False
[2026-05-19 13:18:43]     Spatial update | delta_l2=0.00538287 | relative_delta=0.00460636 | changed=True
[2026-05-19 13:18:45] 
Fold 3/5 | subject=47
[2026-05-19 13:18:45]     Train: 32 | Test: 8 | Strategy: new
[2026-05-19 13:18:46]     Result | best_epoch=2 | stop=21 | acc=0.3750 | bal_acc=0.3750 | collapse=False
[2026-05-19 13:18:46]     Spatial update | delta_l2=0.005385 | relative_delta=0.00460819 | changed=True
[2026-05-19 13:18:47] 
Fold 4/5 | subject=47
[2026-05-19 13:18:47]     Train: 32 | Test: 8 | Strategy: new
[2026-05-19 13:18:48]     Result | best_epoch=2 | stop=22 | acc=0.3750 | bal_acc=0.3750 | collapse=False
[2026-05-19 13:18:48]     Spatial update | delta_l2=0.00957014 | relative_delta=0.00818961 | changed=True
[2026-05-19 13:18:48] 
Fold 5/5 | subject=47
[2026-05-19 13:18:48]     Train: 32 | Test: 8 | Strategy: new
[2026-05-19 13:18:49]     Result | best_epoch=1 | stop=21 | acc=0.6250 | bal_acc=0.6250 | collapse=False
[2026-05-19 13:18:49]     Spatial update | delta_l2=0.00538488 | relative_delta=0.00460809 | changed=True
[2026-05-19 13:18:49]   Subject 47: acc=0.4500±0.1500  bal_acc=0.4500±0.1500
[2026-05-19 13:18:49] 
Subject 48: 40 windows | class_counts=[20, 20]
[2026-05-19 13:18:49] 
Fold 1/5 | subject=48
[2026-05-19 13:18:49]     Train: 32 | Test: 8 | Strategy: new
[2026-05-19 13:18:51]     Result | best_epoch=64 | stop=84 | acc=0.6250 | bal_acc=0.6250 | collapse=False
[2026-05-19 13:18:51]     Spatial update | delta_l2=0.17597478 | relative_delta=0.15058965 | changed=True
[2026-05-19 13:18:51] 
Fold 2/5 | subject=48
[2026-05-19 13:18:51]     Train: 32 | Test: 8 | Strategy: new
[2026-05-19 13:18:52]     Result | best_epoch=22 | stop=42 | acc=0.7500 | bal_acc=0.7500 | collapse=False
[2026-05-19 13:18:52]     Spatial update | delta_l2=0.06929278 | relative_delta=0.05929699 | changed=True
[2026-05-19 13:18:53] 
Fold 3/5 | subject=48
[2026-05-19 13:18:53]     Train: 32 | Test: 8 | Strategy: new
[2026-05-19 13:18:55]     Result | best_epoch=104 | stop=120 | acc=0.3750 | bal_acc=0.3750 | collapse=False
[2026-05-19 13:18:55]     Spatial update | delta_l2=0.21532545 | relative_delta=0.18426382 | changed=True
[2026-05-19 13:18:55] 
Fold 4/5 | subject=48
[2026-05-19 13:18:55]     Train: 32 | Test: 8 | Strategy: new
[2026-05-19 13:18:56]     Result | best_epoch=1 | stop=21 | acc=0.3750 | bal_acc=0.3750 | collapse=False
[2026-05-19 13:18:56]     Spatial update | delta_l2=0.00538365 | relative_delta=0.00460704 | changed=True
[2026-05-19 13:18:56] 
Fold 5/5 | subject=48
[2026-05-19 13:18:56]     Train: 32 | Test: 8 | Strategy: new
[2026-05-19 13:18:58]     Result | best_epoch=70 | stop=81 | acc=0.7500 | bal_acc=0.7500 | collapse=False
[2026-05-19 13:18:58]     Spatial update | delta_l2=0.16607649 | relative_delta=0.14211923 | changed=True
[2026-05-19 13:18:58]   Subject 48: acc=0.5750±0.1696  bal_acc=0.5750±0.1696
[2026-05-19 13:18:58] 
Subject 49: 40 windows | class_counts=[20, 20]
[2026-05-19 13:18:58] 
Fold 1/5 | subject=49
[2026-05-19 13:18:58]     Train: 32 | Test: 8 | Strategy: new
[2026-05-19 13:18:58]     Result | best_epoch=1 | stop=21 | acc=0.3750 | bal_acc=0.3750 | collapse=False
[2026-05-19 13:18:58]     Spatial update | delta_l2=0.00538502 | relative_delta=0.00460821 | changed=True
[2026-05-19 13:18:59] 
Fold 2/5 | subject=49
[2026-05-19 13:18:59]     Train: 32 | Test: 8 | Strategy: new
[2026-05-19 13:19:00]     Result | best_epoch=65 | stop=83 | acc=0.5000 | bal_acc=0.5000 | collapse=True
[2026-05-19 13:19:00]     Spatial update | delta_l2=0.1796052 | relative_delta=0.15369637 | changed=True
[2026-05-19 13:19:01] 
Fold 3/5 | subject=49
[2026-05-19 13:19:01]     Train: 32 | Test: 8 | Strategy: new
[2026-05-19 13:19:01]     Result | best_epoch=1 | stop=21 | acc=0.3750 | bal_acc=0.3750 | collapse=False
[2026-05-19 13:19:01]     Spatial update | delta_l2=0.00538491 | relative_delta=0.00460811 | changed=True
[2026-05-19 13:19:02] 
Fold 4/5 | subject=49
[2026-05-19 13:19:02]     Train: 32 | Test: 8 | Strategy: new
[2026-05-19 13:19:02]     Result | best_epoch=1 | stop=21 | acc=0.6250 | bal_acc=0.6250 | collapse=False
[2026-05-19 13:19:02]     Spatial update | delta_l2=0.005385 | relative_delta=0.00460819 | changed=True
[2026-05-19 13:19:03] 
Fold 5/5 | subject=49
[2026-05-19 13:19:03]     Train: 32 | Test: 8 | Strategy: new
[2026-05-19 13:19:03]     Result | best_epoch=1 | stop=21 | acc=0.5000 | bal_acc=0.5000 | collapse=False
[2026-05-19 13:19:03]     Spatial update | delta_l2=0.00538504 | relative_delta=0.00460822 | changed=True
[2026-05-19 13:19:03]   Subject 49: acc=0.4750±0.0935  bal_acc=0.4750±0.0935
[2026-05-19 13:19:03] 
Subject 50: 40 windows | class_counts=[20, 20]
[2026-05-19 13:19:04] 
Fold 1/5 | subject=50
[2026-05-19 13:19:04]     Train: 32 | Test: 8 | Strategy: new
[2026-05-19 13:19:04]     Result | best_epoch=1 | stop=21 | acc=0.5000 | bal_acc=0.5000 | collapse=False
[2026-05-19 13:19:04]     Spatial update | delta_l2=0.00538501 | relative_delta=0.0046082 | changed=True
[2026-05-19 13:19:05] 
Fold 2/5 | subject=50
[2026-05-19 13:19:05]     Train: 32 | Test: 8 | Strategy: new
[2026-05-19 13:19:07]     Result | best_epoch=119 | stop=120 | acc=0.3750 | bal_acc=0.3750 | collapse=False
[2026-05-19 13:19:07]     Spatial update | delta_l2=0.19278592 | relative_delta=0.16497571 | changed=True
[2026-05-19 13:19:07] 
Fold 3/5 | subject=50
[2026-05-19 13:19:07]     Train: 32 | Test: 8 | Strategy: new
[2026-05-19 13:19:08]     Result | best_epoch=1 | stop=21 | acc=0.3750 | bal_acc=0.3750 | collapse=False
[2026-05-19 13:19:08]     Spatial update | delta_l2=0.00538492 | relative_delta=0.00460812 | changed=True
[2026-05-19 13:19:08] 
Fold 4/5 | subject=50
[2026-05-19 13:19:08]     Train: 32 | Test: 8 | Strategy: new
[2026-05-19 13:19:09]     Result | best_epoch=1 | stop=21 | acc=0.3750 | bal_acc=0.3750 | collapse=False
[2026-05-19 13:19:09]     Spatial update | delta_l2=0.00538476 | relative_delta=0.00460799 | changed=True
[2026-05-19 13:19:09] 
Fold 5/5 | subject=50
[2026-05-19 13:19:09]     Train: 32 | Test: 8 | Strategy: new
[2026-05-19 13:19:10]     Result | best_epoch=1 | stop=21 | acc=0.2500 | bal_acc=0.2500 | collapse=False
[2026-05-19 13:19:10]     Spatial update | delta_l2=0.00538343 | relative_delta=0.00460685 | changed=True
[2026-05-19 13:19:10]   Subject 50: acc=0.3750±0.0791  bal_acc=0.3750±0.0791
[2026-05-19 13:19:10] 
======================================================================
[2026-05-19 13:19:10] AGGREGATED RESULTS
[2026-05-19 13:19:10] ======================================================================
[2026-05-19 13:19:10]   1: acc=0.4750±0.1225  bal_acc=0.4750±0.1225
[2026-05-19 13:19:10]   2: acc=0.6500±0.0500  bal_acc=0.6500±0.0500
[2026-05-19 13:19:10]   3: acc=0.4750±0.1225  bal_acc=0.4750±0.1225
[2026-05-19 13:19:10]   4: acc=0.7000±0.1500  bal_acc=0.7000±0.1500
[2026-05-19 13:19:10]   5: acc=0.5000±0.1581  bal_acc=0.5000±0.1581
[2026-05-19 13:19:10]   6: acc=0.5000±0.0791  bal_acc=0.5000±0.0791
[2026-05-19 13:19:10]   7: acc=0.4250±0.1275  bal_acc=0.4250±0.1275
[2026-05-19 13:19:10]   8: acc=0.7250±0.0935  bal_acc=0.7250±0.0935
[2026-05-19 13:19:10]   9: acc=0.6250±0.1581  bal_acc=0.6250±0.1581
[2026-05-19 13:19:10]   10: acc=0.4500±0.0612  bal_acc=0.4500±0.0612
[2026-05-19 13:19:10]   11: acc=0.4250±0.1871  bal_acc=0.4250±0.1871
[2026-05-19 13:19:10]   12: acc=0.5250±0.2151  bal_acc=0.5250±0.2151
[2026-05-19 13:19:10]   13: acc=0.6500±0.2000  bal_acc=0.6500±0.2000
[2026-05-19 13:19:10]   14: acc=0.5250±0.2151  bal_acc=0.5250±0.2151
[2026-05-19 13:19:10]   15: acc=0.4750±0.1837  bal_acc=0.4750±0.1837
[2026-05-19 13:19:10]   16: acc=0.5750±0.1275  bal_acc=0.5750±0.1275
[2026-05-19 13:19:10]   17: acc=0.5250±0.1458  bal_acc=0.5250±0.1458
[2026-05-19 13:19:10]   18: acc=0.7500±0.1369  bal_acc=0.7500±0.1369
[2026-05-19 13:19:10]   19: acc=0.4500±0.2031  bal_acc=0.4500±0.2031
[2026-05-19 13:19:10]   20: acc=0.7250±0.0935  bal_acc=0.7250±0.0935
[2026-05-19 13:19:10]   21: acc=0.4000±0.0935  bal_acc=0.4000±0.0935
[2026-05-19 13:19:10]   22: acc=0.5000±0.1369  bal_acc=0.5000±0.1369
[2026-05-19 13:19:10]   23: acc=0.5750±0.1871  bal_acc=0.5750±0.1871
[2026-05-19 13:19:10]   24: acc=0.5500±0.1871  bal_acc=0.5500±0.1871
[2026-05-19 13:19:10]   25: acc=0.6000±0.1458  bal_acc=0.6000±0.1458
[2026-05-19 13:19:10]   26: acc=0.4750±0.0500  bal_acc=0.4750±0.0500
[2026-05-19 13:19:10]   27: acc=0.5250±0.2151  bal_acc=0.5250±0.2151
[2026-05-19 13:19:10]   28: acc=0.5250±0.0935  bal_acc=0.5250±0.0935
[2026-05-19 13:19:10]   29: acc=0.4500±0.1871  bal_acc=0.4500±0.1871
[2026-05-19 13:19:10]   30: acc=0.6500±0.0500  bal_acc=0.6500±0.0500
[2026-05-19 13:19:10]   31: acc=0.4500±0.0612  bal_acc=0.4500±0.0612
[2026-05-19 13:19:10]   32: acc=0.6250±0.1369  bal_acc=0.6250±0.1369
[2026-05-19 13:19:10]   33: acc=0.6000±0.2000  bal_acc=0.6000±0.2000
[2026-05-19 13:19:10]   34: acc=0.8000±0.1000  bal_acc=0.8000±0.1000
[2026-05-19 13:19:10]   35: acc=0.6000±0.1837  bal_acc=0.6000±0.1837
[2026-05-19 13:19:10]   36: acc=0.3000±0.1000  bal_acc=0.3000±0.1000
[2026-05-19 13:19:10]   37: acc=0.5000±0.1768  bal_acc=0.5000±0.1768
[2026-05-19 13:19:10]   38: acc=0.5750±0.1000  bal_acc=0.5750±0.1000
[2026-05-19 13:19:10]   39: acc=0.4250±0.2318  bal_acc=0.4250±0.2318
[2026-05-19 13:19:10]   40: acc=0.5000±0.1369  bal_acc=0.5000±0.1369
[2026-05-19 13:19:10]   41: acc=0.5750±0.1500  bal_acc=0.5750±0.1500
[2026-05-19 13:19:10]   42: acc=0.6000±0.1837  bal_acc=0.6000±0.1837
[2026-05-19 13:19:10]   43: acc=0.5000±0.1768  bal_acc=0.5000±0.1768
[2026-05-19 13:19:10]   44: acc=0.5250±0.1458  bal_acc=0.5250±0.1458
[2026-05-19 13:19:10]   45: acc=0.4000±0.1837  bal_acc=0.4000±0.1837
[2026-05-19 13:19:10]   46: acc=0.5000±0.1581  bal_acc=0.5000±0.1581
[2026-05-19 13:19:10]   47: acc=0.4500±0.1500  bal_acc=0.4500±0.1500
[2026-05-19 13:19:10]   48: acc=0.5750±0.1696  bal_acc=0.5750±0.1696
[2026-05-19 13:19:10]   49: acc=0.4750±0.0935  bal_acc=0.4750±0.0935
[2026-05-19 13:19:10]   50: acc=0.3750±0.0791  bal_acc=0.3750±0.0791
[2026-05-19 13:19:10] ----------------------------------------------------------------------
[2026-05-19 13:19:10]   OVERALL: acc=0.5350±0.1810  bal_acc=0.5350±0.1810
[2026-05-19 13:19:10] CV results saved to: /Users/vadim/Documents/School/Spring 2026/CSCE A698 Individual Research/EEG_JEPA/artifacts/liu2024-source-mat-sjepa-prelocal/Liu2024_SourceMAT/20260519_1310_f61bf3f7/cv_results.json
