[2026-07-12 18:05:22] Run ID:     20260712_180522_285112_d9904883
[2026-07-12 18:05:22] Artifacts:  /Users/vadim/Documents/School/Spring 2026/CSCE A698 Individual Research/EEG_JEPA/artifacts/liu2024-lightweight-mi-models/20260712_180522_285112_d9904883
[2026-07-12 18:05:22] Config:     /Users/vadim/Documents/School/Spring 2026/CSCE A698 Individual Research/EEG_JEPA/artifacts/liu2024-lightweight-mi-models/20260712_180522_285112_d9904883/config.json
[2026-07-12 18:05:22] Using device: mps
[2026-07-12 18:05:22] Full CONFIG banner:
{
  "artifact_dir": "/Users/vadim/Documents/School/Spring 2026/CSCE A698 Individual Research/EEG_JEPA/artifacts/liu2024-lightweight-mi-models",
  "source_extract_dir": "/Users/vadim/Documents/School/Spring 2026/CSCE A698 Individual Research/EEG_JEPA/liu2024_data/liu2024_figshare/sourcedata",
  "experiment_name": "lightweight_mi_locked_eegitnet",
  "config_note": "Locked exactly-once lightweight target-only benchmark.",
  "subjects_to_use": null,
  "channel_set": "liu29",
  "native_sfreq": 500,
  "target_sfreq": 128,
  "marker_channel_index": 32,
  "onset_marker_value": 2,
  "onset_plausible_range": [
    800,
    1300
  ],
  "window_seconds": 4.0,
  "bandpass_hz": [
    4.0,
    40.0
  ],
  "filter_order": 4,
  "normalization_mode": "channel_standardize",
  "normalization_eps": 1e-06,
  "model_name": "EEGITNet",
  "allow_optional_models": false,
  "model_kwargs": {},
  "optional_model_kwargs": {
    "EEGInceptionMI": {
      "n_convs": 3,
      "n_filters": 16
    },
    "MSVTNet": {
      "n_filters_list": [
        4,
        4,
        4,
        4
      ],
      "num_layers": 1
    },
    "CTNet": {
      "embed_dim": 20,
      "num_layers": 2
    }
  },
  "evaluation_mode": "stratified_5fold",
  "cv_folds": 5,
  "cv_random_state": 2026,
  "expected_global_split_hash": "801ec1d2c981335f",
  "batch_size": 8,
  "n_epochs": 20,
  "learning_rate": 0.0003,
  "weight_decay": 0.01,
  "gradient_clip_norm": 1.0,
  "seeds": [
    2026
  ],
  "seed": 2026,
  "set_seed": true,
  "bootstrap_iterations": 10000,
  "collapse_threshold": 0.9,
  "shallow_reference_artifact": "/Users/vadim/Documents/School/Spring 2026/CSCE A698 Individual Research/EEG_JEPA/artifacts/liu2024-compact-mi-models/20260712_165746_790145_fd8ab986/subject_metrics.json"
}
[2026-07-12 18:14:38] {
  "mean_subject_balanced_accuracy": 0.5045000000000001,
  "subject_bootstrap_95_ci": [
    0.48950000000000005,
    0.521
  ],
  "n_subjects": 50,
  "n_folds_total": 250,
  "global_split_hash": "801ec1d2c981335f",
  "collapse_rate": 0.504,
  "parameter_count": 4076,
  "paired_vs_locked_shallowfbcsp": {
    "mean_delta": -0.07,
    "wilcoxon_statistic": 230.5,
    "p_value_exploratory_uncorrected": 0.0007031901952214816,
    "reference_path": "/Users/vadim/Documents/School/Spring 2026/CSCE A698 Individual Research/EEG_JEPA/artifacts/liu2024-compact-mi-models/20260712_165746_790145_fd8ab986/subject_metrics.json"
  }
}
[2026-07-12 18:14:38] CV results saved to:      /Users/vadim/Documents/School/Spring 2026/CSCE A698 Individual Research/EEG_JEPA/artifacts/liu2024-lightweight-mi-models/20260712_180522_285112_d9904883/cv_results.json
[2026-07-12 18:14:38] Subject metrics saved to: /Users/vadim/Documents/School/Spring 2026/CSCE A698 Individual Research/EEG_JEPA/artifacts/liu2024-lightweight-mi-models/20260712_180522_285112_d9904883/subject_metrics.json
[2026-07-12 18:14:38] Global metrics saved to:  /Users/vadim/Documents/School/Spring 2026/CSCE A698 Individual Research/EEG_JEPA/artifacts/liu2024-lightweight-mi-models/20260712_180522_285112_d9904883/global_metrics.json
[2026-07-12 18:14:38] Run metadata saved to:    /Users/vadim/Documents/School/Spring 2026/CSCE A698 Individual Research/EEG_JEPA/artifacts/liu2024-lightweight-mi-models/20260712_180522_285112_d9904883/run_metadata.json
[2026-07-12 18:14:38] 
All artifacts in: /Users/vadim/Documents/School/Spring 2026/CSCE A698 Individual Research/EEG_JEPA/artifacts/liu2024-lightweight-mi-models/20260712_180522_285112_d9904883
