Notebook:       /home/vegorov/Repos/eeg_jepa_research/src/liu2024/liu2024_source_mat_sjepa_prelocal_clean_pipeline.ipynb
Configurations: /home/vegorov/Repos/eeg_jepa_research/src/utils/experiments/configs/liu2024_sjepa_minimal_filter_reference_window_sweep.json
Total configs:  7

[1/7] Running config override:
{
  "experiment_name": "minimal_01_current_reference_run",
  "config_note": "Current S-JEPA-style preprocessing reference point: average reference, 0.5-40 Hz FIR, 537 samples.",
  "demean_mode": "baseline_window_mean",
  "baseline_window_s": [
    0.0,
    2.0
  ],
  "reference_mode": "average",
  "reference_timing": "before_resample_filter",
  "filter_enabled": true,
  "filter_low": 0.5,
  "filter_high": 40.0,
  "filter_method": "fir",
  "filter_phase": "zero",
  "filter_fir_design": "firwin",
  "filter_iir_params": null,
  "target_window_samples": 537,
  "target_window_s": 4.2,
  "normalization_mode": "none"
}
  status:       completed
  elapsed_sec:  368.506
  run_id:       20260529_1108_07709116
  artifact_dir: /home/vegorov/Repos/eeg_jepa_research/artifacts/liu2024-source-mat-sjepa-prelocal/20260529_1108_07709116

[2/7] Running config override:
{
  "experiment_name": "minimal_02_exact_4s_only",
  "config_note": "Only change window length to exact 4.0 s at 128 Hz: 512 samples.",
  "demean_mode": "baseline_window_mean",
  "baseline_window_s": [
    0.0,
    2.0
  ],
  "reference_mode": "average",
  "reference_timing": "before_resample_filter",
  "filter_enabled": true,
  "filter_low": 0.5,
  "filter_high": 40.0,
  "filter_method": "fir",
  "filter_phase": "zero",
  "filter_fir_design": "firwin",
  "filter_iir_params": null,
  "target_window_samples": 512,
  "target_window_s": 4.0,
  "normalization_mode": "none"
}
  status:       completed
  elapsed_sec:  408.54
  run_id:       20260529_1114_e85c2274
  artifact_dir: /home/vegorov/Repos/eeg_jepa_research/artifacts/liu2024-source-mat-sjepa-prelocal/20260529_1114_e85c2274

[3/7] Running config override:
{
  "experiment_name": "minimal_03_8_30_filter_only",
  "config_note": "Only change spectral filter to Liu classification band 8-30 Hz; keep average reference and 537-sample S-JEPA window.",
  "demean_mode": "baseline_window_mean",
  "baseline_window_s": [
    0.0,
    2.0
  ],
  "reference_mode": "average",
  "reference_timing": "before_resample_filter",
  "filter_enabled": true,
  "filter_low": 8.0,
  "filter_high": 30.0,
  "filter_method": "fir",
  "filter_phase": "zero",
  "filter_fir_design": "firwin",
  "filter_iir_params": null,
  "target_window_samples": 537,
  "target_window_s": 4.2,
  "normalization_mode": "none"
}
  status:       completed
  elapsed_sec:  326.814
  run_id:       20260529_1121_0efacca3
  artifact_dir: /home/vegorov/Repos/eeg_jepa_research/artifacts/liu2024-source-mat-sjepa-prelocal/20260529_1121_0efacca3

[4/7] Running config override:
{
  "experiment_name": "minimal_04_no_average_reference_only",
  "config_note": "Only remove average re-reference; keeps CPz-referenced source style after dropping CPz input channel.",
  "demean_mode": "baseline_window_mean",
  "baseline_window_s": [
    0.0,
    2.0
  ],
  "reference_mode": "none",
  "reference_timing": "before_resample_filter",
  "filter_enabled": true,
  "filter_low": 0.5,
  "filter_high": 40.0,
  "filter_method": "fir",
  "filter_phase": "zero",
  "filter_fir_design": "firwin",
  "filter_iir_params": null,
  "target_window_samples": 537,
  "target_window_s": 4.2,
  "normalization_mode": "none"
}
  status:       completed
  elapsed_sec:  370.927
  run_id:       20260529_1127_370e5963
  artifact_dir: /home/vegorov/Repos/eeg_jepa_research/artifacts/liu2024-source-mat-sjepa-prelocal/20260529_1127_370e5963

[5/7] Running config override:
{
  "experiment_name": "minimal_05_8_30_exact_4s",
  "config_note": "Change only Liu classification band and exact 4.0 s window; keep average reference.",
  "demean_mode": "baseline_window_mean",
  "baseline_window_s": [
    0.0,
    2.0
  ],
  "reference_mode": "average",
  "reference_timing": "before_resample_filter",
  "filter_enabled": true,
  "filter_low": 8.0,
  "filter_high": 30.0,
  "filter_method": "fir",
  "filter_phase": "zero",
  "filter_fir_design": "firwin",
  "filter_iir_params": null,
  "target_window_samples": 512,
  "target_window_s": 4.0,
  "normalization_mode": "none"
}
  status:       completed
  elapsed_sec:  323.057
  run_id:       20260529_1133_90f07d92
  artifact_dir: /home/vegorov/Repos/eeg_jepa_research/artifacts/liu2024-source-mat-sjepa-prelocal/20260529_1133_90f07d92

[6/7] Running config override:
{
  "experiment_name": "minimal_06_no_ref_8_30_exact_4s_fir",
  "config_note": "Closest minimal paper-style variant using no average reference, 8-30 Hz FIR, exact 4.0 s window.",
  "demean_mode": "baseline_window_mean",
  "baseline_window_s": [
    0.0,
    2.0
  ],
  "reference_mode": "none",
  "reference_timing": "before_resample_filter",
  "filter_enabled": true,
  "filter_low": 8.0,
  "filter_high": 30.0,
  "filter_method": "fir",
  "filter_phase": "zero",
  "filter_fir_design": "firwin",
  "filter_iir_params": null,
  "target_window_samples": 512,
  "target_window_s": 4.0,
  "normalization_mode": "none"
}
  status:       completed
  elapsed_sec:  309.87
  run_id:       20260529_1138_81b254df
  artifact_dir: /home/vegorov/Repos/eeg_jepa_research/artifacts/liu2024-source-mat-sjepa-prelocal/20260529_1138_81b254df

[7/7] Running config override:
{
  "experiment_name": "minimal_07_no_ref_8_30_exact_4s_iir_butter",
  "config_note": "Closest minimal Liu-style variant with 2nd-order Butterworth IIR 8-30 Hz, no average reference, exact 4.0 s window.",
  "demean_mode": "baseline_window_mean",
  "baseline_window_s": [
    0.0,
    2.0
  ],
  "reference_mode": "none",
  "reference_timing": "before_resample_filter",
  "filter_enabled": true,
  "filter_low": 8.0,
  "filter_high": 30.0,
  "filter_method": "iir",
  "filter_phase": "zero",
  "filter_fir_design": "firwin",
  "filter_iir_params": {
    "order": 2,
    "ftype": "butter"
  },
  "target_window_samples": 512,
  "target_window_s": 4.0,
  "normalization_mode": "none"
}
  status:       completed
  elapsed_sec:  299.258
  run_id:       20260529_1143_3c89c88f
  artifact_dir: /home/vegorov/Repos/eeg_jepa_research/artifacts/liu2024-source-mat-sjepa-prelocal/20260529_1143_3c89c88f

Finished.
Results dir:    experiment_results/20260529_1108_liu2024_sjepa_minimal_filter_reference_window_sweep_4e7fc204
Summary JSON:   experiment_results/20260529_1108_liu2024_sjepa_minimal_filter_reference_window_sweep_4e7fc204/results.json
Artifact list:  experiment_results/20260529_1108_liu2024_sjepa_minimal_filter_reference_window_sweep_4e7fc204/artifact_ids.json
