[2026-05-19 12:41:17] Run ID:     20260519_1241_0bffb049
[2026-05-19 12:41:17] Artifacts:  /Users/vadim/Documents/School/Spring 2026/CSCE A698 Individual Research/EEG_JEPA/artifacts/liu2024-source-mat-sjepa-prelocal/Liu2024_SourceMAT/20260519_1241_0bffb049
[2026-05-19 12:41:17] Using device: mps
[2026-05-19 12:41:18] Seed initialized: 12
[2026-05-19 12:41:18] Source extract dir: /Users/vadim/Documents/School/Spring 2026/CSCE A698 Individual Research/EEG_JEPA/liu2024_figshare/sourcedata
[2026-05-19 12:41:18] Found 50 .mat files
[2026-05-19 12:41:24] Subjects loaded: [1, 2, 3, 4, 5, 6, 7, 8, 9, 10, 11, 12, 13, 14, 15, 16, 17, 18, 19, 20, 21, 22, 23, 24, 25, 26, 27, 28, 29, 30, 31, 32, 33, 34, 35, 36, 37, 38, 39, 40, 41, 42, 43, 44, 45, 46, 47, 48, 49, 50]
[2026-05-19 12:41:37] X_ALL shape: (2000, 29, 537) | Y_ALL counts: [1000, 1000]
[2026-05-19 12:41:37] ======================================================================
[2026-05-19 12:41:37] STARTING WITHIN-SUBJECT CV (full fine-tuning + augmentation)
[2026-05-19 12:41:37] ======================================================================
[2026-05-19 12:41:37] Dataset:    Liu2024_SourceMAT
[2026-05-19 12:41:37] Strategy:   new  (warmup=10, total=100 epochs)
[2026-05-19 12:41:37] Optimizer:  AdamW  lr=0.0005  wd=0.0001
[2026-05-19 12:41:37] Noise aug:  fraction=0.0
[2026-05-19 12:41:37] Device:     mps
[2026-05-19 12:41:37] ======================================================================
[2026-05-19 12:41:37] 
Subject 1: 40 windows | class_counts=[20, 20]
[2026-05-19 12:41:38] 
Fold 1/5 | subject=1
[2026-05-19 12:41:38]     Train: 32 | Test: 8 | Strategy: new
[2026-05-19 12:41:38]     Result | best_epoch=3 | stop=16 | acc=0.2500 | bal_acc=0.2500 | collapse=False
[2026-05-19 12:41:38]     Spatial update | delta_l2=0.00538486 | relative_delta=0.00460807 | changed=True
[2026-05-19 12:41:39] 
Fold 2/5 | subject=1
[2026-05-19 12:41:39]     Train: 32 | Test: 8 | Strategy: new
[2026-05-19 12:41:40]     Result | best_epoch=100 | stop=100 | acc=0.3750 | bal_acc=0.3750 | collapse=False
[2026-05-19 12:41:40]     Spatial update | delta_l2=0.152392 | relative_delta=0.13040879 | changed=True
[2026-05-19 12:41:40] 
Fold 3/5 | subject=1
[2026-05-19 12:41:40]     Train: 32 | Test: 8 | Strategy: new
[2026-05-19 12:41:41]     Result | best_epoch=64 | stop=74 | acc=0.3750 | bal_acc=0.3750 | collapse=False
[2026-05-19 12:41:41]     Spatial update | delta_l2=0.14103433 | relative_delta=0.12068952 | changed=True
[2026-05-19 12:41:42] 
Fold 4/5 | subject=1
[2026-05-19 12:41:42]     Train: 32 | Test: 8 | Strategy: new
[2026-05-19 12:41:42]     Result | best_epoch=1 | stop=16 | acc=0.3750 | bal_acc=0.3750 | collapse=False
[2026-05-19 12:41:42]     Spatial update | delta_l2=0.00538489 | relative_delta=0.0046081 | changed=True
[2026-05-19 12:41:42] 
Fold 5/5 | subject=1
[2026-05-19 12:41:43]     Train: 32 | Test: 8 | Strategy: new
[2026-05-19 12:41:43]     Result | best_epoch=89 | stop=89 | acc=0.5000 | bal_acc=0.5000 | collapse=False
[2026-05-19 12:41:43]     Spatial update | delta_l2=0.15881322 | relative_delta=0.13590373 | changed=True
[2026-05-19 12:41:43]   Subject 1: acc=0.3750±0.0791  bal_acc=0.3750±0.0791
[2026-05-19 12:41:43] 
Subject 2: 40 windows | class_counts=[20, 20]
[2026-05-19 12:41:44] 
Fold 1/5 | subject=2
[2026-05-19 12:41:44]     Train: 32 | Test: 8 | Strategy: new
[2026-05-19 12:41:45]     Result | best_epoch=100 | stop=100 | acc=0.6250 | bal_acc=0.6250 | collapse=False
[2026-05-19 12:41:45]     Spatial update | delta_l2=0.15178384 | relative_delta=0.12988836 | changed=True
[2026-05-19 12:41:46] 
Fold 2/5 | subject=2
[2026-05-19 12:41:46]     Train: 32 | Test: 8 | Strategy: new
[2026-05-19 12:41:47]     Result | best_epoch=100 | stop=100 | acc=0.6250 | bal_acc=0.6250 | collapse=False
[2026-05-19 12:41:47]     Spatial update | delta_l2=0.14507284 | relative_delta=0.12414546 | changed=True
[2026-05-19 12:41:47] 
Fold 3/5 | subject=2
[2026-05-19 12:41:47]     Train: 32 | Test: 8 | Strategy: new
[2026-05-19 12:41:48]     Result | best_epoch=100 | stop=100 | acc=0.6250 | bal_acc=0.6250 | collapse=False
[2026-05-19 12:41:48]     Spatial update | delta_l2=0.15989783 | relative_delta=0.13683187 | changed=True
[2026-05-19 12:41:49] 
Fold 4/5 | subject=2
[2026-05-19 12:41:49]     Train: 32 | Test: 8 | Strategy: new
[2026-05-19 12:41:50]     Result | best_epoch=100 | stop=100 | acc=0.6250 | bal_acc=0.6250 | collapse=False
[2026-05-19 12:41:50]     Spatial update | delta_l2=0.14451301 | relative_delta=0.12366638 | changed=True
[2026-05-19 12:41:50] 
Fold 5/5 | subject=2
[2026-05-19 12:41:50]     Train: 32 | Test: 8 | Strategy: new
[2026-05-19 12:41:52]     Result | best_epoch=100 | stop=100 | acc=0.6250 | bal_acc=0.6250 | collapse=False
[2026-05-19 12:41:52]     Spatial update | delta_l2=0.15050747 | relative_delta=0.12879611 | changed=True
[2026-05-19 12:41:52]   Subject 2: acc=0.6250±0.0000  bal_acc=0.6250±0.0000
[2026-05-19 12:41:52] 
Subject 3: 40 windows | class_counts=[20, 20]
[2026-05-19 12:41:52] 
Fold 1/5 | subject=3
[2026-05-19 12:41:52]     Train: 32 | Test: 8 | Strategy: new
[2026-05-19 12:41:52]     Result | best_epoch=1 | stop=16 | acc=0.2500 | bal_acc=0.2500 | collapse=False
[2026-05-19 12:41:52]     Spatial update | delta_l2=0.00538505 | relative_delta=0.00460823 | changed=True
[2026-05-19 12:41:53] 
Fold 2/5 | subject=3
[2026-05-19 12:41:53]     Train: 32 | Test: 8 | Strategy: new
[2026-05-19 12:41:54]     Result | best_epoch=100 | stop=100 | acc=0.6250 | bal_acc=0.6250 | collapse=False
[2026-05-19 12:41:54]     Spatial update | delta_l2=0.16665419 | relative_delta=0.1426136 | changed=True
[2026-05-19 12:41:54] 
Fold 3/5 | subject=3
[2026-05-19 12:41:54]     Train: 32 | Test: 8 | Strategy: new
[2026-05-19 12:41:56]     Result | best_epoch=100 | stop=100 | acc=0.6250 | bal_acc=0.6250 | collapse=False
[2026-05-19 12:41:56]     Spatial update | delta_l2=0.18165268 | relative_delta=0.15544849 | changed=True
[2026-05-19 12:41:56] 
Fold 4/5 | subject=3
[2026-05-19 12:41:56]     Train: 32 | Test: 8 | Strategy: new
[2026-05-19 12:41:57]     Result | best_epoch=100 | stop=100 | acc=0.5000 | bal_acc=0.5000 | collapse=False
[2026-05-19 12:41:57]     Spatial update | delta_l2=0.17322521 | relative_delta=0.14823672 | changed=True
[2026-05-19 12:41:58] 
Fold 5/5 | subject=3
[2026-05-19 12:41:58]     Train: 32 | Test: 8 | Strategy: new
[2026-05-19 12:41:59]     Result | best_epoch=78 | stop=87 | acc=0.5000 | bal_acc=0.5000 | collapse=False
[2026-05-19 12:41:59]     Spatial update | delta_l2=0.17303877 | relative_delta=0.14807718 | changed=True
[2026-05-19 12:41:59]   Subject 3: acc=0.5000±0.1369  bal_acc=0.5000±0.1369
[2026-05-19 12:41:59] 
Subject 4: 40 windows | class_counts=[20, 20]
[2026-05-19 12:41:59] 
Fold 1/5 | subject=4
[2026-05-19 12:41:59]     Train: 32 | Test: 8 | Strategy: new
[2026-05-19 12:42:00]     Result | best_epoch=100 | stop=100 | acc=0.6250 | bal_acc=0.6250 | collapse=False
[2026-05-19 12:42:00]     Spatial update | delta_l2=0.17319809 | relative_delta=0.14821351 | changed=True
[2026-05-19 12:42:01] 
Fold 2/5 | subject=4
[2026-05-19 12:42:01]     Train: 32 | Test: 8 | Strategy: new
[2026-05-19 12:42:02]     Result | best_epoch=100 | stop=100 | acc=0.6250 | bal_acc=0.6250 | collapse=False
[2026-05-19 12:42:02]     Spatial update | delta_l2=0.1801799 | relative_delta=0.15418817 | changed=True
[2026-05-19 12:42:03] 
Fold 3/5 | subject=4
[2026-05-19 12:42:03]     Train: 32 | Test: 8 | Strategy: new
[2026-05-19 12:42:04]     Result | best_epoch=100 | stop=100 | acc=0.8750 | bal_acc=0.8750 | collapse=False
[2026-05-19 12:42:04]     Spatial update | delta_l2=0.16571895 | relative_delta=0.14181327 | changed=True
[2026-05-19 12:42:04] 
Fold 4/5 | subject=4
[2026-05-19 12:42:04]     Train: 32 | Test: 8 | Strategy: new
[2026-05-19 12:42:04]     Result | best_epoch=1 | stop=16 | acc=0.8750 | bal_acc=0.8750 | collapse=False
[2026-05-19 12:42:04]     Spatial update | delta_l2=0.00538481 | relative_delta=0.00460803 | changed=True
[2026-05-19 12:42:05] 
Fold 5/5 | subject=4
[2026-05-19 12:42:05]     Train: 32 | Test: 8 | Strategy: new
[2026-05-19 12:42:05]     Result | best_epoch=1 | stop=16 | acc=0.3750 | bal_acc=0.3750 | collapse=False
[2026-05-19 12:42:05]     Spatial update | delta_l2=0.00538492 | relative_delta=0.00460812 | changed=True
[2026-05-19 12:42:05]   Subject 4: acc=0.6750±0.1871  bal_acc=0.6750±0.1871
[2026-05-19 12:42:05] 
Subject 5: 40 windows | class_counts=[20, 20]
[2026-05-19 12:42:06] 
Fold 1/5 | subject=5
[2026-05-19 12:42:06]     Train: 32 | Test: 8 | Strategy: new
[2026-05-19 12:42:06]     Result | best_epoch=20 | stop=29 | acc=0.3750 | bal_acc=0.3750 | collapse=False
[2026-05-19 12:42:06]     Spatial update | delta_l2=0.05183253 | relative_delta=0.04435546 | changed=True
[2026-05-19 12:42:07] 
Fold 2/5 | subject=5
[2026-05-19 12:42:07]     Train: 32 | Test: 8 | Strategy: new
[2026-05-19 12:42:07]     Result | best_epoch=1 | stop=16 | acc=0.7500 | bal_acc=0.7500 | collapse=False
[2026-05-19 12:42:07]     Spatial update | delta_l2=0.00538481 | relative_delta=0.00460803 | changed=True
[2026-05-19 12:42:08] 
Fold 3/5 | subject=5
[2026-05-19 12:42:08]     Train: 32 | Test: 8 | Strategy: new
[2026-05-19 12:42:08]     Result | best_epoch=1 | stop=16 | acc=0.6250 | bal_acc=0.6250 | collapse=False
[2026-05-19 12:42:08]     Spatial update | delta_l2=0.00538501 | relative_delta=0.0046082 | changed=True
[2026-05-19 12:42:08] 
Fold 4/5 | subject=5
[2026-05-19 12:42:08]     Train: 32 | Test: 8 | Strategy: new
[2026-05-19 12:42:09]     Result | best_epoch=100 | stop=100 | acc=0.3750 | bal_acc=0.3750 | collapse=False
[2026-05-19 12:42:09]     Spatial update | delta_l2=0.17687536 | relative_delta=0.15136032 | changed=True
[2026-05-19 12:42:10] 
Fold 5/5 | subject=5
[2026-05-19 12:42:10]     Train: 32 | Test: 8 | Strategy: new
[2026-05-19 12:42:10]     Result | best_epoch=1 | stop=16 | acc=0.3750 | bal_acc=0.3750 | collapse=False
[2026-05-19 12:42:10]     Spatial update | delta_l2=0.00538498 | relative_delta=0.00460817 | changed=True
[2026-05-19 12:42:10]   Subject 5: acc=0.5000±0.1581  bal_acc=0.5000±0.1581
[2026-05-19 12:42:10] 
Subject 6: 40 windows | class_counts=[20, 20]
[2026-05-19 12:42:11] 
Fold 1/5 | subject=6
[2026-05-19 12:42:11]     Train: 32 | Test: 8 | Strategy: new
[2026-05-19 12:42:12]     Result | best_epoch=100 | stop=100 | acc=0.5000 | bal_acc=0.5000 | collapse=False
[2026-05-19 12:42:12]     Spatial update | delta_l2=0.16251295 | relative_delta=0.13906975 | changed=True
[2026-05-19 12:42:12] 
Fold 2/5 | subject=6
[2026-05-19 12:42:12]     Train: 32 | Test: 8 | Strategy: new
[2026-05-19 12:42:12]     Result | best_epoch=1 | stop=16 | acc=0.5000 | bal_acc=0.5000 | collapse=False
[2026-05-19 12:42:12]     Spatial update | delta_l2=0.00538483 | relative_delta=0.00460805 | changed=True
[2026-05-19 12:42:13] 
Fold 3/5 | subject=6
[2026-05-19 12:42:13]     Train: 32 | Test: 8 | Strategy: new
[2026-05-19 12:42:13]     Result | best_epoch=1 | stop=16 | acc=0.5000 | bal_acc=0.5000 | collapse=False
[2026-05-19 12:42:13]     Spatial update | delta_l2=0.005385 | relative_delta=0.00460819 | changed=True
[2026-05-19 12:42:14] 
Fold 4/5 | subject=6
[2026-05-19 12:42:14]     Train: 32 | Test: 8 | Strategy: new
[2026-05-19 12:42:15]     Result | best_epoch=96 | stop=96 | acc=0.3750 | bal_acc=0.3750 | collapse=False
[2026-05-19 12:42:15]     Spatial update | delta_l2=0.16609795 | relative_delta=0.1421376 | changed=True
[2026-05-19 12:42:15] 
Fold 5/5 | subject=6
[2026-05-19 12:42:15]     Train: 32 | Test: 8 | Strategy: new
[2026-05-19 12:42:16]     Result | best_epoch=32 | stop=43 | acc=0.6250 | bal_acc=0.6250 | collapse=False
[2026-05-19 12:42:16]     Spatial update | delta_l2=0.07858781 | relative_delta=0.06725118 | changed=True
[2026-05-19 12:42:16]   Subject 6: acc=0.5000±0.0791  bal_acc=0.5000±0.0791
[2026-05-19 12:42:16] 
Subject 7: 40 windows | class_counts=[20, 20]
[2026-05-19 12:42:16] 
Fold 1/5 | subject=7
[2026-05-19 12:42:16]     Train: 32 | Test: 8 | Strategy: new
[2026-05-19 12:42:16]     Result | best_epoch=1 | stop=16 | acc=0.3750 | bal_acc=0.3750 | collapse=False
[2026-05-19 12:42:16]     Spatial update | delta_l2=0.00538501 | relative_delta=0.0046082 | changed=True
[2026-05-19 12:42:17] 
Fold 2/5 | subject=7
[2026-05-19 12:42:17]     Train: 32 | Test: 8 | Strategy: new
[2026-05-19 12:42:17]     Result | best_epoch=1 | stop=16 | acc=0.5000 | bal_acc=0.5000 | collapse=False
[2026-05-19 12:42:17]     Spatial update | delta_l2=0.00538487 | relative_delta=0.00460808 | changed=True
[2026-05-19 12:42:18] 
Fold 3/5 | subject=7
[2026-05-19 12:42:18]     Train: 32 | Test: 8 | Strategy: new
[2026-05-19 12:42:19]     Result | best_epoch=100 | stop=100 | acc=0.6250 | bal_acc=0.6250 | collapse=False
[2026-05-19 12:42:19]     Spatial update | delta_l2=0.18458755 | relative_delta=0.15795999 | changed=True
[2026-05-19 12:42:19] 
Fold 4/5 | subject=7
[2026-05-19 12:42:19]     Train: 32 | Test: 8 | Strategy: new
[2026-05-19 12:42:20]     Result | best_epoch=1 | stop=16 | acc=0.2500 | bal_acc=0.2500 | collapse=False
[2026-05-19 12:42:20]     Spatial update | delta_l2=0.00538446 | relative_delta=0.00460773 | changed=True
[2026-05-19 12:42:20] 
Fold 5/5 | subject=7
[2026-05-19 12:42:20]     Train: 32 | Test: 8 | Strategy: new
[2026-05-19 12:42:20]     Result | best_epoch=1 | stop=16 | acc=0.3750 | bal_acc=0.3750 | collapse=False
[2026-05-19 12:42:20]     Spatial update | delta_l2=0.00538498 | relative_delta=0.00460818 | changed=True
[2026-05-19 12:42:20]   Subject 7: acc=0.4250±0.1275  bal_acc=0.4250±0.1275
[2026-05-19 12:42:20] 
Subject 8: 40 windows | class_counts=[20, 20]
[2026-05-19 12:42:21] 
Fold 1/5 | subject=8
[2026-05-19 12:42:21]     Train: 32 | Test: 8 | Strategy: new
[2026-05-19 12:42:22]     Result | best_epoch=100 | stop=100 | acc=0.7500 | bal_acc=0.7500 | collapse=False
[2026-05-19 12:42:22]     Spatial update | delta_l2=0.14951355 | relative_delta=0.12794557 | changed=True
[2026-05-19 12:42:23] 
Fold 2/5 | subject=8
[2026-05-19 12:42:23]     Train: 32 | Test: 8 | Strategy: new
[2026-05-19 12:42:24]     Result | best_epoch=100 | stop=100 | acc=0.8750 | bal_acc=0.8750 | collapse=False
[2026-05-19 12:42:24]     Spatial update | delta_l2=0.12494305 | relative_delta=0.10691947 | changed=True
[2026-05-19 12:42:24] 
Fold 3/5 | subject=8
[2026-05-19 12:42:24]     Train: 32 | Test: 8 | Strategy: new
[2026-05-19 12:42:25]     Result | best_epoch=100 | stop=100 | acc=0.7500 | bal_acc=0.7500 | collapse=False
[2026-05-19 12:42:25]     Spatial update | delta_l2=0.13960345 | relative_delta=0.11946505 | changed=True
[2026-05-19 12:42:26] 
Fold 4/5 | subject=8
[2026-05-19 12:42:26]     Train: 32 | Test: 8 | Strategy: new
[2026-05-19 12:42:27]     Result | best_epoch=100 | stop=100 | acc=0.6250 | bal_acc=0.6250 | collapse=False
[2026-05-19 12:42:27]     Spatial update | delta_l2=0.16181333 | relative_delta=0.13847106 | changed=True
[2026-05-19 12:42:27] 
Fold 5/5 | subject=8
[2026-05-19 12:42:27]     Train: 32 | Test: 8 | Strategy: new
[2026-05-19 12:42:28]     Result | best_epoch=100 | stop=100 | acc=0.6250 | bal_acc=0.6250 | collapse=False
[2026-05-19 12:42:28]     Spatial update | delta_l2=0.1503263 | relative_delta=0.12864108 | changed=True
[2026-05-19 12:42:28]   Subject 8: acc=0.7250±0.0935  bal_acc=0.7250±0.0935
[2026-05-19 12:42:28] 
Subject 9: 40 windows | class_counts=[20, 20]
[2026-05-19 12:42:29] 
Fold 1/5 | subject=9
[2026-05-19 12:42:29]     Train: 32 | Test: 8 | Strategy: new
[2026-05-19 12:42:30]     Result | best_epoch=100 | stop=100 | acc=0.6250 | bal_acc=0.6250 | collapse=False
[2026-05-19 12:42:30]     Spatial update | delta_l2=0.1707054 | relative_delta=0.1460804 | changed=True
[2026-05-19 12:42:31] 
Fold 2/5 | subject=9
[2026-05-19 12:42:31]     Train: 32 | Test: 8 | Strategy: new
[2026-05-19 12:42:32]     Result | best_epoch=100 | stop=100 | acc=0.6250 | bal_acc=0.6250 | collapse=False
[2026-05-19 12:42:32]     Spatial update | delta_l2=0.17154449 | relative_delta=0.14679845 | changed=True
[2026-05-19 12:42:32] 
Fold 3/5 | subject=9
[2026-05-19 12:42:32]     Train: 32 | Test: 8 | Strategy: new
[2026-05-19 12:42:32]     Result | best_epoch=1 | stop=16 | acc=0.3750 | bal_acc=0.3750 | collapse=False
[2026-05-19 12:42:32]     Spatial update | delta_l2=0.00538442 | relative_delta=0.0046077 | changed=True
[2026-05-19 12:42:33] 
Fold 4/5 | subject=9
[2026-05-19 12:42:33]     Train: 32 | Test: 8 | Strategy: new
[2026-05-19 12:42:33]     Result | best_epoch=29 | stop=30 | acc=0.7500 | bal_acc=0.7500 | collapse=False
[2026-05-19 12:42:33]     Spatial update | delta_l2=0.05113615 | relative_delta=0.04375954 | changed=True
[2026-05-19 12:42:34] 
Fold 5/5 | subject=9
[2026-05-19 12:42:34]     Train: 32 | Test: 8 | Strategy: new
[2026-05-19 12:42:34]     Result | best_epoch=1 | stop=16 | acc=0.6250 | bal_acc=0.6250 | collapse=False
[2026-05-19 12:42:34]     Spatial update | delta_l2=0.00538476 | relative_delta=0.00460798 | changed=True
[2026-05-19 12:42:34]   Subject 9: acc=0.6000±0.1225  bal_acc=0.6000±0.1225
[2026-05-19 12:42:34] 
Subject 10: 40 windows | class_counts=[20, 20]
[2026-05-19 12:42:35] 
Fold 1/5 | subject=10
[2026-05-19 12:42:35]     Train: 32 | Test: 8 | Strategy: new
[2026-05-19 12:42:36]     Result | best_epoch=100 | stop=100 | acc=0.3750 | bal_acc=0.3750 | collapse=False
[2026-05-19 12:42:36]     Spatial update | delta_l2=0.19084425 | relative_delta=0.16331414 | changed=True
[2026-05-19 12:42:36] 
Fold 2/5 | subject=10
[2026-05-19 12:42:36]     Train: 32 | Test: 8 | Strategy: new
[2026-05-19 12:42:36]     Result | best_epoch=1 | stop=16 | acc=0.5000 | bal_acc=0.5000 | collapse=False
[2026-05-19 12:42:36]     Spatial update | delta_l2=0.00538492 | relative_delta=0.00460812 | changed=True
[2026-05-19 12:42:37] 
Fold 3/5 | subject=10
[2026-05-19 12:42:37]     Train: 32 | Test: 8 | Strategy: new
[2026-05-19 12:42:37]     Result | best_epoch=1 | stop=16 | acc=0.3750 | bal_acc=0.3750 | collapse=False
[2026-05-19 12:42:37]     Spatial update | delta_l2=0.00538498 | relative_delta=0.00460817 | changed=True
[2026-05-19 12:42:38] 
Fold 4/5 | subject=10
[2026-05-19 12:42:38]     Train: 32 | Test: 8 | Strategy: new
[2026-05-19 12:42:38]     Result | best_epoch=1 | stop=16 | acc=0.5000 | bal_acc=0.5000 | collapse=False
[2026-05-19 12:42:38]     Spatial update | delta_l2=0.00538482 | relative_delta=0.00460804 | changed=True
[2026-05-19 12:42:39] 
Fold 5/5 | subject=10
[2026-05-19 12:42:39]     Train: 32 | Test: 8 | Strategy: new
[2026-05-19 12:42:39]     Result | best_epoch=1 | stop=16 | acc=0.5000 | bal_acc=0.5000 | collapse=False
[2026-05-19 12:42:39]     Spatial update | delta_l2=0.00538456 | relative_delta=0.00460781 | changed=True
[2026-05-19 12:42:39]   Subject 10: acc=0.4500±0.0612  bal_acc=0.4500±0.0612
[2026-05-19 12:42:39] 
Subject 11: 40 windows | class_counts=[20, 20]
[2026-05-19 12:42:39] 
Fold 1/5 | subject=11
[2026-05-19 12:42:39]     Train: 32 | Test: 8 | Strategy: new
[2026-05-19 12:42:40]     Result | best_epoch=100 | stop=100 | acc=0.7500 | bal_acc=0.7500 | collapse=False
[2026-05-19 12:42:40]     Spatial update | delta_l2=0.15586984 | relative_delta=0.13338494 | changed=True
[2026-05-19 12:42:41] 
Fold 2/5 | subject=11
[2026-05-19 12:42:41]     Train: 32 | Test: 8 | Strategy: new
[2026-05-19 12:42:41]     Result | best_epoch=1 | stop=16 | acc=0.5000 | bal_acc=0.5000 | collapse=False
[2026-05-19 12:42:41]     Spatial update | delta_l2=0.00538493 | relative_delta=0.00460813 | changed=True
[2026-05-19 12:42:42] 
Fold 3/5 | subject=11
[2026-05-19 12:42:42]     Train: 32 | Test: 8 | Strategy: new
[2026-05-19 12:42:42]     Result | best_epoch=1 | stop=16 | acc=0.2500 | bal_acc=0.2500 | collapse=False
[2026-05-19 12:42:42]     Spatial update | delta_l2=0.00538505 | relative_delta=0.00460823 | changed=True
[2026-05-19 12:42:43] 
Fold 4/5 | subject=11
[2026-05-19 12:42:43]     Train: 32 | Test: 8 | Strategy: new
[2026-05-19 12:42:43]     Result | best_epoch=1 | stop=16 | acc=0.7500 | bal_acc=0.7500 | collapse=False
[2026-05-19 12:42:43]     Spatial update | delta_l2=0.00538492 | relative_delta=0.00460813 | changed=True
[2026-05-19 12:42:43] 
Fold 5/5 | subject=11
[2026-05-19 12:42:43]     Train: 32 | Test: 8 | Strategy: new
[2026-05-19 12:42:44]     Result | best_epoch=100 | stop=100 | acc=0.2500 | bal_acc=0.2500 | collapse=False
[2026-05-19 12:42:44]     Spatial update | delta_l2=0.15463589 | relative_delta=0.13232899 | changed=True
[2026-05-19 12:42:44]   Subject 11: acc=0.5000±0.2236  bal_acc=0.5000±0.2236
[2026-05-19 12:42:44] 
Subject 12: 40 windows | class_counts=[20, 20]
[2026-05-19 12:42:45] 
Fold 1/5 | subject=12
[2026-05-19 12:42:45]     Train: 32 | Test: 8 | Strategy: new
[2026-05-19 12:42:45]     Result | best_epoch=1 | stop=16 | acc=0.3750 | bal_acc=0.3750 | collapse=False
[2026-05-19 12:42:45]     Spatial update | delta_l2=0.00538506 | relative_delta=0.00460824 | changed=True
[2026-05-19 12:42:46] 
Fold 2/5 | subject=12
[2026-05-19 12:42:46]     Train: 32 | Test: 8 | Strategy: new
[2026-05-19 12:42:47]     Result | best_epoch=100 | stop=100 | acc=0.7500 | bal_acc=0.7500 | collapse=False
[2026-05-19 12:42:47]     Spatial update | delta_l2=0.1563977 | relative_delta=0.13383665 | changed=True
[2026-05-19 12:42:47] 
Fold 3/5 | subject=12
[2026-05-19 12:42:47]     Train: 32 | Test: 8 | Strategy: new
[2026-05-19 12:42:48]     Result | best_epoch=100 | stop=100 | acc=0.8750 | bal_acc=0.8750 | collapse=False
[2026-05-19 12:42:48]     Spatial update | delta_l2=0.15325687 | relative_delta=0.1311489 | changed=True
[2026-05-19 12:42:49] 
Fold 4/5 | subject=12
[2026-05-19 12:42:49]     Train: 32 | Test: 8 | Strategy: new
[2026-05-19 12:42:50]     Result | best_epoch=89 | stop=96 | acc=0.2500 | bal_acc=0.2500 | collapse=False
[2026-05-19 12:42:50]     Spatial update | delta_l2=0.16628193 | relative_delta=0.14229504 | changed=True
[2026-05-19 12:42:50] 
Fold 5/5 | subject=12
[2026-05-19 12:42:50]     Train: 32 | Test: 8 | Strategy: new
[2026-05-19 12:42:52]     Result | best_epoch=100 | stop=100 | acc=0.5000 | bal_acc=0.5000 | collapse=False
[2026-05-19 12:42:52]     Spatial update | delta_l2=0.18227192 | relative_delta=0.15597841 | changed=True
[2026-05-19 12:42:52]   Subject 12: acc=0.5500±0.2318  bal_acc=0.5500±0.2318
[2026-05-19 12:42:52] 
Subject 13: 40 windows | class_counts=[20, 20]
[2026-05-19 12:42:52] 
Fold 1/5 | subject=13
[2026-05-19 12:42:52]     Train: 32 | Test: 8 | Strategy: new
[2026-05-19 12:42:52]     Result | best_epoch=1 | stop=16 | acc=0.6250 | bal_acc=0.6250 | collapse=False
[2026-05-19 12:42:52]     Spatial update | delta_l2=0.0053849 | relative_delta=0.0046081 | changed=True
[2026-05-19 12:42:53] 
Fold 2/5 | subject=13
[2026-05-19 12:42:53]     Train: 32 | Test: 8 | Strategy: new
[2026-05-19 12:42:54]     Result | best_epoch=100 | stop=100 | acc=0.8750 | bal_acc=0.8750 | collapse=False
[2026-05-19 12:42:54]     Spatial update | delta_l2=0.16667045 | relative_delta=0.14262752 | changed=True
[2026-05-19 12:42:54] 
Fold 3/5 | subject=13
[2026-05-19 12:42:54]     Train: 32 | Test: 8 | Strategy: new
[2026-05-19 12:42:55]     Result | best_epoch=49 | stop=60 | acc=0.6250 | bal_acc=0.6250 | collapse=False
[2026-05-19 12:42:55]     Spatial update | delta_l2=0.14122012 | relative_delta=0.12084851 | changed=True
[2026-05-19 12:42:55] 
Fold 4/5 | subject=13
[2026-05-19 12:42:55]     Train: 32 | Test: 8 | Strategy: new
[2026-05-19 12:42:57]     Result | best_epoch=100 | stop=100 | acc=0.3750 | bal_acc=0.3750 | collapse=False
[2026-05-19 12:42:57]     Spatial update | delta_l2=0.23905897 | relative_delta=0.20457367 | changed=True
[2026-05-19 12:42:57] 
Fold 5/5 | subject=13
[2026-05-19 12:42:57]     Train: 32 | Test: 8 | Strategy: new
[2026-05-19 12:42:58]     Result | best_epoch=100 | stop=100 | acc=0.7500 | bal_acc=0.7500 | collapse=False
[2026-05-19 12:42:58]     Spatial update | delta_l2=0.20606957 | relative_delta=0.17634314 | changed=True
[2026-05-19 12:42:58]   Subject 13: acc=0.6500±0.1658  bal_acc=0.6500±0.1658
[2026-05-19 12:42:58] 
Subject 14: 40 windows | class_counts=[20, 20]
[2026-05-19 12:42:59] 
Fold 1/5 | subject=14
[2026-05-19 12:42:59]     Train: 32 | Test: 8 | Strategy: new
[2026-05-19 12:43:00]     Result | best_epoch=74 | stop=85 | acc=0.6250 | bal_acc=0.6250 | collapse=False
[2026-05-19 12:43:00]     Spatial update | delta_l2=0.16800774 | relative_delta=0.14377189 | changed=True
[2026-05-19 12:43:00] 
Fold 2/5 | subject=14
[2026-05-19 12:43:00]     Train: 32 | Test: 8 | Strategy: new
[2026-05-19 12:43:00]     Result | best_epoch=1 | stop=16 | acc=0.3750 | bal_acc=0.3750 | collapse=False
[2026-05-19 12:43:00]     Spatial update | delta_l2=0.00538482 | relative_delta=0.00460804 | changed=True
[2026-05-19 12:43:01] 
Fold 3/5 | subject=14
[2026-05-19 12:43:01]     Train: 32 | Test: 8 | Strategy: new
[2026-05-19 12:43:01]     Result | best_epoch=1 | stop=16 | acc=0.3750 | bal_acc=0.3750 | collapse=False
[2026-05-19 12:43:01]     Spatial update | delta_l2=0.00538497 | relative_delta=0.00460817 | changed=True
[2026-05-19 12:43:02] 
Fold 4/5 | subject=14
[2026-05-19 12:43:02]     Train: 32 | Test: 8 | Strategy: new
[2026-05-19 12:43:02]     Result | best_epoch=1 | stop=16 | acc=0.2500 | bal_acc=0.2500 | collapse=False
[2026-05-19 12:43:02]     Spatial update | delta_l2=0.00538501 | relative_delta=0.0046082 | changed=True
[2026-05-19 12:43:02] 
Fold 5/5 | subject=14
[2026-05-19 12:43:02]     Train: 32 | Test: 8 | Strategy: new
[2026-05-19 12:43:03]     Result | best_epoch=15 | stop=16 | acc=0.5000 | bal_acc=0.5000 | collapse=False
[2026-05-19 12:43:03]     Spatial update | delta_l2=0.0053842 | relative_delta=0.0046075 | changed=True
[2026-05-19 12:43:03]   Subject 14: acc=0.4250±0.1275  bal_acc=0.4250±0.1275
[2026-05-19 12:43:03] 
Subject 15: 40 windows | class_counts=[20, 20]
[2026-05-19 12:43:03] 
Fold 1/5 | subject=15
[2026-05-19 12:43:03]     Train: 32 | Test: 8 | Strategy: new
[2026-05-19 12:43:03]     Result | best_epoch=1 | stop=16 | acc=0.3750 | bal_acc=0.3750 | collapse=False
[2026-05-19 12:43:03]     Spatial update | delta_l2=0.0053845 | relative_delta=0.00460776 | changed=True
[2026-05-19 12:43:04] 
Fold 2/5 | subject=15
[2026-05-19 12:43:04]     Train: 32 | Test: 8 | Strategy: new
[2026-05-19 12:43:04]     Result | best_epoch=1 | stop=16 | acc=0.1250 | bal_acc=0.1250 | collapse=False
[2026-05-19 12:43:04]     Spatial update | delta_l2=0.00538301 | relative_delta=0.00460649 | changed=True
[2026-05-19 12:43:05] 
Fold 3/5 | subject=15
[2026-05-19 12:43:05]     Train: 32 | Test: 8 | Strategy: new
[2026-05-19 12:43:05]     Result | best_epoch=1 | stop=16 | acc=0.2500 | bal_acc=0.2500 | collapse=False
[2026-05-19 12:43:05]     Spatial update | delta_l2=0.00538501 | relative_delta=0.0046082 | changed=True
[2026-05-19 12:43:05] 
Fold 4/5 | subject=15
[2026-05-19 12:43:05]     Train: 32 | Test: 8 | Strategy: new
[2026-05-19 12:43:06]     Result | best_epoch=1 | stop=16 | acc=0.7500 | bal_acc=0.7500 | collapse=False
[2026-05-19 12:43:06]     Spatial update | delta_l2=0.0053848 | relative_delta=0.00460802 | changed=True
[2026-05-19 12:43:06] 
Fold 5/5 | subject=15
[2026-05-19 12:43:06]     Train: 32 | Test: 8 | Strategy: new
[2026-05-19 12:43:06]     Result | best_epoch=1 | stop=16 | acc=0.6250 | bal_acc=0.6250 | collapse=False
[2026-05-19 12:43:06]     Spatial update | delta_l2=0.00538487 | relative_delta=0.00460808 | changed=True
[2026-05-19 12:43:06]   Subject 15: acc=0.4250±0.2318  bal_acc=0.4250±0.2318
[2026-05-19 12:43:06] 
Subject 16: 40 windows | class_counts=[20, 20]
[2026-05-19 12:43:07] 
Fold 1/5 | subject=16
[2026-05-19 12:43:07]     Train: 32 | Test: 8 | Strategy: new
[2026-05-19 12:43:08]     Result | best_epoch=90 | stop=96 | acc=0.6250 | bal_acc=0.6250 | collapse=False
[2026-05-19 12:43:08]     Spatial update | delta_l2=0.13707736 | relative_delta=0.11730336 | changed=True
[2026-05-19 12:43:08] 
Fold 2/5 | subject=16
[2026-05-19 12:43:08]     Train: 32 | Test: 8 | Strategy: new
[2026-05-19 12:43:09]     Result | best_epoch=1 | stop=16 | acc=0.6250 | bal_acc=0.6250 | collapse=False
[2026-05-19 12:43:09]     Spatial update | delta_l2=0.00538495 | relative_delta=0.00460815 | changed=True
[2026-05-19 12:43:09] 
Fold 3/5 | subject=16
[2026-05-19 12:43:09]     Train: 32 | Test: 8 | Strategy: new
[2026-05-19 12:43:09]     Result | best_epoch=1 | stop=16 | acc=0.5000 | bal_acc=0.5000 | collapse=False
[2026-05-19 12:43:09]     Spatial update | delta_l2=0.00538493 | relative_delta=0.00460813 | changed=True
[2026-05-19 12:43:10] 
Fold 4/5 | subject=16
[2026-05-19 12:43:10]     Train: 32 | Test: 8 | Strategy: new
[2026-05-19 12:43:10]     Result | best_epoch=1 | stop=16 | acc=0.7500 | bal_acc=0.7500 | collapse=False
[2026-05-19 12:43:10]     Spatial update | delta_l2=0.00538484 | relative_delta=0.00460805 | changed=True
[2026-05-19 12:43:11] 
Fold 5/5 | subject=16
[2026-05-19 12:43:11]     Train: 32 | Test: 8 | Strategy: new
[2026-05-19 12:43:11]     Result | best_epoch=1 | stop=16 | acc=0.3750 | bal_acc=0.3750 | collapse=False
[2026-05-19 12:43:11]     Spatial update | delta_l2=0.00538501 | relative_delta=0.0046082 | changed=True
[2026-05-19 12:43:11]   Subject 16: acc=0.5750±0.1275  bal_acc=0.5750±0.1275
[2026-05-19 12:43:11] 
Subject 17: 40 windows | class_counts=[20, 20]
[2026-05-19 12:43:11] 
Fold 1/5 | subject=17
[2026-05-19 12:43:11]     Train: 32 | Test: 8 | Strategy: new
[2026-05-19 12:43:12]     Result | best_epoch=1 | stop=16 | acc=0.3750 | bal_acc=0.3750 | collapse=False
[2026-05-19 12:43:12]     Spatial update | delta_l2=0.00538491 | relative_delta=0.00460812 | changed=True
[2026-05-19 12:43:12] 
Fold 2/5 | subject=17
[2026-05-19 12:43:12]     Train: 32 | Test: 8 | Strategy: new
[2026-05-19 12:43:12]     Result | best_epoch=1 | stop=16 | acc=0.3750 | bal_acc=0.3750 | collapse=False
[2026-05-19 12:43:12]     Spatial update | delta_l2=0.00538499 | relative_delta=0.00460818 | changed=True
[2026-05-19 12:43:13] 
Fold 3/5 | subject=17
[2026-05-19 12:43:13]     Train: 32 | Test: 8 | Strategy: new
[2026-05-19 12:43:14]     Result | best_epoch=100 | stop=100 | acc=0.6250 | bal_acc=0.6250 | collapse=False
[2026-05-19 12:43:14]     Spatial update | delta_l2=0.1633704 | relative_delta=0.13980351 | changed=True
[2026-05-19 12:43:15] 
Fold 4/5 | subject=17
[2026-05-19 12:43:15]     Train: 32 | Test: 8 | Strategy: new
[2026-05-19 12:43:15]     Result | best_epoch=2 | stop=17 | acc=0.7500 | bal_acc=0.7500 | collapse=False
[2026-05-19 12:43:15]     Spatial update | delta_l2=0.00922701 | relative_delta=0.00789597 | changed=True
[2026-05-19 12:43:15] 
Fold 5/5 | subject=17
[2026-05-19 12:43:15]     Train: 32 | Test: 8 | Strategy: new
[2026-05-19 12:43:16]     Result | best_epoch=26 | stop=39 | acc=0.5000 | bal_acc=0.5000 | collapse=False
[2026-05-19 12:43:16]     Spatial update | delta_l2=0.08065629 | relative_delta=0.06902127 | changed=True
[2026-05-19 12:43:16]   Subject 17: acc=0.5250±0.1458  bal_acc=0.5250±0.1458
[2026-05-19 12:43:16] 
Subject 18: 40 windows | class_counts=[20, 20]
[2026-05-19 12:43:16] 
Fold 1/5 | subject=18
[2026-05-19 12:43:16]     Train: 32 | Test: 8 | Strategy: new
[2026-05-19 12:43:17]     Result | best_epoch=100 | stop=100 | acc=0.8750 | bal_acc=0.8750 | collapse=False
[2026-05-19 12:43:17]     Spatial update | delta_l2=0.1682397 | relative_delta=0.14397039 | changed=True
[2026-05-19 12:43:18] 
Fold 2/5 | subject=18
[2026-05-19 12:43:18]     Train: 32 | Test: 8 | Strategy: new
[2026-05-19 12:43:19]     Result | best_epoch=100 | stop=100 | acc=0.5000 | bal_acc=0.5000 | collapse=True
[2026-05-19 12:43:19]     Spatial update | delta_l2=0.17240804 | relative_delta=0.14753743 | changed=True
[2026-05-19 12:43:19] 
Fold 3/5 | subject=18
[2026-05-19 12:43:19]     Train: 32 | Test: 8 | Strategy: new
[2026-05-19 12:43:20]     Result | best_epoch=100 | stop=100 | acc=0.7500 | bal_acc=0.7500 | collapse=False
[2026-05-19 12:43:20]     Spatial update | delta_l2=0.19060565 | relative_delta=0.16310996 | changed=True
[2026-05-19 12:43:21] 
Fold 4/5 | subject=18
[2026-05-19 12:43:21]     Train: 32 | Test: 8 | Strategy: new
[2026-05-19 12:43:22]     Result | best_epoch=100 | stop=100 | acc=0.8750 | bal_acc=0.8750 | collapse=False
[2026-05-19 12:43:22]     Spatial update | delta_l2=0.17999585 | relative_delta=0.15403066 | changed=True
[2026-05-19 12:43:23] 
Fold 5/5 | subject=18
[2026-05-19 12:43:23]     Train: 32 | Test: 8 | Strategy: new
[2026-05-19 12:43:24]     Result | best_epoch=100 | stop=100 | acc=0.7500 | bal_acc=0.7500 | collapse=False
[2026-05-19 12:43:24]     Spatial update | delta_l2=0.18970222 | relative_delta=0.16233685 | changed=True
[2026-05-19 12:43:24]   Subject 18: acc=0.7500±0.1369  bal_acc=0.7500±0.1369
[2026-05-19 12:43:24] 
Subject 19: 40 windows | class_counts=[20, 20]
[2026-05-19 12:43:24] 
Fold 1/5 | subject=19
[2026-05-19 12:43:24]     Train: 32 | Test: 8 | Strategy: new
[2026-05-19 12:43:25]     Result | best_epoch=97 | stop=97 | acc=0.3750 | bal_acc=0.3750 | collapse=False
[2026-05-19 12:43:25]     Spatial update | delta_l2=0.1691632 | relative_delta=0.14476067 | changed=True
[2026-05-19 12:43:26] 
Fold 2/5 | subject=19
[2026-05-19 12:43:26]     Train: 32 | Test: 8 | Strategy: new
[2026-05-19 12:43:26]     Result | best_epoch=1 | stop=16 | acc=0.7500 | bal_acc=0.7500 | collapse=False
[2026-05-19 12:43:26]     Spatial update | delta_l2=0.00538482 | relative_delta=0.00460804 | changed=True
[2026-05-19 12:43:26] 
Fold 3/5 | subject=19
[2026-05-19 12:43:26]     Train: 32 | Test: 8 | Strategy: new
[2026-05-19 12:43:27]     Result | best_epoch=100 | stop=100 | acc=0.1250 | bal_acc=0.1250 | collapse=False
[2026-05-19 12:43:27]     Spatial update | delta_l2=0.1405275 | relative_delta=0.1202558 | changed=True
[2026-05-19 12:43:28] 
Fold 4/5 | subject=19
[2026-05-19 12:43:28]     Train: 32 | Test: 8 | Strategy: new
[2026-05-19 12:43:28]     Result | best_epoch=1 | stop=16 | acc=0.5000 | bal_acc=0.5000 | collapse=False
[2026-05-19 12:43:28]     Spatial update | delta_l2=0.00538477 | relative_delta=0.00460799 | changed=True
[2026-05-19 12:43:29] 
Fold 5/5 | subject=19
[2026-05-19 12:43:29]     Train: 32 | Test: 8 | Strategy: new
[2026-05-19 12:43:29]     Result | best_epoch=1 | stop=16 | acc=0.5000 | bal_acc=0.5000 | collapse=False
[2026-05-19 12:43:29]     Spatial update | delta_l2=0.00538457 | relative_delta=0.00460782 | changed=True
[2026-05-19 12:43:29]   Subject 19: acc=0.4500±0.2031  bal_acc=0.4500±0.2031
[2026-05-19 12:43:29] 
Subject 20: 40 windows | class_counts=[20, 20]
[2026-05-19 12:43:29] 
Fold 1/5 | subject=20
[2026-05-19 12:43:29]     Train: 32 | Test: 8 | Strategy: new
[2026-05-19 12:43:30]     Result | best_epoch=100 | stop=100 | acc=0.7500 | bal_acc=0.7500 | collapse=False
[2026-05-19 12:43:30]     Spatial update | delta_l2=0.15530857 | relative_delta=0.13290463 | changed=True
[2026-05-19 12:43:31] 
Fold 2/5 | subject=20
[2026-05-19 12:43:31]     Train: 32 | Test: 8 | Strategy: new
[2026-05-19 12:43:32]     Result | best_epoch=100 | stop=100 | acc=0.6250 | bal_acc=0.6250 | collapse=False
[2026-05-19 12:43:32]     Spatial update | delta_l2=0.20302314 | relative_delta=0.17373617 | changed=True
[2026-05-19 12:43:33] 
Fold 3/5 | subject=20
[2026-05-19 12:43:33]     Train: 32 | Test: 8 | Strategy: new
[2026-05-19 12:43:34]     Result | best_epoch=100 | stop=100 | acc=0.7500 | bal_acc=0.7500 | collapse=False
[2026-05-19 12:43:34]     Spatial update | delta_l2=0.18576943 | relative_delta=0.15897138 | changed=True
[2026-05-19 12:43:34] 
Fold 4/5 | subject=20
[2026-05-19 12:43:34]     Train: 32 | Test: 8 | Strategy: new
[2026-05-19 12:43:35]     Result | best_epoch=100 | stop=100 | acc=0.6250 | bal_acc=0.6250 | collapse=False
[2026-05-19 12:43:35]     Spatial update | delta_l2=0.17732686 | relative_delta=0.15174669 | changed=True
[2026-05-19 12:43:36] 
Fold 5/5 | subject=20
[2026-05-19 12:43:36]     Train: 32 | Test: 8 | Strategy: new
[2026-05-19 12:43:36]     Result | best_epoch=1 | stop=16 | acc=0.8750 | bal_acc=0.8750 | collapse=False
[2026-05-19 12:43:36]     Spatial update | delta_l2=0.00538481 | relative_delta=0.00460803 | changed=True
[2026-05-19 12:43:36]   Subject 20: acc=0.7250±0.0935  bal_acc=0.7250±0.0935
[2026-05-19 12:43:36] 
Subject 21: 40 windows | class_counts=[20, 20]
[2026-05-19 12:43:36] 
Fold 1/5 | subject=21
[2026-05-19 12:43:36]     Train: 32 | Test: 8 | Strategy: new
[2026-05-19 12:43:37]     Result | best_epoch=1 | stop=16 | acc=0.5000 | bal_acc=0.5000 | collapse=False
[2026-05-19 12:43:37]     Spatial update | delta_l2=0.00538494 | relative_delta=0.00460814 | changed=True
[2026-05-19 12:43:37] 
Fold 2/5 | subject=21
[2026-05-19 12:43:37]     Train: 32 | Test: 8 | Strategy: new
[2026-05-19 12:43:37]     Result | best_epoch=1 | stop=16 | acc=0.2500 | bal_acc=0.2500 | collapse=False
[2026-05-19 12:43:37]     Spatial update | delta_l2=0.00538501 | relative_delta=0.0046082 | changed=True
[2026-05-19 12:43:38] 
Fold 3/5 | subject=21
[2026-05-19 12:43:38]     Train: 32 | Test: 8 | Strategy: new
[2026-05-19 12:43:39]     Result | best_epoch=73 | stop=85 | acc=0.3750 | bal_acc=0.3750 | collapse=False
[2026-05-19 12:43:39]     Spatial update | delta_l2=0.13986395 | relative_delta=0.11968796 | changed=True
[2026-05-19 12:43:39] 
Fold 4/5 | subject=21
[2026-05-19 12:43:39]     Train: 32 | Test: 8 | Strategy: new
[2026-05-19 12:43:40]     Result | best_epoch=1 | stop=16 | acc=0.5000 | bal_acc=0.5000 | collapse=False
[2026-05-19 12:43:40]     Spatial update | delta_l2=0.00538491 | relative_delta=0.00460811 | changed=True
[2026-05-19 12:43:40] 
Fold 5/5 | subject=21
[2026-05-19 12:43:40]     Train: 32 | Test: 8 | Strategy: new
[2026-05-19 12:43:40]     Result | best_epoch=1 | stop=16 | acc=0.3750 | bal_acc=0.3750 | collapse=False
[2026-05-19 12:43:40]     Spatial update | delta_l2=0.00538501 | relative_delta=0.0046082 | changed=True
[2026-05-19 12:43:40]   Subject 21: acc=0.4000±0.0935  bal_acc=0.4000±0.0935
[2026-05-19 12:43:40] 
Subject 22: 40 windows | class_counts=[20, 20]
[2026-05-19 12:43:41] 
Fold 1/5 | subject=22
[2026-05-19 12:43:41]     Train: 32 | Test: 8 | Strategy: new
[2026-05-19 12:43:42]     Result | best_epoch=100 | stop=100 | acc=0.6250 | bal_acc=0.6250 | collapse=False
[2026-05-19 12:43:42]     Spatial update | delta_l2=0.14957563 | relative_delta=0.12799869 | changed=True
[2026-05-19 12:43:43] 
Fold 2/5 | subject=22
[2026-05-19 12:43:43]     Train: 32 | Test: 8 | Strategy: new
[2026-05-19 12:43:44]     Result | best_epoch=100 | stop=100 | acc=0.3750 | bal_acc=0.3750 | collapse=False
[2026-05-19 12:43:44]     Spatial update | delta_l2=0.13444136 | relative_delta=0.11504761 | changed=True
[2026-05-19 12:43:44] 
Fold 3/5 | subject=22
[2026-05-19 12:43:44]     Train: 32 | Test: 8 | Strategy: new
[2026-05-19 12:43:45]     Result | best_epoch=65 | stop=78 | acc=0.3750 | bal_acc=0.3750 | collapse=False
[2026-05-19 12:43:45]     Spatial update | delta_l2=0.1461381 | relative_delta=0.12505704 | changed=True
[2026-05-19 12:43:45] 
Fold 4/5 | subject=22
[2026-05-19 12:43:45]     Train: 32 | Test: 8 | Strategy: new
[2026-05-19 12:43:46]     Result | best_epoch=1 | stop=16 | acc=0.5000 | bal_acc=0.5000 | collapse=False
[2026-05-19 12:43:46]     Spatial update | delta_l2=0.00538482 | relative_delta=0.00460803 | changed=True
[2026-05-19 12:43:46] 
Fold 5/5 | subject=22
[2026-05-19 12:43:46]     Train: 32 | Test: 8 | Strategy: new
[2026-05-19 12:43:47]     Result | best_epoch=83 | stop=93 | acc=0.3750 | bal_acc=0.3750 | collapse=False
[2026-05-19 12:43:47]     Spatial update | delta_l2=0.15134276 | relative_delta=0.12951091 | changed=True
[2026-05-19 12:43:47]   Subject 22: acc=0.4500±0.1000  bal_acc=0.4500±0.1000
[2026-05-19 12:43:47] 
Subject 23: 40 windows | class_counts=[20, 20]
[2026-05-19 12:43:48] 
Fold 1/5 | subject=23
[2026-05-19 12:43:48]     Train: 32 | Test: 8 | Strategy: new
[2026-05-19 12:43:48]     Result | best_epoch=16 | stop=16 | acc=0.5000 | bal_acc=0.5000 | collapse=False
[2026-05-19 12:43:48]     Spatial update | delta_l2=0.00538501 | relative_delta=0.00460819 | changed=True
[2026-05-19 12:43:48] 
Fold 2/5 | subject=23
[2026-05-19 12:43:48]     Train: 32 | Test: 8 | Strategy: new
[2026-05-19 12:43:50]     Result | best_epoch=100 | stop=100 | acc=0.6250 | bal_acc=0.6250 | collapse=False
[2026-05-19 12:43:50]     Spatial update | delta_l2=0.1524446 | relative_delta=0.1304538 | changed=True
[2026-05-19 12:43:50] 
Fold 3/5 | subject=23
[2026-05-19 12:43:50]     Train: 32 | Test: 8 | Strategy: new
[2026-05-19 12:43:50]     Result | best_epoch=1 | stop=16 | acc=0.6250 | bal_acc=0.6250 | collapse=False
[2026-05-19 12:43:50]     Spatial update | delta_l2=0.00538491 | relative_delta=0.00460811 | changed=True
[2026-05-19 12:43:51] 
Fold 4/5 | subject=23
[2026-05-19 12:43:51]     Train: 32 | Test: 8 | Strategy: new
[2026-05-19 12:43:51]     Result | best_epoch=1 | stop=16 | acc=0.5000 | bal_acc=0.5000 | collapse=False
[2026-05-19 12:43:51]     Spatial update | delta_l2=0.00538463 | relative_delta=0.00460788 | changed=True
[2026-05-19 12:43:52] 
Fold 5/5 | subject=23
[2026-05-19 12:43:52]     Train: 32 | Test: 8 | Strategy: new
[2026-05-19 12:43:53]     Result | best_epoch=100 | stop=100 | acc=0.2500 | bal_acc=0.2500 | collapse=False
[2026-05-19 12:43:53]     Spatial update | delta_l2=0.14404219 | relative_delta=0.12326348 | changed=True
[2026-05-19 12:43:53]   Subject 23: acc=0.5000±0.1369  bal_acc=0.5000±0.1369
[2026-05-19 12:43:53] 
Subject 24: 40 windows | class_counts=[20, 20]
[2026-05-19 12:43:53] 
Fold 1/5 | subject=24
[2026-05-19 12:43:53]     Train: 32 | Test: 8 | Strategy: new
[2026-05-19 12:43:54]     Result | best_epoch=1 | stop=16 | acc=0.7500 | bal_acc=0.7500 | collapse=False
[2026-05-19 12:43:54]     Spatial update | delta_l2=0.00538469 | relative_delta=0.00460792 | changed=True
[2026-05-19 12:43:54] 
Fold 2/5 | subject=24
[2026-05-19 12:43:54]     Train: 32 | Test: 8 | Strategy: new
[2026-05-19 12:43:54]     Result | best_epoch=1 | stop=16 | acc=0.5000 | bal_acc=0.5000 | collapse=False
[2026-05-19 12:43:54]     Spatial update | delta_l2=0.00538487 | relative_delta=0.00460808 | changed=True
[2026-05-19 12:43:55] 
Fold 3/5 | subject=24
[2026-05-19 12:43:55]     Train: 32 | Test: 8 | Strategy: new
[2026-05-19 12:43:55]     Result | best_epoch=1 | stop=16 | acc=0.7500 | bal_acc=0.7500 | collapse=False
[2026-05-19 12:43:55]     Spatial update | delta_l2=0.00538499 | relative_delta=0.00460818 | changed=True
[2026-05-19 12:43:56] 
Fold 4/5 | subject=24
[2026-05-19 12:43:56]     Train: 32 | Test: 8 | Strategy: new
[2026-05-19 12:43:57]     Result | best_epoch=100 | stop=100 | acc=0.2500 | bal_acc=0.2500 | collapse=False
[2026-05-19 12:43:57]     Spatial update | delta_l2=0.18394706 | relative_delta=0.1574119 | changed=True
[2026-05-19 12:43:57] 
Fold 5/5 | subject=24
[2026-05-19 12:43:57]     Train: 32 | Test: 8 | Strategy: new
[2026-05-19 12:43:58]     Result | best_epoch=93 | stop=93 | acc=0.5000 | bal_acc=0.5000 | collapse=False
[2026-05-19 12:43:58]     Spatial update | delta_l2=0.15969752 | relative_delta=0.13666046 | changed=True
[2026-05-19 12:43:58]   Subject 24: acc=0.5500±0.1871  bal_acc=0.5500±0.1871
[2026-05-19 12:43:58] 
Subject 25: 40 windows | class_counts=[20, 20]
[2026-05-19 12:43:59] 
Fold 1/5 | subject=25
[2026-05-19 12:43:59]     Train: 32 | Test: 8 | Strategy: new
[2026-05-19 12:44:00]     Result | best_epoch=95 | stop=99 | acc=0.7500 | bal_acc=0.7500 | collapse=False
[2026-05-19 12:44:00]     Spatial update | delta_l2=0.15371194 | relative_delta=0.13153833 | changed=True
[2026-05-19 12:44:01] 
Fold 2/5 | subject=25
[2026-05-19 12:44:01]     Train: 32 | Test: 8 | Strategy: new
[2026-05-19 12:44:01]     Result | best_epoch=32 | stop=45 | acc=0.6250 | bal_acc=0.6250 | collapse=False
[2026-05-19 12:44:01]     Spatial update | delta_l2=0.08953546 | relative_delta=0.07661958 | changed=True
[2026-05-19 12:44:02] 
Fold 3/5 | subject=25
[2026-05-19 12:44:02]     Train: 32 | Test: 8 | Strategy: new
[2026-05-19 12:44:03]     Result | best_epoch=100 | stop=100 | acc=0.7500 | bal_acc=0.7500 | collapse=False
[2026-05-19 12:44:03]     Spatial update | delta_l2=0.14052205 | relative_delta=0.12025113 | changed=True
[2026-05-19 12:44:03] 
Fold 4/5 | subject=25
[2026-05-19 12:44:03]     Train: 32 | Test: 8 | Strategy: new
[2026-05-19 12:44:04]     Result | best_epoch=100 | stop=100 | acc=0.5000 | bal_acc=0.5000 | collapse=False
[2026-05-19 12:44:04]     Spatial update | delta_l2=0.15316627 | relative_delta=0.13107137 | changed=True
[2026-05-19 12:44:05] 
Fold 5/5 | subject=25
[2026-05-19 12:44:05]     Train: 32 | Test: 8 | Strategy: new
[2026-05-19 12:44:05]     Result | best_epoch=1 | stop=16 | acc=0.3750 | bal_acc=0.3750 | collapse=False
[2026-05-19 12:44:05]     Spatial update | delta_l2=0.00538461 | relative_delta=0.00460786 | changed=True
[2026-05-19 12:44:05]   Subject 25: acc=0.6000±0.1458  bal_acc=0.6000±0.1458
[2026-05-19 12:44:05] 
Subject 26: 40 windows | class_counts=[20, 20]
[2026-05-19 12:44:05] 
Fold 1/5 | subject=26
[2026-05-19 12:44:05]     Train: 32 | Test: 8 | Strategy: new
[2026-05-19 12:44:06]     Result | best_epoch=1 | stop=16 | acc=0.5000 | bal_acc=0.5000 | collapse=False
[2026-05-19 12:44:06]     Spatial update | delta_l2=0.00538501 | relative_delta=0.0046082 | changed=True
[2026-05-19 12:44:06] 
Fold 2/5 | subject=26
[2026-05-19 12:44:06]     Train: 32 | Test: 8 | Strategy: new
[2026-05-19 12:44:06]     Result | best_epoch=1 | stop=16 | acc=0.5000 | bal_acc=0.5000 | collapse=False
[2026-05-19 12:44:06]     Spatial update | delta_l2=0.00538479 | relative_delta=0.00460801 | changed=True
[2026-05-19 12:44:07] 
Fold 3/5 | subject=26
[2026-05-19 12:44:07]     Train: 32 | Test: 8 | Strategy: new
[2026-05-19 12:44:07]     Result | best_epoch=1 | stop=16 | acc=0.3750 | bal_acc=0.3750 | collapse=False
[2026-05-19 12:44:07]     Spatial update | delta_l2=0.00538479 | relative_delta=0.00460801 | changed=True
[2026-05-19 12:44:08] 
Fold 4/5 | subject=26
[2026-05-19 12:44:08]     Train: 32 | Test: 8 | Strategy: new
[2026-05-19 12:44:08]     Result | best_epoch=1 | stop=16 | acc=0.5000 | bal_acc=0.5000 | collapse=False
[2026-05-19 12:44:08]     Spatial update | delta_l2=0.00538479 | relative_delta=0.00460801 | changed=True
[2026-05-19 12:44:08] 
Fold 5/5 | subject=26
[2026-05-19 12:44:08]     Train: 32 | Test: 8 | Strategy: new
[2026-05-19 12:44:09]     Result | best_epoch=1 | stop=16 | acc=0.5000 | bal_acc=0.5000 | collapse=False
[2026-05-19 12:44:09]     Spatial update | delta_l2=0.00538463 | relative_delta=0.00460788 | changed=True
[2026-05-19 12:44:09]   Subject 26: acc=0.4750±0.0500  bal_acc=0.4750±0.0500
[2026-05-19 12:44:09] 
Subject 27: 40 windows | class_counts=[20, 20]
[2026-05-19 12:44:09] 
Fold 1/5 | subject=27
[2026-05-19 12:44:09]     Train: 32 | Test: 8 | Strategy: new
[2026-05-19 12:44:10]     Result | best_epoch=18 | stop=32 | acc=0.3750 | bal_acc=0.3750 | collapse=False
[2026-05-19 12:44:10]     Spatial update | delta_l2=0.05368391 | relative_delta=0.04593978 | changed=True
[2026-05-19 12:44:10] 
Fold 2/5 | subject=27
[2026-05-19 12:44:10]     Train: 32 | Test: 8 | Strategy: new
[2026-05-19 12:44:11]     Result | best_epoch=1 | stop=16 | acc=0.8750 | bal_acc=0.8750 | collapse=False
[2026-05-19 12:44:11]     Spatial update | delta_l2=0.00538508 | relative_delta=0.00460826 | changed=True
[2026-05-19 12:44:11] 
Fold 3/5 | subject=27
[2026-05-19 12:44:11]     Train: 32 | Test: 8 | Strategy: new
[2026-05-19 12:44:11]     Result | best_epoch=1 | stop=16 | acc=0.5000 | bal_acc=0.5000 | collapse=False
[2026-05-19 12:44:11]     Spatial update | delta_l2=0.0053851 | relative_delta=0.00460827 | changed=True
[2026-05-19 12:44:12] 
Fold 4/5 | subject=27
[2026-05-19 12:44:12]     Train: 32 | Test: 8 | Strategy: new
[2026-05-19 12:44:12]     Result | best_epoch=1 | stop=16 | acc=0.5000 | bal_acc=0.5000 | collapse=False
[2026-05-19 12:44:12]     Spatial update | delta_l2=0.00538498 | relative_delta=0.00460817 | changed=True
[2026-05-19 12:44:13] 
Fold 5/5 | subject=27
[2026-05-19 12:44:13]     Train: 32 | Test: 8 | Strategy: new
[2026-05-19 12:44:14]     Result | best_epoch=100 | stop=100 | acc=0.3750 | bal_acc=0.3750 | collapse=False
[2026-05-19 12:44:14]     Spatial update | delta_l2=0.12730732 | relative_delta=0.10894269 | changed=True
[2026-05-19 12:44:14]   Subject 27: acc=0.5250±0.1837  bal_acc=0.5250±0.1837
[2026-05-19 12:44:14] 
Subject 28: 40 windows | class_counts=[20, 20]
[2026-05-19 12:44:14] 
Fold 1/5 | subject=28
[2026-05-19 12:44:14]     Train: 32 | Test: 8 | Strategy: new
[2026-05-19 12:44:15]     Result | best_epoch=100 | stop=100 | acc=0.5000 | bal_acc=0.5000 | collapse=False
[2026-05-19 12:44:15]     Spatial update | delta_l2=0.1668381 | relative_delta=0.14277098 | changed=True
[2026-05-19 12:44:16] 
Fold 2/5 | subject=28
[2026-05-19 12:44:16]     Train: 32 | Test: 8 | Strategy: new
[2026-05-19 12:44:17]     Result | best_epoch=78 | stop=88 | acc=0.6250 | bal_acc=0.6250 | collapse=False
[2026-05-19 12:44:17]     Spatial update | delta_l2=0.15517745 | relative_delta=0.13279243 | changed=True
[2026-05-19 12:44:17] 
Fold 3/5 | subject=28
[2026-05-19 12:44:17]     Train: 32 | Test: 8 | Strategy: new
[2026-05-19 12:44:18]     Result | best_epoch=6 | stop=16 | acc=0.6250 | bal_acc=0.6250 | collapse=False
[2026-05-19 12:44:18]     Spatial update | delta_l2=0.005385 | relative_delta=0.00460819 | changed=True
[2026-05-19 12:44:18] 
Fold 4/5 | subject=28
[2026-05-19 12:44:18]     Train: 32 | Test: 8 | Strategy: new
[2026-05-19 12:44:19]     Result | best_epoch=97 | stop=97 | acc=0.5000 | bal_acc=0.5000 | collapse=False
[2026-05-19 12:44:19]     Spatial update | delta_l2=0.15918803 | relative_delta=0.13622447 | changed=True
[2026-05-19 12:44:20] 
Fold 5/5 | subject=28
[2026-05-19 12:44:20]     Train: 32 | Test: 8 | Strategy: new
[2026-05-19 12:44:21]     Result | best_epoch=90 | stop=90 | acc=0.3750 | bal_acc=0.3750 | collapse=False
[2026-05-19 12:44:21]     Spatial update | delta_l2=0.16480143 | relative_delta=0.14102811 | changed=True
[2026-05-19 12:44:21]   Subject 28: acc=0.5250±0.0935  bal_acc=0.5250±0.0935
[2026-05-19 12:44:21] 
Subject 29: 40 windows | class_counts=[20, 20]
[2026-05-19 12:44:22] 
Fold 1/5 | subject=29
[2026-05-19 12:44:22]     Train: 32 | Test: 8 | Strategy: new
[2026-05-19 12:44:22]     Result | best_epoch=1 | stop=16 | acc=0.5000 | bal_acc=0.5000 | collapse=False
[2026-05-19 12:44:22]     Spatial update | delta_l2=0.00538503 | relative_delta=0.00460821 | changed=True
[2026-05-19 12:44:22] 
Fold 2/5 | subject=29
[2026-05-19 12:44:22]     Train: 32 | Test: 8 | Strategy: new
[2026-05-19 12:44:23]     Result | best_epoch=1 | stop=16 | acc=0.2500 | bal_acc=0.2500 | collapse=False
[2026-05-19 12:44:23]     Spatial update | delta_l2=0.00538482 | relative_delta=0.00460803 | changed=True
[2026-05-19 12:44:23] 
Fold 3/5 | subject=29
[2026-05-19 12:44:23]     Train: 32 | Test: 8 | Strategy: new
[2026-05-19 12:44:23]     Result | best_epoch=1 | stop=16 | acc=0.2500 | bal_acc=0.2500 | collapse=False
[2026-05-19 12:44:23]     Spatial update | delta_l2=0.00538495 | relative_delta=0.00460815 | changed=True
[2026-05-19 12:44:24] 
Fold 4/5 | subject=29
[2026-05-19 12:44:24]     Train: 32 | Test: 8 | Strategy: new
[2026-05-19 12:44:24]     Result | best_epoch=1 | stop=16 | acc=0.7500 | bal_acc=0.7500 | collapse=False
[2026-05-19 12:44:24]     Spatial update | delta_l2=0.00538499 | relative_delta=0.00460819 | changed=True
[2026-05-19 12:44:25] 
Fold 5/5 | subject=29
[2026-05-19 12:44:25]     Train: 32 | Test: 8 | Strategy: new
[2026-05-19 12:44:25]     Result | best_epoch=1 | stop=16 | acc=0.5000 | bal_acc=0.5000 | collapse=False
[2026-05-19 12:44:25]     Spatial update | delta_l2=0.00538399 | relative_delta=0.00460732 | changed=True
[2026-05-19 12:44:25]   Subject 29: acc=0.4500±0.1871  bal_acc=0.4500±0.1871
[2026-05-19 12:44:25] 
Subject 30: 40 windows | class_counts=[20, 20]
[2026-05-19 12:44:25] 
Fold 1/5 | subject=30
[2026-05-19 12:44:25]     Train: 32 | Test: 8 | Strategy: new
[2026-05-19 12:44:26]     Result | best_epoch=2 | stop=16 | acc=0.6250 | bal_acc=0.6250 | collapse=False
[2026-05-19 12:44:26]     Spatial update | delta_l2=0.00538436 | relative_delta=0.00460764 | changed=True
[2026-05-19 12:44:26] 
Fold 2/5 | subject=30
[2026-05-19 12:44:26]     Train: 32 | Test: 8 | Strategy: new
[2026-05-19 12:44:27]     Result | best_epoch=100 | stop=100 | acc=0.7500 | bal_acc=0.7500 | collapse=False
[2026-05-19 12:44:27]     Spatial update | delta_l2=0.17853295 | relative_delta=0.15277879 | changed=True
[2026-05-19 12:44:28] 
Fold 3/5 | subject=30
[2026-05-19 12:44:28]     Train: 32 | Test: 8 | Strategy: new
[2026-05-19 12:44:28]     Result | best_epoch=1 | stop=16 | acc=0.6250 | bal_acc=0.6250 | collapse=False
[2026-05-19 12:44:28]     Spatial update | delta_l2=0.00538494 | relative_delta=0.00460814 | changed=True
[2026-05-19 12:44:28] 
Fold 4/5 | subject=30
[2026-05-19 12:44:28]     Train: 32 | Test: 8 | Strategy: new
[2026-05-19 12:44:30]     Result | best_epoch=100 | stop=100 | acc=0.6250 | bal_acc=0.6250 | collapse=False
[2026-05-19 12:44:30]     Spatial update | delta_l2=0.19554469 | relative_delta=0.16733652 | changed=True
[2026-05-19 12:44:30] 
Fold 5/5 | subject=30
[2026-05-19 12:44:30]     Train: 32 | Test: 8 | Strategy: new
[2026-05-19 12:44:31]     Result | best_epoch=100 | stop=100 | acc=0.6250 | bal_acc=0.6250 | collapse=False
[2026-05-19 12:44:31]     Spatial update | delta_l2=0.1785426 | relative_delta=0.15278705 | changed=True
[2026-05-19 12:44:31]   Subject 30: acc=0.6500±0.0500  bal_acc=0.6500±0.0500
[2026-05-19 12:44:31] 
Subject 31: 40 windows | class_counts=[20, 20]
[2026-05-19 12:44:32] 
Fold 1/5 | subject=31
[2026-05-19 12:44:32]     Train: 32 | Test: 8 | Strategy: new
[2026-05-19 12:44:32]     Result | best_epoch=1 | stop=16 | acc=0.3750 | bal_acc=0.3750 | collapse=False
[2026-05-19 12:44:32]     Spatial update | delta_l2=0.00538492 | relative_delta=0.00460812 | changed=True
[2026-05-19 12:44:32] 
Fold 2/5 | subject=31
[2026-05-19 12:44:32]     Train: 32 | Test: 8 | Strategy: new
[2026-05-19 12:44:33]     Result | best_epoch=1 | stop=16 | acc=0.5000 | bal_acc=0.5000 | collapse=False
[2026-05-19 12:44:33]     Spatial update | delta_l2=0.00538498 | relative_delta=0.00460818 | changed=True
[2026-05-19 12:44:33] 
Fold 3/5 | subject=31
[2026-05-19 12:44:33]     Train: 32 | Test: 8 | Strategy: new
[2026-05-19 12:44:33]     Result | best_epoch=1 | stop=16 | acc=0.5000 | bal_acc=0.5000 | collapse=False
[2026-05-19 12:44:33]     Spatial update | delta_l2=0.00538502 | relative_delta=0.0046082 | changed=True
[2026-05-19 12:44:34] 
Fold 4/5 | subject=31
[2026-05-19 12:44:34]     Train: 32 | Test: 8 | Strategy: new
[2026-05-19 12:44:34]     Result | best_epoch=1 | stop=16 | acc=0.3750 | bal_acc=0.3750 | collapse=False
[2026-05-19 12:44:34]     Spatial update | delta_l2=0.00538498 | relative_delta=0.00460817 | changed=True
[2026-05-19 12:44:35] 
Fold 5/5 | subject=31
[2026-05-19 12:44:35]     Train: 32 | Test: 8 | Strategy: new
[2026-05-19 12:44:35]     Result | best_epoch=1 | stop=16 | acc=0.5000 | bal_acc=0.5000 | collapse=False
[2026-05-19 12:44:35]     Spatial update | delta_l2=0.00538494 | relative_delta=0.00460814 | changed=True
[2026-05-19 12:44:35]   Subject 31: acc=0.4500±0.0612  bal_acc=0.4500±0.0612
[2026-05-19 12:44:35] 
Subject 32: 40 windows | class_counts=[20, 20]
[2026-05-19 12:44:35] 
Fold 1/5 | subject=32
[2026-05-19 12:44:35]     Train: 32 | Test: 8 | Strategy: new
[2026-05-19 12:44:36]     Result | best_epoch=2 | stop=16 | acc=0.6250 | bal_acc=0.6250 | collapse=False
[2026-05-19 12:44:36]     Spatial update | delta_l2=0.00538494 | relative_delta=0.00460814 | changed=True
[2026-05-19 12:44:36] 
Fold 2/5 | subject=32
[2026-05-19 12:44:36]     Train: 32 | Test: 8 | Strategy: new
[2026-05-19 12:44:36]     Result | best_epoch=1 | stop=16 | acc=0.3750 | bal_acc=0.3750 | collapse=False
[2026-05-19 12:44:36]     Spatial update | delta_l2=0.00538265 | relative_delta=0.00460618 | changed=True
[2026-05-19 12:44:37] 
Fold 3/5 | subject=32
[2026-05-19 12:44:37]     Train: 32 | Test: 8 | Strategy: new
[2026-05-19 12:44:38]     Result | best_epoch=100 | stop=100 | acc=0.7500 | bal_acc=0.7500 | collapse=False
[2026-05-19 12:44:38]     Spatial update | delta_l2=0.17315322 | relative_delta=0.14817512 | changed=True
[2026-05-19 12:44:39] 
Fold 4/5 | subject=32
[2026-05-19 12:44:39]     Train: 32 | Test: 8 | Strategy: new
[2026-05-19 12:44:40]     Result | best_epoch=100 | stop=100 | acc=0.3750 | bal_acc=0.3750 | collapse=False
[2026-05-19 12:44:40]     Spatial update | delta_l2=0.15791896 | relative_delta=0.13513847 | changed=True
[2026-05-19 12:44:40] 
Fold 5/5 | subject=32
[2026-05-19 12:44:40]     Train: 32 | Test: 8 | Strategy: new
[2026-05-19 12:44:41]     Result | best_epoch=73 | stop=86 | acc=0.7500 | bal_acc=0.7500 | collapse=False
[2026-05-19 12:44:41]     Spatial update | delta_l2=0.15190951 | relative_delta=0.1299959 | changed=True
[2026-05-19 12:44:41]   Subject 32: acc=0.5750±0.1696  bal_acc=0.5750±0.1696
[2026-05-19 12:44:41] 
Subject 33: 40 windows | class_counts=[20, 20]
[2026-05-19 12:44:42] 
Fold 1/5 | subject=33
[2026-05-19 12:44:42]     Train: 32 | Test: 8 | Strategy: new
[2026-05-19 12:44:43]     Result | best_epoch=100 | stop=100 | acc=0.6250 | bal_acc=0.6250 | collapse=False
[2026-05-19 12:44:43]     Spatial update | delta_l2=0.16748333 | relative_delta=0.14332313 | changed=True
[2026-05-19 12:44:43] 
Fold 2/5 | subject=33
[2026-05-19 12:44:43]     Train: 32 | Test: 8 | Strategy: new
[2026-05-19 12:44:43]     Result | best_epoch=1 | stop=16 | acc=0.6250 | bal_acc=0.6250 | collapse=False
[2026-05-19 12:44:43]     Spatial update | delta_l2=0.00538506 | relative_delta=0.00460824 | changed=True
[2026-05-19 12:44:44] 
Fold 3/5 | subject=33
[2026-05-19 12:44:44]     Train: 32 | Test: 8 | Strategy: new
[2026-05-19 12:44:44]     Result | best_epoch=1 | stop=16 | acc=0.8750 | bal_acc=0.8750 | collapse=False
[2026-05-19 12:44:44]     Spatial update | delta_l2=0.00538492 | relative_delta=0.00460813 | changed=True
[2026-05-19 12:44:45] 
Fold 4/5 | subject=33
[2026-05-19 12:44:45]     Train: 32 | Test: 8 | Strategy: new
[2026-05-19 12:44:46]     Result | best_epoch=72 | stop=82 | acc=0.2500 | bal_acc=0.2500 | collapse=False
[2026-05-19 12:44:46]     Spatial update | delta_l2=0.1552436 | relative_delta=0.13284904 | changed=True
[2026-05-19 12:44:46] 
Fold 5/5 | subject=33
[2026-05-19 12:44:46]     Train: 32 | Test: 8 | Strategy: new
[2026-05-19 12:44:47]     Result | best_epoch=100 | stop=100 | acc=0.6250 | bal_acc=0.6250 | collapse=False
[2026-05-19 12:44:47]     Spatial update | delta_l2=0.15066229 | relative_delta=0.1289286 | changed=True
[2026-05-19 12:44:47]   Subject 33: acc=0.6000±0.2000  bal_acc=0.6000±0.2000
[2026-05-19 12:44:47] 
Subject 34: 40 windows | class_counts=[20, 20]
[2026-05-19 12:44:48] 
Fold 1/5 | subject=34
[2026-05-19 12:44:48]     Train: 32 | Test: 8 | Strategy: new
[2026-05-19 12:44:49]     Result | best_epoch=100 | stop=100 | acc=0.8750 | bal_acc=0.8750 | collapse=False
[2026-05-19 12:44:49]     Spatial update | delta_l2=0.17019358 | relative_delta=0.14564242 | changed=True
[2026-05-19 12:44:49] 
Fold 2/5 | subject=34
[2026-05-19 12:44:49]     Train: 32 | Test: 8 | Strategy: new
[2026-05-19 12:44:50]     Result | best_epoch=100 | stop=100 | acc=0.7500 | bal_acc=0.7500 | collapse=False
[2026-05-19 12:44:50]     Spatial update | delta_l2=0.17705011 | relative_delta=0.15150986 | changed=True
[2026-05-19 12:44:51] 
Fold 3/5 | subject=34
[2026-05-19 12:44:51]     Train: 32 | Test: 8 | Strategy: new
[2026-05-19 12:44:52]     Result | best_epoch=100 | stop=100 | acc=0.6250 | bal_acc=0.6250 | collapse=False
[2026-05-19 12:44:52]     Spatial update | delta_l2=0.17902593 | relative_delta=0.15320066 | changed=True
[2026-05-19 12:44:52] 
Fold 4/5 | subject=34
[2026-05-19 12:44:52]     Train: 32 | Test: 8 | Strategy: new
[2026-05-19 12:44:53]     Result | best_epoch=100 | stop=100 | acc=0.8750 | bal_acc=0.8750 | collapse=False
[2026-05-19 12:44:53]     Spatial update | delta_l2=0.18198175 | relative_delta=0.15573009 | changed=True
[2026-05-19 12:44:54] 
Fold 5/5 | subject=34
[2026-05-19 12:44:54]     Train: 32 | Test: 8 | Strategy: new
[2026-05-19 12:44:55]     Result | best_epoch=100 | stop=100 | acc=0.8750 | bal_acc=0.8750 | collapse=False
[2026-05-19 12:44:55]     Spatial update | delta_l2=0.15269078 | relative_delta=0.13066447 | changed=True
[2026-05-19 12:44:55]   Subject 34: acc=0.8000±0.1000  bal_acc=0.8000±0.1000
[2026-05-19 12:44:55] 
Subject 35: 40 windows | class_counts=[20, 20]
[2026-05-19 12:44:56] 
Fold 1/5 | subject=35
[2026-05-19 12:44:56]     Train: 32 | Test: 8 | Strategy: new
[2026-05-19 12:44:56]     Result | best_epoch=1 | stop=16 | acc=0.5000 | bal_acc=0.5000 | collapse=False
[2026-05-19 12:44:56]     Spatial update | delta_l2=0.00538506 | relative_delta=0.00460824 | changed=True
[2026-05-19 12:44:56] 
Fold 2/5 | subject=35
[2026-05-19 12:44:56]     Train: 32 | Test: 8 | Strategy: new
[2026-05-19 12:44:57]     Result | best_epoch=100 | stop=100 | acc=0.7500 | bal_acc=0.7500 | collapse=False
[2026-05-19 12:44:57]     Spatial update | delta_l2=0.16463546 | relative_delta=0.14088608 | changed=True
[2026-05-19 12:44:58] 
Fold 3/5 | subject=35
[2026-05-19 12:44:58]     Train: 32 | Test: 8 | Strategy: new
[2026-05-19 12:44:59]     Result | best_epoch=69 | stop=78 | acc=0.7500 | bal_acc=0.7500 | collapse=False
[2026-05-19 12:44:59]     Spatial update | delta_l2=0.16039334 | relative_delta=0.1372559 | changed=True
[2026-05-19 12:44:59] 
Fold 4/5 | subject=35
[2026-05-19 12:44:59]     Train: 32 | Test: 8 | Strategy: new
[2026-05-19 12:44:59]     Result | best_epoch=1 | stop=16 | acc=0.3750 | bal_acc=0.3750 | collapse=False
[2026-05-19 12:44:59]     Spatial update | delta_l2=0.00538501 | relative_delta=0.0046082 | changed=True
[2026-05-19 12:45:00] 
Fold 5/5 | subject=35
[2026-05-19 12:45:00]     Train: 32 | Test: 8 | Strategy: new
[2026-05-19 12:45:01]     Result | best_epoch=99 | stop=100 | acc=0.5000 | bal_acc=0.5000 | collapse=False
[2026-05-19 12:45:01]     Spatial update | delta_l2=0.18685585 | relative_delta=0.15990108 | changed=True
[2026-05-19 12:45:01]   Subject 35: acc=0.5750±0.1500  bal_acc=0.5750±0.1500
[2026-05-19 12:45:01] 
Subject 36: 40 windows | class_counts=[20, 20]
[2026-05-19 12:45:02] 
Fold 1/5 | subject=36
[2026-05-19 12:45:02]     Train: 32 | Test: 8 | Strategy: new
[2026-05-19 12:45:02]     Result | best_epoch=1 | stop=16 | acc=0.2500 | bal_acc=0.2500 | collapse=False
[2026-05-19 12:45:02]     Spatial update | delta_l2=0.00538453 | relative_delta=0.00460779 | changed=True
[2026-05-19 12:45:02] 
Fold 2/5 | subject=36
[2026-05-19 12:45:02]     Train: 32 | Test: 8 | Strategy: new
[2026-05-19 12:45:03]     Result | best_epoch=27 | stop=38 | acc=0.5000 | bal_acc=0.5000 | collapse=False
[2026-05-19 12:45:03]     Spatial update | delta_l2=0.08278876 | relative_delta=0.07084612 | changed=True
[2026-05-19 12:45:03] 
Fold 3/5 | subject=36
[2026-05-19 12:45:03]     Train: 32 | Test: 8 | Strategy: new
[2026-05-19 12:45:04]     Result | best_epoch=1 | stop=16 | acc=0.2500 | bal_acc=0.2500 | collapse=False
[2026-05-19 12:45:04]     Spatial update | delta_l2=0.00538506 | relative_delta=0.00460824 | changed=True
[2026-05-19 12:45:04] 
Fold 4/5 | subject=36
[2026-05-19 12:45:04]     Train: 32 | Test: 8 | Strategy: new
[2026-05-19 12:45:05]     Result | best_epoch=97 | stop=97 | acc=0.2500 | bal_acc=0.2500 | collapse=False
[2026-05-19 12:45:05]     Spatial update | delta_l2=0.16029247 | relative_delta=0.13716959 | changed=True
[2026-05-19 12:45:06] 
Fold 5/5 | subject=36
[2026-05-19 12:45:06]     Train: 32 | Test: 8 | Strategy: new
[2026-05-19 12:45:06]     Result | best_epoch=1 | stop=16 | acc=0.2500 | bal_acc=0.2500 | collapse=False
[2026-05-19 12:45:06]     Spatial update | delta_l2=0.00538504 | relative_delta=0.00460822 | changed=True
[2026-05-19 12:45:06]   Subject 36: acc=0.3000±0.1000  bal_acc=0.3000±0.1000
[2026-05-19 12:45:06] 
Subject 37: 40 windows | class_counts=[20, 20]
[2026-05-19 12:45:06] 
Fold 1/5 | subject=37
[2026-05-19 12:45:06]     Train: 32 | Test: 8 | Strategy: new
[2026-05-19 12:45:07]     Result | best_epoch=94 | stop=94 | acc=0.2500 | bal_acc=0.2500 | collapse=False
[2026-05-19 12:45:07]     Spatial update | delta_l2=0.15765377 | relative_delta=0.13491152 | changed=True
[2026-05-19 12:45:08] 
Fold 2/5 | subject=37
[2026-05-19 12:45:08]     Train: 32 | Test: 8 | Strategy: new
[2026-05-19 12:45:09]     Result | best_epoch=1 | stop=16 | acc=0.7500 | bal_acc=0.7500 | collapse=False
[2026-05-19 12:45:09]     Spatial update | delta_l2=0.0053849 | relative_delta=0.0046081 | changed=True
[2026-05-19 12:45:09] 
Fold 3/5 | subject=37
[2026-05-19 12:45:09]     Train: 32 | Test: 8 | Strategy: new
[2026-05-19 12:45:09]     Result | best_epoch=1 | stop=16 | acc=0.5000 | bal_acc=0.5000 | collapse=False
[2026-05-19 12:45:09]     Spatial update | delta_l2=0.00538486 | relative_delta=0.00460807 | changed=True
[2026-05-19 12:45:10] 
Fold 4/5 | subject=37
[2026-05-19 12:45:10]     Train: 32 | Test: 8 | Strategy: new
[2026-05-19 12:45:10]     Result | best_epoch=1 | stop=16 | acc=0.3750 | bal_acc=0.3750 | collapse=False
[2026-05-19 12:45:10]     Spatial update | delta_l2=0.00538479 | relative_delta=0.00460801 | changed=True
[2026-05-19 12:45:11] 
Fold 5/5 | subject=37
[2026-05-19 12:45:11]     Train: 32 | Test: 8 | Strategy: new
[2026-05-19 12:45:12]     Result | best_epoch=100 | stop=100 | acc=0.6250 | bal_acc=0.6250 | collapse=False
[2026-05-19 12:45:12]     Spatial update | delta_l2=0.16778737 | relative_delta=0.14358331 | changed=True
[2026-05-19 12:45:12]   Subject 37: acc=0.5000±0.1768  bal_acc=0.5000±0.1768
[2026-05-19 12:45:12] 
Subject 38: 40 windows | class_counts=[20, 20]
[2026-05-19 12:45:12] 
Fold 1/5 | subject=38
[2026-05-19 12:45:12]     Train: 32 | Test: 8 | Strategy: new
[2026-05-19 12:45:12]     Result | best_epoch=1 | stop=16 | acc=0.3750 | bal_acc=0.3750 | collapse=False
[2026-05-19 12:45:12]     Spatial update | delta_l2=0.00538498 | relative_delta=0.00460817 | changed=True
[2026-05-19 12:45:13] 
Fold 2/5 | subject=38
[2026-05-19 12:45:13]     Train: 32 | Test: 8 | Strategy: new
[2026-05-19 12:45:14]     Result | best_epoch=100 | stop=100 | acc=0.6250 | bal_acc=0.6250 | collapse=False
[2026-05-19 12:45:14]     Spatial update | delta_l2=0.15805924 | relative_delta=0.13525851 | changed=True
[2026-05-19 12:45:15] 
Fold 3/5 | subject=38
[2026-05-19 12:45:15]     Train: 32 | Test: 8 | Strategy: new
[2026-05-19 12:45:16]     Result | best_epoch=100 | stop=100 | acc=0.6250 | bal_acc=0.6250 | collapse=False
[2026-05-19 12:45:16]     Spatial update | delta_l2=0.18535918 | relative_delta=0.15862031 | changed=True
[2026-05-19 12:45:16] 
Fold 4/5 | subject=38
[2026-05-19 12:45:16]     Train: 32 | Test: 8 | Strategy: new
[2026-05-19 12:45:16]     Result | best_epoch=1 | stop=16 | acc=0.6250 | bal_acc=0.6250 | collapse=False
[2026-05-19 12:45:16]     Spatial update | delta_l2=0.00538484 | relative_delta=0.00460805 | changed=True
[2026-05-19 12:45:17] 
Fold 5/5 | subject=38
[2026-05-19 12:45:17]     Train: 32 | Test: 8 | Strategy: new
[2026-05-19 12:45:18]     Result | best_epoch=100 | stop=100 | acc=0.6250 | bal_acc=0.6250 | collapse=False
[2026-05-19 12:45:18]     Spatial update | delta_l2=0.17452694 | relative_delta=0.14935067 | changed=True
[2026-05-19 12:45:18]   Subject 38: acc=0.5750±0.1000  bal_acc=0.5750±0.1000
[2026-05-19 12:45:18] 
Subject 39: 40 windows | class_counts=[20, 20]
[2026-05-19 12:45:19] 
Fold 1/5 | subject=39
[2026-05-19 12:45:19]     Train: 32 | Test: 8 | Strategy: new
[2026-05-19 12:45:19]     Result | best_epoch=1 | stop=16 | acc=0.6250 | bal_acc=0.6250 | collapse=False
[2026-05-19 12:45:19]     Spatial update | delta_l2=0.00538506 | relative_delta=0.00460824 | changed=True
[2026-05-19 12:45:19] 
Fold 2/5 | subject=39
[2026-05-19 12:45:19]     Train: 32 | Test: 8 | Strategy: new
[2026-05-19 12:45:20]     Result | best_epoch=82 | stop=89 | acc=0.2500 | bal_acc=0.2500 | collapse=False
[2026-05-19 12:45:20]     Spatial update | delta_l2=0.1390636 | relative_delta=0.11900307 | changed=True
[2026-05-19 12:45:21] 
Fold 3/5 | subject=39
[2026-05-19 12:45:21]     Train: 32 | Test: 8 | Strategy: new
[2026-05-19 12:45:21]     Result | best_epoch=1 | stop=16 | acc=0.7500 | bal_acc=0.7500 | collapse=False
[2026-05-19 12:45:21]     Spatial update | delta_l2=0.00538498 | relative_delta=0.00460817 | changed=True
[2026-05-19 12:45:22] 
Fold 4/5 | subject=39
[2026-05-19 12:45:22]     Train: 32 | Test: 8 | Strategy: new
[2026-05-19 12:45:22]     Result | best_epoch=1 | stop=16 | acc=0.1250 | bal_acc=0.1250 | collapse=False
[2026-05-19 12:45:22]     Spatial update | delta_l2=0.00538493 | relative_delta=0.00460813 | changed=True
[2026-05-19 12:45:22] 
Fold 5/5 | subject=39
[2026-05-19 12:45:22]     Train: 32 | Test: 8 | Strategy: new
[2026-05-19 12:45:23]     Result | best_epoch=47 | stop=62 | acc=0.3750 | bal_acc=0.3750 | collapse=False
[2026-05-19 12:45:23]     Spatial update | delta_l2=0.11120707 | relative_delta=0.09516497 | changed=True
[2026-05-19 12:45:23]   Subject 39: acc=0.4250±0.2318  bal_acc=0.4250±0.2318
[2026-05-19 12:45:23] 
Subject 40: 40 windows | class_counts=[20, 20]
[2026-05-19 12:45:24] 
Fold 1/5 | subject=40
[2026-05-19 12:45:24]     Train: 32 | Test: 8 | Strategy: new
[2026-05-19 12:45:24]     Result | best_epoch=1 | stop=16 | acc=0.5000 | bal_acc=0.5000 | collapse=False
[2026-05-19 12:45:24]     Spatial update | delta_l2=0.00538504 | relative_delta=0.00460823 | changed=True
[2026-05-19 12:45:25] 
Fold 2/5 | subject=40
[2026-05-19 12:45:25]     Train: 32 | Test: 8 | Strategy: new
[2026-05-19 12:45:26]     Result | best_epoch=100 | stop=100 | acc=0.7500 | bal_acc=0.7500 | collapse=False
[2026-05-19 12:45:26]     Spatial update | delta_l2=0.13558303 | relative_delta=0.11602459 | changed=True
[2026-05-19 12:45:26] 
Fold 3/5 | subject=40
[2026-05-19 12:45:26]     Train: 32 | Test: 8 | Strategy: new
[2026-05-19 12:45:26]     Result | best_epoch=1 | stop=16 | acc=0.6250 | bal_acc=0.6250 | collapse=False
[2026-05-19 12:45:26]     Spatial update | delta_l2=0.00538488 | relative_delta=0.00460809 | changed=True
[2026-05-19 12:45:27] 
Fold 4/5 | subject=40
[2026-05-19 12:45:27]     Train: 32 | Test: 8 | Strategy: new
[2026-05-19 12:45:28]     Result | best_epoch=100 | stop=100 | acc=0.3750 | bal_acc=0.3750 | collapse=False
[2026-05-19 12:45:28]     Spatial update | delta_l2=0.14213857 | relative_delta=0.12163446 | changed=True
[2026-05-19 12:45:28] 
Fold 5/5 | subject=40
[2026-05-19 12:45:28]     Train: 32 | Test: 8 | Strategy: new
[2026-05-19 12:45:29]     Result | best_epoch=100 | stop=100 | acc=0.5000 | bal_acc=0.5000 | collapse=False
[2026-05-19 12:45:29]     Spatial update | delta_l2=0.14818834 | relative_delta=0.12681153 | changed=True
[2026-05-19 12:45:29]   Subject 40: acc=0.5500±0.1275  bal_acc=0.5500±0.1275
[2026-05-19 12:45:29] 
Subject 41: 40 windows | class_counts=[20, 20]
[2026-05-19 12:45:30] 
Fold 1/5 | subject=41
[2026-05-19 12:45:30]     Train: 32 | Test: 8 | Strategy: new
[2026-05-19 12:45:30]     Result | best_epoch=1 | stop=16 | acc=0.3750 | bal_acc=0.3750 | collapse=False
[2026-05-19 12:45:30]     Spatial update | delta_l2=0.00538491 | relative_delta=0.00460811 | changed=True
[2026-05-19 12:45:31] 
Fold 2/5 | subject=41
[2026-05-19 12:45:31]     Train: 32 | Test: 8 | Strategy: new
[2026-05-19 12:45:31]     Result | best_epoch=1 | stop=16 | acc=0.7500 | bal_acc=0.7500 | collapse=False
[2026-05-19 12:45:31]     Spatial update | delta_l2=0.00538494 | relative_delta=0.00460814 | changed=True
[2026-05-19 12:45:32] 
Fold 3/5 | subject=41
[2026-05-19 12:45:32]     Train: 32 | Test: 8 | Strategy: new
[2026-05-19 12:45:32]     Result | best_epoch=1 | stop=16 | acc=0.3750 | bal_acc=0.3750 | collapse=False
[2026-05-19 12:45:32]     Spatial update | delta_l2=0.0053849 | relative_delta=0.00460811 | changed=True
[2026-05-19 12:45:32] 
Fold 4/5 | subject=41
[2026-05-19 12:45:32]     Train: 32 | Test: 8 | Strategy: new
[2026-05-19 12:45:33]     Result | best_epoch=100 | stop=100 | acc=0.7500 | bal_acc=0.7500 | collapse=False
[2026-05-19 12:45:33]     Spatial update | delta_l2=0.16123467 | relative_delta=0.13797587 | changed=True
[2026-05-19 12:45:34] 
Fold 5/5 | subject=41
[2026-05-19 12:45:34]     Train: 32 | Test: 8 | Strategy: new
[2026-05-19 12:45:35]     Result | best_epoch=100 | stop=100 | acc=0.5000 | bal_acc=0.5000 | collapse=False
[2026-05-19 12:45:35]     Spatial update | delta_l2=0.16465466 | relative_delta=0.14090251 | changed=True
[2026-05-19 12:45:35]   Subject 41: acc=0.5500±0.1696  bal_acc=0.5500±0.1696
[2026-05-19 12:45:35] 
Subject 42: 40 windows | class_counts=[20, 20]
[2026-05-19 12:45:36] 
Fold 1/5 | subject=42
[2026-05-19 12:45:36]     Train: 32 | Test: 8 | Strategy: new
[2026-05-19 12:45:37]     Result | best_epoch=100 | stop=100 | acc=0.5000 | bal_acc=0.5000 | collapse=True
[2026-05-19 12:45:37]     Spatial update | delta_l2=0.16639696 | relative_delta=0.14239348 | changed=True
[2026-05-19 12:45:37] 
Fold 2/5 | subject=42
[2026-05-19 12:45:37]     Train: 32 | Test: 8 | Strategy: new
[2026-05-19 12:45:38]     Result | best_epoch=61 | stop=74 | acc=0.5000 | bal_acc=0.5000 | collapse=False
[2026-05-19 12:45:38]     Spatial update | delta_l2=0.15828242 | relative_delta=0.13544949 | changed=True
[2026-05-19 12:45:39] 
Fold 3/5 | subject=42
[2026-05-19 12:45:39]     Train: 32 | Test: 8 | Strategy: new
[2026-05-19 12:45:40]     Result | best_epoch=100 | stop=100 | acc=0.7500 | bal_acc=0.7500 | collapse=False
[2026-05-19 12:45:40]     Spatial update | delta_l2=0.16072841 | relative_delta=0.13754264 | changed=True
[2026-05-19 12:45:40] 
Fold 4/5 | subject=42
[2026-05-19 12:45:40]     Train: 32 | Test: 8 | Strategy: new
[2026-05-19 12:45:41]     Result | best_epoch=100 | stop=100 | acc=0.8750 | bal_acc=0.8750 | collapse=False
[2026-05-19 12:45:41]     Spatial update | delta_l2=0.16467107 | relative_delta=0.14091655 | changed=True
[2026-05-19 12:45:42] 
Fold 5/5 | subject=42
[2026-05-19 12:45:42]     Train: 32 | Test: 8 | Strategy: new
[2026-05-19 12:45:42]     Result | best_epoch=1 | stop=16 | acc=0.3750 | bal_acc=0.3750 | collapse=False
[2026-05-19 12:45:42]     Spatial update | delta_l2=0.00538483 | relative_delta=0.00460804 | changed=True
[2026-05-19 12:45:42]   Subject 42: acc=0.6000±0.1837  bal_acc=0.6000±0.1837
[2026-05-19 12:45:42] 
Subject 43: 40 windows | class_counts=[20, 20]
[2026-05-19 12:45:43] 
Fold 1/5 | subject=43
[2026-05-19 12:45:43]     Train: 32 | Test: 8 | Strategy: new
[2026-05-19 12:45:43]     Result | best_epoch=14 | stop=27 | acc=0.6250 | bal_acc=0.6250 | collapse=False
[2026-05-19 12:45:43]     Spatial update | delta_l2=0.04268891 | relative_delta=0.03653085 | changed=True
[2026-05-19 12:45:43] 
Fold 2/5 | subject=43
[2026-05-19 12:45:43]     Train: 32 | Test: 8 | Strategy: new
[2026-05-19 12:45:44]     Result | best_epoch=84 | stop=84 | acc=0.2500 | bal_acc=0.2500 | collapse=False
[2026-05-19 12:45:44]     Spatial update | delta_l2=0.15577556 | relative_delta=0.13330426 | changed=True
[2026-05-19 12:45:45] 
Fold 3/5 | subject=43
[2026-05-19 12:45:45]     Train: 32 | Test: 8 | Strategy: new
[2026-05-19 12:45:45]     Result | best_epoch=1 | stop=16 | acc=0.3750 | bal_acc=0.3750 | collapse=False
[2026-05-19 12:45:45]     Spatial update | delta_l2=0.00538452 | relative_delta=0.00460778 | changed=True
[2026-05-19 12:45:46] 
Fold 4/5 | subject=43
[2026-05-19 12:45:46]     Train: 32 | Test: 8 | Strategy: new
[2026-05-19 12:45:47]     Result | best_epoch=100 | stop=100 | acc=0.5000 | bal_acc=0.5000 | collapse=False
[2026-05-19 12:45:47]     Spatial update | delta_l2=0.17506465 | relative_delta=0.14981082 | changed=True
[2026-05-19 12:45:47] 
Fold 5/5 | subject=43
[2026-05-19 12:45:47]     Train: 32 | Test: 8 | Strategy: new
[2026-05-19 12:45:48]     Result | best_epoch=1 | stop=16 | acc=0.7500 | bal_acc=0.7500 | collapse=False
[2026-05-19 12:45:48]     Spatial update | delta_l2=0.00538488 | relative_delta=0.00460809 | changed=True
[2026-05-19 12:45:48]   Subject 43: acc=0.5000±0.1768  bal_acc=0.5000±0.1768
[2026-05-19 12:45:48] 
Subject 44: 40 windows | class_counts=[20, 20]
[2026-05-19 12:45:48] 
Fold 1/5 | subject=44
[2026-05-19 12:45:48]     Train: 32 | Test: 8 | Strategy: new
[2026-05-19 12:45:48]     Result | best_epoch=1 | stop=16 | acc=0.3750 | bal_acc=0.3750 | collapse=False
[2026-05-19 12:45:48]     Spatial update | delta_l2=0.0053847 | relative_delta=0.00460793 | changed=True
[2026-05-19 12:45:49] 
Fold 2/5 | subject=44
[2026-05-19 12:45:49]     Train: 32 | Test: 8 | Strategy: new
[2026-05-19 12:45:50]     Result | best_epoch=100 | stop=100 | acc=0.3750 | bal_acc=0.3750 | collapse=False
[2026-05-19 12:45:50]     Spatial update | delta_l2=0.17289966 | relative_delta=0.14795813 | changed=True
[2026-05-19 12:45:50] 
Fold 3/5 | subject=44
[2026-05-19 12:45:50]     Train: 32 | Test: 8 | Strategy: new
[2026-05-19 12:45:52]     Result | best_epoch=100 | stop=100 | acc=0.5000 | bal_acc=0.5000 | collapse=False
[2026-05-19 12:45:52]     Spatial update | delta_l2=0.17304185 | relative_delta=0.14807981 | changed=True
[2026-05-19 12:45:52] 
Fold 4/5 | subject=44
[2026-05-19 12:45:52]     Train: 32 | Test: 8 | Strategy: new
[2026-05-19 12:45:52]     Result | best_epoch=1 | stop=16 | acc=0.6250 | bal_acc=0.6250 | collapse=False
[2026-05-19 12:45:52]     Spatial update | delta_l2=0.00538486 | relative_delta=0.00460807 | changed=True
[2026-05-19 12:45:53] 
Fold 5/5 | subject=44
[2026-05-19 12:45:53]     Train: 32 | Test: 8 | Strategy: new
[2026-05-19 12:45:53]     Result | best_epoch=1 | stop=16 | acc=0.7500 | bal_acc=0.7500 | collapse=False
[2026-05-19 12:45:53]     Spatial update | delta_l2=0.00538497 | relative_delta=0.00460817 | changed=True
[2026-05-19 12:45:53]   Subject 44: acc=0.5250±0.1458  bal_acc=0.5250±0.1458
[2026-05-19 12:45:53] 
Subject 45: 40 windows | class_counts=[20, 20]
[2026-05-19 12:45:54] 
Fold 1/5 | subject=45
[2026-05-19 12:45:54]     Train: 32 | Test: 8 | Strategy: new
[2026-05-19 12:45:54]     Result | best_epoch=1 | stop=16 | acc=0.3750 | bal_acc=0.3750 | collapse=False
[2026-05-19 12:45:54]     Spatial update | delta_l2=0.00538501 | relative_delta=0.0046082 | changed=True
[2026-05-19 12:45:54] 
Fold 2/5 | subject=45
[2026-05-19 12:45:54]     Train: 32 | Test: 8 | Strategy: new
[2026-05-19 12:45:55]     Result | best_epoch=1 | stop=16 | acc=0.3750 | bal_acc=0.3750 | collapse=False
[2026-05-19 12:45:55]     Spatial update | delta_l2=0.00538457 | relative_delta=0.00460782 | changed=True
[2026-05-19 12:45:55] 
Fold 3/5 | subject=45
[2026-05-19 12:45:55]     Train: 32 | Test: 8 | Strategy: new
[2026-05-19 12:45:55]     Result | best_epoch=1 | stop=16 | acc=0.2500 | bal_acc=0.2500 | collapse=False
[2026-05-19 12:45:55]     Spatial update | delta_l2=0.00538402 | relative_delta=0.00460735 | changed=True
[2026-05-19 12:45:56] 
Fold 4/5 | subject=45
[2026-05-19 12:45:56]     Train: 32 | Test: 8 | Strategy: new
[2026-05-19 12:45:56]     Result | best_epoch=1 | stop=16 | acc=0.2500 | bal_acc=0.2500 | collapse=False
[2026-05-19 12:45:56]     Spatial update | delta_l2=0.00538498 | relative_delta=0.00460818 | changed=True
[2026-05-19 12:45:57] 
Fold 5/5 | subject=45
[2026-05-19 12:45:57]     Train: 32 | Test: 8 | Strategy: new
[2026-05-19 12:45:57]     Result | best_epoch=1 | stop=16 | acc=0.7500 | bal_acc=0.7500 | collapse=False
[2026-05-19 12:45:57]     Spatial update | delta_l2=0.00538493 | relative_delta=0.00460813 | changed=True
[2026-05-19 12:45:57]   Subject 45: acc=0.4000±0.1837  bal_acc=0.4000±0.1837
[2026-05-19 12:45:57] 
Subject 46: 40 windows | class_counts=[20, 20]
[2026-05-19 12:45:58] 
Fold 1/5 | subject=46
[2026-05-19 12:45:58]     Train: 32 | Test: 8 | Strategy: new
[2026-05-19 12:45:59]     Result | best_epoch=100 | stop=100 | acc=0.5000 | bal_acc=0.5000 | collapse=False
[2026-05-19 12:45:59]     Spatial update | delta_l2=0.17888137 | relative_delta=0.15307695 | changed=True
[2026-05-19 12:45:59] 
Fold 2/5 | subject=46
[2026-05-19 12:45:59]     Train: 32 | Test: 8 | Strategy: new
[2026-05-19 12:46:00]     Result | best_epoch=20 | stop=29 | acc=0.5000 | bal_acc=0.5000 | collapse=False
[2026-05-19 12:46:00]     Spatial update | delta_l2=0.05114687 | relative_delta=0.04376871 | changed=True
[2026-05-19 12:46:00] 
Fold 3/5 | subject=46
[2026-05-19 12:46:00]     Train: 32 | Test: 8 | Strategy: new
[2026-05-19 12:46:01]     Result | best_epoch=27 | stop=38 | acc=0.5000 | bal_acc=0.5000 | collapse=True
[2026-05-19 12:46:01]     Spatial update | delta_l2=0.07521646 | relative_delta=0.06436616 | changed=True
[2026-05-19 12:46:01] 
Fold 4/5 | subject=46
[2026-05-19 12:46:01]     Train: 32 | Test: 8 | Strategy: new
[2026-05-19 12:46:02]     Result | best_epoch=1 | stop=16 | acc=0.5000 | bal_acc=0.5000 | collapse=False
[2026-05-19 12:46:02]     Spatial update | delta_l2=0.00538495 | relative_delta=0.00460815 | changed=True
[2026-05-19 12:46:02] 
Fold 5/5 | subject=46
[2026-05-19 12:46:02]     Train: 32 | Test: 8 | Strategy: new
[2026-05-19 12:46:02]     Result | best_epoch=1 | stop=16 | acc=0.2500 | bal_acc=0.2500 | collapse=False
[2026-05-19 12:46:02]     Spatial update | delta_l2=0.00538488 | relative_delta=0.00460809 | changed=True
[2026-05-19 12:46:02]   Subject 46: acc=0.4500±0.1000  bal_acc=0.4500±0.1000
[2026-05-19 12:46:02] 
Subject 47: 40 windows | class_counts=[20, 20]
[2026-05-19 12:46:03] 
Fold 1/5 | subject=47
[2026-05-19 12:46:03]     Train: 32 | Test: 8 | Strategy: new
[2026-05-19 12:46:04]     Result | best_epoch=100 | stop=100 | acc=0.2500 | bal_acc=0.2500 | collapse=False
[2026-05-19 12:46:04]     Spatial update | delta_l2=0.18126422 | relative_delta=0.15511607 | changed=True
[2026-05-19 12:46:04] 
Fold 2/5 | subject=47
[2026-05-19 12:46:04]     Train: 32 | Test: 8 | Strategy: new
[2026-05-19 12:46:05]     Result | best_epoch=1 | stop=16 | acc=0.6250 | bal_acc=0.6250 | collapse=False
[2026-05-19 12:46:05]     Spatial update | delta_l2=0.00538475 | relative_delta=0.00460798 | changed=True
[2026-05-19 12:46:06] 
Fold 3/5 | subject=47
[2026-05-19 12:46:06]     Train: 32 | Test: 8 | Strategy: new
[2026-05-19 12:46:06]     Result | best_epoch=1 | stop=16 | acc=0.3750 | bal_acc=0.3750 | collapse=False
[2026-05-19 12:46:06]     Spatial update | delta_l2=0.0053849 | relative_delta=0.0046081 | changed=True
[2026-05-19 12:46:06] 
Fold 4/5 | subject=47
[2026-05-19 12:46:06]     Train: 32 | Test: 8 | Strategy: new
[2026-05-19 12:46:07]     Result | best_epoch=1 | stop=16 | acc=0.3750 | bal_acc=0.3750 | collapse=False
[2026-05-19 12:46:07]     Spatial update | delta_l2=0.00538501 | relative_delta=0.0046082 | changed=True
[2026-05-19 12:46:07] 
Fold 5/5 | subject=47
[2026-05-19 12:46:07]     Train: 32 | Test: 8 | Strategy: new
[2026-05-19 12:46:07]     Result | best_epoch=1 | stop=16 | acc=0.6250 | bal_acc=0.6250 | collapse=False
[2026-05-19 12:46:07]     Spatial update | delta_l2=0.005385 | relative_delta=0.00460819 | changed=True
[2026-05-19 12:46:07]   Subject 47: acc=0.4500±0.1500  bal_acc=0.4500±0.1500
[2026-05-19 12:46:07] 
Subject 48: 40 windows | class_counts=[20, 20]
[2026-05-19 12:46:08] 
Fold 1/5 | subject=48
[2026-05-19 12:46:08]     Train: 32 | Test: 8 | Strategy: new
[2026-05-19 12:46:09]     Result | best_epoch=100 | stop=100 | acc=0.6250 | bal_acc=0.6250 | collapse=False
[2026-05-19 12:46:09]     Spatial update | delta_l2=0.17408982 | relative_delta=0.14897661 | changed=True
[2026-05-19 12:46:09] 
Fold 2/5 | subject=48
[2026-05-19 12:46:09]     Train: 32 | Test: 8 | Strategy: new
[2026-05-19 12:46:10]     Result | best_epoch=1 | stop=16 | acc=0.7500 | bal_acc=0.7500 | collapse=False
[2026-05-19 12:46:10]     Spatial update | delta_l2=0.00538445 | relative_delta=0.00460772 | changed=True
[2026-05-19 12:46:10] 
Fold 3/5 | subject=48
[2026-05-19 12:46:10]     Train: 32 | Test: 8 | Strategy: new
[2026-05-19 12:46:11]     Result | best_epoch=100 | stop=100 | acc=0.3750 | bal_acc=0.3750 | collapse=False
[2026-05-19 12:46:11]     Spatial update | delta_l2=0.1796155 | relative_delta=0.15370518 | changed=True
[2026-05-19 12:46:12] 
Fold 4/5 | subject=48
[2026-05-19 12:46:12]     Train: 32 | Test: 8 | Strategy: new
[2026-05-19 12:46:12]     Result | best_epoch=1 | stop=16 | acc=0.3750 | bal_acc=0.3750 | collapse=False
[2026-05-19 12:46:12]     Spatial update | delta_l2=0.00538496 | relative_delta=0.00460815 | changed=True
[2026-05-19 12:46:13] 
Fold 5/5 | subject=48
[2026-05-19 12:46:13]     Train: 32 | Test: 8 | Strategy: new
[2026-05-19 12:46:14]     Result | best_epoch=70 | stop=83 | acc=0.7500 | bal_acc=0.7500 | collapse=False
[2026-05-19 12:46:14]     Spatial update | delta_l2=0.15938373 | relative_delta=0.13639193 | changed=True
[2026-05-19 12:46:14]   Subject 48: acc=0.5750±0.1696  bal_acc=0.5750±0.1696
[2026-05-19 12:46:14] 
Subject 49: 40 windows | class_counts=[20, 20]
[2026-05-19 12:46:14] 
Fold 1/5 | subject=49
[2026-05-19 12:46:14]     Train: 32 | Test: 8 | Strategy: new
[2026-05-19 12:46:14]     Result | best_epoch=1 | stop=16 | acc=0.3750 | bal_acc=0.3750 | collapse=False
[2026-05-19 12:46:14]     Spatial update | delta_l2=0.00538478 | relative_delta=0.004608 | changed=True
[2026-05-19 12:46:15] 
Fold 2/5 | subject=49
[2026-05-19 12:46:15]     Train: 32 | Test: 8 | Strategy: new
[2026-05-19 12:46:15]     Result | best_epoch=16 | stop=16 | acc=0.5000 | bal_acc=0.5000 | collapse=False
[2026-05-19 12:46:15]     Spatial update | delta_l2=0.00538503 | relative_delta=0.00460821 | changed=True
[2026-05-19 12:46:16] 
Fold 3/5 | subject=49
[2026-05-19 12:46:16]     Train: 32 | Test: 8 | Strategy: new
[2026-05-19 12:46:16]     Result | best_epoch=1 | stop=16 | acc=0.3750 | bal_acc=0.3750 | collapse=False
[2026-05-19 12:46:16]     Spatial update | delta_l2=0.00538499 | relative_delta=0.00460818 | changed=True
[2026-05-19 12:46:17] 
Fold 4/5 | subject=49
[2026-05-19 12:46:17]     Train: 32 | Test: 8 | Strategy: new
[2026-05-19 12:46:17]     Result | best_epoch=1 | stop=16 | acc=0.6250 | bal_acc=0.6250 | collapse=False
[2026-05-19 12:46:17]     Spatial update | delta_l2=0.00538502 | relative_delta=0.00460821 | changed=True
[2026-05-19 12:46:17] 
Fold 5/5 | subject=49
[2026-05-19 12:46:17]     Train: 32 | Test: 8 | Strategy: new
[2026-05-19 12:46:18]     Result | best_epoch=1 | stop=16 | acc=0.5000 | bal_acc=0.5000 | collapse=False
[2026-05-19 12:46:18]     Spatial update | delta_l2=0.00538496 | relative_delta=0.00460815 | changed=True
[2026-05-19 12:46:18]   Subject 49: acc=0.4750±0.0935  bal_acc=0.4750±0.0935
[2026-05-19 12:46:18] 
Subject 50: 40 windows | class_counts=[20, 20]
[2026-05-19 12:46:18] 
Fold 1/5 | subject=50
[2026-05-19 12:46:18]     Train: 32 | Test: 8 | Strategy: new
[2026-05-19 12:46:18]     Result | best_epoch=1 | stop=16 | acc=0.5000 | bal_acc=0.5000 | collapse=False
[2026-05-19 12:46:18]     Spatial update | delta_l2=0.00538481 | relative_delta=0.00460803 | changed=True
[2026-05-19 12:46:19] 
Fold 2/5 | subject=50
[2026-05-19 12:46:19]     Train: 32 | Test: 8 | Strategy: new
[2026-05-19 12:46:20]     Result | best_epoch=100 | stop=100 | acc=0.3750 | bal_acc=0.3750 | collapse=False
[2026-05-19 12:46:20]     Spatial update | delta_l2=0.16262421 | relative_delta=0.13916496 | changed=True
[2026-05-19 12:46:20] 
Fold 3/5 | subject=50
[2026-05-19 12:46:20]     Train: 32 | Test: 8 | Strategy: new
[2026-05-19 12:46:21]     Result | best_epoch=1 | stop=16 | acc=0.3750 | bal_acc=0.3750 | collapse=False
[2026-05-19 12:46:21]     Spatial update | delta_l2=0.00538492 | relative_delta=0.00460812 | changed=True
[2026-05-19 12:46:21] 
Fold 4/5 | subject=50
[2026-05-19 12:46:21]     Train: 32 | Test: 8 | Strategy: new
[2026-05-19 12:46:21]     Result | best_epoch=1 | stop=16 | acc=0.3750 | bal_acc=0.3750 | collapse=False
[2026-05-19 12:46:21]     Spatial update | delta_l2=0.005385 | relative_delta=0.00460819 | changed=True
[2026-05-19 12:46:22] 
Fold 5/5 | subject=50
[2026-05-19 12:46:22]     Train: 32 | Test: 8 | Strategy: new
[2026-05-19 12:46:22]     Result | best_epoch=1 | stop=16 | acc=0.2500 | bal_acc=0.2500 | collapse=False
[2026-05-19 12:46:22]     Spatial update | delta_l2=0.00538502 | relative_delta=0.00460821 | changed=True
[2026-05-19 12:46:22]   Subject 50: acc=0.3750±0.0791  bal_acc=0.3750±0.0791
[2026-05-19 12:46:22] 
======================================================================
[2026-05-19 12:46:22] AGGREGATED RESULTS
[2026-05-19 12:46:22] ======================================================================
[2026-05-19 12:46:22]   1: acc=0.3750±0.0791  bal_acc=0.3750±0.0791
[2026-05-19 12:46:22]   2: acc=0.6250±0.0000  bal_acc=0.6250±0.0000
[2026-05-19 12:46:22]   3: acc=0.5000±0.1369  bal_acc=0.5000±0.1369
[2026-05-19 12:46:22]   4: acc=0.6750±0.1871  bal_acc=0.6750±0.1871
[2026-05-19 12:46:22]   5: acc=0.5000±0.1581  bal_acc=0.5000±0.1581
[2026-05-19 12:46:22]   6: acc=0.5000±0.0791  bal_acc=0.5000±0.0791
[2026-05-19 12:46:22]   7: acc=0.4250±0.1275  bal_acc=0.4250±0.1275
[2026-05-19 12:46:22]   8: acc=0.7250±0.0935  bal_acc=0.7250±0.0935
[2026-05-19 12:46:22]   9: acc=0.6000±0.1225  bal_acc=0.6000±0.1225
[2026-05-19 12:46:22]   10: acc=0.4500±0.0612  bal_acc=0.4500±0.0612
[2026-05-19 12:46:22]   11: acc=0.5000±0.2236  bal_acc=0.5000±0.2236
[2026-05-19 12:46:22]   12: acc=0.5500±0.2318  bal_acc=0.5500±0.2318
[2026-05-19 12:46:22]   13: acc=0.6500±0.1658  bal_acc=0.6500±0.1658
[2026-05-19 12:46:22]   14: acc=0.4250±0.1275  bal_acc=0.4250±0.1275
[2026-05-19 12:46:22]   15: acc=0.4250±0.2318  bal_acc=0.4250±0.2318
[2026-05-19 12:46:22]   16: acc=0.5750±0.1275  bal_acc=0.5750±0.1275
[2026-05-19 12:46:22]   17: acc=0.5250±0.1458  bal_acc=0.5250±0.1458
[2026-05-19 12:46:22]   18: acc=0.7500±0.1369  bal_acc=0.7500±0.1369
[2026-05-19 12:46:22]   19: acc=0.4500±0.2031  bal_acc=0.4500±0.2031
[2026-05-19 12:46:22]   20: acc=0.7250±0.0935  bal_acc=0.7250±0.0935
[2026-05-19 12:46:22]   21: acc=0.4000±0.0935  bal_acc=0.4000±0.0935
[2026-05-19 12:46:22]   22: acc=0.4500±0.1000  bal_acc=0.4500±0.1000
[2026-05-19 12:46:22]   23: acc=0.5000±0.1369  bal_acc=0.5000±0.1369
[2026-05-19 12:46:22]   24: acc=0.5500±0.1871  bal_acc=0.5500±0.1871
[2026-05-19 12:46:22]   25: acc=0.6000±0.1458  bal_acc=0.6000±0.1458
[2026-05-19 12:46:22]   26: acc=0.4750±0.0500  bal_acc=0.4750±0.0500
[2026-05-19 12:46:22]   27: acc=0.5250±0.1837  bal_acc=0.5250±0.1837
[2026-05-19 12:46:22]   28: acc=0.5250±0.0935  bal_acc=0.5250±0.0935
[2026-05-19 12:46:22]   29: acc=0.4500±0.1871  bal_acc=0.4500±0.1871
[2026-05-19 12:46:22]   30: acc=0.6500±0.0500  bal_acc=0.6500±0.0500
[2026-05-19 12:46:22]   31: acc=0.4500±0.0612  bal_acc=0.4500±0.0612
[2026-05-19 12:46:22]   32: acc=0.5750±0.1696  bal_acc=0.5750±0.1696
[2026-05-19 12:46:22]   33: acc=0.6000±0.2000  bal_acc=0.6000±0.2000
[2026-05-19 12:46:22]   34: acc=0.8000±0.1000  bal_acc=0.8000±0.1000
[2026-05-19 12:46:22]   35: acc=0.5750±0.1500  bal_acc=0.5750±0.1500
[2026-05-19 12:46:22]   36: acc=0.3000±0.1000  bal_acc=0.3000±0.1000
[2026-05-19 12:46:22]   37: acc=0.5000±0.1768  bal_acc=0.5000±0.1768
[2026-05-19 12:46:22]   38: acc=0.5750±0.1000  bal_acc=0.5750±0.1000
[2026-05-19 12:46:22]   39: acc=0.4250±0.2318  bal_acc=0.4250±0.2318
[2026-05-19 12:46:22]   40: acc=0.5500±0.1275  bal_acc=0.5500±0.1275
[2026-05-19 12:46:22]   41: acc=0.5500±0.1696  bal_acc=0.5500±0.1696
[2026-05-19 12:46:22]   42: acc=0.6000±0.1837  bal_acc=0.6000±0.1837
[2026-05-19 12:46:22]   43: acc=0.5000±0.1768  bal_acc=0.5000±0.1768
[2026-05-19 12:46:22]   44: acc=0.5250±0.1458  bal_acc=0.5250±0.1458
[2026-05-19 12:46:22]   45: acc=0.4000±0.1837  bal_acc=0.4000±0.1837
[2026-05-19 12:46:22]   46: acc=0.4500±0.1000  bal_acc=0.4500±0.1000
[2026-05-19 12:46:22]   47: acc=0.4500±0.1500  bal_acc=0.4500±0.1500
[2026-05-19 12:46:22]   48: acc=0.5750±0.1696  bal_acc=0.5750±0.1696
[2026-05-19 12:46:22]   49: acc=0.4750±0.0935  bal_acc=0.4750±0.0935
[2026-05-19 12:46:22]   50: acc=0.3750±0.0791  bal_acc=0.3750±0.0791
[2026-05-19 12:46:22] ----------------------------------------------------------------------
[2026-05-19 12:46:22]   OVERALL: acc=0.5265±0.1785  bal_acc=0.5265±0.1785
[2026-05-19 12:46:22] CV results saved to: /Users/vadim/Documents/School/Spring 2026/CSCE A698 Individual Research/EEG_JEPA/artifacts/liu2024-source-mat-sjepa-prelocal/Liu2024_SourceMAT/20260519_1241_0bffb049/cv_results.json
