Notebook:       /home/vegorov/Repos/eeg_jepa_research/src/liu2024/liu2024_source_mat_sjepa_prelocal_anticollapse.ipynb
Configurations: /home/vegorov/Repos/eeg_jepa_research/src/utils/experiments/configs/liu2024_twfb_short153_timing_sweep.json
Total configs:  8

[1/8] Running config override:
{
  "experiment_name": "twfb_short153_start1p0_fir_none_bs8_lr0p0004",
  "config_note": "TWFB-style short timing sweep using 153-sample window at 128 Hz (~1.2s). Fixed FIR, no demeaning, batch size 8, lr 0.0004.",
  "sweep_group": "twfb_short153_timing_sweep",
  "target_window_samples": 153,
  "target_window_s": 1.2,
  "mi_window_start_s": 1.0,
  "filter_method": "fir",
  "filter_iir_params": null,
  "demean_mode": "none",
  "batch_size": 8,
  "learning_rate": 0.0004,
  "gradient_clip_norm": 0
}
  status:       completed
  elapsed_sec:  644.356
  run_id:       20260531_1449_a04eb88a
  artifact_dir: /home/vegorov/Repos/eeg_jepa_research/artifacts/liu2024-source-mat-sjepa-prelocal/20260531_1449_a04eb88a

[2/8] Running config override:
{
  "experiment_name": "twfb_short153_start1p5_fir_none_bs8_lr0p0004",
  "config_note": "TWFB-style short timing sweep using 153-sample window at 128 Hz (~1.2s). Fixed FIR, no demeaning, batch size 8, lr 0.0004.",
  "sweep_group": "twfb_short153_timing_sweep",
  "target_window_samples": 153,
  "target_window_s": 1.2,
  "mi_window_start_s": 1.5,
  "filter_method": "fir",
  "filter_iir_params": null,
  "demean_mode": "none",
  "batch_size": 8,
  "learning_rate": 0.0004,
  "gradient_clip_norm": 0
}
  status:       completed
  elapsed_sec:  673.243
  run_id:       20260531_1459_b62511d2
  artifact_dir: /home/vegorov/Repos/eeg_jepa_research/artifacts/liu2024-source-mat-sjepa-prelocal/20260531_1459_b62511d2

[3/8] Running config override:
{
  "experiment_name": "twfb_short153_start2p0_fir_none_bs8_lr0p0004",
  "config_note": "TWFB-style short timing sweep using 153-sample window at 128 Hz (~1.2s). Fixed FIR, no demeaning, batch size 8, lr 0.0004.",
  "sweep_group": "twfb_short153_timing_sweep",
  "target_window_samples": 153,
  "target_window_s": 1.2,
  "mi_window_start_s": 2.0,
  "filter_method": "fir",
  "filter_iir_params": null,
  "demean_mode": "none",
  "batch_size": 8,
  "learning_rate": 0.0004,
  "gradient_clip_norm": 0
}
  status:       completed
  elapsed_sec:  843.744
  run_id:       20260531_1511_9405f976
  artifact_dir: /home/vegorov/Repos/eeg_jepa_research/artifacts/liu2024-source-mat-sjepa-prelocal/20260531_1511_9405f976

[4/8] Running config override:
{
  "experiment_name": "twfb_short153_start2p5_fir_none_bs8_lr0p0004",
  "config_note": "TWFB-style short timing sweep using 153-sample window at 128 Hz (~1.2s). Fixed FIR, no demeaning, batch size 8, lr 0.0004.",
  "sweep_group": "twfb_short153_timing_sweep",
  "target_window_samples": 153,
  "target_window_s": 1.2,
  "mi_window_start_s": 2.5,
  "filter_method": "fir",
  "filter_iir_params": null,
  "demean_mode": "none",
  "batch_size": 8,
  "learning_rate": 0.0004,
  "gradient_clip_norm": 0
}
  status:       completed
  elapsed_sec:  819.327
  run_id:       20260531_1525_ada6c888
  artifact_dir: /home/vegorov/Repos/eeg_jepa_research/artifacts/liu2024-source-mat-sjepa-prelocal/20260531_1525_ada6c888

[5/8] Running config override:
{
  "experiment_name": "twfb_short153_start3p0_fir_none_bs8_lr0p0004",
  "config_note": "TWFB-style short timing sweep using 153-sample window at 128 Hz (~1.2s). Fixed FIR, no demeaning, batch size 8, lr 0.0004.",
  "sweep_group": "twfb_short153_timing_sweep",
  "target_window_samples": 153,
  "target_window_s": 1.2,
  "mi_window_start_s": 3.0,
  "filter_method": "fir",
  "filter_iir_params": null,
  "demean_mode": "none",
  "batch_size": 8,
  "learning_rate": 0.0004,
  "gradient_clip_norm": 0
}
  status:       completed
  elapsed_sec:  675.471
  run_id:       20260531_1538_40e14117
  artifact_dir: /home/vegorov/Repos/eeg_jepa_research/artifacts/liu2024-source-mat-sjepa-prelocal/20260531_1538_40e14117

[6/8] Running config override:
{
  "experiment_name": "twfb_short153_start3p5_fir_none_bs8_lr0p0004",
  "config_note": "TWFB-style short timing sweep using 153-sample window at 128 Hz (~1.2s). Fixed FIR, no demeaning, batch size 8, lr 0.0004.",
  "sweep_group": "twfb_short153_timing_sweep",
  "target_window_samples": 153,
  "target_window_s": 1.2,
  "mi_window_start_s": 3.5,
  "filter_method": "fir",
  "filter_iir_params": null,
  "demean_mode": "none",
  "batch_size": 8,
  "learning_rate": 0.0004,
  "gradient_clip_norm": 0
}
  status:       completed
  elapsed_sec:  753.993
  run_id:       20260531_1550_655d0f4f
  artifact_dir: /home/vegorov/Repos/eeg_jepa_research/artifacts/liu2024-source-mat-sjepa-prelocal/20260531_1550_655d0f4f

[7/8] Running config override:
{
  "experiment_name": "twfb_short153_start4p0_fir_none_bs8_lr0p0004",
  "config_note": "TWFB-style short timing sweep using 153-sample window at 128 Hz (~1.2s). Fixed FIR, no demeaning, batch size 8, lr 0.0004.",
  "sweep_group": "twfb_short153_timing_sweep",
  "target_window_samples": 153,
  "target_window_s": 1.2,
  "mi_window_start_s": 4.0,
  "filter_method": "fir",
  "filter_iir_params": null,
  "demean_mode": "none",
  "batch_size": 8,
  "learning_rate": 0.0004,
  "gradient_clip_norm": 0
}
  status:       completed
  elapsed_sec:  638.297
  run_id:       20260531_1602_8af2ab67
  artifact_dir: /home/vegorov/Repos/eeg_jepa_research/artifacts/liu2024-source-mat-sjepa-prelocal/20260531_1602_8af2ab67

[8/8] Running config override:
{
  "experiment_name": "twfb_short153_start4p5_fir_none_bs8_lr0p0004",
  "config_note": "TWFB-style short timing sweep using 153-sample window at 128 Hz (~1.2s). Fixed FIR, no demeaning, batch size 8, lr 0.0004.",
  "sweep_group": "twfb_short153_timing_sweep",
  "target_window_samples": 153,
  "target_window_s": 1.2,
  "mi_window_start_s": 4.5,
  "filter_method": "fir",
  "filter_iir_params": null,
  "demean_mode": "none",
  "batch_size": 8,
  "learning_rate": 0.0004,
  "gradient_clip_norm": 0
}
  status:       completed
  elapsed_sec:  628.07
  run_id:       20260531_1613_59682d08
  artifact_dir: /home/vegorov/Repos/eeg_jepa_research/artifacts/liu2024-source-mat-sjepa-prelocal/20260531_1613_59682d08

Finished.
Results dir:    experiment_results/20260531_1449_liu2024_twfb_short153_timing_sweep_ef29a61d
Summary JSON:   experiment_results/20260531_1449_liu2024_twfb_short153_timing_sweep_ef29a61d/results.json
Artifact list:  experiment_results/20260531_1449_liu2024_twfb_short153_timing_sweep_ef29a61d/artifact_ids.json
