[2026-07-12 07:58:34] Run ID:     20260712_075834_433324_d9ec5222
[2026-07-12 07:58:34] Artifacts:  /Users/vadim/Documents/School/Spring 2026/CSCE A698 Individual Research/EEG_JEPA/artifacts/liu2024-multiscale-riemann-fusion/20260712_075834_433324_d9ec5222
[2026-07-12 07:58:34] Config:     /Users/vadim/Documents/School/Spring 2026/CSCE A698 Individual Research/EEG_JEPA/artifacts/liu2024-multiscale-riemann-fusion/20260712_075834_433324_d9ec5222/config.json
[2026-07-12 07:58:36] Seed initialized: 2026
[2026-07-12 07:58:36] ========================================================================
[2026-07-12 07:58:36] {
  "artifact_dir": "/Users/vadim/Documents/School/Spring 2026/CSCE A698 Individual Research/EEG_JEPA/artifacts/liu2024-multiscale-riemann-fusion",
  "asymmetry_pairs": [
    [
      "C3",
      "C4"
    ],
    [
      "FC3",
      "FC4"
    ],
    [
      "CP3",
      "CP4"
    ],
    [
      "P3",
      "P4"
    ]
  ],
  "average_reference": true,
  "bands_hz": [
    [
      8,
      12
    ],
    [
      13,
      20
    ],
    [
      20,
      30
    ],
    [
      8,
      30
    ]
  ],
  "bootstrap_iterations": 10000,
  "bootstrap_seed": 202607,
  "channel_indices": [
    0,
    1,
    2,
    3,
    4,
    5,
    6,
    7,
    8,
    9,
    10,
    11,
    12,
    13,
    14,
    15,
    16,
    18,
    19,
    20,
    21,
    22,
    23,
    24,
    25,
    26,
    27,
    28,
    29
  ],
  "channel_names": [
    "Fp1",
    "Fp2",
    "Fz",
    "F3",
    "F4",
    "F7",
    "F8",
    "FCz",
    "FC3",
    "FC4",
    "FT7",
    "FT8",
    "Cz",
    "C3",
    "C4",
    "T3",
    "T4",
    "CP3",
    "CP4",
    "TP7",
    "TP8",
    "Pz",
    "P3",
    "P4",
    "T5",
    "T6",
    "Oz",
    "O1",
    "O2"
  ],
  "collapse_threshold": 0.95,
  "config_note": "Locked all-50 classical stratified five-fold within-subject evaluation.",
  "covariance_cache_dir": "/Users/vadim/Documents/School/Spring 2026/CSCE A698 Individual Research/EEG_JEPA/artifacts/covariance_cache/multiscale_riemann_fusion",
  "covariance_estimator": "oas",
  "device": "auto",
  "enable_learned_stack": true,
  "enable_sjepa": false,
  "experiment_name": "multiscale_riemann_fusion_full50_classical_5fold",
  "filter_order": 4,
  "fixed_single_view": {
    "band_hz": [
      8,
      30
    ],
    "scale": "4s",
    "start_s": 0.0
  },
  "inner_folds": 4,
  "lv14_subject_ids": [
    1,
    3,
    7,
    9,
    10,
    11,
    14,
    15,
    17,
    29,
    31,
    32,
    37,
    41
  ],
  "marker_channel_index": 32,
  "mi_window_s": [
    0.0,
    4.0
  ],
  "onset_fallback_sample": 1003,
  "onset_marker_value": 2,
  "onset_plausible_range": [
    800,
    1300
  ],
  "outer_folds": 5,
  "outer_protocol": "stratified_5fold",
  "seed": 2026,
  "selection_stability_lambda": 0.25,
  "sensitivity_repeats": 10,
  "sensitivity_test_size": 0.4,
  "set_seed": true,
  "sfreq": 500,
  "sjepa_bandpass_hz": [
    0.5,
    40.0
  ],
  "sjepa_batch_size": 32,
  "sjepa_cache_dir": "/Users/vadim/Documents/School/Spring 2026/CSCE A698 Individual Research/EEG_JEPA/artifacts/sjepa_embedding_cache/multiscale_riemann_fusion",
  "sjepa_cache_policy": "refuse",
  "sjepa_checkpoint_path": null,
  "sjepa_hook": "feature_encoder",
  "sjepa_model_id": "braindecode/signal-jepa_without-chans",
  "sjepa_model_revision": null,
  "sjepa_pooling": "mean",
  "sjepa_sfreq": 128,
  "sjepa_window_s": [
    0.0,
    4.0
  ],
  "source_extract_dir": "/Users/vadim/Documents/School/Spring 2026/CSCE A698 Individual Research/EEG_JEPA/liu2024_data/liu2024_figshare/sourcedata",
  "split_random_state": 2026,
  "stack_C": 0.05,
  "stack_l1_ratio": 0.5,
  "subjects_to_use": null,
  "tangent_metric": "riemann",
  "temporal_scales": {
    "1s": {
      "length_s": 1.0,
      "starts_s": [
        0.0,
        1.0,
        2.0,
        3.0
      ]
    },
    "2s": {
      "length_s": 2.0,
      "starts_s": [
        0.0,
        1.0,
        2.0
      ]
    },
    "4s": {
      "length_s": 4.0,
      "starts_s": [
        0.0
      ]
    }
  },
  "top_k_views": 5,
  "trace_normalize": true
}
[2026-07-12 07:58:36] ========================================================================
[2026-07-12 07:59:13] sub-01: completed 5 outer splits
[2026-07-12 07:59:48] sub-02: completed 5 outer splits
[2026-07-12 08:00:25] sub-03: completed 5 outer splits
[2026-07-12 08:01:00] sub-04: completed 5 outer splits
[2026-07-12 08:01:35] sub-05: completed 5 outer splits
[2026-07-12 08:02:12] sub-06: completed 5 outer splits
[2026-07-12 08:02:49] sub-07: completed 5 outer splits
[2026-07-12 08:03:24] sub-08: completed 5 outer splits
[2026-07-12 08:03:59] sub-09: completed 5 outer splits
[2026-07-12 08:04:34] sub-10: completed 5 outer splits
[2026-07-12 08:05:09] sub-11: completed 5 outer splits
[2026-07-12 08:05:46] sub-12: completed 5 outer splits
[2026-07-12 08:06:21] sub-13: completed 5 outer splits
[2026-07-12 08:06:57] sub-14: completed 5 outer splits
[2026-07-12 08:07:32] sub-15: completed 5 outer splits
[2026-07-12 08:08:07] sub-16: completed 5 outer splits
[2026-07-12 08:08:42] sub-17: completed 5 outer splits
[2026-07-12 08:09:17] sub-18: completed 5 outer splits
[2026-07-12 08:09:52] sub-19: completed 5 outer splits
[2026-07-12 08:10:28] sub-20: completed 5 outer splits
[2026-07-12 08:11:03] sub-21: completed 5 outer splits
[2026-07-12 08:11:38] sub-22: completed 5 outer splits
[2026-07-12 08:12:12] sub-23: completed 5 outer splits
[2026-07-12 08:12:49] sub-24: completed 5 outer splits
[2026-07-12 08:13:24] sub-25: completed 5 outer splits
[2026-07-12 08:13:59] sub-26: completed 5 outer splits
[2026-07-12 08:14:34] sub-27: completed 5 outer splits
[2026-07-12 08:15:09] sub-28: completed 5 outer splits
[2026-07-12 08:15:43] sub-29: completed 5 outer splits
[2026-07-12 08:16:18] sub-30: completed 5 outer splits
[2026-07-12 08:16:53] sub-31: completed 5 outer splits
[2026-07-12 08:17:27] sub-32: completed 5 outer splits
[2026-07-12 08:18:03] sub-33: completed 5 outer splits
[2026-07-12 08:18:39] sub-34: completed 5 outer splits
[2026-07-12 08:19:14] sub-35: completed 5 outer splits
[2026-07-12 08:19:48] sub-36: completed 5 outer splits
[2026-07-12 08:20:22] sub-37: completed 5 outer splits
[2026-07-12 08:20:55] sub-38: completed 5 outer splits
[2026-07-12 08:21:29] sub-39: completed 5 outer splits
[2026-07-12 08:22:03] sub-40: completed 5 outer splits
[2026-07-12 08:22:37] sub-41: completed 5 outer splits
[2026-07-12 08:23:10] sub-42: completed 5 outer splits
[2026-07-12 08:23:45] sub-43: completed 5 outer splits
[2026-07-12 08:24:19] sub-44: completed 5 outer splits
[2026-07-12 08:24:54] sub-45: completed 5 outer splits
[2026-07-12 08:25:28] sub-46: completed 5 outer splits
[2026-07-12 08:26:02] sub-47: completed 5 outer splits
[2026-07-12 08:26:36] sub-48: completed 5 outer splits
[2026-07-12 08:27:09] sub-49: completed 5 outer splits
[2026-07-12 08:27:42] sub-50: completed 5 outer splits
[2026-07-12 08:27:43] Primary metric: subject-level pooled outer-OOF BA, then mean across subjects
[2026-07-12 08:27:43] asymmetry: 51.95%
[2026-07-12 08:27:43] asymmetry_scale_1s: 51.75%
[2026-07-12 08:27:43] asymmetry_scale_2s: 52.45%
[2026-07-12 08:27:43] asymmetry_scale_4s: 51.45%
[2026-07-12 08:27:43] fixed_single_view: 52.50%
[2026-07-12 08:27:43] hierarchical_elastic_net_stack: 53.85%
[2026-07-12 08:27:43] nested_best_single_view: 51.55%
[2026-07-12 08:27:43] riemann_asymmetry_fusion: 52.05%
[2026-07-12 08:27:43] riemann_equal_multiscale: 53.15%
[2026-07-12 08:27:43] riemann_scale_1s: 52.50%
[2026-07-12 08:27:43] riemann_scale_2s: 52.95%
[2026-07-12 08:27:43] riemann_scale_4s: 52.55%
[2026-07-12 08:27:43] riemann_stable_topk: 54.40%
[2026-07-12 08:27:43] Planned subject-level comparisons: {
  "fusion_vs_riemann": {
    "method_a": "riemann_asymmetry_fusion",
    "method_b": "riemann_stable_topk",
    "n_subjects": 50,
    "mean_paired_delta": -0.023500000000000014,
    "bootstrap_95_ci": [
      -0.06350000000000001,
      0.01699999999999999
    ],
    "wilcoxon_statistic": 441.5,
    "wilcoxon_pvalue": 0.19469215896679382,
    "inference_unit": "subject"
  },
  "fusion_vs_sjepa": null
}
[2026-07-12 08:27:43] Fold failures: 0 (never replaced by constant or fallback models)
[2026-07-12 08:27:46] CV results saved to:      /Users/vadim/Documents/School/Spring 2026/CSCE A698 Individual Research/EEG_JEPA/artifacts/liu2024-multiscale-riemann-fusion/20260712_075834_433324_d9ec5222/cv_results.json
[2026-07-12 08:27:46] Subject metrics saved to: /Users/vadim/Documents/School/Spring 2026/CSCE A698 Individual Research/EEG_JEPA/artifacts/liu2024-multiscale-riemann-fusion/20260712_075834_433324_d9ec5222/subject_metrics.json
[2026-07-12 08:27:46] Global metrics saved to:  /Users/vadim/Documents/School/Spring 2026/CSCE A698 Individual Research/EEG_JEPA/artifacts/liu2024-multiscale-riemann-fusion/20260712_075834_433324_d9ec5222/global_metrics.json
[2026-07-12 08:27:46] Run metadata saved to:    /Users/vadim/Documents/School/Spring 2026/CSCE A698 Individual Research/EEG_JEPA/artifacts/liu2024-multiscale-riemann-fusion/20260712_075834_433324_d9ec5222/run_metadata.json
[2026-07-12 08:27:46] 
All artifacts in: /Users/vadim/Documents/School/Spring 2026/CSCE A698 Individual Research/EEG_JEPA/artifacts/liu2024-multiscale-riemann-fusion/20260712_075834_433324_d9ec5222
