[2026-07-20 17:09:23] Using device: mps
[2026-07-20 17:09:23] Seed set to: 42
[2026-07-20 17:09:23] Run ID:     20260720_170923_297143_a0ca4b03
[2026-07-20 17:09:23] Artifacts:  /Users/vadim/Documents/School/Spring 2026/CSCE A698 Individual Research/EEG_JEPA/artifacts/liu2024-s-jepa-pretraining-gacl-aug-smoke/20260720_170923_297143_a0ca4b03
[2026-07-20 17:09:23] [setup] config saved: /Users/vadim/Documents/School/Spring 2026/CSCE A698 Individual Research/EEG_JEPA/artifacts/liu2024-s-jepa-pretraining-gacl-aug-smoke/20260720_170923_297143_a0ca4b03/config.json  seed=42  device=mps  log_verbosity=compact
[2026-07-20 17:09:23] Liu2024 S-JEPA pretraining split (Lv14 held out as downstream-only):
[2026-07-20 17:09:23]   Train subjects (1):             [2]
[2026-07-20 17:09:23]   Validation subjects (1):        [4]
[2026-07-20 17:09:23]   Downstream-only Lv14 (14):    [1, 3, 7, 9, 10, 11, 14, 15, 17, 29, 31, 32, 37, 41]
[2026-07-20 17:09:23]   Train chunk size:               1
[2026-07-20 17:09:23]   Validation chunk size:          1
[2026-07-20 17:09:23]   Chunk shuffle (train):          False
[2026-07-20 17:09:23]   Window preload:                 True

[2026-07-20 17:09:23] Reference chunk prepared for geometry/model sanity setup.
[2026-07-20 17:09:23]   Reference subjects:             [2]
[2026-07-20 17:09:23]   Reference recordings (trials):  40
[2026-07-20 17:09:23] Pretraining window parameters:
[2026-07-20 17:09:23]   sfreq:                      128 Hz
[2026-07-20 17:09:23]   pretrain_duration_s:        4.0 s
[2026-07-20 17:09:23]   sampling_interval_s:        1.0 s
[2026-07-20 17:09:23]   window_size_samples:        512
[2026-07-20 17:09:23]   sampling_interval_samples:  128
[2026-07-20 17:09:23] Preprocessors ready for chunked train/validation streaming.

[2026-07-20 17:09:24] Reference chunk windows ready:
[2026-07-20 17:09:24]   Subjects:                    [2]
[2026-07-20 17:09:24]   Recordings by paradigm:      {'MI': 40}
[2026-07-20 17:09:24]   Window count:                200
[2026-07-20 17:09:24] Geometry summary:
[2026-07-20 17:09:24]   Montage present:          True
[2026-07-20 17:09:24]   Montage kind:             DigMontage
[2026-07-20 17:09:24]   EEG channels:             29
[2026-07-20 17:09:24]   Valid EEG positions:      29
[2026-07-20 17:09:24]   Valid position ratio:     1.000
[2026-07-20 17:09:24]   Any all-zero channels:    False
[2026-07-20 17:09:24]   Valid xyz min/max:        x[-0.0868, 0.0836] y[-0.0828, 0.1153] z[0.0251, 0.1402]
[2026-07-20 17:09:24]   First channel xyz preview:
[2026-07-20 17:09:24]        Fp1: (-0.0309,  0.1146,  0.0279) valid=True
[2026-07-20 17:09:24]        Fp2: ( 0.0284,  0.1153,  0.0277) valid=True
[2026-07-20 17:09:24]         Fz: (-0.0012,  0.0933,  0.1026) valid=True
[2026-07-20 17:09:24]         F3: (-0.0518,  0.0867,  0.0787) valid=True
[2026-07-20 17:09:24]         F4: ( 0.0503,  0.0874,  0.0773) valid=True
[2026-07-20 17:09:24]         F7: (-0.0719,  0.0731,  0.0258) valid=True
[2026-07-20 17:09:24]         F8: ( 0.0714,  0.0745,  0.0251) valid=True
[2026-07-20 17:09:24]        FCz: (-0.0013,  0.0635,  0.1266) valid=True
[2026-07-20 17:09:24] Sanitized SignalJEPA channel metadata:
[2026-07-20 17:09:24]   EEG channels:             29
[2026-07-20 17:09:24]   Valid xyz channels:       29
[2026-07-20 17:09:24]   Sanitized xyz min/max:    x[-0.0868, 0.0836] y[-0.0828, 0.1153] z[0.0251, 0.1402]

[2026-07-20 17:09:24] EEG channel geometry summary:
[2026-07-20 17:09:24]   N_CHANNELS:               29
[2026-07-20 17:09:24]   CH_POSITIONS shape:       (29, 3)
[2026-07-20 17:09:24]   Sanitized CHS_INFO count: 29
[2026-07-20 17:09:24] Training-only augmentation: gacl_inspired_sensor_rotation_noise (2 transforms); validation remains clean.
[2026-07-20 17:09:24] Window sanity checks (reference-train-chunk):
[2026-07-20 17:09:24]   Total windows:          200
[2026-07-20 17:09:24]   Window shape (C, T):    (29, 512)
[2026-07-20 17:09:24]   Mean:                   1.0110e+01
[2026-07-20 17:09:24]   Std(signal) (microvolts): 1.5919e+01
[2026-07-20 17:09:24]   Max:                    1.9792e+02
[2026-07-20 17:09:25] Window sanity checks (validation-preview-chunk):
[2026-07-20 17:09:25]   Total windows:          200
[2026-07-20 17:09:25]   Window shape (C, T):    (29, 512)
[2026-07-20 17:09:25]   Mean:                   2.1637e+01
[2026-07-20 17:09:25]   Std(signal) (microvolts): 3.1626e+01
[2026-07-20 17:09:25]   Max:                    1.8789e+02
[2026-07-20 17:09:25] Feature encoder token geometry:
[2026-07-20 17:09:25]   WINDOW_SIZE_SAMPLES:  512
[2026-07-20 17:09:25]   N_TOK_PER_CHANNEL:    3
[2026-07-20 17:09:25]   EMB_DIM:              64
[2026-07-20 17:09:25]   TOTAL_TOKENS:         87
[2026-07-20 17:09:25] Student / teacher backbone summary:
[2026-07-20 17:09:25]   Student parameters:           3,455,862
[2026-07-20 17:09:25]   Feature encoder parameters:   13,840
[2026-07-20 17:09:25]   Positional encoder params:    870
[2026-07-20 17:09:25]   Transformer parameters:       3,441,152
[2026-07-20 17:09:25]   Teacher trainable parameters: 0
[2026-07-20 17:09:26] Backbone finite probe: OK
[2026-07-20 17:09:26] Radius-based random spatial block mask sampler:
[2026-07-20 17:09:26]   n_channels:               29
[2026-07-20 17:09:26]   n_valid_channels:         29
[2026-07-20 17:09:26]   head_diameter (valid):    0.206672
[2026-07-20 17:09:26]   mask_diameter_percent:    60
[2026-07-20 17:09:26]   mask_diameter:            0.124003
[2026-07-20 17:09:26]   mask_radius:              0.062002
[2026-07-20 17:09:26]   n_tok_per_channel:        3
[2026-07-20 17:09:26] Mask check: Cz
[2026-07-20 17:09:26]   radius: 0.062002
[2026-07-20 17:09:26]   masked channels: 2
[2026-07-20 17:09:26]   masked tokens: 6
[2026-07-20 17:09:26]   masked names: ['FCz', 'Cz']
[2026-07-20 17:09:26] 40% mask around Cz:
[2026-07-20 17:09:26]   radius: 0.041334
[2026-07-20 17:09:26]   masked channels (2): ['FCz', 'Cz']

[2026-07-20 17:09:26] 60% mask around Cz:
[2026-07-20 17:09:26]   radius: 0.062002
[2026-07-20 17:09:26]   masked channels (2): ['FCz', 'Cz']

[2026-07-20 17:09:26] 80% mask around Cz:
[2026-07-20 17:09:26]   radius: 0.082669
[2026-07-20 17:09:26]   masked channels (8): ['Fz', 'FCz', 'FC3', 'Cz', 'C3', 'C4', 'CP3', 'Pz']

[2026-07-20 17:09:27] 40% mask around C4:
[2026-07-20 17:09:27]   radius: 0.041334
[2026-07-20 17:09:27]   masked channels (3): ['FC4', 'C4', 'CP4']

[2026-07-20 17:09:27] 60% mask around C4:
[2026-07-20 17:09:27]   radius: 0.062002
[2026-07-20 17:09:27]   masked channels (3): ['FC4', 'C4', 'CP4']

[2026-07-20 17:09:27] 80% mask around C4:
[2026-07-20 17:09:27]   radius: 0.082669
[2026-07-20 17:09:27]   masked channels (10): ['F4', 'FCz', 'FC4', 'FT8', 'Cz', 'C4', 'T4', 'CP4', 'TP8', 'P4']

[2026-07-20 17:09:27] 40% mask around Oz:
[2026-07-20 17:09:27]   radius: 0.041334
[2026-07-20 17:09:27]   masked channels (3): ['Oz', 'O1', 'O2']

[2026-07-20 17:09:27] 60% mask around Oz:
[2026-07-20 17:09:27]   radius: 0.062002
[2026-07-20 17:09:27]   masked channels (3): ['Oz', 'O1', 'O2']

[2026-07-20 17:09:27] 80% mask around Oz:
[2026-07-20 17:09:27]   radius: 0.082669
[2026-07-20 17:09:27]   masked channels (6): ['Pz', 'P3', 'P4', 'Oz', 'O1', 'O2']

[2026-07-20 17:09:27] 40% mask around Cz:
[2026-07-20 17:09:27]   radius: 0.041334
[2026-07-20 17:09:27]   masked channels (2): ['FCz', 'Cz']

[2026-07-20 17:09:27] 60% mask around Cz:
[2026-07-20 17:09:27]   radius: 0.062002
[2026-07-20 17:09:27]   masked channels (2): ['FCz', 'Cz']

[2026-07-20 17:09:27] 80% mask around Cz:
[2026-07-20 17:09:27]   radius: 0.082669
[2026-07-20 17:09:27]   masked channels (8): ['Fz', 'FCz', 'FC3', 'Cz', 'C3', 'C4', 'CP3', 'Pz']

[2026-07-20 17:09:27] Token-routing:
[2026-07-20 17:09:27]   Full token shape:         (87, 64)
[2026-07-20 17:09:27]   Visible token shape:      (75, 64)
[2026-07-20 17:09:27]   Masked token shape:       (12, 64)
[2026-07-20 17:09:27]   Sample masked channels:   4
[2026-07-20 17:09:27] Single-sample token routing validated OK.
[2026-07-20 17:09:28] MaskedTokenPredictor initialized:
[2026-07-20 17:09:28]   d_model:          64
[2026-07-20 17:09:28]   nhead:            8
[2026-07-20 17:09:28]   num_layers:       4
[2026-07-20 17:09:28]   dim_feedforward:  256
[2026-07-20 17:09:28]   Total parameters: 267,136

[2026-07-20 17:09:28] Predictor shape test: OK
[2026-07-20 17:09:28]   student_context: (1, 75, 64)
[2026-07-20 17:09:28]   masked_pos_enc:  (1, 12, 64)
[2026-07-20 17:09:28]   prediction:      (1, 12, 64)
[2026-07-20 17:09:28] Augmentation boundary check: training=augmented, validation=clean
[2026-07-20 17:09:28] Optimizer: Adam
[2026-07-20 17:09:28] Learning rate:             0.001
[2026-07-20 17:09:28] Weight decay:              0.0
[2026-07-20 17:09:28] Debug train chunk subjects: [2]
[2026-07-20 17:09:28] Debug train windows:        200
[2026-07-20 17:09:28] Debug val chunk subjects:   [4]
[2026-07-20 17:09:28] Debug val windows:          200

[2026-07-20 17:09:28] Running first-batch verification without an optimizer step...
[2026-07-20 17:09:28]   [debug] first-sample training path:
[2026-07-20 17:09:28]     x_single:             (1, 29, 512)
[2026-07-20 17:09:28]     teacher_full_tokens:  (1, 87, 64)
[2026-07-20 17:09:28]     student_visible:      (1, 78, 64)
[2026-07-20 17:09:28]     masked_queries:       (1, 9, 64)
[2026-07-20 17:09:28]     predicted_masked:     (1, 9, 64)
[2026-07-20 17:09:28]     teacher_masked:       (1, 9, 64)
[2026-07-20 17:09:28]     center_channel:       26
[2026-07-20 17:09:28]     masked_channels:      3
[2026-07-20 17:09:28]     masked_tokens:        9
[2026-07-20 17:09:28]     visible_tokens:       78
[2026-07-20 17:09:28]     sample_loss:          1.077238
[2026-07-20 17:09:30]   Backward/gradient finite check:           OK
[2026-07-20 17:09:30]   No-optimizer-step parameter check:        OK
[2026-07-20 17:09:30]   First training-batch loss:              1.099076
[2026-07-20 17:09:30]   Mean masked channels:               3.50
[2026-07-20 17:09:30]   Mean masked tokens:                 10.50
[2026-07-20 17:09:31]   Full-backbone EMA component check:         OK
[2026-07-20 17:09:31]   First validation-batch loss: 1.155641
[2026-07-20 17:09:32] Atomic checkpoint and student-export round-trip: OK
[2026-07-20 17:09:32] ======================================================================
[2026-07-20 17:09:32] [setup] STARTING LIU2024 S-JEPA PRETRAINING
[2026-07-20 17:09:32] ======================================================================
[2026-07-20 17:09:32] [setup] run_id:                  20260720_170923_297143_a0ca4b03
[2026-07-20 17:09:32] [setup] seed:                    42
[2026-07-20 17:09:32] [setup] device:                  mps
[2026-07-20 17:09:32] [setup] paradigms:               ['MI']
[2026-07-20 17:09:32] [setup] train_subjects:          1  [2]
[2026-07-20 17:09:32] [setup] val_subjects:            1  [4]
[2026-07-20 17:09:32] [setup] excluded_subjects:       [1, 3, 7, 9, 10, 11, 14, 15, 17, 29, 31, 32, 37, 41]
[2026-07-20 17:09:32] [setup] train_chunk_size:        1
[2026-07-20 17:09:32] [setup] val_chunk_size:          1
[2026-07-20 17:09:32] [setup] train_chunks_per_epoch:  1
[2026-07-20 17:09:32] [setup] val_chunks_per_epoch:    1
[2026-07-20 17:09:32] [setup] batch_size:              8
[2026-07-20 17:09:32] [setup] early_stopping_patience: 1
[2026-07-20 17:09:32] [setup] window_preload:          True
[2026-07-20 17:09:32] [setup] pretrain_duration:       4.0 s
[2026-07-20 17:09:32] [setup] sampling_interval:       1.0 s
[2026-07-20 17:09:32] [setup] mask_diameter:           60%
[2026-07-20 17:09:32] [setup] ema_decay:               0.996
[2026-07-20 17:09:32] [setup] epoch_limit:             1
[2026-07-20 17:09:32] [setup] log_verbosity:           compact
[2026-07-20 17:09:32] ======================================================================
[2026-07-20 17:09:32] ======================================================================
[2026-07-20 17:09:32] [epoch] verification-only mode: no optimizer updates or epochs were run.
[2026-07-20 17:09:32] [epoch] stop reason: verification_only
[2026-07-20 17:09:32] ======================================================================
[2026-07-20 17:09:32] ======================================================================
[2026-07-20 17:09:32] LOSS HISTORY SUMMARY
[2026-07-20 17:09:32] ======================================================================
[2026-07-20 17:09:32]   No epoch metrics recorded.
[2026-07-20 17:09:32] Mask coverage statistics:
[2026-07-20 17:09:32]   n_channels: 29
[2026-07-20 17:09:32]   n_tok_per_channel: 3
[2026-07-20 17:09:32]   head_diameter: 0.20667175948619843
[2026-07-20 17:09:32]   mask_diameter_percent: 60.0
[2026-07-20 17:09:32]   mask_diameter: 0.12400305569171904
[2026-07-20 17:09:32]   mask_radius: 0.06200152784585952
[2026-07-20 17:09:32]   masked_channels_mean: 3.805
[2026-07-20 17:09:32]   masked_channels_min: 2
[2026-07-20 17:09:32]   masked_channels_max: 5
[2026-07-20 17:09:32]   masked_tokens_mean: 11.415
[2026-07-20 17:09:32]   masked_tokens_min: 6
[2026-07-20 17:09:32]   masked_tokens_max: 15
[2026-07-20 17:09:32]   n_samples: 200

[2026-07-20 17:09:32] Mask stats saved to: /Users/vadim/Documents/School/Spring 2026/CSCE A698 Individual Research/EEG_JEPA/artifacts/liu2024-s-jepa-pretraining-gacl-aug-smoke/20260720_170923_297143_a0ca4b03/mask_stats.json
[2026-07-20 17:09:32] ======================================================================
[2026-07-20 17:09:32] ONE-BATCH END-TO-END INSPECTION
[2026-07-20 17:09:32] ======================================================================
[2026-07-20 17:09:32]   x_single:            (1, 29, 512)
[2026-07-20 17:09:32]   teacher_full:        (1, 87, 64)
[2026-07-20 17:09:32]   student_visible:     (1, 81, 64)
[2026-07-20 17:09:32]   masked_queries:      (1, 6, 64)
[2026-07-20 17:09:32]   predicted_masked:    (1, 6, 64)
[2026-07-20 17:09:32]   teacher_masked:      (1, 6, 64)
[2026-07-20 17:09:32]   center_channel:      12
[2026-07-20 17:09:32]   masked_channels:     2
[2026-07-20 17:09:32]   masked_tokens:       6
[2026-07-20 17:09:32]   inspection_loss:     1.153426
[2026-07-20 17:09:32] ======================================================================
[2026-07-20 17:09:32] Epoch metrics saved to:           /Users/vadim/Documents/School/Spring 2026/CSCE A698 Individual Research/EEG_JEPA/artifacts/liu2024-s-jepa-pretraining-gacl-aug-smoke/20260720_170923_297143_a0ca4b03/metrics.json
[2026-07-20 17:09:32] Run metadata saved to:            /Users/vadim/Documents/School/Spring 2026/CSCE A698 Individual Research/EEG_JEPA/artifacts/liu2024-s-jepa-pretraining-gacl-aug-smoke/20260720_170923_297143_a0ca4b03/run_metadata.json

[2026-07-20 17:09:32] ======================================================================
[2026-07-20 17:09:32] EXPERIMENT SUMMARY
[2026-07-20 17:09:32] ======================================================================
[2026-07-20 17:09:32] Run ID:            20260720_170923_297143_a0ca4b03
[2026-07-20 17:09:32] Artifacts:         /Users/vadim/Documents/School/Spring 2026/CSCE A698 Individual Research/EEG_JEPA/artifacts/liu2024-s-jepa-pretraining-gacl-aug-smoke/20260720_170923_297143_a0ca4b03

[2026-07-20 17:09:32] Subject split:
[2026-07-20 17:09:32]   Train:           [2]
[2026-07-20 17:09:32]   Validation:      [4]
[2026-07-20 17:09:32]   Excluded:        [1, 3, 7, 9, 10, 11, 14, 15, 17, 29, 31, 32, 37, 41]

[2026-07-20 17:09:32] Data streaming:
[2026-07-20 17:09:32]   Paradigms:       ['MI']
[2026-07-20 17:09:32]   Train chunk size:1
[2026-07-20 17:09:32]   Val chunk size:  1
[2026-07-20 17:09:32]   Train chunks:    1
[2026-07-20 17:09:32]   Val chunks:      1
[2026-07-20 17:09:32]   Preload windows: True
[2026-07-20 17:09:32]   Window seconds:  4.0
[2026-07-20 17:09:32]   Interval secs:   1.0

[2026-07-20 17:09:32] Masking:
[2026-07-20 17:09:32]   Diameter %:      60
[2026-07-20 17:09:32]   Radius:          0.062002

[2026-07-20 17:09:32] Results:
[2026-07-20 17:09:32]   No training epochs recorded.

[2026-07-20 17:09:32] Artifact files:
[2026-07-20 17:09:32]   config: /Users/vadim/Documents/School/Spring 2026/CSCE A698 Individual Research/EEG_JEPA/artifacts/liu2024-s-jepa-pretraining-gacl-aug-smoke/20260720_170923_297143_a0ca4b03/config.json
[2026-07-20 17:09:32]   run_log: /Users/vadim/Documents/School/Spring 2026/CSCE A698 Individual Research/EEG_JEPA/artifacts/liu2024-s-jepa-pretraining-gacl-aug-smoke/20260720_170923_297143_a0ca4b03/run.log
[2026-07-20 17:09:32]   metrics: /Users/vadim/Documents/School/Spring 2026/CSCE A698 Individual Research/EEG_JEPA/artifacts/liu2024-s-jepa-pretraining-gacl-aug-smoke/20260720_170923_297143_a0ca4b03/metrics.json
[2026-07-20 17:09:32]   mask_stats: /Users/vadim/Documents/School/Spring 2026/CSCE A698 Individual Research/EEG_JEPA/artifacts/liu2024-s-jepa-pretraining-gacl-aug-smoke/20260720_170923_297143_a0ca4b03/mask_stats.json
[2026-07-20 17:09:32]   checkpoint_verification: /Users/vadim/Documents/School/Spring 2026/CSCE A698 Individual Research/EEG_JEPA/artifacts/liu2024-s-jepa-pretraining-gacl-aug-smoke/20260720_170923_297143_a0ca4b03/checkpoint_verification.pt
[2026-07-20 17:09:32]   student_backbone_verification: /Users/vadim/Documents/School/Spring 2026/CSCE A698 Individual Research/EEG_JEPA/artifacts/liu2024-s-jepa-pretraining-gacl-aug-smoke/20260720_170923_297143_a0ca4b03/student_backbone_verification.pt
[2026-07-20 17:09:32] ======================================================================

[2026-07-20 17:09:32] All artifacts in: /Users/vadim/Documents/School/Spring 2026/CSCE A698 Individual Research/EEG_JEPA/artifacts/liu2024-s-jepa-pretraining-gacl-aug-smoke/20260720_170923_297143_a0ca4b03
