Notebook:       /home/vegorov/Repos/eeg_jepa_research/src/liu2024/liu2024_source_mat_sjepa_prelocal_anticollapse.ipynb
Configurations: /home/vegorov/Repos/eeg_jepa_research/src/utils/experiments/configs/liu2024_hpbest537_mi_start_timing_sweep.json
Total configs:  8

[1/8] Running config override:
{
  "experiment_name": "hpbest537_timing_start0p75_fir_none_bs4_lr0p0003",
  "config_note": "Focused 537-sample MI timing sweep using current best settings: FIR, demean none, batch size 4, lr 0.0003, no gradient clipping.",
  "sweep_group": "537_best_settings_mi_start_timing_sweep",
  "target_window_samples": 537,
  "target_window_s": 4.2,
  "mi_window_start_s": 0.75,
  "filter_method": "fir",
  "filter_iir_params": null,
  "demean_mode": "none",
  "batch_size": 4,
  "learning_rate": 0.0003,
  "gradient_clip_norm": 0
}
  status:       completed
  elapsed_sec:  1120.068
  run_id:       20260601_1819_b542c269
  artifact_dir: /home/vegorov/Repos/eeg_jepa_research/artifacts/liu2024-source-mat-sjepa-prelocal/20260601_1819_b542c269

[2/8] Running config override:
{
  "experiment_name": "hpbest537_timing_start1p0_fir_none_bs4_lr0p0003",
  "config_note": "Focused 537-sample MI timing sweep using current best settings: FIR, demean none, batch size 4, lr 0.0003, no gradient clipping.",
  "sweep_group": "537_best_settings_mi_start_timing_sweep",
  "target_window_samples": 537,
  "target_window_s": 4.2,
  "mi_window_start_s": 1.0,
  "filter_method": "fir",
  "filter_iir_params": null,
  "demean_mode": "none",
  "batch_size": 4,
  "learning_rate": 0.0003,
  "gradient_clip_norm": 0
}
  status:       completed
  elapsed_sec:  1115.165
  run_id:       20260601_1837_74afbd0b
  artifact_dir: /home/vegorov/Repos/eeg_jepa_research/artifacts/liu2024-source-mat-sjepa-prelocal/20260601_1837_74afbd0b

[3/8] Running config override:
{
  "experiment_name": "hpbest537_timing_start1p25_fir_none_bs4_lr0p0003",
  "config_note": "Focused 537-sample MI timing sweep using current best settings: FIR, demean none, batch size 4, lr 0.0003, no gradient clipping.",
  "sweep_group": "537_best_settings_mi_start_timing_sweep",
  "target_window_samples": 537,
  "target_window_s": 4.2,
  "mi_window_start_s": 1.25,
  "filter_method": "fir",
  "filter_iir_params": null,
  "demean_mode": "none",
  "batch_size": 4,
  "learning_rate": 0.0003,
  "gradient_clip_norm": 0
}
  status:       completed
  elapsed_sec:  1151.93
  run_id:       20260601_1856_303011c0
  artifact_dir: /home/vegorov/Repos/eeg_jepa_research/artifacts/liu2024-source-mat-sjepa-prelocal/20260601_1856_303011c0

[4/8] Running config override:
{
  "experiment_name": "hpbest537_timing_start1p5_fir_none_bs4_lr0p0003",
  "config_note": "Focused 537-sample MI timing sweep using current best settings: FIR, demean none, batch size 4, lr 0.0003, no gradient clipping.",
  "sweep_group": "537_best_settings_mi_start_timing_sweep",
  "target_window_samples": 537,
  "target_window_s": 4.2,
  "mi_window_start_s": 1.5,
  "filter_method": "fir",
  "filter_iir_params": null,
  "demean_mode": "none",
  "batch_size": 4,
  "learning_rate": 0.0003,
  "gradient_clip_norm": 0
}
  status:       completed
  elapsed_sec:  1063.111
  run_id:       20260601_1915_59ad8983
  artifact_dir: /home/vegorov/Repos/eeg_jepa_research/artifacts/liu2024-source-mat-sjepa-prelocal/20260601_1915_59ad8983

[5/8] Running config override:
{
  "experiment_name": "hpbest537_timing_start1p75_fir_none_bs4_lr0p0003",
  "config_note": "Focused 537-sample MI timing sweep using current best settings: FIR, demean none, batch size 4, lr 0.0003, no gradient clipping.",
  "sweep_group": "537_best_settings_mi_start_timing_sweep",
  "target_window_samples": 537,
  "target_window_s": 4.2,
  "mi_window_start_s": 1.75,
  "filter_method": "fir",
  "filter_iir_params": null,
  "demean_mode": "none",
  "batch_size": 4,
  "learning_rate": 0.0003,
  "gradient_clip_norm": 0
}
  status:       completed
  elapsed_sec:  1105.312
  run_id:       20260601_1933_de0c8ed8
  artifact_dir: /home/vegorov/Repos/eeg_jepa_research/artifacts/liu2024-source-mat-sjepa-prelocal/20260601_1933_de0c8ed8

[6/8] Running config override:
{
  "experiment_name": "hpbest537_timing_start2p0_fir_none_bs4_lr0p0003",
  "config_note": "Focused 537-sample MI timing sweep using current best settings: FIR, demean none, batch size 4, lr 0.0003, no gradient clipping.",
  "sweep_group": "537_best_settings_mi_start_timing_sweep",
  "target_window_samples": 537,
  "target_window_s": 4.2,
  "mi_window_start_s": 2.0,
  "filter_method": "fir",
  "filter_iir_params": null,
  "demean_mode": "none",
  "batch_size": 4,
  "learning_rate": 0.0003,
  "gradient_clip_norm": 0
}
  status:       completed
  elapsed_sec:  1147.756
  run_id:       20260601_1951_16a4f1a5
  artifact_dir: /home/vegorov/Repos/eeg_jepa_research/artifacts/liu2024-source-mat-sjepa-prelocal/20260601_1951_16a4f1a5

[7/8] Running config override:
{
  "experiment_name": "hpbest537_timing_start2p25_fir_none_bs4_lr0p0003",
  "config_note": "Focused 537-sample MI timing sweep using current best settings: FIR, demean none, batch size 4, lr 0.0003, no gradient clipping.",
  "sweep_group": "537_best_settings_mi_start_timing_sweep",
  "target_window_samples": 537,
  "target_window_s": 4.2,
  "mi_window_start_s": 2.25,
  "filter_method": "fir",
  "filter_iir_params": null,
  "demean_mode": "none",
  "batch_size": 4,
  "learning_rate": 0.0003,
  "gradient_clip_norm": 0
}
  status:       completed
  elapsed_sec:  1038.311
  run_id:       20260601_2010_8c85b9ab
  artifact_dir: /home/vegorov/Repos/eeg_jepa_research/artifacts/liu2024-source-mat-sjepa-prelocal/20260601_2010_8c85b9ab

[8/8] Running config override:
{
  "experiment_name": "hpbest537_timing_start2p5_fir_none_bs4_lr0p0003",
  "config_note": "Focused 537-sample MI timing sweep using current best settings: FIR, demean none, batch size 4, lr 0.0003, no gradient clipping.",
  "sweep_group": "537_best_settings_mi_start_timing_sweep",
  "target_window_samples": 537,
  "target_window_s": 4.2,
  "mi_window_start_s": 2.5,
  "filter_method": "fir",
  "filter_iir_params": null,
  "demean_mode": "none",
  "batch_size": 4,
  "learning_rate": 0.0003,
  "gradient_clip_norm": 0
}
  status:       completed
  elapsed_sec:  911.002
  run_id:       20260601_2028_b742da80
  artifact_dir: /home/vegorov/Repos/eeg_jepa_research/artifacts/liu2024-source-mat-sjepa-prelocal/20260601_2028_b742da80

Finished.
Results dir:    experiment_results/20260601_1819_liu2024_hpbest537_mi_start_timing_sweep_e758bf6d
Summary JSON:   experiment_results/20260601_1819_liu2024_hpbest537_mi_start_timing_sweep_e758bf6d/results.json
Artifact list:  experiment_results/20260601_1819_liu2024_hpbest537_mi_start_timing_sweep_e758bf6d/artifact_ids.json
