[2026-05-31 14:14:48] Run ID:     20260531_1414_0831d93b
[2026-05-31 14:14:48] Artifacts:  /home/vegorov/Repos/eeg_jepa_research/artifacts/liu2024-source-mat-sjepa-prelocal/20260531_1414_0831d93b
[2026-05-31 14:14:48] Config:     /home/vegorov/Repos/eeg_jepa_research/artifacts/liu2024-source-mat-sjepa-prelocal/20260531_1414_0831d93b/config.json
[2026-05-31 14:14:48] Using device: cpu
[2026-05-31 14:14:49] Seed initialized: 2026
[2026-05-31 14:14:49] Configured preprocessing pipeline:
[2026-05-31 14:14:49]   - [ON] source::select_eeg_channels | - select Liu EEG channels, drop CPz reference, EOG, and marker before model input
[2026-05-31 14:14:49]   - [off] source::demean | mode=none | baseline_window_s=[0.0, 2.0]
[2026-05-31 14:14:49]   - [off] source::detrend | mode=none
[2026-05-31 14:14:49]   - [off] source::eog_correction | mode=none
[2026-05-31 14:14:49]   - [off] source::artifact_clipping | mode=none | percentile=99.5
[2026-05-31 14:14:49]   - [ON] mne_raw::reference | timing=before_resample_filter | mode=average
[2026-05-31 14:14:49]   - [ON] mne_raw::resample | sfreq=128
[2026-05-31 14:14:49]   - [ON] mne_raw::bandpass_filter | l_freq=0.5 | h_freq=40.0 | method=fir | phase=zero | fir_design=firwin
[2026-05-31 14:14:49]   - [off] mne_raw::notch_filter | timing=after_bandpass
[2026-05-31 14:14:49]   - [ON] window::crop_fixed_mi_window | start_s=2 | target_window_samples=537
[2026-05-31 14:14:49]   - [off] window::bad_trial_rejection
[2026-05-31 14:14:49]   - [off] split::fold_safe_normalization | mode=none
[2026-05-31 14:14:49] Source extract dir: /home/vegorov/Repos/eeg_jepa_research/liu2024_data/liu2024_figshare/sourcedata
[2026-05-31 14:14:49] Found 50 .mat files
[2026-05-31 14:14:49] MAT structure preview saved to: /home/vegorov/Repos/eeg_jepa_research/artifacts/liu2024-source-mat-sjepa-prelocal/20260531_1414_0831d93b/mat_structure_preview_first_subject.csv
[2026-05-31 14:14:55] Subjects loaded: [1, 2, 3, 4, 5, 6, 7, 8, 9, 10, 11, 12, 13, 14, 15, 16, 17, 18, 19, 20, 21, 22, 23, 24, 25, 26, 27, 28, 29, 30, 31, 32, 33, 34, 35, 36, 37, 38, 39, 40, 41, 42, 43, 44, 45, 46, 47, 48, 49, 50]
[2026-05-31 14:14:55] Subject inventory saved to: /home/vegorov/Repos/eeg_jepa_research/artifacts/liu2024-source-mat-sjepa-prelocal/20260531_1414_0831d93b/subject_inventory.csv
[2026-05-31 14:15:08] X_ALL shape: (2000, 29, 537) | Y_ALL counts: [1000, 1000]
[2026-05-31 14:15:08] Preprocessing steps used:
[2026-05-31 14:15:08]   - select 29 EEG channels; drop CPz source reference, EOG, and marker
[2026-05-31 14:15:08]   - source demean skipped
[2026-05-31 14:15:08]   - source detrend skipped
[2026-05-31 14:15:08]   - EOG correction skipped
[2026-05-31 14:15:08]   - source artifact clipping skipped
[2026-05-31 14:15:08]   - convert source microvolts to MNE volts
[2026-05-31 14:15:08]   - average reference at before resample/filter
[2026-05-31 14:15:08]   - resample to 128 Hz
[2026-05-31 14:15:08]   - FIR bandpass 0.5–40.0 Hz | phase=zero | fir_design=firwin
[2026-05-31 14:15:08]   - convert MNE volts to model microvolts
[2026-05-31 14:15:08]   - crop fixed window samples [256:793]
[2026-05-31 14:15:08]   - bad-trial rejection skipped
[2026-05-31 14:15:08] Window summary saved to: /home/vegorov/Repos/eeg_jepa_research/artifacts/liu2024-source-mat-sjepa-prelocal/20260531_1414_0831d93b/window_counts_by_subject.csv
[2026-05-31 14:15:09] ======================================================================
[2026-05-31 14:15:09] STARTING WITHIN-SUBJECT EVALUATION
[2026-05-31 14:15:09] ======================================================================
[2026-05-31 14:15:09] Experiment:    hpgrid537_bs4_lr0p0003_clip2_start2_test0p4_fir_none
[2026-05-31 14:15:09] Subjects:      ['1', '2', '3', '4', '5', '6', '7', '8', '9', '10', '11', '12', '13', '14', '15', '16', '17', '18', '19', '20', '21', '22', '23', '24', '25', '26', '27', '28', '29', '30', '31', '32', '33', '34', '35', '36', '37', '38', '39', '40', '41', '42', '43', '44', '45', '46', '47', '48', '49', '50']
[2026-05-31 14:15:09] Model:         SignalJEPA_PreLocal
[2026-05-31 14:15:09] Pretrained:    from_pretrained
[2026-05-31 14:15:09] Strategy:      new
[2026-05-31 14:15:09] Preprocessing: demean=none | detrend=none | eog=none | clip=none | ref=average@before_resample_filter | resample=True->128 | filter=True 0.5–40.0 fir
[2026-05-31 14:15:09] Normalization: none | reject_bad_trials=False
[2026-05-31 14:15:09] Evaluation:    stratified_kfold | cv_folds=5 | n_repeats=10 | test_size=0.4
[2026-05-31 14:15:09] Seed:          base=2026 | cv=2026 | split=2026 | val=2026
[2026-05-31 14:15:09] Window:        start=2s | samples=537 | duration=4.1953s | effective sfreq=128.0
[2026-05-31 14:15:09] Optimizer:     adam | lr=0.0003 | wd=0.0
[2026-05-31 14:15:09] Augmentation:  noise=0.0 | shift=0 | ch_drop=0.0
[2026-05-31 14:15:09] Val split:     0.2
[2026-05-31 14:15:09] Max epochs:    5000 | patience=50
[2026-05-31 14:15:09] Device:        cpu
[2026-05-31 14:15:09] ======================================================================
[2026-05-31 14:15:09] \nSubject 1: 40 windows | class_counts=[20, 20]

[2026-05-31 14:15:09] Fold 1/5 | subject=1
[2026-05-31 14:15:09]     Train: 32 | counts=[16, 16]
[2026-05-31 14:15:09]     Test:  8 | counts=[4, 4]
[2026-05-31 14:15:09]     Model: SignalJEPA_PreLocal | Pretrained: from_pretrained | Strategy: new
[2026-05-31 14:15:09]     Normalization: none | fit_scope=none
[2026-05-31 14:15:09]     Phase 1 (new): 2,170/16,010 params
[2026-05-31 14:15:17]     Result | best_epoch=403 | stop=453 | final_phase_epochs=453 | acc=0.5000 | bal_acc=0.5000 | pred_hist=[4, 4] | collapse=False
[2026-05-31 14:15:17]     spatial_conv=[4, 29] top_abs_channels=[('TP7', 0.21379153), ('O1', 0.20719066), ('F4', 0.15669653), ('T4', 0.14039911), ('FC4', 0.11842387), ('FCz', 0.11637361), ('P4', 0.11494099), ('Fz', 0.11392072)]
[2026-05-31 14:15:17]     spatial_update=delta_l2=1.18944653 max_abs=0.27821174 relative=0.99662108 changed=True

[2026-05-31 14:15:18] Fold 2/5 | subject=1
[2026-05-31 14:15:18]     Train: 32 | counts=[16, 16]
[2026-05-31 14:15:18]     Test:  8 | counts=[4, 4]
[2026-05-31 14:15:18]     Model: SignalJEPA_PreLocal | Pretrained: from_pretrained | Strategy: new
[2026-05-31 14:15:18]     Normalization: none | fit_scope=none
[2026-05-31 14:15:18]     Phase 1 (new): 2,170/16,010 params
[2026-05-31 14:15:19]     Result | best_epoch=22 | stop=51 | final_phase_epochs=51 | acc=0.5000 | bal_acc=0.5000 | pred_hist=[0, 8] | collapse=True
[2026-05-31 14:15:19]     spatial_conv=[4, 29] top_abs_channels=[('Pz', 0.15222195), ('O2', 0.14419605), ('T3', 0.12623152), ('O1', 0.12243241), ('T4', 0.12229858), ('CP3', 0.12173802), ('C3', 0.11555658), ('CP4', 0.1105402)]
[2026-05-31 14:15:19]     spatial_update=delta_l2=0.00967500 max_abs=0.00161420 relative=0.00810655 changed=True

[2026-05-31 14:15:19] Fold 3/5 | subject=1
[2026-05-31 14:15:19]     Train: 32 | counts=[16, 16]
[2026-05-31 14:15:19]     Test:  8 | counts=[4, 4]
[2026-05-31 14:15:19]     Model: SignalJEPA_PreLocal | Pretrained: from_pretrained | Strategy: new
[2026-05-31 14:15:19]     Normalization: none | fit_scope=none
[2026-05-31 14:15:19]     Phase 1 (new): 2,170/16,010 params
[2026-05-31 14:15:20]     Result | best_epoch=1 | stop=51 | final_phase_epochs=51 | acc=0.3750 | bal_acc=0.3750 | pred_hist=[1, 7] | collapse=False
[2026-05-31 14:15:20]     spatial_conv=[4, 29] top_abs_channels=[('Pz', 0.1527165), ('O2', 0.14414871), ('T3', 0.12692556), ('O1', 0.12213528), ('T4', 0.12207633), ('CP3', 0.1210463), ('C3', 0.11520586), ('CP4', 0.11127452)]
[2026-05-31 14:15:20]     spatial_update=delta_l2=0.00889230 max_abs=0.00160656 relative=0.00745074 changed=True

[2026-05-31 14:15:20] Fold 4/5 | subject=1
[2026-05-31 14:15:20]     Train: 32 | counts=[16, 16]
[2026-05-31 14:15:20]     Test:  8 | counts=[4, 4]
[2026-05-31 14:15:20]     Model: SignalJEPA_PreLocal | Pretrained: from_pretrained | Strategy: new
[2026-05-31 14:15:20]     Normalization: none | fit_scope=none
[2026-05-31 14:15:20]     Phase 1 (new): 2,170/16,010 params
[2026-05-31 14:15:25]     Result | best_epoch=227 | stop=277 | final_phase_epochs=277 | acc=0.6250 | bal_acc=0.6250 | pred_hist=[5, 3] | collapse=False
[2026-05-31 14:15:25]     spatial_conv=[4, 29] top_abs_channels=[('C3', 0.15425834), ('C4', 0.14676222), ('F4', 0.13353707), ('T4', 0.12674585), ('T3', 0.12399185), ('Pz', 0.12000012), ('Fp1', 0.11865897), ('CP4', 0.11752109)]
[2026-05-31 14:15:25]     spatial_update=delta_l2=0.79481535 max_abs=0.20593095 relative=0.66596498 changed=True

[2026-05-31 14:15:26] Fold 5/5 | subject=1
[2026-05-31 14:15:26]     Train: 32 | counts=[16, 16]
[2026-05-31 14:15:26]     Test:  8 | counts=[4, 4]
[2026-05-31 14:15:26]     Model: SignalJEPA_PreLocal | Pretrained: from_pretrained | Strategy: new
[2026-05-31 14:15:26]     Normalization: none | fit_scope=none
[2026-05-31 14:15:26]     Phase 1 (new): 2,170/16,010 params
[2026-05-31 14:15:27]     Result | best_epoch=1 | stop=51 | final_phase_epochs=51 | acc=0.5000 | bal_acc=0.5000 | pred_hist=[0, 8] | collapse=True
[2026-05-31 14:15:27]     spatial_conv=[4, 29] top_abs_channels=[('Pz', 0.15299802), ('O2', 0.14390552), ('T3', 0.12637816), ('O1', 0.12251936), ('T4', 0.12212103), ('CP3', 0.12044397), ('C3', 0.11625423), ('CP4', 0.11086278)]
[2026-05-31 14:15:27]     spatial_update=delta_l2=0.00958339 max_abs=0.00170568 relative=0.00802979 changed=True
[2026-05-31 14:15:27]   Subject 1: acc=0.5000±0.0791  bal_acc=0.5000±0.0791
[2026-05-31 14:15:27] \nSubject 2: 40 windows | class_counts=[20, 20]

[2026-05-31 14:15:27] Fold 1/5 | subject=2
[2026-05-31 14:15:27]     Train: 32 | counts=[16, 16]
[2026-05-31 14:15:27]     Test:  8 | counts=[4, 4]
[2026-05-31 14:15:27]     Model: SignalJEPA_PreLocal | Pretrained: from_pretrained | Strategy: new
[2026-05-31 14:15:27]     Normalization: none | fit_scope=none
[2026-05-31 14:15:27]     Phase 1 (new): 2,170/16,010 params
[2026-05-31 14:15:30]     Result | best_epoch=106 | stop=156 | final_phase_epochs=156 | acc=0.6250 | bal_acc=0.6250 | pred_hist=[5, 3] | collapse=False
[2026-05-31 14:15:30]     spatial_conv=[4, 29] top_abs_channels=[('T3', 0.15144169), ('O2', 0.14368188), ('Fz', 0.14130968), ('CP3', 0.13453297), ('Pz', 0.13187803), ('F7', 0.12811229), ('CP4', 0.11724811), ('Cz', 0.11715584)]
[2026-05-31 14:15:30]     spatial_update=delta_l2=0.67737177 max_abs=0.16288750 relative=0.56756060 changed=True

[2026-05-31 14:15:30] Fold 2/5 | subject=2
[2026-05-31 14:15:30]     Train: 32 | counts=[16, 16]
[2026-05-31 14:15:30]     Test:  8 | counts=[4, 4]
[2026-05-31 14:15:30]     Model: SignalJEPA_PreLocal | Pretrained: from_pretrained | Strategy: new
[2026-05-31 14:15:30]     Normalization: none | fit_scope=none
[2026-05-31 14:15:30]     Phase 1 (new): 2,170/16,010 params
[2026-05-31 14:15:32]     Result | best_epoch=47 | stop=96 | final_phase_epochs=96 | acc=0.8750 | bal_acc=0.8750 | pred_hist=[5, 3] | collapse=False
[2026-05-31 14:15:32]     spatial_conv=[4, 29] top_abs_channels=[('Pz', 0.15557039), ('T3', 0.15551521), ('CP3', 0.14294828), ('O1', 0.1387409), ('O2', 0.13197955), ('T4', 0.12528153), ('Fz', 0.11316168), ('C3', 0.11199806)]
[2026-05-31 14:15:32]     spatial_update=delta_l2=0.25479370 max_abs=0.06317845 relative=0.21348818 changed=True

[2026-05-31 14:15:33] Fold 3/5 | subject=2
[2026-05-31 14:15:33]     Train: 32 | counts=[16, 16]
[2026-05-31 14:15:33]     Test:  8 | counts=[4, 4]
[2026-05-31 14:15:33]     Model: SignalJEPA_PreLocal | Pretrained: from_pretrained | Strategy: new
[2026-05-31 14:15:33]     Normalization: none | fit_scope=none
[2026-05-31 14:15:33]     Phase 1 (new): 2,170/16,010 params
[2026-05-31 14:15:37]     Result | best_epoch=178 | stop=228 | final_phase_epochs=228 | acc=0.7500 | bal_acc=0.7500 | pred_hist=[2, 6] | collapse=False
[2026-05-31 14:15:37]     spatial_conv=[4, 29] top_abs_channels=[('CP3', 0.16519473), ('T3', 0.16393492), ('F7', 0.15509295), ('Pz', 0.15360822), ('O2', 0.12192132), ('Fz', 0.11871418), ('T5', 0.11206751), ('P4', 0.10956298)]
[2026-05-31 14:15:37]     spatial_update=delta_l2=0.77772114 max_abs=0.23428342 relative=0.65164197 changed=True

[2026-05-31 14:15:37] Fold 4/5 | subject=2
[2026-05-31 14:15:37]     Train: 32 | counts=[16, 16]
[2026-05-31 14:15:37]     Test:  8 | counts=[4, 4]
[2026-05-31 14:15:37]     Model: SignalJEPA_PreLocal | Pretrained: from_pretrained | Strategy: new
[2026-05-31 14:15:37]     Normalization: none | fit_scope=none
[2026-05-31 14:15:37]     Phase 1 (new): 2,170/16,010 params
[2026-05-31 14:15:39]     Result | best_epoch=25 | stop=75 | final_phase_epochs=75 | acc=0.7500 | bal_acc=0.7500 | pred_hist=[6, 2] | collapse=False
[2026-05-31 14:15:39]     spatial_conv=[4, 29] top_abs_channels=[('Pz', 0.16124985), ('T3', 0.13720843), ('O1', 0.13422032), ('T4', 0.13072988), ('O2', 0.12893307), ('CP3', 0.12706065), ('Fp1', 0.120729), ('CP4', 0.11556889)]
[2026-05-31 14:15:39]     spatial_update=delta_l2=0.19136521 max_abs=0.04224233 relative=0.16034231 changed=True

[2026-05-31 14:15:39] Fold 5/5 | subject=2
[2026-05-31 14:15:39]     Train: 32 | counts=[16, 16]
[2026-05-31 14:15:39]     Test:  8 | counts=[4, 4]
[2026-05-31 14:15:39]     Model: SignalJEPA_PreLocal | Pretrained: from_pretrained | Strategy: new
[2026-05-31 14:15:39]     Normalization: none | fit_scope=none
[2026-05-31 14:15:39]     Phase 1 (new): 2,170/16,010 params
[2026-05-31 14:15:40]     Result | best_epoch=19 | stop=61 | final_phase_epochs=61 | acc=0.6250 | bal_acc=0.6250 | pred_hist=[3, 5] | collapse=False
[2026-05-31 14:15:40]     spatial_conv=[4, 29] top_abs_channels=[('Pz', 0.15485249), ('O2', 0.14060858), ('T3', 0.13311207), ('O1', 0.12916154), ('T4', 0.12240292), ('CP3', 0.12189062), ('C3', 0.11463225), ('T5', 0.11347206)]
[2026-05-31 14:15:40]     spatial_update=delta_l2=0.09436544 max_abs=0.01853779 relative=0.07906752 changed=True
[2026-05-31 14:15:40]   Subject 2: acc=0.7250±0.0935  bal_acc=0.7250±0.0935
[2026-05-31 14:15:40] \nSubject 3: 40 windows | class_counts=[20, 20]

[2026-05-31 14:15:41] Fold 1/5 | subject=3
[2026-05-31 14:15:41]     Train: 32 | counts=[16, 16]
[2026-05-31 14:15:41]     Test:  8 | counts=[4, 4]
[2026-05-31 14:15:41]     Model: SignalJEPA_PreLocal | Pretrained: from_pretrained | Strategy: new
[2026-05-31 14:15:41]     Normalization: none | fit_scope=none
[2026-05-31 14:15:41]     Phase 1 (new): 2,170/16,010 params
[2026-05-31 14:15:53]     Result | best_epoch=656 | stop=706 | final_phase_epochs=706 | acc=0.8750 | bal_acc=0.8750 | pred_hist=[3, 5] | collapse=False
[2026-05-31 14:15:53]     spatial_conv=[4, 29] top_abs_channels=[('P3', 0.17860073), ('CP3', 0.17220086), ('Fz', 0.15034753), ('Pz', 0.1464536), ('C4', 0.14174142), ('F4', 0.13902733), ('CP4', 0.13597901), ('F3', 0.12067708)]
[2026-05-31 14:15:53]     spatial_update=delta_l2=1.34650989 max_abs=0.33860852 relative=1.12822233 changed=True

[2026-05-31 14:15:53] Fold 2/5 | subject=3
[2026-05-31 14:15:53]     Train: 32 | counts=[16, 16]
[2026-05-31 14:15:53]     Test:  8 | counts=[4, 4]
[2026-05-31 14:15:53]     Model: SignalJEPA_PreLocal | Pretrained: from_pretrained | Strategy: new
[2026-05-31 14:15:53]     Normalization: none | fit_scope=none
[2026-05-31 14:15:53]     Phase 1 (new): 2,170/16,010 params
[2026-05-31 14:15:59]     Result | best_epoch=245 | stop=295 | final_phase_epochs=295 | acc=0.3750 | bal_acc=0.3750 | pred_hist=[3, 5] | collapse=False
[2026-05-31 14:15:59]     spatial_conv=[4, 29] top_abs_channels=[('T5', 0.23979303), ('C3', 0.15372881), ('O2', 0.13368383), ('CP4', 0.13023114), ('F3', 0.13007918), ('P4', 0.12809066), ('O1', 0.11837181), ('C4', 0.11583462)]
[2026-05-31 14:15:59]     spatial_update=delta_l2=1.03895639 max_abs=0.24704584 relative=0.87052743 changed=True

[2026-05-31 14:15:59] Fold 3/5 | subject=3
[2026-05-31 14:15:59]     Train: 32 | counts=[16, 16]
[2026-05-31 14:15:59]     Test:  8 | counts=[4, 4]
[2026-05-31 14:15:59]     Model: SignalJEPA_PreLocal | Pretrained: from_pretrained | Strategy: new
[2026-05-31 14:15:59]     Normalization: none | fit_scope=none
[2026-05-31 14:15:59]     Phase 1 (new): 2,170/16,010 params
[2026-05-31 14:16:03]     Result | best_epoch=145 | stop=193 | final_phase_epochs=193 | acc=0.5000 | bal_acc=0.5000 | pred_hist=[2, 6] | collapse=False
[2026-05-31 14:16:03]     spatial_conv=[4, 29] top_abs_channels=[('F7', 0.14978229), ('CP3', 0.14707468), ('Pz', 0.13714826), ('O2', 0.13453099), ('P4', 0.1293727), ('CP4', 0.12859966), ('Fz', 0.12742399), ('FCz', 0.11592242)]
[2026-05-31 14:16:03]     spatial_update=delta_l2=0.88968422 max_abs=0.21079946 relative=0.74545432 changed=True

[2026-05-31 14:16:03] Fold 4/5 | subject=3
[2026-05-31 14:16:03]     Train: 32 | counts=[16, 16]
[2026-05-31 14:16:03]     Test:  8 | counts=[4, 4]
[2026-05-31 14:16:03]     Model: SignalJEPA_PreLocal | Pretrained: from_pretrained | Strategy: new
[2026-05-31 14:16:03]     Normalization: none | fit_scope=none
[2026-05-31 14:16:03]     Phase 1 (new): 2,170/16,010 params
[2026-05-31 14:16:13]     Result | best_epoch=471 | stop=520 | final_phase_epochs=520 | acc=0.7500 | bal_acc=0.7500 | pred_hist=[4, 4] | collapse=False
[2026-05-31 14:16:13]     spatial_conv=[4, 29] top_abs_channels=[('T5', 0.18226358), ('TP7', 0.18132389), ('P4', 0.18043892), ('CP4', 0.17107341), ('FC3', 0.15122893), ('P3', 0.14381559), ('F4', 0.12544289), ('C3', 0.12292787)]
[2026-05-31 14:16:13]     spatial_update=delta_l2=1.32959287 max_abs=0.33015138 relative=1.11404779 changed=True

[2026-05-31 14:16:13] Fold 5/5 | subject=3
[2026-05-31 14:16:13]     Train: 32 | counts=[16, 16]
[2026-05-31 14:16:13]     Test:  8 | counts=[4, 4]
[2026-05-31 14:16:13]     Model: SignalJEPA_PreLocal | Pretrained: from_pretrained | Strategy: new
[2026-05-31 14:16:13]     Normalization: none | fit_scope=none
[2026-05-31 14:16:13]     Phase 1 (new): 2,170/16,010 params
[2026-05-31 14:16:32]     Result | best_epoch=1016 | stop=1066 | final_phase_epochs=1066 | acc=0.7500 | bal_acc=0.7500 | pred_hist=[6, 2] | collapse=False
[2026-05-31 14:16:32]     spatial_conv=[4, 29] top_abs_channels=[('CP3', 0.26563314), ('P3', 0.19319949), ('CP4', 0.1597079), ('Fz', 0.15515104), ('C4', 0.15245345), ('F4', 0.14704514), ('FCz', 0.13402127), ('F7', 0.1324556)]
[2026-05-31 14:16:32]     spatial_update=delta_l2=1.50897035 max_abs=0.48724410 relative=1.26434575 changed=True
[2026-05-31 14:16:32]   Subject 3: acc=0.6500±0.1837  bal_acc=0.6500±0.1837
[2026-05-31 14:16:32] \nSubject 4: 40 windows | class_counts=[20, 20]

[2026-05-31 14:16:33] Fold 1/5 | subject=4
[2026-05-31 14:16:33]     Train: 32 | counts=[16, 16]
[2026-05-31 14:16:33]     Test:  8 | counts=[4, 4]
[2026-05-31 14:16:33]     Model: SignalJEPA_PreLocal | Pretrained: from_pretrained | Strategy: new
[2026-05-31 14:16:33]     Normalization: none | fit_scope=none
[2026-05-31 14:16:33]     Phase 1 (new): 2,170/16,010 params
[2026-05-31 14:16:34]     Result | best_epoch=1 | stop=51 | final_phase_epochs=51 | acc=0.3750 | bal_acc=0.3750 | pred_hist=[1, 7] | collapse=False
[2026-05-31 14:16:34]     spatial_conv=[4, 29] top_abs_channels=[('Pz', 0.15297945), ('O2', 0.14402659), ('T3', 0.1264268), ('O1', 0.12209319), ('CP3', 0.1213022), ('T4', 0.12129653), ('C3', 0.11541065), ('CP4', 0.11098728)]
[2026-05-31 14:16:34]     spatial_update=delta_l2=0.00959172 max_abs=0.00170381 relative=0.00803678 changed=True

[2026-05-31 14:16:34] Fold 2/5 | subject=4
[2026-05-31 14:16:34]     Train: 32 | counts=[16, 16]
[2026-05-31 14:16:34]     Test:  8 | counts=[4, 4]
[2026-05-31 14:16:34]     Model: SignalJEPA_PreLocal | Pretrained: from_pretrained | Strategy: new
[2026-05-31 14:16:34]     Normalization: none | fit_scope=none
[2026-05-31 14:16:34]     Phase 1 (new): 2,170/16,010 params
[2026-05-31 14:16:38]     Result | best_epoch=167 | stop=217 | final_phase_epochs=217 | acc=0.7500 | bal_acc=0.7500 | pred_hist=[2, 6] | collapse=False
[2026-05-31 14:16:38]     spatial_conv=[4, 29] top_abs_channels=[('O2', 0.17651133), ('T4', 0.15368339), ('CP3', 0.1380446), ('Pz', 0.12728681), ('C4', 0.12459879), ('P4', 0.12107724), ('FCz', 0.11578077), ('TP8', 0.11271803)]
[2026-05-31 14:16:38]     spatial_update=delta_l2=0.65680652 max_abs=0.18269663 relative=0.55032925 changed=True

[2026-05-31 14:16:39] Fold 3/5 | subject=4
[2026-05-31 14:16:39]     Train: 32 | counts=[16, 16]
[2026-05-31 14:16:39]     Test:  8 | counts=[4, 4]
[2026-05-31 14:16:39]     Model: SignalJEPA_PreLocal | Pretrained: from_pretrained | Strategy: new
[2026-05-31 14:16:39]     Normalization: none | fit_scope=none
[2026-05-31 14:16:39]     Phase 1 (new): 2,170/16,010 params
[2026-05-31 14:17:22]     Result | best_epoch=2434 | stop=2484 | final_phase_epochs=2484 | acc=0.6250 | bal_acc=0.6250 | pred_hist=[3, 5] | collapse=False
[2026-05-31 14:17:22]     spatial_conv=[4, 29] top_abs_channels=[('C3', 0.18534234), ('Pz', 0.18533607), ('T6', 0.18151328), ('P3', 0.16768725), ('Fz', 0.14762785), ('P4', 0.1271378), ('FCz', 0.12699462), ('CP3', 0.12373672)]
[2026-05-31 14:17:22]     spatial_update=delta_l2=1.35268005 max_abs=0.33787416 relative=1.13339223 changed=True

[2026-05-31 14:17:22] Fold 4/5 | subject=4
[2026-05-31 14:17:22]     Train: 32 | counts=[16, 16]
[2026-05-31 14:17:22]     Test:  8 | counts=[4, 4]
[2026-05-31 14:17:22]     Model: SignalJEPA_PreLocal | Pretrained: from_pretrained | Strategy: new
[2026-05-31 14:17:22]     Normalization: none | fit_scope=none
[2026-05-31 14:17:22]     Phase 1 (new): 2,170/16,010 params
[2026-05-31 14:17:32]     Result | best_epoch=510 | stop=560 | final_phase_epochs=560 | acc=0.6250 | bal_acc=0.6250 | pred_hist=[5, 3] | collapse=False
[2026-05-31 14:17:32]     spatial_conv=[4, 29] top_abs_channels=[('FC4', 0.2326868), ('CP4', 0.16270539), ('F4', 0.15692697), ('C3', 0.15584241), ('C4', 0.14644957), ('O2', 0.14431572), ('Fz', 0.1287064), ('T3', 0.11427119)]
[2026-05-31 14:17:32]     spatial_update=delta_l2=1.05573908 max_abs=0.32336038 relative=0.88458942 changed=True

[2026-05-31 14:17:33] Fold 5/5 | subject=4
[2026-05-31 14:17:33]     Train: 32 | counts=[16, 16]
[2026-05-31 14:17:33]     Test:  8 | counts=[4, 4]
[2026-05-31 14:17:33]     Model: SignalJEPA_PreLocal | Pretrained: from_pretrained | Strategy: new
[2026-05-31 14:17:33]     Normalization: none | fit_scope=none
[2026-05-31 14:17:33]     Phase 1 (new): 2,170/16,010 params
[2026-05-31 14:17:34]     Result | best_epoch=1 | stop=51 | final_phase_epochs=51 | acc=0.5000 | bal_acc=0.5000 | pred_hist=[0, 8] | collapse=True
[2026-05-31 14:17:34]     spatial_conv=[4, 29] top_abs_channels=[('Pz', 0.15336497), ('O2', 0.14460921), ('T3', 0.12711956), ('O1', 0.12156071), ('T4', 0.12107477), ('CP3', 0.12081165), ('C3', 0.11485605), ('CP4', 0.11078996)]
[2026-05-31 14:17:34]     spatial_update=delta_l2=0.01083075 max_abs=0.00166109 relative=0.00907494 changed=True
[2026-05-31 14:17:34]   Subject 4: acc=0.5750±0.1275  bal_acc=0.5750±0.1275
[2026-05-31 14:17:34] \nSubject 5: 40 windows | class_counts=[20, 20]

[2026-05-31 14:17:35] Fold 1/5 | subject=5
[2026-05-31 14:17:35]     Train: 32 | counts=[16, 16]
[2026-05-31 14:17:35]     Test:  8 | counts=[4, 4]
[2026-05-31 14:17:35]     Model: SignalJEPA_PreLocal | Pretrained: from_pretrained | Strategy: new
[2026-05-31 14:17:35]     Normalization: none | fit_scope=none
[2026-05-31 14:17:35]     Phase 1 (new): 2,170/16,010 params
[2026-05-31 14:17:35]     Result | best_epoch=1 | stop=51 | final_phase_epochs=51 | acc=0.5000 | bal_acc=0.5000 | pred_hist=[0, 8] | collapse=True
[2026-05-31 14:17:35]     spatial_conv=[4, 29] top_abs_channels=[('Pz', 0.15325488), ('O2', 0.14451772), ('T3', 0.12683658), ('O1', 0.12190213), ('T4', 0.12188065), ('CP3', 0.12101986), ('C3', 0.11549777), ('CP4', 0.11037451)]
[2026-05-31 14:17:35]     spatial_update=delta_l2=0.00957118 max_abs=0.00172637 relative=0.00801957 changed=True

[2026-05-31 14:17:36] Fold 2/5 | subject=5
[2026-05-31 14:17:36]     Train: 32 | counts=[16, 16]
[2026-05-31 14:17:36]     Test:  8 | counts=[4, 4]
[2026-05-31 14:17:36]     Model: SignalJEPA_PreLocal | Pretrained: from_pretrained | Strategy: new
[2026-05-31 14:17:36]     Normalization: none | fit_scope=none
[2026-05-31 14:17:36]     Phase 1 (new): 2,170/16,010 params
[2026-05-31 14:17:37]     Result | best_epoch=1 | stop=51 | final_phase_epochs=51 | acc=0.5000 | bal_acc=0.5000 | pred_hist=[0, 8] | collapse=True
[2026-05-31 14:17:37]     spatial_conv=[4, 29] top_abs_channels=[('Pz', 0.15376529), ('O2', 0.14466077), ('T3', 0.12696034), ('O1', 0.12253758), ('T4', 0.12251279), ('CP3', 0.12094965), ('C3', 0.11503302), ('CP4', 0.1106607)]
[2026-05-31 14:17:37]     spatial_update=delta_l2=0.00924146 max_abs=0.00162908 relative=0.00774329 changed=True

[2026-05-31 14:17:37] Fold 3/5 | subject=5
[2026-05-31 14:17:37]     Train: 32 | counts=[16, 16]
[2026-05-31 14:17:37]     Test:  8 | counts=[4, 4]
[2026-05-31 14:17:37]     Model: SignalJEPA_PreLocal | Pretrained: from_pretrained | Strategy: new
[2026-05-31 14:17:37]     Normalization: none | fit_scope=none
[2026-05-31 14:17:37]     Phase 1 (new): 2,170/16,010 params
[2026-05-31 14:18:21]     Result | best_epoch=2536 | stop=2586 | final_phase_epochs=2586 | acc=0.3750 | bal_acc=0.3750 | pred_hist=[5, 3] | collapse=False
[2026-05-31 14:18:21]     spatial_conv=[4, 29] top_abs_channels=[('CP4', 0.19440684), ('TP8', 0.13710932), ('FCz', 0.12035352), ('C4', 0.11797631), ('T6', 0.11786997), ('T5', 0.11349953), ('Fz', 0.11203408), ('TP7', 0.10931244)]
[2026-05-31 14:18:21]     spatial_update=delta_l2=1.13140187 max_abs=0.25334875 relative=0.94798625 changed=True

[2026-05-31 14:18:22] Fold 4/5 | subject=5
[2026-05-31 14:18:22]     Train: 32 | counts=[16, 16]
[2026-05-31 14:18:22]     Test:  8 | counts=[4, 4]
[2026-05-31 14:18:22]     Model: SignalJEPA_PreLocal | Pretrained: from_pretrained | Strategy: new
[2026-05-31 14:18:22]     Normalization: none | fit_scope=none
[2026-05-31 14:18:22]     Phase 1 (new): 2,170/16,010 params
[2026-05-31 14:18:23]     Result | best_epoch=22 | stop=68 | final_phase_epochs=68 | acc=0.5000 | bal_acc=0.5000 | pred_hist=[2, 6] | collapse=False
[2026-05-31 14:18:23]     spatial_conv=[4, 29] top_abs_channels=[('O2', 0.15432739), ('Pz', 0.14770214), ('T4', 0.12941581), ('T3', 0.12819792), ('O1', 0.12545405), ('C3', 0.11441212), ('CP3', 0.11419943), ('CP4', 0.11125479)]
[2026-05-31 14:18:23]     spatial_update=delta_l2=0.13147521 max_abs=0.02963671 relative=0.11016130 changed=True

[2026-05-31 14:18:24] Fold 5/5 | subject=5
[2026-05-31 14:18:24]     Train: 32 | counts=[16, 16]
[2026-05-31 14:18:24]     Test:  8 | counts=[4, 4]
[2026-05-31 14:18:24]     Model: SignalJEPA_PreLocal | Pretrained: from_pretrained | Strategy: new
[2026-05-31 14:18:24]     Normalization: none | fit_scope=none
[2026-05-31 14:18:24]     Phase 1 (new): 2,170/16,010 params
[2026-05-31 14:18:25]     Result | best_epoch=1 | stop=51 | final_phase_epochs=51 | acc=0.5000 | bal_acc=0.5000 | pred_hist=[0, 8] | collapse=True
[2026-05-31 14:18:25]     spatial_conv=[4, 29] top_abs_channels=[('Pz', 0.15306266), ('O2', 0.14448419), ('T3', 0.12651269), ('O1', 0.12221478), ('T4', 0.12213983), ('CP3', 0.1217128), ('C3', 0.11537574), ('CP4', 0.10996398)]
[2026-05-31 14:18:25]     spatial_update=delta_l2=0.00984730 max_abs=0.00170976 relative=0.00825092 changed=True
[2026-05-31 14:18:25]   Subject 5: acc=0.4750±0.0500  bal_acc=0.4750±0.0500
[2026-05-31 14:18:25] \nSubject 6: 40 windows | class_counts=[20, 20]

[2026-05-31 14:18:25] Fold 1/5 | subject=6
[2026-05-31 14:18:25]     Train: 32 | counts=[16, 16]
[2026-05-31 14:18:25]     Test:  8 | counts=[4, 4]
[2026-05-31 14:18:25]     Model: SignalJEPA_PreLocal | Pretrained: from_pretrained | Strategy: new
[2026-05-31 14:18:25]     Normalization: none | fit_scope=none
[2026-05-31 14:18:25]     Phase 1 (new): 2,170/16,010 params
[2026-05-31 14:18:29]     Result | best_epoch=156 | stop=206 | final_phase_epochs=206 | acc=0.3750 | bal_acc=0.3750 | pred_hist=[3, 5] | collapse=False
[2026-05-31 14:18:29]     spatial_conv=[4, 29] top_abs_channels=[('CP3', 0.14947888), ('T3', 0.14596999), ('O2', 0.14357263), ('C4', 0.14350916), ('Pz', 0.13137457), ('Fp2', 0.12007515), ('F4', 0.11951758), ('CP4', 0.11853167)]
[2026-05-31 14:18:29]     spatial_update=delta_l2=0.68810039 max_abs=0.17628833 relative=0.57654996 changed=True

[2026-05-31 14:18:29] Fold 2/5 | subject=6
[2026-05-31 14:18:29]     Train: 32 | counts=[16, 16]
[2026-05-31 14:18:29]     Test:  8 | counts=[4, 4]
[2026-05-31 14:18:29]     Model: SignalJEPA_PreLocal | Pretrained: from_pretrained | Strategy: new
[2026-05-31 14:18:29]     Normalization: none | fit_scope=none
[2026-05-31 14:18:29]     Phase 1 (new): 2,170/16,010 params
[2026-05-31 14:18:36]     Result | best_epoch=351 | stop=398 | final_phase_epochs=398 | acc=0.6250 | bal_acc=0.6250 | pred_hist=[5, 3] | collapse=False
[2026-05-31 14:18:36]     spatial_conv=[4, 29] top_abs_channels=[('Fp1', 0.15798543), ('F7', 0.15516974), ('CP4', 0.15296784), ('CP3', 0.14983116), ('Pz', 0.14237088), ('F3', 0.14226817), ('T3', 0.12597765), ('Fz', 0.1145852)]
[2026-05-31 14:18:36]     spatial_update=delta_l2=0.89129842 max_abs=0.23151060 relative=0.74680683 changed=True

[2026-05-31 14:18:36] Fold 3/5 | subject=6
[2026-05-31 14:18:36]     Train: 32 | counts=[16, 16]
[2026-05-31 14:18:36]     Test:  8 | counts=[4, 4]
[2026-05-31 14:18:36]     Model: SignalJEPA_PreLocal | Pretrained: from_pretrained | Strategy: new
[2026-05-31 14:18:36]     Normalization: none | fit_scope=none
[2026-05-31 14:18:36]     Phase 1 (new): 2,170/16,010 params
[2026-05-31 14:18:47]     Result | best_epoch=569 | stop=619 | final_phase_epochs=619 | acc=0.5000 | bal_acc=0.5000 | pred_hist=[6, 2] | collapse=False
[2026-05-31 14:18:47]     spatial_conv=[4, 29] top_abs_channels=[('C3', 0.18150964), ('CP3', 0.15921812), ('Fp1', 0.1369873), ('F8', 0.12313855), ('P3', 0.12277084), ('CP4', 0.1161954), ('C4', 0.11229577), ('FC3', 0.11122601)]
[2026-05-31 14:18:47]     spatial_update=delta_l2=1.00803821 max_abs=0.30054597 relative=0.84462151 changed=True

[2026-05-31 14:18:47] Fold 4/5 | subject=6
[2026-05-31 14:18:47]     Train: 32 | counts=[16, 16]
[2026-05-31 14:18:47]     Test:  8 | counts=[4, 4]
[2026-05-31 14:18:47]     Model: SignalJEPA_PreLocal | Pretrained: from_pretrained | Strategy: new
[2026-05-31 14:18:47]     Normalization: none | fit_scope=none
[2026-05-31 14:18:47]     Phase 1 (new): 2,170/16,010 params
[2026-05-31 14:18:48]     Result | best_epoch=3 | stop=53 | final_phase_epochs=53 | acc=0.5000 | bal_acc=0.5000 | pred_hist=[0, 8] | collapse=True
[2026-05-31 14:18:48]     spatial_conv=[4, 29] top_abs_channels=[('Pz', 0.15336174), ('O2', 0.14486741), ('T3', 0.12735386), ('O1', 0.12170037), ('T4', 0.12138066), ('CP3', 0.12135102), ('C3', 0.11491094), ('CP4', 0.11066946)]
[2026-05-31 14:18:48]     spatial_update=delta_l2=0.02263765 max_abs=0.00495104 relative=0.01896778 changed=True

[2026-05-31 14:18:49] Fold 5/5 | subject=6
[2026-05-31 14:18:49]     Train: 32 | counts=[16, 16]
[2026-05-31 14:18:49]     Test:  8 | counts=[4, 4]
[2026-05-31 14:18:49]     Model: SignalJEPA_PreLocal | Pretrained: from_pretrained | Strategy: new
[2026-05-31 14:18:49]     Normalization: none | fit_scope=none
[2026-05-31 14:18:49]     Phase 1 (new): 2,170/16,010 params
[2026-05-31 14:18:52]     Result | best_epoch=172 | stop=222 | final_phase_epochs=222 | acc=0.2500 | bal_acc=0.2500 | pred_hist=[4, 4] | collapse=False
[2026-05-31 14:18:52]     spatial_conv=[4, 29] top_abs_channels=[('T6', 0.15110295), ('T3', 0.13509066), ('O2', 0.13506746), ('CP4', 0.13505605), ('CP3', 0.13346025), ('Fp1', 0.13103837), ('Fz', 0.12845713), ('Pz', 0.1192541)]
[2026-05-31 14:18:52]     spatial_update=delta_l2=0.76371784 max_abs=0.22962372 relative=0.63990880 changed=True
[2026-05-31 14:18:52]   Subject 6: acc=0.4500±0.1275  bal_acc=0.4500±0.1275
[2026-05-31 14:18:52] \nSubject 7: 40 windows | class_counts=[20, 20]

[2026-05-31 14:18:53] Fold 1/5 | subject=7
[2026-05-31 14:18:53]     Train: 32 | counts=[16, 16]
[2026-05-31 14:18:53]     Test:  8 | counts=[4, 4]
[2026-05-31 14:18:53]     Model: SignalJEPA_PreLocal | Pretrained: from_pretrained | Strategy: new
[2026-05-31 14:18:53]     Normalization: none | fit_scope=none
[2026-05-31 14:18:53]     Phase 1 (new): 2,170/16,010 params
[2026-05-31 14:19:05]     Result | best_epoch=673 | stop=723 | final_phase_epochs=723 | acc=0.6250 | bal_acc=0.6250 | pred_hist=[3, 5] | collapse=False
[2026-05-31 14:19:05]     spatial_conv=[4, 29] top_abs_channels=[('CP3', 0.20886648), ('Fz', 0.17465168), ('P4', 0.12825075), ('CP4', 0.12213433), ('C3', 0.11972366), ('TP7', 0.10701309), ('P3', 0.10320032), ('F4', 0.10293759)]
[2026-05-31 14:19:05]     spatial_update=delta_l2=1.11237517 max_abs=0.28816111 relative=0.93204403 changed=True

[2026-05-31 14:19:05] Fold 2/5 | subject=7
[2026-05-31 14:19:05]     Train: 32 | counts=[16, 16]
[2026-05-31 14:19:05]     Test:  8 | counts=[4, 4]
[2026-05-31 14:19:05]     Model: SignalJEPA_PreLocal | Pretrained: from_pretrained | Strategy: new
[2026-05-31 14:19:05]     Normalization: none | fit_scope=none
[2026-05-31 14:19:05]     Phase 1 (new): 2,170/16,010 params
[2026-05-31 14:19:08]     Result | best_epoch=108 | stop=151 | final_phase_epochs=151 | acc=0.5000 | bal_acc=0.5000 | pred_hist=[6, 2] | collapse=False
[2026-05-31 14:19:08]     spatial_conv=[4, 29] top_abs_channels=[('CP3', 0.15087095), ('CP4', 0.13124737), ('FT8', 0.13008863), ('F8', 0.12947352), ('O2', 0.12741901), ('Fp1', 0.12481755), ('F4', 0.12455626), ('Pz', 0.12228075)]
[2026-05-31 14:19:08]     spatial_update=delta_l2=0.57432317 max_abs=0.14369626 relative=0.48121758 changed=True

[2026-05-31 14:19:09] Fold 3/5 | subject=7
[2026-05-31 14:19:09]     Train: 32 | counts=[16, 16]
[2026-05-31 14:19:09]     Test:  8 | counts=[4, 4]
[2026-05-31 14:19:09]     Model: SignalJEPA_PreLocal | Pretrained: from_pretrained | Strategy: new
[2026-05-31 14:19:09]     Normalization: none | fit_scope=none
[2026-05-31 14:19:09]     Phase 1 (new): 2,170/16,010 params
[2026-05-31 14:19:14]     Result | best_epoch=236 | stop=286 | final_phase_epochs=286 | acc=0.8750 | bal_acc=0.8750 | pred_hist=[3, 5] | collapse=False
[2026-05-31 14:19:14]     spatial_conv=[4, 29] top_abs_channels=[('CP4', 0.18303889), ('O2', 0.16042219), ('Pz', 0.14404878), ('CP3', 0.13169558), ('FT7', 0.12600002), ('O1', 0.11889173), ('F8', 0.11316439), ('C3', 0.11106449)]
[2026-05-31 14:19:14]     spatial_update=delta_l2=0.76587910 max_abs=0.18259552 relative=0.64171969 changed=True

[2026-05-31 14:19:14] Fold 4/5 | subject=7
[2026-05-31 14:19:14]     Train: 32 | counts=[16, 16]
[2026-05-31 14:19:14]     Test:  8 | counts=[4, 4]
[2026-05-31 14:19:14]     Model: SignalJEPA_PreLocal | Pretrained: from_pretrained | Strategy: new
[2026-05-31 14:19:14]     Normalization: none | fit_scope=none
[2026-05-31 14:19:14]     Phase 1 (new): 2,170/16,010 params
[2026-05-31 14:19:24]     Result | best_epoch=504 | stop=554 | final_phase_epochs=554 | acc=0.3750 | bal_acc=0.3750 | pred_hist=[3, 5] | collapse=False
[2026-05-31 14:19:24]     spatial_conv=[4, 29] top_abs_channels=[('CP3', 0.22126988), ('P3', 0.19745272), ('F4', 0.17950791), ('TP7', 0.15182959), ('CP4', 0.12355395), ('FT8', 0.11445888), ('FT7', 0.09945515), ('Pz', 0.09697764)]
[2026-05-31 14:19:24]     spatial_update=delta_l2=1.21653868 max_abs=0.43168437 relative=1.01932122 changed=True

[2026-05-31 14:19:24] Fold 5/5 | subject=7
[2026-05-31 14:19:24]     Train: 32 | counts=[16, 16]
[2026-05-31 14:19:24]     Test:  8 | counts=[4, 4]
[2026-05-31 14:19:24]     Model: SignalJEPA_PreLocal | Pretrained: from_pretrained | Strategy: new
[2026-05-31 14:19:24]     Normalization: none | fit_scope=none
[2026-05-31 14:19:24]     Phase 1 (new): 2,170/16,010 params
[2026-05-31 14:19:28]     Result | best_epoch=138 | stop=188 | final_phase_epochs=188 | acc=0.6250 | bal_acc=0.6250 | pred_hist=[3, 5] | collapse=False
[2026-05-31 14:19:28]     spatial_conv=[4, 29] top_abs_channels=[('Pz', 0.16276985), ('CP3', 0.15357846), ('CP4', 0.14674492), ('FT7', 0.13470411), ('FT8', 0.12880088), ('Fp1', 0.12654053), ('F8', 0.12045876), ('O2', 0.11736836)]
[2026-05-31 14:19:28]     spatial_update=delta_l2=0.68197569 max_abs=0.16645768 relative=0.57141816 changed=True
[2026-05-31 14:19:28]   Subject 7: acc=0.6000±0.1658  bal_acc=0.6000±0.1658
[2026-05-31 14:19:28] \nSubject 8: 40 windows | class_counts=[20, 20]

[2026-05-31 14:19:28] Fold 1/5 | subject=8
[2026-05-31 14:19:28]     Train: 32 | counts=[16, 16]
[2026-05-31 14:19:28]     Test:  8 | counts=[4, 4]
[2026-05-31 14:19:28]     Model: SignalJEPA_PreLocal | Pretrained: from_pretrained | Strategy: new
[2026-05-31 14:19:28]     Normalization: none | fit_scope=none
[2026-05-31 14:19:28]     Phase 1 (new): 2,170/16,010 params
[2026-05-31 14:19:32]     Result | best_epoch=151 | stop=201 | final_phase_epochs=201 | acc=0.6250 | bal_acc=0.6250 | pred_hist=[5, 3] | collapse=False
[2026-05-31 14:19:32]     spatial_conv=[4, 29] top_abs_channels=[('TP7', 0.16775206), ('TP8', 0.15946838), ('CP3', 0.15931758), ('Pz', 0.12914489), ('C3', 0.12804578), ('Fz', 0.12621522), ('T5', 0.12490948), ('P4', 0.1231443)]
[2026-05-31 14:19:32]     spatial_update=delta_l2=0.77031639 max_abs=0.26586722 relative=0.64543763 changed=True

[2026-05-31 14:19:32] Fold 2/5 | subject=8
[2026-05-31 14:19:32]     Train: 32 | counts=[16, 16]
[2026-05-31 14:19:32]     Test:  8 | counts=[4, 4]
[2026-05-31 14:19:32]     Model: SignalJEPA_PreLocal | Pretrained: from_pretrained | Strategy: new
[2026-05-31 14:19:32]     Normalization: none | fit_scope=none
[2026-05-31 14:19:32]     Phase 1 (new): 2,170/16,010 params
[2026-05-31 14:19:36]     Result | best_epoch=122 | stop=172 | final_phase_epochs=172 | acc=0.7500 | bal_acc=0.7500 | pred_hist=[4, 4] | collapse=False
[2026-05-31 14:19:36]     spatial_conv=[4, 29] top_abs_channels=[('CP3', 0.14495015), ('CP4', 0.14342773), ('TP7', 0.1402332), ('Pz', 0.13487051), ('P4', 0.12991941), ('TP8', 0.12777224), ('C3', 0.12622038), ('T4', 0.1174676)]
[2026-05-31 14:19:36]     spatial_update=delta_l2=0.61748906 max_abs=0.20715865 relative=0.51738569 changed=True

[2026-05-31 14:19:36] Fold 3/5 | subject=8
[2026-05-31 14:19:36]     Train: 32 | counts=[16, 16]
[2026-05-31 14:19:36]     Test:  8 | counts=[4, 4]
[2026-05-31 14:19:36]     Model: SignalJEPA_PreLocal | Pretrained: from_pretrained | Strategy: new
[2026-05-31 14:19:36]     Normalization: none | fit_scope=none
[2026-05-31 14:19:36]     Phase 1 (new): 2,170/16,010 params
[2026-05-31 14:19:37]     Result | best_epoch=1 | stop=51 | final_phase_epochs=51 | acc=0.5000 | bal_acc=0.5000 | pred_hist=[0, 8] | collapse=True
[2026-05-31 14:19:37]     spatial_conv=[4, 29] top_abs_channels=[('Pz', 0.15262569), ('O2', 0.14353555), ('T3', 0.12721729), ('O1', 0.1231804), ('T4', 0.1222806), ('CP3', 0.1213945), ('C3', 0.11516538), ('CP4', 0.11105409)]
[2026-05-31 14:19:37]     spatial_update=delta_l2=0.01080066 max_abs=0.00172430 relative=0.00904972 changed=True

[2026-05-31 14:19:37] Fold 4/5 | subject=8
[2026-05-31 14:19:37]     Train: 32 | counts=[16, 16]
[2026-05-31 14:19:37]     Test:  8 | counts=[4, 4]
[2026-05-31 14:19:37]     Model: SignalJEPA_PreLocal | Pretrained: from_pretrained | Strategy: new
[2026-05-31 14:19:37]     Normalization: none | fit_scope=none
[2026-05-31 14:19:37]     Phase 1 (new): 2,170/16,010 params
[2026-05-31 14:19:39]     Result | best_epoch=40 | stop=90 | final_phase_epochs=90 | acc=0.6250 | bal_acc=0.6250 | pred_hist=[1, 7] | collapse=False
[2026-05-31 14:19:39]     spatial_conv=[4, 29] top_abs_channels=[('Pz', 0.14518009), ('CP3', 0.13901603), ('O2', 0.13712633), ('P4', 0.13342299), ('O1', 0.1254876), ('T3', 0.12543783), ('F7', 0.11790533), ('TP8', 0.11420115)]
[2026-05-31 14:19:39]     spatial_update=delta_l2=0.26029093 max_abs=0.07020994 relative=0.21809423 changed=True

[2026-05-31 14:19:39] Fold 5/5 | subject=8
[2026-05-31 14:19:39]     Train: 32 | counts=[16, 16]
[2026-05-31 14:19:39]     Test:  8 | counts=[4, 4]
[2026-05-31 14:19:39]     Model: SignalJEPA_PreLocal | Pretrained: from_pretrained | Strategy: new
[2026-05-31 14:19:39]     Normalization: none | fit_scope=none
[2026-05-31 14:19:39]     Phase 1 (new): 2,170/16,010 params
[2026-05-31 14:19:42]     Result | best_epoch=124 | stop=173 | final_phase_epochs=173 | acc=0.6250 | bal_acc=0.6250 | pred_hist=[5, 3] | collapse=False
[2026-05-31 14:19:42]     spatial_conv=[4, 29] top_abs_channels=[('Pz', 0.15405965), ('C3', 0.14423838), ('TP7', 0.13369189), ('CP4', 0.12535663), ('CP3', 0.12493967), ('T4', 0.12301689), ('Fp2', 0.1099731), ('TP8', 0.10997269)]
[2026-05-31 14:19:42]     spatial_update=delta_l2=0.62027647 max_abs=0.21133444 relative=0.51972123 changed=True
[2026-05-31 14:19:42]   Subject 8: acc=0.6250±0.0791  bal_acc=0.6250±0.0791
[2026-05-31 14:19:42] \nSubject 9: 40 windows | class_counts=[20, 20]

[2026-05-31 14:19:43] Fold 1/5 | subject=9
[2026-05-31 14:19:43]     Train: 32 | counts=[16, 16]
[2026-05-31 14:19:43]     Test:  8 | counts=[4, 4]
[2026-05-31 14:19:43]     Model: SignalJEPA_PreLocal | Pretrained: from_pretrained | Strategy: new
[2026-05-31 14:19:43]     Normalization: none | fit_scope=none
[2026-05-31 14:19:43]     Phase 1 (new): 2,170/16,010 params
[2026-05-31 14:19:44]     Result | best_epoch=33 | stop=83 | final_phase_epochs=83 | acc=0.5000 | bal_acc=0.5000 | pred_hist=[2, 6] | collapse=False
[2026-05-31 14:19:44]     spatial_conv=[4, 29] top_abs_channels=[('Pz', 0.14871109), ('O2', 0.14755911), ('T4', 0.12480468), ('CP3', 0.12385856), ('CP4', 0.12274404), ('T3', 0.12086506), ('C3', 0.11488095), ('Fz', 0.11226036)]
[2026-05-31 14:19:44]     spatial_update=delta_l2=0.21225440 max_abs=0.04982667 relative=0.17784508 changed=True

[2026-05-31 14:19:45] Fold 2/5 | subject=9
[2026-05-31 14:19:45]     Train: 32 | counts=[16, 16]
[2026-05-31 14:19:45]     Test:  8 | counts=[4, 4]
[2026-05-31 14:19:45]     Model: SignalJEPA_PreLocal | Pretrained: from_pretrained | Strategy: new
[2026-05-31 14:19:45]     Normalization: none | fit_scope=none
[2026-05-31 14:19:45]     Phase 1 (new): 2,170/16,010 params
[2026-05-31 14:19:47]     Result | best_epoch=90 | stop=140 | final_phase_epochs=140 | acc=0.5000 | bal_acc=0.5000 | pred_hist=[4, 4] | collapse=False
[2026-05-31 14:19:47]     spatial_conv=[4, 29] top_abs_channels=[('T3', 0.1858218), ('O2', 0.16167432), ('C4', 0.13241532), ('T4', 0.12509242), ('CP3', 0.12471007), ('Pz', 0.12021789), ('O1', 0.11348705), ('C3', 0.109186)]
[2026-05-31 14:19:47]     spatial_update=delta_l2=0.43533468 max_abs=0.10593409 relative=0.36476101 changed=True

[2026-05-31 14:19:48] Fold 3/5 | subject=9
[2026-05-31 14:19:48]     Train: 32 | counts=[16, 16]
[2026-05-31 14:19:48]     Test:  8 | counts=[4, 4]
[2026-05-31 14:19:48]     Model: SignalJEPA_PreLocal | Pretrained: from_pretrained | Strategy: new
[2026-05-31 14:19:48]     Normalization: none | fit_scope=none
[2026-05-31 14:19:48]     Phase 1 (new): 2,170/16,010 params
[2026-05-31 14:19:49]     Result | best_epoch=52 | stop=101 | final_phase_epochs=101 | acc=0.3750 | bal_acc=0.3750 | pred_hist=[3, 5] | collapse=False
[2026-05-31 14:19:49]     spatial_conv=[4, 29] top_abs_channels=[('T3', 0.17420441), ('O2', 0.15805571), ('T4', 0.12988943), ('CP3', 0.12814282), ('Pz', 0.11831135), ('C4', 0.11288778), ('P4', 0.10833338), ('CP4', 0.10492538)]
[2026-05-31 14:19:49]     spatial_update=delta_l2=0.28794654 max_abs=0.06327253 relative=0.24126649 changed=True

[2026-05-31 14:19:50] Fold 4/5 | subject=9
[2026-05-31 14:19:50]     Train: 32 | counts=[16, 16]
[2026-05-31 14:19:50]     Test:  8 | counts=[4, 4]
[2026-05-31 14:19:50]     Model: SignalJEPA_PreLocal | Pretrained: from_pretrained | Strategy: new
[2026-05-31 14:19:50]     Normalization: none | fit_scope=none
[2026-05-31 14:19:50]     Phase 1 (new): 2,170/16,010 params
[2026-05-31 14:19:51]     Result | best_epoch=16 | stop=66 | final_phase_epochs=66 | acc=0.5000 | bal_acc=0.5000 | pred_hist=[2, 6] | collapse=False
[2026-05-31 14:19:51]     spatial_conv=[4, 29] top_abs_channels=[('Pz', 0.15373172), ('O2', 0.14597726), ('T3', 0.12651202), ('CP3', 0.1263501), ('T4', 0.12469459), ('O1', 0.12185755), ('C3', 0.12111565), ('CP4', 0.11006769)]
[2026-05-31 14:19:51]     spatial_update=delta_l2=0.10658558 max_abs=0.02167023 relative=0.08930661 changed=True

[2026-05-31 14:19:51] Fold 5/5 | subject=9
[2026-05-31 14:19:51]     Train: 32 | counts=[16, 16]
[2026-05-31 14:19:51]     Test:  8 | counts=[4, 4]
[2026-05-31 14:19:51]     Model: SignalJEPA_PreLocal | Pretrained: from_pretrained | Strategy: new
[2026-05-31 14:19:51]     Normalization: none | fit_scope=none
[2026-05-31 14:19:51]     Phase 1 (new): 2,170/16,010 params
[2026-05-31 14:19:57]     Result | best_epoch=277 | stop=327 | final_phase_epochs=327 | acc=0.1250 | bal_acc=0.1250 | pred_hist=[3, 5] | collapse=False
[2026-05-31 14:19:57]     spatial_conv=[4, 29] top_abs_channels=[('T3', 0.16562435), ('C4', 0.16476625), ('O2', 0.14825401), ('CP3', 0.14149851), ('P3', 0.13397339), ('F4', 0.13160273), ('Pz', 0.1197208), ('T4', 0.11685793)]
[2026-05-31 14:19:57]     spatial_update=delta_l2=0.90318386 max_abs=0.22439394 relative=0.75676548 changed=True
[2026-05-31 14:19:57]   Subject 9: acc=0.4000±0.1458  bal_acc=0.4000±0.1458
[2026-05-31 14:19:57] \nSubject 10: 40 windows | class_counts=[20, 20]

[2026-05-31 14:19:57] Fold 1/5 | subject=10
[2026-05-31 14:19:57]     Train: 32 | counts=[16, 16]
[2026-05-31 14:19:57]     Test:  8 | counts=[4, 4]
[2026-05-31 14:19:57]     Model: SignalJEPA_PreLocal | Pretrained: from_pretrained | Strategy: new
[2026-05-31 14:19:57]     Normalization: none | fit_scope=none
[2026-05-31 14:19:57]     Phase 1 (new): 2,170/16,010 params
[2026-05-31 14:19:58]     Result | best_epoch=1 | stop=51 | final_phase_epochs=51 | acc=0.5000 | bal_acc=0.5000 | pred_hist=[0, 8] | collapse=True
[2026-05-31 14:19:58]     spatial_conv=[4, 29] top_abs_channels=[('Pz', 0.15329553), ('O2', 0.14363797), ('T3', 0.12714805), ('O1', 0.12220936), ('T4', 0.12147801), ('CP3', 0.12096575), ('C3', 0.11528966), ('CP4', 0.11147235)]
[2026-05-31 14:19:58]     spatial_update=delta_l2=0.00997669 max_abs=0.00167739 relative=0.00835933 changed=True

[2026-05-31 14:19:58] Fold 2/5 | subject=10
[2026-05-31 14:19:58]     Train: 32 | counts=[16, 16]
[2026-05-31 14:19:58]     Test:  8 | counts=[4, 4]
[2026-05-31 14:19:58]     Model: SignalJEPA_PreLocal | Pretrained: from_pretrained | Strategy: new
[2026-05-31 14:19:58]     Normalization: none | fit_scope=none
[2026-05-31 14:19:58]     Phase 1 (new): 2,170/16,010 params
[2026-05-31 14:19:59]     Result | best_epoch=1 | stop=51 | final_phase_epochs=51 | acc=0.5000 | bal_acc=0.5000 | pred_hist=[0, 8] | collapse=True
[2026-05-31 14:19:59]     spatial_conv=[4, 29] top_abs_channels=[('Pz', 0.15298985), ('O2', 0.14360365), ('T3', 0.12688598), ('O1', 0.12221321), ('T4', 0.1220722), ('CP3', 0.12146406), ('C3', 0.11511374), ('CP4', 0.11126272)]
[2026-05-31 14:19:59]     spatial_update=delta_l2=0.00755501 max_abs=0.00137128 relative=0.00633024 changed=True

[2026-05-31 14:20:00] Fold 3/5 | subject=10
[2026-05-31 14:20:00]     Train: 32 | counts=[16, 16]
[2026-05-31 14:20:00]     Test:  8 | counts=[4, 4]
[2026-05-31 14:20:00]     Model: SignalJEPA_PreLocal | Pretrained: from_pretrained | Strategy: new
[2026-05-31 14:20:00]     Normalization: none | fit_scope=none
[2026-05-31 14:20:00]     Phase 1 (new): 2,170/16,010 params
[2026-05-31 14:20:17]     Result | best_epoch=937 | stop=987 | final_phase_epochs=987 | acc=0.3750 | bal_acc=0.3750 | pred_hist=[3, 5] | collapse=False
[2026-05-31 14:20:17]     spatial_conv=[4, 29] top_abs_channels=[('CP3', 0.16630831), ('FC4', 0.16549116), ('TP7', 0.1638689), ('P3', 0.15569039), ('T3', 0.14888674), ('C4', 0.14560443), ('CP4', 0.13087863), ('FT7', 0.1279192)]
[2026-05-31 14:20:17]     spatial_update=delta_l2=1.34991151 max_abs=0.40027332 relative=1.13107251 changed=True

[2026-05-31 14:20:18] Fold 4/5 | subject=10
[2026-05-31 14:20:18]     Train: 32 | counts=[16, 16]
[2026-05-31 14:20:18]     Test:  8 | counts=[4, 4]
[2026-05-31 14:20:18]     Model: SignalJEPA_PreLocal | Pretrained: from_pretrained | Strategy: new
[2026-05-31 14:20:18]     Normalization: none | fit_scope=none
[2026-05-31 14:20:18]     Phase 1 (new): 2,170/16,010 params
[2026-05-31 14:20:33]     Result | best_epoch=767 | stop=817 | final_phase_epochs=817 | acc=0.5000 | bal_acc=0.5000 | pred_hist=[4, 4] | collapse=False
[2026-05-31 14:20:33]     spatial_conv=[4, 29] top_abs_channels=[('FC3', 0.26953131), ('P3', 0.15673125), ('F4', 0.15269129), ('T3', 0.12899099), ('CP3', 0.12552747), ('C4', 0.12230517), ('FC4', 0.11925501), ('F3', 0.11778378)]
[2026-05-31 14:20:33]     spatial_update=delta_l2=1.33096908 max_abs=0.53887802 relative=1.11520090 changed=True

[2026-05-31 14:20:33] Fold 5/5 | subject=10
[2026-05-31 14:20:33]     Train: 32 | counts=[16, 16]
[2026-05-31 14:20:33]     Test:  8 | counts=[4, 4]
[2026-05-31 14:20:33]     Model: SignalJEPA_PreLocal | Pretrained: from_pretrained | Strategy: new
[2026-05-31 14:20:33]     Normalization: none | fit_scope=none
[2026-05-31 14:20:33]     Phase 1 (new): 2,170/16,010 params
[2026-05-31 14:20:37]     Result | best_epoch=143 | stop=193 | final_phase_epochs=193 | acc=0.5000 | bal_acc=0.5000 | pred_hist=[4, 4] | collapse=False
[2026-05-31 14:20:37]     spatial_conv=[4, 29] top_abs_channels=[('CP3', 0.17702901), ('T3', 0.17043093), ('T4', 0.15439619), ('Pz', 0.15323591), ('C4', 0.13400678), ('FT7', 0.11754381), ('O2', 0.11571999), ('Fz', 0.11453401)]
[2026-05-31 14:20:37]     spatial_update=delta_l2=0.74230389 max_abs=0.19276926 relative=0.62196634 changed=True
[2026-05-31 14:20:37]   Subject 10: acc=0.4750±0.0500  bal_acc=0.4750±0.0500
[2026-05-31 14:20:37] \nSubject 11: 40 windows | class_counts=[20, 20]

[2026-05-31 14:20:38] Fold 1/5 | subject=11
[2026-05-31 14:20:38]     Train: 32 | counts=[16, 16]
[2026-05-31 14:20:38]     Test:  8 | counts=[4, 4]
[2026-05-31 14:20:38]     Model: SignalJEPA_PreLocal | Pretrained: from_pretrained | Strategy: new
[2026-05-31 14:20:38]     Normalization: none | fit_scope=none
[2026-05-31 14:20:38]     Phase 1 (new): 2,170/16,010 params
[2026-05-31 14:20:42]     Result | best_epoch=165 | stop=215 | final_phase_epochs=215 | acc=0.3750 | bal_acc=0.3750 | pred_hist=[3, 5] | collapse=False
[2026-05-31 14:20:42]     spatial_conv=[4, 29] top_abs_channels=[('CP3', 0.21176836), ('Pz', 0.16542166), ('P4', 0.14886497), ('O2', 0.13245052), ('FT8', 0.12696935), ('C3', 0.11697447), ('FT7', 0.11525045), ('TP7', 0.11370756)]
[2026-05-31 14:20:42]     spatial_update=delta_l2=0.67088035 max_abs=0.17383932 relative=0.56212153 changed=True

[2026-05-31 14:20:43] Fold 2/5 | subject=11
[2026-05-31 14:20:43]     Train: 32 | counts=[16, 16]
[2026-05-31 14:20:43]     Test:  8 | counts=[4, 4]
[2026-05-31 14:20:43]     Model: SignalJEPA_PreLocal | Pretrained: from_pretrained | Strategy: new
[2026-05-31 14:20:43]     Normalization: none | fit_scope=none
[2026-05-31 14:20:43]     Phase 1 (new): 2,170/16,010 params
[2026-05-31 14:20:44]     Result | best_epoch=1 | stop=51 | final_phase_epochs=51 | acc=0.5000 | bal_acc=0.5000 | pred_hist=[0, 8] | collapse=True
[2026-05-31 14:20:44]     spatial_conv=[4, 29] top_abs_channels=[('Pz', 0.1531689), ('O2', 0.14357495), ('T3', 0.12706131), ('T4', 0.12203667), ('O1', 0.12185895), ('CP3', 0.12102455), ('C3', 0.11499043), ('CP4', 0.11049271)]
[2026-05-31 14:20:44]     spatial_update=delta_l2=0.00816158 max_abs=0.00162941 relative=0.00683848 changed=True

[2026-05-31 14:20:44] Fold 3/5 | subject=11
[2026-05-31 14:20:44]     Train: 32 | counts=[16, 16]
[2026-05-31 14:20:44]     Test:  8 | counts=[4, 4]
[2026-05-31 14:20:44]     Model: SignalJEPA_PreLocal | Pretrained: from_pretrained | Strategy: new
[2026-05-31 14:20:44]     Normalization: none | fit_scope=none
[2026-05-31 14:20:44]     Phase 1 (new): 2,170/16,010 params
[2026-05-31 14:20:48]     Result | best_epoch=145 | stop=195 | final_phase_epochs=195 | acc=0.7500 | bal_acc=0.7500 | pred_hist=[4, 4] | collapse=False
[2026-05-31 14:20:48]     spatial_conv=[4, 29] top_abs_channels=[('CP3', 0.18794616), ('Pz', 0.1649721), ('FT8', 0.15210257), ('C3', 0.14151174), ('T4', 0.135057), ('O2', 0.11899686), ('P4', 0.11797377), ('Fz', 0.11599259)]
[2026-05-31 14:20:48]     spatial_update=delta_l2=0.65863375 max_abs=0.16200402 relative=0.55186026 changed=True

[2026-05-31 14:20:48] Fold 4/5 | subject=11
[2026-05-31 14:20:48]     Train: 32 | counts=[16, 16]
[2026-05-31 14:20:48]     Test:  8 | counts=[4, 4]
[2026-05-31 14:20:48]     Model: SignalJEPA_PreLocal | Pretrained: from_pretrained | Strategy: new
[2026-05-31 14:20:48]     Normalization: none | fit_scope=none
[2026-05-31 14:20:48]     Phase 1 (new): 2,170/16,010 params
[2026-05-31 14:20:52]     Result | best_epoch=55 | stop=105 | final_phase_epochs=105 | acc=0.5000 | bal_acc=0.5000 | pred_hist=[2, 6] | collapse=False
[2026-05-31 14:20:52]     spatial_conv=[4, 29] top_abs_channels=[('Pz', 0.14453937), ('O2', 0.14076698), ('CP3', 0.13731918), ('T4', 0.13478725), ('Fz', 0.11435287), ('P4', 0.11284328), ('O1', 0.10965526), ('T3', 0.10774524)]
[2026-05-31 14:20:52]     spatial_update=delta_l2=0.34790716 max_abs=0.09315248 relative=0.29150668 changed=True

[2026-05-31 14:20:52] Fold 5/5 | subject=11
[2026-05-31 14:20:52]     Train: 32 | counts=[16, 16]
[2026-05-31 14:20:52]     Test:  8 | counts=[4, 4]
[2026-05-31 14:20:52]     Model: SignalJEPA_PreLocal | Pretrained: from_pretrained | Strategy: new
[2026-05-31 14:20:52]     Normalization: none | fit_scope=none
[2026-05-31 14:20:52]     Phase 1 (new): 2,170/16,010 params
[2026-05-31 14:20:54]     Result | best_epoch=1 | stop=51 | final_phase_epochs=51 | acc=0.5000 | bal_acc=0.5000 | pred_hist=[0, 8] | collapse=True
[2026-05-31 14:20:54]     spatial_conv=[4, 29] top_abs_channels=[('Pz', 0.15309209), ('O2', 0.14370357), ('T3', 0.1267333), ('O1', 0.12262511), ('T4', 0.12186223), ('CP3', 0.12157522), ('C3', 0.11496919), ('CP4', 0.11036388)]
[2026-05-31 14:20:54]     spatial_update=delta_l2=0.00804712 max_abs=0.00149319 relative=0.00674258 changed=True
[2026-05-31 14:20:54]   Subject 11: acc=0.5250±0.1225  bal_acc=0.5250±0.1225
[2026-05-31 14:20:54] \nSubject 12: 40 windows | class_counts=[20, 20]

[2026-05-31 14:20:54] Fold 1/5 | subject=12
[2026-05-31 14:20:54]     Train: 32 | counts=[16, 16]
[2026-05-31 14:20:54]     Test:  8 | counts=[4, 4]
[2026-05-31 14:20:54]     Model: SignalJEPA_PreLocal | Pretrained: from_pretrained | Strategy: new
[2026-05-31 14:20:54]     Normalization: none | fit_scope=none
[2026-05-31 14:20:54]     Phase 1 (new): 2,170/16,010 params
[2026-05-31 14:20:55]     Result | best_epoch=1 | stop=51 | final_phase_epochs=51 | acc=0.5000 | bal_acc=0.5000 | pred_hist=[0, 8] | collapse=True
[2026-05-31 14:20:55]     spatial_conv=[4, 29] top_abs_channels=[('Pz', 0.15366091), ('O2', 0.14380883), ('T3', 0.1258436), ('T4', 0.12256208), ('O1', 0.12143189), ('CP3', 0.12114285), ('C3', 0.11453091), ('CP4', 0.11070666)]
[2026-05-31 14:20:55]     spatial_update=delta_l2=0.00924937 max_abs=0.00175455 relative=0.00774992 changed=True

[2026-05-31 14:20:55] Fold 2/5 | subject=12
[2026-05-31 14:20:55]     Train: 32 | counts=[16, 16]
[2026-05-31 14:20:55]     Test:  8 | counts=[4, 4]
[2026-05-31 14:20:55]     Model: SignalJEPA_PreLocal | Pretrained: from_pretrained | Strategy: new
[2026-05-31 14:20:55]     Normalization: none | fit_scope=none
[2026-05-31 14:20:55]     Phase 1 (new): 2,170/16,010 params
[2026-05-31 14:20:57]     Result | best_epoch=1 | stop=51 | final_phase_epochs=51 | acc=0.5000 | bal_acc=0.5000 | pred_hist=[0, 8] | collapse=True
[2026-05-31 14:20:57]     spatial_conv=[4, 29] top_abs_channels=[('Pz', 0.15332837), ('O2', 0.14369881), ('T3', 0.12638709), ('T4', 0.12246053), ('CP3', 0.12202395), ('O1', 0.12118825), ('C3', 0.11495423), ('CP4', 0.11080372)]
[2026-05-31 14:20:57]     spatial_update=delta_l2=0.00886028 max_abs=0.00175793 relative=0.00742391 changed=True

[2026-05-31 14:20:57] Fold 3/5 | subject=12
[2026-05-31 14:20:57]     Train: 32 | counts=[16, 16]
[2026-05-31 14:20:57]     Test:  8 | counts=[4, 4]
[2026-05-31 14:20:57]     Model: SignalJEPA_PreLocal | Pretrained: from_pretrained | Strategy: new
[2026-05-31 14:20:57]     Normalization: none | fit_scope=none
[2026-05-31 14:20:57]     Phase 1 (new): 2,170/16,010 params
[2026-05-31 14:20:59]     Result | best_epoch=63 | stop=113 | final_phase_epochs=113 | acc=0.5000 | bal_acc=0.5000 | pred_hist=[4, 4] | collapse=False
[2026-05-31 14:20:59]     spatial_conv=[4, 29] top_abs_channels=[('O2', 0.18567806), ('Pz', 0.14341065), ('CP3', 0.14193517), ('TP7', 0.1266906), ('P4', 0.12043785), ('CP4', 0.11555785), ('T3', 0.10717574), ('FCz', 0.10238201)]
[2026-05-31 14:20:59]     spatial_update=delta_l2=0.43493996 max_abs=0.09486175 relative=0.36443028 changed=True

[2026-05-31 14:21:00] Fold 4/5 | subject=12
[2026-05-31 14:21:00]     Train: 32 | counts=[16, 16]
[2026-05-31 14:21:00]     Test:  8 | counts=[4, 4]
[2026-05-31 14:21:00]     Model: SignalJEPA_PreLocal | Pretrained: from_pretrained | Strategy: new
[2026-05-31 14:21:00]     Normalization: none | fit_scope=none
[2026-05-31 14:21:00]     Phase 1 (new): 2,170/16,010 params
[2026-05-31 14:21:01]     Result | best_epoch=1 | stop=51 | final_phase_epochs=51 | acc=0.5000 | bal_acc=0.5000 | pred_hist=[0, 8] | collapse=True
[2026-05-31 14:21:01]     spatial_conv=[4, 29] top_abs_channels=[('Pz', 0.15328296), ('O2', 0.1434579), ('T3', 0.12613513), ('T4', 0.1223048), ('O1', 0.12207529), ('CP3', 0.121236), ('C3', 0.11475563), ('CP4', 0.11072911)]
[2026-05-31 14:21:01]     spatial_update=delta_l2=0.01058284 max_abs=0.00169268 relative=0.00886722 changed=True

[2026-05-31 14:21:01] Fold 5/5 | subject=12
[2026-05-31 14:21:01]     Train: 32 | counts=[16, 16]
[2026-05-31 14:21:01]     Test:  8 | counts=[4, 4]
[2026-05-31 14:21:01]     Model: SignalJEPA_PreLocal | Pretrained: from_pretrained | Strategy: new
[2026-05-31 14:21:01]     Normalization: none | fit_scope=none
[2026-05-31 14:21:01]     Phase 1 (new): 2,170/16,010 params
[2026-05-31 14:21:03]     Result | best_epoch=50 | stop=99 | final_phase_epochs=99 | acc=0.5000 | bal_acc=0.5000 | pred_hist=[8, 0] | collapse=True
[2026-05-31 14:21:03]     spatial_conv=[4, 29] top_abs_channels=[('Pz', 0.17261556), ('CP3', 0.14408936), ('C4', 0.13647443), ('O2', 0.1339394), ('CP4', 0.13154204), ('FCz', 0.11548972), ('FT7', 0.11149551), ('T4', 0.10964024)]
[2026-05-31 14:21:03]     spatial_update=delta_l2=0.32154768 max_abs=0.07877743 relative=0.26942043 changed=True
[2026-05-31 14:21:03]   Subject 12: acc=0.5000±0.0000  bal_acc=0.5000±0.0000
[2026-05-31 14:21:03] \nSubject 13: 40 windows | class_counts=[20, 20]

[2026-05-31 14:21:04] Fold 1/5 | subject=13
[2026-05-31 14:21:04]     Train: 32 | counts=[16, 16]
[2026-05-31 14:21:04]     Test:  8 | counts=[4, 4]
[2026-05-31 14:21:04]     Model: SignalJEPA_PreLocal | Pretrained: from_pretrained | Strategy: new
[2026-05-31 14:21:04]     Normalization: none | fit_scope=none
[2026-05-31 14:21:04]     Phase 1 (new): 2,170/16,010 params
[2026-05-31 14:21:05]     Result | best_epoch=1 | stop=51 | final_phase_epochs=51 | acc=0.5000 | bal_acc=0.5000 | pred_hist=[0, 8] | collapse=True
[2026-05-31 14:21:05]     spatial_conv=[4, 29] top_abs_channels=[('Pz', 0.1527591), ('O2', 0.14373989), ('T3', 0.12667643), ('O1', 0.12283172), ('T4', 0.12215389), ('CP3', 0.12087959), ('C3', 0.11503886), ('CP4', 0.11053536)]
[2026-05-31 14:21:05]     spatial_update=delta_l2=0.00799955 max_abs=0.00170454 relative=0.00670272 changed=True

[2026-05-31 14:21:05] Fold 2/5 | subject=13
[2026-05-31 14:21:05]     Train: 32 | counts=[16, 16]
[2026-05-31 14:21:05]     Test:  8 | counts=[4, 4]
[2026-05-31 14:21:05]     Model: SignalJEPA_PreLocal | Pretrained: from_pretrained | Strategy: new
[2026-05-31 14:21:05]     Normalization: none | fit_scope=none
[2026-05-31 14:21:05]     Phase 1 (new): 2,170/16,010 params
[2026-05-31 14:21:06]     Result | best_epoch=1 | stop=51 | final_phase_epochs=51 | acc=0.5000 | bal_acc=0.5000 | pred_hist=[0, 8] | collapse=True
[2026-05-31 14:21:06]     spatial_conv=[4, 29] top_abs_channels=[('Pz', 0.15301365), ('O2', 0.1437805), ('T3', 0.12708358), ('O1', 0.12296739), ('T4', 0.12292658), ('CP3', 0.12082651), ('C3', 0.11533438), ('CP4', 0.11152751)]
[2026-05-31 14:21:06]     spatial_update=delta_l2=0.01113427 max_abs=0.00178245 relative=0.00932925 changed=True

[2026-05-31 14:21:06] Fold 3/5 | subject=13
[2026-05-31 14:21:06]     Train: 32 | counts=[16, 16]
[2026-05-31 14:21:06]     Test:  8 | counts=[4, 4]
[2026-05-31 14:21:06]     Model: SignalJEPA_PreLocal | Pretrained: from_pretrained | Strategy: new
[2026-05-31 14:21:06]     Normalization: none | fit_scope=none
[2026-05-31 14:21:06]     Phase 1 (new): 2,170/16,010 params
[2026-05-31 14:21:10]     Result | best_epoch=105 | stop=155 | final_phase_epochs=155 | acc=0.8750 | bal_acc=0.8750 | pred_hist=[5, 3] | collapse=False
[2026-05-31 14:21:10]     spatial_conv=[4, 29] top_abs_channels=[('O2', 0.16357781), ('FCz', 0.15775627), ('O1', 0.15485865), ('P3', 0.13720055), ('Pz', 0.12448256), ('C4', 0.11970009), ('Fz', 0.11458589), ('Fp1', 0.11252961)]
[2026-05-31 14:21:10]     spatial_update=delta_l2=0.59638179 max_abs=0.14546336 relative=0.49970020 changed=True

[2026-05-31 14:21:10] Fold 4/5 | subject=13
[2026-05-31 14:21:10]     Train: 32 | counts=[16, 16]
[2026-05-31 14:21:10]     Test:  8 | counts=[4, 4]
[2026-05-31 14:21:10]     Model: SignalJEPA_PreLocal | Pretrained: from_pretrained | Strategy: new
[2026-05-31 14:21:10]     Normalization: none | fit_scope=none
[2026-05-31 14:21:10]     Phase 1 (new): 2,170/16,010 params
[2026-05-31 14:21:11]     Result | best_epoch=1 | stop=51 | final_phase_epochs=51 | acc=0.5000 | bal_acc=0.5000 | pred_hist=[0, 8] | collapse=True
[2026-05-31 14:21:11]     spatial_conv=[4, 29] top_abs_channels=[('Pz', 0.15351439), ('O2', 0.14355001), ('T3', 0.12650923), ('O1', 0.12242864), ('T4', 0.12183772), ('CP3', 0.12036202), ('C3', 0.114812), ('CP4', 0.1104376)]
[2026-05-31 14:21:11]     spatial_update=delta_l2=0.00987512 max_abs=0.00175913 relative=0.00827423 changed=True

[2026-05-31 14:21:11] Fold 5/5 | subject=13
[2026-05-31 14:21:11]     Train: 32 | counts=[16, 16]
[2026-05-31 14:21:11]     Test:  8 | counts=[4, 4]
[2026-05-31 14:21:11]     Model: SignalJEPA_PreLocal | Pretrained: from_pretrained | Strategy: new
[2026-05-31 14:21:11]     Normalization: none | fit_scope=none
[2026-05-31 14:21:11]     Phase 1 (new): 2,170/16,010 params
[2026-05-31 14:21:14]     Result | best_epoch=62 | stop=112 | final_phase_epochs=112 | acc=0.7500 | bal_acc=0.7500 | pred_hist=[4, 4] | collapse=False
[2026-05-31 14:21:14]     spatial_conv=[4, 29] top_abs_channels=[('O1', 0.18067832), ('O2', 0.14008494), ('Pz', 0.13744138), ('T5', 0.13482943), ('CP4', 0.13479498), ('P4', 0.12667416), ('F4', 0.12608728), ('Fz', 0.12197223)]
[2026-05-31 14:21:14]     spatial_update=delta_l2=0.57408992 max_abs=0.12327543 relative=0.48102214 changed=True
[2026-05-31 14:21:14]   Subject 13: acc=0.6250±0.1581  bal_acc=0.6250±0.1581
[2026-05-31 14:21:14] \nSubject 14: 40 windows | class_counts=[20, 20]

[2026-05-31 14:21:14] Fold 1/5 | subject=14
[2026-05-31 14:21:14]     Train: 32 | counts=[16, 16]
[2026-05-31 14:21:14]     Test:  8 | counts=[4, 4]
[2026-05-31 14:21:14]     Model: SignalJEPA_PreLocal | Pretrained: from_pretrained | Strategy: new
[2026-05-31 14:21:14]     Normalization: none | fit_scope=none
[2026-05-31 14:21:14]     Phase 1 (new): 2,170/16,010 params
[2026-05-31 14:21:15]     Result | best_epoch=1 | stop=51 | final_phase_epochs=51 | acc=0.6250 | bal_acc=0.6250 | pred_hist=[1, 7] | collapse=False
[2026-05-31 14:21:15]     spatial_conv=[4, 29] top_abs_channels=[('Pz', 0.15246375), ('O2', 0.1443059), ('T3', 0.12576798), ('T4', 0.12244876), ('O1', 0.12235637), ('CP3', 0.12143189), ('C3', 0.11512321), ('CP4', 0.11040245)]
[2026-05-31 14:21:15]     spatial_update=delta_l2=0.00978613 max_abs=0.00154397 relative=0.00819967 changed=True

[2026-05-31 14:21:15] Fold 2/5 | subject=14
[2026-05-31 14:21:15]     Train: 32 | counts=[16, 16]
[2026-05-31 14:21:15]     Test:  8 | counts=[4, 4]
[2026-05-31 14:21:15]     Model: SignalJEPA_PreLocal | Pretrained: from_pretrained | Strategy: new
[2026-05-31 14:21:15]     Normalization: none | fit_scope=none
[2026-05-31 14:21:15]     Phase 1 (new): 2,170/16,010 params
[2026-05-31 14:21:19]     Result | best_epoch=140 | stop=190 | final_phase_epochs=190 | acc=0.2500 | bal_acc=0.2500 | pred_hist=[6, 2] | collapse=False
[2026-05-31 14:21:19]     spatial_conv=[4, 29] top_abs_channels=[('Cz', 0.14294799), ('FT8', 0.13821916), ('CP3', 0.13104661), ('CP4', 0.12482293), ('O1', 0.12340662), ('T4', 0.11732758), ('C3', 0.11379907), ('P4', 0.11359005)]
[2026-05-31 14:21:19]     spatial_update=delta_l2=0.64656858 max_abs=0.19785997 relative=0.54175102 changed=True

[2026-05-31 14:21:19] Fold 3/5 | subject=14
[2026-05-31 14:21:19]     Train: 32 | counts=[16, 16]
[2026-05-31 14:21:19]     Test:  8 | counts=[4, 4]
[2026-05-31 14:21:19]     Model: SignalJEPA_PreLocal | Pretrained: from_pretrained | Strategy: new
[2026-05-31 14:21:19]     Normalization: none | fit_scope=none
[2026-05-31 14:21:19]     Phase 1 (new): 2,170/16,010 params
[2026-05-31 14:21:38]     Result | best_epoch=1000 | stop=1050 | final_phase_epochs=1050 | acc=0.6250 | bal_acc=0.6250 | pred_hist=[5, 3] | collapse=False
[2026-05-31 14:21:38]     spatial_conv=[4, 29] top_abs_channels=[('TP7', 0.23635326), ('C4', 0.19990982), ('CP4', 0.15395769), ('CP3', 0.15302953), ('P3', 0.13331772), ('T3', 0.1270225), ('F4', 0.12294161), ('Fz', 0.1159434)]
[2026-05-31 14:21:38]     spatial_update=delta_l2=1.20564167 max_abs=0.32785878 relative=1.01019077 changed=True

[2026-05-31 14:21:39] Fold 4/5 | subject=14
[2026-05-31 14:21:39]     Train: 32 | counts=[16, 16]
[2026-05-31 14:21:39]     Test:  8 | counts=[4, 4]
[2026-05-31 14:21:39]     Model: SignalJEPA_PreLocal | Pretrained: from_pretrained | Strategy: new
[2026-05-31 14:21:39]     Normalization: none | fit_scope=none
[2026-05-31 14:21:39]     Phase 1 (new): 2,170/16,010 params
[2026-05-31 14:21:40]     Result | best_epoch=1 | stop=51 | final_phase_epochs=51 | acc=0.5000 | bal_acc=0.5000 | pred_hist=[0, 8] | collapse=True
[2026-05-31 14:21:40]     spatial_conv=[4, 29] top_abs_channels=[('Pz', 0.15232641), ('O2', 0.14415914), ('T3', 0.12625287), ('T4', 0.1222717), ('O1', 0.12223301), ('CP3', 0.12136419), ('C3', 0.11510661), ('CP4', 0.11066987)]
[2026-05-31 14:21:40]     spatial_update=delta_l2=0.00947844 max_abs=0.00170223 relative=0.00794185 changed=True

[2026-05-31 14:21:40] Fold 5/5 | subject=14
[2026-05-31 14:21:40]     Train: 32 | counts=[16, 16]
[2026-05-31 14:21:40]     Test:  8 | counts=[4, 4]
[2026-05-31 14:21:40]     Model: SignalJEPA_PreLocal | Pretrained: from_pretrained | Strategy: new
[2026-05-31 14:21:40]     Normalization: none | fit_scope=none
[2026-05-31 14:21:40]     Phase 1 (new): 2,170/16,010 params
[2026-05-31 14:21:41]     Result | best_epoch=1 | stop=51 | final_phase_epochs=51 | acc=0.5000 | bal_acc=0.5000 | pred_hist=[0, 8] | collapse=True
[2026-05-31 14:21:41]     spatial_conv=[4, 29] top_abs_channels=[('Pz', 0.15265706), ('O2', 0.14397886), ('T3', 0.12655717), ('T4', 0.12238282), ('O1', 0.12229135), ('CP3', 0.12115909), ('C3', 0.1148514), ('CP4', 0.11039457)]
[2026-05-31 14:21:41]     spatial_update=delta_l2=0.00920362 max_abs=0.00164612 relative=0.00771159 changed=True
[2026-05-31 14:21:41]   Subject 14: acc=0.5000±0.1369  bal_acc=0.5000±0.1369
[2026-05-31 14:21:41] \nSubject 15: 40 windows | class_counts=[20, 20]

[2026-05-31 14:21:42] Fold 1/5 | subject=15
[2026-05-31 14:21:42]     Train: 32 | counts=[16, 16]
[2026-05-31 14:21:42]     Test:  8 | counts=[4, 4]
[2026-05-31 14:21:42]     Model: SignalJEPA_PreLocal | Pretrained: from_pretrained | Strategy: new
[2026-05-31 14:21:42]     Normalization: none | fit_scope=none
[2026-05-31 14:21:42]     Phase 1 (new): 2,170/16,010 params
[2026-05-31 14:21:50]     Result | best_epoch=382 | stop=432 | final_phase_epochs=432 | acc=0.6250 | bal_acc=0.6250 | pred_hist=[3, 5] | collapse=False
[2026-05-31 14:21:50]     spatial_conv=[4, 29] top_abs_channels=[('T3', 0.19890811), ('C3', 0.14036463), ('Fp1', 0.12781507), ('F7', 0.1264192), ('TP8', 0.12417226), ('FT7', 0.12082178), ('Oz', 0.11898845), ('Pz', 0.1153613)]
[2026-05-31 14:21:50]     spatial_update=delta_l2=0.95998692 max_abs=0.19781781 relative=0.80435999 changed=True

[2026-05-31 14:21:50] Fold 2/5 | subject=15
[2026-05-31 14:21:50]     Train: 32 | counts=[16, 16]
[2026-05-31 14:21:50]     Test:  8 | counts=[4, 4]
[2026-05-31 14:21:50]     Model: SignalJEPA_PreLocal | Pretrained: from_pretrained | Strategy: new
[2026-05-31 14:21:50]     Normalization: none | fit_scope=none
[2026-05-31 14:21:50]     Phase 1 (new): 2,170/16,010 params
[2026-05-31 14:21:51]     Result | best_epoch=1 | stop=51 | final_phase_epochs=51 | acc=0.5000 | bal_acc=0.5000 | pred_hist=[0, 8] | collapse=True
[2026-05-31 14:21:51]     spatial_conv=[4, 29] top_abs_channels=[('Pz', 0.15320255), ('O2', 0.14405876), ('T3', 0.12711269), ('O1', 0.12147813), ('T4', 0.12128109), ('CP3', 0.1207533), ('C3', 0.11605984), ('CP4', 0.11097252)]
[2026-05-31 14:21:51]     spatial_update=delta_l2=0.00794044 max_abs=0.00164953 relative=0.00665319 changed=True

[2026-05-31 14:21:52] Fold 3/5 | subject=15
[2026-05-31 14:21:52]     Train: 32 | counts=[16, 16]
[2026-05-31 14:21:52]     Test:  8 | counts=[4, 4]
[2026-05-31 14:21:52]     Model: SignalJEPA_PreLocal | Pretrained: from_pretrained | Strategy: new
[2026-05-31 14:21:52]     Normalization: none | fit_scope=none
[2026-05-31 14:21:52]     Phase 1 (new): 2,170/16,010 params
[2026-05-31 14:21:58]     Result | best_epoch=310 | stop=359 | final_phase_epochs=359 | acc=0.5000 | bal_acc=0.5000 | pred_hist=[2, 6] | collapse=False
[2026-05-31 14:21:58]     spatial_conv=[4, 29] top_abs_channels=[('O2', 0.14183074), ('C3', 0.13569763), ('Pz', 0.12604183), ('Oz', 0.11887903), ('Cz', 0.11639979), ('CP3', 0.11437678), ('T3', 0.10526042), ('P3', 0.1030937)]
[2026-05-31 14:21:58]     spatial_update=delta_l2=0.86539633 max_abs=0.20227576 relative=0.72510382 changed=True

[2026-05-31 14:21:59] Fold 4/5 | subject=15
[2026-05-31 14:21:59]     Train: 32 | counts=[16, 16]
[2026-05-31 14:21:59]     Test:  8 | counts=[4, 4]
[2026-05-31 14:21:59]     Model: SignalJEPA_PreLocal | Pretrained: from_pretrained | Strategy: new
[2026-05-31 14:21:59]     Normalization: none | fit_scope=none
[2026-05-31 14:21:59]     Phase 1 (new): 2,170/16,010 params
[2026-05-31 14:22:07]     Result | best_epoch=407 | stop=457 | final_phase_epochs=457 | acc=0.7500 | bal_acc=0.7500 | pred_hist=[6, 2] | collapse=False
[2026-05-31 14:22:07]     spatial_conv=[4, 29] top_abs_channels=[('T4', 0.12636238), ('TP8', 0.12459803), ('CP3', 0.12132241), ('CP4', 0.12064758), ('Fp1', 0.11654477), ('C3', 0.11318889), ('P4', 0.1081645), ('P3', 0.10697281)]
[2026-05-31 14:22:07]     spatial_update=delta_l2=1.00228610 max_abs=0.25701447 relative=0.83980190 changed=True

[2026-05-31 14:22:08] Fold 5/5 | subject=15
[2026-05-31 14:22:08]     Train: 32 | counts=[16, 16]
[2026-05-31 14:22:08]     Test:  8 | counts=[4, 4]
[2026-05-31 14:22:08]     Model: SignalJEPA_PreLocal | Pretrained: from_pretrained | Strategy: new
[2026-05-31 14:22:08]     Normalization: none | fit_scope=none
[2026-05-31 14:22:08]     Phase 1 (new): 2,170/16,010 params
[2026-05-31 14:22:09]     Result | best_epoch=4 | stop=54 | final_phase_epochs=54 | acc=0.5000 | bal_acc=0.5000 | pred_hist=[0, 8] | collapse=True
[2026-05-31 14:22:09]     spatial_conv=[4, 29] top_abs_channels=[('Pz', 0.15383691), ('O2', 0.14468789), ('T3', 0.12562644), ('T4', 0.12127374), ('CP3', 0.12123162), ('O1', 0.1205783), ('C3', 0.11554806), ('CP4', 0.11012732)]
[2026-05-31 14:22:09]     spatial_update=delta_l2=0.02586371 max_abs=0.00559919 relative=0.02167085 changed=True
[2026-05-31 14:22:09]   Subject 15: acc=0.5750±0.1000  bal_acc=0.5750±0.1000
[2026-05-31 14:22:09] \nSubject 16: 40 windows | class_counts=[20, 20]

[2026-05-31 14:22:09] Fold 1/5 | subject=16
[2026-05-31 14:22:09]     Train: 32 | counts=[16, 16]
[2026-05-31 14:22:09]     Test:  8 | counts=[4, 4]
[2026-05-31 14:22:09]     Model: SignalJEPA_PreLocal | Pretrained: from_pretrained | Strategy: new
[2026-05-31 14:22:09]     Normalization: none | fit_scope=none
[2026-05-31 14:22:09]     Phase 1 (new): 2,170/16,010 params
[2026-05-31 14:22:10]     Result | best_epoch=1 | stop=51 | final_phase_epochs=51 | acc=0.5000 | bal_acc=0.5000 | pred_hist=[0, 8] | collapse=True
[2026-05-31 14:22:10]     spatial_conv=[4, 29] top_abs_channels=[('Pz', 0.15280227), ('O2', 0.14435002), ('T3', 0.12644443), ('T4', 0.12277697), ('CP3', 0.12136215), ('O1', 0.12091892), ('C3', 0.11543566), ('CP4', 0.11160088)]
[2026-05-31 14:22:10]     spatial_update=delta_l2=0.00803858 max_abs=0.00167463 relative=0.00673541 changed=True

[2026-05-31 14:22:10] Fold 2/5 | subject=16
[2026-05-31 14:22:10]     Train: 32 | counts=[16, 16]
[2026-05-31 14:22:10]     Test:  8 | counts=[4, 4]
[2026-05-31 14:22:10]     Model: SignalJEPA_PreLocal | Pretrained: from_pretrained | Strategy: new
[2026-05-31 14:22:10]     Normalization: none | fit_scope=none
[2026-05-31 14:22:10]     Phase 1 (new): 2,170/16,010 params
[2026-05-31 14:22:11]     Result | best_epoch=1 | stop=51 | final_phase_epochs=51 | acc=0.5000 | bal_acc=0.5000 | pred_hist=[0, 8] | collapse=True
[2026-05-31 14:22:11]     spatial_conv=[4, 29] top_abs_channels=[('Pz', 0.1523601), ('O2', 0.14419596), ('T3', 0.12691757), ('T4', 0.12199333), ('O1', 0.12107417), ('CP3', 0.12095042), ('C3', 0.11509581), ('CP4', 0.11098785)]
[2026-05-31 14:22:11]     spatial_update=delta_l2=0.00852096 max_abs=0.00150850 relative=0.00713960 changed=True

[2026-05-31 14:22:12] Fold 3/5 | subject=16
[2026-05-31 14:22:12]     Train: 32 | counts=[16, 16]
[2026-05-31 14:22:12]     Test:  8 | counts=[4, 4]
[2026-05-31 14:22:12]     Model: SignalJEPA_PreLocal | Pretrained: from_pretrained | Strategy: new
[2026-05-31 14:22:12]     Normalization: none | fit_scope=none
[2026-05-31 14:22:12]     Phase 1 (new): 2,170/16,010 params
[2026-05-31 14:22:13]     Result | best_epoch=1 | stop=51 | final_phase_epochs=51 | acc=0.5000 | bal_acc=0.5000 | pred_hist=[0, 8] | collapse=True
[2026-05-31 14:22:13]     spatial_conv=[4, 29] top_abs_channels=[('Pz', 0.15282615), ('O2', 0.14383323), ('T3', 0.12613641), ('T4', 0.1220282), ('O1', 0.12190949), ('CP3', 0.12165006), ('C3', 0.11443541), ('CP4', 0.11093014)]
[2026-05-31 14:22:13]     spatial_update=delta_l2=0.00867639 max_abs=0.00168192 relative=0.00726983 changed=True

[2026-05-31 14:22:13] Fold 4/5 | subject=16
[2026-05-31 14:22:13]     Train: 32 | counts=[16, 16]
[2026-05-31 14:22:13]     Test:  8 | counts=[4, 4]
[2026-05-31 14:22:13]     Model: SignalJEPA_PreLocal | Pretrained: from_pretrained | Strategy: new
[2026-05-31 14:22:13]     Normalization: none | fit_scope=none
[2026-05-31 14:22:13]     Phase 1 (new): 2,170/16,010 params
[2026-05-31 14:22:41]     Result | best_epoch=1576 | stop=1578 | final_phase_epochs=1578 | acc=0.6250 | bal_acc=0.6250 | pred_hist=[1, 7] | collapse=False
[2026-05-31 14:22:41]     spatial_conv=[4, 29] top_abs_channels=[('Fz', 0.17337793), ('CP3', 0.1649701), ('C4', 0.15943871), ('T6', 0.15397178), ('T5', 0.15026794), ('FT8', 0.13627426), ('O2', 0.13259472), ('Cz', 0.11343126)]
[2026-05-31 14:22:41]     spatial_update=delta_l2=1.36453454 max_abs=0.38087696 relative=1.14332494 changed=True

[2026-05-31 14:22:41] Fold 5/5 | subject=16
[2026-05-31 14:22:41]     Train: 32 | counts=[16, 16]
[2026-05-31 14:22:41]     Test:  8 | counts=[4, 4]
[2026-05-31 14:22:41]     Model: SignalJEPA_PreLocal | Pretrained: from_pretrained | Strategy: new
[2026-05-31 14:22:41]     Normalization: none | fit_scope=none
[2026-05-31 14:22:41]     Phase 1 (new): 2,170/16,010 params
[2026-05-31 14:22:42]     Result | best_epoch=1 | stop=51 | final_phase_epochs=51 | acc=0.5000 | bal_acc=0.5000 | pred_hist=[0, 8] | collapse=True
[2026-05-31 14:22:42]     spatial_conv=[4, 29] top_abs_channels=[('Pz', 0.15225077), ('O2', 0.14456116), ('T3', 0.12700945), ('T4', 0.1218411), ('O1', 0.12164616), ('CP3', 0.12097581), ('C3', 0.11579768), ('CP4', 0.11146682)]
[2026-05-31 14:22:42]     spatial_update=delta_l2=0.00906522 max_abs=0.00172204 relative=0.00759563 changed=True
[2026-05-31 14:22:42]   Subject 16: acc=0.5250±0.0500  bal_acc=0.5250±0.0500
[2026-05-31 14:22:42] \nSubject 17: 40 windows | class_counts=[20, 20]

[2026-05-31 14:22:43] Fold 1/5 | subject=17
[2026-05-31 14:22:43]     Train: 32 | counts=[16, 16]
[2026-05-31 14:22:43]     Test:  8 | counts=[4, 4]
[2026-05-31 14:22:43]     Model: SignalJEPA_PreLocal | Pretrained: from_pretrained | Strategy: new
[2026-05-31 14:22:43]     Normalization: none | fit_scope=none
[2026-05-31 14:22:43]     Phase 1 (new): 2,170/16,010 params
[2026-05-31 14:22:48]     Result | best_epoch=220 | stop=270 | final_phase_epochs=270 | acc=0.3750 | bal_acc=0.3750 | pred_hist=[7, 1] | collapse=False
[2026-05-31 14:22:48]     spatial_conv=[4, 29] top_abs_channels=[('C4', 0.20216891), ('CP4', 0.19082133), ('Fz', 0.14686359), ('Cz', 0.14099267), ('Oz', 0.12958969), ('O2', 0.1258485), ('T3', 0.12110102), ('FCz', 0.10694627)]
[2026-05-31 14:22:48]     spatial_update=delta_l2=0.83725017 max_abs=0.21348242 relative=0.70152054 changed=True

[2026-05-31 14:22:48] Fold 2/5 | subject=17
[2026-05-31 14:22:48]     Train: 32 | counts=[16, 16]
[2026-05-31 14:22:48]     Test:  8 | counts=[4, 4]
[2026-05-31 14:22:48]     Model: SignalJEPA_PreLocal | Pretrained: from_pretrained | Strategy: new
[2026-05-31 14:22:48]     Normalization: none | fit_scope=none
[2026-05-31 14:22:48]     Phase 1 (new): 2,170/16,010 params
[2026-05-31 14:22:49]     Result | best_epoch=1 | stop=51 | final_phase_epochs=51 | acc=0.5000 | bal_acc=0.5000 | pred_hist=[0, 8] | collapse=True
[2026-05-31 14:22:49]     spatial_conv=[4, 29] top_abs_channels=[('Pz', 0.15326428), ('O2', 0.14402747), ('T3', 0.12576316), ('O1', 0.12206271), ('T4', 0.12184609), ('CP3', 0.12119018), ('C3', 0.11460486), ('CP4', 0.11032067)]
[2026-05-31 14:22:49]     spatial_update=delta_l2=0.01063525 max_abs=0.00177922 relative=0.00891113 changed=True

[2026-05-31 14:22:49] Fold 3/5 | subject=17
[2026-05-31 14:22:49]     Train: 32 | counts=[16, 16]
[2026-05-31 14:22:49]     Test:  8 | counts=[4, 4]
[2026-05-31 14:22:49]     Model: SignalJEPA_PreLocal | Pretrained: from_pretrained | Strategy: new
[2026-05-31 14:22:49]     Normalization: none | fit_scope=none
[2026-05-31 14:22:49]     Phase 1 (new): 2,170/16,010 params
[2026-05-31 14:22:50]     Result | best_epoch=1 | stop=51 | final_phase_epochs=51 | acc=0.3750 | bal_acc=0.3750 | pred_hist=[1, 7] | collapse=False
[2026-05-31 14:22:50]     spatial_conv=[4, 29] top_abs_channels=[('Pz', 0.15265058), ('O2', 0.14391288), ('T3', 0.12607366), ('T4', 0.12194634), ('CP3', 0.1216214), ('O1', 0.12136435), ('C3', 0.11501385), ('CP4', 0.11070548)]
[2026-05-31 14:22:50]     spatial_update=delta_l2=0.00870042 max_abs=0.00156162 relative=0.00728997 changed=True

[2026-05-31 14:22:51] Fold 4/5 | subject=17
[2026-05-31 14:22:51]     Train: 32 | counts=[16, 16]
[2026-05-31 14:22:51]     Test:  8 | counts=[4, 4]
[2026-05-31 14:22:51]     Model: SignalJEPA_PreLocal | Pretrained: from_pretrained | Strategy: new
[2026-05-31 14:22:51]     Normalization: none | fit_scope=none
[2026-05-31 14:22:51]     Phase 1 (new): 2,170/16,010 params
[2026-05-31 14:22:52]     Result | best_epoch=16 | stop=60 | final_phase_epochs=60 | acc=0.6250 | bal_acc=0.6250 | pred_hist=[1, 7] | collapse=False
[2026-05-31 14:22:52]     spatial_conv=[4, 29] top_abs_channels=[('Pz', 0.1497207), ('O2', 0.14709935), ('T3', 0.12468276), ('T4', 0.12107457), ('O1', 0.11925425), ('CP3', 0.11898357), ('C3', 0.11410323), ('Fp1', 0.11160383)]
[2026-05-31 14:22:52]     spatial_update=delta_l2=0.05726754 max_abs=0.01209304 relative=0.04798369 changed=True

[2026-05-31 14:22:53] Fold 5/5 | subject=17
[2026-05-31 14:22:53]     Train: 32 | counts=[16, 16]
[2026-05-31 14:22:53]     Test:  8 | counts=[4, 4]
[2026-05-31 14:22:53]     Model: SignalJEPA_PreLocal | Pretrained: from_pretrained | Strategy: new
[2026-05-31 14:22:53]     Normalization: none | fit_scope=none
[2026-05-31 14:22:53]     Phase 1 (new): 2,170/16,010 params
[2026-05-31 14:22:54]     Result | best_epoch=21 | stop=71 | final_phase_epochs=71 | acc=0.5000 | bal_acc=0.5000 | pred_hist=[2, 6] | collapse=False
[2026-05-31 14:22:54]     spatial_conv=[4, 29] top_abs_channels=[('Pz', 0.15006362), ('O2', 0.14975202), ('T4', 0.12225316), ('T3', 0.12097763), ('O1', 0.12074196), ('C3', 0.11920488), ('CP3', 0.11669928), ('Fz', 0.11360418)]
[2026-05-31 14:22:54]     spatial_update=delta_l2=0.14110727 max_abs=0.03051981 relative=0.11823186 changed=True
[2026-05-31 14:22:54]   Subject 17: acc=0.4750±0.0935  bal_acc=0.4750±0.0935
[2026-05-31 14:22:54] \nSubject 18: 40 windows | class_counts=[20, 20]

[2026-05-31 14:22:54] Fold 1/5 | subject=18
[2026-05-31 14:22:54]     Train: 32 | counts=[16, 16]
[2026-05-31 14:22:54]     Test:  8 | counts=[4, 4]
[2026-05-31 14:22:54]     Model: SignalJEPA_PreLocal | Pretrained: from_pretrained | Strategy: new
[2026-05-31 14:22:54]     Normalization: none | fit_scope=none
[2026-05-31 14:22:54]     Phase 1 (new): 2,170/16,010 params
[2026-05-31 14:23:27]     Result | best_epoch=1782 | stop=1832 | final_phase_epochs=1832 | acc=1.0000 | bal_acc=1.0000 | pred_hist=[4, 4] | collapse=False
[2026-05-31 14:23:27]     spatial_conv=[4, 29] top_abs_channels=[('P4', 0.22852653), ('FT8', 0.1940082), ('TP8', 0.1939204), ('FCz', 0.18158732), ('Oz', 0.15761702), ('P3', 0.14600947), ('FC3', 0.14072797), ('FC4', 0.12074809)]
[2026-05-31 14:23:27]     spatial_update=delta_l2=1.55877682 max_abs=0.43673003 relative=1.30607791 changed=True

[2026-05-31 14:23:28] Fold 2/5 | subject=18
[2026-05-31 14:23:28]     Train: 32 | counts=[16, 16]
[2026-05-31 14:23:28]     Test:  8 | counts=[4, 4]
[2026-05-31 14:23:28]     Model: SignalJEPA_PreLocal | Pretrained: from_pretrained | Strategy: new
[2026-05-31 14:23:28]     Normalization: none | fit_scope=none
[2026-05-31 14:23:28]     Phase 1 (new): 2,170/16,010 params
[2026-05-31 14:23:44]     Result | best_epoch=844 | stop=894 | final_phase_epochs=894 | acc=0.8750 | bal_acc=0.8750 | pred_hist=[5, 3] | collapse=False
[2026-05-31 14:23:44]     spatial_conv=[4, 29] top_abs_channels=[('FT8', 0.24547127), ('TP8', 0.23480183), ('Oz', 0.18297143), ('TP7', 0.13969365), ('P4', 0.13532402), ('FCz', 0.13329335), ('O1', 0.11014357), ('Cz', 0.1037965)]
[2026-05-31 14:23:44]     spatial_update=delta_l2=1.38592412 max_abs=0.35618509 relative=1.16124698 changed=True

[2026-05-31 14:23:44] Fold 3/5 | subject=18
[2026-05-31 14:23:44]     Train: 32 | counts=[16, 16]
[2026-05-31 14:23:44]     Test:  8 | counts=[4, 4]
[2026-05-31 14:23:44]     Model: SignalJEPA_PreLocal | Pretrained: from_pretrained | Strategy: new
[2026-05-31 14:23:44]     Normalization: none | fit_scope=none
[2026-05-31 14:23:44]     Phase 1 (new): 2,170/16,010 params
[2026-05-31 14:24:19]     Result | best_epoch=1755 | stop=1805 | final_phase_epochs=1805 | acc=1.0000 | bal_acc=1.0000 | pred_hist=[4, 4] | collapse=False
[2026-05-31 14:24:19]     spatial_conv=[4, 29] top_abs_channels=[('P4', 0.23419023), ('FT8', 0.21775073), ('C3', 0.21266767), ('TP8', 0.20010537), ('Oz', 0.16490352), ('Cz', 0.15768877), ('P3', 0.13494107), ('FCz', 0.12784049)]
[2026-05-31 14:24:19]     spatial_update=delta_l2=1.63641647 max_abs=0.42759775 relative=1.37113111 changed=True

[2026-05-31 14:24:20] Fold 4/5 | subject=18
[2026-05-31 14:24:20]     Train: 32 | counts=[16, 16]
[2026-05-31 14:24:20]     Test:  8 | counts=[4, 4]
[2026-05-31 14:24:20]     Model: SignalJEPA_PreLocal | Pretrained: from_pretrained | Strategy: new
[2026-05-31 14:24:20]     Normalization: none | fit_scope=none
[2026-05-31 14:24:20]     Phase 1 (new): 2,170/16,010 params
[2026-05-31 14:24:52]     Result | best_epoch=1438 | stop=1488 | final_phase_epochs=1488 | acc=0.8750 | bal_acc=0.8750 | pred_hist=[3, 5] | collapse=False
[2026-05-31 14:24:52]     spatial_conv=[4, 29] top_abs_channels=[('P4', 0.24984106), ('FT8', 0.20851541), ('FCz', 0.20207106), ('TP8', 0.18908606), ('Oz', 0.14765188), ('Pz', 0.12270744), ('C3', 0.1183173), ('C4', 0.11218067)]
[2026-05-31 14:24:52]     spatial_update=delta_l2=1.50664233 max_abs=0.46370951 relative=1.26239513 changed=True

[2026-05-31 14:24:53] Fold 5/5 | subject=18
[2026-05-31 14:24:53]     Train: 32 | counts=[16, 16]
[2026-05-31 14:24:53]     Test:  8 | counts=[4, 4]
[2026-05-31 14:24:53]     Model: SignalJEPA_PreLocal | Pretrained: from_pretrained | Strategy: new
[2026-05-31 14:24:53]     Normalization: none | fit_scope=none
[2026-05-31 14:24:53]     Phase 1 (new): 2,170/16,010 params
[2026-05-31 14:25:24]     Result | best_epoch=1318 | stop=1368 | final_phase_epochs=1368 | acc=0.8750 | bal_acc=0.8750 | pred_hist=[5, 3] | collapse=False
[2026-05-31 14:25:24]     spatial_conv=[4, 29] top_abs_channels=[('FT8', 0.21367979), ('TP8', 0.19688544), ('C3', 0.18584952), ('P4', 0.1781439), ('FCz', 0.15784071), ('Oz', 0.14627033), ('Fz', 0.12180718), ('P3', 0.11250046)]
[2026-05-31 14:25:24]     spatial_update=delta_l2=1.42971604 max_abs=0.40668173 relative=1.19793964 changed=True
[2026-05-31 14:25:24]   Subject 18: acc=0.9250±0.0612  bal_acc=0.9250±0.0612
[2026-05-31 14:25:24] \nSubject 19: 40 windows | class_counts=[20, 20]

[2026-05-31 14:25:25] Fold 1/5 | subject=19
[2026-05-31 14:25:25]     Train: 32 | counts=[16, 16]
[2026-05-31 14:25:25]     Test:  8 | counts=[4, 4]
[2026-05-31 14:25:25]     Model: SignalJEPA_PreLocal | Pretrained: from_pretrained | Strategy: new
[2026-05-31 14:25:25]     Normalization: none | fit_scope=none
[2026-05-31 14:25:25]     Phase 1 (new): 2,170/16,010 params
[2026-05-31 14:25:26]     Result | best_epoch=1 | stop=51 | final_phase_epochs=51 | acc=0.5000 | bal_acc=0.5000 | pred_hist=[0, 8] | collapse=True
[2026-05-31 14:25:26]     spatial_conv=[4, 29] top_abs_channels=[('Pz', 0.15401235), ('O2', 0.14359382), ('T3', 0.12698267), ('O1', 0.12303332), ('T4', 0.12182772), ('CP3', 0.1204062), ('C3', 0.11591297), ('CP4', 0.11064129)]
[2026-05-31 14:25:26]     spatial_update=delta_l2=0.00922732 max_abs=0.00166401 relative=0.00773144 changed=True

[2026-05-31 14:25:26] Fold 2/5 | subject=19
[2026-05-31 14:25:26]     Train: 32 | counts=[16, 16]
[2026-05-31 14:25:26]     Test:  8 | counts=[4, 4]
[2026-05-31 14:25:26]     Model: SignalJEPA_PreLocal | Pretrained: from_pretrained | Strategy: new
[2026-05-31 14:25:26]     Normalization: none | fit_scope=none
[2026-05-31 14:25:26]     Phase 1 (new): 2,170/16,010 params
[2026-05-31 14:25:36]     Result | best_epoch=367 | stop=417 | final_phase_epochs=417 | acc=0.2500 | bal_acc=0.2500 | pred_hist=[4, 4] | collapse=False
[2026-05-31 14:25:36]     spatial_conv=[4, 29] top_abs_channels=[('F7', 0.17134339), ('T3', 0.15937206), ('C4', 0.1545513), ('FT7', 0.15365455), ('FC4', 0.15020971), ('CP3', 0.1488127), ('TP7', 0.14613192), ('C3', 0.13670474)]
[2026-05-31 14:25:36]     spatial_update=delta_l2=1.01892236 max_abs=0.34392990 relative=0.85374119 changed=True

[2026-05-31 14:25:38] Fold 3/5 | subject=19
[2026-05-31 14:25:38]     Train: 32 | counts=[16, 16]
[2026-05-31 14:25:38]     Test:  8 | counts=[4, 4]
[2026-05-31 14:25:38]     Model: SignalJEPA_PreLocal | Pretrained: from_pretrained | Strategy: new
[2026-05-31 14:25:38]     Normalization: none | fit_scope=none
[2026-05-31 14:25:38]     Phase 1 (new): 2,170/16,010 params
[2026-05-31 14:25:39]     Result | best_epoch=1 | stop=51 | final_phase_epochs=51 | acc=0.5000 | bal_acc=0.5000 | pred_hist=[0, 8] | collapse=True
[2026-05-31 14:25:39]     spatial_conv=[4, 29] top_abs_channels=[('Pz', 0.15346332), ('O2', 0.1438019), ('T3', 0.12691182), ('O1', 0.12258002), ('T4', 0.12206015), ('CP3', 0.12112961), ('C3', 0.11589134), ('CP4', 0.11170893)]
[2026-05-31 14:25:39]     spatial_update=delta_l2=0.00995398 max_abs=0.00167011 relative=0.00834030 changed=True

[2026-05-31 14:25:39] Fold 4/5 | subject=19
[2026-05-31 14:25:39]     Train: 32 | counts=[16, 16]
[2026-05-31 14:25:39]     Test:  8 | counts=[4, 4]
[2026-05-31 14:25:39]     Model: SignalJEPA_PreLocal | Pretrained: from_pretrained | Strategy: new
[2026-05-31 14:25:39]     Normalization: none | fit_scope=none
[2026-05-31 14:25:39]     Phase 1 (new): 2,170/16,010 params
