Notebook:       /Users/vadim/Documents/School/Spring 2026/CSCE A698 Individual Research/EEG_JEPA/src/liu2024/liu2024_sjepa_prelocal_clean_gacl_full50.ipynb
Configurations: /Users/vadim/Documents/School/Spring 2026/CSCE A698 Individual Research/EEG_JEPA/src/utils/experiments/configs/sweep_sjepa_prelocal_clean_gacl_full50.json
Total configs:  1

[1/1] Running config override:
{
  "enabled": true,
  "experiment_name": "sjepa_prelocal_clean_gacl_full50_matched",
  "config_note": "Professor-requested clean Full50 confirmation after the GACL8 null: pinned released S-JEPA weights, exact-marker PreLocal, matched control versus training-only rotation/noise; no fixed descendants.",
  "subjects_to_use": null,
  "exclude_subjects": [],
  "allow_subset_for_smoke": false,
  "validation_only": false,
  "target_sfreq": 128,
  "mi_window_seconds": 4.0,
  "average_reference": true,
  "bandpass_hz": [
    0.5,
    40.0
  ],
  "normalization_mode": "none",
  "normalization_eps": 1e-06,
  "pretrained_repo_id": "braindecode/signal-jepa_without-chans",
  "pretrained_revision": "213876ea30f0764fd25c055efcb55d1d1652a371",
  "strategy": "new",
  "conditions": [
    "control",
    "gacl_rotation_noise"
  ],
  "augmentation": {
    "rotation_axis": "z",
    "rotation_max_degrees": 10.0,
    "rotation_probability": 0.5,
    "rotation_spherical_splines": true,
    "noise_std_microvolts": 2.0,
    "noise_probability": 1.0
  },
  "fixed_materialized_descendants": 0,
  "cv_folds": 5,
  "cv_seed": 2026,
  "val_fraction": 0.2,
  "val_seed": 2026,
  "batch_size": 16,
  "num_workers": 0,
  "n_epochs": 5000,
  "early_stopping_patience": 50,
  "early_stopping_threshold": 0.0,
  "learning_rate": 0.0005,
  "weight_decay": 0.0,
  "seed": 2026,
  "set_seed": true,
  "collapse_threshold": 0.875,
  "bootstrap_iterations": 10000
}
  status:       completed
  elapsed_sec:  14851.537
  run_id:       20260723_123532_967384_582a9559
  artifact_dir: /Users/vadim/Documents/School/Spring 2026/CSCE A698 Individual Research/EEG_JEPA/artifacts/liu2024-sjepa-prelocal-clean-gacl-full50/20260723_123532_967384_582a9559

Finished.
Results dir:    experiment_results/20260723_1235_sweep_sjepa_prelocal_clean_gacl_full50_e2e21b80
Summary JSON:   experiment_results/20260723_1235_sweep_sjepa_prelocal_clean_gacl_full50_e2e21b80/results.json
Artifact list:  experiment_results/20260723_1235_sweep_sjepa_prelocal_clean_gacl_full50_e2e21b80/artifact_ids.json
