[2026-07-16 22:14:35] Run ID:     20260716_2214_4e9b92fc
[2026-07-16 22:14:35] Artifacts:  /Users/vadim/Documents/School/Spring 2026/CSCE A698 Individual Research/EEG_JEPA/artifacts/liu2024-sjepa-prelocal-clean/20260716_2214_4e9b92fc
[2026-07-16 22:14:35] Config:     /Users/vadim/Documents/School/Spring 2026/CSCE A698 Individual Research/EEG_JEPA/artifacts/liu2024-sjepa-prelocal-clean/20260716_2214_4e9b92fc/config.json
[2026-07-16 22:14:36] Using device: mps | seed: 2026
[2026-07-16 22:15:18] Loaded subjects: ['1', '2', '3', '4', '5', '6', '7', '8', '9', '10', '11', '12', '13', '14', '15', '16', '17', '18', '19', '20', '21', '22', '23', '24', '25', '26', '27', '28', '29', '30', '31', '32', '33', '34', '35', '36', '37', '38', '39', '40', '41', '42', '43', '44', '45', '46', '47', '48', '49', '50']
[2026-07-16 22:15:18] Marker onset range: 1..1830
[2026-07-16 22:15:18] {
  "trainable": {
    "spatial_conv.1.weight": 116,
    "spatial_conv.1.bias": 4,
    "final_layer.1.weight": 1536,
    "final_layer.1.bias": 2
  },
  "n_trainable": 1658
}
[2026-07-16 22:15:18] Subject 1 fold 1/5
[2026-07-16 22:15:23]   BA=0.500 best_epoch=74 pred=[8, 0]
[2026-07-16 22:15:23] Subject 1 fold 2/5
[2026-07-16 22:15:25]   BA=0.625 best_epoch=1 pred=[5, 3]
[2026-07-16 22:15:25] Subject 1 fold 3/5
[2026-07-16 22:15:32]   BA=0.375 best_epoch=206 pred=[3, 5]
[2026-07-16 22:15:32] Subject 1 fold 4/5
[2026-07-16 22:15:54]   BA=0.500 best_epoch=678 pred=[6, 2]
[2026-07-16 22:15:54] Subject 1 fold 5/5
[2026-07-16 22:15:56]   BA=0.500 best_epoch=1 pred=[0, 8]
[2026-07-16 22:15:56] Subject 2 fold 1/5
[2026-07-16 22:16:01]   BA=0.375 best_epoch=125 pred=[3, 5]
[2026-07-16 22:16:01] Subject 2 fold 2/5
[2026-07-16 22:16:31]   BA=0.625 best_epoch=861 pred=[5, 3]
[2026-07-16 22:16:31] Subject 2 fold 3/5
[2026-07-16 22:16:32]   BA=0.625 best_epoch=1 pred=[1, 7]
[2026-07-16 22:16:32] Subject 2 fold 4/5
[2026-07-16 22:16:38]   BA=0.625 best_epoch=130 pred=[5, 3]
[2026-07-16 22:16:38] Subject 2 fold 5/5
[2026-07-16 22:17:01]   BA=0.750 best_epoch=741 pred=[4, 4]
[2026-07-16 22:17:01] Subject 3 fold 1/5
[2026-07-16 22:17:03]   BA=0.500 best_epoch=26 pred=[4, 4]
[2026-07-16 22:17:03] Subject 3 fold 2/5
[2026-07-16 22:17:09]   BA=0.750 best_epoch=157 pred=[4, 4]
[2026-07-16 22:17:09] Subject 3 fold 3/5
[2026-07-16 22:17:14]   BA=0.375 best_epoch=117 pred=[5, 3]
[2026-07-16 22:17:14] Subject 3 fold 4/5
[2026-07-16 22:17:18]   BA=0.750 best_epoch=69 pred=[6, 2]
[2026-07-16 22:17:18] Subject 3 fold 5/5
[2026-07-16 22:17:19]   BA=0.500 best_epoch=1 pred=[8, 0]
[2026-07-16 22:17:19] Subject 4 fold 1/5
[2026-07-16 22:17:27]   BA=0.625 best_epoch=230 pred=[3, 5]
[2026-07-16 22:17:27] Subject 4 fold 2/5
[2026-07-16 22:17:36]   BA=0.625 best_epoch=267 pred=[3, 5]
[2026-07-16 22:17:36] Subject 4 fold 3/5
[2026-07-16 22:17:38]   BA=0.500 best_epoch=1 pred=[0, 8]
[2026-07-16 22:17:38] Subject 4 fold 4/5
[2026-07-16 22:17:48]   BA=0.875 best_epoch=269 pred=[5, 3]
[2026-07-16 22:17:48] Subject 4 fold 5/5
[2026-07-16 22:17:57]   BA=0.750 best_epoch=268 pred=[4, 4]
[2026-07-16 22:17:57] Subject 5 fold 1/5
[2026-07-16 22:17:58]   BA=0.750 best_epoch=1 pred=[4, 4]
[2026-07-16 22:17:58] Subject 5 fold 2/5
[2026-07-16 22:18:00]   BA=0.625 best_epoch=8 pred=[1, 7]
[2026-07-16 22:18:00] Subject 5 fold 3/5
[2026-07-16 22:18:01]   BA=0.375 best_epoch=1 pred=[5, 3]
[2026-07-16 22:18:01] Subject 5 fold 4/5
[2026-07-16 22:18:02]   BA=0.500 best_epoch=1 pred=[0, 8]
[2026-07-16 22:18:02] Subject 5 fold 5/5
[2026-07-16 22:18:15]   BA=0.875 best_epoch=386 pred=[3, 5]
[2026-07-16 22:18:15] Subject 6 fold 1/5
[2026-07-16 22:18:21]   BA=0.625 best_epoch=119 pred=[5, 3]
[2026-07-16 22:18:21] Subject 6 fold 2/5
[2026-07-16 22:18:23]   BA=0.500 best_epoch=2 pred=[8, 0]
[2026-07-16 22:18:23] Subject 6 fold 3/5
[2026-07-16 22:18:28]   BA=0.625 best_epoch=119 pred=[5, 3]
[2026-07-16 22:18:28] Subject 6 fold 4/5
[2026-07-16 22:18:38]   BA=0.500 best_epoch=197 pred=[4, 4]
[2026-07-16 22:18:38] Subject 6 fold 5/5
[2026-07-16 22:18:49]   BA=0.625 best_epoch=268 pred=[5, 3]
[2026-07-16 22:18:49] Subject 7 fold 1/5
[2026-07-16 22:18:55]   BA=0.625 best_epoch=159 pred=[1, 7]
[2026-07-16 22:18:55] Subject 7 fold 2/5
[2026-07-16 22:18:56]   BA=0.375 best_epoch=1 pred=[1, 7]
[2026-07-16 22:18:56] Subject 7 fold 3/5
[2026-07-16 22:19:28]   BA=0.750 best_epoch=1088 pred=[4, 4]
[2026-07-16 22:19:28] Subject 7 fold 4/5
[2026-07-16 22:19:41]   BA=0.500 best_epoch=415 pred=[4, 4]
[2026-07-16 22:19:41] Subject 7 fold 5/5
[2026-07-16 22:19:51]   BA=0.375 best_epoch=309 pred=[5, 3]
[2026-07-16 22:19:51] Subject 8 fold 1/5
[2026-07-16 22:19:58]   BA=0.750 best_epoch=219 pred=[4, 4]
[2026-07-16 22:19:58] Subject 8 fold 2/5
[2026-07-16 22:20:14]   BA=0.750 best_epoch=523 pred=[2, 6]
[2026-07-16 22:20:14] Subject 8 fold 3/5
[2026-07-16 22:20:39]   BA=0.625 best_epoch=887 pred=[7, 1]
[2026-07-16 22:20:39] Subject 8 fold 4/5
[2026-07-16 22:20:44]   BA=0.625 best_epoch=141 pred=[3, 5]
[2026-07-16 22:20:44] Subject 8 fold 5/5
[2026-07-16 22:21:13]   BA=0.625 best_epoch=1071 pred=[5, 3]
[2026-07-16 22:21:13] Subject 9 fold 1/5
[2026-07-16 22:21:18]   BA=0.500 best_epoch=132 pred=[4, 4]
[2026-07-16 22:21:18] Subject 9 fold 2/5
[2026-07-16 22:21:26]   BA=0.500 best_epoch=216 pred=[4, 4]
[2026-07-16 22:21:26] Subject 9 fold 3/5
[2026-07-16 22:21:59]   BA=0.375 best_epoch=1214 pred=[5, 3]
[2026-07-16 22:21:59] Subject 9 fold 4/5
[2026-07-16 22:22:01]   BA=0.000 best_epoch=7 pred=[4, 4]
[2026-07-16 22:22:01] Subject 9 fold 5/5
[2026-07-16 22:22:02]   BA=0.500 best_epoch=1 pred=[8, 0]
[2026-07-16 22:22:02] Subject 10 fold 1/5
[2026-07-16 22:22:03]   BA=0.375 best_epoch=3 pred=[5, 3]
[2026-07-16 22:22:03] Subject 10 fold 2/5
[2026-07-16 22:22:05]   BA=0.500 best_epoch=9 pred=[0, 8]
[2026-07-16 22:22:05] Subject 10 fold 3/5
[2026-07-16 22:22:11]   BA=0.250 best_epoch=181 pred=[2, 6]
[2026-07-16 22:22:11] Subject 10 fold 4/5
[2026-07-16 22:22:12]   BA=0.500 best_epoch=1 pred=[2, 6]
[2026-07-16 22:22:12] Subject 10 fold 5/5
[2026-07-16 22:22:14]   BA=0.500 best_epoch=1 pred=[0, 8]
[2026-07-16 22:22:14] Subject 11 fold 1/5
[2026-07-16 22:22:29]   BA=0.125 best_epoch=506 pred=[5, 3]
[2026-07-16 22:22:29] Subject 11 fold 2/5
[2026-07-16 22:22:30]   BA=0.625 best_epoch=1 pred=[7, 1]
[2026-07-16 22:22:30] Subject 11 fold 3/5
[2026-07-16 22:22:52]   BA=0.375 best_epoch=749 pred=[5, 3]
[2026-07-16 22:22:52] Subject 11 fold 4/5
[2026-07-16 22:23:03]   BA=0.500 best_epoch=343 pred=[6, 2]
[2026-07-16 22:23:03] Subject 11 fold 5/5
[2026-07-16 22:23:34]   BA=0.375 best_epoch=1120 pred=[3, 5]
[2026-07-16 22:23:34] Subject 12 fold 1/5
[2026-07-16 22:23:36]   BA=0.625 best_epoch=39 pred=[5, 3]
[2026-07-16 22:23:36] Subject 12 fold 2/5
[2026-07-16 22:23:42]   BA=0.750 best_epoch=145 pred=[2, 6]
[2026-07-16 22:23:42] Subject 12 fold 3/5
[2026-07-16 22:23:46]   BA=0.750 best_epoch=91 pred=[2, 6]
[2026-07-16 22:23:46] Subject 12 fold 4/5
[2026-07-16 22:24:03]   BA=0.625 best_epoch=631 pred=[1, 7]
[2026-07-16 22:24:03] Subject 12 fold 5/5
[2026-07-16 22:24:11]   BA=0.375 best_epoch=235 pred=[7, 1]
[2026-07-16 22:24:11] Subject 13 fold 1/5
[2026-07-16 22:24:19]   BA=0.750 best_epoch=237 pred=[6, 2]
[2026-07-16 22:24:19] Subject 13 fold 2/5
[2026-07-16 22:24:24]   BA=0.625 best_epoch=140 pred=[5, 3]
[2026-07-16 22:24:24] Subject 13 fold 3/5
[2026-07-16 22:24:57]   BA=0.625 best_epoch=1208 pred=[3, 5]
[2026-07-16 22:24:57] Subject 13 fold 4/5
[2026-07-16 22:25:13]   BA=0.750 best_epoch=552 pred=[2, 6]
[2026-07-16 22:25:13] Subject 13 fold 5/5
[2026-07-16 22:25:23]   BA=0.875 best_epoch=295 pred=[5, 3]
[2026-07-16 22:25:23] Subject 14 fold 1/5
[2026-07-16 22:25:26]   BA=0.750 best_epoch=66 pred=[4, 4]
[2026-07-16 22:25:26] Subject 14 fold 2/5
[2026-07-16 22:25:31]   BA=0.375 best_epoch=159 pred=[3, 5]
[2026-07-16 22:25:31] Subject 14 fold 3/5
[2026-07-16 22:25:33]   BA=0.625 best_epoch=1 pred=[1, 7]
[2026-07-16 22:25:33] Subject 14 fold 4/5
[2026-07-16 22:25:49]   BA=0.625 best_epoch=565 pred=[7, 1]
[2026-07-16 22:25:49] Subject 14 fold 5/5
[2026-07-16 22:26:12]   BA=0.625 best_epoch=846 pred=[3, 5]
[2026-07-16 22:26:12] Subject 15 fold 1/5
[2026-07-16 22:26:13]   BA=0.375 best_epoch=1 pred=[3, 5]
[2026-07-16 22:26:13] Subject 15 fold 2/5
[2026-07-16 22:26:14]   BA=0.500 best_epoch=1 pred=[0, 8]
[2026-07-16 22:26:14] Subject 15 fold 3/5
[2026-07-16 22:26:15]   BA=0.625 best_epoch=1 pred=[3, 5]
[2026-07-16 22:26:15] Subject 15 fold 4/5
[2026-07-16 22:26:17]   BA=0.500 best_epoch=1 pred=[8, 0]
[2026-07-16 22:26:17] Subject 15 fold 5/5
[2026-07-16 22:26:18]   BA=0.500 best_epoch=2 pred=[0, 8]
[2026-07-16 22:26:18] Subject 16 fold 1/5
[2026-07-16 22:26:20]   BA=0.250 best_epoch=40 pred=[6, 2]
[2026-07-16 22:26:20] Subject 16 fold 2/5
[2026-07-16 22:26:22]   BA=0.500 best_epoch=3 pred=[8, 0]
[2026-07-16 22:26:22] Subject 16 fold 3/5
[2026-07-16 22:26:23]   BA=0.500 best_epoch=1 pred=[0, 8]
[2026-07-16 22:26:23] Subject 16 fold 4/5
[2026-07-16 22:26:24]   BA=0.500 best_epoch=1 pred=[8, 0]
[2026-07-16 22:26:24] Subject 16 fold 5/5
[2026-07-16 22:26:25]   BA=0.625 best_epoch=1 pred=[1, 7]
[2026-07-16 22:26:25] Subject 17 fold 1/5
[2026-07-16 22:26:30]   BA=0.250 best_epoch=117 pred=[4, 4]
[2026-07-16 22:26:30] Subject 17 fold 2/5
[2026-07-16 22:26:41]   BA=0.750 best_epoch=341 pred=[2, 6]
[2026-07-16 22:26:41] Subject 17 fold 3/5
[2026-07-16 22:26:46]   BA=0.750 best_epoch=175 pred=[2, 6]
[2026-07-16 22:26:46] Subject 17 fold 4/5
[2026-07-16 22:26:48]   BA=0.500 best_epoch=1 pred=[8, 0]
[2026-07-16 22:26:48] Subject 17 fold 5/5
[2026-07-16 22:26:50]   BA=0.375 best_epoch=23 pred=[3, 5]
[2026-07-16 22:26:50] Subject 18 fold 1/5
[2026-07-16 22:28:02]   BA=1.000 best_epoch=2638 pred=[4, 4]
[2026-07-16 22:28:02] Subject 18 fold 2/5
[2026-07-16 22:28:52]   BA=0.875 best_epoch=1826 pred=[3, 5]
[2026-07-16 22:28:52] Subject 18 fold 3/5
[2026-07-16 22:29:01]   BA=1.000 best_epoch=272 pred=[4, 4]
[2026-07-16 22:29:01] Subject 18 fold 4/5
[2026-07-16 22:29:27]   BA=1.000 best_epoch=874 pred=[4, 4]
[2026-07-16 22:29:27] Subject 18 fold 5/5
[2026-07-16 22:31:43]   BA=1.000 best_epoch=5000 pred=[4, 4]
[2026-07-16 22:31:43] Subject 19 fold 1/5
[2026-07-16 22:31:56]   BA=0.375 best_epoch=440 pred=[5, 3]
[2026-07-16 22:31:56] Subject 19 fold 2/5
[2026-07-16 22:32:04]   BA=0.375 best_epoch=236 pred=[3, 5]
[2026-07-16 22:32:04] Subject 19 fold 3/5
[2026-07-16 22:32:05]   BA=0.500 best_epoch=1 pred=[8, 0]
[2026-07-16 22:32:05] Subject 19 fold 4/5
[2026-07-16 22:32:06]   BA=0.500 best_epoch=1 pred=[8, 0]
[2026-07-16 22:32:06] Subject 19 fold 5/5
[2026-07-16 22:32:08]   BA=0.500 best_epoch=1 pred=[0, 8]
[2026-07-16 22:32:08] Subject 20 fold 1/5
[2026-07-16 22:32:11]   BA=0.750 best_epoch=76 pred=[4, 4]
[2026-07-16 22:32:11] Subject 20 fold 2/5
[2026-07-16 22:32:12]   BA=0.500 best_epoch=1 pred=[0, 8]
[2026-07-16 22:32:12] Subject 20 fold 3/5
[2026-07-16 22:32:23]   BA=0.750 best_epoch=339 pred=[2, 6]
[2026-07-16 22:32:23] Subject 20 fold 4/5
[2026-07-16 22:32:31]   BA=0.625 best_epoch=244 pred=[5, 3]
[2026-07-16 22:32:31] Subject 20 fold 5/5
[2026-07-16 22:32:34]   BA=0.500 best_epoch=55 pred=[2, 6]
[2026-07-16 22:32:34] Subject 21 fold 1/5
[2026-07-16 22:32:44]   BA=0.500 best_epoch=351 pred=[8, 0]
[2026-07-16 22:32:44] Subject 21 fold 2/5
[2026-07-16 22:32:45]   BA=0.500 best_epoch=1 pred=[8, 0]
[2026-07-16 22:32:45] Subject 21 fold 3/5
[2026-07-16 22:32:59]   BA=0.375 best_epoch=454 pred=[5, 3]
[2026-07-16 22:32:59] Subject 21 fold 4/5
[2026-07-16 22:33:00]   BA=0.500 best_epoch=1 pred=[8, 0]
[2026-07-16 22:33:00] Subject 21 fold 5/5
[2026-07-16 22:33:01]   BA=0.500 best_epoch=1 pred=[8, 0]
[2026-07-16 22:33:01] Subject 22 fold 1/5
[2026-07-16 22:33:39]   BA=0.875 best_epoch=1366 pred=[5, 3]
[2026-07-16 22:33:39] Subject 22 fold 2/5
[2026-07-16 22:33:51]   BA=0.750 best_epoch=398 pred=[4, 4]
[2026-07-16 22:33:51] Subject 22 fold 3/5
[2026-07-16 22:34:45]   BA=0.875 best_epoch=1917 pred=[3, 5]
[2026-07-16 22:34:45] Subject 22 fold 4/5
[2026-07-16 22:34:51]   BA=0.875 best_epoch=99 pred=[5, 3]
[2026-07-16 22:34:51] Subject 22 fold 5/5
[2026-07-16 22:34:59]   BA=1.000 best_epoch=260 pred=[4, 4]
[2026-07-16 22:34:59] Subject 23 fold 1/5
[2026-07-16 22:35:21]   BA=0.500 best_epoch=719 pred=[6, 2]
[2026-07-16 22:35:21] Subject 23 fold 2/5
[2026-07-16 22:35:22]   BA=0.625 best_epoch=1 pred=[1, 7]
[2026-07-16 22:35:22] Subject 23 fold 3/5
[2026-07-16 22:35:29]   BA=0.625 best_epoch=193 pred=[5, 3]
[2026-07-16 22:35:29] Subject 23 fold 4/5
[2026-07-16 22:35:31]   BA=0.500 best_epoch=1 pred=[0, 8]
[2026-07-16 22:35:31] Subject 23 fold 5/5
[2026-07-16 22:35:46]   BA=0.250 best_epoch=530 pred=[4, 4]
[2026-07-16 22:35:46] Subject 24 fold 1/5
[2026-07-16 22:35:57]   BA=0.250 best_epoch=369 pred=[4, 4]
[2026-07-16 22:35:57] Subject 24 fold 2/5
[2026-07-16 22:35:58]   BA=0.625 best_epoch=1 pred=[3, 5]
[2026-07-16 22:35:58] Subject 24 fold 3/5
[2026-07-16 22:36:00]   BA=0.875 best_epoch=1 pred=[5, 3]
[2026-07-16 22:36:00] Subject 24 fold 4/5
[2026-07-16 22:36:01]   BA=0.500 best_epoch=1 pred=[0, 8]
[2026-07-16 22:36:01] Subject 24 fold 5/5
[2026-07-16 22:36:02]   BA=0.500 best_epoch=1 pred=[8, 0]
[2026-07-16 22:36:02] Subject 25 fold 1/5
[2026-07-16 22:36:18]   BA=0.500 best_epoch=540 pred=[6, 2]
[2026-07-16 22:36:18] Subject 25 fold 2/5
[2026-07-16 22:36:35]   BA=0.875 best_epoch=615 pred=[5, 3]
[2026-07-16 22:36:35] Subject 25 fold 3/5
[2026-07-16 22:36:39]   BA=0.750 best_epoch=102 pred=[4, 4]
[2026-07-16 22:36:39] Subject 25 fold 4/5
[2026-07-16 22:36:40]   BA=0.500 best_epoch=1 pred=[8, 0]
[2026-07-16 22:36:40] Subject 25 fold 5/5
[2026-07-16 22:36:49]   BA=0.875 best_epoch=299 pred=[5, 3]
[2026-07-16 22:36:49] Subject 26 fold 1/5
[2026-07-16 22:36:50]   BA=0.500 best_epoch=1 pred=[8, 0]
[2026-07-16 22:36:50] Subject 26 fold 2/5
[2026-07-16 22:36:52]   BA=0.500 best_epoch=1 pred=[0, 8]
[2026-07-16 22:36:52] Subject 26 fold 3/5
[2026-07-16 22:36:53]   BA=0.500 best_epoch=1 pred=[6, 2]
[2026-07-16 22:36:53] Subject 26 fold 4/5
[2026-07-16 22:37:09]   BA=0.500 best_epoch=550 pred=[4, 4]
[2026-07-16 22:37:09] Subject 26 fold 5/5
[2026-07-16 22:37:17]   BA=0.875 best_epoch=273 pred=[5, 3]
[2026-07-16 22:37:17] Subject 27 fold 1/5
[2026-07-16 22:37:20]   BA=0.250 best_epoch=62 pred=[2, 6]
[2026-07-16 22:37:20] Subject 27 fold 2/5
[2026-07-16 22:37:21]   BA=0.375 best_epoch=1 pred=[1, 7]
[2026-07-16 22:37:21] Subject 27 fold 3/5
[2026-07-16 22:37:23]   BA=0.250 best_epoch=1 pred=[6, 2]
[2026-07-16 22:37:23] Subject 27 fold 4/5
[2026-07-16 22:37:24]   BA=0.125 best_epoch=1 pred=[3, 5]
[2026-07-16 22:37:24] Subject 27 fold 5/5
[2026-07-16 22:37:27]   BA=0.625 best_epoch=71 pred=[5, 3]
[2026-07-16 22:37:27] Subject 28 fold 1/5
[2026-07-16 22:37:29]   BA=0.875 best_epoch=48 pred=[3, 5]
[2026-07-16 22:37:29] Subject 28 fold 2/5
[2026-07-16 22:38:02]   BA=0.500 best_epoch=1197 pred=[4, 4]
[2026-07-16 22:38:02] Subject 28 fold 3/5
[2026-07-16 22:38:03]   BA=0.500 best_epoch=1 pred=[0, 8]
[2026-07-16 22:38:03] Subject 28 fold 4/5
[2026-07-16 22:38:14]   BA=0.750 best_epoch=355 pred=[4, 4]
[2026-07-16 22:38:14] Subject 28 fold 5/5
[2026-07-16 22:38:31]   BA=0.625 best_epoch=594 pred=[5, 3]
[2026-07-16 22:38:31] Subject 29 fold 1/5
[2026-07-16 22:38:46]   BA=0.625 best_epoch=537 pred=[3, 5]
[2026-07-16 22:38:46] Subject 29 fold 2/5
[2026-07-16 22:38:59]   BA=0.375 best_epoch=444 pred=[3, 5]
[2026-07-16 22:38:59] Subject 29 fold 3/5
[2026-07-16 22:39:23]   BA=0.500 best_epoch=816 pred=[2, 6]
[2026-07-16 22:39:23] Subject 29 fold 4/5
[2026-07-16 22:39:25]   BA=0.625 best_epoch=44 pred=[7, 1]
[2026-07-16 22:39:25] Subject 29 fold 5/5
[2026-07-16 22:39:26]   BA=0.375 best_epoch=1 pred=[1, 7]
[2026-07-16 22:39:26] Subject 30 fold 1/5
[2026-07-16 22:39:33]   BA=0.750 best_epoch=188 pred=[6, 2]
[2026-07-16 22:39:33] Subject 30 fold 2/5
[2026-07-16 22:40:23]   BA=0.875 best_epoch=1827 pred=[5, 3]
[2026-07-16 22:40:23] Subject 30 fold 3/5
[2026-07-16 22:40:38]   BA=0.875 best_epoch=500 pred=[3, 5]
[2026-07-16 22:40:38] Subject 30 fold 4/5
[2026-07-16 22:41:00]   BA=0.625 best_epoch=800 pred=[5, 3]
[2026-07-16 22:41:00] Subject 30 fold 5/5
[2026-07-16 22:41:07]   BA=1.000 best_epoch=206 pred=[4, 4]
[2026-07-16 22:41:07] Subject 31 fold 1/5
[2026-07-16 22:41:10]   BA=0.375 best_epoch=92 pred=[3, 5]
[2026-07-16 22:41:10] Subject 31 fold 2/5
[2026-07-16 22:41:12]   BA=0.625 best_epoch=5 pred=[1, 7]
[2026-07-16 22:41:12] Subject 31 fold 3/5
[2026-07-16 22:41:14]   BA=0.500 best_epoch=51 pred=[4, 4]
[2026-07-16 22:41:14] Subject 31 fold 4/5
[2026-07-16 22:41:16]   BA=0.500 best_epoch=1 pred=[2, 6]
[2026-07-16 22:41:16] Subject 31 fold 5/5
[2026-07-16 22:41:17]   BA=0.625 best_epoch=1 pred=[1, 7]
[2026-07-16 22:41:17] Subject 32 fold 1/5
[2026-07-16 22:41:50]   BA=0.375 best_epoch=1263 pred=[5, 3]
[2026-07-16 22:41:50] Subject 32 fold 2/5
[2026-07-16 22:41:51]   BA=0.500 best_epoch=1 pred=[0, 8]
[2026-07-16 22:41:51] Subject 32 fold 3/5
[2026-07-16 22:42:12]   BA=0.375 best_epoch=774 pred=[1, 7]
[2026-07-16 22:42:12] Subject 32 fold 4/5
[2026-07-16 22:42:14]   BA=0.625 best_epoch=1 pred=[5, 3]
[2026-07-16 22:42:14] Subject 32 fold 5/5
[2026-07-16 22:42:15]   BA=0.500 best_epoch=1 pred=[8, 0]
[2026-07-16 22:42:15] Subject 33 fold 1/5
[2026-07-16 22:42:16]   BA=0.750 best_epoch=1 pred=[2, 6]
[2026-07-16 22:42:16] Subject 33 fold 2/5
[2026-07-16 22:42:19]   BA=0.500 best_epoch=66 pred=[4, 4]
[2026-07-16 22:42:19] Subject 33 fold 3/5
[2026-07-16 22:42:28]   BA=0.500 best_epoch=299 pred=[2, 6]
[2026-07-16 22:42:28] Subject 33 fold 4/5
[2026-07-16 22:42:30]   BA=0.500 best_epoch=12 pred=[0, 8]
[2026-07-16 22:42:30] Subject 33 fold 5/5
[2026-07-16 22:42:31]   BA=0.625 best_epoch=16 pred=[1, 7]
[2026-07-16 22:42:31] Subject 34 fold 1/5
[2026-07-16 22:42:57]   BA=0.875 best_epoch=886 pred=[5, 3]
[2026-07-16 22:42:57] Subject 34 fold 2/5
[2026-07-16 22:43:08]   BA=0.750 best_epoch=311 pred=[6, 2]
[2026-07-16 22:43:08] Subject 34 fold 3/5
[2026-07-16 22:43:16]   BA=0.625 best_epoch=283 pred=[3, 5]
[2026-07-16 22:43:16] Subject 34 fold 4/5
[2026-07-16 22:44:30]   BA=0.625 best_epoch=2840 pred=[5, 3]
[2026-07-16 22:44:30] Subject 34 fold 5/5
[2026-07-16 22:45:09]   BA=0.875 best_epoch=1493 pred=[3, 5]
[2026-07-16 22:45:09] Subject 35 fold 1/5
[2026-07-16 22:45:12]   BA=0.750 best_epoch=56 pred=[4, 4]
[2026-07-16 22:45:12] Subject 35 fold 2/5
[2026-07-16 22:45:19]   BA=0.500 best_epoch=181 pred=[2, 6]
[2026-07-16 22:45:19] Subject 35 fold 3/5
[2026-07-16 22:45:20]   BA=0.375 best_epoch=1 pred=[3, 5]
[2026-07-16 22:45:20] Subject 35 fold 4/5
[2026-07-16 22:45:23]   BA=0.500 best_epoch=63 pred=[4, 4]
[2026-07-16 22:45:23] Subject 35 fold 5/5
[2026-07-16 22:45:35]   BA=0.500 best_epoch=402 pred=[4, 4]
[2026-07-16 22:45:35] Subject 36 fold 1/5
[2026-07-16 22:45:47]   BA=0.500 best_epoch=392 pred=[4, 4]
[2026-07-16 22:45:47] Subject 36 fold 2/5
[2026-07-16 22:47:58]   BA=0.500 best_epoch=4978 pred=[6, 2]
[2026-07-16 22:47:58] Subject 36 fold 3/5
[2026-07-16 22:48:01]   BA=0.625 best_epoch=67 pred=[3, 5]
[2026-07-16 22:48:01] Subject 36 fold 4/5
[2026-07-16 22:48:06]   BA=0.375 best_epoch=135 pred=[5, 3]
[2026-07-16 22:48:06] Subject 36 fold 5/5
[2026-07-16 22:48:07]   BA=0.625 best_epoch=1 pred=[7, 1]
[2026-07-16 22:48:07] Subject 37 fold 1/5
[2026-07-16 22:48:14]   BA=0.625 best_epoch=209 pred=[1, 7]
[2026-07-16 22:48:14] Subject 37 fold 2/5
[2026-07-16 22:48:15]   BA=0.500 best_epoch=1 pred=[0, 8]
[2026-07-16 22:48:15] Subject 37 fold 3/5
[2026-07-16 22:48:17]   BA=0.500 best_epoch=9 pred=[8, 0]
[2026-07-16 22:48:17] Subject 37 fold 4/5
[2026-07-16 22:48:18]   BA=0.375 best_epoch=7 pred=[3, 5]
[2026-07-16 22:48:18] Subject 37 fold 5/5
[2026-07-16 22:48:19]   BA=0.500 best_epoch=1 pred=[0, 8]
[2026-07-16 22:48:19] Subject 38 fold 1/5
[2026-07-16 22:48:30]   BA=0.500 best_epoch=353 pred=[6, 2]
[2026-07-16 22:48:30] Subject 38 fold 2/5
[2026-07-16 22:48:33]   BA=0.875 best_epoch=77 pred=[3, 5]
[2026-07-16 22:48:33] Subject 38 fold 3/5
[2026-07-16 22:48:51]   BA=0.375 best_epoch=645 pred=[3, 5]
[2026-07-16 22:48:51] Subject 38 fold 4/5
[2026-07-16 22:48:54]   BA=0.625 best_epoch=44 pred=[5, 3]
[2026-07-16 22:48:54] Subject 38 fold 5/5
[2026-07-16 22:48:58]   BA=0.750 best_epoch=121 pred=[4, 4]
[2026-07-16 22:48:58] Subject 39 fold 1/5
[2026-07-16 22:49:07]   BA=0.625 best_epoch=273 pred=[1, 7]
[2026-07-16 22:49:07] Subject 39 fold 2/5
[2026-07-16 22:49:08]   BA=0.250 best_epoch=1 pred=[4, 4]
[2026-07-16 22:49:08] Subject 39 fold 3/5
[2026-07-16 22:49:09]   BA=0.500 best_epoch=1 pred=[8, 0]
[2026-07-16 22:49:09] Subject 39 fold 4/5
[2026-07-16 22:49:11]   BA=0.500 best_epoch=1 pred=[8, 0]
[2026-07-16 22:49:11] Subject 39 fold 5/5
[2026-07-16 22:49:12]   BA=0.625 best_epoch=24 pred=[3, 5]
[2026-07-16 22:49:12] Subject 40 fold 1/5
[2026-07-16 22:49:13]   BA=0.750 best_epoch=1 pred=[2, 6]
[2026-07-16 22:49:13] Subject 40 fold 2/5
[2026-07-16 22:49:43]   BA=1.000 best_epoch=1450 pred=[4, 4]
[2026-07-16 22:49:43] Subject 40 fold 3/5
[2026-07-16 22:49:50]   BA=0.500 best_epoch=314 pred=[4, 4]
[2026-07-16 22:49:50] Subject 40 fold 4/5
[2026-07-16 22:50:02]   BA=0.750 best_epoch=509 pred=[4, 4]
[2026-07-16 22:50:02] Subject 40 fold 5/5
[2026-07-16 22:50:06]   BA=0.625 best_epoch=169 pred=[3, 5]
[2026-07-16 22:50:06] Subject 41 fold 1/5
[2026-07-16 22:50:07]   BA=0.500 best_epoch=1 pred=[0, 8]
[2026-07-16 22:50:07] Subject 41 fold 2/5
[2026-07-16 22:50:08]   BA=0.500 best_epoch=1 pred=[8, 0]
[2026-07-16 22:50:08] Subject 41 fold 3/5
[2026-07-16 22:50:25]   BA=0.750 best_epoch=793 pred=[4, 4]
[2026-07-16 22:50:25] Subject 41 fold 4/5
[2026-07-16 22:50:30]   BA=0.750 best_epoch=200 pred=[4, 4]
[2026-07-16 22:50:30] Subject 41 fold 5/5
[2026-07-16 22:50:38]   BA=0.375 best_epoch=317 pred=[5, 3]
[2026-07-16 22:50:38] Subject 42 fold 1/5
[2026-07-16 22:50:46]   BA=0.625 best_epoch=345 pred=[3, 5]
[2026-07-16 22:50:46] Subject 42 fold 2/5
[2026-07-16 22:50:53]   BA=0.625 best_epoch=324 pred=[5, 3]
[2026-07-16 22:50:53] Subject 42 fold 3/5
[2026-07-16 22:50:56]   BA=0.500 best_epoch=98 pred=[4, 4]
[2026-07-16 22:50:56] Subject 42 fold 4/5
[2026-07-16 22:50:57]   BA=0.375 best_epoch=1 pred=[5, 3]
[2026-07-16 22:50:57] Subject 42 fold 5/5
[2026-07-16 22:51:04]   BA=1.000 best_epoch=265 pred=[4, 4]
[2026-07-16 22:51:04] Subject 43 fold 1/5
[2026-07-16 22:51:05]   BA=0.500 best_epoch=1 pred=[0, 8]
[2026-07-16 22:51:05] Subject 43 fold 2/5
[2026-07-16 22:51:05]   BA=0.500 best_epoch=1 pred=[8, 0]
[2026-07-16 22:51:05] Subject 43 fold 3/5
[2026-07-16 22:51:06]   BA=0.500 best_epoch=1 pred=[8, 0]
[2026-07-16 22:51:06] Subject 43 fold 4/5
[2026-07-16 22:51:07]   BA=0.500 best_epoch=1 pred=[8, 0]
[2026-07-16 22:51:07] Subject 43 fold 5/5
[2026-07-16 22:51:08]   BA=0.500 best_epoch=7 pred=[8, 0]
[2026-07-16 22:51:08] Subject 44 fold 1/5
[2026-07-16 22:51:19]   BA=0.375 best_epoch=461 pred=[5, 3]
[2026-07-16 22:51:19] Subject 44 fold 2/5
[2026-07-16 22:51:23]   BA=0.625 best_epoch=154 pred=[1, 7]
[2026-07-16 22:51:23] Subject 44 fold 3/5
[2026-07-16 22:51:31]   BA=0.375 best_epoch=334 pred=[3, 5]
[2026-07-16 22:51:31] Subject 44 fold 4/5
[2026-07-16 22:51:35]   BA=0.375 best_epoch=180 pred=[5, 3]
[2026-07-16 22:51:35] Subject 44 fold 5/5
[2026-07-16 22:51:36]   BA=0.625 best_epoch=1 pred=[7, 1]
[2026-07-16 22:51:36] Subject 45 fold 1/5
[2026-07-16 22:51:45]   BA=0.250 best_epoch=403 pred=[6, 2]
[2026-07-16 22:51:45] Subject 45 fold 2/5
[2026-07-16 22:51:46]   BA=0.500 best_epoch=1 pred=[0, 8]
[2026-07-16 22:51:46] Subject 45 fold 3/5
[2026-07-16 22:51:49]   BA=0.375 best_epoch=75 pred=[5, 3]
[2026-07-16 22:51:49] Subject 45 fold 4/5
[2026-07-16 22:51:50]   BA=0.500 best_epoch=23 pred=[0, 8]
[2026-07-16 22:51:50] Subject 45 fold 5/5
[2026-07-16 22:51:57]   BA=0.250 best_epoch=276 pred=[6, 2]
[2026-07-16 22:51:57] Subject 46 fold 1/5
[2026-07-16 22:51:58]   BA=0.500 best_epoch=1 pred=[8, 0]
[2026-07-16 22:51:58] Subject 46 fold 2/5
[2026-07-16 22:51:59]   BA=0.500 best_epoch=1 pred=[8, 0]
[2026-07-16 22:51:59] Subject 46 fold 3/5
[2026-07-16 22:52:01]   BA=0.375 best_epoch=59 pred=[3, 5]
[2026-07-16 22:52:01] Subject 46 fold 4/5
[2026-07-16 22:52:11]   BA=0.750 best_epoch=443 pred=[4, 4]
[2026-07-16 22:52:11] Subject 46 fold 5/5
[2026-07-16 22:52:19]   BA=0.500 best_epoch=385 pred=[4, 4]
[2026-07-16 22:52:19] Subject 47 fold 1/5
[2026-07-16 22:52:20]   BA=0.500 best_epoch=1 pred=[4, 4]
[2026-07-16 22:52:20] Subject 47 fold 2/5
[2026-07-16 22:52:21]   BA=0.500 best_epoch=1 pred=[0, 8]
[2026-07-16 22:52:21] Subject 47 fold 3/5
[2026-07-16 22:52:22]   BA=0.625 best_epoch=1 pred=[5, 3]
[2026-07-16 22:52:22] Subject 47 fold 4/5
[2026-07-16 22:52:23]   BA=0.625 best_epoch=1 pred=[5, 3]
[2026-07-16 22:52:23] Subject 47 fold 5/5
[2026-07-16 22:52:24]   BA=0.500 best_epoch=1 pred=[8, 0]
[2026-07-16 22:52:24] Subject 48 fold 1/5
[2026-07-16 22:52:27]   BA=0.750 best_epoch=68 pred=[4, 4]
[2026-07-16 22:52:27] Subject 48 fold 2/5
[2026-07-16 22:52:27]   BA=0.500 best_epoch=1 pred=[0, 8]
[2026-07-16 22:52:27] Subject 48 fold 3/5
[2026-07-16 22:52:30]   BA=0.375 best_epoch=101 pred=[1, 7]
[2026-07-16 22:52:30] Subject 48 fold 4/5
[2026-07-16 22:52:43]   BA=0.750 best_epoch=576 pred=[2, 6]
[2026-07-16 22:52:43] Subject 48 fold 5/5
[2026-07-16 22:53:07]   BA=0.500 best_epoch=1135 pred=[4, 4]
[2026-07-16 22:53:07] Subject 49 fold 1/5
[2026-07-16 22:53:08]   BA=0.500 best_epoch=1 pred=[8, 0]
[2026-07-16 22:53:08] Subject 49 fold 2/5
[2026-07-16 22:53:14]   BA=0.500 best_epoch=236 pred=[2, 6]
[2026-07-16 22:53:14] Subject 49 fold 3/5
[2026-07-16 22:53:15]   BA=0.500 best_epoch=1 pred=[8, 0]
[2026-07-16 22:53:15] Subject 49 fold 4/5
[2026-07-16 22:53:16]   BA=0.500 best_epoch=1 pred=[8, 0]
[2026-07-16 22:53:16] Subject 49 fold 5/5
[2026-07-16 22:53:17]   BA=0.500 best_epoch=1 pred=[0, 8]
[2026-07-16 22:53:17] Subject 50 fold 1/5
[2026-07-16 22:53:18]   BA=0.500 best_epoch=1 pred=[8, 0]
[2026-07-16 22:53:18] Subject 50 fold 2/5
[2026-07-16 22:53:19]   BA=0.500 best_epoch=1 pred=[4, 4]
[2026-07-16 22:53:19] Subject 50 fold 3/5
[2026-07-16 22:53:21]   BA=0.375 best_epoch=66 pred=[5, 3]
[2026-07-16 22:53:21] Subject 50 fold 4/5
[2026-07-16 22:53:22]   BA=0.500 best_epoch=1 pred=[0, 8]
[2026-07-16 22:53:22] Subject 50 fold 5/5
[2026-07-16 22:53:23]   BA=0.500 best_epoch=1 pred=[0, 8]
[2026-07-16 22:53:23] Completed 250 folds with no outer-test fitting or selection.
[2026-07-16 22:53:23] {
  "mean_subject_balanced_accuracy": 0.5665,
  "std_subject_balanced_accuracy": 0.12345140744438679,
  "n_subjects": 50,
  "n_original_trial_predictions": 2000,
  "exact_once_oof_all_subjects": true,
  "split_hash": "c53f9dd359cdadf310773f6aec197f9f0681863e100b28dd71b9fc969b0b6fca"
}
[2026-07-16 22:53:23] Mean subject BA: 56.65%
[2026-07-16 22:53:23] Single-class folds: 60/250 | >=7/8 majority: 85/250
[2026-07-16 22:53:23] Exactly-once OOF: True | predictions=2000
[2026-07-16 22:53:24] CV results saved to:      /Users/vadim/Documents/School/Spring 2026/CSCE A698 Individual Research/EEG_JEPA/artifacts/liu2024-sjepa-prelocal-clean/20260716_2214_4e9b92fc/cv_results.json
[2026-07-16 22:53:24] Subject metrics saved to: /Users/vadim/Documents/School/Spring 2026/CSCE A698 Individual Research/EEG_JEPA/artifacts/liu2024-sjepa-prelocal-clean/20260716_2214_4e9b92fc/subject_metrics.json
[2026-07-16 22:53:24] Global metrics saved to:  /Users/vadim/Documents/School/Spring 2026/CSCE A698 Individual Research/EEG_JEPA/artifacts/liu2024-sjepa-prelocal-clean/20260716_2214_4e9b92fc/global_metrics.json
[2026-07-16 22:53:24] Run metadata saved to:    /Users/vadim/Documents/School/Spring 2026/CSCE A698 Individual Research/EEG_JEPA/artifacts/liu2024-sjepa-prelocal-clean/20260716_2214_4e9b92fc/run_metadata.json
[2026-07-16 22:53:24] 
All artifacts in: /Users/vadim/Documents/School/Spring 2026/CSCE A698 Individual Research/EEG_JEPA/artifacts/liu2024-sjepa-prelocal-clean/20260716_2214_4e9b92fc
