[2026-06-14 13:45:53] Run ID:     20260614_1345_native500_sr500_efdd1f75
[2026-06-14 13:45:53] Artifacts:  /home/vegorov/Repos/eeg_jepa_research/artifacts/liu2024-source-mat-sjepa-pretrain-500hz-audit/20260614_1345_native500_sr500_efdd1f75
[2026-06-14 13:45:53] Config:     /home/vegorov/Repos/eeg_jepa_research/artifacts/liu2024-source-mat-sjepa-pretrain-500hz-audit/20260614_1345_native500_sr500_efdd1f75/config.json
[2026-06-14 13:45:53] Using device: cpu
[2026-06-14 13:45:54] Seed initialized: 2026
[2026-06-14 13:45:54] ==============================================================================
[2026-06-14 13:45:54] STATIC SAMPLING-RATE AUDIT
[2026-06-14 13:45:54] ==============================================================================
[2026-06-14 13:45:54]   Source MAT sampling rate (fixed): 500 Hz
[2026-06-14 13:45:54]   Source samples/trial (fixed):     4000 (= 8.000 s/trial)
[2026-06-14 13:45:54]   ACTIVE sfreq_mode:                native_500 (effective 500 Hz)


[2026-06-14 13:45:54] Window-duration sanity across rates (seconds-first window of 4.2 s):
[2026-06-14 13:45:54]   resample_128  :   538 samples @ 128 Hz = 4.2031 s
[2026-06-14 13:45:54]   native_500    :  2100 samples @ 500 Hz = 4.2000 s

[2026-06-14 13:45:54] Reference notebook pinned target_window_samples=537. Implied durations of THAT fixed count, had it been kept:
[2026-06-14 13:45:54]   resample_128  : 537 samples @ 128 Hz = 4.1953 s  (seconds-first here uses 538 samples = 4.2031 s)
[2026-06-14 13:45:54]   native_500    : 537 samples @ 500 Hz = 1.0740 s  (seconds-first here uses 2100 samples = 4.2000 s)

[2026-06-14 13:45:54] Note: smooth_time_mask mask_len_samples is also a raw sample count. 64 samples = 0.500 s @128 Hz but 0.128 s @500 Hz. Augmentation is disabled in this audit to keep the comparison clean.

[2026-06-14 13:45:54] Static audit saved to: /home/vegorov/Repos/eeg_jepa_research/artifacts/liu2024-source-mat-sjepa-pretrain-500hz-audit/20260614_1345_native500_sr500_efdd1f75/sfreq_audit_static.csv
[2026-06-14 13:45:54] Configured preprocessing pipeline:
[2026-06-14 13:45:54]   - [ON] source::select_eeg_channels | - select Liu EEG channels, drop CPz reference, EOG, and marker before model input
[2026-06-14 13:45:54]   - [off] source::demean | mode=none | baseline_window_s=[0.0, 2.0]
[2026-06-14 13:45:54]   - [off] source::detrend | mode=none
[2026-06-14 13:45:54]   - [off] source::eog_correction | mode=none
[2026-06-14 13:45:54]   - [off] source::artifact_clipping | mode=none | percentile=99.5
[2026-06-14 13:45:54]   - [ON] mne_raw::reference | timing=before_resample_filter | mode=average
[2026-06-14 13:45:54]   - [off] mne_raw::resample | sfreq=500.0
[2026-06-14 13:45:54]   - [ON] mne_raw::bandpass_filter | l_freq=0.5 | h_freq=40.0 | method=fir | phase=zero | fir_design=firwin
[2026-06-14 13:45:54]   - [off] mne_raw::notch_filter | timing=after_bandpass
[2026-06-14 13:45:54]   - [ON] window::crop_fixed_mi_window | start_s=1.5
[2026-06-14 13:45:54]   - [off] window::bad_trial_rejection
[2026-06-14 13:45:54]   - [off] split::fold_safe_normalization | mode=none
[2026-06-14 13:45:54] Configured preprocessing pipeline (active sfreq_mode = native_500, effective 500 Hz):
[2026-06-14 13:45:54]    0. [ON] source::select_eeg_channels | - select Liu EEG channels, drop CPz reference, EOG, and marker before model input
[2026-06-14 13:45:54]    1. [off] source::demean | mode=none | baseline_window_s=[0.0, 2.0]
[2026-06-14 13:45:54]    2. [off] source::detrend | mode=none
[2026-06-14 13:45:54]    3. [off] source::eog_correction | mode=none
[2026-06-14 13:45:54]    4. [off] source::artifact_clipping | mode=none | percentile=99.5
[2026-06-14 13:45:54]    5. [ON] mne_raw::reference | timing=before_resample_filter | mode=average
[2026-06-14 13:45:54]    6. [off] mne_raw::resample | sfreq=500.0
[2026-06-14 13:45:54]    7. [ON] mne_raw::bandpass_filter | l_freq=0.5 | h_freq=40.0 | method=fir | phase=zero | fir_design=firwin
[2026-06-14 13:45:54]    8. [off] mne_raw::notch_filter | timing=after_bandpass
[2026-06-14 13:45:54]    9. [ON] window::crop_fixed_mi_window | start_s=1.5
[2026-06-14 13:45:54]   10. [off] window::bad_trial_rejection
[2026-06-14 13:45:54]   11. [off] split::fold_safe_normalization | mode=none

[2026-06-14 13:45:54] Resample-step trace:
[2026-06-14 13:45:54]   resample step index:   6
[2026-06-14 13:45:54]   resample enabled:      False
[2026-06-14 13:45:54]   resample target sfreq: 500.0
[2026-06-14 13:45:54]   bandpass step index:   7  (resample before filter)
[2026-06-14 13:45:54]   window-crop step index:9  (crop happens at effective sfreq = 500 Hz)
[2026-06-14 13:45:54] ==============================================================================
[2026-06-14 13:45:54] EMPIRICAL SHAPE AUDIT
[2026-06-14 13:45:54] ==============================================================================
[2026-06-14 13:45:54]   Source:                 real subject 1 (sub-01_task-motor-imagery_eeg.mat)
[2026-06-14 13:45:54]   Raw shape (T x C x S):  (40, 33, 4000)
[2026-06-14 13:45:54]   After preprocessing:    (40, 29, 2100)  (T x C x window_samples)
[2026-06-14 13:45:54]   Configured eff. sfreq:  500 Hz
[2026-06-14 13:45:54]   Realized eff. sfreq:    500 Hz  (MATCH)
[2026-06-14 13:45:54]   Resampled samples/trial:4000
[2026-06-14 13:45:54]   Crop: samples [750:2850] = seconds [1.5000:5.7000]

[2026-06-14 13:45:54]   Realized runtime steps:
[2026-06-14 13:45:54]     - select 29 EEG channels; drop CPz source reference, EOG, and marker
[2026-06-14 13:45:54]     - source demean skipped
[2026-06-14 13:45:54]     - source detrend skipped
[2026-06-14 13:45:54]     - EOG correction skipped
[2026-06-14 13:45:54]     - source artifact clipping skipped
[2026-06-14 13:45:54]     - convert source microvolts to MNE volts
[2026-06-14 13:45:54]     - average reference at before resample/filter
[2026-06-14 13:45:54]     - resample skipped; kept source 500 Hz
[2026-06-14 13:45:54]     - FIR bandpass 0.5–40.0 Hz | phase=zero | fir_design=firwin
[2026-06-14 13:45:54]     - convert MNE volts to model microvolts
[2026-06-14 13:45:54]     - crop fixed window samples [750:2850]
[2026-06-14 13:45:54]     - bad-trial rejection skipped

[2026-06-14 13:45:54]   Saved: /home/vegorov/Repos/eeg_jepa_research/artifacts/liu2024-source-mat-sjepa-pretrain-500hz-audit/20260614_1345_native500_sr500_efdd1f75/sfreq_audit_empirical.json
[2026-06-14 13:45:55] Model built at 500 Hz | n_times=2100 | params total=22,154 | trainable(new)=8,314
[2026-06-14 13:45:56]   [resample_128] n_times=538 @ 128 Hz | params=16,010 | out=(2, 2) | token_time_dims=[4, 8, 16, 32, 64, 538] | first_kernel=32 samp (0.25 s) | init=from_pretrained
[2026-06-14 13:45:56]   [native_500] n_times=2100 @ 500 Hz | params=22,154 | out=(2, 2) | token_time_dims=[16, 32, 64, 129, 259, 2100] | first_kernel=32 samp (0.064 s) | init=from_pretrained

[2026-06-14 13:45:56]   Saved: /home/vegorov/Repos/eeg_jepa_research/artifacts/liu2024-source-mat-sjepa-pretrain-500hz-audit/20260614_1345_native500_sr500_efdd1f75/architecture_compatibility.json

[2026-06-14 13:45:56]   Interpretation: param count typically does NOT change with n_times (convs are weight-shared over time), but the token/time-step sequence length DOES grow with more samples, so the encoder processes a longer latent sequence at 500 Hz and each fixed-sample kernel covers less real time.
[2026-06-14 13:45:56]   resample_128  -> config_128hz.json: effective 128 Hz | window 538 samples = 4.2031 s
[2026-06-14 13:45:56]   native_500    -> config_500hz.json: effective 500 Hz | window 2100 samples = 4.2000 s

[2026-06-14 13:45:56] Drop-in usage: load one of these into the reference notebook's CONFIG cell. Held fixed across both: channels, 0.5-40 Hz bandpass, 4.2 s window (seconds-first), stratified within-subject 5-fold CV, seeds, and SignalJEPA_PreLocal.
[2026-06-14 13:45:56] compare_runs(run_dir_128, run_dir_500) is ready. After running both rates (via the configs from 5.1), set the two run folders and call it.
[2026-06-14 13:45:56] Audit run metadata saved to: /home/vegorov/Repos/eeg_jepa_research/artifacts/liu2024-source-mat-sjepa-pretrain-500hz-audit/20260614_1345_native500_sr500_efdd1f75/run_metadata.json

[2026-06-14 13:45:56] All audit artifacts in: /home/vegorov/Repos/eeg_jepa_research/artifacts/liu2024-source-mat-sjepa-pretrain-500hz-audit/20260614_1345_native500_sr500_efdd1f75
[2026-06-14 13:45:56]   - architecture_compatibility.json
[2026-06-14 13:45:56]   - config.json
[2026-06-14 13:45:56]   - config_128hz.json
[2026-06-14 13:45:56]   - config_500hz.json
[2026-06-14 13:45:56]   - preprocessing_plan.json
[2026-06-14 13:45:56]   - run.log
[2026-06-14 13:45:56]   - run_metadata.json
[2026-06-14 13:45:56]   - sfreq_audit_empirical.json
[2026-06-14 13:45:56]   - sfreq_audit_static.csv
[2026-06-14 13:45:56]   - sfreq_audit_static.json
