[2026-06-13 09:50:19] Run ID:     20260613_0950_cc386b17
[2026-06-13 09:50:19] Artifacts:  /Users/vadim/Documents/School/Spring 2026/CSCE A698 Individual Research/EEG_JEPA/artifacts/liu2024-twfb-dgfmdm-faithful/20260613_0950_cc386b17
[2026-06-13 09:50:19] Config:     /Users/vadim/Documents/School/Spring 2026/CSCE A698 Individual Research/EEG_JEPA/artifacts/liu2024-twfb-dgfmdm-faithful/20260613_0950_cc386b17/config.json
[2026-06-13 09:50:19] Using device: mps
[2026-06-13 09:50:20] Seed initialized: 2026
[2026-06-13 09:50:20] Found 50 .mat files under /Users/vadim/Documents/School/Spring 2026/CSCE A698 Individual Research/EEG_JEPA/liu2024_data/liu2024_figshare/sourcedata
[2026-06-13 09:50:27] Loaded 50 subjects. Example raw shape: (40, 33, 4000)
[2026-06-13 09:50:27] Window: 2000 samples = 4.0s @ 500 Hz, starting 0.0s after trigger
[2026-06-13 09:51:43] Trigger detection: 2000/2000 trials (0 used the fixed-cue fallback).
[2026-06-13 09:51:58]   subject 1: oracle=0.575 nested=0.425
[2026-06-13 09:52:12]   subject 2: oracle=0.619 nested=0.463
[2026-06-13 09:52:27]   subject 3: oracle=0.531 nested=0.412
[2026-06-13 09:52:40]   subject 4: oracle=0.556 nested=0.444
[2026-06-13 09:52:54]   subject 5: oracle=0.625 nested=0.438
[2026-06-13 09:53:10]   subject 6: oracle=0.588 nested=0.438
[2026-06-13 09:53:24]   subject 7: oracle=0.775 nested=0.688
[2026-06-13 09:53:38]   subject 8: oracle=0.562 nested=0.388
[2026-06-13 09:53:52]   subject 9: oracle=0.544 nested=0.425
[2026-06-13 09:54:06]   subject 10: oracle=0.562 nested=0.456
[2026-06-13 09:54:21]   subject 11: oracle=0.625 nested=0.481
[2026-06-13 09:54:36]   subject 12: oracle=0.637 nested=0.519
[2026-06-13 09:54:50]   subject 13: oracle=0.631 nested=0.487
[2026-06-13 09:55:05]   subject 14: oracle=0.537 nested=0.350
[2026-06-13 09:55:19]   subject 15: oracle=0.662 nested=0.531
[2026-06-13 09:55:34]   subject 16: oracle=0.525 nested=0.381
[2026-06-13 09:55:49]   subject 17: oracle=0.581 nested=0.394
[2026-06-13 09:56:03]   subject 18: oracle=0.631 nested=0.519
[2026-06-13 09:56:18]   subject 19: oracle=0.569 nested=0.412
[2026-06-13 09:56:33]   subject 20: oracle=0.775 nested=0.669
[2026-06-13 09:56:47]   subject 21: oracle=0.600 nested=0.469
[2026-06-13 09:57:01]   subject 22: oracle=0.713 nested=0.512
[2026-06-13 09:57:15]   subject 23: oracle=0.812 nested=0.656
[2026-06-13 09:57:30]   subject 24: oracle=0.600 nested=0.469
[2026-06-13 09:57:45]   subject 25: oracle=0.681 nested=0.537
[2026-06-13 09:57:59]   subject 26: oracle=0.719 nested=0.556
[2026-06-13 09:58:14]   subject 27: oracle=0.537 nested=0.450
[2026-06-13 09:58:29]   subject 28: oracle=0.750 nested=0.662
[2026-06-13 09:58:44]   subject 29: oracle=0.525 nested=0.381
[2026-06-13 09:58:59]   subject 30: oracle=0.713 nested=0.550
[2026-06-13 09:59:13]   subject 31: oracle=0.544 nested=0.362
[2026-06-13 09:59:27]   subject 32: oracle=0.575 nested=0.400
[2026-06-13 09:59:43]   subject 33: oracle=0.544 nested=0.450
[2026-06-13 10:00:00]   subject 34: oracle=0.512 nested=0.381
[2026-06-13 10:00:15]   subject 35: oracle=0.606 nested=0.431
[2026-06-13 10:00:30]   subject 36: oracle=0.606 nested=0.487
[2026-06-13 10:00:46]   subject 37: oracle=0.781 nested=0.762
[2026-06-13 10:01:01]   subject 38: oracle=0.656 nested=0.588
[2026-06-13 10:01:18]   subject 39: oracle=0.575 nested=0.450
[2026-06-13 10:01:33]   subject 40: oracle=0.800 nested=0.669
[2026-06-13 10:01:48]   subject 41: oracle=0.581 nested=0.425
[2026-06-13 10:02:04]   subject 42: oracle=0.625 nested=0.444
[2026-06-13 10:02:18]   subject 43: oracle=0.588 nested=0.356
[2026-06-13 10:02:33]   subject 44: oracle=0.719 nested=0.556
[2026-06-13 10:02:49]   subject 45: oracle=0.819 nested=0.600
[2026-06-13 10:03:04]   subject 46: oracle=0.625 nested=0.456
[2026-06-13 10:03:19]   subject 47: oracle=0.613 nested=0.456
[2026-06-13 10:03:35]   subject 48: oracle=0.644 nested=0.463
[2026-06-13 10:03:50]   subject 49: oracle=0.669 nested=0.544
[2026-06-13 10:04:04]   subject 50: oracle=0.650 nested=0.469
[2026-06-13 10:04:04] ================ HEADLINE (accuracy, like the MATLAB) ================
[2026-06-13 10:04:04] Oracle max-over-bands (matches Liu's reported metric): 63.0%  (subject sd 8.3)
[2026-06-13 10:04:04] Unbiased nested band-selection:                       48.6%  (subject sd 9.5)
[2026-06-13 10:04:04] Best single fixed band (8-20):                 49.8%

[2026-06-13 10:04:04] Mean accuracy per fixed band:
[2026-06-13 10:04:04]     8-12 Hz : 47.7%
[2026-06-13 10:04:04]     8-20 Hz : 49.8%
[2026-06-13 10:04:04]     8-30 Hz : 49.8%
[2026-06-13 10:04:04]    12-20 Hz : 47.9%
[2026-06-13 10:04:04]    15-20 Hz : 47.1%
[2026-06-13 10:04:04]    15-30 Hz : 49.1%
[2026-06-13 10:04:04]    20-30 Hz : 49.0%
[2026-06-13 10:04:04]     8-15 Hz : 47.9%
[2026-06-13 10:04:05] Saved: /Users/vadim/Documents/School/Spring 2026/CSCE A698 Individual Research/EEG_JEPA/artifacts/liu2024-twfb-dgfmdm-faithful/20260613_0950_cc386b17/accuracy_by_band.png
[2026-06-13 10:04:05] Saved: /Users/vadim/Documents/School/Spring 2026/CSCE A698 Individual Research/EEG_JEPA/artifacts/liu2024-twfb-dgfmdm-faithful/20260613_0950_cc386b17/per_subject_oracle_vs_nested.png
[2026-06-13 10:04:05] Saved run metadata to: /Users/vadim/Documents/School/Spring 2026/CSCE A698 Individual Research/EEG_JEPA/artifacts/liu2024-twfb-dgfmdm-faithful/20260613_0950_cc386b17/run_metadata.json
[2026-06-13 10:04:05]   - accuracy_by_band.png
[2026-06-13 10:04:05]   - config.json
[2026-06-13 10:04:05]   - headline_summary.json
[2026-06-13 10:04:05]   - per_band_per_rep.csv
[2026-06-13 10:04:05]   - per_rep_oracle_vs_nested.csv
[2026-06-13 10:04:05]   - per_subject_accuracy.csv
[2026-06-13 10:04:05]   - per_subject_oracle_vs_nested.png
[2026-06-13 10:04:05]   - run.log
[2026-06-13 10:04:05]   - run_metadata.json
[2026-06-13 10:04:05]   - trigger_detection_report.csv
