[2026-07-15 20:30:08] Run ID:     20260715_203008_458234_b2061b8a
[2026-07-15 20:30:08] Artifacts:  /Users/vadim/Documents/School/Spring 2026/CSCE A698 Individual Research/EEG_JEPA/artifacts/liu2024-compact-mi-loso-transfer/20260715_203008_458234_b2061b8a
[2026-07-15 20:30:08] Config:     /Users/vadim/Documents/School/Spring 2026/CSCE A698 Individual Research/EEG_JEPA/artifacts/liu2024-compact-mi-loso-transfer/20260715_203008_458234_b2061b8a/config.json
[2026-07-15 20:30:08] Using device: mps
[2026-07-15 20:30:09] Seed initialized: 2026
[2026-07-15 20:30:09] Full CONFIG banner:
{
  "artifact_dir": "/Users/vadim/Documents/School/Spring 2026/CSCE A698 Individual Research/EEG_JEPA/artifacts/liu2024-compact-mi-loso-transfer",
  "source_extract_dir": "/Users/vadim/Documents/School/Spring 2026/CSCE A698 Individual Research/EEG_JEPA/liu2024_data/liu2024_figshare/sourcedata",
  "experiment_name": "shallow_loso_fullsource_smoke_target_only",
  "config_note": "Prespecified subjects 01/03/07; matched target-only Shallow control for the full-source smoke test.",
  "subjects_to_use": null,
  "target_subjects": [
    1,
    3,
    7
  ],
  "channel_set": "liu29",
  "native_sfreq": 500,
  "target_sfreq": 128,
  "marker_channel_index": 32,
  "onset_marker_value": 2,
  "onset_plausible_range": [
    800,
    1300
  ],
  "window_seconds": 4.0,
  "bandpass_hz": [
    4.0,
    40.0
  ],
  "filter_order": 4,
  "normalization_mode": "channel_standardize",
  "normalization_eps": 1e-06,
  "model_name": "ShallowFBCSPNet",
  "model_kwargs": {},
  "allow_optional_models": false,
  "adaptation_mode": "target_only",
  "source_epochs": 20,
  "adaptation_epochs": 20,
  "finetune_learning_rate": 3e-05,
  "checkpoint_cache_dir": "/Users/vadim/Documents/School/Spring 2026/CSCE A698 Individual Research/EEG_JEPA/artifacts/checkpoint_cache/compact-mi-loso",
  "evaluation_mode": "stratified_5fold",
  "cv_folds": 5,
  "cv_random_state": 2026,
  "persist_splits": true,
  "epoch_selection": "fixed_source_locked",
  "source_batch_size": 64,
  "batch_size": 8,
  "n_epochs": 20,
  "learning_rate": 0.0003,
  "weight_decay": 0.01,
  "gradient_clip_norm": 1.0,
  "seeds": [
    2026
  ],
  "seed": 2026,
  "set_seed": true,
  "bootstrap_iterations": 10000,
  "collapse_threshold": 0.9,
  "classical_reference_artifact": "/Users/vadim/Documents/School/Spring 2026/CSCE A698 Individual Research/EEG_JEPA/artifacts/liu2024-multiscale-riemann-fusion/20260712_145032_844360_89d4f1fc/subject_results.csv"
}
[2026-07-15 20:31:34] {
  "mean_subject_balanced_accuracy": 0.5499999999999999,
  "subject_bootstrap_95_ci": [
    0.45,
    0.65
  ],
  "n_subjects": 3,
  "n_folds_total": 15,
  "collapse_rate": 0.13333333333333333,
  "mean_training_seconds": 4.466735644312576
}
[2026-07-15 20:31:34] CV results saved to:      /Users/vadim/Documents/School/Spring 2026/CSCE A698 Individual Research/EEG_JEPA/artifacts/liu2024-compact-mi-loso-transfer/20260715_203008_458234_b2061b8a/cv_results.json
[2026-07-15 20:31:34] Subject metrics saved to: /Users/vadim/Documents/School/Spring 2026/CSCE A698 Individual Research/EEG_JEPA/artifacts/liu2024-compact-mi-loso-transfer/20260715_203008_458234_b2061b8a/subject_metrics.json
[2026-07-15 20:31:34] Global metrics saved to:  /Users/vadim/Documents/School/Spring 2026/CSCE A698 Individual Research/EEG_JEPA/artifacts/liu2024-compact-mi-loso-transfer/20260715_203008_458234_b2061b8a/global_metrics.json
[2026-07-15 20:31:34] Run metadata saved to:    /Users/vadim/Documents/School/Spring 2026/CSCE A698 Individual Research/EEG_JEPA/artifacts/liu2024-compact-mi-loso-transfer/20260715_203008_458234_b2061b8a/run_metadata.json
[2026-07-15 20:31:34] 
All artifacts in: /Users/vadim/Documents/School/Spring 2026/CSCE A698 Individual Research/EEG_JEPA/artifacts/liu2024-compact-mi-loso-transfer/20260715_203008_458234_b2061b8a
