[2026-06-14 11:09:42] Run ID:     20260614_1109_9d3f1b1b
[2026-06-14 11:09:42] Artifacts:  /Users/vadim/Documents/School/Spring 2026/CSCE A698 Individual Research/EEG_JEPA/artifacts/liu2024-decodability-permutation/20260614_1109_9d3f1b1b
[2026-06-14 11:09:42] Config:     /Users/vadim/Documents/School/Spring 2026/CSCE A698 Individual Research/EEG_JEPA/artifacts/liu2024-decodability-permutation/20260614_1109_9d3f1b1b/config.json
[2026-06-14 11:09:42] Using device: mps
[2026-06-14 11:09:42] Seed initialized: 2026
[2026-06-14 11:09:42] Found 50 .mat files under /Users/vadim/Documents/School/Spring 2026/CSCE A698 Individual Research/EEG_JEPA/liu2024_data/liu2024_figshare/sourcedata
[2026-06-14 11:09:49] Loaded 50 subjects. Example raw shape: (40, 33, 4000)
[2026-06-14 11:09:49] Window: 2000 samples = 4.0s @ 500 Hz, starting 0.0s after trigger
[2026-06-14 11:11:05] Trigger detection: 2000/2000 trials (0 used the fixed-cue fallback).
[2026-06-14 11:11:07] Precomputed log-covariances for 50 subjects x 8 bands.
[2026-06-14 11:11:43]   subject 1: honest(8-30)=0.500 p=0.478 | oracle=0.550 p_sa=0.583 | FgMDM=0.450
[2026-06-14 11:12:20]   subject 2: honest(8-30)=0.338 p=0.950 | oracle=0.425 p_sa=0.968 | FgMDM=0.463
[2026-06-14 11:12:56]   subject 3: honest(8-30)=0.512 p=0.464 | oracle=0.575 p_sa=0.438 | FgMDM=0.512
[2026-06-14 11:13:33]   subject 4: honest(8-30)=0.312 p=0.980 | oracle=0.388 p_sa=0.994 | FgMDM=0.550
[2026-06-14 11:14:09]   subject 5: honest(8-30)=0.562 p=0.265 | oracle=0.562 p_sa=0.770 | FgMDM=0.588
[2026-06-14 11:14:46]   subject 6: honest(8-30)=0.475 p=0.577 | oracle=0.525 p_sa=0.635 | FgMDM=0.438
[2026-06-14 11:15:22]   subject 7: honest(8-30)=0.713 p=0.006 | oracle=0.775 p_sa=0.002 | FgMDM=0.787
[2026-06-14 11:15:58]   subject 8: honest(8-30)=0.350 p=0.939 | oracle=0.425 p_sa=0.975 | FgMDM=0.400
[2026-06-14 11:16:34]   subject 9: honest(8-30)=0.338 p=0.962 | oracle=0.525 p_sa=0.760 | FgMDM=0.500
[2026-06-14 11:17:11]   subject 10: honest(8-30)=0.450 p=0.711 | oracle=0.512 p_sa=0.762 | FgMDM=0.463
[2026-06-14 11:17:47]   subject 11: honest(8-30)=0.600 p=0.099 | oracle=0.675 p_sa=0.041 | FgMDM=0.625
[2026-06-14 11:18:23]   subject 12: honest(8-30)=0.525 p=0.421 | oracle=0.550 p_sa=0.583 | FgMDM=0.487
[2026-06-14 11:19:00]   subject 13: honest(8-30)=0.475 p=0.590 | oracle=0.562 p_sa=0.516 | FgMDM=0.625
[2026-06-14 11:19:36]   subject 14: honest(8-30)=0.463 p=0.643 | oracle=0.575 p_sa=0.610 | FgMDM=0.463
[2026-06-14 11:20:14]   subject 15: honest(8-30)=0.525 p=0.394 | oracle=0.625 p_sa=0.394 | FgMDM=0.562
[2026-06-14 11:20:51]   subject 16: honest(8-30)=0.487 p=0.556 | oracle=0.512 p_sa=0.673 | FgMDM=0.388
[2026-06-14 11:21:27]   subject 17: honest(8-30)=0.438 p=0.731 | oracle=0.600 p_sa=0.330 | FgMDM=0.463
[2026-06-14 11:22:05]   subject 18: honest(8-30)=0.438 p=0.782 | oracle=0.525 p_sa=0.770 | FgMDM=0.575
[2026-06-14 11:22:41]   subject 19: honest(8-30)=0.425 p=0.810 | oracle=0.512 p_sa=0.716 | FgMDM=0.463
[2026-06-14 11:23:17]   subject 20: honest(8-30)=0.625 p=0.102 | oracle=0.662 p_sa=0.086 | FgMDM=0.662
[2026-06-14 11:23:53]   subject 21: honest(8-30)=0.362 p=0.925 | oracle=0.525 p_sa=0.637 | FgMDM=0.500
[2026-06-14 11:24:29]   subject 22: honest(8-30)=0.688 p=0.018 | oracle=0.775 p_sa=0.004 | FgMDM=0.675
[2026-06-14 11:25:05]   subject 23: honest(8-30)=0.738 p=0.001 | oracle=0.738 p_sa=0.006 | FgMDM=0.762
[2026-06-14 11:25:41]   subject 24: honest(8-30)=0.438 p=0.736 | oracle=0.475 p_sa=0.810 | FgMDM=0.475
[2026-06-14 11:26:18]   subject 25: honest(8-30)=0.500 p=0.494 | oracle=0.600 p_sa=0.295 | FgMDM=0.588
[2026-06-14 11:26:54]   subject 26: honest(8-30)=0.537 p=0.351 | oracle=0.625 p_sa=0.235 | FgMDM=0.613
[2026-06-14 11:27:30]   subject 27: honest(8-30)=0.375 p=0.919 | oracle=0.412 p_sa=0.977 | FgMDM=0.425
[2026-06-14 11:28:06]   subject 28: honest(8-30)=0.725 p=0.005 | oracle=0.762 p_sa=0.005 | FgMDM=0.713
[2026-06-14 11:28:43]   subject 29: honest(8-30)=0.438 p=0.790 | oracle=0.550 p_sa=0.664 | FgMDM=0.500
[2026-06-14 11:29:19]   subject 30: honest(8-30)=0.600 p=0.155 | oracle=0.675 p_sa=0.091 | FgMDM=0.662
[2026-06-14 11:29:55]   subject 31: honest(8-30)=0.463 p=0.665 | oracle=0.537 p_sa=0.638 | FgMDM=0.287
[2026-06-14 11:30:32]   subject 32: honest(8-30)=0.388 p=0.870 | oracle=0.537 p_sa=0.768 | FgMDM=0.350
[2026-06-14 11:31:08]   subject 33: honest(8-30)=0.525 p=0.398 | oracle=0.525 p_sa=0.720 | FgMDM=0.463
[2026-06-14 11:31:46]   subject 34: honest(8-30)=0.338 p=0.965 | oracle=0.338 p_sa=0.997 | FgMDM=0.400
[2026-06-14 11:32:23]   subject 35: honest(8-30)=0.312 p=0.988 | oracle=0.438 p_sa=0.915 | FgMDM=0.450
[2026-06-14 11:32:59]   subject 36: honest(8-30)=0.375 p=0.892 | oracle=0.562 p_sa=0.593 | FgMDM=0.425
[2026-06-14 11:33:36]   subject 37: honest(8-30)=0.537 p=0.373 | oracle=0.725 p_sa=0.023 | FgMDM=0.600
[2026-06-14 11:34:12]   subject 38: honest(8-30)=0.600 p=0.141 | oracle=0.637 p_sa=0.265 | FgMDM=0.575
[2026-06-14 11:34:49]   subject 39: honest(8-30)=0.400 p=0.849 | oracle=0.487 p_sa=0.855 | FgMDM=0.475
[2026-06-14 11:35:26]   subject 40: honest(8-30)=0.762 p=0.002 | oracle=0.800 p_sa=0.002 | FgMDM=0.750
[2026-06-14 11:36:02]   subject 41: honest(8-30)=0.350 p=0.949 | oracle=0.450 p_sa=0.930 | FgMDM=0.525
[2026-06-14 11:36:40]   subject 42: honest(8-30)=0.450 p=0.717 | oracle=0.512 p_sa=0.816 | FgMDM=0.588
[2026-06-14 11:37:16]   subject 43: honest(8-30)=0.525 p=0.403 | oracle=0.525 p_sa=0.656 | FgMDM=0.487
[2026-06-14 11:37:53]   subject 44: honest(8-30)=0.463 p=0.663 | oracle=0.688 p_sa=0.025 | FgMDM=0.750
[2026-06-14 11:38:30]   subject 45: honest(8-30)=0.463 p=0.652 | oracle=0.613 p_sa=0.266 | FgMDM=0.588
[2026-06-14 11:39:08]   subject 46: honest(8-30)=0.312 p=0.972 | oracle=0.487 p_sa=0.852 | FgMDM=0.438
[2026-06-14 11:39:46]   subject 47: honest(8-30)=0.525 p=0.401 | oracle=0.562 p_sa=0.571 | FgMDM=0.463
[2026-06-14 11:40:26]   subject 48: honest(8-30)=0.412 p=0.842 | oracle=0.537 p_sa=0.710 | FgMDM=0.537
[2026-06-14 11:41:02]   subject 49: honest(8-30)=0.512 p=0.461 | oracle=0.725 p_sa=0.032 | FgMDM=0.588
[2026-06-14 11:41:38]   subject 50: honest(8-30)=0.375 p=0.899 | oracle=0.487 p_sa=0.829 | FgMDM=0.575
[2026-06-14 11:41:38] Decodable subjects (BH-FDR q<0.05): ['40', '23']
[2026-06-14 11:41:38]   n decodable = 2 / 50
[2026-06-14 11:41:38]   also significant under Bonferroni: ['23']

[2026-06-14 11:41:38] ================ honest balanced accuracy (8-30 Hz, no band selection) ================
[2026-06-14 11:41:38]   full cohort         : logE-MDM 48.1% (sd 11.5)
[2026-06-14 11:41:38]                         FgMDM    53.4% (sd 11.1)
[2026-06-14 11:41:38]   decodable subgroup  : logE-MDM 75.0% (sd 1.8)
[2026-06-14 11:41:38]                         FgMDM    75.6% (sd 0.9)

[2026-06-14 11:41:38] ================ oracle best-of-8-bands (selection-aware p-values) ================
[2026-06-14 11:41:38]   full cohort oracle accuracy: 56.8% (sd 10.6)
[2026-06-14 11:41:38]   subjects whose oracle accuracy is significant under the SELECTION-AWARE null: 9/50
[2026-06-14 11:41:38]   -> the gap between this oracle % and the honest % is the selection-on-noise inflation.
[2026-06-14 11:41:38] No S-JEPA metrics path set -> skipping subgroup comparison. Set CONFIG['decode']['sjepa_subject_metrics_path'] to a prior run's per-subject file.
[2026-06-14 11:41:38] Saved: /Users/vadim/Documents/School/Spring 2026/CSCE A698 Individual Research/EEG_JEPA/artifacts/liu2024-decodability-permutation/20260614_1109_9d3f1b1b/decodability_per_subject.png
[2026-06-14 11:41:38] Saved: /Users/vadim/Documents/School/Spring 2026/CSCE A698 Individual Research/EEG_JEPA/artifacts/liu2024-decodability-permutation/20260614_1109_9d3f1b1b/oracle_vs_honest.png
[2026-06-14 11:41:38] Saved run metadata to: /Users/vadim/Documents/School/Spring 2026/CSCE A698 Individual Research/EEG_JEPA/artifacts/liu2024-decodability-permutation/20260614_1109_9d3f1b1b/run_metadata.json
[2026-06-14 11:41:38]   - config.json
[2026-06-14 11:41:38]   - decodability_per_subject.csv
[2026-06-14 11:41:38]   - decodability_per_subject.png
[2026-06-14 11:41:38]   - decodability_summary.json
[2026-06-14 11:41:38]   - oracle_vs_honest.png
[2026-06-14 11:41:38]   - run.log
[2026-06-14 11:41:38]   - run_metadata.json
[2026-06-14 11:41:38]   - trigger_detection_report.csv
