Notebook:       /Users/vadim/Documents/School/Spring 2026/CSCE A698 Individual Research/EEG_JEPA/src/liu2024/liu2024_source_mat_sjepa_prelocal_clean_pipeline.ipynb
Configurations: /Users/vadim/Documents/School/Spring 2026/CSCE A698 Individual Research/EEG_JEPA/src/utils/experiments/configs/liu2024_sjepa_hp_gradient_clip.json
Total configs:  18

[1/18] Running config override:
{
  "batch_size": 16,
  "optimizer_name": "adam",
  "weight_decay": 0.0,
  "gradient_clip_norm": null,
  "experiment_name": "hpclip_001_clipnone",
  "sweep_group": "HP_gradient_clip"
}
  status:       completed
  elapsed_sec:  270.599
  run_id:       20260528_1801_bcdb5b5c
  artifact_dir: /Users/vadim/Documents/School/Spring 2026/CSCE A698 Individual Research/EEG_JEPA/artifacts/liu2024-source-mat-sjepa-prelocal/20260528_1801_bcdb5b5c

[2/18] Running config override:
{
  "batch_size": 16,
  "optimizer_name": "adam",
  "weight_decay": 0.0,
  "gradient_clip_norm": 0.25,
  "experiment_name": "hpclip_002_clip0p25",
  "sweep_group": "HP_gradient_clip"
}
  status:       completed
  elapsed_sec:  280.524
  run_id:       20260528_1806_36c7441c
  artifact_dir: /Users/vadim/Documents/School/Spring 2026/CSCE A698 Individual Research/EEG_JEPA/artifacts/liu2024-source-mat-sjepa-prelocal/20260528_1806_36c7441c

[3/18] Running config override:
{
  "batch_size": 16,
  "optimizer_name": "adam",
  "weight_decay": 0.0,
  "gradient_clip_norm": 0.5,
  "experiment_name": "hpclip_003_clip0p5",
  "sweep_group": "HP_gradient_clip"
}
  status:       completed
  elapsed_sec:  262.19
  run_id:       20260528_1810_15daf84c
  artifact_dir: /Users/vadim/Documents/School/Spring 2026/CSCE A698 Individual Research/EEG_JEPA/artifacts/liu2024-source-mat-sjepa-prelocal/20260528_1810_15daf84c

[4/18] Running config override:
{
  "batch_size": 16,
  "optimizer_name": "adam",
  "weight_decay": 0.0,
  "gradient_clip_norm": 1.0,
  "experiment_name": "hpclip_004_clip1p0",
  "sweep_group": "HP_gradient_clip"
}
  status:       completed
  elapsed_sec:  265.249
  run_id:       20260528_1815_f184162a
  artifact_dir: /Users/vadim/Documents/School/Spring 2026/CSCE A698 Individual Research/EEG_JEPA/artifacts/liu2024-source-mat-sjepa-prelocal/20260528_1815_f184162a

[5/18] Running config override:
{
  "batch_size": 16,
  "optimizer_name": "adam",
  "weight_decay": 0.0,
  "gradient_clip_norm": 2.0,
  "experiment_name": "hpclip_005_clip2p0",
  "sweep_group": "HP_gradient_clip"
}
  status:       completed
  elapsed_sec:  262.078
  run_id:       20260528_1819_5d5f7af4
  artifact_dir: /Users/vadim/Documents/School/Spring 2026/CSCE A698 Individual Research/EEG_JEPA/artifacts/liu2024-source-mat-sjepa-prelocal/20260528_1819_5d5f7af4

[6/18] Running config override:
{
  "batch_size": 16,
  "optimizer_name": "adam",
  "weight_decay": 0.0,
  "gradient_clip_norm": 5.0,
  "experiment_name": "hpclip_006_clip5p0",
  "sweep_group": "HP_gradient_clip"
}
  status:       completed
  elapsed_sec:  310.608
  run_id:       20260528_1823_1e4b2c6c
  artifact_dir: /Users/vadim/Documents/School/Spring 2026/CSCE A698 Individual Research/EEG_JEPA/artifacts/liu2024-source-mat-sjepa-prelocal/20260528_1823_1e4b2c6c

[7/18] Running config override:
{
  "batch_size": 8,
  "optimizer_name": "adam",
  "weight_decay": 0.0,
  "gradient_clip_norm": 0.5,
  "experiment_name": "hpclip_007_bs8_clip0p5_adam",
  "sweep_group": "HP_gradient_clip"
}
  status:       completed
  elapsed_sec:  382.003
  run_id:       20260528_1829_305d52ba
  artifact_dir: /Users/vadim/Documents/School/Spring 2026/CSCE A698 Individual Research/EEG_JEPA/artifacts/liu2024-source-mat-sjepa-prelocal/20260528_1829_305d52ba

[8/18] Running config override:
{
  "batch_size": 8,
  "optimizer_name": "adamw",
  "weight_decay": 0.0001,
  "gradient_clip_norm": 0.5,
  "experiment_name": "hpclip_008_bs8_clip0p5_adamw",
  "sweep_group": "HP_gradient_clip"
}
  status:       completed
  elapsed_sec:  379.591
  run_id:       20260528_1835_05f9cc4d
  artifact_dir: /Users/vadim/Documents/School/Spring 2026/CSCE A698 Individual Research/EEG_JEPA/artifacts/liu2024-source-mat-sjepa-prelocal/20260528_1835_05f9cc4d

[9/18] Running config override:
{
  "batch_size": 8,
  "optimizer_name": "adam",
  "weight_decay": 0.0,
  "gradient_clip_norm": 1.0,
  "experiment_name": "hpclip_009_bs8_clip1p0_adam",
  "sweep_group": "HP_gradient_clip"
}
  status:       completed
  elapsed_sec:  380.116
  run_id:       20260528_1841_940f06f2
  artifact_dir: /Users/vadim/Documents/School/Spring 2026/CSCE A698 Individual Research/EEG_JEPA/artifacts/liu2024-source-mat-sjepa-prelocal/20260528_1841_940f06f2

[10/18] Running config override:
{
  "batch_size": 8,
  "optimizer_name": "adamw",
  "weight_decay": 0.0001,
  "gradient_clip_norm": 1.0,
  "experiment_name": "hpclip_010_bs8_clip1p0_adamw",
  "sweep_group": "HP_gradient_clip"
}
  status:       completed
  elapsed_sec:  387.917
  run_id:       20260528_1848_a47d242b
  artifact_dir: /Users/vadim/Documents/School/Spring 2026/CSCE A698 Individual Research/EEG_JEPA/artifacts/liu2024-source-mat-sjepa-prelocal/20260528_1848_a47d242b

[11/18] Running config override:
{
  "batch_size": 8,
  "optimizer_name": "adam",
  "weight_decay": 0.0,
  "gradient_clip_norm": 2.0,
  "experiment_name": "hpclip_011_bs8_clip2p0_adam",
  "sweep_group": "HP_gradient_clip"
}
  status:       completed
  elapsed_sec:  390.243
  run_id:       20260528_1854_661c78f8
  artifact_dir: /Users/vadim/Documents/School/Spring 2026/CSCE A698 Individual Research/EEG_JEPA/artifacts/liu2024-source-mat-sjepa-prelocal/20260528_1854_661c78f8

[12/18] Running config override:
{
  "batch_size": 8,
  "optimizer_name": "adamw",
  "weight_decay": 0.0001,
  "gradient_clip_norm": 2.0,
  "experiment_name": "hpclip_012_bs8_clip2p0_adamw",
  "sweep_group": "HP_gradient_clip"
}
  status:       completed
  elapsed_sec:  393.034
  run_id:       20260528_1901_8df5a058
  artifact_dir: /Users/vadim/Documents/School/Spring 2026/CSCE A698 Individual Research/EEG_JEPA/artifacts/liu2024-source-mat-sjepa-prelocal/20260528_1901_8df5a058

[13/18] Running config override:
{
  "batch_size": 16,
  "optimizer_name": "adam",
  "weight_decay": 0.0,
  "gradient_clip_norm": 0.5,
  "experiment_name": "hpclip_013_bs16_clip0p5_adam",
  "sweep_group": "HP_gradient_clip"
}
  status:       completed
  elapsed_sec:  281.289
  run_id:       20260528_1907_3d16e8f1
  artifact_dir: /Users/vadim/Documents/School/Spring 2026/CSCE A698 Individual Research/EEG_JEPA/artifacts/liu2024-source-mat-sjepa-prelocal/20260528_1907_3d16e8f1

[14/18] Running config override:
{
  "batch_size": 16,
  "optimizer_name": "adamw",
  "weight_decay": 0.0001,
  "gradient_clip_norm": 0.5,
  "experiment_name": "hpclip_014_bs16_clip0p5_adamw",
  "sweep_group": "HP_gradient_clip"
}
  status:       completed
  elapsed_sec:  277.336
  run_id:       20260528_1912_85d4bdcc
  artifact_dir: /Users/vadim/Documents/School/Spring 2026/CSCE A698 Individual Research/EEG_JEPA/artifacts/liu2024-source-mat-sjepa-prelocal/20260528_1912_85d4bdcc

[15/18] Running config override:
{
  "batch_size": 16,
  "optimizer_name": "adam",
  "weight_decay": 0.0,
  "gradient_clip_norm": 1.0,
  "experiment_name": "hpclip_015_bs16_clip1p0_adam",
  "sweep_group": "HP_gradient_clip"
}
  status:       completed
  elapsed_sec:  258.369
  run_id:       20260528_1917_66d648ee
  artifact_dir: /Users/vadim/Documents/School/Spring 2026/CSCE A698 Individual Research/EEG_JEPA/artifacts/liu2024-source-mat-sjepa-prelocal/20260528_1917_66d648ee

[16/18] Running config override:
{
  "batch_size": 16,
  "optimizer_name": "adamw",
  "weight_decay": 0.0001,
  "gradient_clip_norm": 1.0,
  "experiment_name": "hpclip_016_bs16_clip1p0_adamw",
  "sweep_group": "HP_gradient_clip"
}
  status:       completed
  elapsed_sec:  258.679
  run_id:       20260528_1921_ebfbaeed
  artifact_dir: /Users/vadim/Documents/School/Spring 2026/CSCE A698 Individual Research/EEG_JEPA/artifacts/liu2024-source-mat-sjepa-prelocal/20260528_1921_ebfbaeed

[17/18] Running config override:
{
  "batch_size": 16,
  "optimizer_name": "adam",
  "weight_decay": 0.0,
  "gradient_clip_norm": 2.0,
  "experiment_name": "hpclip_017_bs16_clip2p0_adam",
  "sweep_group": "HP_gradient_clip"
}
  status:       completed
  elapsed_sec:  257.687
  run_id:       20260528_1925_33c41b41
  artifact_dir: /Users/vadim/Documents/School/Spring 2026/CSCE A698 Individual Research/EEG_JEPA/artifacts/liu2024-source-mat-sjepa-prelocal/20260528_1925_33c41b41

[18/18] Running config override:
{
  "batch_size": 16,
  "optimizer_name": "adamw",
  "weight_decay": 0.0001,
  "gradient_clip_norm": 2.0,
  "experiment_name": "hpclip_018_bs16_clip2p0_adamw",
  "sweep_group": "HP_gradient_clip"
}
  status:       completed
  elapsed_sec:  256.345
  run_id:       20260528_1929_7f80ee9d
  artifact_dir: /Users/vadim/Documents/School/Spring 2026/CSCE A698 Individual Research/EEG_JEPA/artifacts/liu2024-source-mat-sjepa-prelocal/20260528_1929_7f80ee9d

Finished.
Results dir:    experiment_results/20260528_1801_liu2024_sjepa_hp_gradient_clip_712f8679
Summary JSON:   experiment_results/20260528_1801_liu2024_sjepa_hp_gradient_clip_712f8679/results.json
Artifact list:  experiment_results/20260528_1801_liu2024_sjepa_hp_gradient_clip_712f8679/artifact_ids.json
