[2026-06-14 11:20:32] Run ID:     20260614_1120_82d1a0d1
[2026-06-14 11:20:32] Artifacts:  /Users/vadim/Documents/School/Spring 2026/CSCE A698 Individual Research/EEG_JEPA/artifacts/liu2024-sjepa-riemann-crosssubject-fusion/20260614_1120_82d1a0d1
[2026-06-14 11:20:32] Config:     /Users/vadim/Documents/School/Spring 2026/CSCE A698 Individual Research/EEG_JEPA/artifacts/liu2024-sjepa-riemann-crosssubject-fusion/20260614_1120_82d1a0d1/config.json
[2026-06-14 11:20:32] Using device: mps
[2026-06-14 11:20:33] Seed initialized: 2026
[2026-06-14 11:20:33] Configured preprocessing pipeline:
[2026-06-14 11:20:33]   - [ON] source::select_eeg_channels | - select Liu EEG channels, drop CPz reference, EOG, and marker before model input
[2026-06-14 11:20:33]   - [off] source::demean | mode=none | baseline_window_s=[0.0, 2.0]
[2026-06-14 11:20:33]   - [off] source::detrend | mode=none
[2026-06-14 11:20:33]   - [off] source::eog_correction | mode=none
[2026-06-14 11:20:33]   - [off] source::artifact_clipping | mode=none | percentile=99.5
[2026-06-14 11:20:33]   - [ON] mne_raw::reference | timing=before_resample_filter | mode=average
[2026-06-14 11:20:33]   - [ON] mne_raw::resample | sfreq=128
[2026-06-14 11:20:33]   - [ON] mne_raw::bandpass_filter | l_freq=0.5 | h_freq=40.0 | method=fir | phase=zero | fir_design=firwin
[2026-06-14 11:20:33]   - [off] mne_raw::notch_filter | timing=after_bandpass
[2026-06-14 11:20:33]   - [ON] window::crop_fixed_mi_window | start_s=1.5 | target_window_samples=537
[2026-06-14 11:20:33]   - [off] window::bad_trial_rejection
[2026-06-14 11:20:33]   - [off] split::fold_safe_normalization | mode=none
[2026-06-14 11:20:33] Source extract dir: /Users/vadim/Documents/School/Spring 2026/CSCE A698 Individual Research/EEG_JEPA/liu2024_data/liu2024_figshare/sourcedata
[2026-06-14 11:20:33] Found 50 .mat files
[2026-06-14 11:20:34] MAT structure preview saved to: /Users/vadim/Documents/School/Spring 2026/CSCE A698 Individual Research/EEG_JEPA/artifacts/liu2024-sjepa-riemann-crosssubject-fusion/20260614_1120_82d1a0d1/mat_structure_preview_first_subject.csv
[2026-06-14 11:20:40] Subjects loaded: [1, 2, 3, 4, 5, 6, 7, 8, 9, 10, 11, 12, 13, 14, 15, 16, 17, 18, 19, 20, 21, 22, 23, 24, 25, 26, 27, 28, 29, 30, 31, 32, 33, 34, 35, 36, 37, 38, 39, 40, 41, 42, 43, 44, 45, 46, 47, 48, 49, 50]
[2026-06-14 11:20:40] Subject inventory saved to: /Users/vadim/Documents/School/Spring 2026/CSCE A698 Individual Research/EEG_JEPA/artifacts/liu2024-sjepa-riemann-crosssubject-fusion/20260614_1120_82d1a0d1/subject_inventory.csv
[2026-06-14 11:20:54] X_ALL shape: (2000, 29, 537) | Y_ALL counts: [1000, 1000]
[2026-06-14 11:20:54] Preprocessing steps used:
[2026-06-14 11:20:54]   - select 29 EEG channels; drop CPz source reference, EOG, and marker
[2026-06-14 11:20:54]   - source demean skipped
[2026-06-14 11:20:54]   - source detrend skipped
[2026-06-14 11:20:54]   - EOG correction skipped
[2026-06-14 11:20:54]   - source artifact clipping skipped
[2026-06-14 11:20:54]   - convert source microvolts to MNE volts
[2026-06-14 11:20:54]   - average reference at before resample/filter
[2026-06-14 11:20:54]   - resample to 128 Hz
[2026-06-14 11:20:54]   - FIR bandpass 0.5–40.0 Hz | phase=zero | fir_design=firwin
[2026-06-14 11:20:54]   - convert MNE volts to model microvolts
[2026-06-14 11:20:54]   - crop fixed window samples [192:729]
[2026-06-14 11:20:54]   - bad-trial rejection skipped
[2026-06-14 11:20:54] Window summary saved to: /Users/vadim/Documents/School/Spring 2026/CSCE A698 Individual Research/EEG_JEPA/artifacts/liu2024-sjepa-riemann-crosssubject-fusion/20260614_1120_82d1a0d1/window_counts_by_subject.csv
[2026-06-14 11:20:55] EA applied: True | aligned array (2000, 29, 537)
[2026-06-14 11:20:55] Covariances: (2000, 29, 29)
[2026-06-14 11:20:57] Extracted S-JEPA embeddings (2000, 64); cached to artifacts.
[2026-06-14 11:20:57] Evaluating on 10 subjects (loso): ['7', '20', '23', '26', '28', '37', '38', '40', '44', '45']

[2026-06-14 11:21:08]    riemann: mean balanced accuracy = 52.0%  (sd 4.4, n=10)
[2026-06-14 11:21:08]      sjepa: mean balanced accuracy = 50.0%  (sd 6.8, n=10)
[2026-06-14 11:21:19]     fusion: mean balanced accuracy = 52.8%  (sd 4.8, n=10)

[2026-06-14 11:21:19] ================ SUMMARY (balanced accuracy on the evaluation subgroup) ================
[2026-06-14 11:21:19]    riemann: 52.0%
[2026-06-14 11:21:19]      sjepa: 50.0%
[2026-06-14 11:21:19]     fusion: 52.8%

[2026-06-14 11:21:19]   fusion - riemann = +0.8 points  (does S-JEPA add anything over Riemannian alone?)
[2026-06-14 11:21:19] Saved: /Users/vadim/Documents/School/Spring 2026/CSCE A698 Individual Research/EEG_JEPA/artifacts/liu2024-sjepa-riemann-crosssubject-fusion/20260614_1120_82d1a0d1/crosssubject_fusion_per_subject.png
[2026-06-14 11:21:19] Saved: /Users/vadim/Documents/School/Spring 2026/CSCE A698 Individual Research/EEG_JEPA/artifacts/liu2024-sjepa-riemann-crosssubject-fusion/20260614_1120_82d1a0d1/crosssubject_fusion_branch_means.png
[2026-06-14 11:21:19] Saved run metadata to: /Users/vadim/Documents/School/Spring 2026/CSCE A698 Individual Research/EEG_JEPA/artifacts/liu2024-sjepa-riemann-crosssubject-fusion/20260614_1120_82d1a0d1/run_metadata.json
[2026-06-14 11:21:19]   - config.json
[2026-06-14 11:21:19]   - crosssubject_fusion_branch_means.png
[2026-06-14 11:21:19]   - crosssubject_fusion_per_subject.png
[2026-06-14 11:21:19]   - crosssubject_fusion_results.csv
[2026-06-14 11:21:19]   - crosssubject_fusion_summary.json
[2026-06-14 11:21:19]   - mat_structure_preview_first_subject.csv
[2026-06-14 11:21:19]   - run.log
[2026-06-14 11:21:19]   - run_metadata.json
[2026-06-14 11:21:19]   - sjepa_embeddings.npz
[2026-06-14 11:21:19]   - subject_inventory.csv
[2026-06-14 11:21:19]   - window_counts_by_subject.csv
