[2026-07-14 22:19:49] Run ID:     20260714_221949_123930_a845f385
[2026-07-14 22:19:49] Artifacts:  /Users/vadim/Documents/School/Spring 2026/CSCE A698 Individual Research/EEG_JEPA/artifacts/liu2024-lv14-class-feature-audit/20260714_221949_123930_a845f385
[2026-07-14 22:19:49] Config:     /Users/vadim/Documents/School/Spring 2026/CSCE A698 Individual Research/EEG_JEPA/artifacts/liu2024-lv14-class-feature-audit/20260714_221949_123930_a845f385/config.json
[2026-07-14 22:19:51] Seed initialized: 2026
[2026-07-14 22:19:51] Synthetic feature/effect/permutation checks passed.
[2026-07-14 22:19:51] Full config:
{
  "allow_transductive_group_maps": true,
  "artifact_dir": "/Users/vadim/Documents/School/Spring 2026/CSCE A698 Individual Research/EEG_JEPA/artifacts/liu2024-lv14-class-feature-audit",
  "average_reference": true,
  "bands_hz": [
    [
      8,
      12
    ],
    [
      13,
      20
    ],
    [
      20,
      30
    ],
    [
      8,
      30
    ]
  ],
  "bootstrap_iterations": 5000,
  "bootstrap_seed": 202607,
  "cohort_name": "full50",
  "config_note": "Canonical Full50 extension; physiology, fixed motor13 Riemann, frozen S-JEPA, and all-cohort transductive neutral-state microstates.",
  "correlation_permutations": 20000,
  "cv_folds": 5,
  "cv_random_state": 2026,
  "device": "auto",
  "enable_sjepa": true,
  "experiment_name": "full50_class_feature_audit_all_branches",
  "filter_order": 4,
  "flagged_subjects": [
    15
  ],
  "gfp_max_peaks": 20000,
  "gfp_min_peak_distance_ms": 30.0,
  "kmeans_n_init": 20,
  "lda_shrinkage": "auto",
  "locked_prelocal_subject_metrics": "/Users/vadim/Documents/School/Spring 2026/CSCE A698 Individual Research/EEG_JEPA/artifacts/liu2024-sjepa-prelocal/20260703_0835_5d8bfb69/subject_metrics.json",
  "locked_shallow_subject_results": "/Users/vadim/Documents/School/Spring 2026/CSCE A698 Individual Research/EEG_JEPA/artifacts/liu2024-compact-mi-models/20260712_165746_790145_fd8ab986/subject_results.csv",
  "marker_channel_index": 32,
  "marker_value": 2,
  "mi_window_s": [
    0.0,
    4.0
  ],
  "microstate_band_hz": [
    1.0,
    30.0
  ],
  "microstate_sfreq": 250,
  "n_states": 4,
  "onset_fallback_sample": 1003,
  "onset_plausible_range": [
    800,
    1300
  ],
  "permutation_iterations": 2000,
  "seed": 2026,
  "set_seed": true,
  "sfreq": 500,
  "sjepa_bandpass_hz": [
    0.5,
    40.0
  ],
  "sjepa_batch_size": 16,
  "sjepa_checkpoint_path": null,
  "sjepa_embedding_dim": 64,
  "sjepa_hook": "feature_encoder",
  "sjepa_model_id": "braindecode/signal-jepa_without-chans",
  "sjepa_model_revision": null,
  "sjepa_pooling": "mean",
  "sjepa_sfreq": 128,
  "source_extract_dir": "/Users/vadim/Documents/School/Spring 2026/CSCE A698 Individual Research/EEG_JEPA/liu2024_data/liu2024_figshare/sourcedata",
  "split_half_repeats": 100,
  "split_half_seed": 202608,
  "state_naming_mode": "neutral",
  "subjects_to_use": null
}
[2026-07-14 22:48:21] Completed full50 audit (50 subjects): Riemann BA=0.541; S-JEPA available=True; microstates are all-cohort transductive.
[2026-07-14 22:48:21] Global metrics saved to:  /Users/vadim/Documents/School/Spring 2026/CSCE A698 Individual Research/EEG_JEPA/artifacts/liu2024-lv14-class-feature-audit/20260714_221949_123930_a845f385/global_metrics.json
[2026-07-14 22:48:21] Run metadata saved to:    /Users/vadim/Documents/School/Spring 2026/CSCE A698 Individual Research/EEG_JEPA/artifacts/liu2024-lv14-class-feature-audit/20260714_221949_123930_a845f385/run_metadata.json
[2026-07-14 22:48:21] 
All artifacts in: /Users/vadim/Documents/School/Spring 2026/CSCE A698 Individual Research/EEG_JEPA/artifacts/liu2024-lv14-class-feature-audit/20260714_221949_123930_a845f385
