[2026-05-18 12:24:27] Logging to: /Users/vadim/Documents/School/Spring 2026/CSCE A698 Individual Research/EEG_JEPA/artifacts/liu2024-csp-fbcsp-baselines-nonoverlap/MI/20260518_1224_def7dc20/run.log
[2026-05-18 12:24:27] Seed control disabled (CONFIG['set_seed'] = False)
[2026-05-18 12:24:28] ======================================================================
[2026-05-18 12:24:28] CONFIGURATION
[2026-05-18 12:24:28] ======================================================================
[2026-05-18 12:24:28] {
  "artifact_dir": "/Users/vadim/Documents/School/Spring 2026/CSCE A698 Individual Research/EEG_JEPA/artifacts/liu2024-csp-fbcsp-baselines-nonoverlap",
  "dataset_source": "auto",
  "dataset_name": "Liu2024",
  "preprocessed_concat_dir": null,
  "labels_to_keep": [
    "left_hand",
    "right_hand"
  ],
  "exclude_subjects": [],
  "subjects_to_use": null,
  "moabb_dataset_kwargs": {},
  "seed": null,
  "set_seed": false,
  "sfreq": 128,
  "bandpass_low": 0.5,
  "bandpass_high": 40.0,
  "paradigm": "MI",
  "base_trial_duration_s": 8.0,
  "target_window_duration_s": 4.2,
  "drop_overlapping_events_for_csp": true,
  "nonoverlap_selection_strategy": "balanced_greedy",
  "min_events_per_class_after_nonoverlap": 5,
  "on_overlapping_events": "raise",
  "cv_folds": 5,
  "run_models": [
    "CSP_LDA",
    "FBCSP_LDA"
  ],
  "csp": {
    "apply_feature_filter": true,
    "l_freq": 8.0,
    "h_freq": 30.0,
    "n_components": 4,
    "reg": "ledoit_wolf",
    "log": true,
    "norm_trace": false
  },
  "fbcsp": {
    "bands": [
      [
        4.0,
        8.0
      ],
      [
        8.0,
        12.0
      ],
      [
        12.0,
        16.0
      ],
      [
        16.0,
        20.0
      ],
      [
        20.0,
        24.0
      ],
      [
        24.0,
        28.0
      ],
      [
        28.0,
        32.0
      ],
      [
        32.0,
        36.0
      ],
      [
        36.0,
        40.0
      ]
    ],
    "n_components": 4,
    "reg": "ledoit_wolf",
    "log": true,
    "norm_trace": false
  },
  "classifier": "lda",
  "linear_svm_C": 1.0,
  "feature_filter_method": "iir",
  "feature_iir_params": {
    "order": 5,
    "ftype": "butter"
  }
}
[2026-05-18 12:24:28] Saved config to: /Users/vadim/Documents/School/Spring 2026/CSCE A698 Individual Research/EEG_JEPA/artifacts/liu2024-csp-fbcsp-baselines-nonoverlap/MI/20260518_1224_def7dc20/config.json
[2026-05-18 12:24:28] Epoch window configuration:
[2026-05-18 12:24:28]   Target sfreq:                128 Hz
[2026-05-18 12:24:28]   Requested duration:          4.200 s
[2026-05-18 12:24:28]   Window samples:              537
[2026-05-18 12:24:28]   Effective duration:          4.195312 s

[2026-05-18 12:24:28] Provided concat dir:              None
[2026-05-18 12:24:28] Default concat dir:               /Users/vadim/Documents/School/Spring 2026/CSCE A698 Individual Research/EEG_JEPA/preprocessed_concat_datasets/Liu2024_MI_048eba1d_subjects_66243829
[2026-05-18 12:24:28] Selected concat dir:              /Users/vadim/Documents/School/Spring 2026/CSCE A698 Individual Research/EEG_JEPA/preprocessed_concat_datasets/Liu2024_MI_048eba1d_subjects_66243829
[2026-05-18 12:24:28] Preprocessed concat exists:       False
[2026-05-18 12:24:28] Effective dataset source:         moabb

[2026-05-18 12:24:28] Building MOABBDataset for Liu2024...
[2026-05-18 12:24:28]   Paradigm:              MI
[2026-05-18 12:24:28]   Subject IDs:           [1, 2, 3, 4, 5, 6, 7, 8, 9, 10, 11, 12, 13, 14, 15, 16, 17, 18, 19, 20, 21, 22, 23, 24, 25, 26, 27, 28, 29, 30, 31, 32, 33, 34, 35, 36, 37, 38, 39, 40, 41, 42, 43, 44, 45, 46, 47, 48, 49, 50]
[2026-05-18 12:24:28]   Dataset kwargs:        {}
[2026-05-18 12:24:28]   Labels to keep:        ['left_hand', 'right_hand']
[2026-05-18 12:24:28]   Excluded subject IDs:  []
[2026-05-18 12:24:28] 1.4.3
[2026-05-18 12:24:54]   Recordings loaded:     50
[2026-05-18 12:24:54]   Raw labels detected:   ['left_hand', 'right_hand']
[2026-05-18 12:24:55] Applying Braindecode preprocessors to MOABBDataset...
[2026-05-18 12:25:05] Saved preprocessed raw concat dataset to: /Users/vadim/Documents/School/Spring 2026/CSCE A698 Individual Research/EEG_JEPA/preprocessed_concat_datasets/Liu2024_MI_048eba1d_subjects_66243829
[2026-05-18 12:25:06] Loaded raw concat dataset from: /Users/vadim/Documents/School/Spring 2026/CSCE A698 Individual Research/EEG_JEPA/preprocessed_concat_datasets/Liu2024_MI_048eba1d_subjects_66243829

[2026-05-18 12:25:06] Post-load raw validation
[2026-05-18 12:25:06]   Recordings in LOADED_DATASET:   50
[2026-05-18 12:25:06]   Unique subject IDs:             ['1', '10', '11', '12', '13', '14', '15', '16', '17', '18', '19', '2', '20', '21', '22', '23', '24', '25', '26', '27', '28', '29', '3', '30', '31', '32', '33', '34', '35', '36', '37', '38', '39', '4', '40', '41', '42', '43', '44', '45', '46', '47', '48', '49', '5', '50', '6', '7', '8', '9']
[2026-05-18 12:25:06]   sfreq (first rec):              128.0 Hz
[2026-05-18 12:25:06]   EEG channel count:              29
[2026-05-18 12:25:06]   Annotation labels present:      ['left_hand', 'right_hand']
[2026-05-18 12:25:06]   Labels selected for training:   ['left_hand', 'right_hand']
[2026-05-18 12:25:06] Annotation counts before filtering: {np.str_('left_hand'): 1000, np.str_('right_hand'): 950}
[2026-05-18 12:25:06] Filtered annotations: kept 1950 / 1950
[2026-05-18 12:25:06] Annotation counts after label filtering: {np.str_('left_hand'): 1000, np.str_('right_hand'): 950}

[2026-05-18 12:25:06] Before CSP non-overlap filtering:
[2026-05-18 12:25:06] Annotation timing diagnostic after label filtering:
[2026-05-18 12:25:06]   Selected events:             1950
[2026-05-18 12:25:06]   Duration min/median/max:     3.999996 / 4.000000 / 4.000004 s
[2026-05-18 12:25:06]   Requested analysis samples:  537
[2026-05-18 12:25:06]   Effective analysis duration: 4.195312 s
[2026-05-18 12:25:06]   Onset gap min/median/max:    0.001999 / 2.006001 / 4.004005 s
[2026-05-18 12:25:06]   Potential 4.195312s overlaps: 1900
[2026-05-18 12:25:06]     overlap example recording=0, subject=1, left_hand@4.006s -> right_hand@8.010s, gap=4.004s
[2026-05-18 12:25:06]     overlap example recording=0, subject=1, right_hand@8.010s -> left_hand@10.000s, gap=1.990s
[2026-05-18 12:25:06]     overlap example recording=0, subject=1, left_hand@10.000s -> right_hand@12.004s, gap=2.004s
[2026-05-18 12:25:06]     overlap example recording=0, subject=1, right_hand@12.004s -> left_hand@16.006s, gap=4.002s
[2026-05-18 12:25:06]     overlap example recording=0, subject=1, left_hand@16.006s -> right_hand@18.000s, gap=1.994s
[2026-05-18 12:25:06]     overlap example recording=0, subject=1, right_hand@18.000s -> left_hand@20.004s, gap=2.004s
[2026-05-18 12:25:06]     overlap example recording=0, subject=1, left_hand@20.004s -> right_hand@24.004s, gap=4.000s
[2026-05-18 12:25:06]     overlap example recording=0, subject=1, right_hand@24.004s -> left_hand@26.000s, gap=1.996s
[2026-05-18 12:25:06]     overlap example recording=0, subject=1, left_hand@26.000s -> right_hand@28.006s, gap=2.006s
[2026-05-18 12:25:06]     overlap example recording=0, subject=1, right_hand@28.006s -> left_hand@32.008s, gap=4.002s
[2026-05-18 12:25:06] Non-overlap gap configuration:
[2026-05-18 12:25:06]   Duration samples min/median/max: 511 / 512 / 512
[2026-05-18 12:25:06]   Target window samples:           537
[2026-05-18 12:25:06]   Provisional stop offset:         26
[2026-05-18 12:25:06]   Required onset gap samples:      538
[2026-05-18 12:25:07] CSP non-overlap filtering:
[2026-05-18 12:25:07]   Target window samples: 537
[2026-05-18 12:25:07]   Required onset gap:    538
[2026-05-18 12:25:07]   Events before:         1950
[2026-05-18 12:25:07]   Events after:          603
[2026-05-18 12:25:07]   Events dropped:        1347
[2026-05-18 12:25:07]     recording=0, subject=1: 39 -> 12, class_counts={'left_hand': 6, 'right_hand': 6}
[2026-05-18 12:25:07]     recording=1, subject=2: 39 -> 12, class_counts={'left_hand': 6, 'right_hand': 6}
[2026-05-18 12:25:07]     recording=2, subject=3: 39 -> 12, class_counts={'left_hand': 6, 'right_hand': 6}
[2026-05-18 12:25:07]     recording=3, subject=4: 39 -> 12, class_counts={'left_hand': 6, 'right_hand': 6}
[2026-05-18 12:25:07]     recording=4, subject=5: 39 -> 12, class_counts={'left_hand': 6, 'right_hand': 6}
[2026-05-18 12:25:07]     recording=5, subject=6: 39 -> 12, class_counts={'left_hand': 6, 'right_hand': 6}
[2026-05-18 12:25:07]     recording=6, subject=7: 39 -> 12, class_counts={'left_hand': 6, 'right_hand': 6}
[2026-05-18 12:25:07]     recording=7, subject=8: 39 -> 12, class_counts={'left_hand': 6, 'right_hand': 6}
[2026-05-18 12:25:07]     recording=8, subject=9: 39 -> 12, class_counts={'left_hand': 6, 'right_hand': 6}
[2026-05-18 12:25:07]     recording=9, subject=10: 39 -> 12, class_counts={'left_hand': 6, 'right_hand': 6}
[2026-05-18 12:25:07]     ... 40 more recordings omitted from preview

[2026-05-18 12:25:07] After CSP non-overlap filtering:
[2026-05-18 12:25:07] Annotation counts after non-overlap filtering: {np.str_('left_hand'): 301, np.str_('right_hand'): 302}
[2026-05-18 12:25:07] Annotation timing diagnostic after label filtering:
[2026-05-18 12:25:07]   Selected events:             603
[2026-05-18 12:25:07]   Duration min/median/max:     4.000000 / 4.000000 / 4.000000 s
[2026-05-18 12:25:07]   Requested analysis samples:  537
[2026-05-18 12:25:07]   Effective analysis duration: 4.195312 s
[2026-05-18 12:25:07]   Onset gap min/median/max:    5.990000 / 8.000000 / 8.180000 s
[2026-05-18 12:25:07]   Potential 4.195312s overlaps: 0
[2026-05-18 12:25:07] Windowing offset configuration:
[2026-05-18 12:25:07]   Min annotation samples:      512
[2026-05-18 12:25:07]   Median annotation samples:   512
[2026-05-18 12:25:07]   Max annotation samples:      512
[2026-05-18 12:25:07]   Target window samples:       537
[2026-05-18 12:25:07]   trial_start_offset_samples:  0
[2026-05-18 12:25:07]   trial_stop_offset_samples:   25
[2026-05-18 12:25:07]   on_overlapping_events:       raise
[2026-05-18 12:25:07] Window shape: (29, 537)
[2026-05-18 12:25:07] Window sample length expected=537, got=537
[2026-05-18 12:25:07] Class mapping: {'left_hand': 0, 'right_hand': 1}
[2026-05-18 12:25:07] Global class counts: [301, 302]
[2026-05-18 12:25:07] Chance level (2-class): 0.50
[2026-05-18 12:25:07] Summarizing per-subject windows...
[2026-05-18 12:25:07]   Subject 1: n_windows=12, window_shape=(29, 537), class_counts=[6, 6]
[2026-05-18 12:25:07]   Subject 2: n_windows=12, window_shape=(29, 537), class_counts=[6, 6]
[2026-05-18 12:25:07]   Subject 3: n_windows=12, window_shape=(29, 537), class_counts=[6, 6]
[2026-05-18 12:25:07]   Subject 4: n_windows=12, window_shape=(29, 537), class_counts=[6, 6]
[2026-05-18 12:25:07]   Subject 5: n_windows=12, window_shape=(29, 537), class_counts=[6, 6]
[2026-05-18 12:25:07]   Subject 6: n_windows=12, window_shape=(29, 537), class_counts=[6, 6]
[2026-05-18 12:25:07]   Subject 7: n_windows=12, window_shape=(29, 537), class_counts=[6, 6]
[2026-05-18 12:25:07]   Subject 8: n_windows=12, window_shape=(29, 537), class_counts=[6, 6]
[2026-05-18 12:25:07]   Subject 9: n_windows=12, window_shape=(29, 537), class_counts=[6, 6]
[2026-05-18 12:25:07]   Subject 10: n_windows=12, window_shape=(29, 537), class_counts=[6, 6]
[2026-05-18 12:25:07]   Subject 11: n_windows=12, window_shape=(29, 537), class_counts=[6, 6]
[2026-05-18 12:25:07]   Subject 12: n_windows=12, window_shape=(29, 537), class_counts=[6, 6]
[2026-05-18 12:25:07]   Subject 13: n_windows=12, window_shape=(29, 537), class_counts=[6, 6]
[2026-05-18 12:25:07]   Subject 14: n_windows=12, window_shape=(29, 537), class_counts=[6, 6]
[2026-05-18 12:25:07]   Subject 15: n_windows=12, window_shape=(29, 537), class_counts=[6, 6]
[2026-05-18 12:25:07]   Subject 16: n_windows=12, window_shape=(29, 537), class_counts=[6, 6]
[2026-05-18 12:25:07]   Subject 17: n_windows=12, window_shape=(29, 537), class_counts=[6, 6]
[2026-05-18 12:25:07]   Subject 18: n_windows=12, window_shape=(29, 537), class_counts=[6, 6]
[2026-05-18 12:25:07]   Subject 19: n_windows=12, window_shape=(29, 537), class_counts=[6, 6]
[2026-05-18 12:25:07]   Subject 20: n_windows=12, window_shape=(29, 537), class_counts=[6, 6]
[2026-05-18 12:25:07]   Subject 21: n_windows=12, window_shape=(29, 537), class_counts=[6, 6]
[2026-05-18 12:25:07]   Subject 22: n_windows=12, window_shape=(29, 537), class_counts=[6, 6]
[2026-05-18 12:25:07]   Subject 23: n_windows=12, window_shape=(29, 537), class_counts=[6, 6]
[2026-05-18 12:25:07]   Subject 24: n_windows=12, window_shape=(29, 537), class_counts=[6, 6]
[2026-05-18 12:25:07]   Subject 25: n_windows=12, window_shape=(29, 537), class_counts=[6, 6]
[2026-05-18 12:25:07]   Subject 26: n_windows=12, window_shape=(29, 537), class_counts=[6, 6]
[2026-05-18 12:25:07]   Subject 27: n_windows=12, window_shape=(29, 537), class_counts=[6, 6]
[2026-05-18 12:25:07]   Subject 28: n_windows=12, window_shape=(29, 537), class_counts=[6, 6]
[2026-05-18 12:25:07]   Subject 29: n_windows=15, window_shape=(29, 537), class_counts=[7, 8]
[2026-05-18 12:25:07]   Subject 30: n_windows=12, window_shape=(29, 537), class_counts=[6, 6]
[2026-05-18 12:25:07]   Subject 31: n_windows=12, window_shape=(29, 537), class_counts=[6, 6]
[2026-05-18 12:25:07]   Subject 32: n_windows=12, window_shape=(29, 537), class_counts=[6, 6]
[2026-05-18 12:25:07]   Subject 33: n_windows=12, window_shape=(29, 537), class_counts=[6, 6]
[2026-05-18 12:25:07]   Subject 34: n_windows=12, window_shape=(29, 537), class_counts=[6, 6]
[2026-05-18 12:25:07]   Subject 35: n_windows=12, window_shape=(29, 537), class_counts=[6, 6]
[2026-05-18 12:25:07]   Subject 36: n_windows=12, window_shape=(29, 537), class_counts=[6, 6]
[2026-05-18 12:25:07]   Subject 37: n_windows=12, window_shape=(29, 537), class_counts=[6, 6]
[2026-05-18 12:25:07]   Subject 38: n_windows=12, window_shape=(29, 537), class_counts=[6, 6]
[2026-05-18 12:25:07]   Subject 39: n_windows=12, window_shape=(29, 537), class_counts=[6, 6]
[2026-05-18 12:25:07]   Subject 40: n_windows=12, window_shape=(29, 537), class_counts=[6, 6]
[2026-05-18 12:25:07]   Subject 41: n_windows=12, window_shape=(29, 537), class_counts=[6, 6]
[2026-05-18 12:25:07]   Subject 42: n_windows=12, window_shape=(29, 537), class_counts=[6, 6]
[2026-05-18 12:25:07]   Subject 43: n_windows=12, window_shape=(29, 537), class_counts=[6, 6]
[2026-05-18 12:25:07]   Subject 44: n_windows=12, window_shape=(29, 537), class_counts=[6, 6]
[2026-05-18 12:25:07]   Subject 45: n_windows=12, window_shape=(29, 537), class_counts=[6, 6]
[2026-05-18 12:25:07]   Subject 46: n_windows=12, window_shape=(29, 537), class_counts=[6, 6]
[2026-05-18 12:25:07]   Subject 47: n_windows=12, window_shape=(29, 537), class_counts=[6, 6]
[2026-05-18 12:25:07]   Subject 48: n_windows=12, window_shape=(29, 537), class_counts=[6, 6]
[2026-05-18 12:25:07]   Subject 49: n_windows=12, window_shape=(29, 537), class_counts=[6, 6]
[2026-05-18 12:25:07]   Subject 50: n_windows=12, window_shape=(29, 537), class_counts=[6, 6]
[2026-05-18 12:25:07] ======================================================================
[2026-05-18 12:25:07] STARTING CSP/FBCSP CROSS-VALIDATION
[2026-05-18 12:25:07] ======================================================================
[2026-05-18 12:25:07] Models: ['CSP_LDA', 'FBCSP_LDA']
[2026-05-18 12:25:07] Subjects: 50
[2026-05-18 12:25:07] CV folds: 5

[2026-05-18 12:25:07] ======================================================================
[2026-05-18 12:25:07] RUNNING MODEL: CSP_LDA
[2026-05-18 12:25:07] ======================================================================

[2026-05-18 12:25:07] [CSP_LDA] Subject 1: 12 windows | class_counts=[6, 6]
[2026-05-18 12:25:08]   Subject 1 summary: acc=0.6000±0.2261  bal_acc=0.6000±0.2550  roc_auc=0.7000±0.4000

[2026-05-18 12:25:08] [CSP_LDA] Subject 2: 12 windows | class_counts=[6, 6]
[2026-05-18 12:25:08]   Subject 2 summary: acc=0.7000±0.2667  bal_acc=0.7000±0.2449  roc_auc=0.5000±0.4472

[2026-05-18 12:25:08] [CSP_LDA] Subject 3: 12 windows | class_counts=[6, 6]
[2026-05-18 12:25:09]   Subject 3 summary: acc=0.3333±0.1826  bal_acc=0.4000±0.2000  roc_auc=0.2000±0.2449

[2026-05-18 12:25:09] [CSP_LDA] Subject 4: 12 windows | class_counts=[6, 6]
[2026-05-18 12:25:09]   Subject 4 summary: acc=0.5000±0.3333  bal_acc=0.5500±0.3317  roc_auc=0.6000±0.4899

[2026-05-18 12:25:09] [CSP_LDA] Subject 5: 12 windows | class_counts=[6, 6]
[2026-05-18 12:25:10]   Subject 5 summary: acc=0.6000±0.3887  bal_acc=0.6500±0.3742  roc_auc=0.6000±0.3742

[2026-05-18 12:25:10] [CSP_LDA] Subject 6: 12 windows | class_counts=[6, 6]
[2026-05-18 12:25:10]   Subject 6 summary: acc=0.1333±0.2667  bal_acc=0.1000±0.2000  roc_auc=0.2000±0.4000

[2026-05-18 12:25:10] [CSP_LDA] Subject 7: 12 windows | class_counts=[6, 6]
[2026-05-18 12:25:11]   Subject 7 summary: acc=0.6000±0.2261  bal_acc=0.6000±0.2550  roc_auc=0.7000±0.4000

[2026-05-18 12:25:11] [CSP_LDA] Subject 8: 12 windows | class_counts=[6, 6]
[2026-05-18 12:25:11]   Subject 8 summary: acc=0.4667±0.2449  bal_acc=0.4500±0.2449  roc_auc=0.7000±0.4000

[2026-05-18 12:25:11] [CSP_LDA] Subject 9: 12 windows | class_counts=[6, 6]
[2026-05-18 12:25:12]   Subject 9 summary: acc=0.7000±0.2667  bal_acc=0.7500±0.2236  roc_auc=1.0000±0.0000

[2026-05-18 12:25:12] [CSP_LDA] Subject 10: 12 windows | class_counts=[6, 6]
[2026-05-18 12:25:12]   Subject 10 summary: acc=0.7667±0.2000  bal_acc=0.8000±0.1871  roc_auc=0.6000±0.3742

[2026-05-18 12:25:12] [CSP_LDA] Subject 11: 12 windows | class_counts=[6, 6]
[2026-05-18 12:25:13]   Subject 11 summary: acc=0.3333±0.2789  bal_acc=0.3500±0.3000  roc_auc=0.1000±0.2000

[2026-05-18 12:25:13] [CSP_LDA] Subject 12: 12 windows | class_counts=[6, 6]
[2026-05-18 12:25:13]   Subject 12 summary: acc=0.4000±0.2261  bal_acc=0.4500±0.2449  roc_auc=0.3000±0.4000

[2026-05-18 12:25:13] [CSP_LDA] Subject 13: 12 windows | class_counts=[6, 6]
[2026-05-18 12:25:14]   Subject 13 summary: acc=0.3667±0.3712  bal_acc=0.3500±0.3742  roc_auc=0.4000±0.4899

[2026-05-18 12:25:14] [CSP_LDA] Subject 14: 12 windows | class_counts=[6, 6]
[2026-05-18 12:25:14]   Subject 14 summary: acc=0.6667±0.1826  bal_acc=0.7000±0.1871  roc_auc=0.6000±0.4899

[2026-05-18 12:25:14] [CSP_LDA] Subject 15: 12 windows | class_counts=[6, 6]
[2026-05-18 12:25:14]   Subject 15 summary: acc=0.4000±0.2261  bal_acc=0.4500±0.2449  roc_auc=0.4000±0.3742

[2026-05-18 12:25:14] [CSP_LDA] Subject 16: 12 windows | class_counts=[6, 6]
[2026-05-18 12:25:15]   Subject 16 summary: acc=0.3333±0.2789  bal_acc=0.3000±0.2449  roc_auc=0.3000±0.4000

[2026-05-18 12:25:15] [CSP_LDA] Subject 17: 12 windows | class_counts=[6, 6]
[2026-05-18 12:25:15]   Subject 17 summary: acc=0.7667±0.2906  bal_acc=0.8000±0.2449  roc_auc=0.7000±0.4000

[2026-05-18 12:25:15] [CSP_LDA] Subject 18: 12 windows | class_counts=[6, 6]
[2026-05-18 12:25:16]   Subject 18 summary: acc=0.2667±0.3887  bal_acc=0.3000±0.4000  roc_auc=0.2000±0.4000

[2026-05-18 12:25:16] [CSP_LDA] Subject 19: 12 windows | class_counts=[6, 6]
[2026-05-18 12:25:16]   Subject 19 summary: acc=0.4333±0.0816  bal_acc=0.4000±0.1225  roc_auc=0.5000±0.4472

[2026-05-18 12:25:16] [CSP_LDA] Subject 20: 12 windows | class_counts=[6, 6]
[2026-05-18 12:25:17]   Subject 20 summary: acc=0.6000±0.2261  bal_acc=0.6000±0.2000  roc_auc=0.6000±0.4899

[2026-05-18 12:25:17] [CSP_LDA] Subject 21: 12 windows | class_counts=[6, 6]
[2026-05-18 12:25:17]   Subject 21 summary: acc=0.4000±0.3887  bal_acc=0.4500±0.4000  roc_auc=0.3000±0.4000

[2026-05-18 12:25:17] [CSP_LDA] Subject 22: 12 windows | class_counts=[6, 6]
[2026-05-18 12:25:18]   Subject 22 summary: acc=0.2667±0.2261  bal_acc=0.3000±0.2449  roc_auc=0.3000±0.4000

[2026-05-18 12:25:18] [CSP_LDA] Subject 23: 12 windows | class_counts=[6, 6]
[2026-05-18 12:25:18]   Subject 23 summary: acc=0.6333±0.3712  bal_acc=0.6500±0.3742  roc_auc=0.6000±0.4899

[2026-05-18 12:25:18] [CSP_LDA] Subject 24: 12 windows | class_counts=[6, 6]
[2026-05-18 12:25:19]   Subject 24 summary: acc=0.4667±0.3232  bal_acc=0.5000±0.3162  roc_auc=0.7000±0.4000

[2026-05-18 12:25:19] [CSP_LDA] Subject 25: 12 windows | class_counts=[6, 6]
[2026-05-18 12:25:19]   Subject 25 summary: acc=0.6000±0.3887  bal_acc=0.6000±0.4062  roc_auc=0.6000±0.4899

[2026-05-18 12:25:19] [CSP_LDA] Subject 26: 12 windows | class_counts=[6, 6]
[2026-05-18 12:25:20]   Subject 26 summary: acc=0.5000±0.1054  bal_acc=0.5000±0.0000  roc_auc=0.5000±0.4472

[2026-05-18 12:25:20] [CSP_LDA] Subject 27: 12 windows | class_counts=[6, 6]
[2026-05-18 12:25:20]   Subject 27 summary: acc=0.2667±0.2261  bal_acc=0.3000±0.2449  roc_auc=0.2000±0.4000

[2026-05-18 12:25:20] [CSP_LDA] Subject 28: 12 windows | class_counts=[6, 6]
[2026-05-18 12:25:21]   Subject 28 summary: acc=0.5333±0.3232  bal_acc=0.5500±0.3317  roc_auc=0.8000±0.4000

[2026-05-18 12:25:21] [CSP_LDA] Subject 29: 15 windows | class_counts=[7, 8]
[2026-05-18 12:25:21]   Subject 29 summary: acc=0.5333±0.1633  bal_acc=0.5000±0.1581  roc_auc=0.5000±0.4472

[2026-05-18 12:25:21] [CSP_LDA] Subject 30: 12 windows | class_counts=[6, 6]
[2026-05-18 12:25:22]   Subject 30 summary: acc=0.5000±0.1054  bal_acc=0.5000±0.1581  roc_auc=0.5000±0.4472

[2026-05-18 12:25:22] [CSP_LDA] Subject 31: 12 windows | class_counts=[6, 6]
[2026-05-18 12:25:22]   Subject 31 summary: acc=0.4333±0.2261  bal_acc=0.4000±0.2000  roc_auc=0.5000±0.4472

[2026-05-18 12:25:22] [CSP_LDA] Subject 32: 12 windows | class_counts=[6, 6]
[2026-05-18 12:25:23]   Subject 32 summary: acc=0.4333±0.3887  bal_acc=0.4000±0.3742  roc_auc=0.5000±0.4472

[2026-05-18 12:25:23] [CSP_LDA] Subject 33: 12 windows | class_counts=[6, 6]
[2026-05-18 12:25:23]   Subject 33 summary: acc=0.5000±0.1054  bal_acc=0.5500±0.1000  roc_auc=0.2000±0.2449

[2026-05-18 12:25:23] [CSP_LDA] Subject 34: 12 windows | class_counts=[6, 6]
[2026-05-18 12:25:24]   Subject 34 summary: acc=0.5667±0.0816  bal_acc=0.6000±0.1225  roc_auc=0.6000±0.4899

[2026-05-18 12:25:24] [CSP_LDA] Subject 35: 12 windows | class_counts=[6, 6]
[2026-05-18 12:25:24]   Subject 35 summary: acc=0.6667±0.1826  bal_acc=0.6500±0.2000  roc_auc=0.6000±0.4899

[2026-05-18 12:25:24] [CSP_LDA] Subject 36: 12 windows | class_counts=[6, 6]
[2026-05-18 12:25:25]   Subject 36 summary: acc=0.5333±0.3232  bal_acc=0.5000±0.3162  roc_auc=0.4000±0.4899

[2026-05-18 12:25:25] [CSP_LDA] Subject 37: 12 windows | class_counts=[6, 6]
[2026-05-18 12:25:25]   Subject 37 summary: acc=0.8667±0.2667  bal_acc=0.9000±0.2000  roc_auc=1.0000±0.0000

[2026-05-18 12:25:25] [CSP_LDA] Subject 38: 12 windows | class_counts=[6, 6]
[2026-05-18 12:25:25]   Subject 38 summary: acc=0.7000±0.4000  bal_acc=0.7000±0.4000  roc_auc=0.6000±0.4899

[2026-05-18 12:25:25] [CSP_LDA] Subject 39: 12 windows | class_counts=[6, 6]
[2026-05-18 12:25:26]   Subject 39 summary: acc=0.2667±0.3887  bal_acc=0.3000±0.4000  roc_auc=0.3000±0.4000

[2026-05-18 12:25:26] [CSP_LDA] Subject 40: 12 windows | class_counts=[6, 6]
[2026-05-18 12:25:26]   Subject 40 summary: acc=0.3000±0.2667  bal_acc=0.2500±0.2236  roc_auc=0.2000±0.4000

[2026-05-18 12:25:26] [CSP_LDA] Subject 41: 12 windows | class_counts=[6, 6]
[2026-05-18 12:25:27]   Subject 41 summary: acc=0.4333±0.3266  bal_acc=0.5000±0.3162  roc_auc=0.4000±0.4899

[2026-05-18 12:25:27] [CSP_LDA] Subject 42: 12 windows | class_counts=[6, 6]
[2026-05-18 12:25:27]   Subject 42 summary: acc=0.5667±0.3266  bal_acc=0.5500±0.3317  roc_auc=0.3000±0.4000

[2026-05-18 12:25:27] [CSP_LDA] Subject 43: 12 windows | class_counts=[6, 6]
[2026-05-18 12:25:28]   Subject 43 summary: acc=0.1333±0.1633  bal_acc=0.1500±0.2000  roc_auc=0.2000±0.4000

[2026-05-18 12:25:28] [CSP_LDA] Subject 44: 12 windows | class_counts=[6, 6]
[2026-05-18 12:25:29]   Subject 44 summary: acc=0.2667±0.2261  bal_acc=0.2500±0.2236  roc_auc=0.1000±0.2000

[2026-05-18 12:25:29] [CSP_LDA] Subject 45: 12 windows | class_counts=[6, 6]
[2026-05-18 12:25:29]   Subject 45 summary: acc=0.3333±0.1826  bal_acc=0.3500±0.2000  roc_auc=0.4000±0.3742

[2026-05-18 12:25:29] [CSP_LDA] Subject 46: 12 windows | class_counts=[6, 6]
[2026-05-18 12:25:30]   Subject 46 summary: acc=0.7000±0.2667  bal_acc=0.7500±0.2236  roc_auc=0.9000±0.2000

[2026-05-18 12:25:30] [CSP_LDA] Subject 47: 12 windows | class_counts=[6, 6]
[2026-05-18 12:25:30]   Subject 47 summary: acc=0.4000±0.2261  bal_acc=0.3500±0.2000  roc_auc=0.1000±0.2000

[2026-05-18 12:25:30] [CSP_LDA] Subject 48: 12 windows | class_counts=[6, 6]
[2026-05-18 12:25:31]   Subject 48 summary: acc=0.0000±0.0000  bal_acc=0.0000±0.0000  roc_auc=0.0000±0.0000

[2026-05-18 12:25:31] [CSP_LDA] Subject 49: 12 windows | class_counts=[6, 6]
[2026-05-18 12:25:31]   Subject 49 summary: acc=0.5333±0.3232  bal_acc=0.5500±0.3317  roc_auc=0.3000±0.4000

[2026-05-18 12:25:31] [CSP_LDA] Subject 50: 12 windows | class_counts=[6, 6]
[2026-05-18 12:25:32]   Subject 50 summary: acc=0.7333±0.2261  bal_acc=0.7000±0.2449  roc_auc=0.7000±0.4000

[2026-05-18 12:25:32] Completed CSP_LDA: 250 folds

[2026-05-18 12:25:32] ======================================================================
[2026-05-18 12:25:32] RUNNING MODEL: FBCSP_LDA
[2026-05-18 12:25:32] ======================================================================

[2026-05-18 12:25:32] [FBCSP_LDA] Subject 1: 12 windows | class_counts=[6, 6]
[2026-05-18 12:25:36]   Subject 1 summary: acc=0.3333±0.1826  bal_acc=0.3500±0.2000  roc_auc=0.5000±0.4472

[2026-05-18 12:25:36] [FBCSP_LDA] Subject 2: 12 windows | class_counts=[6, 6]
[2026-05-18 12:25:41]   Subject 2 summary: acc=0.3333±0.1826  bal_acc=0.3500±0.2000  roc_auc=0.6000±0.3742

[2026-05-18 12:25:41] [FBCSP_LDA] Subject 3: 12 windows | class_counts=[6, 6]
[2026-05-18 12:25:45]   Subject 3 summary: acc=0.3333±0.1826  bal_acc=0.3000±0.1871  roc_auc=0.3000±0.4000

[2026-05-18 12:25:45] [FBCSP_LDA] Subject 4: 12 windows | class_counts=[6, 6]
[2026-05-18 12:25:50]   Subject 4 summary: acc=0.6000±0.2261  bal_acc=0.6000±0.2000  roc_auc=0.6000±0.3742

[2026-05-18 12:25:50] [FBCSP_LDA] Subject 5: 12 windows | class_counts=[6, 6]
[2026-05-18 12:25:55]   Subject 5 summary: acc=0.4333±0.3887  bal_acc=0.4500±0.4000  roc_auc=0.6000±0.4899

[2026-05-18 12:25:55] [FBCSP_LDA] Subject 6: 12 windows | class_counts=[6, 6]
[2026-05-18 12:26:00]   Subject 6 summary: acc=0.3667±0.3712  bal_acc=0.4000±0.3742  roc_auc=0.4000±0.4899

[2026-05-18 12:26:00] [FBCSP_LDA] Subject 7: 12 windows | class_counts=[6, 6]
[2026-05-18 12:26:05]   Subject 7 summary: acc=0.6000±0.3887  bal_acc=0.6000±0.3742  roc_auc=0.8000±0.4000

[2026-05-18 12:26:05] [FBCSP_LDA] Subject 8: 12 windows | class_counts=[6, 6]
[2026-05-18 12:26:09]   Subject 8 summary: acc=0.5333±0.2449  bal_acc=0.6000±0.2000  roc_auc=0.6000±0.4899

[2026-05-18 12:26:09] [FBCSP_LDA] Subject 9: 12 windows | class_counts=[6, 6]
[2026-05-18 12:26:14]   Subject 9 summary: acc=0.5333±0.2449  bal_acc=0.6000±0.2000  roc_auc=1.0000±0.0000

[2026-05-18 12:26:14] [FBCSP_LDA] Subject 10: 12 windows | class_counts=[6, 6]
[2026-05-18 12:26:18]   Subject 10 summary: acc=0.4333±0.0816  bal_acc=0.4500±0.1000  roc_auc=0.6000±0.4899

[2026-05-18 12:26:18] [FBCSP_LDA] Subject 11: 12 windows | class_counts=[6, 6]
[2026-05-18 12:26:23]   Subject 11 summary: acc=0.7000±0.2667  bal_acc=0.7500±0.2236  roc_auc=0.6000±0.4899

[2026-05-18 12:26:23] [FBCSP_LDA] Subject 12: 12 windows | class_counts=[6, 6]
[2026-05-18 12:26:28]   Subject 12 summary: acc=0.2667±0.2261  bal_acc=0.3000±0.2449  roc_auc=0.0000±0.0000

[2026-05-18 12:26:28] [FBCSP_LDA] Subject 13: 12 windows | class_counts=[6, 6]
[2026-05-18 12:26:32]   Subject 13 summary: acc=0.2667±0.2261  bal_acc=0.2500±0.2236  roc_auc=0.3000±0.4000

[2026-05-18 12:26:32] [FBCSP_LDA] Subject 14: 12 windows | class_counts=[6, 6]
[2026-05-18 12:26:37]   Subject 14 summary: acc=0.5000±0.1054  bal_acc=0.5000±0.0000  roc_auc=1.0000±0.0000

[2026-05-18 12:26:37] [FBCSP_LDA] Subject 15: 12 windows | class_counts=[6, 6]
[2026-05-18 12:26:41]   Subject 15 summary: acc=0.6667±0.1826  bal_acc=0.7000±0.1871  roc_auc=0.9000±0.2000

[2026-05-18 12:26:41] [FBCSP_LDA] Subject 16: 12 windows | class_counts=[6, 6]
[2026-05-18 12:26:46]   Subject 16 summary: acc=0.3333±0.1826  bal_acc=0.4000±0.2000  roc_auc=0.0000±0.0000

[2026-05-18 12:26:46] [FBCSP_LDA] Subject 17: 12 windows | class_counts=[6, 6]
[2026-05-18 12:26:50]   Subject 17 summary: acc=0.2333±0.2000  bal_acc=0.3000±0.2449  roc_auc=0.3000±0.4000

[2026-05-18 12:26:50] [FBCSP_LDA] Subject 18: 12 windows | class_counts=[6, 6]
[2026-05-18 12:26:55]   Subject 18 summary: acc=0.6000±0.2261  bal_acc=0.6000±0.2550  roc_auc=0.5000±0.4472

[2026-05-18 12:26:55] [FBCSP_LDA] Subject 19: 12 windows | class_counts=[6, 6]
[2026-05-18 12:26:59]   Subject 19 summary: acc=0.3333±0.1826  bal_acc=0.3500±0.2000  roc_auc=0.3000±0.4000

[2026-05-18 12:26:59] [FBCSP_LDA] Subject 20: 12 windows | class_counts=[6, 6]
[2026-05-18 12:27:04]   Subject 20 summary: acc=0.5667±0.0816  bal_acc=0.5500±0.1000  roc_auc=0.1000±0.2000

[2026-05-18 12:27:04] [FBCSP_LDA] Subject 21: 12 windows | class_counts=[6, 6]
[2026-05-18 12:27:09]   Subject 21 summary: acc=0.4000±0.2261  bal_acc=0.4500±0.2449  roc_auc=0.2000±0.4000

[2026-05-18 12:27:09] [FBCSP_LDA] Subject 22: 12 windows | class_counts=[6, 6]
[2026-05-18 12:27:13]   Subject 22 summary: acc=0.3333±0.1826  bal_acc=0.3500±0.2000  roc_auc=0.5000±0.4472

[2026-05-18 12:27:13] [FBCSP_LDA] Subject 23: 12 windows | class_counts=[6, 6]
[2026-05-18 12:27:18]   Subject 23 summary: acc=0.4000±0.2261  bal_acc=0.4000±0.2000  roc_auc=0.2000±0.4000

[2026-05-18 12:27:18] [FBCSP_LDA] Subject 24: 12 windows | class_counts=[6, 6]
[2026-05-18 12:27:22]   Subject 24 summary: acc=0.4667±0.3232  bal_acc=0.5000±0.3162  roc_auc=0.4000±0.4899

[2026-05-18 12:27:22] [FBCSP_LDA] Subject 25: 12 windows | class_counts=[6, 6]
[2026-05-18 12:27:27]   Subject 25 summary: acc=0.5667±0.3266  bal_acc=0.5500±0.3317  roc_auc=0.7000±0.4000

[2026-05-18 12:27:27] [FBCSP_LDA] Subject 26: 12 windows | class_counts=[6, 6]
[2026-05-18 12:27:31]   Subject 26 summary: acc=0.6667±0.2789  bal_acc=0.6500±0.3000  roc_auc=0.6000±0.4899

[2026-05-18 12:27:31] [FBCSP_LDA] Subject 27: 12 windows | class_counts=[6, 6]
[2026-05-18 12:27:36]   Subject 27 summary: acc=0.4000±0.2261  bal_acc=0.4000±0.2000  roc_auc=0.3000±0.4000

[2026-05-18 12:27:36] [FBCSP_LDA] Subject 28: 12 windows | class_counts=[6, 6]
[2026-05-18 12:27:41]   Subject 28 summary: acc=0.3667±0.1944  bal_acc=0.4000±0.2000  roc_auc=0.5000±0.4472

[2026-05-18 12:27:41] [FBCSP_LDA] Subject 29: 15 windows | class_counts=[7, 8]
[2026-05-18 12:27:47]   Subject 29 summary: acc=0.6667±0.2981  bal_acc=0.7000±0.2449  roc_auc=0.6000±0.3742

[2026-05-18 12:27:47] [FBCSP_LDA] Subject 30: 12 windows | class_counts=[6, 6]
[2026-05-18 12:27:51]   Subject 30 summary: acc=0.5333±0.2449  bal_acc=0.6000±0.2000  roc_auc=0.3000±0.4000

[2026-05-18 12:27:51] [FBCSP_LDA] Subject 31: 12 windows | class_counts=[6, 6]
[2026-05-18 12:27:56]   Subject 31 summary: acc=0.5000±0.1054  bal_acc=0.5000±0.0000  roc_auc=0.9000±0.2000

[2026-05-18 12:27:56] [FBCSP_LDA] Subject 32: 12 windows | class_counts=[6, 6]
[2026-05-18 12:28:00]   Subject 32 summary: acc=0.6000±0.2261  bal_acc=0.6500±0.2000  roc_auc=0.6000±0.4899

[2026-05-18 12:28:00] [FBCSP_LDA] Subject 33: 12 windows | class_counts=[6, 6]
[2026-05-18 12:28:05]   Subject 33 summary: acc=0.2667±0.2261  bal_acc=0.2500±0.2236  roc_auc=0.4000±0.4899

[2026-05-18 12:28:05] [FBCSP_LDA] Subject 34: 12 windows | class_counts=[6, 6]
[2026-05-18 12:28:09]   Subject 34 summary: acc=0.5000±0.1054  bal_acc=0.5000±0.0000  roc_auc=0.7000±0.4000

[2026-05-18 12:28:09] [FBCSP_LDA] Subject 35: 12 windows | class_counts=[6, 6]
[2026-05-18 12:28:13]   Subject 35 summary: acc=0.3333±0.1826  bal_acc=0.4000±0.2000  roc_auc=0.4000±0.4899

[2026-05-18 12:28:13] [FBCSP_LDA] Subject 36: 12 windows | class_counts=[6, 6]
[2026-05-18 12:28:18]   Subject 36 summary: acc=0.5000±0.1054  bal_acc=0.5500±0.1000  roc_auc=0.4000±0.3742

[2026-05-18 12:28:18] [FBCSP_LDA] Subject 37: 12 windows | class_counts=[6, 6]
[2026-05-18 12:28:22]   Subject 37 summary: acc=0.6333±0.3055  bal_acc=0.6500±0.3000  roc_auc=0.9000±0.2000

[2026-05-18 12:28:22] [FBCSP_LDA] Subject 38: 12 windows | class_counts=[6, 6]
[2026-05-18 12:28:27]   Subject 38 summary: acc=0.4000±0.3742  bal_acc=0.4000±0.3742  roc_auc=0.4000±0.4899

[2026-05-18 12:28:27] [FBCSP_LDA] Subject 39: 12 windows | class_counts=[6, 6]
[2026-05-18 12:28:31]   Subject 39 summary: acc=0.2667±0.2261  bal_acc=0.3000±0.2449  roc_auc=0.2000±0.4000

[2026-05-18 12:28:31] [FBCSP_LDA] Subject 40: 12 windows | class_counts=[6, 6]
[2026-05-18 12:28:36]   Subject 40 summary: acc=0.7667±0.2000  bal_acc=0.8000±0.1871  roc_auc=0.8000±0.2449

[2026-05-18 12:28:36] [FBCSP_LDA] Subject 41: 12 windows | class_counts=[6, 6]
[2026-05-18 12:28:41]   Subject 41 summary: acc=0.5333±0.2449  bal_acc=0.6000±0.2000  roc_auc=0.7000±0.4000

[2026-05-18 12:28:41] [FBCSP_LDA] Subject 42: 12 windows | class_counts=[6, 6]
[2026-05-18 12:28:45]   Subject 42 summary: acc=0.5000±0.3333  bal_acc=0.5500±0.3317  roc_auc=0.7000±0.4000

[2026-05-18 12:28:45] [FBCSP_LDA] Subject 43: 12 windows | class_counts=[6, 6]
[2026-05-18 12:28:50]   Subject 43 summary: acc=0.5000±0.1054  bal_acc=0.5500±0.1000  roc_auc=0.3000±0.4000

[2026-05-18 12:28:50] [FBCSP_LDA] Subject 44: 12 windows | class_counts=[6, 6]
[2026-05-18 12:28:54]   Subject 44 summary: acc=0.4333±0.0816  bal_acc=0.5000±0.0000  roc_auc=0.4000±0.4899

[2026-05-18 12:28:54] [FBCSP_LDA] Subject 45: 12 windows | class_counts=[6, 6]
[2026-05-18 12:28:59]   Subject 45 summary: acc=0.3333±0.2789  bal_acc=0.3500±0.3000  roc_auc=0.2000±0.4000

[2026-05-18 12:28:59] [FBCSP_LDA] Subject 46: 12 windows | class_counts=[6, 6]
[2026-05-18 12:29:04]   Subject 46 summary: acc=0.4333±0.3266  bal_acc=0.5000±0.3162  roc_auc=0.8000±0.4000

[2026-05-18 12:29:04] [FBCSP_LDA] Subject 47: 12 windows | class_counts=[6, 6]
[2026-05-18 12:29:08]   Subject 47 summary: acc=0.3333±0.1826  bal_acc=0.4000±0.2000  roc_auc=0.6000±0.4899

[2026-05-18 12:29:08] [FBCSP_LDA] Subject 48: 12 windows | class_counts=[6, 6]
[2026-05-18 12:29:13]   Subject 48 summary: acc=0.4000±0.2261  bal_acc=0.4500±0.2449  roc_auc=0.5000±0.4472

[2026-05-18 12:29:13] [FBCSP_LDA] Subject 49: 12 windows | class_counts=[6, 6]
[2026-05-18 12:29:17]   Subject 49 summary: acc=0.4333±0.0816  bal_acc=0.5000±0.0000  roc_auc=0.6000±0.3742

[2026-05-18 12:29:17] [FBCSP_LDA] Subject 50: 12 windows | class_counts=[6, 6]
[2026-05-18 12:29:22]   Subject 50 summary: acc=0.8000±0.2667  bal_acc=0.8500±0.2000  roc_auc=0.8000±0.2449

[2026-05-18 12:29:22] Completed FBCSP_LDA: 250 folds

[2026-05-18 12:29:22] All requested CSP/FBCSP models completed.
[2026-05-18 12:29:22] ======================================================================
[2026-05-18 12:29:22] AGGREGATED RESULTS
[2026-05-18 12:29:22] ======================================================================
[2026-05-18 12:29:22]   CSP_LDA: acc=0.4807±0.3248  bal_acc=0.4910±0.3266  roc_auc=0.4640±0.4612  folds=250
[2026-05-18 12:29:22]   FBCSP_LDA: acc=0.4647±0.2732  bal_acc=0.4930±0.2706  roc_auc=0.5120±0.4646  folds=250
[2026-05-18 12:29:22] ======================================================================
[2026-05-18 12:29:22] Prediction collapse diagnostics
[2026-05-18 12:29:22] {
  "CSP_LDA": {
    "n_folds": 250,
    "n_collapsed_single_class": 114,
    "collapsed_fraction": 0.456,
    "single_class_prediction_counts": {
      "0": 47,
      "1": 67
    }
  },
  "FBCSP_LDA": {
    "n_folds": 250,
    "n_collapsed_single_class": 155,
    "collapsed_fraction": 0.62,
    "single_class_prediction_counts": {
      "0": 67,
      "1": 88
    }
  }
}
[2026-05-18 12:29:22] CV results saved to:      /Users/vadim/Documents/School/Spring 2026/CSCE A698 Individual Research/EEG_JEPA/artifacts/liu2024-csp-fbcsp-baselines-nonoverlap/MI/20260518_1224_def7dc20/cv_results.json
[2026-05-18 12:29:22] Subject metrics saved to: /Users/vadim/Documents/School/Spring 2026/CSCE A698 Individual Research/EEG_JEPA/artifacts/liu2024-csp-fbcsp-baselines-nonoverlap/MI/20260518_1224_def7dc20/subject_metrics.json
[2026-05-18 12:29:22] Global metrics saved to:  /Users/vadim/Documents/School/Spring 2026/CSCE A698 Individual Research/EEG_JEPA/artifacts/liu2024-csp-fbcsp-baselines-nonoverlap/MI/20260518_1224_def7dc20/global_metrics.json
[2026-05-18 12:29:22] Collapse diagnostics saved to: /Users/vadim/Documents/School/Spring 2026/CSCE A698 Individual Research/EEG_JEPA/artifacts/liu2024-csp-fbcsp-baselines-nonoverlap/MI/20260518_1224_def7dc20/collapse_diagnostics.json
[2026-05-18 12:29:22] Run metadata saved to:    /Users/vadim/Documents/School/Spring 2026/CSCE A698 Individual Research/EEG_JEPA/artifacts/liu2024-csp-fbcsp-baselines-nonoverlap/MI/20260518_1224_def7dc20/run_metadata.json

[2026-05-18 12:29:22] All artifacts in: /Users/vadim/Documents/School/Spring 2026/CSCE A698 Individual Research/EEG_JEPA/artifacts/liu2024-csp-fbcsp-baselines-nonoverlap/MI/20260518_1224_def7dc20

[2026-05-18 12:29:22] ======================================================================
[2026-05-18 12:29:22] EXPERIMENT SUMMARY
[2026-05-18 12:29:22] ======================================================================
[2026-05-18 12:29:22] Run ID:    20260518_1224_def7dc20
[2026-05-18 12:29:22] Artifacts: /Users/vadim/Documents/School/Spring 2026/CSCE A698 Individual Research/EEG_JEPA/artifacts/liu2024-csp-fbcsp-baselines-nonoverlap/MI/20260518_1224_def7dc20

[2026-05-18 12:29:22] Configuration:
[2026-05-18 12:29:22]   Dataset name:           Liu2024
[2026-05-18 12:29:22]   Dataset source:         auto -> moabb
[2026-05-18 12:29:22]   Subjects:               50 subjects
[2026-05-18 12:29:22]   Excluded subjects:      []
[2026-05-18 12:29:22]   Labels kept:            ['left_hand', 'right_hand']
[2026-05-18 12:29:22]   Paradigm:               MI
[2026-05-18 12:29:22]   Bandpass:               0.5-40.0 Hz
[2026-05-18 12:29:22]   Resample:               128 Hz
[2026-05-18 12:29:22]   Window duration:        4.2 s
[2026-05-18 12:29:22]   CV folds:               5
[2026-05-18 12:29:22]   Classifier:             lda

[2026-05-18 12:29:22] Results:
[2026-05-18 12:29:22]   CSP_LDA:
[2026-05-18 12:29:22]     Mean Accuracy:          0.4807 ± 0.3248
[2026-05-18 12:29:22]     Mean Balanced Accuracy: 0.4910 ± 0.3266
[2026-05-18 12:29:22]     Mean ROC-AUC:           0.4640 ± 0.4612
[2026-05-18 12:29:22]     Single-class folds:     114 / 250 (0.456)
[2026-05-18 12:29:22]   FBCSP_LDA:
[2026-05-18 12:29:22]     Mean Accuracy:          0.4647 ± 0.2732
[2026-05-18 12:29:22]     Mean Balanced Accuracy: 0.4930 ± 0.2706
[2026-05-18 12:29:22]     Mean ROC-AUC:           0.5120 ± 0.4646
[2026-05-18 12:29:22]     Single-class folds:     155 / 250 (0.620)
[2026-05-18 12:29:22] ======================================================================
