Notebook:       /home/vegorov/Repos/eeg_jepa_research/src/liu2024/liu2024_twfb_dgfmdm_paper_faithful.ipynb
Configurations: /home/vegorov/Repos/eeg_jepa_research/src/utils/experiments/configs/sweeps_paper_faithful_handpicked.json
Total configs:  2

[1/2] Running config override:
{
  "experiment_name": "PV2_honest_lda_ltsa_full",
  "config_note": "paper 19x7 + LTSA + LDA; leaky+honest",
  "twfb_classifier": "lda_ltsa",
  "use_ltsa": true
}
  status:       completed
  elapsed_sec:  25914.271
  run_id:       20260618_1849_ee9e0099
  artifact_dir: /home/vegorov/Repos/eeg_jepa_research/artifacts/liu2024-twfb-dgfmdm-paper-faithful-v2/20260618_1849_ee9e0099

[2/2] Running config override:
{
  "experiment_name": "PV2_honest_fgmdm_full",
  "config_note": "paper 19x7 + LTSA + LDA; leaky+honest; FgMDM on covariance (no LTSA reading)",
  "twfb_classifier": "fgmdm"
}
  status:       completed
  elapsed_sec:  33505.77
  run_id:       20260619_0201_2a456860
  artifact_dir: /home/vegorov/Repos/eeg_jepa_research/artifacts/liu2024-twfb-dgfmdm-paper-faithful-v2/20260619_0201_2a456860

Finished.
Results dir:    experiment_results/20260618_1849_sweeps_paper_faithful_handpicked_a4149a19
Summary JSON:   experiment_results/20260618_1849_sweeps_paper_faithful_handpicked_a4149a19/results.json
Artifact list:  experiment_results/20260618_1849_sweeps_paper_faithful_handpicked_a4149a19/artifact_ids.json
