[2026-07-12 13:39:42] Run ID:     20260712_133942_837936_6d763ea1
[2026-07-12 13:39:42] Artifacts:  /Users/vadim/Documents/School/Spring 2026/CSCE A698 Individual Research/EEG_JEPA/artifacts/liu2024-multiscale-riemann-fusion/20260712_133942_837936_6d763ea1
[2026-07-12 13:39:42] Config:     /Users/vadim/Documents/School/Spring 2026/CSCE A698 Individual Research/EEG_JEPA/artifacts/liu2024-multiscale-riemann-fusion/20260712_133942_837936_6d763ea1/config.json
[2026-07-12 13:39:42] Seed initialized: 2026
[2026-07-12 13:39:42] ========================================================================
[2026-07-12 13:39:42] {
  "artifact_dir": "/Users/vadim/Documents/School/Spring 2026/CSCE A698 Individual Research/EEG_JEPA/artifacts/liu2024-multiscale-riemann-fusion",
  "asymmetry_pairs": [
    [
      "C3",
      "C4"
    ],
    [
      "FC3",
      "FC4"
    ],
    [
      "CP3",
      "CP4"
    ],
    [
      "P3",
      "P4"
    ]
  ],
  "average_reference": true,
  "bands_hz": [
    [
      8,
      12
    ],
    [
      13,
      20
    ],
    [
      20,
      30
    ],
    [
      8,
      30
    ]
  ],
  "base_classifier": "tangent_lda",
  "bootstrap_iterations": 10000,
  "bootstrap_seed": 202607,
  "channel_indices": [
    0,
    1,
    2,
    3,
    4,
    5,
    6,
    7,
    8,
    9,
    10,
    11,
    12,
    13,
    14,
    15,
    16,
    18,
    19,
    20,
    21,
    22,
    23,
    24,
    25,
    26,
    27,
    28,
    29
  ],
  "channel_names": [
    "Fp1",
    "Fp2",
    "Fz",
    "F3",
    "F4",
    "F7",
    "F8",
    "FCz",
    "FC3",
    "FC4",
    "FT7",
    "FT8",
    "Cz",
    "C3",
    "C4",
    "T3",
    "T4",
    "CP3",
    "CP4",
    "TP7",
    "TP8",
    "Pz",
    "P3",
    "P4",
    "T5",
    "T6",
    "Oz",
    "O1",
    "O2"
  ],
  "collapse_threshold": 0.95,
  "config_note": "Low-dimensional motor8 montage with full-trial filtering; compare with full29 full-trial control.",
  "covariance_block_samples": 250,
  "covariance_cache_dir": "/Users/vadim/Documents/School/Spring 2026/CSCE A698 Individual Research/EEG_JEPA/artifacts/covariance_cache/multiscale_riemann_fusion",
  "covariance_downsample_factor": 4,
  "covariance_estimator": "oas",
  "device": "auto",
  "enable_learned_stack": true,
  "enable_sjepa": false,
  "experiment_name": "multiscale_development_motor8_fulltrial_oas_tangent_lda",
  "filter_context": "full_trial_then_crop",
  "filter_order": 4,
  "fixed_shrinkage": 0.05,
  "fixed_single_view": {
    "band_hz": [
      8,
      30
    ],
    "scale": "4s",
    "start_s": 0.0
  },
  "inner_folds": 4,
  "lv14_subject_ids": [
    1,
    3,
    7,
    9,
    10,
    11,
    14,
    15,
    17,
    29,
    31,
    32,
    37,
    41
  ],
  "marker_channel_index": 32,
  "mi_window_s": [
    0.0,
    4.0
  ],
  "onset_fallback_sample": 1003,
  "onset_marker_value": 2,
  "onset_plausible_range": [
    800,
    1300
  ],
  "outer_folds": 5,
  "outer_protocol": "stratified_5fold",
  "prototype_shrinkage": 0.25,
  "ridge_logistic_C": 0.1,
  "seed": 2026,
  "selection_stability_lambda": 0.25,
  "sensitivity_repeats": 10,
  "sensitivity_test_size": 0.4,
  "set_seed": true,
  "sfreq": 500,
  "sjepa_bandpass_hz": [
    0.5,
    40.0
  ],
  "sjepa_batch_size": 32,
  "sjepa_cache_dir": "/Users/vadim/Documents/School/Spring 2026/CSCE A698 Individual Research/EEG_JEPA/artifacts/sjepa_embedding_cache/multiscale_riemann_fusion",
  "sjepa_cache_policy": "refuse",
  "sjepa_checkpoint_path": null,
  "sjepa_hook": "feature_encoder",
  "sjepa_model_id": "braindecode/signal-jepa_without-chans",
  "sjepa_model_revision": null,
  "sjepa_pooling": "mean",
  "sjepa_sfreq": 128,
  "sjepa_window_s": [
    0.0,
    4.0
  ],
  "source_extract_dir": "/Users/vadim/Documents/School/Spring 2026/CSCE A698 Individual Research/EEG_JEPA/liu2024_data/liu2024_figshare/sourcedata",
  "spatial_mode": "motor8",
  "split_random_state": 2026,
  "stack_C": 0.05,
  "stack_l1_ratio": 0.5,
  "subjects_to_use": null,
  "tangent_metric": "riemann",
  "tangent_pca_max_components": 8,
  "temporal_scales": {
    "1s": {
      "length_s": 1.0,
      "starts_s": [
        0.0,
        1.0,
        2.0,
        3.0
      ]
    },
    "2s": {
      "length_s": 2.0,
      "starts_s": [
        0.0,
        1.0,
        2.0
      ]
    },
    "4s": {
      "length_s": 4.0,
      "starts_s": [
        0.0
      ]
    }
  },
  "top_k_views": 5,
  "trace_normalize": true
}
[2026-07-12 13:39:42] ========================================================================
[2026-07-12 13:39:46] sub-01: completed 5 outer splits
[2026-07-12 13:39:50] sub-02: completed 5 outer splits
[2026-07-12 13:39:54] sub-03: completed 5 outer splits
[2026-07-12 13:39:58] sub-04: completed 5 outer splits
[2026-07-12 13:40:02] sub-05: completed 5 outer splits
[2026-07-12 13:40:06] sub-06: completed 5 outer splits
[2026-07-12 13:40:10] sub-07: completed 5 outer splits
[2026-07-12 13:40:14] sub-08: completed 5 outer splits
[2026-07-12 13:40:18] sub-09: completed 5 outer splits
[2026-07-12 13:40:22] sub-10: completed 5 outer splits
[2026-07-12 13:40:25] sub-11: completed 5 outer splits
[2026-07-12 13:40:29] sub-12: completed 5 outer splits
[2026-07-12 13:40:33] sub-13: completed 5 outer splits
[2026-07-12 13:40:37] sub-14: completed 5 outer splits
[2026-07-12 13:40:41] sub-15: completed 5 outer splits
[2026-07-12 13:40:45] sub-16: completed 5 outer splits
[2026-07-12 13:40:49] sub-17: completed 5 outer splits
