[2026-05-29 19:07:23] Run ID:     20260529_1907_bc2805ca
[2026-05-29 19:07:23] Artifacts:  /home/vegorov/Repos/eeg_jepa_research/artifacts/liu2024-source-mat-sjepa-prelocal/20260529_1907_bc2805ca
[2026-05-29 19:07:23] Config:     /home/vegorov/Repos/eeg_jepa_research/artifacts/liu2024-source-mat-sjepa-prelocal/20260529_1907_bc2805ca/config.json
[2026-05-29 19:07:23] Using device: cpu
[2026-05-29 19:07:24] Seed initialized: 2026
[2026-05-29 19:07:24] Configured preprocessing pipeline:
[2026-05-29 19:07:24]   - [ON] source::select_eeg_channels | - select Liu EEG channels, drop CPz reference, EOG, and marker before model input
[2026-05-29 19:07:24]   - [ON] source::demean | mode=baseline_window_mean | baseline_window_s=[0.0, 2.0]
[2026-05-29 19:07:24]   - [off] source::detrend | mode=none
[2026-05-29 19:07:24]   - [off] source::eog_correction | mode=none
[2026-05-29 19:07:24]   - [off] source::artifact_clipping | mode=none | percentile=99.5
[2026-05-29 19:07:24]   - [ON] mne_raw::reference | timing=before_resample_filter | mode=average
[2026-05-29 19:07:24]   - [ON] mne_raw::resample | sfreq=128
[2026-05-29 19:07:24]   - [ON] mne_raw::bandpass_filter | l_freq=0.5 | h_freq=40.0 | method=fir | phase=zero | fir_design=firwin
[2026-05-29 19:07:24]   - [off] mne_raw::notch_filter | timing=after_bandpass
[2026-05-29 19:07:24]   - [ON] window::crop_fixed_mi_window | start_s=2.25 | target_window_samples=537
[2026-05-29 19:07:24]   - [off] window::bad_trial_rejection
[2026-05-29 19:07:24]   - [off] split::fold_safe_normalization | mode=none
[2026-05-29 19:07:24] Source extract dir: /home/vegorov/Repos/eeg_jepa_research/liu2024_data/liu2024_figshare/sourcedata
[2026-05-29 19:07:24] Found 50 .mat files
[2026-05-29 19:07:24] MAT structure preview saved to: /home/vegorov/Repos/eeg_jepa_research/artifacts/liu2024-source-mat-sjepa-prelocal/20260529_1907_bc2805ca/mat_structure_preview_first_subject.csv
[2026-05-29 19:07:30] Subjects loaded: [1, 2, 3, 4, 5, 6, 7, 8, 9, 10, 11, 12, 13, 14, 15, 16, 17, 18, 19, 20, 21, 22, 23, 24, 25, 26, 27, 28, 29, 30, 31, 32, 33, 34, 35, 36, 37, 38, 39, 40, 41, 42, 43, 44, 45, 46, 47, 48, 49, 50]
[2026-05-29 19:07:30] Subject inventory saved to: /home/vegorov/Repos/eeg_jepa_research/artifacts/liu2024-source-mat-sjepa-prelocal/20260529_1907_bc2805ca/subject_inventory.csv
[2026-05-29 19:07:44] X_ALL shape: (2000, 29, 537) | Y_ALL counts: [1000, 1000]
[2026-05-29 19:07:44] Preprocessing steps used:
[2026-05-29 19:07:44]   - select 29 EEG channels; drop CPz source reference, EOG, and marker
[2026-05-29 19:07:44]   - source demean: subtract baseline mean [0.0, 2.0]s
[2026-05-29 19:07:44]   - source detrend skipped
[2026-05-29 19:07:44]   - EOG correction skipped
[2026-05-29 19:07:44]   - source artifact clipping skipped
[2026-05-29 19:07:44]   - convert source microvolts to MNE volts
[2026-05-29 19:07:44]   - average reference at before resample/filter
[2026-05-29 19:07:44]   - resample to 128 Hz
[2026-05-29 19:07:44]   - FIR bandpass 0.5–40.0 Hz | phase=zero | fir_design=firwin
[2026-05-29 19:07:44]   - convert MNE volts to model microvolts
[2026-05-29 19:07:44]   - crop fixed window samples [288:825]
[2026-05-29 19:07:44]   - bad-trial rejection skipped
[2026-05-29 19:07:44] Window summary saved to: /home/vegorov/Repos/eeg_jepa_research/artifacts/liu2024-source-mat-sjepa-prelocal/20260529_1907_bc2805ca/window_counts_by_subject.csv
[2026-05-29 19:07:44] ======================================================================
[2026-05-29 19:07:44] STARTING WITHIN-SUBJECT EVALUATION
[2026-05-29 19:07:44] ======================================================================
[2026-05-29 19:07:44] Experiment:    sjepa537_start2p25_bs4_lr0p0004
[2026-05-29 19:07:44] Subjects:      ['1', '2', '3', '4', '5', '6', '7', '8', '9', '10', '11', '12', '13', '14', '15', '16', '17', '18', '19', '20', '21', '22', '23', '24', '25', '26', '27', '28', '29', '30', '31', '32', '33', '34', '35', '36', '37', '38', '39', '40', '41', '42', '43', '44', '45', '46', '47', '48', '49', '50']
[2026-05-29 19:07:44] Model:         SignalJEPA_PreLocal
[2026-05-29 19:07:44] Pretrained:    from_pretrained
[2026-05-29 19:07:44] Strategy:      new
[2026-05-29 19:07:44] Preprocessing: demean=baseline_window_mean | detrend=none | eog=none | clip=none | ref=average@before_resample_filter | resample=True->128 | filter=True 0.5–40.0 fir
[2026-05-29 19:07:44] Normalization: none | reject_bad_trials=False
[2026-05-29 19:07:44] Evaluation:    stratified_kfold | cv_folds=5 | n_repeats=10 | test_size=0.4
[2026-05-29 19:07:44] Seed:          base=2026 | cv=2026 | split=2026 | val=2026
[2026-05-29 19:07:44] Window:        start=2.25s | samples=537 | duration=4.1953s | effective sfreq=128.0
[2026-05-29 19:07:44] Optimizer:     adam | lr=0.0004 | wd=0.0
[2026-05-29 19:07:44] Augmentation:  noise=0.0 | shift=0 | ch_drop=0.0
[2026-05-29 19:07:44] Val split:     0.2
[2026-05-29 19:07:44] Max epochs:    5000 | patience=50
[2026-05-29 19:07:44] Device:        cpu
[2026-05-29 19:07:44] ======================================================================
[2026-05-29 19:07:44] \nSubject 1: 40 windows | class_counts=[20, 20]

[2026-05-29 19:07:45] Fold 1/5 | subject=1
[2026-05-29 19:07:45]     Train: 32 | counts=[16, 16]
[2026-05-29 19:07:45]     Test:  8 | counts=[4, 4]
[2026-05-29 19:07:45]     Model: SignalJEPA_PreLocal | Pretrained: from_pretrained | Strategy: new
[2026-05-29 19:07:45]     Normalization: none | fit_scope=none
[2026-05-29 19:07:45]     Phase 1 (new): 2,170/16,010 params
[2026-05-29 19:07:46]     Result | best_epoch=12 | stop=62 | final_phase_epochs=62 | acc=0.6250 | bal_acc=0.6250 | pred_hist=[3, 5] | collapse=False
[2026-05-29 19:07:46]     spatial_conv=[4, 29] top_abs_channels=[('Pz', 0.1491859), ('O2', 0.14061682), ('O1', 0.13477716), ('T3', 0.12685318), ('CP3', 0.1183667), ('T4', 0.11702821), ('Fp1', 0.11639743), ('C3', 0.11298253)]
[2026-05-29 19:07:46]     spatial_update=delta_l2=0.10839471 max_abs=0.02400614 relative=0.09082246 changed=True

[2026-05-29 19:07:46] Fold 2/5 | subject=1
[2026-05-29 19:07:46]     Train: 32 | counts=[16, 16]
[2026-05-29 19:07:46]     Test:  8 | counts=[4, 4]
[2026-05-29 19:07:46]     Model: SignalJEPA_PreLocal | Pretrained: from_pretrained | Strategy: new
[2026-05-29 19:07:46]     Normalization: none | fit_scope=none
[2026-05-29 19:07:46]     Phase 1 (new): 2,170/16,010 params
[2026-05-29 19:07:47]     Result | best_epoch=6 | stop=56 | final_phase_epochs=56 | acc=0.5000 | bal_acc=0.5000 | pred_hist=[0, 8] | collapse=True
[2026-05-29 19:07:47]     spatial_conv=[4, 29] top_abs_channels=[('Pz', 0.14658749), ('O2', 0.145412), ('T3', 0.12557012), ('O1', 0.12491769), ('CP3', 0.12212567), ('T4', 0.1193767), ('CP4', 0.11194326), ('C3', 0.11175783)]
[2026-05-29 19:07:47]     spatial_update=delta_l2=0.05347385 max_abs=0.01129224 relative=0.04480501 changed=True

[2026-05-29 19:07:47] Fold 3/5 | subject=1
[2026-05-29 19:07:47]     Train: 32 | counts=[16, 16]
[2026-05-29 19:07:47]     Test:  8 | counts=[4, 4]
[2026-05-29 19:07:47]     Model: SignalJEPA_PreLocal | Pretrained: from_pretrained | Strategy: new
[2026-05-29 19:07:47]     Normalization: none | fit_scope=none
[2026-05-29 19:07:47]     Phase 1 (new): 2,170/16,010 params
[2026-05-29 19:07:49]     Result | best_epoch=28 | stop=78 | final_phase_epochs=78 | acc=0.5000 | bal_acc=0.5000 | pred_hist=[4, 4] | collapse=False
[2026-05-29 19:07:49]     spatial_conv=[4, 29] top_abs_channels=[('Pz', 0.1426433), ('O1', 0.14143904), ('O2', 0.14083557), ('CP3', 0.12612653), ('T4', 0.12526742), ('T3', 0.1233265), ('Fp1', 0.11522181), ('C3', 0.11414339)]
[2026-05-29 19:07:49]     spatial_update=delta_l2=0.20169562 max_abs=0.04913684 relative=0.16899802 changed=True

[2026-05-29 19:07:49] Fold 4/5 | subject=1
[2026-05-29 19:07:49]     Train: 32 | counts=[16, 16]
[2026-05-29 19:07:49]     Test:  8 | counts=[4, 4]
[2026-05-29 19:07:49]     Model: SignalJEPA_PreLocal | Pretrained: from_pretrained | Strategy: new
[2026-05-29 19:07:49]     Normalization: none | fit_scope=none
[2026-05-29 19:07:49]     Phase 1 (new): 2,170/16,010 params
[2026-05-29 19:07:50]     Result | best_epoch=14 | stop=64 | final_phase_epochs=64 | acc=0.7500 | bal_acc=0.7500 | pred_hist=[2, 6] | collapse=False
[2026-05-29 19:07:50]     spatial_conv=[4, 29] top_abs_channels=[('Pz', 0.14731693), ('O2', 0.14176017), ('O1', 0.12934199), ('T3', 0.12686995), ('CP3', 0.1225408), ('T4', 0.11997782), ('C3', 0.11756092), ('CP4', 0.11630258)]
[2026-05-29 19:07:50]     spatial_update=delta_l2=0.10457745 max_abs=0.02554039 relative=0.08762403 changed=True

[2026-05-29 19:07:51] Fold 5/5 | subject=1
[2026-05-29 19:07:51]     Train: 32 | counts=[16, 16]
[2026-05-29 19:07:51]     Test:  8 | counts=[4, 4]
[2026-05-29 19:07:51]     Model: SignalJEPA_PreLocal | Pretrained: from_pretrained | Strategy: new
[2026-05-29 19:07:51]     Normalization: none | fit_scope=none
[2026-05-29 19:07:51]     Phase 1 (new): 2,170/16,010 params
[2026-05-29 19:07:52]     Result | best_epoch=7 | stop=57 | final_phase_epochs=57 | acc=0.5000 | bal_acc=0.5000 | pred_hist=[0, 8] | collapse=True
[2026-05-29 19:07:52]     spatial_conv=[4, 29] top_abs_channels=[('Pz', 0.14976133), ('O2', 0.14473262), ('O1', 0.12749216), ('T3', 0.12581691), ('T4', 0.12032498), ('CP3', 0.11894736), ('C3', 0.11445185), ('CP4', 0.11279929)]
[2026-05-29 19:07:52]     spatial_update=delta_l2=0.06552184 max_abs=0.01350842 relative=0.05489986 changed=True
[2026-05-29 19:07:52]   Subject 1: acc=0.5750±0.1000  bal_acc=0.5750±0.1000
[2026-05-29 19:07:52] \nSubject 2: 40 windows | class_counts=[20, 20]

[2026-05-29 19:07:52] Fold 1/5 | subject=2
[2026-05-29 19:07:52]     Train: 32 | counts=[16, 16]
[2026-05-29 19:07:52]     Test:  8 | counts=[4, 4]
[2026-05-29 19:07:52]     Model: SignalJEPA_PreLocal | Pretrained: from_pretrained | Strategy: new
[2026-05-29 19:07:52]     Normalization: none | fit_scope=none
[2026-05-29 19:07:52]     Phase 1 (new): 2,170/16,010 params
[2026-05-29 19:07:54]     Result | best_epoch=26 | stop=76 | final_phase_epochs=76 | acc=0.5000 | bal_acc=0.5000 | pred_hist=[6, 2] | collapse=False
[2026-05-29 19:07:54]     spatial_conv=[4, 29] top_abs_channels=[('Pz', 0.15148152), ('T3', 0.1436771), ('O2', 0.14179106), ('O1', 0.12443041), ('CP3', 0.12125865), ('T4', 0.12017369), ('C3', 0.11381534), ('F4', 0.11201102)]
[2026-05-29 19:07:54]     spatial_update=delta_l2=0.28387607 max_abs=0.06154030 relative=0.23785590 changed=True

[2026-05-29 19:07:54] Fold 2/5 | subject=2
[2026-05-29 19:07:54]     Train: 32 | counts=[16, 16]
[2026-05-29 19:07:54]     Test:  8 | counts=[4, 4]
[2026-05-29 19:07:54]     Model: SignalJEPA_PreLocal | Pretrained: from_pretrained | Strategy: new
[2026-05-29 19:07:54]     Normalization: none | fit_scope=none
[2026-05-29 19:07:54]     Phase 1 (new): 2,170/16,010 params
[2026-05-29 19:07:55]     Result | best_epoch=6 | stop=56 | final_phase_epochs=56 | acc=0.7500 | bal_acc=0.7500 | pred_hist=[2, 6] | collapse=False
[2026-05-29 19:07:55]     spatial_conv=[4, 29] top_abs_channels=[('Pz', 0.15359254), ('O2', 0.14288992), ('T3', 0.13406797), ('O1', 0.12543237), ('CP3', 0.1224729), ('T4', 0.1209109), ('C3', 0.11434992), ('Fp1', 0.11162353)]
[2026-05-29 19:07:55]     spatial_update=delta_l2=0.05846963 max_abs=0.01194820 relative=0.04899091 changed=True

[2026-05-29 19:07:56] Fold 3/5 | subject=2
[2026-05-29 19:07:56]     Train: 32 | counts=[16, 16]
[2026-05-29 19:07:56]     Test:  8 | counts=[4, 4]
[2026-05-29 19:07:56]     Model: SignalJEPA_PreLocal | Pretrained: from_pretrained | Strategy: new
[2026-05-29 19:07:56]     Normalization: none | fit_scope=none
[2026-05-29 19:07:56]     Phase 1 (new): 2,170/16,010 params
[2026-05-29 19:07:57]     Result | best_epoch=5 | stop=55 | final_phase_epochs=55 | acc=0.6250 | bal_acc=0.6250 | pred_hist=[1, 7] | collapse=False
[2026-05-29 19:07:57]     spatial_conv=[4, 29] top_abs_channels=[('Pz', 0.1537839), ('O2', 0.14237002), ('T3', 0.13100514), ('O1', 0.12314557), ('CP3', 0.12026721), ('T4', 0.11961648), ('C3', 0.11656483), ('Fp1', 0.11112769)]
[2026-05-29 19:07:57]     spatial_update=delta_l2=0.05897795 max_abs=0.01006187 relative=0.04941682 changed=True

[2026-05-29 19:07:57] Fold 4/5 | subject=2
[2026-05-29 19:07:57]     Train: 32 | counts=[16, 16]
[2026-05-29 19:07:57]     Test:  8 | counts=[4, 4]
[2026-05-29 19:07:57]     Model: SignalJEPA_PreLocal | Pretrained: from_pretrained | Strategy: new
[2026-05-29 19:07:57]     Normalization: none | fit_scope=none
[2026-05-29 19:07:57]     Phase 1 (new): 2,170/16,010 params
[2026-05-29 19:07:58]     Result | best_epoch=5 | stop=55 | final_phase_epochs=55 | acc=0.8750 | bal_acc=0.8750 | pred_hist=[3, 5] | collapse=False
[2026-05-29 19:07:58]     spatial_conv=[4, 29] top_abs_channels=[('Pz', 0.15464734), ('O2', 0.14003722), ('T3', 0.13106552), ('O1', 0.12540163), ('T4', 0.12195057), ('CP3', 0.11912543), ('C3', 0.11854065), ('Fp1', 0.1143568)]
[2026-05-29 19:07:58]     spatial_update=delta_l2=0.05579898 max_abs=0.00979313 relative=0.04675320 changed=True

[2026-05-29 19:07:59] Fold 5/5 | subject=2
[2026-05-29 19:07:59]     Train: 32 | counts=[16, 16]
[2026-05-29 19:07:59]     Test:  8 | counts=[4, 4]
[2026-05-29 19:07:59]     Model: SignalJEPA_PreLocal | Pretrained: from_pretrained | Strategy: new
[2026-05-29 19:07:59]     Normalization: none | fit_scope=none
[2026-05-29 19:07:59]     Phase 1 (new): 2,170/16,010 params
[2026-05-29 19:08:00]     Result | best_epoch=6 | stop=56 | final_phase_epochs=56 | acc=0.5000 | bal_acc=0.5000 | pred_hist=[0, 8] | collapse=True
[2026-05-29 19:08:00]     spatial_conv=[4, 29] top_abs_channels=[('Pz', 0.15647934), ('O2', 0.14021255), ('T3', 0.13313217), ('O1', 0.12720808), ('T4', 0.12238356), ('CP3', 0.11981177), ('C3', 0.11772186), ('Fp1', 0.11340679)]
[2026-05-29 19:08:00]     spatial_update=delta_l2=0.06733441 max_abs=0.01333436 relative=0.05641859 changed=True
[2026-05-29 19:08:00]   Subject 2: acc=0.6500±0.1458  bal_acc=0.6500±0.1458
[2026-05-29 19:08:00] \nSubject 3: 40 windows | class_counts=[20, 20]

[2026-05-29 19:08:00] Fold 1/5 | subject=3
[2026-05-29 19:08:00]     Train: 32 | counts=[16, 16]
[2026-05-29 19:08:00]     Test:  8 | counts=[4, 4]
[2026-05-29 19:08:00]     Model: SignalJEPA_PreLocal | Pretrained: from_pretrained | Strategy: new
[2026-05-29 19:08:00]     Normalization: none | fit_scope=none
[2026-05-29 19:08:00]     Phase 1 (new): 2,170/16,010 params
[2026-05-29 19:08:01]     Result | best_epoch=7 | stop=57 | final_phase_epochs=57 | acc=0.5000 | bal_acc=0.5000 | pred_hist=[4, 4] | collapse=False
[2026-05-29 19:08:01]     spatial_conv=[4, 29] top_abs_channels=[('Pz', 0.15742807), ('O2', 0.13917847), ('T3', 0.12983252), ('O1', 0.12091581), ('C3', 0.12065206), ('CP3', 0.1184568), ('T4', 0.11757488), ('CP4', 0.11105862)]
[2026-05-29 19:08:01]     spatial_update=delta_l2=0.06633780 max_abs=0.01276866 relative=0.05558354 changed=True

[2026-05-29 19:08:01] Fold 2/5 | subject=3
[2026-05-29 19:08:01]     Train: 32 | counts=[16, 16]
[2026-05-29 19:08:01]     Test:  8 | counts=[4, 4]
[2026-05-29 19:08:01]     Model: SignalJEPA_PreLocal | Pretrained: from_pretrained | Strategy: new
[2026-05-29 19:08:01]     Normalization: none | fit_scope=none
[2026-05-29 19:08:01]     Phase 1 (new): 2,170/16,010 params
[2026-05-29 19:08:02]     Result | best_epoch=8 | stop=58 | final_phase_epochs=58 | acc=0.5000 | bal_acc=0.5000 | pred_hist=[6, 2] | collapse=False
[2026-05-29 19:08:02]     spatial_conv=[4, 29] top_abs_channels=[('Pz', 0.15727326), ('O2', 0.13657208), ('T3', 0.13088329), ('T4', 0.12033711), ('O1', 0.11840298), ('C3', 0.11689305), ('CP3', 0.11678165), ('CP4', 0.11412554)]
[2026-05-29 19:08:02]     spatial_update=delta_l2=0.07267908 max_abs=0.01659977 relative=0.06089681 changed=True

[2026-05-29 19:08:03] Fold 3/5 | subject=3
[2026-05-29 19:08:03]     Train: 32 | counts=[16, 16]
[2026-05-29 19:08:03]     Test:  8 | counts=[4, 4]
[2026-05-29 19:08:03]     Model: SignalJEPA_PreLocal | Pretrained: from_pretrained | Strategy: new
[2026-05-29 19:08:03]     Normalization: none | fit_scope=none
[2026-05-29 19:08:03]     Phase 1 (new): 2,170/16,010 params
[2026-05-29 19:08:04]     Result | best_epoch=6 | stop=56 | final_phase_epochs=56 | acc=0.5000 | bal_acc=0.5000 | pred_hist=[0, 8] | collapse=True
[2026-05-29 19:08:04]     spatial_conv=[4, 29] top_abs_channels=[('Pz', 0.1523682), ('O2', 0.14309719), ('T3', 0.13062903), ('O1', 0.12084213), ('C3', 0.12077424), ('T4', 0.12038033), ('CP3', 0.11931773), ('CP4', 0.11149794)]
[2026-05-29 19:08:04]     spatial_update=delta_l2=0.05896544 max_abs=0.01259217 relative=0.04940634 changed=True

[2026-05-29 19:08:04] Fold 4/5 | subject=3
[2026-05-29 19:08:04]     Train: 32 | counts=[16, 16]
[2026-05-29 19:08:04]     Test:  8 | counts=[4, 4]
[2026-05-29 19:08:04]     Model: SignalJEPA_PreLocal | Pretrained: from_pretrained | Strategy: new
[2026-05-29 19:08:04]     Normalization: none | fit_scope=none
[2026-05-29 19:08:04]     Phase 1 (new): 2,170/16,010 params
[2026-05-29 19:08:05]     Result | best_epoch=5 | stop=55 | final_phase_epochs=55 | acc=0.3750 | bal_acc=0.3750 | pred_hist=[1, 7] | collapse=False
[2026-05-29 19:08:05]     spatial_conv=[4, 29] top_abs_channels=[('Pz', 0.15504074), ('O2', 0.14219356), ('T3', 0.13171658), ('T4', 0.12010502), ('CP3', 0.12003061), ('O1', 0.11943576), ('C3', 0.11709946), ('CP4', 0.11141948)]
[2026-05-29 19:08:05]     spatial_update=delta_l2=0.04663551 max_abs=0.00953927 relative=0.03907526 changed=True

[2026-05-29 19:08:06] Fold 5/5 | subject=3
[2026-05-29 19:08:06]     Train: 32 | counts=[16, 16]
[2026-05-29 19:08:06]     Test:  8 | counts=[4, 4]
[2026-05-29 19:08:06]     Model: SignalJEPA_PreLocal | Pretrained: from_pretrained | Strategy: new
[2026-05-29 19:08:06]     Normalization: none | fit_scope=none
[2026-05-29 19:08:06]     Phase 1 (new): 2,170/16,010 params
[2026-05-29 19:08:07]     Result | best_epoch=10 | stop=60 | final_phase_epochs=60 | acc=0.7500 | bal_acc=0.7500 | pred_hist=[2, 6] | collapse=False
[2026-05-29 19:08:07]     spatial_conv=[4, 29] top_abs_channels=[('Pz', 0.15168273), ('O2', 0.14236793), ('T3', 0.1339872), ('CP3', 0.12858894), ('T4', 0.12325415), ('C3', 0.11687054), ('O1', 0.11617485), ('CP4', 0.11075095)]
[2026-05-29 19:08:07]     spatial_update=delta_l2=0.09232204 max_abs=0.02015010 relative=0.07735538 changed=True
[2026-05-29 19:08:07]   Subject 3: acc=0.5250±0.1225  bal_acc=0.5250±0.1225
[2026-05-29 19:08:07] \nSubject 4: 40 windows | class_counts=[20, 20]

[2026-05-29 19:08:07] Fold 1/5 | subject=4
[2026-05-29 19:08:07]     Train: 32 | counts=[16, 16]
[2026-05-29 19:08:07]     Test:  8 | counts=[4, 4]
[2026-05-29 19:08:07]     Model: SignalJEPA_PreLocal | Pretrained: from_pretrained | Strategy: new
[2026-05-29 19:08:07]     Normalization: none | fit_scope=none
[2026-05-29 19:08:07]     Phase 1 (new): 2,170/16,010 params
[2026-05-29 19:08:08]     Result | best_epoch=11 | stop=61 | final_phase_epochs=61 | acc=0.3750 | bal_acc=0.3750 | pred_hist=[3, 5] | collapse=False
[2026-05-29 19:08:08]     spatial_conv=[4, 29] top_abs_channels=[('Pz', 0.14898682), ('O2', 0.14232762), ('T3', 0.12716788), ('CP3', 0.12622425), ('T4', 0.11814847), ('O1', 0.11774853), ('Fp1', 0.10945575), ('T5', 0.10871138)]
[2026-05-29 19:08:08]     spatial_update=delta_l2=0.09879713 max_abs=0.02423830 relative=0.08278077 changed=True

[2026-05-29 19:08:09] Fold 2/5 | subject=4
[2026-05-29 19:08:09]     Train: 32 | counts=[16, 16]
[2026-05-29 19:08:09]     Test:  8 | counts=[4, 4]
[2026-05-29 19:08:09]     Model: SignalJEPA_PreLocal | Pretrained: from_pretrained | Strategy: new
[2026-05-29 19:08:09]     Normalization: none | fit_scope=none
[2026-05-29 19:08:09]     Phase 1 (new): 2,170/16,010 params
[2026-05-29 19:08:10]     Result | best_epoch=9 | stop=59 | final_phase_epochs=59 | acc=0.6250 | bal_acc=0.6250 | pred_hist=[1, 7] | collapse=False
[2026-05-29 19:08:10]     spatial_conv=[4, 29] top_abs_channels=[('Pz', 0.14857133), ('O2', 0.14574376), ('T3', 0.12917142), ('CP3', 0.12495466), ('T4', 0.11733368), ('O1', 0.11704127), ('T5', 0.11325425), ('Fp1', 0.1119213)]
[2026-05-29 19:08:10]     spatial_update=delta_l2=0.09127479 max_abs=0.01703443 relative=0.07647791 changed=True

[2026-05-29 19:08:11] Fold 3/5 | subject=4
[2026-05-29 19:08:11]     Train: 32 | counts=[16, 16]
[2026-05-29 19:08:11]     Test:  8 | counts=[4, 4]
[2026-05-29 19:08:11]     Model: SignalJEPA_PreLocal | Pretrained: from_pretrained | Strategy: new
[2026-05-29 19:08:11]     Normalization: none | fit_scope=none
[2026-05-29 19:08:11]     Phase 1 (new): 2,170/16,010 params
[2026-05-29 19:08:12]     Result | best_epoch=7 | stop=57 | final_phase_epochs=57 | acc=0.5000 | bal_acc=0.5000 | pred_hist=[2, 6] | collapse=False
[2026-05-29 19:08:12]     spatial_conv=[4, 29] top_abs_channels=[('Pz', 0.15355717), ('O2', 0.14343707), ('T3', 0.12787192), ('CP3', 0.12356727), ('T4', 0.12188739), ('O1', 0.12106337), ('Fp1', 0.11501512), ('C3', 0.10973869)]
[2026-05-29 19:08:12]     spatial_update=delta_l2=0.06630051 max_abs=0.01222274 relative=0.05555229 changed=True

[2026-05-29 19:08:12] Fold 4/5 | subject=4
[2026-05-29 19:08:12]     Train: 32 | counts=[16, 16]
[2026-05-29 19:08:12]     Test:  8 | counts=[4, 4]
[2026-05-29 19:08:12]     Model: SignalJEPA_PreLocal | Pretrained: from_pretrained | Strategy: new
[2026-05-29 19:08:12]     Normalization: none | fit_scope=none
[2026-05-29 19:08:12]     Phase 1 (new): 2,170/16,010 params
[2026-05-29 19:08:14]     Result | best_epoch=43 | stop=93 | final_phase_epochs=93 | acc=0.5000 | bal_acc=0.5000 | pred_hist=[4, 4] | collapse=False
[2026-05-29 19:08:14]     spatial_conv=[4, 29] top_abs_channels=[('O2', 0.14605257), ('Pz', 0.1410874), ('T4', 0.13156678), ('Fz', 0.12890367), ('T3', 0.1244792), ('CP3', 0.11954188), ('F4', 0.11948853), ('FT7', 0.11546627)]
[2026-05-29 19:08:14]     spatial_update=delta_l2=0.33223204 max_abs=0.09735032 relative=0.27837271 changed=True

[2026-05-29 19:08:14] Fold 5/5 | subject=4
[2026-05-29 19:08:14]     Train: 32 | counts=[16, 16]
[2026-05-29 19:08:14]     Test:  8 | counts=[4, 4]
[2026-05-29 19:08:14]     Model: SignalJEPA_PreLocal | Pretrained: from_pretrained | Strategy: new
[2026-05-29 19:08:14]     Normalization: none | fit_scope=none
[2026-05-29 19:08:14]     Phase 1 (new): 2,170/16,010 params
[2026-05-29 19:08:15]     Result | best_epoch=1 | stop=51 | final_phase_epochs=51 | acc=0.5000 | bal_acc=0.5000 | pred_hist=[0, 8] | collapse=True
[2026-05-29 19:08:15]     spatial_conv=[4, 29] top_abs_channels=[('Pz', 0.15280604), ('O2', 0.14524576), ('T3', 0.12686081), ('T4', 0.12142843), ('CP3', 0.12123178), ('O1', 0.12105924), ('C3', 0.11442997), ('Fp1', 0.10974814)]
[2026-05-29 19:08:15]     spatial_update=delta_l2=0.01472031 max_abs=0.00216088 relative=0.01233395 changed=True
[2026-05-29 19:08:15]   Subject 4: acc=0.5000±0.0791  bal_acc=0.5000±0.0791
[2026-05-29 19:08:15] \nSubject 5: 40 windows | class_counts=[20, 20]

[2026-05-29 19:08:15] Fold 1/5 | subject=5
[2026-05-29 19:08:15]     Train: 32 | counts=[16, 16]
[2026-05-29 19:08:15]     Test:  8 | counts=[4, 4]
[2026-05-29 19:08:15]     Model: SignalJEPA_PreLocal | Pretrained: from_pretrained | Strategy: new
[2026-05-29 19:08:15]     Normalization: none | fit_scope=none
[2026-05-29 19:08:15]     Phase 1 (new): 2,170/16,010 params
[2026-05-29 19:08:16]     Result | best_epoch=1 | stop=51 | final_phase_epochs=51 | acc=0.5000 | bal_acc=0.5000 | pred_hist=[0, 8] | collapse=True
[2026-05-29 19:08:16]     spatial_conv=[4, 29] top_abs_channels=[('Pz', 0.15288293), ('O2', 0.14422384), ('T3', 0.12749103), ('T4', 0.12305297), ('O1', 0.1211643), ('CP3', 0.12090872), ('C3', 0.11612934), ('CP4', 0.11184746)]
[2026-05-29 19:08:16]     spatial_update=delta_l2=0.01311697 max_abs=0.00224349 relative=0.01099053 changed=True

[2026-05-29 19:08:17] Fold 2/5 | subject=5
[2026-05-29 19:08:17]     Train: 32 | counts=[16, 16]
[2026-05-29 19:08:17]     Test:  8 | counts=[4, 4]
[2026-05-29 19:08:17]     Model: SignalJEPA_PreLocal | Pretrained: from_pretrained | Strategy: new
[2026-05-29 19:08:17]     Normalization: none | fit_scope=none
[2026-05-29 19:08:17]     Phase 1 (new): 2,170/16,010 params
[2026-05-29 19:08:18]     Result | best_epoch=1 | stop=51 | final_phase_epochs=51 | acc=0.5000 | bal_acc=0.5000 | pred_hist=[0, 8] | collapse=True
[2026-05-29 19:08:18]     spatial_conv=[4, 29] top_abs_channels=[('Pz', 0.15210366), ('O2', 0.14374551), ('T3', 0.1268183), ('T4', 0.12317907), ('CP3', 0.12142731), ('O1', 0.1210316), ('C3', 0.11510879), ('CP4', 0.11117145)]
[2026-05-29 19:08:18]     spatial_update=delta_l2=0.01238010 max_abs=0.00225398 relative=0.01037312 changed=True

[2026-05-29 19:08:18] Fold 3/5 | subject=5
[2026-05-29 19:08:18]     Train: 32 | counts=[16, 16]
[2026-05-29 19:08:18]     Test:  8 | counts=[4, 4]
[2026-05-29 19:08:18]     Model: SignalJEPA_PreLocal | Pretrained: from_pretrained | Strategy: new
[2026-05-29 19:08:18]     Normalization: none | fit_scope=none
[2026-05-29 19:08:18]     Phase 1 (new): 2,170/16,010 params
[2026-05-29 19:08:19]     Result | best_epoch=12 | stop=62 | final_phase_epochs=62 | acc=0.3750 | bal_acc=0.3750 | pred_hist=[1, 7] | collapse=False
[2026-05-29 19:08:19]     spatial_conv=[4, 29] top_abs_channels=[('Pz', 0.15650326), ('O2', 0.1411882), ('T4', 0.13335429), ('T3', 0.12896669), ('CP4', 0.1185841), ('CP3', 0.11786332), ('T5', 0.11603653), ('Fp1', 0.11292221)]
[2026-05-29 19:08:19]     spatial_update=delta_l2=0.12631893 max_abs=0.02491127 relative=0.10584091 changed=True

[2026-05-29 19:08:20] Fold 4/5 | subject=5
[2026-05-29 19:08:20]     Train: 32 | counts=[16, 16]
[2026-05-29 19:08:20]     Test:  8 | counts=[4, 4]
[2026-05-29 19:08:20]     Model: SignalJEPA_PreLocal | Pretrained: from_pretrained | Strategy: new
[2026-05-29 19:08:20]     Normalization: none | fit_scope=none
[2026-05-29 19:08:20]     Phase 1 (new): 2,170/16,010 params
[2026-05-29 19:08:21]     Result | best_epoch=25 | stop=75 | final_phase_epochs=75 | acc=0.6250 | bal_acc=0.6250 | pred_hist=[5, 3] | collapse=False
[2026-05-29 19:08:21]     spatial_conv=[4, 29] top_abs_channels=[('O2', 0.15585749), ('Pz', 0.14708294), ('T4', 0.13966364), ('T3', 0.12631123), ('CP3', 0.12128668), ('FCz', 0.11816822), ('P4', 0.11586136), ('TP8', 0.11483312)]
[2026-05-29 19:08:21]     spatial_update=delta_l2=0.25838952 max_abs=0.05887003 relative=0.21650107 changed=True

[2026-05-29 19:08:21] Fold 5/5 | subject=5
[2026-05-29 19:08:21]     Train: 32 | counts=[16, 16]
[2026-05-29 19:08:21]     Test:  8 | counts=[4, 4]
[2026-05-29 19:08:21]     Model: SignalJEPA_PreLocal | Pretrained: from_pretrained | Strategy: new
[2026-05-29 19:08:21]     Normalization: none | fit_scope=none
[2026-05-29 19:08:21]     Phase 1 (new): 2,170/16,010 params
[2026-05-29 19:08:22]     Result | best_epoch=14 | stop=64 | final_phase_epochs=64 | acc=0.5000 | bal_acc=0.5000 | pred_hist=[4, 4] | collapse=False
[2026-05-29 19:08:22]     spatial_conv=[4, 29] top_abs_channels=[('Pz', 0.15593454), ('O2', 0.14394926), ('T4', 0.12826085), ('T3', 0.12738381), ('CP3', 0.12184293), ('O1', 0.11584461), ('CP4', 0.11392993), ('FCz', 0.11354296)]
[2026-05-29 19:08:22]     spatial_update=delta_l2=0.14000799 max_abs=0.02838428 relative=0.11731079 changed=True
[2026-05-29 19:08:22]   Subject 5: acc=0.5000±0.0791  bal_acc=0.5000±0.0791
[2026-05-29 19:08:22] \nSubject 6: 40 windows | class_counts=[20, 20]

[2026-05-29 19:08:23] Fold 1/5 | subject=6
[2026-05-29 19:08:23]     Train: 32 | counts=[16, 16]
[2026-05-29 19:08:23]     Test:  8 | counts=[4, 4]
[2026-05-29 19:08:23]     Model: SignalJEPA_PreLocal | Pretrained: from_pretrained | Strategy: new
[2026-05-29 19:08:23]     Normalization: none | fit_scope=none
[2026-05-29 19:08:23]     Phase 1 (new): 2,170/16,010 params
[2026-05-29 19:08:24]     Result | best_epoch=19 | stop=69 | final_phase_epochs=69 | acc=0.5000 | bal_acc=0.5000 | pred_hist=[4, 4] | collapse=False
[2026-05-29 19:08:24]     spatial_conv=[4, 29] top_abs_channels=[('Pz', 0.15226077), ('O2', 0.14380948), ('T4', 0.13372554), ('CP3', 0.1254068), ('T3', 0.12144654), ('O1', 0.11972504), ('Fp1', 0.11922811), ('P4', 0.11781999)]
[2026-05-29 19:08:24]     spatial_update=delta_l2=0.18577644 max_abs=0.03709812 relative=0.15565956 changed=True

[2026-05-29 19:08:25] Fold 2/5 | subject=6
[2026-05-29 19:08:25]     Train: 32 | counts=[16, 16]
[2026-05-29 19:08:25]     Test:  8 | counts=[4, 4]
[2026-05-29 19:08:25]     Model: SignalJEPA_PreLocal | Pretrained: from_pretrained | Strategy: new
[2026-05-29 19:08:25]     Normalization: none | fit_scope=none
[2026-05-29 19:08:25]     Phase 1 (new): 2,170/16,010 params
[2026-05-29 19:08:26]     Result | best_epoch=15 | stop=65 | final_phase_epochs=65 | acc=0.2500 | bal_acc=0.2500 | pred_hist=[6, 2] | collapse=False
[2026-05-29 19:08:26]     spatial_conv=[4, 29] top_abs_channels=[('Pz', 0.15099172), ('O2', 0.14565545), ('CP3', 0.1275702), ('O1', 0.12703229), ('T3', 0.11698573), ('Fp1', 0.115918), ('C3', 0.11400267), ('T4', 0.11340816)]
[2026-05-29 19:08:26]     spatial_update=delta_l2=0.11849383 max_abs=0.02604838 relative=0.09928437 changed=True

[2026-05-29 19:08:26] Fold 3/5 | subject=6
[2026-05-29 19:08:26]     Train: 32 | counts=[16, 16]
[2026-05-29 19:08:26]     Test:  8 | counts=[4, 4]
[2026-05-29 19:08:26]     Model: SignalJEPA_PreLocal | Pretrained: from_pretrained | Strategy: new
[2026-05-29 19:08:26]     Normalization: none | fit_scope=none
[2026-05-29 19:08:26]     Phase 1 (new): 2,170/16,010 params
[2026-05-29 19:08:27]     Result | best_epoch=14 | stop=64 | final_phase_epochs=64 | acc=0.5000 | bal_acc=0.5000 | pred_hist=[4, 4] | collapse=False
[2026-05-29 19:08:27]     spatial_conv=[4, 29] top_abs_channels=[('Pz', 0.14889038), ('O2', 0.14086106), ('CP3', 0.129702), ('T4', 0.12957892), ('T3', 0.12283884), ('O1', 0.11958141), ('C3', 0.1140642), ('Fp1', 0.1106748)]
[2026-05-29 19:08:27]     spatial_update=delta_l2=0.12113616 max_abs=0.02661064 relative=0.10149834 changed=True

[2026-05-29 19:08:28] Fold 4/5 | subject=6
[2026-05-29 19:08:28]     Train: 32 | counts=[16, 16]
[2026-05-29 19:08:28]     Test:  8 | counts=[4, 4]
[2026-05-29 19:08:28]     Model: SignalJEPA_PreLocal | Pretrained: from_pretrained | Strategy: new
[2026-05-29 19:08:28]     Normalization: none | fit_scope=none
[2026-05-29 19:08:28]     Phase 1 (new): 2,170/16,010 params
[2026-05-29 19:08:29]     Result | best_epoch=1 | stop=51 | final_phase_epochs=51 | acc=0.5000 | bal_acc=0.5000 | pred_hist=[0, 8] | collapse=True
[2026-05-29 19:08:29]     spatial_conv=[4, 29] top_abs_channels=[('Pz', 0.15337677), ('O2', 0.14474326), ('T3', 0.1270179), ('T4', 0.12216397), ('O1', 0.12181602), ('CP3', 0.12080245), ('C3', 0.11519991), ('CP4', 0.1107844)]
[2026-05-29 19:08:29]     spatial_update=delta_l2=0.01129680 max_abs=0.00198726 relative=0.00946543 changed=True

[2026-05-29 19:08:29] Fold 5/5 | subject=6
[2026-05-29 19:08:29]     Train: 32 | counts=[16, 16]
[2026-05-29 19:08:29]     Test:  8 | counts=[4, 4]
[2026-05-29 19:08:29]     Model: SignalJEPA_PreLocal | Pretrained: from_pretrained | Strategy: new
[2026-05-29 19:08:29]     Normalization: none | fit_scope=none
[2026-05-29 19:08:29]     Phase 1 (new): 2,170/16,010 params
[2026-05-29 19:08:31]     Result | best_epoch=30 | stop=80 | final_phase_epochs=80 | acc=0.3750 | bal_acc=0.3750 | pred_hist=[5, 3] | collapse=False
[2026-05-29 19:08:31]     spatial_conv=[4, 29] top_abs_channels=[('O2', 0.1420923), ('Pz', 0.14177331), ('CP3', 0.13184147), ('O1', 0.12646192), ('T4', 0.12292431), ('T3', 0.12068862), ('Fp1', 0.11645637), ('Fz', 0.11362613)]
[2026-05-29 19:08:31]     spatial_update=delta_l2=0.26368094 max_abs=0.05746053 relative=0.22093468 changed=True
[2026-05-29 19:08:31]   Subject 6: acc=0.4250±0.1000  bal_acc=0.4250±0.1000
[2026-05-29 19:08:31] \nSubject 7: 40 windows | class_counts=[20, 20]

[2026-05-29 19:08:31] Fold 1/5 | subject=7
[2026-05-29 19:08:31]     Train: 32 | counts=[16, 16]
[2026-05-29 19:08:31]     Test:  8 | counts=[4, 4]
[2026-05-29 19:08:31]     Model: SignalJEPA_PreLocal | Pretrained: from_pretrained | Strategy: new
[2026-05-29 19:08:31]     Normalization: none | fit_scope=none
[2026-05-29 19:08:31]     Phase 1 (new): 2,170/16,010 params
[2026-05-29 19:08:32]     Result | best_epoch=21 | stop=71 | final_phase_epochs=71 | acc=0.7500 | bal_acc=0.7500 | pred_hist=[4, 4] | collapse=False
[2026-05-29 19:08:32]     spatial_conv=[4, 29] top_abs_channels=[('Pz', 0.15476315), ('O2', 0.14043254), ('T4', 0.13035242), ('CP3', 0.12410787), ('T3', 0.11840452), ('CP4', 0.11830271), ('O1', 0.11692506), ('Fp1', 0.1086426)]
[2026-05-29 19:08:32]     spatial_update=delta_l2=0.18247925 max_abs=0.03689230 relative=0.15289689 changed=True

[2026-05-29 19:08:33] Fold 2/5 | subject=7
[2026-05-29 19:08:33]     Train: 32 | counts=[16, 16]
[2026-05-29 19:08:33]     Test:  8 | counts=[4, 4]
[2026-05-29 19:08:33]     Model: SignalJEPA_PreLocal | Pretrained: from_pretrained | Strategy: new
[2026-05-29 19:08:33]     Normalization: none | fit_scope=none
[2026-05-29 19:08:33]     Phase 1 (new): 2,170/16,010 params
[2026-05-29 19:08:34]     Result | best_epoch=14 | stop=64 | final_phase_epochs=64 | acc=0.3750 | bal_acc=0.3750 | pred_hist=[3, 5] | collapse=False
[2026-05-29 19:08:34]     spatial_conv=[4, 29] top_abs_channels=[('Pz', 0.14953068), ('O2', 0.14365965), ('T3', 0.13571019), ('CP3', 0.11943185), ('T4', 0.11667463), ('CP4', 0.11625141), ('P4', 0.11206195), ('O1', 0.11156555)]
[2026-05-29 19:08:34]     spatial_update=delta_l2=0.14517743 max_abs=0.02899790 relative=0.12164220 changed=True

[2026-05-29 19:08:34] Fold 3/5 | subject=7
[2026-05-29 19:08:34]     Train: 32 | counts=[16, 16]
[2026-05-29 19:08:34]     Test:  8 | counts=[4, 4]
[2026-05-29 19:08:34]     Model: SignalJEPA_PreLocal | Pretrained: from_pretrained | Strategy: new
[2026-05-29 19:08:34]     Normalization: none | fit_scope=none
[2026-05-29 19:08:34]     Phase 1 (new): 2,170/16,010 params
[2026-05-29 19:08:35]     Result | best_epoch=2 | stop=52 | final_phase_epochs=52 | acc=0.6250 | bal_acc=0.6250 | pred_hist=[1, 7] | collapse=False
[2026-05-29 19:08:35]     spatial_conv=[4, 29] top_abs_channels=[('Pz', 0.15288499), ('O2', 0.14388034), ('T3', 0.12739068), ('O1', 0.1226193), ('T4', 0.12173701), ('CP3', 0.12023342), ('C3', 0.11447109), ('CP4', 0.11059805)]
[2026-05-29 19:08:35]     spatial_update=delta_l2=0.01885945 max_abs=0.00414927 relative=0.01580207 changed=True

[2026-05-29 19:08:36] Fold 4/5 | subject=7
[2026-05-29 19:08:36]     Train: 32 | counts=[16, 16]
[2026-05-29 19:08:36]     Test:  8 | counts=[4, 4]
[2026-05-29 19:08:36]     Model: SignalJEPA_PreLocal | Pretrained: from_pretrained | Strategy: new
[2026-05-29 19:08:36]     Normalization: none | fit_scope=none
[2026-05-29 19:08:36]     Phase 1 (new): 2,170/16,010 params
[2026-05-29 19:08:37]     Result | best_epoch=20 | stop=70 | final_phase_epochs=70 | acc=0.3750 | bal_acc=0.3750 | pred_hist=[3, 5] | collapse=False
[2026-05-29 19:08:37]     spatial_conv=[4, 29] top_abs_channels=[('Pz', 0.1577439), ('O2', 0.14208303), ('T4', 0.12572691), ('CP4', 0.12289469), ('CP3', 0.11901636), ('P4', 0.11744878), ('T3', 0.11405947), ('O1', 0.11208089)]
[2026-05-29 19:08:37]     spatial_update=delta_l2=0.21165650 max_abs=0.04100831 relative=0.17734411 changed=True

[2026-05-29 19:08:37] Fold 5/5 | subject=7
[2026-05-29 19:08:37]     Train: 32 | counts=[16, 16]
[2026-05-29 19:08:37]     Test:  8 | counts=[4, 4]
[2026-05-29 19:08:37]     Model: SignalJEPA_PreLocal | Pretrained: from_pretrained | Strategy: new
[2026-05-29 19:08:37]     Normalization: none | fit_scope=none
[2026-05-29 19:08:37]     Phase 1 (new): 2,170/16,010 params
[2026-05-29 19:08:38]     Result | best_epoch=16 | stop=66 | final_phase_epochs=66 | acc=0.5000 | bal_acc=0.5000 | pred_hist=[4, 4] | collapse=False
[2026-05-29 19:08:38]     spatial_conv=[4, 29] top_abs_channels=[('Pz', 0.16408713), ('O2', 0.13723828), ('T3', 0.13462356), ('T4', 0.12241538), ('P4', 0.12170499), ('CP4', 0.12131207), ('O1', 0.11660188), ('CP3', 0.11556551)]
[2026-05-29 19:08:38]     spatial_update=delta_l2=0.14660611 max_abs=0.03054824 relative=0.12283926 changed=True
[2026-05-29 19:08:38]   Subject 7: acc=0.5250±0.1458  bal_acc=0.5250±0.1458
[2026-05-29 19:08:38] \nSubject 8: 40 windows | class_counts=[20, 20]

[2026-05-29 19:08:39] Fold 1/5 | subject=8
[2026-05-29 19:08:39]     Train: 32 | counts=[16, 16]
[2026-05-29 19:08:39]     Test:  8 | counts=[4, 4]
[2026-05-29 19:08:39]     Model: SignalJEPA_PreLocal | Pretrained: from_pretrained | Strategy: new
[2026-05-29 19:08:39]     Normalization: none | fit_scope=none
[2026-05-29 19:08:39]     Phase 1 (new): 2,170/16,010 params
[2026-05-29 19:08:40]     Result | best_epoch=5 | stop=55 | final_phase_epochs=55 | acc=0.5000 | bal_acc=0.5000 | pred_hist=[2, 6] | collapse=False
[2026-05-29 19:08:40]     spatial_conv=[4, 29] top_abs_channels=[('Pz', 0.15485039), ('O2', 0.14571705), ('T3', 0.1275077), ('O1', 0.12284233), ('CP3', 0.11840105), ('T4', 0.1180559), ('C3', 0.11755683), ('CP4', 0.1126323)]
[2026-05-29 19:08:40]     spatial_update=delta_l2=0.06390922 max_abs=0.01057163 relative=0.05354867 changed=True

[2026-05-29 19:08:40] Fold 2/5 | subject=8
[2026-05-29 19:08:40]     Train: 32 | counts=[16, 16]
[2026-05-29 19:08:40]     Test:  8 | counts=[4, 4]
[2026-05-29 19:08:40]     Model: SignalJEPA_PreLocal | Pretrained: from_pretrained | Strategy: new
[2026-05-29 19:08:40]     Normalization: none | fit_scope=none
[2026-05-29 19:08:40]     Phase 1 (new): 2,170/16,010 params
[2026-05-29 19:08:41]     Result | best_epoch=3 | stop=53 | final_phase_epochs=53 | acc=0.5000 | bal_acc=0.5000 | pred_hist=[0, 8] | collapse=True
[2026-05-29 19:08:41]     spatial_conv=[4, 29] top_abs_channels=[('Pz', 0.15465058), ('O2', 0.1444743), ('T3', 0.12596068), ('O1', 0.12138998), ('CP3', 0.1201015), ('T4', 0.1197632), ('C3', 0.11588834), ('CP4', 0.11247551)]
[2026-05-29 19:08:41]     spatial_update=delta_l2=0.02819495 max_abs=0.00642815 relative=0.02362416 changed=True

[2026-05-29 19:08:42] Fold 3/5 | subject=8
[2026-05-29 19:08:42]     Train: 32 | counts=[16, 16]
[2026-05-29 19:08:42]     Test:  8 | counts=[4, 4]
[2026-05-29 19:08:42]     Model: SignalJEPA_PreLocal | Pretrained: from_pretrained | Strategy: new
[2026-05-29 19:08:42]     Normalization: none | fit_scope=none
[2026-05-29 19:08:42]     Phase 1 (new): 2,170/16,010 params
[2026-05-29 19:08:43]     Result | best_epoch=3 | stop=53 | final_phase_epochs=53 | acc=0.5000 | bal_acc=0.5000 | pred_hist=[0, 8] | collapse=True
[2026-05-29 19:08:43]     spatial_conv=[4, 29] top_abs_channels=[('Pz', 0.15408289), ('O2', 0.14403501), ('T3', 0.12652956), ('O1', 0.12255361), ('T4', 0.11942569), ('CP3', 0.11937449), ('C3', 0.11583857), ('CP4', 0.1122571)]
[2026-05-29 19:08:43]     spatial_update=delta_l2=0.03611386 max_abs=0.00618777 relative=0.03025931 changed=True

[2026-05-29 19:08:43] Fold 4/5 | subject=8
[2026-05-29 19:08:43]     Train: 32 | counts=[16, 16]
[2026-05-29 19:08:43]     Test:  8 | counts=[4, 4]
[2026-05-29 19:08:43]     Model: SignalJEPA_PreLocal | Pretrained: from_pretrained | Strategy: new
[2026-05-29 19:08:43]     Normalization: none | fit_scope=none
[2026-05-29 19:08:43]     Phase 1 (new): 2,170/16,010 params
[2026-05-29 19:08:44]     Result | best_epoch=7 | stop=57 | final_phase_epochs=57 | acc=0.6250 | bal_acc=0.6250 | pred_hist=[1, 7] | collapse=False
[2026-05-29 19:08:44]     spatial_conv=[4, 29] top_abs_channels=[('Pz', 0.1545957), ('O2', 0.14641657), ('T3', 0.12733744), ('O1', 0.12252149), ('CP3', 0.11939946), ('T4', 0.11640668), ('C3', 0.11636628), ('CP4', 0.1131699)]
[2026-05-29 19:08:44]     spatial_update=delta_l2=0.06986203 max_abs=0.01196961 relative=0.05853644 changed=True

[2026-05-29 19:08:45] Fold 5/5 | subject=8
[2026-05-29 19:08:45]     Train: 32 | counts=[16, 16]
[2026-05-29 19:08:45]     Test:  8 | counts=[4, 4]
[2026-05-29 19:08:45]     Model: SignalJEPA_PreLocal | Pretrained: from_pretrained | Strategy: new
[2026-05-29 19:08:45]     Normalization: none | fit_scope=none
[2026-05-29 19:08:45]     Phase 1 (new): 2,170/16,010 params
[2026-05-29 19:08:46]     Result | best_epoch=20 | stop=70 | final_phase_epochs=70 | acc=0.3750 | bal_acc=0.3750 | pred_hist=[7, 1] | collapse=False
[2026-05-29 19:08:46]     spatial_conv=[4, 29] top_abs_channels=[('Pz', 0.1567874), ('O2', 0.14337656), ('C3', 0.13148087), ('CP4', 0.12537469), ('O1', 0.12312259), ('P4', 0.11880094), ('CP3', 0.11784451), ('T4', 0.11705308)]
[2026-05-29 19:08:46]     spatial_update=delta_l2=0.19136321 max_abs=0.03616549 relative=0.16034064 changed=True
[2026-05-29 19:08:46]   Subject 8: acc=0.5000±0.0791  bal_acc=0.5000±0.0791
[2026-05-29 19:08:46] \nSubject 9: 40 windows | class_counts=[20, 20]

[2026-05-29 19:08:46] Fold 1/5 | subject=9
[2026-05-29 19:08:46]     Train: 32 | counts=[16, 16]
[2026-05-29 19:08:46]     Test:  8 | counts=[4, 4]
[2026-05-29 19:08:46]     Model: SignalJEPA_PreLocal | Pretrained: from_pretrained | Strategy: new
[2026-05-29 19:08:46]     Normalization: none | fit_scope=none
[2026-05-29 19:08:46]     Phase 1 (new): 2,170/16,010 params
[2026-05-29 19:08:47]     Result | best_epoch=24 | stop=74 | final_phase_epochs=74 | acc=0.5000 | bal_acc=0.5000 | pred_hist=[4, 4] | collapse=False
[2026-05-29 19:08:47]     spatial_conv=[4, 29] top_abs_channels=[('Pz', 0.1588487), ('O2', 0.13919403), ('T3', 0.1292937), ('CP3', 0.12670285), ('T4', 0.12514274), ('FCz', 0.11482671), ('Fp1', 0.11183773), ('O1', 0.11119639)]
[2026-05-29 19:08:47]     spatial_update=delta_l2=0.16823905 max_abs=0.03290425 relative=0.14096522 changed=True

[2026-05-29 19:08:48] Fold 2/5 | subject=9
[2026-05-29 19:08:48]     Train: 32 | counts=[16, 16]
[2026-05-29 19:08:48]     Test:  8 | counts=[4, 4]
[2026-05-29 19:08:48]     Model: SignalJEPA_PreLocal | Pretrained: from_pretrained | Strategy: new
[2026-05-29 19:08:48]     Normalization: none | fit_scope=none
[2026-05-29 19:08:48]     Phase 1 (new): 2,170/16,010 params
[2026-05-29 19:08:49]     Result | best_epoch=5 | stop=55 | final_phase_epochs=55 | acc=0.5000 | bal_acc=0.5000 | pred_hist=[0, 8] | collapse=True
[2026-05-29 19:08:49]     spatial_conv=[4, 29] top_abs_channels=[('Pz', 0.15340333), ('O2', 0.1432689), ('T3', 0.12619394), ('T4', 0.12463892), ('O1', 0.12027721), ('CP3', 0.12019594), ('C3', 0.11467488), ('Fp1', 0.11239519)]
[2026-05-29 19:08:49]     spatial_update=delta_l2=0.04422375 max_abs=0.00925110 relative=0.03705448 changed=True

[2026-05-29 19:08:49] Fold 3/5 | subject=9
[2026-05-29 19:08:49]     Train: 32 | counts=[16, 16]
[2026-05-29 19:08:49]     Test:  8 | counts=[4, 4]
[2026-05-29 19:08:49]     Model: SignalJEPA_PreLocal | Pretrained: from_pretrained | Strategy: new
[2026-05-29 19:08:49]     Normalization: none | fit_scope=none
[2026-05-29 19:08:49]     Phase 1 (new): 2,170/16,010 params
[2026-05-29 19:08:51]     Result | best_epoch=43 | stop=93 | final_phase_epochs=93 | acc=0.3750 | bal_acc=0.3750 | pred_hist=[5, 3] | collapse=False
[2026-05-29 19:08:51]     spatial_conv=[4, 29] top_abs_channels=[('O2', 0.15256351), ('Pz', 0.14095014), ('CP3', 0.13725783), ('T4', 0.13601369), ('T3', 0.13072564), ('P3', 0.122316), ('P4', 0.1145036), ('C3', 0.10676479)]
[2026-05-29 19:08:51]     spatial_update=delta_l2=0.29899203 max_abs=0.06582054 relative=0.25052136 changed=True

[2026-05-29 19:08:51] Fold 4/5 | subject=9
[2026-05-29 19:08:51]     Train: 32 | counts=[16, 16]
[2026-05-29 19:08:51]     Test:  8 | counts=[4, 4]
[2026-05-29 19:08:51]     Model: SignalJEPA_PreLocal | Pretrained: from_pretrained | Strategy: new
[2026-05-29 19:08:51]     Normalization: none | fit_scope=none
[2026-05-29 19:08:51]     Phase 1 (new): 2,170/16,010 params
[2026-05-29 19:08:52]     Result | best_epoch=8 | stop=58 | final_phase_epochs=58 | acc=0.3750 | bal_acc=0.3750 | pred_hist=[1, 7] | collapse=False
[2026-05-29 19:08:52]     spatial_conv=[4, 29] top_abs_channels=[('Pz', 0.15602826), ('O2', 0.14292182), ('T3', 0.1287268), ('T4', 0.12472405), ('CP3', 0.12209493), ('O1', 0.11948296), ('C3', 0.1123516), ('CP4', 0.11165693)]
[2026-05-29 19:08:52]     spatial_update=delta_l2=0.06420196 max_abs=0.01398778 relative=0.05379395 changed=True

[2026-05-29 19:08:53] Fold 5/5 | subject=9
[2026-05-29 19:08:53]     Train: 32 | counts=[16, 16]
[2026-05-29 19:08:53]     Test:  8 | counts=[4, 4]
[2026-05-29 19:08:53]     Model: SignalJEPA_PreLocal | Pretrained: from_pretrained | Strategy: new
[2026-05-29 19:08:53]     Normalization: none | fit_scope=none
[2026-05-29 19:08:53]     Phase 1 (new): 2,170/16,010 params
[2026-05-29 19:08:54]     Result | best_epoch=7 | stop=57 | final_phase_epochs=57 | acc=0.5000 | bal_acc=0.5000 | pred_hist=[0, 8] | collapse=True
[2026-05-29 19:08:54]     spatial_conv=[4, 29] top_abs_channels=[('Pz', 0.15301974), ('O2', 0.14541157), ('T3', 0.12462869), ('T4', 0.12327949), ('CP3', 0.12076218), ('O1', 0.1164749), ('C3', 0.11387819), ('CP4', 0.11125209)]
[2026-05-29 19:08:54]     spatial_update=delta_l2=0.06386836 max_abs=0.01422004 relative=0.05351443 changed=True
[2026-05-29 19:08:54]   Subject 9: acc=0.4500±0.0612  bal_acc=0.4500±0.0612
[2026-05-29 19:08:54] \nSubject 10: 40 windows | class_counts=[20, 20]

[2026-05-29 19:08:55] Fold 1/5 | subject=10
[2026-05-29 19:08:55]     Train: 32 | counts=[16, 16]
[2026-05-29 19:08:55]     Test:  8 | counts=[4, 4]
[2026-05-29 19:08:55]     Model: SignalJEPA_PreLocal | Pretrained: from_pretrained | Strategy: new
[2026-05-29 19:08:55]     Normalization: none | fit_scope=none
[2026-05-29 19:08:55]     Phase 1 (new): 2,170/16,010 params
[2026-05-29 19:08:56]     Result | best_epoch=10 | stop=60 | final_phase_epochs=60 | acc=0.6250 | bal_acc=0.6250 | pred_hist=[1, 7] | collapse=False
[2026-05-29 19:08:56]     spatial_conv=[4, 29] top_abs_channels=[('O2', 0.14885846), ('Pz', 0.14758343), ('CP3', 0.1246269), ('T4', 0.1233606), ('T3', 0.12284283), ('O1', 0.11630116), ('C3', 0.11608127), ('CP4', 0.10852914)]
[2026-05-29 19:08:56]     spatial_update=delta_l2=0.07861525 max_abs=0.01664193 relative=0.06587065 changed=True

[2026-05-29 19:08:56] Fold 2/5 | subject=10
[2026-05-29 19:08:56]     Train: 32 | counts=[16, 16]
[2026-05-29 19:08:56]     Test:  8 | counts=[4, 4]
[2026-05-29 19:08:56]     Model: SignalJEPA_PreLocal | Pretrained: from_pretrained | Strategy: new
[2026-05-29 19:08:56]     Normalization: none | fit_scope=none
[2026-05-29 19:08:56]     Phase 1 (new): 2,170/16,010 params
