[2026-06-17 07:28:31] ======================================================================
[2026-06-17 07:28:31] Experiment: B_twfb_fgmdm_full_honest
[2026-06-17 07:28:31] Note:       HONEST CEILING: 7x19 grid, in-fold selection, FgMDM
[2026-06-17 07:28:31] Run ID:     20260617_0728_448db0ba
[2026-06-17 07:28:31] Artifacts:  ../../artifacts/liu2024_twfb_dgfmdm_sjepa_hybrid/20260617_0728_448db0ba
[2026-06-17 07:28:31] Device:     cpu | seed=2026
[2026-06-17 07:28:31] ======================================================================
[2026-06-17 07:28:31] N channels: 29 | first 5: ['Fp1', 'Fp2', 'Fz', 'F3', 'F4']
[2026-06-17 07:28:31] Raw loader defined.
[2026-06-17 07:28:31] TWFB honest branch defined.
[2026-06-17 07:28:31] S-JEPA branch defined.
[2026-06-17 07:28:31] Fusion + decorrelation helpers defined.
[2026-06-17 07:28:31] Nested subject runner defined.
[2026-06-17 07:28:31] Found 50 .mat files | using 50 subjects
[2026-06-17 07:28:31] ======================================================================
[2026-06-17 07:39:37]   Sub 01: bal_acc= 60.0% ±  5.0%  collapse=0/5
[2026-06-17 07:50:50]   Sub 02: bal_acc= 40.0% ± 16.6%  collapse=0/5
[2026-06-17 08:02:07]   Sub 03: bal_acc= 55.0% ± 12.7%  collapse=0/5
[2026-06-17 08:13:23]   Sub 04: bal_acc= 57.5% ± 10.0%  collapse=0/5
[2026-06-17 08:24:35]   Sub 05: bal_acc= 72.5% ± 12.2%  collapse=0/5
[2026-06-17 08:35:50]   Sub 06: bal_acc= 62.5% ± 11.2%  collapse=0/5
[2026-06-17 08:47:06]   Sub 07: bal_acc= 77.5% ± 12.2%  collapse=0/5
[2026-06-17 08:58:21]   Sub 08: bal_acc= 45.0% ± 18.7%  collapse=0/5
[2026-06-17 09:09:35]   Sub 09: bal_acc= 65.0% ±  9.4%  collapse=0/5
[2026-06-17 09:20:47]   Sub 10: bal_acc= 47.5% ± 25.5%  collapse=0/5
[2026-06-17 09:32:01]   Sub 11: bal_acc= 37.5% ± 11.2%  collapse=0/5
[2026-06-17 09:43:16]   Sub 12: bal_acc= 67.5% ± 12.7%  collapse=0/5
[2026-06-17 09:54:17]   Sub 13: bal_acc= 60.0% ±  5.0%  collapse=1/5
[2026-06-17 10:05:31]   Sub 14: bal_acc= 55.0% ± 12.7%  collapse=0/5
[2026-06-17 10:16:45]   Sub 15: bal_acc= 55.0% ± 12.7%  collapse=0/5
[2026-06-17 10:27:56]   Sub 16: bal_acc= 45.0% ± 10.0%  collapse=0/5
[2026-06-17 10:39:14]   Sub 17: bal_acc= 37.5% ±  7.9%  collapse=0/5
[2026-06-17 10:50:25]   Sub 18: bal_acc= 60.0% ± 21.5%  collapse=0/5
[2026-06-17 11:01:36]   Sub 19: bal_acc= 45.0% ±  6.1%  collapse=0/5
[2026-06-17 11:12:50]   Sub 20: bal_acc= 85.0% ± 12.2%  collapse=0/5
[2026-06-17 11:24:04]   Sub 21: bal_acc= 55.0% ± 20.3%  collapse=0/5
[2026-06-17 11:35:18]   Sub 22: bal_acc= 55.0% ± 10.0%  collapse=0/5
[2026-06-17 11:46:30]   Sub 23: bal_acc= 55.0% ± 12.7%  collapse=0/5
[2026-06-17 11:57:45]   Sub 24: bal_acc= 50.0% ± 13.7%  collapse=0/5
[2026-06-17 12:09:01]   Sub 25: bal_acc= 50.0% ± 15.8%  collapse=0/5
[2026-06-17 12:20:13]   Sub 26: bal_acc= 45.0% ±  6.1%  collapse=0/5
[2026-06-17 12:31:28]   Sub 27: bal_acc= 42.5% ± 17.0%  collapse=0/5
[2026-06-17 12:42:38]   Sub 28: bal_acc= 60.0% ± 12.2%  collapse=0/5
[2026-06-17 12:53:53]   Sub 29: bal_acc= 40.0% ±  9.4%  collapse=0/5
[2026-06-17 13:05:07]   Sub 30: bal_acc= 65.0% ± 14.6%  collapse=0/5
[2026-06-17 13:16:17]   Sub 31: bal_acc= 42.5% ± 17.0%  collapse=0/5
[2026-06-17 13:27:28]   Sub 32: bal_acc= 40.0% ±  9.4%  collapse=0/5
[2026-06-17 13:38:40]   Sub 33: bal_acc= 50.0% ± 23.7%  collapse=0/5
[2026-06-17 13:49:53]   Sub 34: bal_acc= 32.5% ±  6.1%  collapse=0/5
[2026-06-17 14:01:07]   Sub 35: bal_acc= 37.5% ± 17.7%  collapse=0/5
[2026-06-17 14:12:21]   Sub 36: bal_acc= 42.5% ± 12.7%  collapse=0/5
[2026-06-17 14:23:31]   Sub 37: bal_acc= 55.0% ± 12.7%  collapse=0/5
[2026-06-17 14:34:44]   Sub 38: bal_acc= 50.0% ± 11.2%  collapse=0/5
[2026-06-17 14:45:58]   Sub 39: bal_acc= 50.0% ± 13.7%  collapse=0/5
[2026-06-17 14:57:09]   Sub 40: bal_acc= 60.0% ±  9.4%  collapse=0/5
[2026-06-17 15:08:18]   Sub 41: bal_acc= 57.5% ±  6.1%  collapse=0/5
[2026-06-17 15:19:28]   Sub 42: bal_acc= 67.5% ±  6.1%  collapse=0/5
[2026-06-17 15:30:40]   Sub 43: bal_acc= 37.5% ± 13.7%  collapse=0/5
[2026-06-17 15:41:52]   Sub 44: bal_acc= 62.5% ± 20.9%  collapse=1/5
[2026-06-17 15:53:08]   Sub 45: bal_acc= 47.5% ±  5.0%  collapse=1/5
[2026-06-17 16:04:22]   Sub 46: bal_acc= 65.0% ± 14.6%  collapse=0/5
[2026-06-17 16:15:36]   Sub 47: bal_acc= 35.0% ± 12.2%  collapse=0/5
[2026-06-17 16:26:48]   Sub 48: bal_acc= 45.0% ± 15.0%  collapse=0/5
[2026-06-17 16:37:59]   Sub 49: bal_acc= 47.5% ± 16.6%  collapse=0/5
[2026-06-17 16:49:11]   Sub 50: bal_acc= 52.5% ± 18.4%  collapse=0/5
[2026-06-17 16:49:11] ======================================================================
[2026-06-17 16:49:11] Done. Total folds: 250
[2026-06-17 16:49:11] ======================================================================
[2026-06-17 16:49:11] GLOBAL — TWFB×S-JEPA [twfb | fusion=weighted | twfb=fgmdm]
[2026-06-17 16:49:11]   Balanced accuracy: 52.50% ± 17.75%
[2026-06-17 16:49:11]   Accuracy:          52.50% ± 17.75%
[2026-06-17 16:49:11]   Left/Right recall: 52.6% / 52.4%
[2026-06-17 16:49:11]   Collapsed folds:   3/250 (1.2%)
[2026-06-17 16:49:11]   Artifacts: ../../artifacts/liu2024_twfb_dgfmdm_sjepa_hybrid/20260617_0728_448db0ba
[2026-06-17 16:49:11] ======================================================================
[2026-06-17 16:49:11] Saved CSV/JSON artifacts + confusion_matrix.png + subject_performance.png
